-------- Log file gj1132.log -------

Executable: /home/vplanet/.local/bin/vplanet
Version: Unknown
System Name: gj1132
Primary Input File: vpl.in
Body File #1: star.in
Body File #2: b.in
Allow files to be overwitten: Yes
Mass Units: Grams
Length Units: Meters
Time Units: Seconds
Angle Units: Radians

------- FORMATTING -----
Verbosity Level: 5
Crossover Decade for Scientific Notation: 4
Number of Digits After Decimal: 6
Integration Method: Runge-Kutta4
Direction: Forward
Time Step: 3.155760e+07
Stop Time: 2.290267e+17
Output Interval: 3.155760e+13
Use Variable Timestep: Yes
dEta: 0.010000
Minimum Value of ecc and obl: 1.000000e-10


---- INITIAL SYSTEM PROPERTIES ----
(Age) System Age [sec]: 1.576400e+14 
(Time) Simulation Time [sec]: 0.000000 
(TotAngMom) Total Angular Momentum [kg*m^2/sec]: 1.600222e+42 
(TotEnergy) Total System Energy [kg*m^2/sec^2]: -1.160908e+40 
(PotEnergy) Body's non-orbital Potential Energy [kg*m^2/sec^2]: -1.166712e+40 
(KinEnergy) Body's non-orbital Kinetic Energy [kg*m^2/sec^2]: 5.809436e+37 
(DeltaTime) Average Timestep Over Last Output Interval [sec]: 0.000000 

----- BODY: star ----
Active Modules: FLARE STELLAR
Module Bit Sum: 577
Color: 000000
(Mass) Mass [kg]: 3.896229e+29 
(Radius) Radius [m]: 5.210522e+08 
(RadGyra) Radius of Gyration/Moment of Inertia Constant []: 0.455735 
(RotAngMom) Rotational Angular Momentum [kg*m^2/sec]: 1.597710e+42 
(RotVel) Rotational Velocity [m/sec]: 3.789199e+04 
(BodyType) Type of Body (0 == planet) []: 0.000000 
(RotRate) Rotational Frequency [/sec]: 7.272205e-05 
(RotPer) Rotational Period [sec]: 8.640000e+04 
(Density) Average Density [kg/m^3]: 657.524914 
(HZLimitDryRunaway) Semi-major axis of Dry Runaway HZ Limit [m]: 3.136565e+10 
(HZLimRecVenus) Recent Venus HZ Limit [m]: 2.810150e+10 
(HZLimRunaway) Runaway Greenhouse HZ Limit [m]: 3.706077e+10 
(HZLimMoistGreenhouse) Moist Greenhouse HZ Limit [m]: 3.718291e+10 
(HZLimMaxGreenhouse) Maximum Greenhouse HZ Limit [m]: 7.067525e+10 
(HZLimEarlyMars) Early Mars HZ Limit [m]: 7.707900e+10 
(Instellation) Orbit-averaged INcident STELLar radiATION [kg/sec^3]: -1.000000 
(CriticalSemiMajorAxis) Holman & Wiegert (1999) P-type Critical Semi-major Axis [m]: -1.000000 
(LXUVTot) Total XUV Luminosity [LSUN]: 3.654069e-05 
(LostEnergy) Body's Total Lost Energy [kg*m^2/sec^2]: 5.562685e-309 
(LostAngMom) Lost Angular Momentum due to Magnetic Braking [kg*m^2/sec]: 5.562685e-309 
(EscapeVelocity) Escape Velocity [m/sec]: 3.159358e+05 
----- STELLAR PARAMETERS (star)------
(Luminosity) Luminosity [LSUN]: 0.053360 
(LXUVStellar) Base X-ray/XUV Luminosity [LSUN]: 3.573472e-05 
(Temperature) Effective Temperature [K]: 3207.140585 
(LXUVFrac) Fraction of luminosity in XUV []: 0.000670 
(RossbyNumber) Rossby Number []: 0.016447 
(DRotPerDtStellar) Time Rate of Change of Rotation Period in STELLAR []: -1.214275e-10 
(WindTorque) Stellar Wind Torque []: 5.201785e+27 
----- FLARE PARAMETERS (star)------
(LXUVFlare) XUV Luminosity from flares [LSUN]: 8.059723e-07 
(FlareFreq1) First value of flare frequency range [/sec]: 3.196393e-05 
(FlareFreq2) Second value of flare frequency range [/sec]: 2.770914e-05 
(FlareFreq3) Third value of flare frequency range [/sec]: 2.402071e-05 
(FlareFreq4) Fourth value of flare frequency range [/sec]: 2.082326e-05 
(FlareFreqMin) Frequency of the flares with the lowest energy [/sec]: 3.196393e-05 
(FlareFreqMid) Frequency of the flares with the middle energy in the energy range [/sec]: 7.661053e-06 
(FlareFreqMax) Frequency of the flares with the highest energy [/sec]: 1.836186e-06 
(FlareEnergy1) First value of flare energy range [kg*m^2/sec^2]: 5.334000e+23 
(FlareEnergy2) Second value of flare energy range [kg*m^2/sec^2]: 6.715108e+23 
(FlareEnergy3) Third value of flare energy range [kg*m^2/sec^2]: 8.453820e+23 
(FlareEnergy4) Fourth value of flare energy range [kg*m^2/sec^2]: 1.064273e+24 
(FlareEnergyMin) Minimum flare energy [kg*m^2/sec^2]: 5.334000e+23 
(FlareEnergyMid) Middle flare energy in the range of energy values [kg*m^2/sec^2]: 5.334000e+24 
(FlareEnergyMax) Maximum flare energy [kg*m^2/sec^2]: 5.334000e+25 
(FlareYIntOUT) Instantaneous Davenport FFD y-intercept at current age and mass []: 19.503369 
(FlareSlopeOUT) Instantaneous Davenport FFD slope at current age and mass []: -0.620372 

Output Order: Time[year] Luminosity[LSUN] LXUVStellar[LSUN] LXUVFlare[LSUN] LXUVTot[LSUN]
Grid Output Order:

----- BODY: b ----
Active Modules: AtmEsc
Module Bit Sum: 9
Color: 000000
(Mass) Mass [kg]: 1.015591e+25 
(Radius) Radius [m]: 7.121827e+06 
(RadGyra) Radius of Gyration/Moment of Inertia Constant []: 0.500000 
(BodyType) Type of Body (0 == planet) []: 0.000000 
(Density) Average Density [kg/m^3]: 6712.057778 
(HZLimitDryRunaway) Semi-major axis of Dry Runaway HZ Limit [m]: 3.136659e+10 
(HZLimRecVenus) Recent Venus HZ Limit [m]: 2.810150e+10 
(HZLimRunaway) Runaway Greenhouse HZ Limit [m]: 3.706077e+10 
(HZLimMoistGreenhouse) Moist Greenhouse HZ Limit [m]: 3.718291e+10 
(HZLimMaxGreenhouse) Maximum Greenhouse HZ Limit [m]: 7.067525e+10 
(HZLimEarlyMars) Early Mars HZ Limit [m]: 7.707900e+10 
(Instellation) Orbit-averaged INcident STELLar radiATION [kg/sec^3]: 2.946780e+05 
(MeanMotion) Orbital Mean Motion [/sec]: 4.464457e-05 
(OrbPeriod) Orbital Period [sec]: 1.407380e+05 
(SemiMajorAxis) Semi-major Axis [m]: 2.354187e+09 
(LXUVTot) Total XUV Luminosity [kg/sec^3]: -1.000000 
(EscapeVelocity) Escape Velocity [m/sec]: 1.379688e+04 
----- ATMESC PARAMETERS (b)------
(SurfWaterMass) Surface water mass [kg]: 0.000000 
(EnvelopeMass) Envelope mass [kg]: 0.000000 
(OxygenMass) Oxygen mass in the atmosphere [kg]: 0.000000 
(RGLimit) Runaway greenhouse semi-major axis [m]: 3.550099e+10 
(XO) Atomic oxygen mixing ratio in upper atmosphere []: 0.000000 
(EtaO) Oxygen eta parameter (Luger and Barnes 2015) []: 0.000000 
(PlanetRadius) Planet radius [m]: 7.121827e+06 
(OxygenMantleMass) Mass of oxygen in mantle [kg]: 0.000000 
(RadXUV) XUV radius separating hydro. dyn. escape and equilibrium [m]: -1.000000 
(RadSolid) Radius to the solid surface [m]: -1.000000 
(PresXUV) Pressure at base of thermosphere [(null)]: 5.000000 
(ScaleHeight) Scale height in Lehmer & Catling (2016) model [m]: -1.000000 
(ThermTemp) Isothermal atmospheric temperature [K]: 400.000000 
(AtmGasConst) Atmospheric gas constant [(null)]: 4124.000000 
(PresSurf) Surface pressure due to atmosphere [Pa]: -1.000000 
(DEnvMassDt) Envelope Mass Loss Rate [kg/s]: 0.000000 
(FXUV) XUV flux [W/m^2]: 201.793471 
(AtmXAbsEffH2O) XUV atmospheric escape efficiency for H2O []: 0.300000 
(RocheRadius) Roche Lobe Radius [m]: 4.839777e+07 
(BondiRadius) Bondi Radius [m]: 3.374893e+08 
(HEscapeRegime) Integer flag for H envelope escape regime []: 8.000000 
(RRCriticalFlux) Critical XUV Flux that separates RR and energy-limited escape [W/m^2]: 68.023709 
(CrossoverMass) Crossover mass, defines oxygen is escaping if mc > mo [kg]: 0.000000 
(WaterEscapeRegime) What water escape regime the code is currently in []: 8.000000 
(FXUVCRITDRAG) Critical Drag XUV flux [W/m^2]: 0.553274 
(HREFFLUX) The Hydrogen Reference Flux (m^-2 s^-1) [m^-2 s^-1]: 1.226342e+20 
(XO2) Molecular oxygen mixing ratio in atmosphere []: 0.000000 
(XH2O) Water mixing ratio in upper atmosphere []: 0.000000 
(HDiffFlux) The Hydrogen Diffusion Flux (m^-2 s^-1) [m^-2 s^-1]: 2.587758e+17 
(HRefODragMod) Multiply by H ref flux to get flux with drag []: 1.000000 
(KTide) Mass loss enhancement due to stellar gravity []: 0.780865 
(CumulativeXUVFlux) Cumulative XUV flux [W/m^2]: 0.000000 
(RunawayGreenhouseFlux) Incident flux that triggers runaway greenhouse [kg/sec^3]: 1295.754999 
(RGDuration) Runaway Greenhouse Duration [years]: 0.00000e+00

Output Order: Time[year] CumulativeXUVFlux[W/m^2]
Grid Output Order:



---- FINAL SYSTEM PROPERTIES ----
(Age) System Age [sec]: 2.292027e+17 
(Time) Simulation Time [sec]: 2.290451e+17 
(TotAngMom) Total Angular Momentum [kg*m^2/sec]: 1.598869e+42 
(TotEnergy) Total System Energy [kg*m^2/sec^2]: -1.162013e+40 
(PotEnergy) Body's non-orbital Potential Energy [kg*m^2/sec^2]: -4.111108e+40 
(KinEnergy) Body's non-orbital Kinetic Energy [kg*m^2/sec^2]: 6.044593e+32 
(DeltaTime) Average Timestep Over Last Output Interval [sec]: 1.577880e+13 

----- BODY: star ----
Active Modules: FLARE STELLAR
Module Bit Sum: 577
Color: 000000
(Mass) Mass [kg]: 3.896229e+29 
(Radius) Radius [m]: 1.478720e+08 
(RadGyra) Radius of Gyration/Moment of Inertia Constant []: 0.460297 
(RotAngMom) Rotational Angular Momentum [kg*m^2/sec]: 1.477220e+39 
(RotVel) Rotational Velocity [m/sec]: 121.014609 
(BodyType) Type of Body (0 == planet) []: 0.000000 
(RotRate) Rotational Frequency [/sec]: 8.183742e-07 
(RotPer) Rotational Period [sec]: 7.677643e+06 
(Density) Average Density [kg/m^3]: 2.876725e+04 
(HZLimitDryRunaway) Semi-major axis of Dry Runaway HZ Limit [m]: 9.148474e+09 
(HZLimRecVenus) Recent Venus HZ Limit [m]: 8.189685e+09 
(HZLimRunaway) Runaway Greenhouse HZ Limit [m]: 1.080481e+10 
(HZLimMoistGreenhouse) Moist Greenhouse HZ Limit [m]: 1.083630e+10 
(HZLimMaxGreenhouse) Maximum Greenhouse HZ Limit [m]: 2.056385e+10 
(HZLimEarlyMars) Early Mars HZ Limit [m]: 2.242717e+10 
(Instellation) Orbit-averaged INcident STELLar radiATION [kg/sec^3]: -1.000000 
(CriticalSemiMajorAxis) Holman & Wiegert (1999) P-type Critical Semi-major Axis [m]: -1.000000 
(LXUVTot) Total XUV Luminosity [LSUN]: 5.809122e-07 
(LostEnergy) Body's Total Lost Energy [kg*m^2/sec^2]: 2.949100e+40 
(LostAngMom) Lost Angular Momentum due to Magnetic Braking [kg*m^2/sec]: 1.594879e+42 
(EscapeVelocity) Escape Velocity [m/sec]: 5.930571e+05 
----- STELLAR PARAMETERS (star)------
(Luminosity) Luminosity [LSUN]: 0.004539 
(LXUVStellar) Base X-ray/XUV Luminosity [LSUN]: 1.947977e-07 
(Temperature) Effective Temperature [K]: 3249.424486 
(LXUVFrac) Fraction of luminosity in XUV []: 4.291191e-05 
(RossbyNumber) Rossby Number []: 1.493519 
(DRotPerDtStellar) Time Rate of Change of Rotation Period in STELLAR []: 1.442022e-11 
(WindTorque) Stellar Wind Torque []: 2.895021e+21 
----- FLARE PARAMETERS (star)------
(LXUVFlare) XUV Luminosity from flares [LSUN]: 3.861104e-07 
(FlareFreq1) First value of flare frequency range [/sec]: 8.547315e-05 
(FlareFreq2) Second value of flare frequency range [/sec]: 6.649416e-05 
(FlareFreq3) Third value of flare frequency range [/sec]: 5.172938e-05 
(FlareFreq4) Fourth value of flare frequency range [/sec]: 4.024307e-05 
(FlareFreqMin) Frequency of the flares with the lowest energy [/sec]: 8.547315e-05 
(FlareFreqMid) Frequency of the flares with the middle energy in the energy range [/sec]: 6.940131e-06 
(FlareFreqMax) Frequency of the flares with the highest energy [/sec]: 5.635152e-07 
(FlareEnergy1) First value of flare energy range [kg*m^2/sec^2]: 5.334000e+23 
(FlareEnergy2) Second value of flare energy range [kg*m^2/sec^2]: 6.715108e+23 
(FlareEnergy3) Third value of flare energy range [kg*m^2/sec^2]: 8.453820e+23 
(FlareEnergy4) Fourth value of flare energy range [kg*m^2/sec^2]: 1.064273e+24 
(FlareEnergyMin) Minimum flare energy [kg*m^2/sec^2]: 5.334000e+23 
(FlareEnergyMid) Middle flare energy in the range of energy values [kg*m^2/sec^2]: 5.334000e+24 
(FlareEnergyMax) Maximum flare energy [kg*m^2/sec^2]: 5.334000e+25 
(FlareYIntOUT) Instantaneous Davenport FFD y-intercept at current age and mass []: 34.375028 
(FlareSlopeOUT) Instantaneous Davenport FFD slope at current age and mass []: -1.090462 

Output Order: Time[year] Luminosity[LSUN] LXUVStellar[LSUN] LXUVFlare[LSUN] LXUVTot[LSUN]
Grid Output Order:

----- BODY: b ----
Active Modules: AtmEsc
Module Bit Sum: 9
Color: 000000
(Mass) Mass [kg]: 1.015591e+25 
(Radius) Radius [m]: 7.121827e+06 
(RadGyra) Radius of Gyration/Moment of Inertia Constant []: 0.500000 
(BodyType) Type of Body (0 == planet) []: 0.000000 
(Density) Average Density [kg/m^3]: 6712.057778 
(HZLimitDryRunaway) Semi-major axis of Dry Runaway HZ Limit [m]: 9.148748e+09 
(HZLimRecVenus) Recent Venus HZ Limit [m]: 8.189685e+09 
(HZLimRunaway) Runaway Greenhouse HZ Limit [m]: 1.080481e+10 
(HZLimMoistGreenhouse) Moist Greenhouse HZ Limit [m]: 1.083630e+10 
(HZLimMaxGreenhouse) Maximum Greenhouse HZ Limit [m]: 2.056385e+10 
(HZLimEarlyMars) Early Mars HZ Limit [m]: 2.242717e+10 
(Instellation) Orbit-averaged INcident STELLar radiATION [kg/sec^3]: 2.506896e+04 
(MeanMotion) Orbital Mean Motion [/sec]: 4.464457e-05 
(OrbPeriod) Orbital Period [sec]: 1.407380e+05 
(SemiMajorAxis) Semi-major Axis [m]: 2.354187e+09 
(LXUVTot) Total XUV Luminosity [kg/sec^3]: -1.000000 
(EscapeVelocity) Escape Velocity [m/sec]: 1.379688e+04 
----- ATMESC PARAMETERS (b)------
(SurfWaterMass) Surface water mass [kg]: 0.000000 
(EnvelopeMass) Envelope mass [kg]: 0.000000 
(OxygenMass) Oxygen mass in the atmosphere [kg]: 0.000000 
(RGLimit) Runaway greenhouse semi-major axis [m]: 1.035024e+10 
(XO) Atomic oxygen mixing ratio in upper atmosphere []: 0.000000 
(EtaO) Oxygen eta parameter (Luger and Barnes 2015) []: 0.000000 
(PlanetRadius) Planet radius [m]: 7.121827e+06 
(OxygenMantleMass) Mass of oxygen in mantle [kg]: 0.000000 
(RadXUV) XUV radius separating hydro. dyn. escape and equilibrium [m]: -1.000000 
(RadSolid) Radius to the solid surface [m]: -1.000000 
(PresXUV) Pressure at base of thermosphere [(null)]: 5.000000 
(ScaleHeight) Scale height in Lehmer & Catling (2016) model [m]: -1.000000 
(ThermTemp) Isothermal atmospheric temperature [K]: 400.000000 
(AtmGasConst) Atmospheric gas constant [(null)]: 4124.000000 
(PresSurf) Surface pressure due to atmosphere [Pa]: -1.000000 
(DEnvMassDt) Envelope Mass Loss Rate [kg/s]: 0.000000 
(FXUV) XUV flux [W/m^2]: 3.208048 
(AtmXAbsEffH2O) XUV atmospheric escape efficiency for H2O []: 0.300000 
(RocheRadius) Roche Lobe Radius [m]: 4.839777e+07 
(BondiRadius) Bondi Radius [m]: 6.252723e+08 
(HEscapeRegime) Integer flag for H envelope escape regime []: 8.000000 
(RRCriticalFlux) Critical XUV Flux that separates RR and energy-limited escape [W/m^2]: 68.023709 
(CrossoverMass) Crossover mass, defines oxygen is escaping if mc > mo [kg]: 0.000000 
(WaterEscapeRegime) What water escape regime the code is currently in []: 8.000000 
(FXUVCRITDRAG) Critical Drag XUV flux [W/m^2]: 0.553274 
(HREFFLUX) The Hydrogen Reference Flux (m^-2 s^-1) [m^-2 s^-1]: 1.949599e+18 
(XO2) Molecular oxygen mixing ratio in atmosphere []: 0.000000 
(XH2O) Water mixing ratio in upper atmosphere []: 0.000000 
(HDiffFlux) The Hydrogen Diffusion Flux (m^-2 s^-1) [m^-2 s^-1]: 2.587758e+17 
(HRefODragMod) Multiply by H ref flux to get flux with drag []: 1.000000 
(KTide) Mass loss enhancement due to stellar gravity []: 0.780865 
(CumulativeXUVFlux) Cumulative XUV flux [W/m^2]: 1.991125e+18 
(RunawayGreenhouseFlux) Incident flux that triggers runaway greenhouse [kg/sec^3]: 1296.855073 
(RGDuration) Runaway Greenhouse Duration [years]: 0.00000e+00

Output Order: Time[year] CumulativeXUVFlux[W/m^2]
Grid Output Order:
