-------- Log file gj1132.log -------

Executable: /home/vplanet/.local/bin/vplanet
Version: Unknown
System Name: gj1132
Primary Input File: vpl.in
Body File #1: star.in
Body File #2: b.in
Allow files to be overwitten: Yes
Mass Units: Grams
Length Units: Meters
Time Units: Seconds
Angle Units: Radians

------- FORMATTING -----
Verbosity Level: 5
Crossover Decade for Scientific Notation: 4
Number of Digits After Decimal: 6
Integration Method: Runge-Kutta4
Direction: Forward
Time Step: 3.155760e+07
Stop Time: 1.990089e+17
Output Interval: 3.155760e+13
Use Variable Timestep: Yes
dEta: 0.010000
Minimum Value of ecc and obl: 1.000000e-10


---- INITIAL SYSTEM PROPERTIES ----
(Age) System Age [sec]: 1.718631e+14 
(Time) Simulation Time [sec]: 0.000000 
(TotAngMom) Total Angular Momentum [kg*m^2/sec]: 1.430440e+42 
(TotEnergy) Total System Energy [kg*m^2/sec^2]: -1.159839e+40 
(PotEnergy) Body's non-orbital Potential Energy [kg*m^2/sec^2]: -1.165025e+40 
(KinEnergy) Body's non-orbital Kinetic Energy [kg*m^2/sec^2]: 5.192243e+37 
(DeltaTime) Average Timestep Over Last Output Interval [sec]: 0.000000 

----- BODY: star ----
Active Modules: FLARE STELLAR
Module Bit Sum: 577
Color: 000000
(Mass) Mass [kg]: 3.806050e+29 
(Radius) Radius [m]: 4.979310e+08 
(RadGyra) Radius of Gyration/Moment of Inertia Constant []: 0.456163 
(RotAngMom) Rotational Angular Momentum [kg*m^2/sec]: 1.427969e+42 
(RotVel) Rotational Velocity [m/sec]: 3.621057e+04 
(BodyType) Type of Body (0 == planet) []: 0.000000 
(RotRate) Rotational Frequency [/sec]: 7.272205e-05 
(RotPer) Rotational Period [sec]: 8.640000e+04 
(Density) Average Density [kg/m^3]: 736.000668 
(HZLimitDryRunaway) Semi-major axis of Dry Runaway HZ Limit [m]: 2.996861e+10 
(HZLimRecVenus) Recent Venus HZ Limit [m]: 2.685122e+10 
(HZLimRunaway) Runaway Greenhouse HZ Limit [m]: 3.541104e+10 
(HZLimMoistGreenhouse) Moist Greenhouse HZ Limit [m]: 3.552858e+10 
(HZLimMaxGreenhouse) Maximum Greenhouse HZ Limit [m]: 6.753765e+10 
(HZLimEarlyMars) Early Mars HZ Limit [m]: 7.365710e+10 
(Instellation) Orbit-averaged INcident STELLar radiATION [kg/sec^3]: -1.000000 
(CriticalSemiMajorAxis) Holman & Wiegert (1999) P-type Critical Semi-major Axis [m]: -1.000000 
(LXUVTot) Total XUV Luminosity [LSUN]: 1.646248e-05 
(LostEnergy) Body's Total Lost Energy [kg*m^2/sec^2]: 5.562685e-309 
(LostAngMom) Lost Angular Momentum due to Magnetic Braking [kg*m^2/sec]: 5.562685e-309 
(EscapeVelocity) Escape Velocity [m/sec]: 3.194257e+05 
----- STELLAR PARAMETERS (star)------
(Luminosity) Luminosity [LSUN]: 0.048713 
(LXUVStellar) Base X-ray/XUV Luminosity [LSUN]: 1.566259e-05 
(Temperature) Effective Temperature [K]: 3204.470772 
(LXUVFrac) Fraction of luminosity in XUV []: 0.000322 
(RossbyNumber) Rossby Number []: 0.016425 
(DRotPerDtStellar) Time Rate of Change of Rotation Period in STELLAR []: -1.315135e-10 
(WindTorque) Stellar Wind Torque []: 4.147645e+27 
----- FLARE PARAMETERS (star)------
(LXUVFlare) XUV Luminosity from flares [LSUN]: 7.998879e-07 
(FlareFreq1) First value of flare frequency range [/sec]: 3.293031e-05 
(FlareFreq2) Second value of flare frequency range [/sec]: 2.848566e-05 
(FlareFreq3) Third value of flare frequency range [/sec]: 2.464092e-05 
(FlareFreq4) Fourth value of flare frequency range [/sec]: 2.131510e-05 
(FlareFreqMin) Frequency of the flares with the lowest energy [/sec]: 3.293031e-05 
(FlareFreqMid) Frequency of the flares with the middle energy in the energy range [/sec]: 7.725040e-06 
(FlareFreqMax) Frequency of the flares with the highest energy [/sec]: 1.812198e-06 
(FlareEnergy1) First value of flare energy range [kg*m^2/sec^2]: 5.334000e+23 
(FlareEnergy2) Second value of flare energy range [kg*m^2/sec^2]: 6.715108e+23 
(FlareEnergy3) Third value of flare energy range [kg*m^2/sec^2]: 8.453820e+23 
(FlareEnergy4) Fourth value of flare energy range [kg*m^2/sec^2]: 1.064273e+24 
(FlareEnergyMin) Minimum flare energy [kg*m^2/sec^2]: 5.334000e+23 
(FlareEnergyMid) Middle flare energy in the range of energy values [kg*m^2/sec^2]: 5.334000e+24 
(FlareEnergyMax) Maximum flare energy [kg*m^2/sec^2]: 5.334000e+25 
(FlareYIntOUT) Instantaneous Davenport FFD y-intercept at current age and mass []: 19.802785 
(FlareSlopeOUT) Instantaneous Davenport FFD slope at current age and mass []: -0.629695 

Output Order: Time[year] Luminosity[LSUN] LXUVStellar[LSUN] LXUVFlare[LSUN] LXUVTot[LSUN]
Grid Output Order:

----- BODY: b ----
Active Modules: AtmEsc
Module Bit Sum: 9
Color: 000000
(Mass) Mass [kg]: 1.014147e+25 
(Radius) Radius [m]: 6.829840e+06 
(RadGyra) Radius of Gyration/Moment of Inertia Constant []: 0.500000 
(BodyType) Type of Body (0 == planet) []: 0.000000 
(Density) Average Density [kg/m^3]: 7599.427210 
(HZLimitDryRunaway) Semi-major axis of Dry Runaway HZ Limit [m]: 2.996862e+10 
(HZLimRecVenus) Recent Venus HZ Limit [m]: 2.685122e+10 
(HZLimRunaway) Runaway Greenhouse HZ Limit [m]: 3.541104e+10 
(HZLimMoistGreenhouse) Moist Greenhouse HZ Limit [m]: 3.552858e+10 
(HZLimMaxGreenhouse) Maximum Greenhouse HZ Limit [m]: 6.753765e+10 
(HZLimEarlyMars) Early Mars HZ Limit [m]: 7.365710e+10 
(Instellation) Orbit-averaged INcident STELLar radiATION [kg/sec^3]: 2.732259e+05 
(MeanMotion) Orbital Mean Motion [/sec]: 4.464323e-05 
(OrbPeriod) Orbital Period [sec]: 1.407422e+05 
(SemiMajorAxis) Semi-major Axis [m]: 2.335930e+09 
(LXUVTot) Total XUV Luminosity [kg/sec^3]: -1.000000 
(EscapeVelocity) Escape Velocity [m/sec]: 1.407870e+04 
----- ATMESC PARAMETERS (b)------
(SurfWaterMass) Surface water mass [kg]: 0.000000 
(EnvelopeMass) Envelope mass [kg]: 0.000000 
(OxygenMass) Oxygen mass in the atmosphere [kg]: 0.000000 
(RGLimit) Runaway greenhouse semi-major axis [m]: 3.392227e+10 
(XO) Atomic oxygen mixing ratio in upper atmosphere []: 0.000000 
(EtaO) Oxygen eta parameter (Luger and Barnes 2015) []: 0.000000 
(PlanetRadius) Planet radius [m]: 6.829840e+06 
(OxygenMantleMass) Mass of oxygen in mantle [kg]: 0.000000 
(RadXUV) XUV radius separating hydro. dyn. escape and equilibrium [m]: -1.000000 
(RadSolid) Radius to the solid surface [m]: -1.000000 
(PresXUV) Pressure at base of thermosphere [(null)]: 5.000000 
(ScaleHeight) Scale height in Lehmer & Catling (2016) model [m]: -1.000000 
(ThermTemp) Isothermal atmospheric temperature [K]: 400.000000 
(AtmGasConst) Atmospheric gas constant [(null)]: 4124.000000 
(PresSurf) Surface pressure due to atmosphere [Pa]: -1.000000 
(DEnvMassDt) Envelope Mass Loss Rate [kg/s]: 0.000000 
(FXUV) XUV flux [W/m^2]: 92.336889 
(AtmXAbsEffH2O) XUV atmospheric escape efficiency for H2O []: 0.300000 
(RocheRadius) Roche Lobe Radius [m]: 4.837580e+07 
(BondiRadius) Bondi Radius [m]: 3.463783e+08 
(HEscapeRegime) Integer flag for H envelope escape regime []: 8.000000 
(RRCriticalFlux) Critical XUV Flux that separates RR and energy-limited escape [W/m^2]: 78.644040 
(CrossoverMass) Crossover mass, defines oxygen is escaping if mc > mo [kg]: 0.000000 
(WaterEscapeRegime) What water escape regime the code is currently in []: 8.000000 
(FXUVCRITDRAG) Critical Drag XUV flux [W/m^2]: 0.625530 
(HREFFLUX) The Hydrogen Reference Flux (m^-2 s^-1) [m^-2 s^-1]: 5.329267e+19 
(XO2) Molecular oxygen mixing ratio in atmosphere []: 0.000000 
(XH2O) Water mixing ratio in upper atmosphere []: 0.000000 
(HDiffFlux) The Hydrogen Diffusion Flux (m^-2 s^-1) [m^-2 s^-1]: 2.809751e+17 
(HRefODragMod) Multiply by H ref flux to get flux with drag []: 1.000000 
(KTide) Mass loss enhancement due to stellar gravity []: 0.789633 
(CumulativeXUVFlux) Cumulative XUV flux [W/m^2]: 0.000000 
(RunawayGreenhouseFlux) Incident flux that triggers runaway greenhouse [kg/sec^3]: 1295.601241 
(RGDuration) Runaway Greenhouse Duration [years]: 0.00000e+00

Output Order: Time[year] CumulativeXUVFlux[W/m^2]
Grid Output Order:



---- FINAL SYSTEM PROPERTIES ----
(Age) System Age [sec]: 1.992056e+17 
(Time) Simulation Time [sec]: 1.990338e+17 
(TotAngMom) Total Angular Momentum [kg*m^2/sec]: 1.433032e+42 
(TotEnergy) Total System Energy [kg*m^2/sec^2]: -1.159048e+40 
(PotEnergy) Body's non-orbital Potential Energy [kg*m^2/sec^2]: -4.045078e+40 
(KinEnergy) Body's non-orbital Kinetic Energy [kg*m^2/sec^2]: 6.835344e+32 
(DeltaTime) Average Timestep Over Last Output Interval [sec]: 3.155760e+13 

----- BODY: star ----
Active Modules: FLARE STELLAR
Module Bit Sum: 577
Color: 000000
(Mass) Mass [kg]: 3.806050e+29 
(Radius) Radius [m]: 1.434094e+08 
(RadGyra) Radius of Gyration/Moment of Inertia Constant []: 0.460563 
(RotAngMom) Rotational Angular Momentum [kg*m^2/sec]: 1.506603e+39 
(RotVel) Rotational Velocity [m/sec]: 130.127539 
(BodyType) Type of Body (0 == planet) []: 0.000000 
(RotRate) Rotational Frequency [/sec]: 9.073849e-07 
(RotPer) Rotational Period [sec]: 6.924499e+06 
(Density) Average Density [kg/m^3]: 3.080724e+04 
(HZLimitDryRunaway) Semi-major axis of Dry Runaway HZ Limit [m]: 8.844741e+09 
(HZLimRecVenus) Recent Venus HZ Limit [m]: 7.919730e+09 
(HZLimRunaway) Runaway Greenhouse HZ Limit [m]: 1.044747e+10 
(HZLimMoistGreenhouse) Moist Greenhouse HZ Limit [m]: 1.047910e+10 
(HZLimMaxGreenhouse) Maximum Greenhouse HZ Limit [m]: 1.989555e+10 
(HZLimEarlyMars) Early Mars HZ Limit [m]: 2.169829e+10 
(Instellation) Orbit-averaged INcident STELLar radiATION [kg/sec^3]: -1.000000 
(CriticalSemiMajorAxis) Holman & Wiegert (1999) P-type Critical Semi-major Axis [m]: -1.000000 
(LXUVTot) Total XUV Luminosity [LSUN]: 6.974280e-07 
(LostEnergy) Body's Total Lost Energy [kg*m^2/sec^2]: 2.886036e+40 
(LostAngMom) Lost Angular Momentum due to Magnetic Braking [kg*m^2/sec]: 1.429055e+42 
(EscapeVelocity) Escape Velocity [m/sec]: 5.952037e+05 
----- STELLAR PARAMETERS (star)------
(Luminosity) Luminosity [LSUN]: 0.004243 
(LXUVStellar) Base X-ray/XUV Luminosity [LSUN]: 3.094274e-07 
(Temperature) Effective Temperature [K]: 3236.874362 
(LXUVFrac) Fraction of luminosity in XUV []: 7.292558e-05 
(RossbyNumber) Rossby Number []: 1.338380 
(DRotPerDtStellar) Time Rate of Change of Rotation Period in STELLAR []: 1.923279e-11 
(WindTorque) Stellar Wind Torque []: 4.184589e+21 
----- FLARE PARAMETERS (star)------
(LXUVFlare) XUV Luminosity from flares [LSUN]: 3.879957e-07 
(FlareFreq1) First value of flare frequency range [/sec]: 8.355161e-05 
(FlareFreq2) Second value of flare frequency range [/sec]: 6.512488e-05 
(FlareFreq3) Third value of flare frequency range [/sec]: 5.076204e-05 
(FlareFreq4) Fourth value of flare frequency range [/sec]: 3.956682e-05 
(FlareFreqMin) Frequency of the flares with the lowest energy [/sec]: 8.355161e-05 
(FlareFreqMid) Frequency of the flares with the middle energy in the energy range [/sec]: 6.916335e-06 
(FlareFreqMax) Frequency of the flares with the highest energy [/sec]: 5.725286e-07 
(FlareEnergy1) First value of flare energy range [kg*m^2/sec^2]: 5.334000e+23 
(FlareEnergy2) Second value of flare energy range [kg*m^2/sec^2]: 6.715108e+23 
(FlareEnergy3) Third value of flare energy range [kg*m^2/sec^2]: 8.453820e+23 
(FlareEnergy4) Fourth value of flare energy range [kg*m^2/sec^2]: 1.064273e+24 
(FlareEnergyMin) Minimum flare energy [kg*m^2/sec^2]: 5.334000e+23 
(FlareEnergyMid) Middle flare energy in the range of energy values [kg*m^2/sec^2]: 5.334000e+24 
(FlareEnergyMax) Maximum flare energy [kg*m^2/sec^2]: 5.334000e+25 
(FlareYIntOUT) Instantaneous Davenport FFD y-intercept at current age and mass []: 34.107562 
(FlareSlopeOUT) Instantaneous Davenport FFD slope at current age and mass []: -1.082079 

Output Order: Time[year] Luminosity[LSUN] LXUVStellar[LSUN] LXUVFlare[LSUN] LXUVTot[LSUN]
Grid Output Order:

----- BODY: b ----
Active Modules: AtmEsc
Module Bit Sum: 9
Color: 000000
(Mass) Mass [kg]: 1.014147e+25 
(Radius) Radius [m]: 6.829840e+06 
(RadGyra) Radius of Gyration/Moment of Inertia Constant []: 0.500000 
(BodyType) Type of Body (0 == planet) []: 0.000000 
(Density) Average Density [kg/m^3]: 7599.427210 
(HZLimitDryRunaway) Semi-major axis of Dry Runaway HZ Limit [m]: 8.844744e+09 
(HZLimRecVenus) Recent Venus HZ Limit [m]: 7.919730e+09 
(HZLimRunaway) Runaway Greenhouse HZ Limit [m]: 1.044747e+10 
(HZLimMoistGreenhouse) Moist Greenhouse HZ Limit [m]: 1.047910e+10 
(HZLimMaxGreenhouse) Maximum Greenhouse HZ Limit [m]: 1.989555e+10 
(HZLimEarlyMars) Early Mars HZ Limit [m]: 2.169829e+10 
(Instellation) Orbit-averaged INcident STELLar radiATION [kg/sec^3]: 2.379902e+04 
(MeanMotion) Orbital Mean Motion [/sec]: 4.464323e-05 
(OrbPeriod) Orbital Period [sec]: 1.407422e+05 
(SemiMajorAxis) Semi-major Axis [m]: 2.335930e+09 
(LXUVTot) Total XUV Luminosity [kg/sec^3]: -1.000000 
(EscapeVelocity) Escape Velocity [m/sec]: 1.407870e+04 
----- ATMESC PARAMETERS (b)------
(SurfWaterMass) Surface water mass [kg]: 0.000000 
(EnvelopeMass) Envelope mass [kg]: 0.000000 
(OxygenMass) Oxygen mass in the atmosphere [kg]: 0.000000 
(RGLimit) Runaway greenhouse semi-major axis [m]: 1.000835e+10 
(XO) Atomic oxygen mixing ratio in upper atmosphere []: 0.000000 
(EtaO) Oxygen eta parameter (Luger and Barnes 2015) []: 0.000000 
(PlanetRadius) Planet radius [m]: 6.829840e+06 
(OxygenMantleMass) Mass of oxygen in mantle [kg]: 0.000000 
(RadXUV) XUV radius separating hydro. dyn. escape and equilibrium [m]: -1.000000 
(RadSolid) Radius to the solid surface [m]: -1.000000 
(PresXUV) Pressure at base of thermosphere [(null)]: 5.000000 
(ScaleHeight) Scale height in Lehmer & Catling (2016) model [m]: -1.000000 
(ThermTemp) Isothermal atmospheric temperature [K]: 400.000000 
(AtmGasConst) Atmospheric gas constant [(null)]: 4124.000000 
(PresSurf) Surface pressure due to atmosphere [Pa]: -1.000000 
(DEnvMassDt) Envelope Mass Loss Rate [kg/s]: 0.000000 
(FXUV) XUV flux [W/m^2]: 3.911825 
(AtmXAbsEffH2O) XUV atmospheric escape efficiency for H2O []: 0.300000 
(RocheRadius) Roche Lobe Radius [m]: 4.837580e+07 
(BondiRadius) Bondi Radius [m]: 6.389647e+08 
(HEscapeRegime) Integer flag for H envelope escape regime []: 8.000000 
(RRCriticalFlux) Critical XUV Flux that separates RR and energy-limited escape [W/m^2]: 78.644040 
(CrossoverMass) Crossover mass, defines oxygen is escaping if mc > mo [kg]: 0.000000 
(WaterEscapeRegime) What water escape regime the code is currently in []: 8.000000 
(FXUVCRITDRAG) Critical Drag XUV flux [W/m^2]: 0.625530 
(HREFFLUX) The Hydrogen Reference Flux (m^-2 s^-1) [m^-2 s^-1]: 2.257728e+18 
(XO2) Molecular oxygen mixing ratio in atmosphere []: 0.000000 
(XH2O) Water mixing ratio in upper atmosphere []: 0.000000 
(HDiffFlux) The Hydrogen Diffusion Flux (m^-2 s^-1) [m^-2 s^-1]: 2.809751e+17 
(HRefODragMod) Multiply by H ref flux to get flux with drag []: 1.000000 
(KTide) Mass loss enhancement due to stellar gravity []: 0.789633 
(CumulativeXUVFlux) Cumulative XUV flux [W/m^2]: 1.417312e+18 
(RunawayGreenhouseFlux) Incident flux that triggers runaway greenhouse [kg/sec^3]: 1296.441455 
(RGDuration) Runaway Greenhouse Duration [years]: 0.00000e+00

Output Order: Time[year] CumulativeXUVFlux[W/m^2]
Grid Output Order:
