-------- Log file gj1132.log -------

Executable: /home/vplanet/.local/bin/vplanet
Version: Unknown
System Name: gj1132
Primary Input File: vpl.in
Body File #1: star.in
Body File #2: b.in
Allow files to be overwitten: Yes
Mass Units: Grams
Length Units: Meters
Time Units: Seconds
Angle Units: Radians

------- FORMATTING -----
Verbosity Level: 5
Crossover Decade for Scientific Notation: 4
Number of Digits After Decimal: 6
Integration Method: Runge-Kutta4
Direction: Forward
Time Step: 3.155760e+07
Stop Time: 2.536699e+17
Output Interval: 3.155760e+13
Use Variable Timestep: Yes
dEta: 0.010000
Minimum Value of ecc and obl: 1.000000e-10


---- INITIAL SYSTEM PROPERTIES ----
(Age) System Age [sec]: 1.254648e+14 
(Time) Simulation Time [sec]: 0.000000 
(TotAngMom) Total Angular Momentum [kg*m^2/sec]: 1.878025e+42 
(TotEnergy) Total System Energy [kg*m^2/sec^2]: -1.058190e+40 
(PotEnergy) Body's non-orbital Potential Energy [kg*m^2/sec^2]: -1.065005e+40 
(KinEnergy) Body's non-orbital Kinetic Energy [kg*m^2/sec^2]: 6.819931e+37 
(DeltaTime) Average Timestep Over Last Output Interval [sec]: 0.000000 

----- BODY: star ----
Active Modules: FLARE STELLAR
Module Bit Sum: 577
Color: 000000
(Mass) Mass [kg]: 3.883127e+29 
(Radius) Radius [m]: 5.669794e+08 
(RadGyra) Radius of Gyration/Moment of Inertia Constant []: 0.454549 
(RotAngMom) Rotational Angular Momentum [kg*m^2/sec]: 1.875616e+42 
(RotVel) Rotational Velocity [m/sec]: 4.123191e+04 
(BodyType) Type of Body (0 == planet) []: 0.000000 
(RotRate) Rotational Frequency [/sec]: 7.272205e-05 
(RotPer) Rotational Period [sec]: 8.640000e+04 
(Density) Average Density [kg/m^3]: 508.617298 
(HZLimitDryRunaway) Semi-major axis of Dry Runaway HZ Limit [m]: 3.375566e+10 
(HZLimRecVenus) Recent Venus HZ Limit [m]: 3.025351e+10 
(HZLimRunaway) Runaway Greenhouse HZ Limit [m]: 3.989230e+10 
(HZLimMoistGreenhouse) Moist Greenhouse HZ Limit [m]: 4.003037e+10 
(HZLimMaxGreenhouse) Maximum Greenhouse HZ Limit [m]: 7.614119e+10 
(HZLimEarlyMars) Early Mars HZ Limit [m]: 8.304011e+10 
(Instellation) Orbit-averaged INcident STELLar radiATION [kg/sec^3]: -1.000000 
(CriticalSemiMajorAxis) Holman & Wiegert (1999) P-type Critical Semi-major Axis [m]: -1.000000 
(LXUVTot) Total XUV Luminosity [LSUN]: 8.468730e-05 
(LostEnergy) Body's Total Lost Energy [kg*m^2/sec^2]: 5.562685e-309 
(LostAngMom) Lost Angular Momentum due to Magnetic Braking [kg*m^2/sec]: 5.562685e-309 
(EscapeVelocity) Escape Velocity [m/sec]: 3.023600e+05 
----- STELLAR PARAMETERS (star)------
(Luminosity) Luminosity [LSUN]: 0.061802 
(LXUVStellar) Base X-ray/XUV Luminosity [LSUN]: 8.384424e-05 
(Temperature) Effective Temperature [K]: 3188.608177 
(LXUVFrac) Fraction of luminosity in XUV []: 0.001357 
(RossbyNumber) Rossby Number []: 0.016292 
(DRotPerDtStellar) Time Rate of Change of Rotation Period in STELLAR []: -8.804570e-11 
(WindTorque) Stellar Wind Torque []: 8.180628e+27 
----- FLARE PARAMETERS (star)------
(LXUVFlare) XUV Luminosity from flares [LSUN]: 8.430589e-07 
(FlareFreq1) First value of flare frequency range [/sec]: 3.204264e-05 
(FlareFreq2) Second value of flare frequency range [/sec]: 2.784509e-05 
(FlareFreq3) Third value of flare frequency range [/sec]: 2.419742e-05 
(FlareFreq4) Fourth value of flare frequency range [/sec]: 2.102759e-05 
(FlareFreqMin) Frequency of the flares with the lowest energy [/sec]: 3.204264e-05 
(FlareFreqMid) Frequency of the flares with the middle energy in the energy range [/sec]: 7.869224e-06 
(FlareFreqMax) Frequency of the flares with the highest energy [/sec]: 1.932571e-06 
(FlareEnergy1) First value of flare energy range [kg*m^2/sec^2]: 5.334000e+23 
(FlareEnergy2) Second value of flare energy range [kg*m^2/sec^2]: 6.715108e+23 
(FlareEnergy3) Third value of flare energy range [kg*m^2/sec^2]: 8.453820e+23 
(FlareEnergy4) Fourth value of flare energy range [kg*m^2/sec^2]: 1.064273e+24 
(FlareEnergyMin) Minimum flare energy [kg*m^2/sec^2]: 5.334000e+23 
(FlareEnergyMid) Middle flare energy in the range of energy values [kg*m^2/sec^2]: 5.334000e+24 
(FlareEnergyMax) Maximum flare energy [kg*m^2/sec^2]: 5.334000e+25 
(FlareYIntOUT) Instantaneous Davenport FFD y-intercept at current age and mass []: 19.179490 
(FlareSlopeOUT) Instantaneous Davenport FFD slope at current age and mass []: -0.609796 

Output Order: Time[year] Luminosity[LSUN] LXUVStellar[LSUN] LXUVFlare[LSUN] LXUVTot[LSUN]
Grid Output Order:

----- BODY: b ----
Active Modules: AtmEsc
Module Bit Sum: 9
Color: 000000
(Mass) Mass [kg]: 9.761342e+24 
(Radius) Radius [m]: 7.145059e+06 
(RadGyra) Radius of Gyration/Moment of Inertia Constant []: 0.500000 
(BodyType) Type of Body (0 == planet) []: 0.000000 
(Density) Average Density [kg/m^3]: 6388.567997 
(HZLimitDryRunaway) Semi-major axis of Dry Runaway HZ Limit [m]: 3.375779e+10 
(HZLimRecVenus) Recent Venus HZ Limit [m]: 3.025351e+10 
(HZLimRunaway) Runaway Greenhouse HZ Limit [m]: 3.989230e+10 
(HZLimMoistGreenhouse) Moist Greenhouse HZ Limit [m]: 4.003037e+10 
(HZLimMaxGreenhouse) Maximum Greenhouse HZ Limit [m]: 7.614119e+10 
(HZLimEarlyMars) Early Mars HZ Limit [m]: 8.304011e+10 
(Instellation) Orbit-averaged INcident STELLar radiATION [kg/sec^3]: 3.420659e+05 
(MeanMotion) Orbital Mean Motion [/sec]: 4.464360e-05 
(OrbPeriod) Orbital Period [sec]: 1.407410e+05 
(SemiMajorAxis) Semi-major Axis [m]: 2.351579e+09 
(LXUVTot) Total XUV Luminosity [kg/sec^3]: -1.000000 
(EscapeVelocity) Escape Velocity [m/sec]: 1.350421e+04 
----- ATMESC PARAMETERS (b)------
(SurfWaterMass) Surface water mass [kg]: 0.000000 
(EnvelopeMass) Envelope mass [kg]: 0.000000 
(OxygenMass) Oxygen mass in the atmosphere [kg]: 0.000000 
(RGLimit) Runaway greenhouse semi-major axis [m]: 3.824745e+10 
(XO) Atomic oxygen mixing ratio in upper atmosphere []: 0.000000 
(EtaO) Oxygen eta parameter (Luger and Barnes 2015) []: 0.000000 
(PlanetRadius) Planet radius [m]: 7.145059e+06 
(OxygenMantleMass) Mass of oxygen in mantle [kg]: 0.000000 
(RadXUV) XUV radius separating hydro. dyn. escape and equilibrium [m]: -1.000000 
(RadSolid) Radius to the solid surface [m]: -1.000000 
(PresXUV) Pressure at base of thermosphere [(null)]: 5.000000 
(ScaleHeight) Scale height in Lehmer & Catling (2016) model [m]: -1.000000 
(ThermTemp) Isothermal atmospheric temperature [K]: 400.000000 
(AtmGasConst) Atmospheric gas constant [(null)]: 4124.000000 
(PresSurf) Surface pressure due to atmosphere [Pa]: -1.000000 
(DEnvMassDt) Envelope Mass Loss Rate [kg/s]: 0.000000 
(FXUV) XUV flux [W/m^2]: 468.733583 
(AtmXAbsEffH2O) XUV atmospheric escape efficiency for H2O []: 0.300000 
(RocheRadius) Roche Lobe Radius [m]: 4.776338e+07 
(BondiRadius) Bondi Radius [m]: 3.129431e+08 
(HEscapeRegime) Integer flag for H envelope escape regime []: 8.000000 
(RRCriticalFlux) Critical XUV Flux that separates RR and energy-limited escape [W/m^2]: 61.660494 
(CrossoverMass) Crossover mass, defines oxygen is escaping if mc > mo [kg]: 0.000000 
(WaterEscapeRegime) What water escape regime the code is currently in []: 8.000000 
(FXUVCRITDRAG) Critical Drag XUV flux [W/m^2]: 0.506150 
(HREFFLUX) The Hydrogen Reference Flux (m^-2 s^-1) [m^-2 s^-1]: 2.987102e+20 
(XO2) Molecular oxygen mixing ratio in atmosphere []: 0.000000 
(XH2O) Water mixing ratio in upper atmosphere []: 0.000000 
(HDiffFlux) The Hydrogen Diffusion Flux (m^-2 s^-1) [m^-2 s^-1]: 2.471074e+17 
(HRefODragMod) Multiply by H ref flux to get flux with drag []: 1.000000 
(KTide) Mass loss enhancement due to stellar gravity []: 0.777285 
(CumulativeXUVFlux) Cumulative XUV flux [W/m^2]: 0.000000 
(RunawayGreenhouseFlux) Incident flux that triggers runaway greenhouse [kg/sec^3]: 1292.912493 
(RGDuration) Runaway Greenhouse Duration [years]: 0.00000e+00

Output Order: Time[year] CumulativeXUVFlux[W/m^2]
Grid Output Order:



---- FINAL SYSTEM PROPERTIES ----
(Age) System Age [sec]: 2.538170e+17 
(Time) Simulation Time [sec]: 2.536915e+17 
(TotAngMom) Total Angular Momentum [kg*m^2/sec]: 1.876923e+42 
(TotEnergy) Total System Energy [kg*m^2/sec^2]: -1.058948e+40 
(PotEnergy) Body's non-orbital Potential Energy [kg*m^2/sec^2]: -4.101969e+40 
(KinEnergy) Body's non-orbital Kinetic Energy [kg*m^2/sec^2]: 5.533179e+32 
(DeltaTime) Average Timestep Over Last Output Interval [sec]: 3.155760e+13 

----- BODY: star ----
Active Modules: FLARE STELLAR
Module Bit Sum: 577
Color: 000000
(Mass) Mass [kg]: 3.883127e+29 
(Radius) Radius [m]: 1.472063e+08 
(RadGyra) Radius of Gyration/Moment of Inertia Constant []: 0.460326 
(RotAngMom) Rotational Angular Momentum [kg*m^2/sec]: 1.404706e+39 
(RotVel) Rotational Velocity [m/sec]: 115.970070 
(BodyType) Type of Body (0 == planet) []: 0.000000 
(RotRate) Rotational Frequency [/sec]: 7.878062e-07 
(RotPer) Rotational Period [sec]: 7.975547e+06 
(Density) Average Density [kg/m^3]: 2.906119e+04 
(HZLimitDryRunaway) Semi-major axis of Dry Runaway HZ Limit [m]: 9.111190e+09 
(HZLimRecVenus) Recent Venus HZ Limit [m]: 8.156475e+09 
(HZLimRunaway) Runaway Greenhouse HZ Limit [m]: 1.076089e+10 
(HZLimMoistGreenhouse) Moist Greenhouse HZ Limit [m]: 1.079236e+10 
(HZLimMaxGreenhouse) Maximum Greenhouse HZ Limit [m]: 2.048128e+10 
(HZLimEarlyMars) Early Mars HZ Limit [m]: 2.233711e+10 
(Instellation) Orbit-averaged INcident STELLar radiATION [kg/sec^3]: -1.000000 
(CriticalSemiMajorAxis) Holman & Wiegert (1999) P-type Critical Semi-major Axis [m]: -1.000000 
(LXUVTot) Total XUV Luminosity [LSUN]: 7.695128e-07 
(LostEnergy) Body's Total Lost Energy [kg*m^2/sec^2]: 3.043026e+40 
(LostAngMom) Lost Angular Momentum due to Magnetic Braking [kg*m^2/sec]: 1.873108e+42 
(EscapeVelocity) Escape Velocity [m/sec]: 5.933962e+05 
----- STELLAR PARAMETERS (star)------
(Luminosity) Luminosity [LSUN]: 0.004503 
(LXUVStellar) Base X-ray/XUV Luminosity [LSUN]: 3.842519e-07 
(Temperature) Effective Temperature [K]: 3248.383559 
(LXUVFrac) Fraction of luminosity in XUV []: 8.534090e-05 
(RossbyNumber) Rossby Number []: 1.550643 
(DRotPerDtStellar) Time Rate of Change of Rotation Period in STELLAR []: 1.323967e-11 
(WindTorque) Stellar Wind Torque []: 2.341610e+21 
----- FLARE PARAMETERS (star)------
(LXUVFlare) XUV Luminosity from flares [LSUN]: 3.852571e-07 
(FlareFreq1) First value of flare frequency range [/sec]: 8.730190e-05 
(FlareFreq2) Second value of flare frequency range [/sec]: 6.780549e-05 
(FlareFreq3) Third value of flare frequency range [/sec]: 5.266305e-05 
(FlareFreq4) Fourth value of flare frequency range [/sec]: 4.090224e-05 
(FlareFreqMin) Frequency of the flares with the lowest energy [/sec]: 8.730190e-05 
(FlareFreqMid) Frequency of the flares with the middle energy in the energy range [/sec]: 6.973247e-06 
(FlareFreqMax) Frequency of the flares with the highest energy [/sec]: 5.569887e-07 
(FlareEnergy1) First value of flare energy range [kg*m^2/sec^2]: 5.334000e+23 
(FlareEnergy2) Second value of flare energy range [kg*m^2/sec^2]: 6.715108e+23 
(FlareEnergy3) Third value of flare energy range [kg*m^2/sec^2]: 8.453820e+23 
(FlareEnergy4) Fourth value of flare energy range [kg*m^2/sec^2]: 1.064273e+24 
(FlareEnergyMin) Minimum flare energy [kg*m^2/sec^2]: 5.334000e+23 
(FlareEnergyMid) Middle flare energy in the range of energy values [kg*m^2/sec^2]: 5.334000e+24 
(FlareEnergyMax) Maximum flare energy [kg*m^2/sec^2]: 5.334000e+25 
(FlareYIntOUT) Instantaneous Davenport FFD y-intercept at current age and mass []: 34.603202 
(FlareSlopeOUT) Instantaneous Davenport FFD slope at current age and mass []: -1.097589 

Output Order: Time[year] Luminosity[LSUN] LXUVStellar[LSUN] LXUVFlare[LSUN] LXUVTot[LSUN]
Grid Output Order:

----- BODY: b ----
Active Modules: AtmEsc
Module Bit Sum: 9
Color: 000000
(Mass) Mass [kg]: 9.761342e+24 
(Radius) Radius [m]: 7.145059e+06 
(RadGyra) Radius of Gyration/Moment of Inertia Constant []: 0.500000 
(BodyType) Type of Body (0 == planet) []: 0.000000 
(Density) Average Density [kg/m^3]: 6388.567997 
(HZLimitDryRunaway) Semi-major axis of Dry Runaway HZ Limit [m]: 9.111764e+09 
(HZLimRecVenus) Recent Venus HZ Limit [m]: 8.156475e+09 
(HZLimRunaway) Runaway Greenhouse HZ Limit [m]: 1.076089e+10 
(HZLimMoistGreenhouse) Moist Greenhouse HZ Limit [m]: 1.079236e+10 
(HZLimMaxGreenhouse) Maximum Greenhouse HZ Limit [m]: 2.048128e+10 
(HZLimEarlyMars) Early Mars HZ Limit [m]: 2.233711e+10 
(Instellation) Orbit-averaged INcident STELLar radiATION [kg/sec^3]: 2.492107e+04 
(MeanMotion) Orbital Mean Motion [/sec]: 4.464360e-05 
(OrbPeriod) Orbital Period [sec]: 1.407410e+05 
(SemiMajorAxis) Semi-major Axis [m]: 2.351579e+09 
(LXUVTot) Total XUV Luminosity [kg/sec^3]: -1.000000 
(EscapeVelocity) Escape Velocity [m/sec]: 1.350421e+04 
----- ATMESC PARAMETERS (b)------
(SurfWaterMass) Surface water mass [kg]: 0.000000 
(EnvelopeMass) Envelope mass [kg]: 0.000000 
(OxygenMass) Oxygen mass in the atmosphere [kg]: 0.000000 
(RGLimit) Runaway greenhouse semi-major axis [m]: 1.031742e+10 
(XO) Atomic oxygen mixing ratio in upper atmosphere []: 0.000000 
(EtaO) Oxygen eta parameter (Luger and Barnes 2015) []: 0.000000 
(PlanetRadius) Planet radius [m]: 7.145059e+06 
(OxygenMantleMass) Mass of oxygen in mantle [kg]: 0.000000 
(RadXUV) XUV radius separating hydro. dyn. escape and equilibrium [m]: -1.000000 
(RadSolid) Radius to the solid surface [m]: -1.000000 
(PresXUV) Pressure at base of thermosphere [(null)]: 5.000000 
(ScaleHeight) Scale height in Lehmer & Catling (2016) model [m]: -1.000000 
(ThermTemp) Isothermal atmospheric temperature [K]: 400.000000 
(AtmGasConst) Atmospheric gas constant [(null)]: 4124.000000 
(PresSurf) Surface pressure due to atmosphere [Pa]: -1.000000 
(DEnvMassDt) Envelope Mass Loss Rate [kg/s]: 0.000000 
(FXUV) XUV flux [W/m^2]: 4.259157 
(AtmXAbsEffH2O) XUV atmospheric escape efficiency for H2O []: 0.300000 
(RocheRadius) Roche Lobe Radius [m]: 4.776338e+07 
(BondiRadius) Bondi Radius [m]: 6.028645e+08 
(HEscapeRegime) Integer flag for H envelope escape regime []: 8.000000 
(RRCriticalFlux) Critical XUV Flux that separates RR and energy-limited escape [W/m^2]: 61.660494 
(CrossoverMass) Crossover mass, defines oxygen is escaping if mc > mo [kg]: 0.000000 
(WaterEscapeRegime) What water escape regime the code is currently in []: 8.000000 
(FXUVCRITDRAG) Critical Drag XUV flux [W/m^2]: 0.506150 
(HREFFLUX) The Hydrogen Reference Flux (m^-2 s^-1) [m^-2 s^-1]: 2.714236e+18 
(XO2) Molecular oxygen mixing ratio in atmosphere []: 0.000000 
(XH2O) Water mixing ratio in upper atmosphere []: 0.000000 
(HDiffFlux) The Hydrogen Diffusion Flux (m^-2 s^-1) [m^-2 s^-1]: 2.471074e+17 
(HRefODragMod) Multiply by H ref flux to get flux with drag []: 1.000000 
(KTide) Mass loss enhancement due to stellar gravity []: 0.777285 
(CumulativeXUVFlux) Cumulative XUV flux [W/m^2]: 3.277889e+18 
(RunawayGreenhouseFlux) Incident flux that triggers runaway greenhouse [kg/sec^3]: 1294.460680 
(RGDuration) Runaway Greenhouse Duration [years]: 0.00000e+00

Output Order: Time[year] CumulativeXUVFlux[W/m^2]
Grid Output Order:
