-------- Log file gj1132.log -------

Executable: /home/vplanet/.local/bin/vplanet
Version: Unknown
System Name: gj1132
Primary Input File: vpl.in
Body File #1: star.in
Body File #2: b.in
Allow files to be overwitten: Yes
Mass Units: Grams
Length Units: Meters
Time Units: Seconds
Angle Units: Radians

------- FORMATTING -----
Verbosity Level: 5
Crossover Decade for Scientific Notation: 4
Number of Digits After Decimal: 6
Integration Method: Runge-Kutta4
Direction: Forward
Time Step: 3.155760e+07
Stop Time: 2.085615e+17
Output Interval: 3.155760e+13
Use Variable Timestep: Yes
dEta: 0.010000
Minimum Value of ecc and obl: 1.000000e-10


---- INITIAL SYSTEM PROPERTIES ----
(Age) System Age [sec]: 1.872422e+14 
(Time) Simulation Time [sec]: 0.000000 
(TotAngMom) Total Angular Momentum [kg*m^2/sec]: 1.350570e+42 
(TotEnergy) Total System Energy [kg*m^2/sec^2]: -1.202382e+40 
(PotEnergy) Body's non-orbital Potential Energy [kg*m^2/sec^2]: -1.207279e+40 
(KinEnergy) Body's non-orbital Kinetic Energy [kg*m^2/sec^2]: 4.902186e+37 
(DeltaTime) Average Timestep Over Last Output Interval [sec]: 0.000000 

----- BODY: star ----
Active Modules: FLARE STELLAR
Module Bit Sum: 577
Color: 000000
(Mass) Mass [kg]: 3.815406e+29 
(Radius) Radius [m]: 4.828694e+08 
(RadGyra) Radius of Gyration/Moment of Inertia Constant []: 0.456503 
(RotAngMom) Rotational Angular Momentum [kg*m^2/sec]: 1.348198e+42 
(RotVel) Rotational Velocity [m/sec]: 3.511525e+04 
(BodyType) Type of Body (0 == planet) []: 0.000000 
(RotRate) Rotational Frequency [/sec]: 7.272205e-05 
(RotPer) Rotational Period [sec]: 8.640000e+04 
(Density) Average Density [kg/m^3]: 809.027103 
(HZLimitDryRunaway) Semi-major axis of Dry Runaway HZ Limit [m]: 2.910977e+10 
(HZLimRecVenus) Recent Venus HZ Limit [m]: 2.607990e+10 
(HZLimRunaway) Runaway Greenhouse HZ Limit [m]: 3.439494e+10 
(HZLimMoistGreenhouse) Moist Greenhouse HZ Limit [m]: 3.450799e+10 
(HZLimMaxGreenhouse) Maximum Greenhouse HZ Limit [m]: 6.558850e+10 
(HZLimEarlyMars) Early Mars HZ Limit [m]: 7.153135e+10 
(Instellation) Orbit-averaged INcident STELLar radiATION [kg/sec^3]: -1.000000 
(CriticalSemiMajorAxis) Holman & Wiegert (1999) P-type Critical Semi-major Axis [m]: -1.000000 
(LXUVTot) Total XUV Luminosity [LSUN]: 5.141959e-05 
(LostEnergy) Body's Total Lost Energy [kg*m^2/sec^2]: 5.562685e-309 
(LostAngMom) Lost Angular Momentum due to Magnetic Braking [kg*m^2/sec]: 5.562685e-309 
(EscapeVelocity) Escape Velocity [m/sec]: 3.247676e+05 
----- STELLAR PARAMETERS (star)------
(Luminosity) Luminosity [LSUN]: 0.045961 
(LXUVStellar) Base X-ray/XUV Luminosity [LSUN]: 5.063053e-05 
(Temperature) Effective Temperature [K]: 3208.106954 
(LXUVFrac) Fraction of luminosity in XUV []: 0.001102 
(RossbyNumber) Rossby Number []: 0.016455 
(DRotPerDtStellar) Time Rate of Change of Rotation Period in STELLAR []: -1.313842e-10 
(WindTorque) Stellar Wind Torque []: 3.515173e+27 
----- FLARE PARAMETERS (star)------
(LXUVFlare) XUV Luminosity from flares [LSUN]: 7.890584e-07 
(FlareFreq1) First value of flare frequency range [/sec]: 3.317616e-05 
(FlareFreq2) Second value of flare frequency range [/sec]: 2.866352e-05 
(FlareFreq3) Third value of flare frequency range [/sec]: 2.476469e-05 
(FlareFreq4) Fourth value of flare frequency range [/sec]: 2.139618e-05 
(FlareFreqMin) Frequency of the flares with the lowest energy [/sec]: 3.317616e-05 
(FlareFreqMid) Frequency of the flares with the middle energy in the energy range [/sec]: 7.688824e-06 
(FlareFreqMax) Frequency of the flares with the highest energy [/sec]: 1.781943e-06 
(FlareEnergy1) First value of flare energy range [kg*m^2/sec^2]: 5.334000e+23 
(FlareEnergy2) Second value of flare energy range [kg*m^2/sec^2]: 6.715108e+23 
(FlareEnergy3) Third value of flare energy range [kg*m^2/sec^2]: 8.453820e+23 
(FlareEnergy4) Fourth value of flare energy range [kg*m^2/sec^2]: 1.064273e+24 
(FlareEnergyMin) Minimum flare energy [kg*m^2/sec^2]: 5.334000e+23 
(FlareEnergyMid) Middle flare energy in the range of energy values [kg*m^2/sec^2]: 5.334000e+24 
(FlareEnergyMax) Maximum flare energy [kg*m^2/sec^2]: 5.334000e+25 
(FlareYIntOUT) Instantaneous Davenport FFD y-intercept at current age and mass []: 19.967979 
(FlareSlopeOUT) Instantaneous Davenport FFD slope at current age and mass []: -0.634966 

Output Order: Time[year] Luminosity[LSUN] LXUVStellar[LSUN] LXUVFlare[LSUN] LXUVTot[LSUN]
Grid Output Order:

----- BODY: b ----
Active Modules: AtmEsc
Module Bit Sum: 9
Color: 000000
(Mass) Mass [kg]: 9.723338e+24 
(Radius) Radius [m]: 7.025817e+06 
(RadGyra) Radius of Gyration/Moment of Inertia Constant []: 0.500000 
(BodyType) Type of Body (0 == planet) []: 0.000000 
(Density) Average Density [kg/m^3]: 6693.237969 
(HZLimitDryRunaway) Semi-major axis of Dry Runaway HZ Limit [m]: 2.910986e+10 
(HZLimRecVenus) Recent Venus HZ Limit [m]: 2.607990e+10 
(HZLimRunaway) Runaway Greenhouse HZ Limit [m]: 3.439494e+10 
(HZLimMoistGreenhouse) Moist Greenhouse HZ Limit [m]: 3.450799e+10 
(HZLimMaxGreenhouse) Maximum Greenhouse HZ Limit [m]: 6.558850e+10 
(HZLimEarlyMars) Early Mars HZ Limit [m]: 7.153135e+10 
(Instellation) Orbit-averaged INcident STELLar radiATION [kg/sec^3]: 2.573726e+05 
(MeanMotion) Orbital Mean Motion [/sec]: 4.464364e-05 
(OrbPeriod) Orbital Period [sec]: 1.407409e+05 
(SemiMajorAxis) Semi-major Axis [m]: 2.337827e+09 
(LXUVTot) Total XUV Luminosity [kg/sec^3]: -1.000000 
(EscapeVelocity) Escape Velocity [m/sec]: 1.359178e+04 
----- ATMESC PARAMETERS (b)------
(SurfWaterMass) Surface water mass [kg]: 0.000000 
(EnvelopeMass) Envelope mass [kg]: 0.000000 
(OxygenMass) Oxygen mass in the atmosphere [kg]: 0.000000 
(RGLimit) Runaway greenhouse semi-major axis [m]: 3.298089e+10 
(XO) Atomic oxygen mixing ratio in upper atmosphere []: 0.000000 
(EtaO) Oxygen eta parameter (Luger and Barnes 2015) []: 0.000000 
(PlanetRadius) Planet radius [m]: 7.025817e+06 
(OxygenMantleMass) Mass of oxygen in mantle [kg]: 0.000000 
(RadXUV) XUV radius separating hydro. dyn. escape and equilibrium [m]: -1.000000 
(RadSolid) Radius to the solid surface [m]: -1.000000 
(PresXUV) Pressure at base of thermosphere [(null)]: 5.000000 
(ScaleHeight) Scale height in Lehmer & Catling (2016) model [m]: -1.000000 
(ThermTemp) Isothermal atmospheric temperature [K]: 400.000000 
(AtmGasConst) Atmospheric gas constant [(null)]: 4124.000000 
(PresSurf) Surface pressure due to atmosphere [Pa]: -1.000000 
(DEnvMassDt) Envelope Mass Loss Rate [kg/s]: 0.000000 
(FXUV) XUV flux [W/m^2]: 287.941861 
(AtmXAbsEffH2O) XUV atmospheric escape efficiency for H2O []: 0.300000 
(RocheRadius) Roche Lobe Radius [m]: 4.770129e+07 
(BondiRadius) Bondi Radius [m]: 3.367177e+08 
(HEscapeRegime) Integer flag for H envelope escape regime []: 8.000000 
(RRCriticalFlux) Critical XUV Flux that separates RR and energy-limited escape [W/m^2]: 64.910644 
(CrossoverMass) Crossover mass, defines oxygen is escaping if mc > mo [kg]: 0.000000 
(WaterEscapeRegime) What water escape regime the code is currently in []: 8.000000 
(FXUVCRITDRAG) Critical Drag XUV flux [W/m^2]: 0.528224 
(HREFFLUX) The Hydrogen Reference Flux (m^-2 s^-1) [m^-2 s^-1]: 1.803553e+20 
(XO2) Molecular oxygen mixing ratio in atmosphere []: 0.000000 
(XH2O) Water mixing ratio in upper atmosphere []: 0.000000 
(HDiffFlux) The Hydrogen Diffusion Flux (m^-2 s^-1) [m^-2 s^-1]: 2.545714e+17 
(HRefODragMod) Multiply by H ref flux to get flux with drag []: 1.000000 
(KTide) Mass loss enhancement due to stellar gravity []: 0.780666 
(CumulativeXUVFlux) Cumulative XUV flux [W/m^2]: 0.000000 
(RunawayGreenhouseFlux) Incident flux that triggers runaway greenhouse [kg/sec^3]: 1293.180623 
(RGDuration) Runaway Greenhouse Duration [years]: 0.00000e+00

Output Order: Time[year] CumulativeXUVFlux[W/m^2]
Grid Output Order:



---- FINAL SYSTEM PROPERTIES ----
(Age) System Age [sec]: 2.087497e+17 
(Time) Simulation Time [sec]: 2.085625e+17 
(TotAngMom) Total Angular Momentum [kg*m^2/sec]: 1.352133e+42 
(TotEnergy) Total System Energy [kg*m^2/sec^2]: -1.201464e+40 
(PotEnergy) Body's non-orbital Potential Energy [kg*m^2/sec^2]: -4.055542e+40 
(KinEnergy) Body's non-orbital Kinetic Energy [kg*m^2/sec^2]: 6.504778e+32 
(DeltaTime) Average Timestep Over Last Output Interval [sec]: 4.508229e+12 

----- BODY: star ----
Active Modules: FLARE STELLAR
Module Bit Sum: 577
Color: 000000
(Mass) Mass [kg]: 3.815406e+29 
(Radius) Radius [m]: 1.437435e+08 
(RadGyra) Radius of Gyration/Moment of Inertia Constant []: 0.460530 
(RotAngMom) Rotational Angular Momentum [kg*m^2/sec]: 1.474851e+39 
(RotVel) Rotational Velocity [m/sec]: 126.795098 
(BodyType) Type of Body (0 == planet) []: 0.000000 
(RotRate) Rotational Frequency [/sec]: 8.820926e-07 
(RotPer) Rotational Period [sec]: 7.123045e+06 
(Density) Average Density [kg/m^3]: 3.066813e+04 
(HZLimitDryRunaway) Semi-major axis of Dry Runaway HZ Limit [m]: 8.871844e+09 
(HZLimRecVenus) Recent Venus HZ Limit [m]: 7.943813e+09 
(HZLimRunaway) Runaway Greenhouse HZ Limit [m]: 1.047935e+10 
(HZLimMoistGreenhouse) Moist Greenhouse HZ Limit [m]: 1.051097e+10 
(HZLimMaxGreenhouse) Maximum Greenhouse HZ Limit [m]: 1.995514e+10 
(HZLimEarlyMars) Early Mars HZ Limit [m]: 2.176328e+10 
(Instellation) Orbit-averaged INcident STELLar radiATION [kg/sec^3]: -1.000000 
(CriticalSemiMajorAxis) Holman & Wiegert (1999) P-type Critical Semi-major Axis [m]: -1.000000 
(LXUVTot) Total XUV Luminosity [LSUN]: 6.167133e-07 
(LostEnergy) Body's Total Lost Energy [kg*m^2/sec^2]: 2.854083e+40 
(LostAngMom) Lost Angular Momentum due to Magnetic Braking [kg*m^2/sec]: 1.348285e+42 
(EscapeVelocity) Escape Velocity [m/sec]: 5.952418e+05 
----- STELLAR PARAMETERS (star)------
(Luminosity) Luminosity [LSUN]: 0.004269 
(LXUVStellar) Base X-ray/XUV Luminosity [LSUN]: 2.249839e-07 
(Temperature) Effective Temperature [K]: 3238.068129 
(LXUVFrac) Fraction of luminosity in XUV []: 5.270054e-05 
(RossbyNumber) Rossby Number []: 1.377598 
(DRotPerDtStellar) Time Rate of Change of Rotation Period in STELLAR []: 1.739678e-11 
(WindTorque) Stellar Wind Torque []: 3.672358e+21 
----- FLARE PARAMETERS (star)------
(LXUVFlare) XUV Luminosity from flares [LSUN]: 3.917283e-07 
(FlareFreq1) First value of flare frequency range [/sec]: 8.618109e-05 
(FlareFreq2) Second value of flare frequency range [/sec]: 6.707401e-05 
(FlareFreq3) Third value of flare frequency range [/sec]: 5.220312e-05 
(FlareFreq4) Fourth value of flare frequency range [/sec]: 4.062924e-05 
(FlareFreqMin) Frequency of the flares with the lowest energy [/sec]: 8.618109e-05 
(FlareFreqMid) Frequency of the flares with the middle energy in the energy range [/sec]: 7.028044e-06 
(FlareFreqMax) Frequency of the flares with the highest energy [/sec]: 5.731351e-07 
(FlareEnergy1) First value of flare energy range [kg*m^2/sec^2]: 5.334000e+23 
(FlareEnergy2) Second value of flare energy range [kg*m^2/sec^2]: 6.715108e+23 
(FlareEnergy3) Third value of flare energy range [kg*m^2/sec^2]: 8.453820e+23 
(FlareEnergy4) Fourth value of flare energy range [kg*m^2/sec^2]: 1.064273e+24 
(FlareEnergyMin) Minimum flare energy [kg*m^2/sec^2]: 5.334000e+23 
(FlareEnergyMid) Middle flare energy in the range of energy values [kg*m^2/sec^2]: 5.334000e+24 
(FlareEnergyMax) Maximum flare energy [kg*m^2/sec^2]: 5.334000e+25 
(FlareYIntOUT) Instantaneous Davenport FFD y-intercept at current age and mass []: 34.320705 
(FlareSlopeOUT) Instantaneous Davenport FFD slope at current age and mass []: -1.088578 

Output Order: Time[year] Luminosity[LSUN] LXUVStellar[LSUN] LXUVFlare[LSUN] LXUVTot[LSUN]
Grid Output Order:

----- BODY: b ----
Active Modules: AtmEsc
Module Bit Sum: 9
Color: 000000
(Mass) Mass [kg]: 9.723338e+24 
(Radius) Radius [m]: 7.025817e+06 
(RadGyra) Radius of Gyration/Moment of Inertia Constant []: 0.500000 
(BodyType) Type of Body (0 == planet) []: 0.000000 
(Density) Average Density [kg/m^3]: 6693.237969 
(HZLimitDryRunaway) Semi-major axis of Dry Runaway HZ Limit [m]: 8.871874e+09 
(HZLimRecVenus) Recent Venus HZ Limit [m]: 7.943813e+09 
(HZLimRunaway) Runaway Greenhouse HZ Limit [m]: 1.047935e+10 
(HZLimMoistGreenhouse) Moist Greenhouse HZ Limit [m]: 1.051097e+10 
(HZLimMaxGreenhouse) Maximum Greenhouse HZ Limit [m]: 1.995514e+10 
(HZLimEarlyMars) Early Mars HZ Limit [m]: 2.176328e+10 
(Instellation) Orbit-averaged INcident STELLar radiATION [kg/sec^3]: 2.390632e+04 
(MeanMotion) Orbital Mean Motion [/sec]: 4.464364e-05 
(OrbPeriod) Orbital Period [sec]: 1.407409e+05 
(SemiMajorAxis) Semi-major Axis [m]: 2.337827e+09 
(LXUVTot) Total XUV Luminosity [kg/sec^3]: -1.000000 
(EscapeVelocity) Escape Velocity [m/sec]: 1.359178e+04 
----- ATMESC PARAMETERS (b)------
(SurfWaterMass) Surface water mass [kg]: 0.000000 
(EnvelopeMass) Envelope mass [kg]: 0.000000 
(OxygenMass) Oxygen mass in the atmosphere [kg]: 0.000000 
(RGLimit) Runaway greenhouse semi-major axis [m]: 1.004864e+10 
(XO) Atomic oxygen mixing ratio in upper atmosphere []: 0.000000 
(EtaO) Oxygen eta parameter (Luger and Barnes 2015) []: 0.000000 
(PlanetRadius) Planet radius [m]: 7.025817e+06 
(OxygenMantleMass) Mass of oxygen in mantle [kg]: 0.000000 
(RadXUV) XUV radius separating hydro. dyn. escape and equilibrium [m]: -1.000000 
(RadSolid) Radius to the solid surface [m]: -1.000000 
(PresXUV) Pressure at base of thermosphere [(null)]: 5.000000 
(ScaleHeight) Scale height in Lehmer & Catling (2016) model [m]: -1.000000 
(ThermTemp) Isothermal atmospheric temperature [K]: 400.000000 
(AtmGasConst) Atmospheric gas constant [(null)]: 4124.000000 
(PresSurf) Surface pressure due to atmosphere [Pa]: -1.000000 
(DEnvMassDt) Envelope Mass Loss Rate [kg/s]: 0.000000 
(FXUV) XUV flux [W/m^2]: 3.453501 
(AtmXAbsEffH2O) XUV atmospheric escape efficiency for H2O []: 0.300000 
(RocheRadius) Roche Lobe Radius [m]: 4.770129e+07 
(BondiRadius) Bondi Radius [m]: 6.114339e+08 
(HEscapeRegime) Integer flag for H envelope escape regime []: 8.000000 
(RRCriticalFlux) Critical XUV Flux that separates RR and energy-limited escape [W/m^2]: 64.910644 
(CrossoverMass) Crossover mass, defines oxygen is escaping if mc > mo [kg]: 0.000000 
(WaterEscapeRegime) What water escape regime the code is currently in []: 8.000000 
(FXUVCRITDRAG) Critical Drag XUV flux [W/m^2]: 0.528224 
(HREFFLUX) The Hydrogen Reference Flux (m^-2 s^-1) [m^-2 s^-1]: 2.163135e+18 
(XO2) Molecular oxygen mixing ratio in atmosphere []: 0.000000 
(XH2O) Water mixing ratio in upper atmosphere []: 0.000000 
(HDiffFlux) The Hydrogen Diffusion Flux (m^-2 s^-1) [m^-2 s^-1]: 2.545714e+17 
(HRefODragMod) Multiply by H ref flux to get flux with drag []: 1.000000 
(KTide) Mass loss enhancement due to stellar gravity []: 0.780666 
(CumulativeXUVFlux) Cumulative XUV flux [W/m^2]: 2.297539e+18 
(RunawayGreenhouseFlux) Incident flux that triggers runaway greenhouse [kg/sec^3]: 1293.957700 
(RGDuration) Runaway Greenhouse Duration [years]: 0.00000e+00

Output Order: Time[year] CumulativeXUVFlux[W/m^2]
Grid Output Order:
