-------- Log file gj1132.log -------

Executable: /home/vplanet/.local/bin/vplanet
Version: Unknown
System Name: gj1132
Primary Input File: vpl.in
Body File #1: star.in
Body File #2: b.in
Allow files to be overwitten: Yes
Mass Units: Grams
Length Units: Meters
Time Units: Seconds
Angle Units: Radians

------- FORMATTING -----
Verbosity Level: 5
Crossover Decade for Scientific Notation: 4
Number of Digits After Decimal: 6
Integration Method: Runge-Kutta4
Direction: Forward
Time Step: 3.155760e+07
Stop Time: 2.407872e+17
Output Interval: 3.155760e+13
Use Variable Timestep: Yes
dEta: 0.010000
Minimum Value of ecc and obl: 1.000000e-10


---- INITIAL SYSTEM PROPERTIES ----
(Age) System Age [sec]: 1.675468e+14 
(Time) Simulation Time [sec]: 0.000000 
(TotAngMom) Total Angular Momentum [kg*m^2/sec]: 1.522515e+42 
(TotEnergy) Total System Energy [kg*m^2/sec^2]: -1.186860e+40 
(PotEnergy) Body's non-orbital Potential Energy [kg*m^2/sec^2]: -1.192381e+40 
(KinEnergy) Body's non-orbital Kinetic Energy [kg*m^2/sec^2]: 5.526843e+37 
(DeltaTime) Average Timestep Over Last Output Interval [sec]: 0.000000 

----- BODY: star ----
Active Modules: FLARE STELLAR
Module Bit Sum: 577
Color: 000000
(Mass) Mass [kg]: 3.890482e+29 
(Radius) Radius [m]: 5.083321e+08 
(RadGyra) Radius of Gyration/Moment of Inertia Constant []: 0.455972 
(RotAngMom) Rotational Angular Momentum [kg*m^2/sec]: 1.519991e+42 
(RotVel) Rotational Velocity [m/sec]: 3.696696e+04 
(BodyType) Type of Body (0 == planet) []: 0.000000 
(RotRate) Rotational Frequency [/sec]: 7.272205e-05 
(RotPer) Rotational Period [sec]: 8.640000e+04 
(Density) Average Density [kg/m^3]: 707.085868 
(HZLimitDryRunaway) Semi-major axis of Dry Runaway HZ Limit [m]: 3.072348e+10 
(HZLimRecVenus) Recent Venus HZ Limit [m]: 2.752366e+10 
(HZLimRunaway) Runaway Greenhouse HZ Limit [m]: 3.630024e+10 
(HZLimMoistGreenhouse) Moist Greenhouse HZ Limit [m]: 3.641833e+10 
(HZLimMaxGreenhouse) Maximum Greenhouse HZ Limit [m]: 6.920955e+10 
(HZLimEarlyMars) Early Mars HZ Limit [m]: 7.548052e+10 
(Instellation) Orbit-averaged INcident STELLar radiATION [kg/sec^3]: -1.000000 
(CriticalSemiMajorAxis) Holman & Wiegert (1999) P-type Critical Semi-major Axis [m]: -1.000000 
(LXUVTot) Total XUV Luminosity [LSUN]: 2.879771e-05 
(LostEnergy) Body's Total Lost Energy [kg*m^2/sec^2]: 5.562685e-309 
(LostAngMom) Lost Angular Momentum due to Magnetic Braking [kg*m^2/sec]: 5.562685e-309 
(EscapeVelocity) Escape Velocity [m/sec]: 3.196282e+05 
----- STELLAR PARAMETERS (star)------
(Luminosity) Luminosity [LSUN]: 0.051198 
(LXUVStellar) Base X-ray/XUV Luminosity [LSUN]: 2.799146e-05 
(Temperature) Effective Temperature [K]: 3211.860325 
(LXUVFrac) Fraction of luminosity in XUV []: 0.000547 
(RossbyNumber) Rossby Number []: 0.016487 
(DRotPerDtStellar) Time Rate of Change of Rotation Period in STELLAR []: -1.043179e-10 
(WindTorque) Stellar Wind Torque []: 4.563873e+27 
----- FLARE PARAMETERS (star)------
(LXUVFlare) XUV Luminosity from flares [LSUN]: 8.062480e-07 
(FlareFreq1) First value of flare frequency range [/sec]: 3.281338e-05 
(FlareFreq2) Second value of flare frequency range [/sec]: 2.840326e-05 
(FlareFreq3) Third value of flare frequency range [/sec]: 2.458586e-05 
(FlareFreq4) Fourth value of flare frequency range [/sec]: 2.128152e-05 
(FlareFreqMin) Frequency of the flares with the lowest energy [/sec]: 3.281338e-05 
(FlareFreqMid) Frequency of the flares with the middle energy in the energy range [/sec]: 7.748596e-06 
(FlareFreqMax) Frequency of the flares with the highest energy [/sec]: 1.829764e-06 
(FlareEnergy1) First value of flare energy range [kg*m^2/sec^2]: 5.334000e+23 
(FlareEnergy2) Second value of flare energy range [kg*m^2/sec^2]: 6.715108e+23 
(FlareEnergy3) Third value of flare energy range [kg*m^2/sec^2]: 8.453820e+23 
(FlareEnergy4) Fourth value of flare energy range [kg*m^2/sec^2]: 1.064273e+24 
(FlareEnergyMin) Minimum flare energy [kg*m^2/sec^2]: 5.334000e+23 
(FlareEnergyMid) Middle flare energy in the range of energy values [kg*m^2/sec^2]: 5.334000e+24 
(FlareEnergyMax) Maximum flare energy [kg*m^2/sec^2]: 5.334000e+25 
(FlareYIntOUT) Instantaneous Davenport FFD y-intercept at current age and mass []: 19.713141 
(FlareSlopeOUT) Instantaneous Davenport FFD slope at current age and mass []: -0.626828 

Output Order: Time[year] Luminosity[LSUN] LXUVStellar[LSUN] LXUVFlare[LSUN] LXUVTot[LSUN]
Grid Output Order:

----- BODY: b ----
Active Modules: AtmEsc
Module Bit Sum: 9
Color: 000000
(Mass) Mass [kg]: 1.021032e+25 
(Radius) Radius [m]: 7.255324e+06 
(RadGyra) Radius of Gyration/Moment of Inertia Constant []: 0.500000 
(BodyType) Type of Body (0 == planet) []: 0.000000 
(Density) Average Density [kg/m^3]: 6382.346606 
(HZLimitDryRunaway) Semi-major axis of Dry Runaway HZ Limit [m]: 3.072445e+10 
(HZLimRecVenus) Recent Venus HZ Limit [m]: 2.752366e+10 
(HZLimRunaway) Runaway Greenhouse HZ Limit [m]: 3.630024e+10 
(HZLimMoistGreenhouse) Moist Greenhouse HZ Limit [m]: 3.641833e+10 
(HZLimMaxGreenhouse) Maximum Greenhouse HZ Limit [m]: 6.920955e+10 
(HZLimEarlyMars) Early Mars HZ Limit [m]: 7.548052e+10 
(Instellation) Orbit-averaged INcident STELLar radiATION [kg/sec^3]: 2.830021e+05 
(MeanMotion) Orbital Mean Motion [/sec]: 4.464316e-05 
(OrbPeriod) Orbital Period [sec]: 1.407424e+05 
(SemiMajorAxis) Semi-major Axis [m]: 2.353079e+09 
(LXUVTot) Total XUV Luminosity [kg/sec^3]: -1.000000 
(EscapeVelocity) Escape Velocity [m/sec]: 1.370593e+04 
----- ATMESC PARAMETERS (b)------
(SurfWaterMass) Surface water mass [kg]: 0.000000 
(EnvelopeMass) Envelope mass [kg]: 0.000000 
(OxygenMass) Oxygen mass in the atmosphere [kg]: 0.000000 
(RGLimit) Runaway greenhouse semi-major axis [m]: 3.476821e+10 
(XO) Atomic oxygen mixing ratio in upper atmosphere []: 0.000000 
(EtaO) Oxygen eta parameter (Luger and Barnes 2015) []: 0.000000 
(PlanetRadius) Planet radius [m]: 7.255324e+06 
(OxygenMantleMass) Mass of oxygen in mantle [kg]: 0.000000 
(RadXUV) XUV radius separating hydro. dyn. escape and equilibrium [m]: -1.000000 
(RadSolid) Radius to the solid surface [m]: -1.000000 
(PresXUV) Pressure at base of thermosphere [(null)]: 5.000000 
(ScaleHeight) Scale height in Lehmer & Catling (2016) model [m]: -1.000000 
(ThermTemp) Isothermal atmospheric temperature [K]: 400.000000 
(AtmGasConst) Atmospheric gas constant [(null)]: 4124.000000 
(PresSurf) Surface pressure due to atmosphere [Pa]: -1.000000 
(DEnvMassDt) Envelope Mass Loss Rate [kg/s]: 0.000000 
(FXUV) XUV flux [W/m^2]: 159.183473 
(AtmXAbsEffH2O) XUV atmospheric escape efficiency for H2O []: 0.300000 
(RocheRadius) Roche Lobe Radius [m]: 4.848508e+07 
(BondiRadius) Bondi Radius [m]: 3.430925e+08 
(HEscapeRegime) Integer flag for H envelope escape regime []: 8.000000 
(RRCriticalFlux) Critical XUV Flux that separates RR and energy-limited escape [W/m^2]: 64.422249 
(CrossoverMass) Crossover mass, defines oxygen is escaping if mc > mo [kg]: 0.000000 
(WaterEscapeRegime) What water escape regime the code is currently in []: 8.000000 
(FXUVCRITDRAG) Critical Drag XUV flux [W/m^2]: 0.528915 
(HREFFLUX) The Hydrogen Reference Flux (m^-2 s^-1) [m^-2 s^-1]: 9.848770e+19 
(XO2) Molecular oxygen mixing ratio in atmosphere []: 0.000000 
(XH2O) Water mixing ratio in upper atmosphere []: 0.000000 
(HDiffFlux) The Hydrogen Diffusion Flux (m^-2 s^-1) [m^-2 s^-1]: 2.506765e+17 
(HRefODragMod) Multiply by H ref flux to get flux with drag []: 1.000000 
(KTide) Mass loss enhancement due to stellar gravity []: 0.777215 
(CumulativeXUVFlux) Cumulative XUV flux [W/m^2]: 0.000000 
(RunawayGreenhouseFlux) Incident flux that triggers runaway greenhouse [kg/sec^3]: 1296.195972 
(RGDuration) Runaway Greenhouse Duration [years]: 0.00000e+00

Output Order: Time[year] CumulativeXUVFlux[W/m^2]
Grid Output Order:



---- FINAL SYSTEM PROPERTIES ----
(Age) System Age [sec]: 2.409555e+17 
(Time) Simulation Time [sec]: 2.407880e+17 
(TotAngMom) Total Angular Momentum [kg*m^2/sec]: 1.522816e+42 
(TotEnergy) Total System Energy [kg*m^2/sec^2]: -1.185566e+40 
(PotEnergy) Body's non-orbital Potential Energy [kg*m^2/sec^2]: -4.106771e+40 
(KinEnergy) Body's non-orbital Kinetic Energy [kg*m^2/sec^2]: 5.768194e+32 
(DeltaTime) Average Timestep Over Last Output Interval [sec]: 1.577880e+13 

----- BODY: star ----
Active Modules: FLARE STELLAR
Module Bit Sum: 577
Color: 000000
(Mass) Mass [kg]: 3.890482e+29 
(Radius) Radius [m]: 1.475918e+08 
(RadGyra) Radius of Gyration/Moment of Inertia Constant []: 0.460310 
(RotAngMom) Rotational Angular Momentum [kg*m^2/sec]: 1.439293e+39 
(RotVel) Rotational Velocity [m/sec]: 118.299445 
(BodyType) Type of Body (0 == planet) []: 0.000000 
(RotRate) Rotational Frequency [/sec]: 8.015314e-07 
(RotPer) Rotational Period [sec]: 7.838976e+06 
(Density) Average Density [kg/m^3]: 2.888873e+04 
(HZLimitDryRunaway) Semi-major axis of Dry Runaway HZ Limit [m]: 9.130230e+09 
(HZLimRecVenus) Recent Venus HZ Limit [m]: 8.173457e+09 
(HZLimRunaway) Runaway Greenhouse HZ Limit [m]: 1.078333e+10 
(HZLimMoistGreenhouse) Moist Greenhouse HZ Limit [m]: 1.081483e+10 
(HZLimMaxGreenhouse) Maximum Greenhouse HZ Limit [m]: 2.052361e+10 
(HZLimEarlyMars) Early Mars HZ Limit [m]: 2.238328e+10 
(Instellation) Orbit-averaged INcident STELLar radiATION [kg/sec^3]: -1.000000 
(CriticalSemiMajorAxis) Holman & Wiegert (1999) P-type Critical Semi-major Axis [m]: -1.000000 
(LXUVTot) Total XUV Luminosity [LSUN]: 6.931238e-07 
(LostEnergy) Body's Total Lost Energy [kg*m^2/sec^2]: 2.921210e+40 
(LostAngMom) Lost Angular Momentum due to Magnetic Braking [kg*m^2/sec]: 1.518853e+42 
(EscapeVelocity) Escape Velocity [m/sec]: 5.931819e+05 
----- STELLAR PARAMETERS (star)------
(Luminosity) Luminosity [LSUN]: 0.004521 
(LXUVStellar) Base X-ray/XUV Luminosity [LSUN]: 3.068500e-07 
(Temperature) Effective Temperature [K]: 3248.777974 
(LXUVFrac) Fraction of luminosity in XUV []: 6.786627e-05 
(RossbyNumber) Rossby Number []: 1.524398 
(DRotPerDtStellar) Time Rate of Change of Rotation Period in STELLAR []: 1.416930e-11 
(WindTorque) Stellar Wind Torque []: 2.585408e+21 
----- FLARE PARAMETERS (star)------
(LXUVFlare) XUV Luminosity from flares [LSUN]: 3.862734e-07 
(FlareFreq1) First value of flare frequency range [/sec]: 8.671625e-05 
(FlareFreq2) Second value of flare frequency range [/sec]: 6.739495e-05 
(FlareFreq3) Third value of flare frequency range [/sec]: 5.237864e-05 
(FlareFreq4) Fourth value of flare frequency range [/sec]: 4.070813e-05 
(FlareFreqMin) Frequency of the flares with the lowest energy [/sec]: 8.671625e-05 
(FlareFreqMid) Frequency of the flares with the middle energy in the energy range [/sec]: 6.972191e-06 
(FlareFreqMax) Frequency of the flares with the highest energy [/sec]: 5.605805e-07 
(FlareEnergy1) First value of flare energy range [kg*m^2/sec^2]: 5.334000e+23 
(FlareEnergy2) Second value of flare energy range [kg*m^2/sec^2]: 6.715108e+23 
(FlareEnergy3) Third value of flare energy range [kg*m^2/sec^2]: 8.453820e+23 
(FlareEnergy4) Fourth value of flare energy range [kg*m^2/sec^2]: 1.064273e+24 
(FlareEnergyMin) Minimum flare energy [kg*m^2/sec^2]: 5.334000e+23 
(FlareEnergyMid) Middle flare energy in the range of energy values [kg*m^2/sec^2]: 5.334000e+24 
(FlareEnergyMax) Maximum flare energy [kg*m^2/sec^2]: 5.334000e+25 
(FlareYIntOUT) Instantaneous Davenport FFD y-intercept at current age and mass []: 34.512480 
(FlareSlopeOUT) Instantaneous Davenport FFD slope at current age and mass []: -1.094731 

Output Order: Time[year] Luminosity[LSUN] LXUVStellar[LSUN] LXUVFlare[LSUN] LXUVTot[LSUN]
Grid Output Order:

----- BODY: b ----
Active Modules: AtmEsc
Module Bit Sum: 9
Color: 000000
(Mass) Mass [kg]: 1.021032e+25 
(Radius) Radius [m]: 7.255324e+06 
(RadGyra) Radius of Gyration/Moment of Inertia Constant []: 0.500000 
(BodyType) Type of Body (0 == planet) []: 0.000000 
(Density) Average Density [kg/m^3]: 6382.346606 
(HZLimitDryRunaway) Semi-major axis of Dry Runaway HZ Limit [m]: 9.130517e+09 
(HZLimRecVenus) Recent Venus HZ Limit [m]: 8.173457e+09 
(HZLimRunaway) Runaway Greenhouse HZ Limit [m]: 1.078333e+10 
(HZLimMoistGreenhouse) Moist Greenhouse HZ Limit [m]: 1.081483e+10 
(HZLimMaxGreenhouse) Maximum Greenhouse HZ Limit [m]: 2.052361e+10 
(HZLimEarlyMars) Early Mars HZ Limit [m]: 2.238328e+10 
(Instellation) Orbit-averaged INcident STELLar radiATION [kg/sec^3]: 2.499264e+04 
(MeanMotion) Orbital Mean Motion [/sec]: 4.464316e-05 
(OrbPeriod) Orbital Period [sec]: 1.407424e+05 
(SemiMajorAxis) Semi-major Axis [m]: 2.353079e+09 
(LXUVTot) Total XUV Luminosity [kg/sec^3]: -1.000000 
(EscapeVelocity) Escape Velocity [m/sec]: 1.370593e+04 
----- ATMESC PARAMETERS (b)------
(SurfWaterMass) Surface water mass [kg]: 0.000000 
(EnvelopeMass) Envelope mass [kg]: 0.000000 
(OxygenMass) Oxygen mass in the atmosphere [kg]: 0.000000 
(RGLimit) Runaway greenhouse semi-major axis [m]: 1.032839e+10 
(XO) Atomic oxygen mixing ratio in upper atmosphere []: 0.000000 
(EtaO) Oxygen eta parameter (Luger and Barnes 2015) []: 0.000000 
(PlanetRadius) Planet radius [m]: 7.255324e+06 
(OxygenMantleMass) Mass of oxygen in mantle [kg]: 0.000000 
(RadXUV) XUV radius separating hydro. dyn. escape and equilibrium [m]: -1.000000 
(RadSolid) Radius to the solid surface [m]: -1.000000 
(PresXUV) Pressure at base of thermosphere [(null)]: 5.000000 
(ScaleHeight) Scale height in Lehmer & Catling (2016) model [m]: -1.000000 
(ThermTemp) Isothermal atmospheric temperature [K]: 400.000000 
(AtmGasConst) Atmospheric gas constant [(null)]: 4124.000000 
(PresSurf) Surface pressure due to atmosphere [Pa]: -1.000000 
(DEnvMassDt) Envelope Mass Loss Rate [kg/s]: 0.000000 
(FXUV) XUV flux [W/m^2]: 3.831342 
(AtmXAbsEffH2O) XUV atmospheric escape efficiency for H2O []: 0.300000 
(RocheRadius) Roche Lobe Radius [m]: 4.848508e+07 
(BondiRadius) Bondi Radius [m]: 6.294925e+08 
(HEscapeRegime) Integer flag for H envelope escape regime []: 8.000000 
(RRCriticalFlux) Critical XUV Flux that separates RR and energy-limited escape [W/m^2]: 64.422249 
(CrossoverMass) Crossover mass, defines oxygen is escaping if mc > mo [kg]: 0.000000 
(WaterEscapeRegime) What water escape regime the code is currently in []: 8.000000 
(FXUVCRITDRAG) Critical Drag XUV flux [W/m^2]: 0.528915 
(HREFFLUX) The Hydrogen Reference Flux (m^-2 s^-1) [m^-2 s^-1]: 2.370473e+18 
(XO2) Molecular oxygen mixing ratio in atmosphere []: 0.000000 
(XH2O) Water mixing ratio in upper atmosphere []: 0.000000 
(HDiffFlux) The Hydrogen Diffusion Flux (m^-2 s^-1) [m^-2 s^-1]: 2.506765e+17 
(HRefODragMod) Multiply by H ref flux to get flux with drag []: 1.000000 
(KTide) Mass loss enhancement due to stellar gravity []: 0.777215 
(CumulativeXUVFlux) Cumulative XUV flux [W/m^2]: 1.799588e+18 
(RunawayGreenhouseFlux) Incident flux that triggers runaway greenhouse [kg/sec^3]: 1297.157317 
(RGDuration) Runaway Greenhouse Duration [years]: 0.00000e+00

Output Order: Time[year] CumulativeXUVFlux[W/m^2]
Grid Output Order:
