-------- Log file gj1132.log -------

Executable: /home/vplanet/.local/bin/vplanet
Version: Unknown
System Name: gj1132
Primary Input File: vpl.in
Body File #1: star.in
Body File #2: b.in
Allow files to be overwitten: Yes
Mass Units: Grams
Length Units: Meters
Time Units: Seconds
Angle Units: Radians

------- FORMATTING -----
Verbosity Level: 5
Crossover Decade for Scientific Notation: 4
Number of Digits After Decimal: 6
Integration Method: Runge-Kutta4
Direction: Forward
Time Step: 3.155760e+07
Stop Time: 2.259184e+17
Output Interval: 3.155760e+13
Use Variable Timestep: Yes
dEta: 0.010000
Minimum Value of ecc and obl: 1.000000e-10


---- INITIAL SYSTEM PROPERTIES ----
(Age) System Age [sec]: 1.428530e+14 
(Time) Simulation Time [sec]: 0.000000 
(TotAngMom) Total Angular Momentum [kg*m^2/sec]: 1.733533e+42 
(TotEnergy) Total System Energy [kg*m^2/sec^2]: -1.125221e+40 
(PotEnergy) Body's non-orbital Potential Energy [kg*m^2/sec^2]: -1.131510e+40 
(KinEnergy) Body's non-orbital Kinetic Energy [kg*m^2/sec^2]: 6.294277e+37 
(DeltaTime) Average Timestep Over Last Output Interval [sec]: 0.000000 

----- BODY: star ----
Active Modules: FLARE STELLAR
Module Bit Sum: 577
Color: 000000
(Mass) Mass [kg]: 3.912809e+29 
(Radius) Radius [m]: 5.418445e+08 
(RadGyra) Radius of Gyration/Moment of Inertia Constant []: 0.455201 
(RotAngMom) Rotational Angular Momentum [kg*m^2/sec]: 1.731050e+42 
(RotVel) Rotational Velocity [m/sec]: 3.940405e+04 
(BodyType) Type of Body (0 == planet) []: 0.000000 
(RotRate) Rotational Frequency [/sec]: 7.272205e-05 
(RotPer) Rotational Period [sec]: 8.640000e+04 
(Density) Average Density [kg/m^3]: 587.186421 
(HZLimitDryRunaway) Semi-major axis of Dry Runaway HZ Limit [m]: 3.253497e+10 
(HZLimRecVenus) Recent Venus HZ Limit [m]: 2.915203e+10 
(HZLimRunaway) Runaway Greenhouse HZ Limit [m]: 3.844445e+10 
(HZLimMoistGreenhouse) Moist Greenhouse HZ Limit [m]: 3.857293e+10 
(HZLimMaxGreenhouse) Maximum Greenhouse HZ Limit [m]: 7.333180e+10 
(HZLimEarlyMars) Early Mars HZ Limit [m]: 7.997623e+10 
(Instellation) Orbit-averaged INcident STELLar radiATION [kg/sec^3]: -1.000000 
(CriticalSemiMajorAxis) Holman & Wiegert (1999) P-type Critical Semi-major Axis [m]: -1.000000 
(LXUVTot) Total XUV Luminosity [LSUN]: 0.000296 
(LostEnergy) Body's Total Lost Energy [kg*m^2/sec^2]: 5.562685e-309 
(LostAngMom) Lost Angular Momentum due to Magnetic Braking [kg*m^2/sec]: 5.562685e-309 
(EscapeVelocity) Escape Velocity [m/sec]: 3.104733e+05 
----- STELLAR PARAMETERS (star)------
(Luminosity) Luminosity [LSUN]: 0.057413 
(LXUVStellar) Base X-ray/XUV Luminosity [LSUN]: 0.000283 
(Temperature) Effective Temperature [K]: 3201.952642 
(LXUVFrac) Fraction of luminosity in XUV []: 0.004929 
(RossbyNumber) Rossby Number []: 0.016404 
(DRotPerDtStellar) Time Rate of Change of Rotation Period in STELLAR []: -1.002969e-10 
(WindTorque) Stellar Wind Torque []: 6.390792e+27 
----- FLARE PARAMETERS (star)------
(LXUVFlare) XUV Luminosity from flares [LSUN]: 1.280552e-05 
(FlareFreq1) First value of flare frequency range [/sec]: 1.873645e-06 
(FlareFreq2) Second value of flare frequency range [/sec]: 1.515627e-06 
(FlareFreq3) Third value of flare frequency range [/sec]: 1.226019e-06 
(FlareFreq4) Fourth value of flare frequency range [/sec]: 9.917495e-07 
(FlareFreqMin) Frequency of the flares with the lowest energy [/sec]: 1.873645e-06 
(FlareFreqMid) Frequency of the flares with the middle energy in the energy range [/sec]: 2.247688e-07 
(FlareFreqMax) Frequency of the flares with the highest energy [/sec]: 2.696403e-08 
(FlareEnergy1) First value of flare energy range [kg*m^2/sec^2]: 5.334000e+25 
(FlareEnergy2) Second value of flare energy range [kg*m^2/sec^2]: 7.534475e+25 
(FlareEnergy3) Third value of flare energy range [kg*m^2/sec^2]: 1.064273e+26 
(FlareEnergy4) Fourth value of flare energy range [kg*m^2/sec^2]: 1.503325e+26 
(FlareEnergyMin) Minimum flare energy [kg*m^2/sec^2]: 5.334000e+25 
(FlareEnergyMid) Middle flare energy in the range of energy values [kg*m^2/sec^2]: 1.686759e+27 
(FlareEnergyMax) Maximum flare energy [kg*m^2/sec^2]: 5.334000e+28 
(FlareYIntOUT) Instantaneous Davenport FFD y-intercept at current age and mass []: 19.302549 
(FlareSlopeOUT) Instantaneous Davenport FFD slope at current age and mass []: -0.613968 

Output Order: Time[year] Luminosity[LSUN] LXUVStellar[LSUN] LXUVFlare[LSUN] LXUVTot[LSUN]
Grid Output Order:

----- BODY: b ----
Active Modules: AtmEsc
Module Bit Sum: 9
Color: 000000
(Mass) Mass [kg]: 1.000409e+25 
(Radius) Radius [m]: 7.233656e+06 
(RadGyra) Radius of Gyration/Moment of Inertia Constant []: 0.500000 
(BodyType) Type of Body (0 == planet) []: 0.000000 
(Density) Average Density [kg/m^3]: 6309.794924 
(HZLimitDryRunaway) Semi-major axis of Dry Runaway HZ Limit [m]: 3.253529e+10 
(HZLimRecVenus) Recent Venus HZ Limit [m]: 2.915203e+10 
(HZLimRunaway) Runaway Greenhouse HZ Limit [m]: 3.844445e+10 
(HZLimMoistGreenhouse) Moist Greenhouse HZ Limit [m]: 3.857293e+10 
(HZLimMaxGreenhouse) Maximum Greenhouse HZ Limit [m]: 7.333180e+10 
(HZLimEarlyMars) Early Mars HZ Limit [m]: 7.997623e+10 
(Instellation) Orbit-averaged INcident STELLar radiATION [kg/sec^3]: 3.161518e+05 
(MeanMotion) Orbital Mean Motion [/sec]: 4.464409e-05 
(OrbPeriod) Orbital Period [sec]: 1.407395e+05 
(SemiMajorAxis) Semi-major Axis [m]: 2.357538e+09 
(LXUVTot) Total XUV Luminosity [kg/sec^3]: -1.000000 
(EscapeVelocity) Escape Velocity [m/sec]: 1.358711e+04 
----- ATMESC PARAMETERS (b)------
(SurfWaterMass) Surface water mass [kg]: 0.000000 
(EnvelopeMass) Envelope mass [kg]: 0.000000 
(OxygenMass) Oxygen mass in the atmosphere [kg]: 0.000000 
(RGLimit) Runaway greenhouse semi-major axis [m]: 3.683952e+10 
(XO) Atomic oxygen mixing ratio in upper atmosphere []: 0.000000 
(EtaO) Oxygen eta parameter (Luger and Barnes 2015) []: 0.000000 
(PlanetRadius) Planet radius [m]: 7.233656e+06 
(OxygenMantleMass) Mass of oxygen in mantle [kg]: 0.000000 
(RadXUV) XUV radius separating hydro. dyn. escape and equilibrium [m]: -1.000000 
(RadSolid) Radius to the solid surface [m]: -1.000000 
(PresXUV) Pressure at base of thermosphere [(null)]: 5.000000 
(ScaleHeight) Scale height in Lehmer & Catling (2016) model [m]: -1.000000 
(ThermTemp) Isothermal atmospheric temperature [K]: 400.000000 
(AtmGasConst) Atmospheric gas constant [(null)]: 4124.000000 
(PresSurf) Surface pressure due to atmosphere [Pa]: -1.000000 
(DEnvMassDt) Envelope Mass Loss Rate [kg/s]: 0.000000 
(FXUV) XUV flux [W/m^2]: 1628.792871 
(AtmXAbsEffH2O) XUV atmospheric escape efficiency for H2O []: 0.300000 
(RocheRadius) Roche Lobe Radius [m]: 4.815573e+07 
(BondiRadius) Bondi Radius [m]: 3.262994e+08 
(HEscapeRegime) Integer flag for H envelope escape regime []: 8.000000 
(RRCriticalFlux) Critical XUV Flux that separates RR and energy-limited escape [W/m^2]: 62.268512 
(CrossoverMass) Crossover mass, defines oxygen is escaping if mc > mo [kg]: 0.000000 
(WaterEscapeRegime) What water escape regime the code is currently in []: 8.000000 
(FXUVCRITDRAG) Critical Drag XUV flux [W/m^2]: 0.512341 
(HREFFLUX) The Hydrogen Reference Flux (m^-2 s^-1) [m^-2 s^-1]: 1.026557e+21 
(XO2) Molecular oxygen mixing ratio in atmosphere []: 0.000000 
(XH2O) Water mixing ratio in upper atmosphere []: 0.000000 
(HDiffFlux) The Hydrogen Diffusion Flux (m^-2 s^-1) [m^-2 s^-1]: 2.470868e+17 
(HRefODragMod) Multiply by H ref flux to get flux with drag []: 1.000000 
(KTide) Mass loss enhancement due to stellar gravity []: 0.776374 
(CumulativeXUVFlux) Cumulative XUV flux [W/m^2]: 0.000000 
(RunawayGreenhouseFlux) Incident flux that triggers runaway greenhouse [kg/sec^3]: 1294.721908 
(RGDuration) Runaway Greenhouse Duration [years]: 0.00000e+00

Output Order: Time[year] CumulativeXUVFlux[W/m^2]
Grid Output Order:



---- FINAL SYSTEM PROPERTIES ----
(Age) System Age [sec]: 2.260637e+17 
(Time) Simulation Time [sec]: 2.259209e+17 
(TotAngMom) Total Angular Momentum [kg*m^2/sec]: 1.733857e+42 
(TotEnergy) Total System Energy [kg*m^2/sec^2]: -1.126299e+40 
(PotEnergy) Body's non-orbital Potential Energy [kg*m^2/sec^2]: -4.123459e+40 
(KinEnergy) Body's non-orbital Kinetic Energy [kg*m^2/sec^2]: 6.156438e+32 
(DeltaTime) Average Timestep Over Last Output Interval [sec]: 1.577880e+13 

----- BODY: star ----
Active Modules: FLARE STELLAR
Module Bit Sum: 577
Color: 000000
(Mass) Mass [kg]: 3.912809e+29 
(Radius) Radius [m]: 1.486864e+08 
(RadGyra) Radius of Gyration/Moment of Inertia Constant []: 0.460260 
(RotAngMom) Rotational Angular Momentum [kg*m^2/sec]: 1.502098e+39 
(RotVel) Rotational Velocity [m/sec]: 121.880017 
(BodyType) Type of Body (0 == planet) []: 0.000000 
(RotRate) Rotational Frequency [/sec]: 8.197117e-07 
(RotPer) Rotational Period [sec]: 7.665116e+06 
(Density) Average Density [kg/m^3]: 2.841751e+04 
(HZLimitDryRunaway) Semi-major axis of Dry Runaway HZ Limit [m]: 9.206658e+09 
(HZLimRecVenus) Recent Venus HZ Limit [m]: 8.241352e+09 
(HZLimRunaway) Runaway Greenhouse HZ Limit [m]: 1.087322e+10 
(HZLimMoistGreenhouse) Moist Greenhouse HZ Limit [m]: 1.090466e+10 
(HZLimMaxGreenhouse) Maximum Greenhouse HZ Limit [m]: 2.069154e+10 
(HZLimEarlyMars) Early Mars HZ Limit [m]: 2.256642e+10 
(Instellation) Orbit-averaged INcident STELLar radiATION [kg/sec^3]: -1.000000 
(CriticalSemiMajorAxis) Holman & Wiegert (1999) P-type Critical Semi-major Axis [m]: -1.000000 
(LXUVTot) Total XUV Luminosity [LSUN]: 8.444437e-07 
(LostEnergy) Body's Total Lost Energy [kg*m^2/sec^2]: 2.997165e+40 
(LostAngMom) Lost Angular Momentum due to Magnetic Braking [kg*m^2/sec]: 1.729872e+42 
(EscapeVelocity) Escape Velocity [m/sec]: 5.926876e+05 
----- STELLAR PARAMETERS (star)------
(Luminosity) Luminosity [LSUN]: 0.004597 
(LXUVStellar) Base X-ray/XUV Luminosity [LSUN]: 4.888115e-07 
(Temperature) Effective Temperature [K]: 3252.015230 
(LXUVFrac) Fraction of luminosity in XUV []: 0.000106 
(RossbyNumber) Rossby Number []: 1.493062 
(DRotPerDtStellar) Time Rate of Change of Rotation Period in STELLAR []: 1.716672e-11 
(WindTorque) Stellar Wind Torque []: 2.997029e+21 
----- FLARE PARAMETERS (star)------
(LXUVFlare) XUV Luminosity from flares [LSUN]: 3.556108e-07 
(FlareFreq1) First value of flare frequency range [/sec]: 5.676316e-07 
(FlareFreq2) Second value of flare frequency range [/sec]: 3.894869e-07 
(FlareFreq3) Third value of flare frequency range [/sec]: 2.672509e-07 
(FlareFreq4) Fourth value of flare frequency range [/sec]: 1.833773e-07 
(FlareFreqMin) Frequency of the flares with the lowest energy [/sec]: 5.676316e-07 
(FlareFreqMid) Frequency of the flares with the middle energy in the energy range [/sec]: 1.313197e-08 
(FlareFreqMax) Frequency of the flares with the highest energy [/sec]: 3.038037e-10 
(FlareEnergy1) First value of flare energy range [kg*m^2/sec^2]: 5.334000e+25 
(FlareEnergy2) Second value of flare energy range [kg*m^2/sec^2]: 7.534475e+25 
(FlareEnergy3) Third value of flare energy range [kg*m^2/sec^2]: 1.064273e+26 
(FlareEnergy4) Fourth value of flare energy range [kg*m^2/sec^2]: 1.503325e+26 
(FlareEnergyMin) Minimum flare energy [kg*m^2/sec^2]: 5.334000e+25 
(FlareEnergyMid) Middle flare energy in the range of energy values [kg*m^2/sec^2]: 1.686759e+27 
(FlareEnergyMax) Maximum flare energy [kg*m^2/sec^2]: 5.334000e+28 
(FlareYIntOUT) Instantaneous Davenport FFD y-intercept at current age and mass []: 34.379143 
(FlareSlopeOUT) Instantaneous Davenport FFD slope at current age and mass []: -1.090491 

Output Order: Time[year] Luminosity[LSUN] LXUVStellar[LSUN] LXUVFlare[LSUN] LXUVTot[LSUN]
Grid Output Order:

----- BODY: b ----
Active Modules: AtmEsc
Module Bit Sum: 9
Color: 000000
(Mass) Mass [kg]: 1.000409e+25 
(Radius) Radius [m]: 7.233656e+06 
(RadGyra) Radius of Gyration/Moment of Inertia Constant []: 0.500000 
(BodyType) Type of Body (0 == planet) []: 0.000000 
(Density) Average Density [kg/m^3]: 6309.794924 
(HZLimitDryRunaway) Semi-major axis of Dry Runaway HZ Limit [m]: 9.206750e+09 
(HZLimRecVenus) Recent Venus HZ Limit [m]: 8.241352e+09 
(HZLimRunaway) Runaway Greenhouse HZ Limit [m]: 1.087322e+10 
(HZLimMoistGreenhouse) Moist Greenhouse HZ Limit [m]: 1.090466e+10 
(HZLimMaxGreenhouse) Maximum Greenhouse HZ Limit [m]: 2.069154e+10 
(HZLimEarlyMars) Early Mars HZ Limit [m]: 2.256642e+10 
(Instellation) Orbit-averaged INcident STELLar radiATION [kg/sec^3]: 2.531623e+04 
(MeanMotion) Orbital Mean Motion [/sec]: 4.464409e-05 
(OrbPeriod) Orbital Period [sec]: 1.407395e+05 
(SemiMajorAxis) Semi-major Axis [m]: 2.357538e+09 
(LXUVTot) Total XUV Luminosity [kg/sec^3]: -1.000000 
(EscapeVelocity) Escape Velocity [m/sec]: 1.358711e+04 
----- ATMESC PARAMETERS (b)------
(SurfWaterMass) Surface water mass [kg]: 0.000000 
(EnvelopeMass) Envelope mass [kg]: 0.000000 
(OxygenMass) Oxygen mass in the atmosphere [kg]: 0.000000 
(RGLimit) Runaway greenhouse semi-major axis [m]: 1.041951e+10 
(XO) Atomic oxygen mixing ratio in upper atmosphere []: 0.000000 
(EtaO) Oxygen eta parameter (Luger and Barnes 2015) []: 0.000000 
(PlanetRadius) Planet radius [m]: 7.233656e+06 
(OxygenMantleMass) Mass of oxygen in mantle [kg]: 0.000000 
(RadXUV) XUV radius separating hydro. dyn. escape and equilibrium [m]: -1.000000 
(RadSolid) Radius to the solid surface [m]: -1.000000 
(PresXUV) Pressure at base of thermosphere [(null)]: 5.000000 
(ScaleHeight) Scale height in Lehmer & Catling (2016) model [m]: -1.000000 
(ThermTemp) Isothermal atmospheric temperature [K]: 400.000000 
(AtmGasConst) Atmospheric gas constant [(null)]: 4124.000000 
(PresSurf) Surface pressure due to atmosphere [Pa]: -1.000000 
(DEnvMassDt) Envelope Mass Loss Rate [kg/s]: 0.000000 
(FXUV) XUV flux [W/m^2]: 4.650043 
(AtmXAbsEffH2O) XUV atmospheric escape efficiency for H2O []: 0.300000 
(RocheRadius) Roche Lobe Radius [m]: 4.815573e+07 
(BondiRadius) Bondi Radius [m]: 6.133104e+08 
(HEscapeRegime) Integer flag for H envelope escape regime []: 8.000000 
(RRCriticalFlux) Critical XUV Flux that separates RR and energy-limited escape [W/m^2]: 62.268512 
(CrossoverMass) Crossover mass, defines oxygen is escaping if mc > mo [kg]: 0.000000 
(WaterEscapeRegime) What water escape regime the code is currently in []: 8.000000 
(FXUVCRITDRAG) Critical Drag XUV flux [W/m^2]: 0.512341 
(HREFFLUX) The Hydrogen Reference Flux (m^-2 s^-1) [m^-2 s^-1]: 2.930719e+18 
(XO2) Molecular oxygen mixing ratio in atmosphere []: 0.000000 
(XH2O) Water mixing ratio in upper atmosphere []: 0.000000 
(HDiffFlux) The Hydrogen Diffusion Flux (m^-2 s^-1) [m^-2 s^-1]: 2.470868e+17 
(HRefODragMod) Multiply by H ref flux to get flux with drag []: 1.000000 
(KTide) Mass loss enhancement due to stellar gravity []: 0.776374 
(CumulativeXUVFlux) Cumulative XUV flux [W/m^2]: 8.526101e+18 
(RunawayGreenhouseFlux) Incident flux that triggers runaway greenhouse [kg/sec^3]: 1296.023434 
(RGDuration) Runaway Greenhouse Duration [years]: 0.00000e+00

Output Order: Time[year] CumulativeXUVFlux[W/m^2]
Grid Output Order:
