-------- Log file gj1132.log -------

Executable: /home/vplanet/.local/bin/vplanet
Version: Unknown
System Name: gj1132
Primary Input File: vpl.in
Body File #1: star.in
Body File #2: b.in
Allow files to be overwitten: Yes
Mass Units: Grams
Length Units: Meters
Time Units: Seconds
Angle Units: Radians

------- FORMATTING -----
Verbosity Level: 5
Crossover Decade for Scientific Notation: 4
Number of Digits After Decimal: 6
Integration Method: Runge-Kutta4
Direction: Forward
Time Step: 3.155760e+07
Stop Time: 2.201566e+17
Output Interval: 3.155760e+13
Use Variable Timestep: Yes
dEta: 0.010000
Minimum Value of ecc and obl: 1.000000e-10


---- INITIAL SYSTEM PROPERTIES ----
(Age) System Age [sec]: 8.028961e+13 
(Time) Simulation Time [sec]: 0.000000 
(TotAngMom) Total Angular Momentum [kg*m^2/sec]: 2.554654e+42 
(TotEnergy) Total System Energy [kg*m^2/sec^2]: -8.632010e+39 
(PotEnergy) Body's non-orbital Potential Energy [kg*m^2/sec^2]: -8.724757e+39 
(KinEnergy) Body's non-orbital Kinetic Energy [kg*m^2/sec^2]: 9.280147e+37 
(DeltaTime) Average Timestep Over Last Output Interval [sec]: 0.000000 

----- BODY: star ----
Active Modules: FLARE STELLAR
Module Bit Sum: 577
Color: 000000
(Mass) Mass [kg]: 3.822967e+29 
(Radius) Radius [m]: 6.708159e+08 
(RadGyra) Radius of Gyration/Moment of Inertia Constant []: 0.451672 
(RotAngMom) Rotational Angular Momentum [kg*m^2/sec]: 2.552224e+42 
(RotVel) Rotational Velocity [m/sec]: 4.878311e+04 
(BodyType) Type of Body (0 == planet) []: 0.000000 
(RotRate) Rotational Frequency [/sec]: 7.272205e-05 
(RotPer) Rotational Period [sec]: 8.640000e+04 
(Density) Average Density [kg/m^3]: 302.344331 
(HZLimitDryRunaway) Semi-major axis of Dry Runaway HZ Limit [m]: 3.941323e+10 
(HZLimRecVenus) Recent Venus HZ Limit [m]: 3.533850e+10 
(HZLimRunaway) Runaway Greenhouse HZ Limit [m]: 4.658851e+10 
(HZLimMoistGreenhouse) Moist Greenhouse HZ Limit [m]: 4.675865e+10 
(HZLimMaxGreenhouse) Maximum Greenhouse HZ Limit [m]: 8.901163e+10 
(HZLimEarlyMars) Early Mars HZ Limit [m]: 9.707659e+10 
(Instellation) Orbit-averaged INcident STELLar radiATION [kg/sec^3]: -1.000000 
(CriticalSemiMajorAxis) Holman & Wiegert (1999) P-type Critical Semi-major Axis [m]: -1.000000 
(LXUVTot) Total XUV Luminosity [LSUN]: 0.000241 
(LostEnergy) Body's Total Lost Energy [kg*m^2/sec^2]: 5.562685e-309 
(LostAngMom) Lost Angular Momentum due to Magnetic Braking [kg*m^2/sec]: 5.562685e-309 
(EscapeVelocity) Escape Velocity [m/sec]: 2.758137e+05 
----- STELLAR PARAMETERS (star)------
(Luminosity) Luminosity [LSUN]: 0.084254 
(LXUVStellar) Base X-ray/XUV Luminosity [LSUN]: 0.000224 
(Temperature) Effective Temperature [K]: 3167.090661 
(LXUVFrac) Fraction of luminosity in XUV []: 0.002654 
(RossbyNumber) Rossby Number []: 0.016113 
(DRotPerDtStellar) Time Rate of Change of Rotation Period in STELLAR []: -1.260410e-10 
(WindTorque) Stellar Wind Torque []: 2.026903e+28 
----- FLARE PARAMETERS (star)------
(LXUVFlare) XUV Luminosity from flares [LSUN]: 1.714949e-05 
(FlareFreq1) First value of flare frequency range [/sec]: 2.049325e-06 
(FlareFreq2) Second value of flare frequency range [/sec]: 1.677779e-06 
(FlareFreq3) Third value of flare frequency range [/sec]: 1.373595e-06 
(FlareFreq4) Fourth value of flare frequency range [/sec]: 1.124560e-06 
(FlareFreqMin) Frequency of the flares with the lowest energy [/sec]: 2.049325e-06 
(FlareFreqMid) Frequency of the flares with the middle energy in the energy range [/sec]: 2.772366e-07 
(FlareFreqMax) Frequency of the flares with the highest energy [/sec]: 3.750510e-08 
(FlareEnergy1) First value of flare energy range [kg*m^2/sec^2]: 5.334000e+25 
(FlareEnergy2) Second value of flare energy range [kg*m^2/sec^2]: 7.534475e+25 
(FlareEnergy3) Third value of flare energy range [kg*m^2/sec^2]: 1.064273e+26 
(FlareEnergy4) Fourth value of flare energy range [kg*m^2/sec^2]: 1.503325e+26 
(FlareEnergyMin) Minimum flare energy [kg*m^2/sec^2]: 5.334000e+25 
(FlareEnergyMid) Middle flare energy in the range of energy values [kg*m^2/sec^2]: 1.686759e+27 
(FlareEnergyMax) Maximum flare energy [kg*m^2/sec^2]: 5.334000e+28 
(FlareYIntOUT) Instantaneous Davenport FFD y-intercept at current age and mass []: 18.202766 
(FlareSlopeOUT) Instantaneous Davenport FFD slope at current age and mass []: -0.579173 

Output Order: Time[year] Luminosity[LSUN] LXUVStellar[LSUN] LXUVFlare[LSUN] LXUVTot[LSUN]
Grid Output Order:

----- BODY: b ----
Active Modules: AtmEsc
Module Bit Sum: 9
Color: 000000
(Mass) Mass [kg]: 9.947363e+24 
(Radius) Radius [m]: 7.332333e+06 
(RadGyra) Radius of Gyration/Moment of Inertia Constant []: 0.500000 
(BodyType) Type of Body (0 == planet) []: 0.000000 
(Density) Average Density [kg/m^3]: 6024.108645 
(HZLimitDryRunaway) Semi-major axis of Dry Runaway HZ Limit [m]: 3.941401e+10 
(HZLimRecVenus) Recent Venus HZ Limit [m]: 3.533850e+10 
(HZLimRunaway) Runaway Greenhouse HZ Limit [m]: 4.658851e+10 
(HZLimMoistGreenhouse) Moist Greenhouse HZ Limit [m]: 4.675865e+10 
(HZLimMaxGreenhouse) Maximum Greenhouse HZ Limit [m]: 8.901163e+10 
(HZLimEarlyMars) Early Mars HZ Limit [m]: 9.707659e+10 
(Instellation) Orbit-averaged INcident STELLar radiATION [kg/sec^3]: 4.712041e+05 
(MeanMotion) Orbital Mean Motion [/sec]: 4.464413e-05 
(OrbPeriod) Orbital Period [sec]: 1.407394e+05 
(SemiMajorAxis) Semi-major Axis [m]: 2.339354e+09 
(LXUVTot) Total XUV Luminosity [kg/sec^3]: -1.000000 
(EscapeVelocity) Escape Velocity [m/sec]: 1.345706e+04 
----- ATMESC PARAMETERS (b)------
(SurfWaterMass) Surface water mass [kg]: 0.000000 
(EnvelopeMass) Envelope mass [kg]: 0.000000 
(OxygenMass) Oxygen mass in the atmosphere [kg]: 0.000000 
(RGLimit) Runaway greenhouse semi-major axis [m]: 4.464886e+10 
(XO) Atomic oxygen mixing ratio in upper atmosphere []: 0.000000 
(EtaO) Oxygen eta parameter (Luger and Barnes 2015) []: 0.000000 
(PlanetRadius) Planet radius [m]: 7.332333e+06 
(OxygenMantleMass) Mass of oxygen in mantle [kg]: 0.000000 
(RadXUV) XUV radius separating hydro. dyn. escape and equilibrium [m]: -1.000000 
(RadSolid) Radius to the solid surface [m]: -1.000000 
(PresXUV) Pressure at base of thermosphere [(null)]: 5.000000 
(ScaleHeight) Scale height in Lehmer & Catling (2016) model [m]: -1.000000 
(ThermTemp) Isothermal atmospheric temperature [K]: 400.000000 
(AtmGasConst) Atmospheric gas constant [(null)]: 4124.000000 
(PresSurf) Surface pressure due to atmosphere [Pa]: -1.000000 
(DEnvMassDt) Envelope Mass Loss Rate [kg/s]: 0.000000 
(FXUV) XUV flux [W/m^2]: 1346.538234 
(AtmXAbsEffH2O) XUV atmospheric escape efficiency for H2O []: 0.300000 
(RocheRadius) Roche Lobe Radius [m]: 4.806452e+07 
(BondiRadius) Bondi Radius [m]: 2.959500e+08 
(HEscapeRegime) Integer flag for H envelope escape regime []: 8.000000 
(RRCriticalFlux) Critical XUV Flux that separates RR and energy-limited escape [W/m^2]: 58.591459 
(CrossoverMass) Crossover mass, defines oxygen is escaping if mc > mo [kg]: 0.000000 
(WaterEscapeRegime) What water escape regime the code is currently in []: 8.000000 
(FXUVCRITDRAG) Critical Drag XUV flux [W/m^2]: 0.486370 
(HREFFLUX) The Hydrogen Reference Flux (m^-2 s^-1) [m^-2 s^-1]: 8.689821e+20 
(XO2) Molecular oxygen mixing ratio in atmosphere []: 0.000000 
(XH2O) Water mixing ratio in upper atmosphere []: 0.000000 
(HDiffFlux) The Hydrogen Diffusion Flux (m^-2 s^-1) [m^-2 s^-1]: 2.391175e+17 
(HRefODragMod) Multiply by H ref flux to get flux with drag []: 1.000000 
(KTide) Mass loss enhancement due to stellar gravity []: 0.772947 
(CumulativeXUVFlux) Cumulative XUV flux [W/m^2]: 0.000000 
(RunawayGreenhouseFlux) Incident flux that triggers runaway greenhouse [kg/sec^3]: 1293.489759 
(RGDuration) Runaway Greenhouse Duration [years]: 0.00000e+00

Output Order: Time[year] CumulativeXUVFlux[W/m^2]
Grid Output Order:



---- FINAL SYSTEM PROPERTIES ----
(Age) System Age [sec]: 2.202372e+17 
(Time) Simulation Time [sec]: 2.201569e+17 
(TotAngMom) Total Angular Momentum [kg*m^2/sec]: 2.563346e+42 
(TotEnergy) Total System Energy [kg*m^2/sec^2]: -8.627718e+39 
(PotEnergy) Body's non-orbital Potential Energy [kg*m^2/sec^2]: -4.053793e+40 
(KinEnergy) Body's non-orbital Kinetic Energy [kg*m^2/sec^2]: 6.251564e+32 
(DeltaTime) Average Timestep Over Last Output Interval [sec]: 1.660926e+12 

----- BODY: star ----
Active Modules: FLARE STELLAR
Module Bit Sum: 577
Color: 000000
(Mass) Mass [kg]: 3.822967e+29 
(Radius) Radius [m]: 1.443760e+08 
(RadGyra) Radius of Gyration/Moment of Inertia Constant []: 0.460448 
(RotAngMom) Rotational Angular Momentum [kg*m^2/sec]: 1.453401e+39 
(RotVel) Rotational Velocity [m/sec]: 124.201953 
(BodyType) Type of Body (0 == planet) []: 0.000000 
(RotRate) Rotational Frequency [/sec]: 8.602672e-07 
(RotPer) Rotational Period [sec]: 7.303760e+06 
(Density) Average Density [kg/m^3]: 3.032681e+04 
(HZLimitDryRunaway) Semi-major axis of Dry Runaway HZ Limit [m]: 8.900577e+09 
(HZLimRecVenus) Recent Venus HZ Limit [m]: 7.969388e+09 
(HZLimRunaway) Runaway Greenhouse HZ Limit [m]: 1.051318e+10 
(HZLimMoistGreenhouse) Moist Greenhouse HZ Limit [m]: 1.054481e+10 
(HZLimMaxGreenhouse) Maximum Greenhouse HZ Limit [m]: 2.001863e+10 
(HZLimEarlyMars) Early Mars HZ Limit [m]: 2.183253e+10 
(Instellation) Orbit-averaged INcident STELLar radiATION [kg/sec^3]: -1.000000 
(CriticalSemiMajorAxis) Holman & Wiegert (1999) P-type Critical Semi-major Axis [m]: -1.000000 
(LXUVTot) Total XUV Luminosity [LSUN]: 7.770123e-07 
(LostEnergy) Body's Total Lost Energy [kg*m^2/sec^2]: 3.191027e+40 
(LostAngMom) Lost Angular Momentum due to Magnetic Braking [kg*m^2/sec]: 2.559463e+42 
(EscapeVelocity) Escape Velocity [m/sec]: 5.945247e+05 
----- STELLAR PARAMETERS (star)------
(Luminosity) Luminosity [LSUN]: 0.004297 
(LXUVStellar) Base X-ray/XUV Luminosity [LSUN]: 4.206215e-07 
(Temperature) Effective Temperature [K]: 3239.049481 
(LXUVFrac) Fraction of luminosity in XUV []: 9.789184e-05 
(RossbyNumber) Rossby Number []: 1.413258 
(DRotPerDtStellar) Time Rate of Change of Rotation Period in STELLAR []: 3.017127e-11 
(WindTorque) Stellar Wind Torque []: 3.312358e+21 
----- FLARE PARAMETERS (star)------
(LXUVFlare) XUV Luminosity from flares [LSUN]: 3.563904e-07 
(FlareFreq1) First value of flare frequency range [/sec]: 5.583420e-07 
(FlareFreq2) Second value of flare frequency range [/sec]: 3.837032e-07 
(FlareFreq3) Third value of flare frequency range [/sec]: 2.636881e-07 
(FlareFreq4) Fourth value of flare frequency range [/sec]: 1.812115e-07 
(FlareFreqMin) Frequency of the flares with the lowest energy [/sec]: 5.583420e-07 
(FlareFreqMid) Frequency of the flares with the middle energy in the energy range [/sec]: 1.311751e-08 
(FlareFreqMax) Frequency of the flares with the highest energy [/sec]: 3.081788e-10 
(FlareEnergy1) First value of flare energy range [kg*m^2/sec^2]: 5.334000e+25 
(FlareEnergy2) Second value of flare energy range [kg*m^2/sec^2]: 7.534475e+25 
(FlareEnergy3) Third value of flare energy range [kg*m^2/sec^2]: 1.064273e+26 
(FlareEnergy4) Fourth value of flare energy range [kg*m^2/sec^2]: 1.503325e+26 
(FlareEnergyMin) Minimum flare energy [kg*m^2/sec^2]: 5.334000e+25 
(FlareEnergyMid) Middle flare energy in the range of energy values [kg*m^2/sec^2]: 1.686759e+27 
(FlareEnergyMax) Maximum flare energy [kg*m^2/sec^2]: 5.334000e+28 
(FlareYIntOUT) Instantaneous Davenport FFD y-intercept at current age and mass []: 34.226058 
(FlareSlopeOUT) Instantaneous Davenport FFD slope at current age and mass []: -1.086033 

Output Order: Time[year] Luminosity[LSUN] LXUVStellar[LSUN] LXUVFlare[LSUN] LXUVTot[LSUN]
Grid Output Order:

----- BODY: b ----
Active Modules: AtmEsc
Module Bit Sum: 9
Color: 000000
(Mass) Mass [kg]: 9.947363e+24 
(Radius) Radius [m]: 7.332333e+06 
(RadGyra) Radius of Gyration/Moment of Inertia Constant []: 0.500000 
(BodyType) Type of Body (0 == planet) []: 0.000000 
(Density) Average Density [kg/m^3]: 6024.108645 
(HZLimitDryRunaway) Semi-major axis of Dry Runaway HZ Limit [m]: 8.900752e+09 
(HZLimRecVenus) Recent Venus HZ Limit [m]: 7.969388e+09 
(HZLimRunaway) Runaway Greenhouse HZ Limit [m]: 1.051318e+10 
(HZLimMoistGreenhouse) Moist Greenhouse HZ Limit [m]: 1.054481e+10 
(HZLimMaxGreenhouse) Maximum Greenhouse HZ Limit [m]: 2.001863e+10 
(HZLimEarlyMars) Early Mars HZ Limit [m]: 2.183253e+10 
(Instellation) Orbit-averaged INcident STELLar radiATION [kg/sec^3]: 2.403041e+04 
(MeanMotion) Orbital Mean Motion [/sec]: 4.464413e-05 
(OrbPeriod) Orbital Period [sec]: 1.407394e+05 
(SemiMajorAxis) Semi-major Axis [m]: 2.339354e+09 
(LXUVTot) Total XUV Luminosity [kg/sec^3]: -1.000000 
(EscapeVelocity) Escape Velocity [m/sec]: 1.345706e+04 
----- ATMESC PARAMETERS (b)------
(SurfWaterMass) Surface water mass [kg]: 0.000000 
(EnvelopeMass) Envelope mass [kg]: 0.000000 
(OxygenMass) Oxygen mass in the atmosphere [kg]: 0.000000 
(RGLimit) Runaway greenhouse semi-major axis [m]: 1.007570e+10 
(XO) Atomic oxygen mixing ratio in upper atmosphere []: 0.000000 
(EtaO) Oxygen eta parameter (Luger and Barnes 2015) []: 0.000000 
(PlanetRadius) Planet radius [m]: 7.332333e+06 
(OxygenMantleMass) Mass of oxygen in mantle [kg]: 0.000000 
(RadXUV) XUV radius separating hydro. dyn. escape and equilibrium [m]: -1.000000 
(RadSolid) Radius to the solid surface [m]: -1.000000 
(PresXUV) Pressure at base of thermosphere [(null)]: 5.000000 
(ScaleHeight) Scale height in Lehmer & Catling (2016) model [m]: -1.000000 
(ThermTemp) Isothermal atmospheric temperature [K]: 400.000000 
(AtmGasConst) Atmospheric gas constant [(null)]: 4124.000000 
(PresSurf) Surface pressure due to atmosphere [Pa]: -1.000000 
(DEnvMassDt) Envelope Mass Loss Rate [kg/s]: 0.000000 
(FXUV) XUV flux [W/m^2]: 4.345544 
(AtmXAbsEffH2O) XUV atmospheric escape efficiency for H2O []: 0.300000 
(RocheRadius) Roche Lobe Radius [m]: 4.806452e+07 
(BondiRadius) Bondi Radius [m]: 6.237569e+08 
(HEscapeRegime) Integer flag for H envelope escape regime []: 8.000000 
(RRCriticalFlux) Critical XUV Flux that separates RR and energy-limited escape [W/m^2]: 58.591459 
(CrossoverMass) Crossover mass, defines oxygen is escaping if mc > mo [kg]: 0.000000 
(WaterEscapeRegime) What water escape regime the code is currently in []: 8.000000 
(FXUVCRITDRAG) Critical Drag XUV flux [W/m^2]: 0.486370 
(HREFFLUX) The Hydrogen Reference Flux (m^-2 s^-1) [m^-2 s^-1]: 2.804376e+18 
(XO2) Molecular oxygen mixing ratio in atmosphere []: 0.000000 
(XH2O) Water mixing ratio in upper atmosphere []: 0.000000 
(HDiffFlux) The Hydrogen Diffusion Flux (m^-2 s^-1) [m^-2 s^-1]: 2.391175e+17 
(HRefODragMod) Multiply by H ref flux to get flux with drag []: 1.000000 
(KTide) Mass loss enhancement due to stellar gravity []: 0.772947 
(CumulativeXUVFlux) Cumulative XUV flux [W/m^2]: 3.721057e+18 
(RunawayGreenhouseFlux) Incident flux that triggers runaway greenhouse [kg/sec^3]: 1295.343923 
(RGDuration) Runaway Greenhouse Duration [years]: 0.00000e+00

Output Order: Time[year] CumulativeXUVFlux[W/m^2]
Grid Output Order:
