-------- Log file gj1132.log -------

Executable: /home/vplanet/.local/bin/vplanet
Version: Unknown
System Name: gj1132
Primary Input File: vpl.in
Body File #1: star.in
Body File #2: b.in
Allow files to be overwitten: Yes
Mass Units: Grams
Length Units: Meters
Time Units: Seconds
Angle Units: Radians

------- FORMATTING -----
Verbosity Level: 5
Crossover Decade for Scientific Notation: 4
Number of Digits After Decimal: 6
Integration Method: Runge-Kutta4
Direction: Forward
Time Step: 3.155760e+07
Stop Time: 3.517576e+17
Output Interval: 3.155760e+13
Use Variable Timestep: Yes
dEta: 0.010000
Minimum Value of ecc and obl: 1.000000e-10


---- INITIAL SYSTEM PROPERTIES ----
(Age) System Age [sec]: 1.581295e+14 
(Time) Simulation Time [sec]: 0.000000 
(TotAngMom) Total Angular Momentum [kg*m^2/sec]: 1.658541e+42 
(TotEnergy) Total System Energy [kg*m^2/sec^2]: -1.187747e+40 
(PotEnergy) Body's non-orbital Potential Energy [kg*m^2/sec^2]: -1.193763e+40 
(KinEnergy) Body's non-orbital Kinetic Energy [kg*m^2/sec^2]: 6.021451e+37 
(DeltaTime) Average Timestep Over Last Output Interval [sec]: 0.000000 

----- BODY: star ----
Active Modules: FLARE STELLAR
Module Bit Sum: 577
Color: 000000
(Mass) Mass [kg]: 3.960572e+29 
(Radius) Radius [m]: 5.262031e+08 
(RadGyra) Radius of Gyration/Moment of Inertia Constant []: 0.455687 
(RotAngMom) Rotational Angular Momentum [kg*m^2/sec]: 1.656018e+42 
(RotVel) Rotational Velocity [m/sec]: 3.826657e+04 
(BodyType) Type of Body (0 == planet) []: 0.000000 
(RotRate) Rotational Frequency [/sec]: 7.272205e-05 
(RotPer) Rotational Period [sec]: 8.640000e+04 
(Density) Average Density [kg/m^3]: 648.946744 
(HZLimitDryRunaway) Semi-major axis of Dry Runaway HZ Limit [m]: 3.185620e+10 
(HZLimRecVenus) Recent Venus HZ Limit [m]: 2.853553e+10 
(HZLimRunaway) Runaway Greenhouse HZ Limit [m]: 3.763653e+10 
(HZLimMoistGreenhouse) Moist Greenhouse HZ Limit [m]: 3.775720e+10 
(HZLimMaxGreenhouse) Maximum Greenhouse HZ Limit [m]: 7.173965e+10 
(HZLimEarlyMars) Early Mars HZ Limit [m]: 7.823989e+10 
(Instellation) Orbit-averaged INcident STELLar radiATION [kg/sec^3]: -1.000000 
(CriticalSemiMajorAxis) Holman & Wiegert (1999) P-type Critical Semi-major Axis [m]: -1.000000 
(LXUVTot) Total XUV Luminosity [LSUN]: 3.030788e-05 
(LostEnergy) Body's Total Lost Energy [kg*m^2/sec^2]: 5.562685e-309 
(LostAngMom) Lost Angular Momentum due to Magnetic Braking [kg*m^2/sec]: 5.562685e-309 
(EscapeVelocity) Escape Velocity [m/sec]: 3.169710e+05 
----- STELLAR PARAMETERS (star)------
(Luminosity) Luminosity [LSUN]: 0.055042 
(LXUVStellar) Base X-ray/XUV Luminosity [LSUN]: 2.949665e-05 
(Temperature) Effective Temperature [K]: 3217.089026 
(LXUVFrac) Fraction of luminosity in XUV []: 0.000536 
(RossbyNumber) Rossby Number []: 0.016531 
(DRotPerDtStellar) Time Rate of Change of Rotation Period in STELLAR []: -1.187839e-10 
(WindTorque) Stellar Wind Torque []: 5.422445e+27 
----- FLARE PARAMETERS (star)------
(LXUVFlare) XUV Luminosity from flares [LSUN]: 8.112296e-07 
(FlareFreq1) First value of flare frequency range [/sec]: 3.209179e-05 
(FlareFreq2) Second value of flare frequency range [/sec]: 2.782398e-05 
(FlareFreq3) Third value of flare frequency range [/sec]: 2.412374e-05 
(FlareFreq4) Fourth value of flare frequency range [/sec]: 2.091558e-05 
(FlareFreqMin) Frequency of the flares with the lowest energy [/sec]: 3.209179e-05 
(FlareFreqMid) Frequency of the flares with the middle energy in the energy range [/sec]: 7.702778e-06 
(FlareFreqMax) Frequency of the flares with the highest energy [/sec]: 1.848846e-06 
(FlareEnergy1) First value of flare energy range [kg*m^2/sec^2]: 5.334000e+23 
(FlareEnergy2) Second value of flare energy range [kg*m^2/sec^2]: 6.715108e+23 
(FlareEnergy3) Third value of flare energy range [kg*m^2/sec^2]: 8.453820e+23 
(FlareEnergy4) Fourth value of flare energy range [kg*m^2/sec^2]: 1.064273e+24 
(FlareEnergyMin) Minimum flare energy [kg*m^2/sec^2]: 5.334000e+23 
(FlareEnergyMid) Middle flare energy in the range of energy values [kg*m^2/sec^2]: 5.334000e+24 
(FlareEnergyMax) Maximum flare energy [kg*m^2/sec^2]: 5.334000e+25 
(FlareYIntOUT) Instantaneous Davenport FFD y-intercept at current age and mass []: 19.485892 
(FlareSlopeOUT) Instantaneous Davenport FFD slope at current age and mass []: -0.619747 

Output Order: Time[year] Luminosity[LSUN] LXUVStellar[LSUN] LXUVFlare[LSUN] LXUVTot[LSUN]
Grid Output Order:

----- BODY: b ----
Active Modules: AtmEsc
Module Bit Sum: 9
Color: 000000
(Mass) Mass [kg]: 1.008531e+25 
(Radius) Radius [m]: 7.200951e+06 
(RadGyra) Radius of Gyration/Moment of Inertia Constant []: 0.500000 
(BodyType) Type of Body (0 == planet) []: 0.000000 
(Density) Average Density [kg/m^3]: 6448.091810 
(HZLimitDryRunaway) Semi-major axis of Dry Runaway HZ Limit [m]: 3.185628e+10 
(HZLimRecVenus) Recent Venus HZ Limit [m]: 2.853553e+10 
(HZLimRunaway) Runaway Greenhouse HZ Limit [m]: 3.763653e+10 
(HZLimMoistGreenhouse) Moist Greenhouse HZ Limit [m]: 3.775720e+10 
(HZLimMaxGreenhouse) Maximum Greenhouse HZ Limit [m]: 7.173965e+10 
(HZLimEarlyMars) Early Mars HZ Limit [m]: 7.823989e+10 
(Instellation) Orbit-averaged INcident STELLar radiATION [kg/sec^3]: 3.006394e+05 
(MeanMotion) Orbital Mean Motion [/sec]: 4.464248e-05 
(OrbPeriod) Orbital Period [sec]: 1.407446e+05 
(SemiMajorAxis) Semi-major Axis [m]: 2.367149e+09 
(LXUVTot) Total XUV Luminosity [kg/sec^3]: -1.000000 
(EscapeVelocity) Escape Velocity [m/sec]: 1.367310e+04 
----- ATMESC PARAMETERS (b)------
(SurfWaterMass) Surface water mass [kg]: 0.000000 
(EnvelopeMass) Envelope mass [kg]: 0.000000 
(OxygenMass) Oxygen mass in the atmosphere [kg]: 0.000000 
(RGLimit) Runaway greenhouse semi-major axis [m]: 3.605892e+10 
(XO) Atomic oxygen mixing ratio in upper atmosphere []: 0.000000 
(EtaO) Oxygen eta parameter (Luger and Barnes 2015) []: 0.000000 
(PlanetRadius) Planet radius [m]: 7.200951e+06 
(OxygenMantleMass) Mass of oxygen in mantle [kg]: 0.000000 
(RadXUV) XUV radius separating hydro. dyn. escape and equilibrium [m]: -1.000000 
(RadSolid) Radius to the solid surface [m]: -1.000000 
(PresXUV) Pressure at base of thermosphere [(null)]: 5.000000 
(ScaleHeight) Scale height in Lehmer & Catling (2016) model [m]: -1.000000 
(ThermTemp) Isothermal atmospheric temperature [K]: 400.000000 
(AtmGasConst) Atmospheric gas constant [(null)]: 4124.000000 
(PresSurf) Surface pressure due to atmosphere [Pa]: -1.000000 
(DEnvMassDt) Envelope Mass Loss Rate [kg/s]: 0.000000 
(FXUV) XUV flux [W/m^2]: 165.540735 
(AtmXAbsEffH2O) XUV atmospheric escape efficiency for H2O []: 0.300000 
(RocheRadius) Roche Lobe Radius [m]: 4.828687e+07 
(BondiRadius) Bondi Radius [m]: 3.315562e+08 
(HEscapeRegime) Integer flag for H envelope escape regime []: 8.000000 
(RRCriticalFlux) Critical XUV Flux that separates RR and energy-limited escape [W/m^2]: 64.413215 
(CrossoverMass) Crossover mass, defines oxygen is escaping if mc > mo [kg]: 0.000000 
(WaterEscapeRegime) What water escape regime the code is currently in []: 8.000000 
(FXUVCRITDRAG) Critical Drag XUV flux [W/m^2]: 0.527821 
(HREFFLUX) The Hydrogen Reference Flux (m^-2 s^-1) [m^-2 s^-1]: 1.028141e+20 
(XO2) Molecular oxygen mixing ratio in atmosphere []: 0.000000 
(XH2O) Water mixing ratio in upper atmosphere []: 0.000000 
(HDiffFlux) The Hydrogen Diffusion Flux (m^-2 s^-1) [m^-2 s^-1]: 2.513608e+17 
(HRefODragMod) Multiply by H ref flux to get flux with drag []: 1.000000 
(KTide) Mass loss enhancement due to stellar gravity []: 0.777965 
(CumulativeXUVFlux) Cumulative XUV flux [W/m^2]: 0.000000 
(RunawayGreenhouseFlux) Incident flux that triggers runaway greenhouse [kg/sec^3]: 1295.595490 
(RGDuration) Runaway Greenhouse Duration [years]: 0.00000e+00

Output Order: Time[year] CumulativeXUVFlux[W/m^2]
Grid Output Order:



---- FINAL SYSTEM PROPERTIES ----
(Age) System Age [sec]: 3.519307e+17 
(Time) Simulation Time [sec]: 3.517726e+17 
(TotAngMom) Total Angular Momentum [kg*m^2/sec]: 1.658434e+42 
(TotEnergy) Total System Energy [kg*m^2/sec^2]: -1.173093e+40 
(PotEnergy) Body's non-orbital Potential Energy [kg*m^2/sec^2]: -4.117960e+40 
(KinEnergy) Body's non-orbital Kinetic Energy [kg*m^2/sec^2]: 4.421013e+32 
(DeltaTime) Average Timestep Over Last Output Interval [sec]: 3.155760e+13 

----- BODY: star ----
Active Modules: FLARE STELLAR
Module Bit Sum: 577
Color: 000000
(Mass) Mass [kg]: 3.960572e+29 
(Radius) Radius [m]: 1.525420e+08 
(RadGyra) Radius of Gyration/Moment of Inertia Constant []: 0.460127 
(RotAngMom) Rotational Angular Momentum [kg*m^2/sec]: 1.313476e+39 
(RotVel) Rotational Velocity [m/sec]: 102.687823 
(BodyType) Type of Body (0 == planet) []: 0.000000 
(RotRate) Rotational Frequency [/sec]: 6.731774e-07 
(RotPer) Rotational Period [sec]: 9.333625e+06 
(Density) Average Density [kg/m^3]: 2.663796e+04 
(HZLimitDryRunaway) Semi-major axis of Dry Runaway HZ Limit [m]: 9.490467e+09 
(HZLimRecVenus) Recent Venus HZ Limit [m]: 8.493687e+09 
(HZLimRunaway) Runaway Greenhouse HZ Limit [m]: 1.120718e+10 
(HZLimMoistGreenhouse) Moist Greenhouse HZ Limit [m]: 1.123854e+10 
(HZLimMaxGreenhouse) Maximum Greenhouse HZ Limit [m]: 2.131671e+10 
(HZLimEarlyMars) Early Mars HZ Limit [m]: 2.324826e+10 
(Instellation) Orbit-averaged INcident STELLar radiATION [kg/sec^3]: -1.000000 
(CriticalSemiMajorAxis) Holman & Wiegert (1999) P-type Critical Semi-major Axis [m]: -1.000000 
(LXUVTot) Total XUV Luminosity [LSUN]: 6.202352e-07 
(LostEnergy) Body's Total Lost Energy [kg*m^2/sec^2]: 2.944873e+40 
(LostAngMom) Lost Angular Momentum due to Magnetic Braking [kg*m^2/sec]: 1.654598e+42 
(EscapeVelocity) Escape Velocity [m/sec]: 5.887101e+05 
----- STELLAR PARAMETERS (star)------
(Luminosity) Luminosity [LSUN]: 0.004885 
(LXUVStellar) Base X-ray/XUV Luminosity [LSUN]: 2.460008e-07 
(Temperature) Effective Temperature [K]: 3262.267898 
(LXUVFrac) Fraction of luminosity in XUV []: 5.035618e-05 
(RossbyNumber) Rossby Number []: 1.827638 
(DRotPerDtStellar) Time Rate of Change of Rotation Period in STELLAR []: 9.045748e-12 
(WindTorque) Stellar Wind Torque []: 1.272965e+21 
----- FLARE PARAMETERS (star)------
(LXUVFlare) XUV Luminosity from flares [LSUN]: 3.742319e-07 
(FlareFreq1) First value of flare frequency range [/sec]: 9.027543e-05 
(FlareFreq2) Second value of flare frequency range [/sec]: 6.980599e-05 
(FlareFreq3) Third value of flare frequency range [/sec]: 5.397788e-05 
(FlareFreq4) Fourth value of flare frequency range [/sec]: 4.173871e-05 
(FlareFreqMin) Frequency of the flares with the lowest energy [/sec]: 9.027543e-05 
(FlareFreqMid) Frequency of the flares with the middle energy in the energy range [/sec]: 6.899236e-06 
(FlareFreqMax) Frequency of the flares with the highest energy [/sec]: 5.272693e-07 
(FlareEnergy1) First value of flare energy range [kg*m^2/sec^2]: 5.334000e+23 
(FlareEnergy2) Second value of flare energy range [kg*m^2/sec^2]: 6.715108e+23 
(FlareEnergy3) Third value of flare energy range [kg*m^2/sec^2]: 8.453820e+23 
(FlareEnergy4) Fourth value of flare energy range [kg*m^2/sec^2]: 1.064273e+24 
(FlareEnergyMin) Minimum flare energy [kg*m^2/sec^2]: 5.334000e+23 
(FlareEnergyMid) Middle flare energy in the range of energy values [kg*m^2/sec^2]: 5.334000e+24 
(FlareEnergyMax) Maximum flare energy [kg*m^2/sec^2]: 5.334000e+25 
(FlareYIntOUT) Instantaneous Davenport FFD y-intercept at current age and mass []: 35.207090 
(FlareSlopeOUT) Instantaneous Davenport FFD slope at current age and mass []: -1.116769 

Output Order: Time[year] Luminosity[LSUN] LXUVStellar[LSUN] LXUVFlare[LSUN] LXUVTot[LSUN]
Grid Output Order:

----- BODY: b ----
Active Modules: AtmEsc
Module Bit Sum: 9
Color: 000000
(Mass) Mass [kg]: 1.008531e+25 
(Radius) Radius [m]: 7.200951e+06 
(RadGyra) Radius of Gyration/Moment of Inertia Constant []: 0.500000 
(BodyType) Type of Body (0 == planet) []: 0.000000 
(Density) Average Density [kg/m^3]: 6448.091810 
(HZLimitDryRunaway) Semi-major axis of Dry Runaway HZ Limit [m]: 9.490491e+09 
(HZLimRecVenus) Recent Venus HZ Limit [m]: 8.493687e+09 
(HZLimRunaway) Runaway Greenhouse HZ Limit [m]: 1.120718e+10 
(HZLimMoistGreenhouse) Moist Greenhouse HZ Limit [m]: 1.123854e+10 
(HZLimMaxGreenhouse) Maximum Greenhouse HZ Limit [m]: 2.131671e+10 
(HZLimEarlyMars) Early Mars HZ Limit [m]: 2.324826e+10 
(Instellation) Orbit-averaged INcident STELLar radiATION [kg/sec^3]: 2.668290e+04 
(MeanMotion) Orbital Mean Motion [/sec]: 4.464248e-05 
(OrbPeriod) Orbital Period [sec]: 1.407446e+05 
(SemiMajorAxis) Semi-major Axis [m]: 2.367149e+09 
(LXUVTot) Total XUV Luminosity [kg/sec^3]: -1.000000 
(EscapeVelocity) Escape Velocity [m/sec]: 1.367310e+04 
----- ATMESC PARAMETERS (b)------
(SurfWaterMass) Surface water mass [kg]: 0.000000 
(EnvelopeMass) Envelope mass [kg]: 0.000000 
(OxygenMass) Oxygen mass in the atmosphere [kg]: 0.000000 
(RGLimit) Runaway greenhouse semi-major axis [m]: 1.073763e+10 
(XO) Atomic oxygen mixing ratio in upper atmosphere []: 0.000000 
(EtaO) Oxygen eta parameter (Luger and Barnes 2015) []: 0.000000 
(PlanetRadius) Planet radius [m]: 7.200951e+06 
(OxygenMantleMass) Mass of oxygen in mantle [kg]: 0.000000 
(RadXUV) XUV radius separating hydro. dyn. escape and equilibrium [m]: -1.000000 
(RadSolid) Radius to the solid surface [m]: -1.000000 
(PresXUV) Pressure at base of thermosphere [(null)]: 5.000000 
(ScaleHeight) Scale height in Lehmer & Catling (2016) model [m]: -1.000000 
(ThermTemp) Isothermal atmospheric temperature [K]: 400.000000 
(AtmGasConst) Atmospheric gas constant [(null)]: 4124.000000 
(PresSurf) Surface pressure due to atmosphere [Pa]: -1.000000 
(DEnvMassDt) Envelope Mass Loss Rate [kg/s]: 0.000000 
(FXUV) XUV flux [W/m^2]: 3.387706 
(AtmXAbsEffH2O) XUV atmospheric escape efficiency for H2O []: 0.300000 
(RocheRadius) Roche Lobe Radius [m]: 4.828687e+07 
(BondiRadius) Bondi Radius [m]: 6.072711e+08 
(HEscapeRegime) Integer flag for H envelope escape regime []: 8.000000 
(RRCriticalFlux) Critical XUV Flux that separates RR and energy-limited escape [W/m^2]: 64.413215 
(CrossoverMass) Crossover mass, defines oxygen is escaping if mc > mo [kg]: 0.000000 
(WaterEscapeRegime) What water escape regime the code is currently in []: 8.000000 
(FXUVCRITDRAG) Critical Drag XUV flux [W/m^2]: 0.527821 
(HREFFLUX) The Hydrogen Reference Flux (m^-2 s^-1) [m^-2 s^-1]: 2.104038e+18 
(XO2) Molecular oxygen mixing ratio in atmosphere []: 0.000000 
(XH2O) Water mixing ratio in upper atmosphere []: 0.000000 
(HDiffFlux) The Hydrogen Diffusion Flux (m^-2 s^-1) [m^-2 s^-1]: 2.513608e+17 
(HRefODragMod) Multiply by H ref flux to get flux with drag []: 1.000000 
(KTide) Mass loss enhancement due to stellar gravity []: 0.777965 
(CumulativeXUVFlux) Cumulative XUV flux [W/m^2]: 2.759127e+18 
(RunawayGreenhouseFlux) Incident flux that triggers runaway greenhouse [kg/sec^3]: 1296.776879 
(RGDuration) Runaway Greenhouse Duration [years]: 0.00000e+00

Output Order: Time[year] CumulativeXUVFlux[W/m^2]
Grid Output Order:
