-------- Log file gj1132.log -------

Executable: /home/vplanet/.local/bin/vplanet
Version: Unknown
System Name: gj1132
Primary Input File: vpl.in
Body File #1: star.in
Body File #2: b.in
Allow files to be overwitten: Yes
Mass Units: Grams
Length Units: Meters
Time Units: Seconds
Angle Units: Radians

------- FORMATTING -----
Verbosity Level: 5
Crossover Decade for Scientific Notation: 4
Number of Digits After Decimal: 6
Integration Method: Runge-Kutta4
Direction: Forward
Time Step: 3.155760e+07
Stop Time: 2.244461e+17
Output Interval: 3.155760e+13
Use Variable Timestep: Yes
dEta: 0.010000
Minimum Value of ecc and obl: 1.000000e-10


---- INITIAL SYSTEM PROPERTIES ----
(Age) System Age [sec]: 1.696057e+14 
(Time) Simulation Time [sec]: 0.000000 
(TotAngMom) Total Angular Momentum [kg*m^2/sec]: 1.624670e+42 
(TotEnergy) Total System Energy [kg*m^2/sec^2]: -1.257141e+40 
(PotEnergy) Body's non-orbital Potential Energy [kg*m^2/sec^2]: -1.263034e+40 
(KinEnergy) Body's non-orbital Kinetic Energy [kg*m^2/sec^2]: 5.898198e+37 
(DeltaTime) Average Timestep Over Last Output Interval [sec]: 0.000000 

----- BODY: star ----
Active Modules: FLARE STELLAR
Module Bit Sum: 577
Color: 000000
(Mass) Mass [kg]: 4.033373e+29 
(Radius) Radius [m]: 5.157955e+08 
(RadGyra) Radius of Gyration/Moment of Inertia Constant []: 0.455929 
(RotAngMom) Rotational Angular Momentum [kg*m^2/sec]: 1.622121e+42 
(RotVel) Rotational Velocity [m/sec]: 3.750971e+04 
(BodyType) Type of Body (0 == planet) []: 0.000000 
(RotRate) Rotational Frequency [/sec]: 7.272205e-05 
(RotPer) Rotational Period [sec]: 8.640000e+04 
(Density) Average Density [kg/m^3]: 701.693049 
(HZLimitDryRunaway) Semi-major axis of Dry Runaway HZ Limit [m]: 3.144720e+10 
(HZLimRecVenus) Recent Venus HZ Limit [m]: 2.816339e+10 
(HZLimRunaway) Runaway Greenhouse HZ Limit [m]: 3.714922e+10 
(HZLimMoistGreenhouse) Moist Greenhouse HZ Limit [m]: 3.726479e+10 
(HZLimMaxGreenhouse) Maximum Greenhouse HZ Limit [m]: 7.077549e+10 
(HZLimEarlyMars) Early Mars HZ Limit [m]: 7.718842e+10 
(Instellation) Orbit-averaged INcident STELLar radiATION [kg/sec^3]: -1.000000 
(CriticalSemiMajorAxis) Holman & Wiegert (1999) P-type Critical Semi-major Axis [m]: -1.000000 
(LXUVTot) Total XUV Luminosity [LSUN]: 0.000206 
(LostEnergy) Body's Total Lost Energy [kg*m^2/sec^2]: 5.562685e-309 
(LostAngMom) Lost Angular Momentum due to Magnetic Braking [kg*m^2/sec]: 5.562685e-309 
(EscapeVelocity) Escape Velocity [m/sec]: 3.230819e+05 
----- STELLAR PARAMETERS (star)------
(Luminosity) Luminosity [LSUN]: 0.053638 
(LXUVStellar) Base X-ray/XUV Luminosity [LSUN]: 0.000194 
(Temperature) Effective Temperature [K]: 3227.679457 
(LXUVFrac) Fraction of luminosity in XUV []: 0.003617 
(RossbyNumber) Rossby Number []: 0.016621 
(DRotPerDtStellar) Time Rate of Change of Rotation Period in STELLAR []: -1.069928e-10 
(WindTorque) Stellar Wind Torque []: 4.815596e+27 
----- FLARE PARAMETERS (star)------
(LXUVFlare) XUV Luminosity from flares [LSUN]: 1.197374e-05 
(FlareFreq1) First value of flare frequency range [/sec]: 1.825161e-06 
(FlareFreq2) Second value of flare frequency range [/sec]: 1.472788e-06 
(FlareFreq3) Third value of flare frequency range [/sec]: 1.188447e-06 
(FlareFreq4) Fourth value of flare frequency range [/sec]: 9.590007e-07 
(FlareFreqMin) Frequency of the flares with the lowest energy [/sec]: 1.825161e-06 
(FlareFreqMid) Frequency of the flares with the middle energy in the energy range [/sec]: 2.136455e-07 
(FlareFreqMax) Frequency of the flares with the highest energy [/sec]: 2.500843e-08 
(FlareEnergy1) First value of flare energy range [kg*m^2/sec^2]: 5.334000e+25 
(FlareEnergy2) Second value of flare energy range [kg*m^2/sec^2]: 7.534475e+25 
(FlareEnergy3) Third value of flare energy range [kg*m^2/sec^2]: 1.064273e+26 
(FlareEnergy4) Fourth value of flare energy range [kg*m^2/sec^2]: 1.503325e+26 
(FlareEnergyMin) Minimum flare energy [kg*m^2/sec^2]: 5.334000e+25 
(FlareEnergyMid) Middle flare energy in the range of energy values [kg*m^2/sec^2]: 1.686759e+27 
(FlareEnergyMax) Maximum flare energy [kg*m^2/sec^2]: 5.334000e+28 
(FlareYIntOUT) Instantaneous Davenport FFD y-intercept at current age and mass []: 19.523657 
(FlareSlopeOUT) Instantaneous Davenport FFD slope at current age and mass []: -0.621072 

Output Order: Time[year] Luminosity[LSUN] LXUVStellar[LSUN] LXUVFlare[LSUN] LXUVTot[LSUN]
Grid Output Order:

----- BODY: b ----
Active Modules: AtmEsc
Module Bit Sum: 9
Color: 000000
(Mass) Mass [kg]: 1.006928e+25 
(Radius) Radius [m]: 7.008436e+06 
(RadGyra) Radius of Gyration/Moment of Inertia Constant []: 0.500000 
(BodyType) Type of Body (0 == planet) []: 0.000000 
(Density) Average Density [kg/m^3]: 6983.068591 
(HZLimitDryRunaway) Semi-major axis of Dry Runaway HZ Limit [m]: 3.144722e+10 
(HZLimRecVenus) Recent Venus HZ Limit [m]: 2.816339e+10 
(HZLimRunaway) Runaway Greenhouse HZ Limit [m]: 3.714922e+10 
(HZLimMoistGreenhouse) Moist Greenhouse HZ Limit [m]: 3.726479e+10 
(HZLimMaxGreenhouse) Maximum Greenhouse HZ Limit [m]: 7.077549e+10 
(HZLimEarlyMars) Early Mars HZ Limit [m]: 7.718842e+10 
(Instellation) Orbit-averaged INcident STELLar radiATION [kg/sec^3]: 2.894529e+05 
(MeanMotion) Orbital Mean Motion [/sec]: 4.464481e-05 
(OrbPeriod) Orbital Period [sec]: 1.407372e+05 
(SemiMajorAxis) Semi-major Axis [m]: 2.381482e+09 
(LXUVTot) Total XUV Luminosity [kg/sec^3]: -1.000000 
(EscapeVelocity) Escape Velocity [m/sec]: 1.384860e+04 
----- ATMESC PARAMETERS (b)------
(SurfWaterMass) Surface water mass [kg]: 0.000000 
(EnvelopeMass) Envelope mass [kg]: 0.000000 
(OxygenMass) Oxygen mass in the atmosphere [kg]: 0.000000 
(RGLimit) Runaway greenhouse semi-major axis [m]: 3.559354e+10 
(XO) Atomic oxygen mixing ratio in upper atmosphere []: 0.000000 
(EtaO) Oxygen eta parameter (Luger and Barnes 2015) []: 0.000000 
(PlanetRadius) Planet radius [m]: 7.008436e+06 
(OxygenMantleMass) Mass of oxygen in mantle [kg]: 0.000000 
(RadXUV) XUV radius separating hydro. dyn. escape and equilibrium [m]: -1.000000 
(RadSolid) Radius to the solid surface [m]: -1.000000 
(PresXUV) Pressure at base of thermosphere [(null)]: 5.000000 
(ScaleHeight) Scale height in Lehmer & Catling (2016) model [m]: -1.000000 
(ThermTemp) Isothermal atmospheric temperature [K]: 400.000000 
(AtmGasConst) Atmospheric gas constant [(null)]: 4124.000000 
(PresSurf) Surface pressure due to atmosphere [Pa]: -1.000000 
(DEnvMassDt) Envelope Mass Loss Rate [kg/s]: 0.000000 
(FXUV) XUV flux [W/m^2]: 1111.515213 
(AtmXAbsEffH2O) XUV atmospheric escape efficiency for H2O []: 0.300000 
(RocheRadius) Roche Lobe Radius [m]: 4.825957e+07 
(BondiRadius) Bondi Radius [m]: 3.322507e+08 
(HEscapeRegime) Integer flag for H envelope escape regime []: 8.000000 
(RRCriticalFlux) Critical XUV Flux that separates RR and energy-limited escape [W/m^2]: 70.676225 
(CrossoverMass) Crossover mass, defines oxygen is escaping if mc > mo [kg]: 0.000000 
(WaterEscapeRegime) What water escape regime the code is currently in []: 8.000000 
(FXUVCRITDRAG) Critical Drag XUV flux [W/m^2]: 0.570704 
(HREFFLUX) The Hydrogen Reference Flux (m^-2 s^-1) [m^-2 s^-1]: 6.680340e+20 
(XO2) Molecular oxygen mixing ratio in atmosphere []: 0.000000 
(XH2O) Water mixing ratio in upper atmosphere []: 0.000000 
(HDiffFlux) The Hydrogen Diffusion Flux (m^-2 s^-1) [m^-2 s^-1]: 2.649378e+17 
(HRefODragMod) Multiply by H ref flux to get flux with drag []: 1.000000 
(KTide) Mass loss enhancement due to stellar gravity []: 0.783696 
(CumulativeXUVFlux) Cumulative XUV flux [W/m^2]: 0.000000 
(RunawayGreenhouseFlux) Incident flux that triggers runaway greenhouse [kg/sec^3]: 1295.775178 
(RGDuration) Runaway Greenhouse Duration [years]: 0.00000e+00

Output Order: Time[year] CumulativeXUVFlux[W/m^2]
Grid Output Order:



---- FINAL SYSTEM PROPERTIES ----
(Age) System Age [sec]: 2.246219e+17 
(Time) Simulation Time [sec]: 2.244523e+17 
(TotAngMom) Total Angular Momentum [kg*m^2/sec]: 1.626272e+42 
(TotEnergy) Total System Energy [kg*m^2/sec^2]: -1.254975e+40 
(PotEnergy) Body's non-orbital Potential Energy [kg*m^2/sec^2]: -4.245937e+40 
(KinEnergy) Body's non-orbital Kinetic Energy [kg*m^2/sec^2]: 6.435744e+32 
(DeltaTime) Average Timestep Over Last Output Interval [sec]: 7.889400e+12 

----- BODY: star ----
Active Modules: FLARE STELLAR
Module Bit Sum: 577
Color: 000000
(Mass) Mass [kg]: 4.033373e+29 
(Radius) Radius [m]: 1.534330e+08 
(RadGyra) Radius of Gyration/Moment of Inertia Constant []: 0.460056 
(RotAngMom) Rotational Angular Momentum [kg*m^2/sec]: 1.608341e+39 
(RotVel) Rotational Velocity [m/sec]: 122.791805 
(BodyType) Type of Body (0 == planet) []: 0.000000 
(RotRate) Rotational Frequency [/sec]: 8.002958e-07 
(RotPer) Rotational Period [sec]: 7.851079e+06 
(Density) Average Density [kg/m^3]: 2.665773e+04 
(HZLimitDryRunaway) Semi-major axis of Dry Runaway HZ Limit [m]: 9.554759e+09 
(HZLimRecVenus) Recent Venus HZ Limit [m]: 8.550559e+09 
(HZLimRunaway) Runaway Greenhouse HZ Limit [m]: 1.128262e+10 
(HZLimMoistGreenhouse) Moist Greenhouse HZ Limit [m]: 1.131379e+10 
(HZLimMaxGreenhouse) Maximum Greenhouse HZ Limit [m]: 2.145620e+10 
(HZLimEarlyMars) Early Mars HZ Limit [m]: 2.340040e+10 
(Instellation) Orbit-averaged INcident STELLar radiATION [kg/sec^3]: -1.000000 
(CriticalSemiMajorAxis) Holman & Wiegert (1999) P-type Critical Semi-major Axis [m]: -1.000000 
(LXUVTot) Total XUV Luminosity [LSUN]: 1.035639e-06 
(LostEnergy) Body's Total Lost Energy [kg*m^2/sec^2]: 2.990967e+40 
(LostAngMom) Lost Angular Momentum due to Magnetic Braking [kg*m^2/sec]: 1.622114e+42 
(EscapeVelocity) Escape Velocity [m/sec]: 5.923685e+05 
----- STELLAR PARAMETERS (star)------
(Luminosity) Luminosity [LSUN]: 0.004952 
(LXUVStellar) Base X-ray/XUV Luminosity [LSUN]: 6.704961e-07 
(Temperature) Effective Temperature [K]: 3266.215276 
(LXUVFrac) Fraction of luminosity in XUV []: 0.000135 
(RossbyNumber) Rossby Number []: 1.540449 
(DRotPerDtStellar) Time Rate of Change of Rotation Period in STELLAR []: 1.782558e-11 
(WindTorque) Stellar Wind Torque []: 3.080620e+21 
----- FLARE PARAMETERS (star)------
(LXUVFlare) XUV Luminosity from flares [LSUN]: 3.651378e-07 
(FlareFreq1) First value of flare frequency range [/sec]: 5.670000e-07 
(FlareFreq2) Second value of flare frequency range [/sec]: 3.899369e-07 
(FlareFreq3) Third value of flare frequency range [/sec]: 2.681672e-07 
(FlareFreq4) Fourth value of flare frequency range [/sec]: 1.844238e-07 
(FlareFreqMin) Frequency of the flares with the lowest energy [/sec]: 5.670000e-07 
(FlareFreqMid) Frequency of the flares with the middle energy in the energy range [/sec]: 1.341825e-08 
(FlareFreqMax) Frequency of the flares with the highest energy [/sec]: 3.175475e-10 
(FlareEnergy1) First value of flare energy range [kg*m^2/sec^2]: 5.334000e+25 
(FlareEnergy2) Second value of flare energy range [kg*m^2/sec^2]: 7.534475e+25 
(FlareEnergy3) Third value of flare energy range [kg*m^2/sec^2]: 1.064273e+26 
(FlareEnergy4) Fourth value of flare energy range [kg*m^2/sec^2]: 1.503325e+26 
(FlareEnergyMin) Minimum flare energy [kg*m^2/sec^2]: 5.334000e+25 
(FlareEnergyMid) Middle flare energy in the range of energy values [kg*m^2/sec^2]: 1.686759e+27 
(FlareEnergyMax) Maximum flare energy [kg*m^2/sec^2]: 5.334000e+28 
(FlareYIntOUT) Instantaneous Davenport FFD y-intercept at current age and mass []: 34.163760 
(FlareSlopeOUT) Instantaneous Davenport FFD slope at current age and mass []: -1.083925 

Output Order: Time[year] Luminosity[LSUN] LXUVStellar[LSUN] LXUVFlare[LSUN] LXUVTot[LSUN]
Grid Output Order:

----- BODY: b ----
Active Modules: AtmEsc
Module Bit Sum: 9
Color: 000000
(Mass) Mass [kg]: 1.006928e+25 
(Radius) Radius [m]: 7.008436e+06 
(RadGyra) Radius of Gyration/Moment of Inertia Constant []: 0.500000 
(BodyType) Type of Body (0 == planet) []: 0.000000 
(Density) Average Density [kg/m^3]: 6983.068591 
(HZLimitDryRunaway) Semi-major axis of Dry Runaway HZ Limit [m]: 9.554763e+09 
(HZLimRecVenus) Recent Venus HZ Limit [m]: 8.550559e+09 
(HZLimRunaway) Runaway Greenhouse HZ Limit [m]: 1.128262e+10 
(HZLimMoistGreenhouse) Moist Greenhouse HZ Limit [m]: 1.131379e+10 
(HZLimMaxGreenhouse) Maximum Greenhouse HZ Limit [m]: 2.145620e+10 
(HZLimEarlyMars) Early Mars HZ Limit [m]: 2.340040e+10 
(Instellation) Orbit-averaged INcident STELLar radiATION [kg/sec^3]: 2.672104e+04 
(MeanMotion) Orbital Mean Motion [/sec]: 4.464481e-05 
(OrbPeriod) Orbital Period [sec]: 1.407372e+05 
(SemiMajorAxis) Semi-major Axis [m]: 2.381482e+09 
(LXUVTot) Total XUV Luminosity [kg/sec^3]: -1.000000 
(EscapeVelocity) Escape Velocity [m/sec]: 1.384860e+04 
----- ATMESC PARAMETERS (b)------
(SurfWaterMass) Surface water mass [kg]: 0.000000 
(EnvelopeMass) Envelope mass [kg]: 0.000000 
(OxygenMass) Oxygen mass in the atmosphere [kg]: 0.000000 
(RGLimit) Runaway greenhouse semi-major axis [m]: 1.081034e+10 
(XO) Atomic oxygen mixing ratio in upper atmosphere []: 0.000000 
(EtaO) Oxygen eta parameter (Luger and Barnes 2015) []: 0.000000 
(PlanetRadius) Planet radius [m]: 7.008436e+06 
(OxygenMantleMass) Mass of oxygen in mantle [kg]: 0.000000 
(RadXUV) XUV radius separating hydro. dyn. escape and equilibrium [m]: -1.000000 
(RadSolid) Radius to the solid surface [m]: -1.000000 
(PresXUV) Pressure at base of thermosphere [(null)]: 5.000000 
(ScaleHeight) Scale height in Lehmer & Catling (2016) model [m]: -1.000000 
(ThermTemp) Isothermal atmospheric temperature [K]: 400.000000 
(AtmGasConst) Atmospheric gas constant [(null)]: 4124.000000 
(PresSurf) Surface pressure due to atmosphere [Pa]: -1.000000 
(DEnvMassDt) Envelope Mass Loss Rate [kg/s]: 0.000000 
(FXUV) XUV flux [W/m^2]: 5.588735 
(AtmXAbsEffH2O) XUV atmospheric escape efficiency for H2O []: 0.300000 
(RocheRadius) Roche Lobe Radius [m]: 4.825957e+07 
(BondiRadius) Bondi Radius [m]: 6.019922e+08 
(HEscapeRegime) Integer flag for H envelope escape regime []: 8.000000 
(RRCriticalFlux) Critical XUV Flux that separates RR and energy-limited escape [W/m^2]: 70.676225 
(CrossoverMass) Crossover mass, defines oxygen is escaping if mc > mo [kg]: 0.000000 
(WaterEscapeRegime) What water escape regime the code is currently in []: 8.000000 
(FXUVCRITDRAG) Critical Drag XUV flux [W/m^2]: 0.570704 
(HREFFLUX) The Hydrogen Reference Flux (m^-2 s^-1) [m^-2 s^-1]: 3.358897e+18 
(XO2) Molecular oxygen mixing ratio in atmosphere []: 0.000000 
(XH2O) Water mixing ratio in upper atmosphere []: 0.000000 
(HDiffFlux) The Hydrogen Diffusion Flux (m^-2 s^-1) [m^-2 s^-1]: 2.649378e+17 
(HRefODragMod) Multiply by H ref flux to get flux with drag []: 1.000000 
(KTide) Mass loss enhancement due to stellar gravity []: 0.783696 
(CumulativeXUVFlux) Cumulative XUV flux [W/m^2]: 5.859241e+18 
(RunawayGreenhouseFlux) Incident flux that triggers runaway greenhouse [kg/sec^3]: 1296.786308 
(RGDuration) Runaway Greenhouse Duration [years]: 0.00000e+00

Output Order: Time[year] CumulativeXUVFlux[W/m^2]
Grid Output Order:
