-------- Log file gj1132.log -------

Executable: /home/vplanet/.local/bin/vplanet
Version: Unknown
System Name: gj1132
Primary Input File: vpl.in
Body File #1: star.in
Body File #2: b.in
Allow files to be overwitten: Yes
Mass Units: Grams
Length Units: Meters
Time Units: Seconds
Angle Units: Radians

------- FORMATTING -----
Verbosity Level: 5
Crossover Decade for Scientific Notation: 4
Number of Digits After Decimal: 6
Integration Method: Runge-Kutta4
Direction: Forward
Time Step: 3.155760e+07
Stop Time: 2.482528e+17
Output Interval: 3.155760e+13
Use Variable Timestep: Yes
dEta: 0.010000
Minimum Value of ecc and obl: 1.000000e-10


---- INITIAL SYSTEM PROPERTIES ----
(Age) System Age [sec]: 1.549680e+14 
(Time) Simulation Time [sec]: 0.000000 
(TotAngMom) Total Angular Momentum [kg*m^2/sec]: 1.665314e+42 
(TotEnergy) Total System Energy [kg*m^2/sec^2]: -1.172720e+40 
(PotEnergy) Body's non-orbital Potential Energy [kg*m^2/sec^2]: -1.178761e+40 
(KinEnergy) Body's non-orbital Kinetic Energy [kg*m^2/sec^2]: 6.046286e+37 
(DeltaTime) Average Timestep Over Last Output Interval [sec]: 0.000000 

----- BODY: star ----
Active Modules: FLARE STELLAR
Module Bit Sum: 577
Color: 000000
(Mass) Mass [kg]: 3.944103e+29 
(Radius) Radius [m]: 5.284774e+08 
(RadGyra) Radius of Gyration/Moment of Inertia Constant []: 0.455609 
(RotAngMom) Rotational Angular Momentum [kg*m^2/sec]: 1.662848e+42 
(RotVel) Rotational Velocity [m/sec]: 3.843196e+04 
(BodyType) Type of Body (0 == planet) []: 0.000000 
(RotRate) Rotational Frequency [/sec]: 7.272205e-05 
(RotPer) Rotational Period [sec]: 8.640000e+04 
(Density) Average Density [kg/m^3]: 637.940822 
(HZLimitDryRunaway) Semi-major axis of Dry Runaway HZ Limit [m]: 3.192586e+10 
(HZLimRecVenus) Recent Venus HZ Limit [m]: 2.860025e+10 
(HZLimRunaway) Runaway Greenhouse HZ Limit [m]: 3.772046e+10 
(HZLimMoistGreenhouse) Moist Greenhouse HZ Limit [m]: 3.784283e+10 
(HZLimMaxGreenhouse) Maximum Greenhouse HZ Limit [m]: 7.191388e+10 
(HZLimEarlyMars) Early Mars HZ Limit [m]: 7.842989e+10 
(Instellation) Orbit-averaged INcident STELLar radiATION [kg/sec^3]: -1.000000 
(CriticalSemiMajorAxis) Holman & Wiegert (1999) P-type Critical Semi-major Axis [m]: -1.000000 
(LXUVTot) Total XUV Luminosity [LSUN]: 1.434548e-05 
(LostEnergy) Body's Total Lost Energy [kg*m^2/sec^2]: 5.562685e-309 
(LostAngMom) Lost Angular Momentum due to Magnetic Braking [kg*m^2/sec]: 5.562685e-309 
(EscapeVelocity) Escape Velocity [m/sec]: 3.156299e+05 
----- STELLAR PARAMETERS (star)------
(Luminosity) Luminosity [LSUN]: 0.055283 
(LXUVStellar) Base X-ray/XUV Luminosity [LSUN]: 1.353111e-05 
(Temperature) Effective Temperature [K]: 3212.879169 
(LXUVFrac) Fraction of luminosity in XUV []: 0.000245 
(RossbyNumber) Rossby Number []: 0.016496 
(DRotPerDtStellar) Time Rate of Change of Rotation Period in STELLAR []: -9.587576e-11 
(WindTorque) Stellar Wind Torque []: 5.564047e+27 
----- FLARE PARAMETERS (star)------
(LXUVFlare) XUV Luminosity from flares [LSUN]: 8.143712e-07 
(FlareFreq1) First value of flare frequency range [/sec]: 3.220605e-05 
(FlareFreq2) Second value of flare frequency range [/sec]: 2.792354e-05 
(FlareFreq3) Third value of flare frequency range [/sec]: 2.421049e-05 
(FlareFreq4) Fourth value of flare frequency range [/sec]: 2.099117e-05 
(FlareFreqMin) Frequency of the flares with the lowest energy [/sec]: 3.220605e-05 
(FlareFreqMid) Frequency of the flares with the middle energy in the energy range [/sec]: 7.731582e-06 
(FlareFreqMax) Frequency of the flares with the highest energy [/sec]: 1.856091e-06 
(FlareEnergy1) First value of flare energy range [kg*m^2/sec^2]: 5.334000e+23 
(FlareEnergy2) Second value of flare energy range [kg*m^2/sec^2]: 6.715108e+23 
(FlareEnergy3) Third value of flare energy range [kg*m^2/sec^2]: 8.453820e+23 
(FlareEnergy4) Fourth value of flare energy range [kg*m^2/sec^2]: 1.064273e+24 
(FlareEnergyMin) Minimum flare energy [kg*m^2/sec^2]: 5.334000e+23 
(FlareEnergyMid) Middle flare energy in the range of energy values [kg*m^2/sec^2]: 5.334000e+24 
(FlareEnergyMax) Maximum flare energy [kg*m^2/sec^2]: 5.334000e+25 
(FlareYIntOUT) Instantaneous Davenport FFD y-intercept at current age and mass []: 19.485056 
(FlareSlopeOUT) Instantaneous Davenport FFD slope at current age and mass []: -0.619669 

Output Order: Time[year] Luminosity[LSUN] LXUVStellar[LSUN] LXUVFlare[LSUN] LXUVTot[LSUN]
Grid Output Order:

----- BODY: b ----
Active Modules: AtmEsc
Module Bit Sum: 9
Color: 000000
(Mass) Mass [kg]: 9.888468e+24 
(Radius) Radius [m]: 7.180345e+06 
(RadGyra) Radius of Gyration/Moment of Inertia Constant []: 0.500000 
(BodyType) Type of Body (0 == planet) []: 0.000000 
(Density) Average Density [kg/m^3]: 6376.824874 
(HZLimitDryRunaway) Semi-major axis of Dry Runaway HZ Limit [m]: 3.192726e+10 
(HZLimRecVenus) Recent Venus HZ Limit [m]: 2.860025e+10 
(HZLimRunaway) Runaway Greenhouse HZ Limit [m]: 3.772046e+10 
(HZLimMoistGreenhouse) Moist Greenhouse HZ Limit [m]: 3.784283e+10 
(HZLimMaxGreenhouse) Maximum Greenhouse HZ Limit [m]: 7.191388e+10 
(HZLimEarlyMars) Early Mars HZ Limit [m]: 7.842989e+10 
(Instellation) Orbit-averaged INcident STELLar radiATION [kg/sec^3]: 3.028259e+05 
(MeanMotion) Orbital Mean Motion [/sec]: 4.464442e-05 
(OrbPeriod) Orbital Period [sec]: 1.407384e+05 
(SemiMajorAxis) Semi-major Axis [m]: 2.363794e+09 
(LXUVTot) Total XUV Luminosity [kg/sec^3]: -1.000000 
(EscapeVelocity) Escape Velocity [m/sec]: 1.355842e+04 
----- ATMESC PARAMETERS (b)------
(SurfWaterMass) Surface water mass [kg]: 0.000000 
(EnvelopeMass) Envelope mass [kg]: 0.000000 
(OxygenMass) Oxygen mass in the atmosphere [kg]: 0.000000 
(RGLimit) Runaway greenhouse semi-major axis [m]: 3.615497e+10 
(XO) Atomic oxygen mixing ratio in upper atmosphere []: 0.000000 
(EtaO) Oxygen eta parameter (Luger and Barnes 2015) []: 0.000000 
(PlanetRadius) Planet radius [m]: 7.180345e+06 
(OxygenMantleMass) Mass of oxygen in mantle [kg]: 0.000000 
(RadXUV) XUV radius separating hydro. dyn. escape and equilibrium [m]: -1.000000 
(RadSolid) Radius to the solid surface [m]: -1.000000 
(PresXUV) Pressure at base of thermosphere [(null)]: 5.000000 
(ScaleHeight) Scale height in Lehmer & Catling (2016) model [m]: -1.000000 
(ThermTemp) Isothermal atmospheric temperature [K]: 400.000000 
(AtmGasConst) Atmospheric gas constant [(null)]: 4124.000000 
(PresSurf) Surface pressure due to atmosphere [Pa]: -1.000000 
(DEnvMassDt) Envelope Mass Loss Rate [kg/s]: 0.000000 
(FXUV) XUV flux [W/m^2]: 78.580427 
(AtmXAbsEffH2O) XUV atmospheric escape efficiency for H2O []: 0.300000 
(RocheRadius) Roche Lobe Radius [m]: 4.796924e+07 
(BondiRadius) Bondi Radius [m]: 3.250402e+08 
(HEscapeRegime) Integer flag for H envelope escape regime []: 8.000000 
(RRCriticalFlux) Critical XUV Flux that separates RR and energy-limited escape [W/m^2]: 62.326684 
(CrossoverMass) Crossover mass, defines oxygen is escaping if mc > mo [kg]: 0.000000 
(WaterEscapeRegime) What water escape regime the code is currently in []: 8.000000 
(FXUVCRITDRAG) Critical Drag XUV flux [W/m^2]: 0.511799 
(HREFFLUX) The Hydrogen Reference Flux (m^-2 s^-1) [m^-2 s^-1]: 4.968612e+19 
(XO2) Molecular oxygen mixing ratio in atmosphere []: 0.000000 
(XH2O) Water mixing ratio in upper atmosphere []: 0.000000 
(HDiffFlux) The Hydrogen Diffusion Flux (m^-2 s^-1) [m^-2 s^-1]: 2.478713e+17 
(HRefODragMod) Multiply by H ref flux to get flux with drag []: 1.000000 
(KTide) Mass loss enhancement due to stellar gravity []: 0.777147 
(CumulativeXUVFlux) Cumulative XUV flux [W/m^2]: 0.000000 
(RunawayGreenhouseFlux) Incident flux that triggers runaway greenhouse [kg/sec^3]: 1294.309470 
(RGDuration) Runaway Greenhouse Duration [years]: 0.00000e+00

Output Order: Time[year] CumulativeXUVFlux[W/m^2]
Grid Output Order:



---- FINAL SYSTEM PROPERTIES ----
(Age) System Age [sec]: 2.484186e+17 
(Time) Simulation Time [sec]: 2.482636e+17 
(TotAngMom) Total Angular Momentum [kg*m^2/sec]: 1.662814e+42 
(TotEnergy) Total System Energy [kg*m^2/sec^2]: -1.173342e+40 
(PotEnergy) Body's non-orbital Potential Energy [kg*m^2/sec^2]: -4.142621e+40 
(KinEnergy) Body's non-orbital Kinetic Energy [kg*m^2/sec^2]: 5.712496e+32 
(DeltaTime) Average Timestep Over Last Output Interval [sec]: 1.577880e+13 

----- BODY: star ----
Active Modules: FLARE STELLAR
Module Bit Sum: 577
Color: 000000
(Mass) Mass [kg]: 3.944103e+29 
(Radius) Radius [m]: 1.503754e+08 
(RadGyra) Radius of Gyration/Moment of Inertia Constant []: 0.460185 
(RotAngMom) Rotational Angular Momentum [kg*m^2/sec]: 1.468964e+39 
(RotVel) Rotational Velocity [m/sec]: 116.955809 
(BodyType) Type of Body (0 == planet) []: 0.000000 
(RotRate) Rotational Frequency [/sec]: 7.777587e-07 
(RotPer) Rotational Period [sec]: 8.078579e+06 
(Density) Average Density [kg/m^3]: 2.769037e+04 
(HZLimitDryRunaway) Semi-major axis of Dry Runaway HZ Limit [m]: 9.346416e+09 
(HZLimRecVenus) Recent Venus HZ Limit [m]: 8.365442e+09 
(HZLimRunaway) Runaway Greenhouse HZ Limit [m]: 1.103756e+10 
(HZLimMoistGreenhouse) Moist Greenhouse HZ Limit [m]: 1.106885e+10 
(HZLimMaxGreenhouse) Maximum Greenhouse HZ Limit [m]: 2.099814e+10 
(HZLimEarlyMars) Early Mars HZ Limit [m]: 2.290082e+10 
(Instellation) Orbit-averaged INcident STELLar radiATION [kg/sec^3]: -1.000000 
(CriticalSemiMajorAxis) Holman & Wiegert (1999) P-type Critical Semi-major Axis [m]: -1.000000 
(LXUVTot) Total XUV Luminosity [LSUN]: 6.686197e-07 
(LostEnergy) Body's Total Lost Energy [kg*m^2/sec^2]: 2.969284e+40 
(LostAngMom) Lost Angular Momentum due to Magnetic Braking [kg*m^2/sec]: 1.658879e+42 
(EscapeVelocity) Escape Velocity [m/sec]: 5.917017e+05 
----- STELLAR PARAMETERS (star)------
(Luminosity) Luminosity [LSUN]: 0.004738 
(LXUVStellar) Base X-ray/XUV Luminosity [LSUN]: 2.837452e-07 
(Temperature) Effective Temperature [K]: 3258.175134 
(LXUVFrac) Fraction of luminosity in XUV []: 5.988660e-05 
(RossbyNumber) Rossby Number []: 1.578572 
(DRotPerDtStellar) Time Rate of Change of Rotation Period in STELLAR []: 1.319343e-11 
(WindTorque) Stellar Wind Torque []: 2.434817e+21 
----- FLARE PARAMETERS (star)------
(LXUVFlare) XUV Luminosity from flares [LSUN]: 3.848708e-07 
(FlareFreq1) First value of flare frequency range [/sec]: 8.625093e-05 
(FlareFreq2) Second value of flare frequency range [/sec]: 6.704151e-05 
(FlareFreq3) Third value of flare frequency range [/sec]: 5.211033e-05 
(FlareFreq4) Fourth value of flare frequency range [/sec]: 4.050455e-05 
(FlareFreqMin) Frequency of the flares with the lowest energy [/sec]: 8.625093e-05 
(FlareFreqMid) Frequency of the flares with the middle energy in the energy range [/sec]: 6.943266e-06 
(FlareFreqMax) Frequency of the flares with the highest energy [/sec]: 5.589382e-07 
(FlareEnergy1) First value of flare energy range [kg*m^2/sec^2]: 5.334000e+23 
(FlareEnergy2) Second value of flare energy range [kg*m^2/sec^2]: 6.715108e+23 
(FlareEnergy3) Third value of flare energy range [kg*m^2/sec^2]: 8.453820e+23 
(FlareEnergy4) Fourth value of flare energy range [kg*m^2/sec^2]: 1.064273e+24 
(FlareEnergyMin) Minimum flare energy [kg*m^2/sec^2]: 5.334000e+23 
(FlareEnergyMid) Middle flare energy in the range of energy values [kg*m^2/sec^2]: 5.334000e+24 
(FlareEnergyMax) Maximum flare energy [kg*m^2/sec^2]: 5.334000e+25 
(FlareYIntOUT) Instantaneous Davenport FFD y-intercept at current age and mass []: 34.493819 
(FlareSlopeOUT) Instantaneous Davenport FFD slope at current age and mass []: -1.094200 

Output Order: Time[year] Luminosity[LSUN] LXUVStellar[LSUN] LXUVFlare[LSUN] LXUVTot[LSUN]
Grid Output Order:

----- BODY: b ----
Active Modules: AtmEsc
Module Bit Sum: 9
Color: 000000
(Mass) Mass [kg]: 9.888468e+24 
(Radius) Radius [m]: 7.180345e+06 
(RadGyra) Radius of Gyration/Moment of Inertia Constant []: 0.500000 
(BodyType) Type of Body (0 == planet) []: 0.000000 
(Density) Average Density [kg/m^3]: 6376.824874 
(HZLimitDryRunaway) Semi-major axis of Dry Runaway HZ Limit [m]: 9.346828e+09 
(HZLimRecVenus) Recent Venus HZ Limit [m]: 8.365442e+09 
(HZLimRunaway) Runaway Greenhouse HZ Limit [m]: 1.103756e+10 
(HZLimMoistGreenhouse) Moist Greenhouse HZ Limit [m]: 1.106885e+10 
(HZLimMaxGreenhouse) Maximum Greenhouse HZ Limit [m]: 2.099814e+10 
(HZLimEarlyMars) Early Mars HZ Limit [m]: 2.290082e+10 
(Instellation) Orbit-averaged INcident STELLar radiATION [kg/sec^3]: 2.595363e+04 
(MeanMotion) Orbital Mean Motion [/sec]: 4.464442e-05 
(OrbPeriod) Orbital Period [sec]: 1.407384e+05 
(SemiMajorAxis) Semi-major Axis [m]: 2.363794e+09 
(LXUVTot) Total XUV Luminosity [kg/sec^3]: -1.000000 
(EscapeVelocity) Escape Velocity [m/sec]: 1.355842e+04 
----- ATMESC PARAMETERS (b)------
(SurfWaterMass) Surface water mass [kg]: 0.000000 
(EnvelopeMass) Envelope mass [kg]: 0.000000 
(OxygenMass) Oxygen mass in the atmosphere [kg]: 0.000000 
(RGLimit) Runaway greenhouse semi-major axis [m]: 1.057967e+10 
(XO) Atomic oxygen mixing ratio in upper atmosphere []: 0.000000 
(EtaO) Oxygen eta parameter (Luger and Barnes 2015) []: 0.000000 
(PlanetRadius) Planet radius [m]: 7.180345e+06 
(OxygenMantleMass) Mass of oxygen in mantle [kg]: 0.000000 
(RadXUV) XUV radius separating hydro. dyn. escape and equilibrium [m]: -1.000000 
(RadSolid) Radius to the solid surface [m]: -1.000000 
(PresXUV) Pressure at base of thermosphere [(null)]: 5.000000 
(ScaleHeight) Scale height in Lehmer & Catling (2016) model [m]: -1.000000 
(ThermTemp) Isothermal atmospheric temperature [K]: 400.000000 
(AtmGasConst) Atmospheric gas constant [(null)]: 4124.000000 
(PresSurf) Surface pressure due to atmosphere [Pa]: -1.000000 
(DEnvMassDt) Envelope Mass Loss Rate [kg/s]: 0.000000 
(FXUV) XUV flux [W/m^2]: 3.662506 
(AtmXAbsEffH2O) XUV atmospheric escape efficiency for H2O []: 0.300000 
(RocheRadius) Roche Lobe Radius [m]: 4.796924e+07 
(BondiRadius) Bondi Radius [m]: 6.008717e+08 
(HEscapeRegime) Integer flag for H envelope escape regime []: 8.000000 
(RRCriticalFlux) Critical XUV Flux that separates RR and energy-limited escape [W/m^2]: 62.326684 
(CrossoverMass) Crossover mass, defines oxygen is escaping if mc > mo [kg]: 0.000000 
(WaterEscapeRegime) What water escape regime the code is currently in []: 8.000000 
(FXUVCRITDRAG) Critical Drag XUV flux [W/m^2]: 0.511799 
(HREFFLUX) The Hydrogen Reference Flux (m^-2 s^-1) [m^-2 s^-1]: 2.315790e+18 
(XO2) Molecular oxygen mixing ratio in atmosphere []: 0.000000 
(XH2O) Water mixing ratio in upper atmosphere []: 0.000000 
(HDiffFlux) The Hydrogen Diffusion Flux (m^-2 s^-1) [m^-2 s^-1]: 2.478713e+17 
(HRefODragMod) Multiply by H ref flux to get flux with drag []: 1.000000 
(KTide) Mass loss enhancement due to stellar gravity []: 0.777147 
(CumulativeXUVFlux) Cumulative XUV flux [W/m^2]: 1.591667e+18 
(RunawayGreenhouseFlux) Incident flux that triggers runaway greenhouse [kg/sec^3]: 1295.491233 
(RGDuration) Runaway Greenhouse Duration [years]: 0.00000e+00

Output Order: Time[year] CumulativeXUVFlux[W/m^2]
Grid Output Order:
