-------- Log file gj1132.log -------

Executable: /home/vplanet/.local/bin/vplanet
Version: Unknown
System Name: gj1132
Primary Input File: vpl.in
Body File #1: star.in
Body File #2: b.in
Allow files to be overwitten: Yes
Mass Units: Grams
Length Units: Meters
Time Units: Seconds
Angle Units: Radians

------- FORMATTING -----
Verbosity Level: 5
Crossover Decade for Scientific Notation: 4
Number of Digits After Decimal: 6
Integration Method: Runge-Kutta4
Direction: Forward
Time Step: 3.155760e+07
Stop Time: 2.177923e+17
Output Interval: 3.155760e+13
Use Variable Timestep: Yes
dEta: 0.010000
Minimum Value of ecc and obl: 1.000000e-10


---- INITIAL SYSTEM PROPERTIES ----
(Age) System Age [sec]: 1.825259e+14 
(Time) Simulation Time [sec]: 0.000000 
(TotAngMom) Total Angular Momentum [kg*m^2/sec]: 1.399567e+42 
(TotEnergy) Total System Energy [kg*m^2/sec^2]: -1.206194e+40 
(PotEnergy) Body's non-orbital Potential Energy [kg*m^2/sec^2]: -1.211268e+40 
(KinEnergy) Body's non-orbital Kinetic Energy [kg*m^2/sec^2]: 5.080073e+37 
(DeltaTime) Average Timestep Over Last Output Interval [sec]: 0.000000 

----- BODY: star ----
Active Modules: FLARE STELLAR
Module Bit Sum: 577
Color: 000000
(Mass) Mass [kg]: 3.848127e+29 
(Radius) Radius [m]: 4.895693e+08 
(RadGyra) Radius of Gyration/Moment of Inertia Constant []: 0.456399 
(RotAngMom) Rotational Angular Momentum [kg*m^2/sec]: 1.397120e+42 
(RotVel) Rotational Velocity [m/sec]: 3.560248e+04 
(BodyType) Type of Body (0 == planet) []: 0.000000 
(RotRate) Rotational Frequency [/sec]: 7.272205e-05 
(RotPer) Rotational Period [sec]: 8.640000e+04 
(Density) Average Density [kg/m^3]: 782.921806 
(HZLimitDryRunaway) Semi-major axis of Dry Runaway HZ Limit [m]: 2.954908e+10 
(HZLimRecVenus) Recent Venus HZ Limit [m]: 2.647248e+10 
(HZLimRunaway) Runaway Greenhouse HZ Limit [m]: 3.491331e+10 
(HZLimMoistGreenhouse) Moist Greenhouse HZ Limit [m]: 3.502744e+10 
(HZLimMaxGreenhouse) Maximum Greenhouse HZ Limit [m]: 6.657081e+10 
(HZLimEarlyMars) Early Mars HZ Limit [m]: 7.260267e+10 
(Instellation) Orbit-averaged INcident STELLar radiATION [kg/sec^3]: -1.000000 
(CriticalSemiMajorAxis) Holman & Wiegert (1999) P-type Critical Semi-major Axis [m]: -1.000000 
(LXUVTot) Total XUV Luminosity [LSUN]: 6.016280e-05 
(LostEnergy) Body's Total Lost Energy [kg*m^2/sec^2]: 5.562685e-309 
(LostAngMom) Lost Angular Momentum due to Magnetic Braking [kg*m^2/sec]: 5.562685e-309 
(EscapeVelocity) Escape Velocity [m/sec]: 3.239178e+05 
----- STELLAR PARAMETERS (star)------
(Luminosity) Luminosity [LSUN]: 0.047358 
(LXUVStellar) Base X-ray/XUV Luminosity [LSUN]: 5.936738e-05 
(Temperature) Effective Temperature [K]: 3210.082867 
(LXUVFrac) Fraction of luminosity in XUV []: 0.001254 
(RossbyNumber) Rossby Number []: 0.016472 
(DRotPerDtStellar) Time Rate of Change of Rotation Period in STELLAR []: -9.409395e-11 
(WindTorque) Stellar Wind Torque []: 3.761762e+27 
----- FLARE PARAMETERS (star)------
(LXUVFlare) XUV Luminosity from flares [LSUN]: 7.954131e-07 
(FlareFreq1) First value of flare frequency range [/sec]: 3.306084e-05 
(FlareFreq2) Second value of flare frequency range [/sec]: 2.858283e-05 
(FlareFreq3) Third value of flare frequency range [/sec]: 2.471135e-05 
(FlareFreq4) Fourth value of flare frequency range [/sec]: 2.136426e-05 
(FlareFreqMin) Frequency of the flares with the lowest energy [/sec]: 3.306084e-05 
(FlareFreqMid) Frequency of the flares with the middle energy in the energy range [/sec]: 7.713062e-06 
(FlareFreqMax) Frequency of the flares with the highest energy [/sec]: 1.799450e-06 
(FlareEnergy1) First value of flare energy range [kg*m^2/sec^2]: 5.334000e+23 
(FlareEnergy2) Second value of flare energy range [kg*m^2/sec^2]: 6.715108e+23 
(FlareEnergy3) Third value of flare energy range [kg*m^2/sec^2]: 8.453820e+23 
(FlareEnergy4) Fourth value of flare energy range [kg*m^2/sec^2]: 1.064273e+24 
(FlareEnergyMin) Minimum flare energy [kg*m^2/sec^2]: 5.334000e+23 
(FlareEnergyMid) Middle flare energy in the range of energy values [kg*m^2/sec^2]: 5.334000e+24 
(FlareEnergyMax) Maximum flare energy [kg*m^2/sec^2]: 5.334000e+25 
(FlareYIntOUT) Instantaneous Davenport FFD y-intercept at current age and mass []: 19.878001 
(FlareSlopeOUT) Instantaneous Davenport FFD slope at current age and mass []: -0.632087 

Output Order: Time[year] Luminosity[LSUN] LXUVStellar[LSUN] LXUVFlare[LSUN] LXUVTot[LSUN]
Grid Output Order:

----- BODY: b ----
Active Modules: AtmEsc
Module Bit Sum: 9
Color: 000000
(Mass) Mass [kg]: 9.971277e+24 
(Radius) Radius [m]: 7.338590e+06 
(RadGyra) Radius of Gyration/Moment of Inertia Constant []: 0.500000 
(BodyType) Type of Body (0 == planet) []: 0.000000 
(Density) Average Density [kg/m^3]: 6023.158882 
(HZLimitDryRunaway) Semi-major axis of Dry Runaway HZ Limit [m]: 2.954938e+10 
(HZLimRecVenus) Recent Venus HZ Limit [m]: 2.647248e+10 
(HZLimRunaway) Runaway Greenhouse HZ Limit [m]: 3.491331e+10 
(HZLimMoistGreenhouse) Moist Greenhouse HZ Limit [m]: 3.502744e+10 
(HZLimMaxGreenhouse) Maximum Greenhouse HZ Limit [m]: 6.657081e+10 
(HZLimEarlyMars) Early Mars HZ Limit [m]: 7.260267e+10 
(Instellation) Orbit-averaged INcident STELLar radiATION [kg/sec^3]: 2.636971e+05 
(MeanMotion) Orbital Mean Motion [/sec]: 4.464381e-05 
(OrbPeriod) Orbital Period [sec]: 1.407404e+05 
(SemiMajorAxis) Semi-major Axis [m]: 2.344485e+09 
(LXUVTot) Total XUV Luminosity [kg/sec^3]: -1.000000 
(EscapeVelocity) Escape Velocity [m/sec]: 1.346748e+04 
----- ATMESC PARAMETERS (b)------
(SurfWaterMass) Surface water mass [kg]: 0.000000 
(EnvelopeMass) Envelope mass [kg]: 0.000000 
(OxygenMass) Oxygen mass in the atmosphere [kg]: 0.000000 
(RGLimit) Runaway greenhouse semi-major axis [m]: 3.345842e+10 
(XO) Atomic oxygen mixing ratio in upper atmosphere []: 0.000000 
(EtaO) Oxygen eta parameter (Luger and Barnes 2015) []: 0.000000 
(PlanetRadius) Planet radius [m]: 7.338590e+06 
(OxygenMantleMass) Mass of oxygen in mantle [kg]: 0.000000 
(RadXUV) XUV radius separating hydro. dyn. escape and equilibrium [m]: -1.000000 
(RadSolid) Radius to the solid surface [m]: -1.000000 
(PresXUV) Pressure at base of thermosphere [(null)]: 5.000000 
(ScaleHeight) Scale height in Lehmer & Catling (2016) model [m]: -1.000000 
(ThermTemp) Isothermal atmospheric temperature [K]: 400.000000 
(AtmGasConst) Atmospheric gas constant [(null)]: 4124.000000 
(PresSurf) Surface pressure due to atmosphere [Pa]: -1.000000 
(DEnvMassDt) Envelope Mass Loss Rate [kg/s]: 0.000000 
(FXUV) XUV flux [W/m^2]: 334.993697 
(AtmXAbsEffH2O) XUV atmospheric escape efficiency for H2O []: 0.300000 
(RocheRadius) Roche Lobe Radius [m]: 4.810323e+07 
(BondiRadius) Bondi Radius [m]: 3.422348e+08 
(HEscapeRegime) Integer flag for H envelope escape regime []: 8.000000 
(RRCriticalFlux) Critical XUV Flux that separates RR and energy-limited escape [W/m^2]: 58.721432 
(CrossoverMass) Crossover mass, defines oxygen is escaping if mc > mo [kg]: 0.000000 
(WaterEscapeRegime) What water escape regime the code is currently in []: 8.000000 
(FXUVCRITDRAG) Critical Drag XUV flux [W/m^2]: 0.487462 
(HREFFLUX) The Hydrogen Reference Flux (m^-2 s^-1) [m^-2 s^-1]: 2.158551e+20 
(XO2) Molecular oxygen mixing ratio in atmosphere []: 0.000000 
(XH2O) Water mixing ratio in upper atmosphere []: 0.000000 
(HDiffFlux) The Hydrogen Diffusion Flux (m^-2 s^-1) [m^-2 s^-1]: 2.392839e+17 
(HRefODragMod) Multiply by H ref flux to get flux with drag []: 1.000000 
(KTide) Mass loss enhancement due to stellar gravity []: 0.772937 
(CumulativeXUVFlux) Cumulative XUV flux [W/m^2]: 0.000000 
(RunawayGreenhouseFlux) Incident flux that triggers runaway greenhouse [kg/sec^3]: 1294.735285 
(RGDuration) Runaway Greenhouse Duration [years]: 0.00000e+00

Output Order: Time[year] CumulativeXUVFlux[W/m^2]
Grid Output Order:



---- FINAL SYSTEM PROPERTIES ----
(Age) System Age [sec]: 2.179768e+17 
(Time) Simulation Time [sec]: 2.177943e+17 
(TotAngMom) Total Angular Momentum [kg*m^2/sec]: 1.398567e+42 
(TotEnergy) Total System Energy [kg*m^2/sec^2]: -1.205566e+40 
(PotEnergy) Body's non-orbital Potential Energy [kg*m^2/sec^2]: -4.087129e+40 
(KinEnergy) Body's non-orbital Kinetic Energy [kg*m^2/sec^2]: 6.286372e+32 
(DeltaTime) Average Timestep Over Last Output Interval [sec]: 2.868873e+12 

----- BODY: star ----
Active Modules: FLARE STELLAR
Module Bit Sum: 577
Color: 000000
(Mass) Mass [kg]: 3.848127e+29 
(Radius) Radius [m]: 1.450896e+08 
(RadGyra) Radius of Gyration/Moment of Inertia Constant []: 0.460399 
(RotAngMom) Rotational Angular Momentum [kg*m^2/sec]: 1.469299e+39 
(RotVel) Rotational Velocity [m/sec]: 124.152647 
(BodyType) Type of Body (0 == planet) []: 0.000000 
(RotRate) Rotational Frequency [/sec]: 8.556966e-07 
(RotPer) Rotational Period [sec]: 7.342772e+06 
(Density) Average Density [kg/m^3]: 3.007823e+04 
(HZLimitDryRunaway) Semi-major axis of Dry Runaway HZ Limit [m]: 8.976511e+09 
(HZLimRecVenus) Recent Venus HZ Limit [m]: 8.036846e+09 
(HZLimRunaway) Runaway Greenhouse HZ Limit [m]: 1.060249e+10 
(HZLimMoistGreenhouse) Moist Greenhouse HZ Limit [m]: 1.063407e+10 
(HZLimMaxGreenhouse) Maximum Greenhouse HZ Limit [m]: 2.018548e+10 
(HZLimEarlyMars) Early Mars HZ Limit [m]: 2.201450e+10 
(Instellation) Orbit-averaged INcident STELLar radiATION [kg/sec^3]: -1.000000 
(CriticalSemiMajorAxis) Holman & Wiegert (1999) P-type Critical Semi-major Axis [m]: -1.000000 
(LXUVTot) Total XUV Luminosity [LSUN]: 6.210631e-07 
(LostEnergy) Body's Total Lost Energy [kg*m^2/sec^2]: 2.881569e+40 
(LostAngMom) Lost Angular Momentum due to Magnetic Braking [kg*m^2/sec]: 1.394650e+42 
(EscapeVelocity) Escape Velocity [m/sec]: 5.950094e+05 
----- STELLAR PARAMETERS (star)------
(Luminosity) Luminosity [LSUN]: 0.004370 
(LXUVStellar) Base X-ray/XUV Luminosity [LSUN]: 2.332315e-07 
(Temperature) Effective Temperature [K]: 3242.428837 
(LXUVFrac) Fraction of luminosity in XUV []: 5.336586e-05 
(RossbyNumber) Rossby Number []: 1.423268 
(DRotPerDtStellar) Time Rate of Change of Rotation Period in STELLAR []: 2.244301e-11 
(WindTorque) Stellar Wind Torque []: 3.296776e+21 
----- FLARE PARAMETERS (star)------
(LXUVFlare) XUV Luminosity from flares [LSUN]: 3.878312e-07 
(FlareFreq1) First value of flare frequency range [/sec]: 8.496542e-05 
(FlareFreq2) Second value of flare frequency range [/sec]: 6.614734e-05 
(FlareFreq3) Third value of flare frequency range [/sec]: 5.149707e-05 
(FlareFreq4) Fourth value of flare frequency range [/sec]: 4.009153e-05 
(FlareFreqMin) Frequency of the flares with the lowest energy [/sec]: 8.496542e-05 
(FlareFreqMid) Frequency of the flares with the middle energy in the energy range [/sec]: 6.949339e-06 
(FlareFreqMax) Frequency of the flares with the highest energy [/sec]: 5.683879e-07 
(FlareEnergy1) First value of flare energy range [kg*m^2/sec^2]: 5.334000e+23 
(FlareEnergy2) Second value of flare energy range [kg*m^2/sec^2]: 6.715108e+23 
(FlareEnergy3) Third value of flare energy range [kg*m^2/sec^2]: 8.453820e+23 
(FlareEnergy4) Fourth value of flare energy range [kg*m^2/sec^2]: 1.064273e+24 
(FlareEnergyMin) Minimum flare energy [kg*m^2/sec^2]: 5.334000e+23 
(FlareEnergyMid) Middle flare energy in the range of energy values [kg*m^2/sec^2]: 5.334000e+24 
(FlareEnergyMax) Maximum flare energy [kg*m^2/sec^2]: 5.334000e+25 
(FlareYIntOUT) Instantaneous Davenport FFD y-intercept at current age and mass []: 34.275241 
(FlareSlopeOUT) Instantaneous Davenport FFD slope at current age and mass []: -1.087299 

Output Order: Time[year] Luminosity[LSUN] LXUVStellar[LSUN] LXUVFlare[LSUN] LXUVTot[LSUN]
Grid Output Order:

----- BODY: b ----
Active Modules: AtmEsc
Module Bit Sum: 9
Color: 000000
(Mass) Mass [kg]: 9.971277e+24 
(Radius) Radius [m]: 7.338590e+06 
(RadGyra) Radius of Gyration/Moment of Inertia Constant []: 0.500000 
(BodyType) Type of Body (0 == planet) []: 0.000000 
(Density) Average Density [kg/m^3]: 6023.158882 
(HZLimitDryRunaway) Semi-major axis of Dry Runaway HZ Limit [m]: 8.976600e+09 
(HZLimRecVenus) Recent Venus HZ Limit [m]: 8.036846e+09 
(HZLimRunaway) Runaway Greenhouse HZ Limit [m]: 1.060249e+10 
(HZLimMoistGreenhouse) Moist Greenhouse HZ Limit [m]: 1.063407e+10 
(HZLimMaxGreenhouse) Maximum Greenhouse HZ Limit [m]: 2.018548e+10 
(HZLimEarlyMars) Early Mars HZ Limit [m]: 2.201450e+10 
(Instellation) Orbit-averaged INcident STELLar radiATION [kg/sec^3]: 2.433506e+04 
(MeanMotion) Orbital Mean Motion [/sec]: 4.464381e-05 
(OrbPeriod) Orbital Period [sec]: 1.407404e+05 
(SemiMajorAxis) Semi-major Axis [m]: 2.344485e+09 
(LXUVTot) Total XUV Luminosity [kg/sec^3]: -1.000000 
(EscapeVelocity) Escape Velocity [m/sec]: 1.346748e+04 
----- ATMESC PARAMETERS (b)------
(SurfWaterMass) Surface water mass [kg]: 0.000000 
(EnvelopeMass) Envelope mass [kg]: 0.000000 
(OxygenMass) Oxygen mass in the atmosphere [kg]: 0.000000 
(RGLimit) Runaway greenhouse semi-major axis [m]: 1.016080e+10 
(XO) Atomic oxygen mixing ratio in upper atmosphere []: 0.000000 
(EtaO) Oxygen eta parameter (Luger and Barnes 2015) []: 0.000000 
(PlanetRadius) Planet radius [m]: 7.338590e+06 
(OxygenMantleMass) Mass of oxygen in mantle [kg]: 0.000000 
(RadXUV) XUV radius separating hydro. dyn. escape and equilibrium [m]: -1.000000 
(RadSolid) Radius to the solid surface [m]: -1.000000 
(PresXUV) Pressure at base of thermosphere [(null)]: 5.000000 
(ScaleHeight) Scale height in Lehmer & Catling (2016) model [m]: -1.000000 
(ThermTemp) Isothermal atmospheric temperature [K]: 400.000000 
(AtmGasConst) Atmospheric gas constant [(null)]: 4124.000000 
(PresSurf) Surface pressure due to atmosphere [Pa]: -1.000000 
(DEnvMassDt) Envelope Mass Loss Rate [kg/s]: 0.000000 
(FXUV) XUV flux [W/m^2]: 3.458154 
(AtmXAbsEffH2O) XUV atmospheric escape efficiency for H2O []: 0.300000 
(RocheRadius) Roche Lobe Radius [m]: 4.810323e+07 
(BondiRadius) Bondi Radius [m]: 6.223847e+08 
(HEscapeRegime) Integer flag for H envelope escape regime []: 8.000000 
(RRCriticalFlux) Critical XUV Flux that separates RR and energy-limited escape [W/m^2]: 58.721432 
(CrossoverMass) Crossover mass, defines oxygen is escaping if mc > mo [kg]: 0.000000 
(WaterEscapeRegime) What water escape regime the code is currently in []: 8.000000 
(FXUVCRITDRAG) Critical Drag XUV flux [W/m^2]: 0.487462 
(HREFFLUX) The Hydrogen Reference Flux (m^-2 s^-1) [m^-2 s^-1]: 2.228282e+18 
(XO2) Molecular oxygen mixing ratio in atmosphere []: 0.000000 
(XH2O) Water mixing ratio in upper atmosphere []: 0.000000 
(HDiffFlux) The Hydrogen Diffusion Flux (m^-2 s^-1) [m^-2 s^-1]: 2.392839e+17 
(HRefODragMod) Multiply by H ref flux to get flux with drag []: 1.000000 
(KTide) Mass loss enhancement due to stellar gravity []: 0.772937 
(CumulativeXUVFlux) Cumulative XUV flux [W/m^2]: 2.579402e+18 
(RunawayGreenhouseFlux) Incident flux that triggers runaway greenhouse [kg/sec^3]: 1295.575716 
(RGDuration) Runaway Greenhouse Duration [years]: 0.00000e+00

Output Order: Time[year] CumulativeXUVFlux[W/m^2]
Grid Output Order:
