-------- Log file gj1132.log -------

Executable: /home/vplanet/.local/bin/vplanet
Version: Unknown
System Name: gj1132
Primary Input File: vpl.in
Body File #1: star.in
Body File #2: b.in
Allow files to be overwitten: Yes
Mass Units: Grams
Length Units: Meters
Time Units: Seconds
Angle Units: Radians

------- FORMATTING -----
Verbosity Level: 5
Crossover Decade for Scientific Notation: 4
Number of Digits After Decimal: 6
Integration Method: Runge-Kutta4
Direction: Forward
Time Step: 3.155760e+07
Stop Time: 1.951416e+17
Output Interval: 3.155760e+13
Use Variable Timestep: Yes
dEta: 0.010000
Minimum Value of ecc and obl: 1.000000e-10


---- INITIAL SYSTEM PROPERTIES ----
(Age) System Age [sec]: 1.393964e+14 
(Time) Simulation Time [sec]: 0.000000 
(TotAngMom) Total Angular Momentum [kg*m^2/sec]: 1.845933e+42 
(TotEnergy) Total System Energy [kg*m^2/sec^2]: -1.147045e+40 
(PotEnergy) Body's non-orbital Potential Energy [kg*m^2/sec^2]: -1.153743e+40 
(KinEnergy) Body's non-orbital Kinetic Energy [kg*m^2/sec^2]: 6.703105e+37 
(DeltaTime) Average Timestep Over Last Output Interval [sec]: 0.000000 

----- BODY: star ----
Active Modules: FLARE STELLAR
Module Bit Sum: 577
Color: 000000
(Mass) Mass [kg]: 3.993955e+29 
(Radius) Radius [m]: 5.536724e+08 
(RadGyra) Radius of Gyration/Moment of Inertia Constant []: 0.455022 
(RotAngMom) Rotational Angular Momentum [kg*m^2/sec]: 1.843486e+42 
(RotVel) Rotational Velocity [m/sec]: 4.026420e+04 
(BodyType) Type of Body (0 == planet) []: 0.000000 
(RotRate) Rotational Frequency [/sec]: 7.272205e-05 
(RotPer) Rotational Period [sec]: 8.640000e+04 
(Density) Average Density [kg/m^3]: 561.766481 
(HZLimitDryRunaway) Semi-major axis of Dry Runaway HZ Limit [m]: 3.343634e+10 
(HZLimRecVenus) Recent Venus HZ Limit [m]: 2.995382e+10 
(HZLimRunaway) Runaway Greenhouse HZ Limit [m]: 3.950541e+10 
(HZLimMoistGreenhouse) Moist Greenhouse HZ Limit [m]: 3.963382e+10 
(HZLimMaxGreenhouse) Maximum Greenhouse HZ Limit [m]: 7.531946e+10 
(HZLimEarlyMars) Early Mars HZ Limit [m]: 8.214404e+10 
(Instellation) Orbit-averaged INcident STELLar radiATION [kg/sec^3]: -1.000000 
(CriticalSemiMajorAxis) Holman & Wiegert (1999) P-type Critical Semi-major Axis [m]: -1.000000 
(LXUVTot) Total XUV Luminosity [LSUN]: 0.001014 
(LostEnergy) Body's Total Lost Energy [kg*m^2/sec^2]: 5.562685e-309 
(LostAngMom) Lost Angular Momentum due to Magnetic Braking [kg*m^2/sec]: 5.562685e-309 
(EscapeVelocity) Escape Velocity [m/sec]: 3.103075e+05 
----- STELLAR PARAMETERS (star)------
(Luminosity) Luminosity [LSUN]: 0.060638 
(LXUVStellar) Base X-ray/XUV Luminosity [LSUN]: 0.001001 
(Temperature) Effective Temperature [K]: 3212.146109 
(LXUVFrac) Fraction of luminosity in XUV []: 0.016512 
(RossbyNumber) Rossby Number []: 0.016489 
(DRotPerDtStellar) Time Rate of Change of Rotation Period in STELLAR []: -1.801478e-10 
(WindTorque) Stellar Wind Torque []: 7.073410e+27 
----- FLARE PARAMETERS (star)------
(LXUVFlare) XUV Luminosity from flares [LSUN]: 1.320139e-05 
(FlareFreq1) First value of flare frequency range [/sec]: 1.893836e-06 
(FlareFreq2) Second value of flare frequency range [/sec]: 1.533767e-06 
(FlareFreq3) Third value of flare frequency range [/sec]: 1.242157e-06 
(FlareFreq4) Fourth value of flare frequency range [/sec]: 1.005990e-06 
(FlareFreqMin) Frequency of the flares with the lowest energy [/sec]: 1.893836e-06 
(FlareFreqMid) Frequency of the flares with the middle energy in the energy range [/sec]: 2.298862e-07 
(FlareFreqMax) Frequency of the flares with the highest energy [/sec]: 2.790508e-08 
(FlareEnergy1) First value of flare energy range [kg*m^2/sec^2]: 5.334000e+25 
(FlareEnergy2) Second value of flare energy range [kg*m^2/sec^2]: 7.534475e+25 
(FlareEnergy3) Third value of flare energy range [kg*m^2/sec^2]: 1.064273e+26 
(FlareEnergy4) Fourth value of flare energy range [kg*m^2/sec^2]: 1.503325e+26 
(FlareEnergyMin) Minimum flare energy [kg*m^2/sec^2]: 5.334000e+25 
(FlareEnergyMid) Middle flare energy in the range of energy values [kg*m^2/sec^2]: 1.686759e+27 
(FlareEnergyMax) Maximum flare energy [kg*m^2/sec^2]: 5.334000e+28 
(FlareYIntOUT) Instantaneous Davenport FFD y-intercept at current age and mass []: 19.195459 
(FlareSlopeOUT) Instantaneous Davenport FFD slope at current age and mass []: -0.610553 

Output Order: Time[year] Luminosity[LSUN] LXUVStellar[LSUN] LXUVFlare[LSUN] LXUVTot[LSUN]
Grid Output Order:

----- BODY: b ----
Active Modules: AtmEsc
Module Bit Sum: 9
Color: 000000
(Mass) Mass [kg]: 9.725651e+24 
(Radius) Radius [m]: 7.215963e+06 
(RadGyra) Radius of Gyration/Moment of Inertia Constant []: 0.500000 
(BodyType) Type of Body (0 == planet) []: 0.000000 
(Density) Average Density [kg/m^3]: 6179.411236 
(HZLimitDryRunaway) Semi-major axis of Dry Runaway HZ Limit [m]: 3.343701e+10 
(HZLimRecVenus) Recent Venus HZ Limit [m]: 2.995382e+10 
(HZLimRunaway) Runaway Greenhouse HZ Limit [m]: 3.950541e+10 
(HZLimMoistGreenhouse) Moist Greenhouse HZ Limit [m]: 3.963382e+10 
(HZLimMaxGreenhouse) Maximum Greenhouse HZ Limit [m]: 7.531946e+10 
(HZLimEarlyMars) Early Mars HZ Limit [m]: 8.214404e+10 
(Instellation) Orbit-averaged INcident STELLar radiATION [kg/sec^3]: 3.293877e+05 
(MeanMotion) Orbital Mean Motion [/sec]: 4.464510e-05 
(OrbPeriod) Orbital Period [sec]: 1.407363e+05 
(SemiMajorAxis) Semi-major Axis [m]: 2.373687e+09 
(LXUVTot) Total XUV Luminosity [kg/sec^3]: -1.000000 
(EscapeVelocity) Escape Velocity [m/sec]: 1.341311e+04 
----- ATMESC PARAMETERS (b)------
(SurfWaterMass) Surface water mass [kg]: 0.000000 
(EnvelopeMass) Envelope mass [kg]: 0.000000 
(OxygenMass) Oxygen mass in the atmosphere [kg]: 0.000000 
(RGLimit) Runaway greenhouse semi-major axis [m]: 3.788078e+10 
(XO) Atomic oxygen mixing ratio in upper atmosphere []: 0.000000 
(EtaO) Oxygen eta parameter (Luger and Barnes 2015) []: 0.000000 
(PlanetRadius) Planet radius [m]: 7.215963e+06 
(OxygenMantleMass) Mass of oxygen in mantle [kg]: 0.000000 
(RadXUV) XUV radius separating hydro. dyn. escape and equilibrium [m]: -1.000000 
(RadSolid) Radius to the solid surface [m]: -1.000000 
(PresXUV) Pressure at base of thermosphere [(null)]: 5.000000 
(ScaleHeight) Scale height in Lehmer & Catling (2016) model [m]: -1.000000 
(ThermTemp) Isothermal atmospheric temperature [K]: 400.000000 
(AtmGasConst) Atmospheric gas constant [(null)]: 4124.000000 
(PresSurf) Surface pressure due to atmosphere [Pa]: -1.000000 
(DEnvMassDt) Envelope Mass Loss Rate [kg/s]: 0.000000 
(FXUV) XUV flux [W/m^2]: 5510.413316 
(AtmXAbsEffH2O) XUV atmospheric escape efficiency for H2O []: 0.300000 
(RocheRadius) Roche Lobe Radius [m]: 4.770401e+07 
(BondiRadius) Bondi Radius [m]: 3.117494e+08 
(HEscapeRegime) Integer flag for H envelope escape regime []: 8.000000 
(RRCriticalFlux) Critical XUV Flux that separates RR and energy-limited escape [W/m^2]: 59.049380 
(CrossoverMass) Crossover mass, defines oxygen is escaping if mc > mo [kg]: 0.000000 
(WaterEscapeRegime) What water escape regime the code is currently in []: 8.000000 
(FXUVCRITDRAG) Critical Drag XUV flux [W/m^2]: 0.487789 
(HREFFLUX) The Hydrogen Reference Flux (m^-2 s^-1) [m^-2 s^-1]: 3.570752e+21 
(XO2) Molecular oxygen mixing ratio in atmosphere []: 0.000000 
(XH2O) Water mixing ratio in upper atmosphere []: 0.000000 
(HDiffFlux) The Hydrogen Diffusion Flux (m^-2 s^-1) [m^-2 s^-1]: 2.413892e+17 
(HRefODragMod) Multiply by H ref flux to get flux with drag []: 1.000000 
(KTide) Mass loss enhancement due to stellar gravity []: 0.774833 
(CumulativeXUVFlux) Cumulative XUV flux [W/m^2]: 0.000000 
(RunawayGreenhouseFlux) Incident flux that triggers runaway greenhouse [kg/sec^3]: 1293.299044 
(RGDuration) Runaway Greenhouse Duration [years]: 0.00000e+00

Output Order: Time[year] CumulativeXUVFlux[W/m^2]
Grid Output Order:



---- FINAL SYSTEM PROPERTIES ----
(Age) System Age [sec]: 1.952916e+17 
(Time) Simulation Time [sec]: 1.951522e+17 
(TotAngMom) Total Angular Momentum [kg*m^2/sec]: 1.853610e+42 
(TotEnergy) Total System Energy [kg*m^2/sec^2]: -1.144326e+40 
(PotEnergy) Body's non-orbital Potential Energy [kg*m^2/sec^2]: -4.202819e+40 
(KinEnergy) Body's non-orbital Kinetic Energy [kg*m^2/sec^2]: 7.275518e+32 
(DeltaTime) Average Timestep Over Last Output Interval [sec]: 1.577880e+13 

----- BODY: star ----
Active Modules: FLARE STELLAR
Module Bit Sum: 577
Color: 000000
(Mass) Mass [kg]: 3.993955e+29 
(Radius) Radius [m]: 1.519922e+08 
(RadGyra) Radius of Gyration/Moment of Inertia Constant []: 0.460186 
(RotAngMom) Rotational Angular Momentum [kg*m^2/sec]: 1.686178e+39 
(RotVel) Rotational Velocity [m/sec]: 131.163103 
(BodyType) Type of Body (0 == planet) []: 0.000000 
(RotRate) Rotational Frequency [/sec]: 8.629596e-07 
(RotPer) Rotational Period [sec]: 7.280973e+06 
(Density) Average Density [kg/m^3]: 2.715507e+04 
(HZLimitDryRunaway) Semi-major axis of Dry Runaway HZ Limit [m]: 9.482896e+09 
(HZLimRecVenus) Recent Venus HZ Limit [m]: 8.486628e+09 
(HZLimRunaway) Runaway Greenhouse HZ Limit [m]: 1.119804e+10 
(HZLimMoistGreenhouse) Moist Greenhouse HZ Limit [m]: 1.122920e+10 
(HZLimMaxGreenhouse) Maximum Greenhouse HZ Limit [m]: 2.129762e+10 
(HZLimEarlyMars) Early Mars HZ Limit [m]: 2.322744e+10 
(Instellation) Orbit-averaged INcident STELLar radiATION [kg/sec^3]: -1.000000 
(CriticalSemiMajorAxis) Holman & Wiegert (1999) P-type Critical Semi-major Axis [m]: -1.000000 
(LXUVTot) Total XUV Luminosity [LSUN]: 5.210264e-06 
(LostEnergy) Body's Total Lost Energy [kg*m^2/sec^2]: 3.058498e+40 
(LostAngMom) Lost Angular Momentum due to Magnetic Braking [kg*m^2/sec]: 1.849478e+42 
(EscapeVelocity) Escape Velocity [m/sec]: 5.922542e+05 
----- STELLAR PARAMETERS (star)------
(Luminosity) Luminosity [LSUN]: 0.004877 
(LXUVStellar) Base X-ray/XUV Luminosity [LSUN]: 4.822038e-06 
(Temperature) Effective Temperature [K]: 3263.955714 
(LXUVFrac) Fraction of luminosity in XUV []: 0.000989 
(RossbyNumber) Rossby Number []: 1.426936 
(DRotPerDtStellar) Time Rate of Change of Rotation Period in STELLAR []: 1.859118e-11 
(WindTorque) Stellar Wind Torque []: 4.298602e+21 
----- FLARE PARAMETERS (star)------
(LXUVFlare) XUV Luminosity from flares [LSUN]: 3.881990e-07 
(FlareFreq1) First value of flare frequency range [/sec]: 5.826008e-07 
(FlareFreq2) Second value of flare frequency range [/sec]: 4.017852e-07 
(FlareFreq3) Third value of flare frequency range [/sec]: 2.770874e-07 
(FlareFreq4) Fourth value of flare frequency range [/sec]: 1.910907e-07 
(FlareFreqMin) Frequency of the flares with the lowest energy [/sec]: 5.826008e-07 
(FlareFreqMid) Frequency of the flares with the middle energy in the energy range [/sec]: 1.417750e-08 
(FlareFreqMax) Frequency of the flares with the highest energy [/sec]: 3.450071e-10 
(FlareEnergy1) First value of flare energy range [kg*m^2/sec^2]: 5.334000e+25 
(FlareEnergy2) Second value of flare energy range [kg*m^2/sec^2]: 7.534475e+25 
(FlareEnergy3) Third value of flare energy range [kg*m^2/sec^2]: 1.064273e+26 
(FlareEnergy4) Fourth value of flare energy range [kg*m^2/sec^2]: 1.503325e+26 
(FlareEnergyMin) Minimum flare energy [kg*m^2/sec^2]: 5.334000e+25 
(FlareEnergyMid) Middle flare energy in the range of energy values [kg*m^2/sec^2]: 1.686759e+27 
(FlareEnergyMax) Maximum flare energy [kg*m^2/sec^2]: 5.334000e+28 
(FlareYIntOUT) Instantaneous Davenport FFD y-intercept at current age and mass []: 33.911209 
(FlareSlopeOUT) Instantaneous Davenport FFD slope at current age and mass []: -1.075848 

Output Order: Time[year] Luminosity[LSUN] LXUVStellar[LSUN] LXUVFlare[LSUN] LXUVTot[LSUN]
Grid Output Order:

----- BODY: b ----
Active Modules: AtmEsc
Module Bit Sum: 9
Color: 000000
(Mass) Mass [kg]: 9.725651e+24 
(Radius) Radius [m]: 7.215963e+06 
(RadGyra) Radius of Gyration/Moment of Inertia Constant []: 0.500000 
(BodyType) Type of Body (0 == planet) []: 0.000000 
(Density) Average Density [kg/m^3]: 6179.411236 
(HZLimitDryRunaway) Semi-major axis of Dry Runaway HZ Limit [m]: 9.483086e+09 
(HZLimRecVenus) Recent Venus HZ Limit [m]: 8.486628e+09 
(HZLimRunaway) Runaway Greenhouse HZ Limit [m]: 1.119804e+10 
(HZLimMoistGreenhouse) Moist Greenhouse HZ Limit [m]: 1.122920e+10 
(HZLimMaxGreenhouse) Maximum Greenhouse HZ Limit [m]: 2.129762e+10 
(HZLimEarlyMars) Early Mars HZ Limit [m]: 2.322744e+10 
(Instellation) Orbit-averaged INcident STELLar radiATION [kg/sec^3]: 2.649426e+04 
(MeanMotion) Orbital Mean Motion [/sec]: 4.464510e-05 
(OrbPeriod) Orbital Period [sec]: 1.407363e+05 
(SemiMajorAxis) Semi-major Axis [m]: 2.373687e+09 
(LXUVTot) Total XUV Luminosity [kg/sec^3]: -1.000000 
(EscapeVelocity) Escape Velocity [m/sec]: 1.341311e+04 
----- ATMESC PARAMETERS (b)------
(SurfWaterMass) Surface water mass [kg]: 0.000000 
(EnvelopeMass) Envelope mass [kg]: 0.000000 
(OxygenMass) Oxygen mass in the atmosphere [kg]: 0.000000 
(RGLimit) Runaway greenhouse semi-major axis [m]: 1.073777e+10 
(XO) Atomic oxygen mixing ratio in upper atmosphere []: 0.000000 
(EtaO) Oxygen eta parameter (Luger and Barnes 2015) []: 0.000000 
(PlanetRadius) Planet radius [m]: 7.215963e+06 
(OxygenMantleMass) Mass of oxygen in mantle [kg]: 0.000000 
(RadXUV) XUV radius separating hydro. dyn. escape and equilibrium [m]: -1.000000 
(RadSolid) Radius to the solid surface [m]: -1.000000 
(PresXUV) Pressure at base of thermosphere [(null)]: 5.000000 
(ScaleHeight) Scale height in Lehmer & Catling (2016) model [m]: -1.000000 
(ThermTemp) Isothermal atmospheric temperature [K]: 400.000000 
(AtmGasConst) Atmospheric gas constant [(null)]: 4124.000000 
(PresSurf) Surface pressure due to atmosphere [Pa]: -1.000000 
(DEnvMassDt) Envelope Mass Loss Rate [kg/s]: 0.000000 
(FXUV) XUV flux [W/m^2]: 28.302246 
(AtmXAbsEffH2O) XUV atmospheric escape efficiency for H2O []: 0.300000 
(RocheRadius) Roche Lobe Radius [m]: 4.770401e+07 
(BondiRadius) Bondi Radius [m]: 5.855615e+08 
(HEscapeRegime) Integer flag for H envelope escape regime []: 8.000000 
(RRCriticalFlux) Critical XUV Flux that separates RR and energy-limited escape [W/m^2]: 59.049380 
(CrossoverMass) Crossover mass, defines oxygen is escaping if mc > mo [kg]: 0.000000 
(WaterEscapeRegime) What water escape regime the code is currently in []: 8.000000 
(FXUVCRITDRAG) Critical Drag XUV flux [W/m^2]: 0.487789 
(HREFFLUX) The Hydrogen Reference Flux (m^-2 s^-1) [m^-2 s^-1]: 1.833988e+19 
(XO2) Molecular oxygen mixing ratio in atmosphere []: 0.000000 
(XH2O) Water mixing ratio in upper atmosphere []: 0.000000 
(HDiffFlux) The Hydrogen Diffusion Flux (m^-2 s^-1) [m^-2 s^-1]: 2.413892e+17 
(HRefODragMod) Multiply by H ref flux to get flux with drag []: 1.000000 
(KTide) Mass loss enhancement due to stellar gravity []: 0.774833 
(CumulativeXUVFlux) Cumulative XUV flux [W/m^2]: 2.976870e+19 
(RunawayGreenhouseFlux) Incident flux that triggers runaway greenhouse [kg/sec^3]: 1294.652072 
(RGDuration) Runaway Greenhouse Duration [years]: 0.00000e+00

Output Order: Time[year] CumulativeXUVFlux[W/m^2]
Grid Output Order:
