-------- Log file gj1132.log -------

Executable: /home/vplanet/.local/bin/vplanet
Version: Unknown
System Name: gj1132
Primary Input File: vpl.in
Body File #1: star.in
Body File #2: b.in
Allow files to be overwitten: Yes
Mass Units: Grams
Length Units: Meters
Time Units: Seconds
Angle Units: Radians

------- FORMATTING -----
Verbosity Level: 5
Crossover Decade for Scientific Notation: 4
Number of Digits After Decimal: 6
Integration Method: Runge-Kutta4
Direction: Forward
Time Step: 3.155760e+07
Stop Time: 1.822344e+17
Output Interval: 3.155760e+13
Use Variable Timestep: Yes
dEta: 0.010000
Minimum Value of ecc and obl: 1.000000e-10


---- INITIAL SYSTEM PROPERTIES ----
(Age) System Age [sec]: 1.352363e+14 
(Time) Simulation Time [sec]: 0.000000 
(TotAngMom) Total Angular Momentum [kg*m^2/sec]: 1.810640e+42 
(TotEnergy) Total System Energy [kg*m^2/sec^2]: -1.102352e+40 
(PotEnergy) Body's non-orbital Potential Energy [kg*m^2/sec^2]: -1.108921e+40 
(KinEnergy) Body's non-orbital Kinetic Energy [kg*m^2/sec^2]: 6.574758e+37 
(DeltaTime) Average Timestep Over Last Output Interval [sec]: 0.000000 

----- BODY: star ----
Active Modules: FLARE STELLAR
Module Bit Sum: 577
Color: 000000
(Mass) Mass [kg]: 3.916233e+29 
(Radius) Radius [m]: 5.538498e+08 
(RadGyra) Radius of Gyration/Moment of Inertia Constant []: 0.454949 
(RotAngMom) Rotational Angular Momentum [kg*m^2/sec]: 1.808188e+42 
(RotVel) Rotational Velocity [m/sec]: 4.027710e+04 
(BodyType) Type of Body (0 == planet) []: 0.000000 
(RotRate) Rotational Frequency [/sec]: 7.272205e-05 
(RotPer) Rotational Period [sec]: 8.640000e+04 
(Density) Average Density [kg/m^3]: 550.305497 
(HZLimitDryRunaway) Semi-major axis of Dry Runaway HZ Limit [m]: 3.314981e+10 
(HZLimRecVenus) Recent Venus HZ Limit [m]: 2.970498e+10 
(HZLimRunaway) Runaway Greenhouse HZ Limit [m]: 3.917241e+10 
(HZLimMoistGreenhouse) Moist Greenhouse HZ Limit [m]: 3.930458e+10 
(HZLimMaxGreenhouse) Maximum Greenhouse HZ Limit [m]: 7.473295e+10 
(HZLimEarlyMars) Early Mars HZ Limit [m]: 8.150431e+10 
(Instellation) Orbit-averaged INcident STELLar radiATION [kg/sec^3]: -1.000000 
(CriticalSemiMajorAxis) Holman & Wiegert (1999) P-type Critical Semi-major Axis [m]: -1.000000 
(LXUVTot) Total XUV Luminosity [LSUN]: 4.315981e-05 
(LostEnergy) Body's Total Lost Energy [kg*m^2/sec^2]: 5.562685e-309 
(LostAngMom) Lost Angular Momentum due to Magnetic Braking [kg*m^2/sec]: 5.562685e-309 
(EscapeVelocity) Escape Velocity [m/sec]: 3.072242e+05 
----- STELLAR PARAMETERS (star)------
(Luminosity) Luminosity [LSUN]: 0.059603 
(LXUVStellar) Base X-ray/XUV Luminosity [LSUN]: 4.233895e-05 
(Temperature) Effective Temperature [K]: 3198.365605 
(LXUVFrac) Fraction of luminosity in XUV []: 0.000710 
(RossbyNumber) Rossby Number []: 0.016373 
(DRotPerDtStellar) Time Rate of Change of Rotation Period in STELLAR []: -1.005914e-10 
(WindTorque) Stellar Wind Torque []: 7.178944e+27 
----- FLARE PARAMETERS (star)------
(LXUVFlare) XUV Luminosity from flares [LSUN]: 8.208545e-07 
(FlareFreq1) First value of flare frequency range [/sec]: 3.109275e-05 
(FlareFreq2) Second value of flare frequency range [/sec]: 2.702489e-05 
(FlareFreq3) Third value of flare frequency range [/sec]: 2.348923e-05 
(FlareFreq4) Fourth value of flare frequency range [/sec]: 2.041613e-05 
(FlareFreqMin) Frequency of the flares with the lowest energy [/sec]: 3.109275e-05 
(FlareFreqMid) Frequency of the flares with the middle energy in the energy range [/sec]: 7.650802e-06 
(FlareFreqMax) Frequency of the flares with the highest energy [/sec]: 1.882586e-06 
(FlareEnergy1) First value of flare energy range [kg*m^2/sec^2]: 5.334000e+23 
(FlareEnergy2) Second value of flare energy range [kg*m^2/sec^2]: 6.715108e+23 
(FlareEnergy3) Third value of flare energy range [kg*m^2/sec^2]: 8.453820e+23 
(FlareEnergy4) Fourth value of flare energy range [kg*m^2/sec^2]: 1.064273e+24 
(FlareEnergyMin) Minimum flare energy [kg*m^2/sec^2]: 5.334000e+23 
(FlareEnergyMid) Middle flare energy in the range of energy values [kg*m^2/sec^2]: 5.334000e+24 
(FlareEnergyMax) Maximum flare energy [kg*m^2/sec^2]: 5.334000e+25 
(FlareYIntOUT) Instantaneous Davenport FFD y-intercept at current age and mass []: 19.140480 
(FlareSlopeOUT) Instantaneous Davenport FFD slope at current age and mass []: -0.608952 

Output Order: Time[year] Luminosity[LSUN] LXUVStellar[LSUN] LXUVFlare[LSUN] LXUVTot[LSUN]
Grid Output Order:

----- BODY: b ----
Active Modules: AtmEsc
Module Bit Sum: 9
Color: 000000
(Mass) Mass [kg]: 9.876208e+24 
(Radius) Radius [m]: 7.151272e+06 
(RadGyra) Radius of Gyration/Moment of Inertia Constant []: 0.500000 
(BodyType) Type of Body (0 == planet) []: 0.000000 
(Density) Average Density [kg/m^3]: 6446.911732 
(HZLimitDryRunaway) Semi-major axis of Dry Runaway HZ Limit [m]: 3.314983e+10 
(HZLimRecVenus) Recent Venus HZ Limit [m]: 2.970498e+10 
(HZLimRunaway) Runaway Greenhouse HZ Limit [m]: 3.917241e+10 
(HZLimMoistGreenhouse) Moist Greenhouse HZ Limit [m]: 3.930458e+10 
(HZLimMaxGreenhouse) Maximum Greenhouse HZ Limit [m]: 7.473295e+10 
(HZLimEarlyMars) Early Mars HZ Limit [m]: 8.150431e+10 
(Instellation) Orbit-averaged INcident STELLar radiATION [kg/sec^3]: 3.280155e+05 
(MeanMotion) Orbital Mean Motion [/sec]: 4.464367e-05 
(OrbPeriod) Orbital Period [sec]: 1.407408e+05 
(SemiMajorAxis) Semi-major Axis [m]: 2.358240e+09 
(LXUVTot) Total XUV Luminosity [kg/sec^3]: -1.000000 
(EscapeVelocity) Escape Velocity [m/sec]: 1.357753e+04 
----- ATMESC PARAMETERS (b)------
(SurfWaterMass) Surface water mass [kg]: 0.000000 
(EnvelopeMass) Envelope mass [kg]: 0.000000 
(OxygenMass) Oxygen mass in the atmosphere [kg]: 0.000000 
(RGLimit) Runaway greenhouse semi-major axis [m]: 3.754837e+10 
(XO) Atomic oxygen mixing ratio in upper atmosphere []: 0.000000 
(EtaO) Oxygen eta parameter (Luger and Barnes 2015) []: 0.000000 
(PlanetRadius) Planet radius [m]: 7.151272e+06 
(OxygenMantleMass) Mass of oxygen in mantle [kg]: 0.000000 
(RadXUV) XUV radius separating hydro. dyn. escape and equilibrium [m]: -1.000000 
(RadSolid) Radius to the solid surface [m]: -1.000000 
(PresXUV) Pressure at base of thermosphere [(null)]: 5.000000 
(ScaleHeight) Scale height in Lehmer & Catling (2016) model [m]: -1.000000 
(ThermTemp) Isothermal atmospheric temperature [K]: 400.000000 
(AtmGasConst) Atmospheric gas constant [(null)]: 4124.000000 
(PresSurf) Surface pressure due to atmosphere [Pa]: -1.000000 
(DEnvMassDt) Envelope Mass Loss Rate [kg/s]: 0.000000 
(FXUV) XUV flux [W/m^2]: 237.521595 
(AtmXAbsEffH2O) XUV atmospheric escape efficiency for H2O []: 0.300000 
(RocheRadius) Roche Lobe Radius [m]: 4.794996e+07 
(BondiRadius) Bondi Radius [m]: 3.189279e+08 
(HEscapeRegime) Integer flag for H envelope escape regime []: 8.000000 
(RRCriticalFlux) Critical XUV Flux that separates RR and energy-limited escape [W/m^2]: 63.063361 
(CrossoverMass) Crossover mass, defines oxygen is escaping if mc > mo [kg]: 0.000000 
(WaterEscapeRegime) What water escape regime the code is currently in []: 8.000000 
(FXUVCRITDRAG) Critical Drag XUV flux [W/m^2]: 0.516783 
(HREFFLUX) The Hydrogen Reference Flux (m^-2 s^-1) [m^-2 s^-1]: 1.496075e+20 
(XO2) Molecular oxygen mixing ratio in atmosphere []: 0.000000 
(XH2O) Water mixing ratio in upper atmosphere []: 0.000000 
(HDiffFlux) The Hydrogen Diffusion Flux (m^-2 s^-1) [m^-2 s^-1]: 2.495810e+17 
(HRefODragMod) Multiply by H ref flux to get flux with drag []: 1.000000 
(KTide) Mass loss enhancement due to stellar gravity []: 0.777948 
(CumulativeXUVFlux) Cumulative XUV flux [W/m^2]: 0.000000 
(RunawayGreenhouseFlux) Incident flux that triggers runaway greenhouse [kg/sec^3]: 1293.861418 
(RGDuration) Runaway Greenhouse Duration [years]: 0.00000e+00

Output Order: Time[year] CumulativeXUVFlux[W/m^2]
Grid Output Order:



---- FINAL SYSTEM PROPERTIES ----
(Age) System Age [sec]: 1.823804e+17 
(Time) Simulation Time [sec]: 1.822451e+17 
(TotAngMom) Total Angular Momentum [kg*m^2/sec]: 1.808493e+42 
(TotEnergy) Total System Energy [kg*m^2/sec^2]: -1.103516e+40 
(PotEnergy) Body's non-orbital Potential Energy [kg*m^2/sec^2]: -4.144270e+40 
(KinEnergy) Body's non-orbital Kinetic Energy [kg*m^2/sec^2]: 7.743246e+32 
(DeltaTime) Average Timestep Over Last Output Interval [sec]: 1.577880e+13 

----- BODY: star ----
Active Modules: FLARE STELLAR
Module Bit Sum: 577
Color: 000000
(Mass) Mass [kg]: 3.916233e+29 
(Radius) Radius [m]: 1.481988e+08 
(RadGyra) Radius of Gyration/Moment of Inertia Constant []: 0.460349 
(RotAngMom) Rotational Angular Momentum [kg*m^2/sec]: 1.680131e+39 
(RotVel) Rotational Velocity [m/sec]: 136.601280 
(BodyType) Type of Body (0 == planet) []: 0.000000 
(RotRate) Rotational Frequency [/sec]: 9.217433e-07 
(RotPer) Rotational Period [sec]: 6.816632e+06 
(Density) Average Density [kg/m^3]: 2.872405e+04 
(HZLimitDryRunaway) Semi-major axis of Dry Runaway HZ Limit [m]: 9.194116e+09 
(HZLimRecVenus) Recent Venus HZ Limit [m]: 8.230038e+09 
(HZLimRunaway) Runaway Greenhouse HZ Limit [m]: 1.085835e+10 
(HZLimMoistGreenhouse) Moist Greenhouse HZ Limit [m]: 1.088969e+10 
(HZLimMaxGreenhouse) Maximum Greenhouse HZ Limit [m]: 2.066270e+10 
(HZLimEarlyMars) Early Mars HZ Limit [m]: 2.253498e+10 
(Instellation) Orbit-averaged INcident STELLar radiATION [kg/sec^3]: -1.000000 
(CriticalSemiMajorAxis) Holman & Wiegert (1999) P-type Critical Semi-major Axis [m]: -1.000000 
(LXUVTot) Total XUV Luminosity [LSUN]: 6.499467e-07 
(LostEnergy) Body's Total Lost Energy [kg*m^2/sec^2]: 3.040759e+40 
(LostAngMom) Lost Angular Momentum due to Magnetic Braking [kg*m^2/sec]: 1.804361e+42 
(EscapeVelocity) Escape Velocity [m/sec]: 5.939216e+05 
----- STELLAR PARAMETERS (star)------
(Luminosity) Luminosity [LSUN]: 0.004585 
(LXUVStellar) Base X-ray/XUV Luminosity [LSUN]: 2.620678e-07 
(Temperature) Effective Temperature [K]: 3252.553614 
(LXUVFrac) Fraction of luminosity in XUV []: 5.715905e-05 
(RossbyNumber) Rossby Number []: 1.328155 
(DRotPerDtStellar) Time Rate of Change of Rotation Period in STELLAR []: 2.146843e-11 
(WindTorque) Stellar Wind Torque []: 5.291436e+21 
----- FLARE PARAMETERS (star)------
(LXUVFlare) XUV Luminosity from flares [LSUN]: 3.878735e-07 
(FlareFreq1) First value of flare frequency range [/sec]: 8.068405e-05 
(FlareFreq2) Second value of flare frequency range [/sec]: 6.304141e-05 
(FlareFreq3) Third value of flare frequency range [/sec]: 4.925656e-05 
(FlareFreq4) Fourth value of flare frequency range [/sec]: 3.848596e-05 
(FlareFreqMin) Frequency of the flares with the lowest energy [/sec]: 8.068405e-05 
(FlareFreqMid) Frequency of the flares with the middle energy in the energy range [/sec]: 6.841792e-06 
(FlareFreqMax) Frequency of the flares with the highest energy [/sec]: 5.801657e-07 
(FlareEnergy1) First value of flare energy range [kg*m^2/sec^2]: 5.334000e+23 
(FlareEnergy2) Second value of flare energy range [kg*m^2/sec^2]: 6.715108e+23 
(FlareEnergy3) Third value of flare energy range [kg*m^2/sec^2]: 8.453820e+23 
(FlareEnergy4) Fourth value of flare energy range [kg*m^2/sec^2]: 1.064273e+24 
(FlareEnergyMin) Minimum flare energy [kg*m^2/sec^2]: 5.334000e+23 
(FlareEnergyMid) Middle flare energy in the range of energy values [kg*m^2/sec^2]: 5.334000e+24 
(FlareEnergyMax) Maximum flare energy [kg*m^2/sec^2]: 5.334000e+25 
(FlareYIntOUT) Instantaneous Davenport FFD y-intercept at current age and mass []: 33.770958 
(FlareSlopeOUT) Instantaneous Davenport FFD slope at current age and mass []: -1.071618 

Output Order: Time[year] Luminosity[LSUN] LXUVStellar[LSUN] LXUVFlare[LSUN] LXUVTot[LSUN]
Grid Output Order:

----- BODY: b ----
Active Modules: AtmEsc
Module Bit Sum: 9
Color: 000000
(Mass) Mass [kg]: 9.876208e+24 
(Radius) Radius [m]: 7.151272e+06 
(RadGyra) Radius of Gyration/Moment of Inertia Constant []: 0.500000 
(BodyType) Type of Body (0 == planet) []: 0.000000 
(Density) Average Density [kg/m^3]: 6446.911732 
(HZLimitDryRunaway) Semi-major axis of Dry Runaway HZ Limit [m]: 9.194122e+09 
(HZLimRecVenus) Recent Venus HZ Limit [m]: 8.230038e+09 
(HZLimRunaway) Runaway Greenhouse HZ Limit [m]: 1.085835e+10 
(HZLimMoistGreenhouse) Moist Greenhouse HZ Limit [m]: 1.088969e+10 
(HZLimMaxGreenhouse) Maximum Greenhouse HZ Limit [m]: 2.066270e+10 
(HZLimEarlyMars) Early Mars HZ Limit [m]: 2.253498e+10 
(Instellation) Orbit-averaged INcident STELLar radiATION [kg/sec^3]: 2.523203e+04 
(MeanMotion) Orbital Mean Motion [/sec]: 4.464367e-05 
(OrbPeriod) Orbital Period [sec]: 1.407408e+05 
(SemiMajorAxis) Semi-major Axis [m]: 2.358240e+09 
(LXUVTot) Total XUV Luminosity [kg/sec^3]: -1.000000 
(EscapeVelocity) Escape Velocity [m/sec]: 1.357753e+04 
----- ATMESC PARAMETERS (b)------
(SurfWaterMass) Surface water mass [kg]: 0.000000 
(EnvelopeMass) Envelope mass [kg]: 0.000000 
(OxygenMass) Oxygen mass in the atmosphere [kg]: 0.000000 
(RGLimit) Runaway greenhouse semi-major axis [m]: 1.040840e+10 
(XO) Atomic oxygen mixing ratio in upper atmosphere []: 0.000000 
(EtaO) Oxygen eta parameter (Luger and Barnes 2015) []: 0.000000 
(PlanetRadius) Planet radius [m]: 7.151272e+06 
(OxygenMantleMass) Mass of oxygen in mantle [kg]: 0.000000 
(RadXUV) XUV radius separating hydro. dyn. escape and equilibrium [m]: -1.000000 
(RadSolid) Radius to the solid surface [m]: -1.000000 
(PresXUV) Pressure at base of thermosphere [(null)]: 5.000000 
(ScaleHeight) Scale height in Lehmer & Catling (2016) model [m]: -1.000000 
(ThermTemp) Isothermal atmospheric temperature [K]: 400.000000 
(AtmGasConst) Atmospheric gas constant [(null)]: 4124.000000 
(PresSurf) Surface pressure due to atmosphere [Pa]: -1.000000 
(DEnvMassDt) Envelope Mass Loss Rate [kg/s]: 0.000000 
(FXUV) XUV flux [W/m^2]: 3.576855 
(AtmXAbsEffH2O) XUV atmospheric escape efficiency for H2O []: 0.300000 
(RocheRadius) Roche Lobe Radius [m]: 4.794996e+07 
(BondiRadius) Bondi Radius [m]: 6.062752e+08 
(HEscapeRegime) Integer flag for H envelope escape regime []: 8.000000 
(RRCriticalFlux) Critical XUV Flux that separates RR and energy-limited escape [W/m^2]: 63.063361 
(CrossoverMass) Crossover mass, defines oxygen is escaping if mc > mo [kg]: 0.000000 
(WaterEscapeRegime) What water escape regime the code is currently in []: 8.000000 
(FXUVCRITDRAG) Critical Drag XUV flux [W/m^2]: 0.516783 
(HREFFLUX) The Hydrogen Reference Flux (m^-2 s^-1) [m^-2 s^-1]: 2.252950e+18 
(XO2) Molecular oxygen mixing ratio in atmosphere []: 0.000000 
(XH2O) Water mixing ratio in upper atmosphere []: 0.000000 
(HDiffFlux) The Hydrogen Diffusion Flux (m^-2 s^-1) [m^-2 s^-1]: 2.495810e+17 
(HRefODragMod) Multiply by H ref flux to get flux with drag []: 1.000000 
(KTide) Mass loss enhancement due to stellar gravity []: 0.777948 
(CumulativeXUVFlux) Cumulative XUV flux [W/m^2]: 1.862447e+18 
(RunawayGreenhouseFlux) Incident flux that triggers runaway greenhouse [kg/sec^3]: 1295.269063 
(RGDuration) Runaway Greenhouse Duration [years]: 0.00000e+00

Output Order: Time[year] CumulativeXUVFlux[W/m^2]
Grid Output Order:
