-------- Log file gj1132.log -------

Executable: /home/vplanet/.local/bin/vplanet
Version: Unknown
System Name: gj1132
Primary Input File: vpl.in
Body File #1: star.in
Body File #2: b.in
Allow files to be overwitten: Yes
Mass Units: Grams
Length Units: Meters
Time Units: Seconds
Angle Units: Radians

------- FORMATTING -----
Verbosity Level: 5
Crossover Decade for Scientific Notation: 4
Number of Digits After Decimal: 6
Integration Method: Runge-Kutta4
Direction: Forward
Time Step: 3.155760e+07
Stop Time: 2.037129e+17
Output Interval: 3.155760e+13
Use Variable Timestep: Yes
dEta: 0.010000
Minimum Value of ecc and obl: 1.000000e-10


---- INITIAL SYSTEM PROPERTIES ----
(Age) System Age [sec]: 1.802145e+14 
(Time) Simulation Time [sec]: 0.000000 
(TotAngMom) Total Angular Momentum [kg*m^2/sec]: 1.395171e+42 
(TotEnergy) Total System Energy [kg*m^2/sec^2]: -1.190238e+40 
(PotEnergy) Body's non-orbital Potential Energy [kg*m^2/sec^2]: -1.195296e+40 
(KinEnergy) Body's non-orbital Kinetic Energy [kg*m^2/sec^2]: 5.064035e+37 
(DeltaTime) Average Timestep Over Last Output Interval [sec]: 0.000000 

----- BODY: star ----
Active Modules: FLARE STELLAR
Module Bit Sum: 577
Color: 000000
(Mass) Mass [kg]: 3.825517e+29 
(Radius) Radius [m]: 4.902983e+08 
(RadGyra) Radius of Gyration/Moment of Inertia Constant []: 0.456343 
(RotAngMom) Rotational Angular Momentum [kg*m^2/sec]: 1.392710e+42 
(RotVel) Rotational Velocity [m/sec]: 3.565550e+04 
(BodyType) Type of Body (0 == planet) []: 0.000000 
(RotRate) Rotational Frequency [/sec]: 7.272205e-05 
(RotPer) Rotational Period [sec]: 8.640000e+04 
(Density) Average Density [kg/m^3]: 774.854688 
(HZLimitDryRunaway) Semi-major axis of Dry Runaway HZ Limit [m]: 2.957124e+10 
(HZLimRecVenus) Recent Venus HZ Limit [m]: 2.649348e+10 
(HZLimRunaway) Runaway Greenhouse HZ Limit [m]: 3.494030e+10 
(HZLimMoistGreenhouse) Moist Greenhouse HZ Limit [m]: 3.505523e+10 
(HZLimMaxGreenhouse) Maximum Greenhouse HZ Limit [m]: 6.662934e+10 
(HZLimEarlyMars) Early Mars HZ Limit [m]: 7.266651e+10 
(Instellation) Orbit-averaged INcident STELLar radiATION [kg/sec^3]: -1.000000 
(CriticalSemiMajorAxis) Holman & Wiegert (1999) P-type Critical Semi-major Axis [m]: -1.000000 
(LXUVTot) Total XUV Luminosity [LSUN]: 3.694345e-05 
(LostEnergy) Body's Total Lost Energy [kg*m^2/sec^2]: 5.562685e-309 
(LostAngMom) Lost Angular Momentum due to Magnetic Braking [kg*m^2/sec]: 5.562685e-309 
(EscapeVelocity) Escape Velocity [m/sec]: 3.227246e+05 
----- STELLAR PARAMETERS (star)------
(Luminosity) Luminosity [LSUN]: 0.047429 
(LXUVStellar) Base X-ray/XUV Luminosity [LSUN]: 3.614843e-05 
(Temperature) Effective Temperature [K]: 3207.823870 
(LXUVFrac) Fraction of luminosity in XUV []: 0.000762 
(RossbyNumber) Rossby Number []: 0.016453 
(DRotPerDtStellar) Time Rate of Change of Rotation Period in STELLAR []: -8.002624e-11 
(WindTorque) Stellar Wind Torque []: 3.806662e+27 
----- FLARE PARAMETERS (star)------
(LXUVFlare) XUV Luminosity from flares [LSUN]: 7.950165e-07 
(FlareFreq1) First value of flare frequency range [/sec]: 3.299014e-05 
(FlareFreq2) Second value of flare frequency range [/sec]: 2.852440e-05 
(FlareFreq3) Third value of flare frequency range [/sec]: 2.466317e-05 
(FlareFreq4) Fourth value of flare frequency range [/sec]: 2.132462e-05 
(FlareFreqMin) Frequency of the flares with the lowest energy [/sec]: 3.299014e-05 
(FlareFreqMid) Frequency of the flares with the middle energy in the energy range [/sec]: 7.703850e-06 
(FlareFreqMax) Frequency of the flares with the highest energy [/sec]: 1.799001e-06 
(FlareEnergy1) First value of flare energy range [kg*m^2/sec^2]: 5.334000e+23 
(FlareEnergy2) Second value of flare energy range [kg*m^2/sec^2]: 6.715108e+23 
(FlareEnergy3) Third value of flare energy range [kg*m^2/sec^2]: 8.453820e+23 
(FlareEnergy4) Fourth value of flare energy range [kg*m^2/sec^2]: 1.064273e+24 
(FlareEnergyMin) Minimum flare energy [kg*m^2/sec^2]: 5.334000e+23 
(FlareEnergyMid) Middle flare energy in the range of energy values [kg*m^2/sec^2]: 5.334000e+24 
(FlareEnergyMax) Maximum flare energy [kg*m^2/sec^2]: 5.334000e+25 
(FlareYIntOUT) Instantaneous Davenport FFD y-intercept at current age and mass []: 19.864450 
(FlareSlopeOUT) Instantaneous Davenport FFD slope at current age and mass []: -0.631676 

Output Order: Time[year] Luminosity[LSUN] LXUVStellar[LSUN] LXUVFlare[LSUN] LXUVTot[LSUN]
Grid Output Order:

----- BODY: b ----
Active Modules: AtmEsc
Module Bit Sum: 9
Color: 000000
(Mass) Mass [kg]: 1.007154e+25 
(Radius) Radius [m]: 7.094151e+06 
(RadGyra) Radius of Gyration/Moment of Inertia Constant []: 0.500000 
(BodyType) Type of Body (0 == planet) []: 0.000000 
(Density) Average Density [kg/m^3]: 6734.512054 
(HZLimitDryRunaway) Semi-major axis of Dry Runaway HZ Limit [m]: 2.957128e+10 
(HZLimRecVenus) Recent Venus HZ Limit [m]: 2.649348e+10 
(HZLimRunaway) Runaway Greenhouse HZ Limit [m]: 3.494030e+10 
(HZLimMoistGreenhouse) Moist Greenhouse HZ Limit [m]: 3.505523e+10 
(HZLimMaxGreenhouse) Maximum Greenhouse HZ Limit [m]: 6.662934e+10 
(HZLimEarlyMars) Early Mars HZ Limit [m]: 7.266651e+10 
(Instellation) Orbit-averaged INcident STELLar radiATION [kg/sec^3]: 2.651253e+05 
(MeanMotion) Orbital Mean Motion [/sec]: 4.464323e-05 
(OrbPeriod) Orbital Period [sec]: 1.407422e+05 
(SemiMajorAxis) Semi-major Axis [m]: 2.339905e+09 
(LXUVTot) Total XUV Luminosity [kg/sec^3]: -1.000000 
(EscapeVelocity) Escape Velocity [m/sec]: 1.376623e+04 
----- ATMESC PARAMETERS (b)------
(SurfWaterMass) Surface water mass [kg]: 0.000000 
(EnvelopeMass) Envelope mass [kg]: 0.000000 
(OxygenMass) Oxygen mass in the atmosphere [kg]: 0.000000 
(RGLimit) Runaway greenhouse semi-major axis [m]: 3.347668e+10 
(XO) Atomic oxygen mixing ratio in upper atmosphere []: 0.000000 
(EtaO) Oxygen eta parameter (Luger and Barnes 2015) []: 0.000000 
(PlanetRadius) Planet radius [m]: 7.094151e+06 
(OxygenMantleMass) Mass of oxygen in mantle [kg]: 0.000000 
(RadXUV) XUV radius separating hydro. dyn. escape and equilibrium [m]: -1.000000 
(RadSolid) Radius to the solid surface [m]: -1.000000 
(PresXUV) Pressure at base of thermosphere [(null)]: 5.000000 
(ScaleHeight) Scale height in Lehmer & Catling (2016) model [m]: -1.000000 
(ThermTemp) Isothermal atmospheric temperature [K]: 400.000000 
(AtmGasConst) Atmospheric gas constant [(null)]: 4124.000000 
(PresSurf) Surface pressure due to atmosphere [Pa]: -1.000000 
(DEnvMassDt) Envelope Mass Loss Rate [kg/s]: 0.000000 
(FXUV) XUV flux [W/m^2]: 206.509929 
(AtmXAbsEffH2O) XUV atmospheric escape efficiency for H2O []: 0.300000 
(RocheRadius) Roche Lobe Radius [m]: 4.826435e+07 
(BondiRadius) Bondi Radius [m]: 3.460005e+08 
(HEscapeRegime) Integer flag for H envelope escape regime []: 8.000000 
(RRCriticalFlux) Critical XUV Flux that separates RR and energy-limited escape [W/m^2]: 67.726751 
(CrossoverMass) Crossover mass, defines oxygen is escaping if mc > mo [kg]: 0.000000 
(WaterEscapeRegime) What water escape regime the code is currently in []: 8.000000 
(FXUVCRITDRAG) Critical Drag XUV flux [W/m^2]: 0.550514 
(HREFFLUX) The Hydrogen Reference Flux (m^-2 s^-1) [m^-2 s^-1]: 1.260204e+20 
(XO2) Molecular oxygen mixing ratio in atmosphere []: 0.000000 
(XH2O) Water mixing ratio in upper atmosphere []: 0.000000 
(HDiffFlux) The Hydrogen Diffusion Flux (m^-2 s^-1) [m^-2 s^-1]: 2.586325e+17 
(HRefODragMod) Multiply by H ref flux to get flux with drag []: 1.000000 
(KTide) Mass loss enhancement due to stellar gravity []: 0.781110 
(CumulativeXUVFlux) Cumulative XUV flux [W/m^2]: 0.000000 
(RunawayGreenhouseFlux) Incident flux that triggers runaway greenhouse [kg/sec^3]: 1295.274505 
(RGDuration) Runaway Greenhouse Duration [years]: 0.00000e+00

Output Order: Time[year] CumulativeXUVFlux[W/m^2]
Grid Output Order:



---- FINAL SYSTEM PROPERTIES ----
(Age) System Age [sec]: 2.039161e+17 
(Time) Simulation Time [sec]: 2.037359e+17 
(TotAngMom) Total Angular Momentum [kg*m^2/sec]: 1.391968e+42 
(TotEnergy) Total System Energy [kg*m^2/sec^2]: -1.191768e+40 
(PotEnergy) Body's non-orbital Potential Energy [kg*m^2/sec^2]: -4.066345e+40 
(KinEnergy) Body's non-orbital Kinetic Energy [kg*m^2/sec^2]: 6.689181e+32 
(DeltaTime) Average Timestep Over Last Output Interval [sec]: 1.577880e+13 

----- BODY: star ----
Active Modules: FLARE STELLAR
Module Bit Sum: 577
Color: 000000
(Mass) Mass [kg]: 3.825517e+29 
(Radius) Radius [m]: 1.441225e+08 
(RadGyra) Radius of Gyration/Moment of Inertia Constant []: 0.460531 
(RotAngMom) Rotational Angular Momentum [kg*m^2/sec]: 1.501540e+39 
(RotVel) Rotational Velocity [m/sec]: 128.409671 
(BodyType) Type of Body (0 == planet) []: 0.000000 
(RotRate) Rotational Frequency [/sec]: 8.909760e-07 
(RotPer) Rotational Period [sec]: 7.052025e+06 
(Density) Average Density [kg/m^3]: 3.050748e+04 
(HZLimitDryRunaway) Semi-major axis of Dry Runaway HZ Limit [m]: 8.899449e+09 
(HZLimRecVenus) Recent Venus HZ Limit [m]: 7.968326e+09 
(HZLimRunaway) Runaway Greenhouse HZ Limit [m]: 1.051181e+10 
(HZLimMoistGreenhouse) Moist Greenhouse HZ Limit [m]: 1.054340e+10 
(HZLimMaxGreenhouse) Maximum Greenhouse HZ Limit [m]: 2.001571e+10 
(HZLimEarlyMars) Early Mars HZ Limit [m]: 2.182934e+10 
(Instellation) Orbit-averaged INcident STELLar radiATION [kg/sec^3]: -1.000000 
(CriticalSemiMajorAxis) Holman & Wiegert (1999) P-type Critical Semi-major Axis [m]: -1.000000 
(LXUVTot) Total XUV Luminosity [LSUN]: 8.369229e-07 
(LostEnergy) Body's Total Lost Energy [kg*m^2/sec^2]: 2.874583e+40 
(LostAngMom) Lost Angular Momentum due to Magnetic Braking [kg*m^2/sec]: 1.388005e+42 
(EscapeVelocity) Escape Velocity [m/sec]: 5.952459e+05 
----- STELLAR PARAMETERS (star)------
(Luminosity) Luminosity [LSUN]: 0.004296 
(LXUVStellar) Base X-ray/XUV Luminosity [LSUN]: 4.445475e-07 
(Temperature) Effective Temperature [K]: 3239.383981 
(LXUVFrac) Fraction of luminosity in XUV []: 0.000103 
(RossbyNumber) Rossby Number []: 1.364782 
(DRotPerDtStellar) Time Rate of Change of Rotation Period in STELLAR []: 1.840185e-11 
(WindTorque) Stellar Wind Torque []: 3.908735e+21 
----- FLARE PARAMETERS (star)------
(LXUVFlare) XUV Luminosity from flares [LSUN]: 3.923708e-07 
(FlareFreq1) First value of flare frequency range [/sec]: 8.539080e-05 
(FlareFreq2) Second value of flare frequency range [/sec]: 6.650938e-05 
(FlareFreq3) Third value of flare frequency range [/sec]: 5.180298e-05 
(FlareFreq4) Fourth value of flare frequency range [/sec]: 4.034843e-05 
(FlareFreqMin) Frequency of the flares with the lowest energy [/sec]: 8.539080e-05 
(FlareFreqMid) Frequency of the flares with the middle energy in the energy range [/sec]: 7.016645e-06 
(FlareFreqMax) Frequency of the flares with the highest energy [/sec]: 5.765646e-07 
(FlareEnergy1) First value of flare energy range [kg*m^2/sec^2]: 5.334000e+23 
(FlareEnergy2) Second value of flare energy range [kg*m^2/sec^2]: 6.715108e+23 
(FlareEnergy3) Third value of flare energy range [kg*m^2/sec^2]: 8.453820e+23 
(FlareEnergy4) Fourth value of flare energy range [kg*m^2/sec^2]: 1.064273e+24 
(FlareEnergyMin) Minimum flare energy [kg*m^2/sec^2]: 5.334000e+23 
(FlareEnergyMid) Middle flare energy in the range of energy values [kg*m^2/sec^2]: 5.334000e+24 
(FlareEnergyMax) Maximum flare energy [kg*m^2/sec^2]: 5.334000e+25 
(FlareYIntOUT) Instantaneous Davenport FFD y-intercept at current age and mass []: 34.215428 
(FlareSlopeOUT) Instantaneous Davenport FFD slope at current age and mass []: -1.085282 

Output Order: Time[year] Luminosity[LSUN] LXUVStellar[LSUN] LXUVFlare[LSUN] LXUVTot[LSUN]
Grid Output Order:

----- BODY: b ----
Active Modules: AtmEsc
Module Bit Sum: 9
Color: 000000
(Mass) Mass [kg]: 1.007154e+25 
(Radius) Radius [m]: 7.094151e+06 
(RadGyra) Radius of Gyration/Moment of Inertia Constant []: 0.500000 
(BodyType) Type of Body (0 == planet) []: 0.000000 
(Density) Average Density [kg/m^3]: 6734.512054 
(HZLimitDryRunaway) Semi-major axis of Dry Runaway HZ Limit [m]: 8.899462e+09 
(HZLimRecVenus) Recent Venus HZ Limit [m]: 7.968326e+09 
(HZLimRunaway) Runaway Greenhouse HZ Limit [m]: 1.051181e+10 
(HZLimMoistGreenhouse) Moist Greenhouse HZ Limit [m]: 1.054340e+10 
(HZLimMaxGreenhouse) Maximum Greenhouse HZ Limit [m]: 2.001571e+10 
(HZLimEarlyMars) Early Mars HZ Limit [m]: 2.182934e+10 
(Instellation) Orbit-averaged INcident STELLar radiATION [kg/sec^3]: 2.401256e+04 
(MeanMotion) Orbital Mean Motion [/sec]: 4.464323e-05 
(OrbPeriod) Orbital Period [sec]: 1.407422e+05 
(SemiMajorAxis) Semi-major Axis [m]: 2.339905e+09 
(LXUVTot) Total XUV Luminosity [kg/sec^3]: -1.000000 
(EscapeVelocity) Escape Velocity [m/sec]: 1.376623e+04 
----- ATMESC PARAMETERS (b)------
(SurfWaterMass) Surface water mass [kg]: 0.000000 
(EnvelopeMass) Envelope mass [kg]: 0.000000 
(OxygenMass) Oxygen mass in the atmosphere [kg]: 0.000000 
(RGLimit) Runaway greenhouse semi-major axis [m]: 1.007160e+10 
(XO) Atomic oxygen mixing ratio in upper atmosphere []: 0.000000 
(EtaO) Oxygen eta parameter (Luger and Barnes 2015) []: 0.000000 
(PlanetRadius) Planet radius [m]: 7.094151e+06 
(OxygenMantleMass) Mass of oxygen in mantle [kg]: 0.000000 
(RadXUV) XUV radius separating hydro. dyn. escape and equilibrium [m]: -1.000000 
(RadSolid) Radius to the solid surface [m]: -1.000000 
(PresXUV) Pressure at base of thermosphere [(null)]: 5.000000 
(ScaleHeight) Scale height in Lehmer & Catling (2016) model [m]: -1.000000 
(ThermTemp) Isothermal atmospheric temperature [K]: 400.000000 
(AtmGasConst) Atmospheric gas constant [(null)]: 4124.000000 
(PresSurf) Surface pressure due to atmosphere [Pa]: -1.000000 
(DEnvMassDt) Envelope Mass Loss Rate [kg/s]: 0.000000 
(FXUV) XUV flux [W/m^2]: 4.678310 
(AtmXAbsEffH2O) XUV atmospheric escape efficiency for H2O []: 0.300000 
(RocheRadius) Roche Lobe Radius [m]: 4.826435e+07 
(BondiRadius) Bondi Radius [m]: 6.319593e+08 
(HEscapeRegime) Integer flag for H envelope escape regime []: 8.000000 
(RRCriticalFlux) Critical XUV Flux that separates RR and energy-limited escape [W/m^2]: 67.726751 
(CrossoverMass) Crossover mass, defines oxygen is escaping if mc > mo [kg]: 0.000000 
(WaterEscapeRegime) What water escape regime the code is currently in []: 8.000000 
(FXUVCRITDRAG) Critical Drag XUV flux [W/m^2]: 0.550514 
(HREFFLUX) The Hydrogen Reference Flux (m^-2 s^-1) [m^-2 s^-1]: 2.854888e+18 
(XO2) Molecular oxygen mixing ratio in atmosphere []: 0.000000 
(XH2O) Water mixing ratio in upper atmosphere []: 0.000000 
(HDiffFlux) The Hydrogen Diffusion Flux (m^-2 s^-1) [m^-2 s^-1]: 2.586325e+17 
(HRefODragMod) Multiply by H ref flux to get flux with drag []: 1.000000 
(KTide) Mass loss enhancement due to stellar gravity []: 0.781110 
(CumulativeXUVFlux) Cumulative XUV flux [W/m^2]: 2.814958e+18 
(RunawayGreenhouseFlux) Incident flux that triggers runaway greenhouse [kg/sec^3]: 1296.093734 
(RGDuration) Runaway Greenhouse Duration [years]: 0.00000e+00

Output Order: Time[year] CumulativeXUVFlux[W/m^2]
Grid Output Order:
