-------- Log file gj1132.log -------

Executable: /home/vplanet/.local/bin/vplanet
Version: Unknown
System Name: gj1132
Primary Input File: vpl.in
Body File #1: star.in
Body File #2: b.in
Allow files to be overwitten: Yes
Mass Units: Grams
Length Units: Meters
Time Units: Seconds
Angle Units: Radians

------- FORMATTING -----
Verbosity Level: 5
Crossover Decade for Scientific Notation: 4
Number of Digits After Decimal: 6
Integration Method: Runge-Kutta4
Direction: Forward
Time Step: 3.155760e+07
Stop Time: 2.125880e+17
Output Interval: 3.155760e+13
Use Variable Timestep: Yes
dEta: 0.010000
Minimum Value of ecc and obl: 1.000000e-10


---- INITIAL SYSTEM PROPERTIES ----
(Age) System Age [sec]: 1.688862e+14 
(Time) Simulation Time [sec]: 0.000000 
(TotAngMom) Total Angular Momentum [kg*m^2/sec]: 1.547408e+42 
(TotEnergy) Total System Energy [kg*m^2/sec^2]: -1.206145e+40 
(PotEnergy) Body's non-orbital Potential Energy [kg*m^2/sec^2]: -1.211757e+40 
(KinEnergy) Body's non-orbital Kinetic Energy [kg*m^2/sec^2]: 5.617392e+37 
(DeltaTime) Average Timestep Over Last Output Interval [sec]: 0.000000 

----- BODY: star ----
Active Modules: FLARE STELLAR
Module Bit Sum: 577
Color: 000000
(Mass) Mass [kg]: 3.928332e+29 
(Radius) Radius [m]: 5.099841e+08 
(RadGyra) Radius of Gyration/Moment of Inertia Constant []: 0.455990 
(RotAngMom) Rotational Angular Momentum [kg*m^2/sec]: 1.544894e+42 
(RotVel) Rotational Velocity [m/sec]: 3.708709e+04 
(BodyType) Type of Body (0 == planet) []: 0.000000 
(RotRate) Rotational Frequency [/sec]: 7.272205e-05 
(RotPer) Rotational Period [sec]: 8.640000e+04 
(Density) Average Density [kg/m^3]: 707.049255 
(HZLimitDryRunaway) Semi-major axis of Dry Runaway HZ Limit [m]: 3.091455e+10 
(HZLimRecVenus) Recent Venus HZ Limit [m]: 2.769196e+10 
(HZLimRunaway) Runaway Greenhouse HZ Limit [m]: 3.652396e+10 
(HZLimMoistGreenhouse) Moist Greenhouse HZ Limit [m]: 3.664101e+10 
(HZLimMaxGreenhouse) Maximum Greenhouse HZ Limit [m]: 6.961850e+10 
(HZLimEarlyMars) Early Mars HZ Limit [m]: 7.592654e+10 
(Instellation) Orbit-averaged INcident STELLar radiATION [kg/sec^3]: -1.000000 
(CriticalSemiMajorAxis) Holman & Wiegert (1999) P-type Critical Semi-major Axis [m]: -1.000000 
(LXUVTot) Total XUV Luminosity [LSUN]: 0.000810 
(LostEnergy) Body's Total Lost Energy [kg*m^2/sec^2]: 5.562685e-309 
(LostAngMom) Lost Angular Momentum due to Magnetic Braking [kg*m^2/sec]: 5.562685e-309 
(EscapeVelocity) Escape Velocity [m/sec]: 3.206587e+05 
----- STELLAR PARAMETERS (star)------
(Luminosity) Luminosity [LSUN]: 0.051836 
(LXUVStellar) Base X-ray/XUV Luminosity [LSUN]: 0.000798 
(Temperature) Effective Temperature [K]: 3217.229545 
(LXUVFrac) Fraction of luminosity in XUV []: 0.015404 
(RossbyNumber) Rossby Number []: 0.016532 
(DRotPerDtStellar) Time Rate of Change of Rotation Period in STELLAR []: -1.099608e-10 
(WindTorque) Stellar Wind Torque []: 4.613658e+27 
----- FLARE PARAMETERS (star)------
(LXUVFlare) XUV Luminosity from flares [LSUN]: 1.173044e-05 
(FlareFreq1) First value of flare frequency range [/sec]: 1.827280e-06 
(FlareFreq2) Second value of flare frequency range [/sec]: 1.472579e-06 
(FlareFreq3) Third value of flare frequency range [/sec]: 1.186730e-06 
(FlareFreq4) Fourth value of flare frequency range [/sec]: 9.563682e-07 
(FlareFreqMin) Frequency of the flares with the lowest energy [/sec]: 1.827280e-06 
(FlareFreqMid) Frequency of the flares with the middle energy in the energy range [/sec]: 2.111243e-07 
(FlareFreqMax) Frequency of the flares with the highest energy [/sec]: 2.439334e-08 
(FlareEnergy1) First value of flare energy range [kg*m^2/sec^2]: 5.334000e+25 
(FlareEnergy2) Second value of flare energy range [kg*m^2/sec^2]: 7.534475e+25 
(FlareEnergy3) Third value of flare energy range [kg*m^2/sec^2]: 1.064273e+26 
(FlareEnergy4) Fourth value of flare energy range [kg*m^2/sec^2]: 1.503325e+26 
(FlareEnergyMin) Minimum flare energy [kg*m^2/sec^2]: 5.334000e+25 
(FlareEnergyMid) Middle flare energy in the range of energy values [kg*m^2/sec^2]: 1.686759e+27 
(FlareEnergyMax) Maximum flare energy [kg*m^2/sec^2]: 5.334000e+28 
(FlareYIntOUT) Instantaneous Davenport FFD y-intercept at current age and mass []: 19.647643 
(FlareSlopeOUT) Instantaneous Davenport FFD slope at current age and mass []: -0.624845 

Output Order: Time[year] Luminosity[LSUN] LXUVStellar[LSUN] LXUVFlare[LSUN] LXUVTot[LSUN]
Grid Output Order:

----- BODY: b ----
Active Modules: AtmEsc
Module Bit Sum: 9
Color: 000000
(Mass) Mass [kg]: 1.010840e+25 
(Radius) Radius [m]: 7.219226e+06 
(RadGyra) Radius of Gyration/Moment of Inertia Constant []: 0.500000 
(BodyType) Type of Body (0 == planet) []: 0.000000 
(Density) Average Density [kg/m^3]: 6413.893579 
(HZLimitDryRunaway) Semi-major axis of Dry Runaway HZ Limit [m]: 3.091585e+10 
(HZLimRecVenus) Recent Venus HZ Limit [m]: 2.769196e+10 
(HZLimRunaway) Runaway Greenhouse HZ Limit [m]: 3.652396e+10 
(HZLimMoistGreenhouse) Moist Greenhouse HZ Limit [m]: 3.664101e+10 
(HZLimMaxGreenhouse) Maximum Greenhouse HZ Limit [m]: 6.961850e+10 
(HZLimEarlyMars) Early Mars HZ Limit [m]: 7.592654e+10 
(Instellation) Orbit-averaged INcident STELLar radiATION [kg/sec^3]: 2.846903e+05 
(MeanMotion) Orbital Mean Motion [/sec]: 4.464290e-05 
(OrbPeriod) Orbital Period [sec]: 1.407432e+05 
(SemiMajorAxis) Semi-major Axis [m]: 2.360694e+09 
(LXUVTot) Total XUV Luminosity [kg/sec^3]: -1.000000 
(EscapeVelocity) Escape Velocity [m/sec]: 1.367140e+04 
----- ATMESC PARAMETERS (b)------
(SurfWaterMass) Surface water mass [kg]: 0.000000 
(EnvelopeMass) Envelope mass [kg]: 0.000000 
(OxygenMass) Oxygen mass in the atmosphere [kg]: 0.000000 
(RGLimit) Runaway greenhouse semi-major axis [m]: 3.499045e+10 
(XO) Atomic oxygen mixing ratio in upper atmosphere []: 0.000000 
(EtaO) Oxygen eta parameter (Luger and Barnes 2015) []: 0.000000 
(PlanetRadius) Planet radius [m]: 7.219226e+06 
(OxygenMantleMass) Mass of oxygen in mantle [kg]: 0.000000 
(RadXUV) XUV radius separating hydro. dyn. escape and equilibrium [m]: -1.000000 
(RadSolid) Radius to the solid surface [m]: -1.000000 
(PresXUV) Pressure at base of thermosphere [(null)]: 5.000000 
(ScaleHeight) Scale height in Lehmer & Catling (2016) model [m]: -1.000000 
(ThermTemp) Isothermal atmospheric temperature [K]: 400.000000 
(AtmGasConst) Atmospheric gas constant [(null)]: 4124.000000 
(PresSurf) Surface pressure due to atmosphere [Pa]: -1.000000 
(DEnvMassDt) Envelope Mass Loss Rate [kg/s]: 0.000000 
(FXUV) XUV flux [W/m^2]: 4449.796650 
(AtmXAbsEffH2O) XUV atmospheric escape efficiency for H2O []: 0.300000 
(RocheRadius) Roche Lobe Radius [m]: 4.832338e+07 
(BondiRadius) Bondi Radius [m]: 3.380045e+08 
(HEscapeRegime) Integer flag for H envelope escape regime []: 8.000000 
(RRCriticalFlux) Critical XUV Flux that separates RR and energy-limited escape [W/m^2]: 64.153980 
(CrossoverMass) Crossover mass, defines oxygen is escaping if mc > mo [kg]: 0.000000 
(WaterEscapeRegime) What water escape regime the code is currently in []: 8.000000 
(FXUVCRITDRAG) Critical Drag XUV flux [W/m^2]: 0.526223 
(HREFFLUX) The Hydrogen Reference Flux (m^-2 s^-1) [m^-2 s^-1]: 2.765753e+21 
(XO2) Molecular oxygen mixing ratio in atmosphere []: 0.000000 
(XH2O) Water mixing ratio in upper atmosphere []: 0.000000 
(HDiffFlux) The Hydrogen Diffusion Flux (m^-2 s^-1) [m^-2 s^-1]: 2.506622e+17 
(HRefODragMod) Multiply by H ref flux to get flux with drag []: 1.000000 
(KTide) Mass loss enhancement due to stellar gravity []: 0.777576 
(CumulativeXUVFlux) Cumulative XUV flux [W/m^2]: 0.000000 
(RunawayGreenhouseFlux) Incident flux that triggers runaway greenhouse [kg/sec^3]: 1295.735670 
(RGDuration) Runaway Greenhouse Duration [years]: 0.00000e+00

Output Order: Time[year] CumulativeXUVFlux[W/m^2]
Grid Output Order:



---- FINAL SYSTEM PROPERTIES ----
(Age) System Age [sec]: 2.127724e+17 
(Time) Simulation Time [sec]: 2.126036e+17 
(TotAngMom) Total Angular Momentum [kg*m^2/sec]: 1.548230e+42 
(TotEnergy) Total System Energy [kg*m^2/sec^2]: -1.205888e+40 
(PotEnergy) Body's non-orbital Potential Energy [kg*m^2/sec^2]: -4.152638e+40 
(KinEnergy) Body's non-orbital Kinetic Energy [kg*m^2/sec^2]: 6.573233e+32 
(DeltaTime) Average Timestep Over Last Output Interval [sec]: 1.577880e+13 

----- BODY: star ----
Active Modules: FLARE STELLAR
Module Bit Sum: 577
Color: 000000
(Mass) Mass [kg]: 3.928332e+29 
(Radius) Radius [m]: 1.488154e+08 
(RadGyra) Radius of Gyration/Moment of Inertia Constant []: 0.460242 
(RotAngMom) Rotational Angular Momentum [kg*m^2/sec]: 1.556477e+39 
(RotVel) Rotational Velocity [m/sec]: 125.693908 
(BodyType) Type of Body (0 == planet) []: 0.000000 
(RotRate) Rotational Frequency [/sec]: 8.446295e-07 
(RotPer) Rotational Period [sec]: 7.438984e+06 
(Density) Average Density [kg/m^3]: 2.845611e+04 
(HZLimitDryRunaway) Semi-major axis of Dry Runaway HZ Limit [m]: 9.259185e+09 
(HZLimRecVenus) Recent Venus HZ Limit [m]: 8.287961e+09 
(HZLimRunaway) Runaway Greenhouse HZ Limit [m]: 1.093497e+10 
(HZLimMoistGreenhouse) Moist Greenhouse HZ Limit [m]: 1.096633e+10 
(HZLimMaxGreenhouse) Maximum Greenhouse HZ Limit [m]: 2.080656e+10 
(HZLimEarlyMars) Early Mars HZ Limit [m]: 2.269187e+10 
(Instellation) Orbit-averaged INcident STELLar radiATION [kg/sec^3]: -1.000000 
(CriticalSemiMajorAxis) Holman & Wiegert (1999) P-type Critical Semi-major Axis [m]: -1.000000 
(LXUVTot) Total XUV Luminosity [LSUN]: 2.635515e-06 
(LostEnergy) Body's Total Lost Energy [kg*m^2/sec^2]: 2.946755e+40 
(LostAngMom) Lost Angular Momentum due to Magnetic Braking [kg*m^2/sec]: 1.544159e+42 
(EscapeVelocity) Escape Velocity [m/sec]: 5.936047e+05 
----- STELLAR PARAMETERS (star)------
(Luminosity) Luminosity [LSUN]: 0.004650 
(LXUVStellar) Base X-ray/XUV Luminosity [LSUN]: 2.266427e-06 
(Temperature) Effective Temperature [K]: 3254.531189 
(LXUVFrac) Fraction of luminosity in XUV []: 0.000487 
(RossbyNumber) Rossby Number []: 1.450883 
(DRotPerDtStellar) Time Rate of Change of Rotation Period in STELLAR []: 1.628897e-11 
(WindTorque) Stellar Wind Torque []: 3.488019e+21 
----- FLARE PARAMETERS (star)------
(LXUVFlare) XUV Luminosity from flares [LSUN]: 3.690644e-07 
(FlareFreq1) First value of flare frequency range [/sec]: 5.660499e-07 
(FlareFreq2) Second value of flare frequency range [/sec]: 3.896786e-07 
(FlareFreq3) Third value of flare frequency range [/sec]: 2.682615e-07 
(FlareFreq4) Fourth value of flare frequency range [/sec]: 1.846759e-07 
(FlareFreqMin) Frequency of the flares with the lowest energy [/sec]: 5.660499e-07 
(FlareFreqMid) Frequency of the flares with the middle energy in the energy range [/sec]: 1.353235e-08 
(FlareFreqMax) Frequency of the flares with the highest energy [/sec]: 3.235131e-10 
(FlareEnergy1) First value of flare energy range [kg*m^2/sec^2]: 5.334000e+25 
(FlareEnergy2) Second value of flare energy range [kg*m^2/sec^2]: 7.534475e+25 
(FlareEnergy3) Third value of flare energy range [kg*m^2/sec^2]: 1.064273e+26 
(FlareEnergy4) Fourth value of flare energy range [kg*m^2/sec^2]: 1.503325e+26 
(FlareEnergyMin) Minimum flare energy [kg*m^2/sec^2]: 5.334000e+25 
(FlareEnergyMid) Middle flare energy in the range of energy values [kg*m^2/sec^2]: 1.686759e+27 
(FlareEnergyMax) Maximum flare energy [kg*m^2/sec^2]: 5.334000e+28 
(FlareYIntOUT) Instantaneous Davenport FFD y-intercept at current age and mass []: 34.066908 
(FlareSlopeOUT) Instantaneous Davenport FFD slope at current age and mass []: -1.080988 

Output Order: Time[year] Luminosity[LSUN] LXUVStellar[LSUN] LXUVFlare[LSUN] LXUVTot[LSUN]
Grid Output Order:

----- BODY: b ----
Active Modules: AtmEsc
Module Bit Sum: 9
Color: 000000
(Mass) Mass [kg]: 1.010840e+25 
(Radius) Radius [m]: 7.219226e+06 
(RadGyra) Radius of Gyration/Moment of Inertia Constant []: 0.500000 
(BodyType) Type of Body (0 == planet) []: 0.000000 
(Density) Average Density [kg/m^3]: 6413.893579 
(HZLimitDryRunaway) Semi-major axis of Dry Runaway HZ Limit [m]: 9.259574e+09 
(HZLimRecVenus) Recent Venus HZ Limit [m]: 8.287961e+09 
(HZLimRunaway) Runaway Greenhouse HZ Limit [m]: 1.093497e+10 
(HZLimMoistGreenhouse) Moist Greenhouse HZ Limit [m]: 1.096633e+10 
(HZLimMaxGreenhouse) Maximum Greenhouse HZ Limit [m]: 2.080656e+10 
(HZLimEarlyMars) Early Mars HZ Limit [m]: 2.269187e+10 
(Instellation) Orbit-averaged INcident STELLar radiATION [kg/sec^3]: 2.553833e+04 
(MeanMotion) Orbital Mean Motion [/sec]: 4.464290e-05 
(OrbPeriod) Orbital Period [sec]: 1.407432e+05 
(SemiMajorAxis) Semi-major Axis [m]: 2.360694e+09 
(LXUVTot) Total XUV Luminosity [kg/sec^3]: -1.000000 
(EscapeVelocity) Escape Velocity [m/sec]: 1.367140e+04 
----- ATMESC PARAMETERS (b)------
(SurfWaterMass) Surface water mass [kg]: 0.000000 
(EnvelopeMass) Envelope mass [kg]: 0.000000 
(OxygenMass) Oxygen mass in the atmosphere [kg]: 0.000000 
(RGLimit) Runaway greenhouse semi-major axis [m]: 1.047602e+10 
(XO) Atomic oxygen mixing ratio in upper atmosphere []: 0.000000 
(EtaO) Oxygen eta parameter (Luger and Barnes 2015) []: 0.000000 
(PlanetRadius) Planet radius [m]: 7.219226e+06 
(OxygenMantleMass) Mass of oxygen in mantle [kg]: 0.000000 
(RadXUV) XUV radius separating hydro. dyn. escape and equilibrium [m]: -1.000000 
(RadSolid) Radius to the solid surface [m]: -1.000000 
(PresXUV) Pressure at base of thermosphere [(null)]: 5.000000 
(ScaleHeight) Scale height in Lehmer & Catling (2016) model [m]: -1.000000 
(ThermTemp) Isothermal atmospheric temperature [K]: 400.000000 
(AtmGasConst) Atmospheric gas constant [(null)]: 4124.000000 
(PresSurf) Surface pressure due to atmosphere [Pa]: -1.000000 
(DEnvMassDt) Envelope Mass Loss Rate [kg/s]: 0.000000 
(FXUV) XUV flux [W/m^2]: 14.474506 
(AtmXAbsEffH2O) XUV atmospheric escape efficiency for H2O []: 0.300000 
(RocheRadius) Roche Lobe Radius [m]: 4.832338e+07 
(BondiRadius) Bondi Radius [m]: 6.185438e+08 
(HEscapeRegime) Integer flag for H envelope escape regime []: 8.000000 
(RRCriticalFlux) Critical XUV Flux that separates RR and energy-limited escape [W/m^2]: 64.153980 
(CrossoverMass) Crossover mass, defines oxygen is escaping if mc > mo [kg]: 0.000000 
(WaterEscapeRegime) What water escape regime the code is currently in []: 8.000000 
(FXUVCRITDRAG) Critical Drag XUV flux [W/m^2]: 0.526223 
(HREFFLUX) The Hydrogen Reference Flux (m^-2 s^-1) [m^-2 s^-1]: 8.996571e+18 
(XO2) Molecular oxygen mixing ratio in atmosphere []: 0.000000 
(XH2O) Water mixing ratio in upper atmosphere []: 0.000000 
(HDiffFlux) The Hydrogen Diffusion Flux (m^-2 s^-1) [m^-2 s^-1]: 2.506622e+17 
(HRefODragMod) Multiply by H ref flux to get flux with drag []: 1.000000 
(KTide) Mass loss enhancement due to stellar gravity []: 0.777576 
(CumulativeXUVFlux) Cumulative XUV flux [W/m^2]: 1.880645e+19 
(RunawayGreenhouseFlux) Incident flux that triggers runaway greenhouse [kg/sec^3]: 1296.709290 
(RGDuration) Runaway Greenhouse Duration [years]: 0.00000e+00

Output Order: Time[year] CumulativeXUVFlux[W/m^2]
Grid Output Order:
