-------- Log file gj1132.log -------

Executable: /home/vplanet/.local/bin/vplanet
Version: Unknown
System Name: gj1132
Primary Input File: vpl.in
Body File #1: star.in
Body File #2: b.in
Allow files to be overwitten: Yes
Mass Units: Grams
Length Units: Meters
Time Units: Seconds
Angle Units: Radians

------- FORMATTING -----
Verbosity Level: 5
Crossover Decade for Scientific Notation: 4
Number of Digits After Decimal: 6
Integration Method: Runge-Kutta4
Direction: Forward
Time Step: 3.155760e+07
Stop Time: 2.540410e+17
Output Interval: 3.155760e+13
Use Variable Timestep: Yes
dEta: 0.010000
Minimum Value of ecc and obl: 1.000000e-10


---- INITIAL SYSTEM PROPERTIES ----
(Age) System Age [sec]: 1.478214e+14 
(Time) Simulation Time [sec]: 0.000000 
(TotAngMom) Total Angular Momentum [kg*m^2/sec]: 1.674403e+42 
(TotEnergy) Total System Energy [kg*m^2/sec^2]: -1.131333e+40 
(PotEnergy) Body's non-orbital Potential Energy [kg*m^2/sec^2]: -1.137407e+40 
(KinEnergy) Body's non-orbital Kinetic Energy [kg*m^2/sec^2]: 6.079301e+37 
(DeltaTime) Average Timestep Over Last Output Interval [sec]: 0.000000 

----- BODY: star ----
Active Modules: FLARE STELLAR
Module Bit Sum: 577
Color: 000000
(Mass) Mass [kg]: 3.893135e+29 
(Radius) Radius [m]: 5.336282e+08 
(RadGyra) Radius of Gyration/Moment of Inertia Constant []: 0.455394 
(RotAngMom) Rotational Angular Momentum [kg*m^2/sec]: 1.671928e+42 
(RotVel) Rotational Velocity [m/sec]: 3.880653e+04 
(BodyType) Type of Body (0 == planet) []: 0.000000 
(RotRate) Rotational Frequency [/sec]: 7.272205e-05 
(RotPer) Rotational Period [sec]: 8.640000e+04 
(Density) Average Density [kg/m^3]: 611.638236 
(HZLimitDryRunaway) Semi-major axis of Dry Runaway HZ Limit [m]: 3.201920e+10 
(HZLimRecVenus) Recent Venus HZ Limit [m]: 2.869004e+10 
(HZLimRunaway) Runaway Greenhouse HZ Limit [m]: 3.783511e+10 
(HZLimMoistGreenhouse) Moist Greenhouse HZ Limit [m]: 3.796164e+10 
(HZLimMaxGreenhouse) Maximum Greenhouse HZ Limit [m]: 7.217040e+10 
(HZLimEarlyMars) Early Mars HZ Limit [m]: 7.870960e+10 
(Instellation) Orbit-averaged INcident STELLar radiATION [kg/sec^3]: -1.000000 
(CriticalSemiMajorAxis) Holman & Wiegert (1999) P-type Critical Semi-major Axis [m]: -1.000000 
(LXUVTot) Total XUV Luminosity [LSUN]: 2.840696e-05 
(LostEnergy) Body's Total Lost Energy [kg*m^2/sec^2]: 5.562685e-309 
(LostAngMom) Lost Angular Momentum due to Magnetic Braking [kg*m^2/sec]: 5.562685e-309 
(EscapeVelocity) Escape Velocity [m/sec]: 3.120668e+05 
----- STELLAR PARAMETERS (star)------
(Luminosity) Luminosity [LSUN]: 0.055607 
(LXUVStellar) Base X-ray/XUV Luminosity [LSUN]: 2.758640e-05 
(Temperature) Effective Temperature [K]: 3201.683902 
(LXUVFrac) Fraction of luminosity in XUV []: 0.000496 
(RossbyNumber) Rossby Number []: 0.016401 
(DRotPerDtStellar) Time Rate of Change of Rotation Period in STELLAR []: -1.228498e-10 
(WindTorque) Stellar Wind Torque []: 5.910476e+27 
----- FLARE PARAMETERS (star)------
(LXUVFlare) XUV Luminosity from flares [LSUN]: 8.205573e-07 
(FlareFreq1) First value of flare frequency range [/sec]: 3.219393e-05 
(FlareFreq2) Second value of flare frequency range [/sec]: 2.792575e-05 
(FlareFreq3) Third value of flare frequency range [/sec]: 2.422344e-05 
(FlareFreq4) Fourth value of flare frequency range [/sec]: 2.101196e-05 
(FlareFreqMin) Frequency of the flares with the lowest energy [/sec]: 3.219393e-05 
(FlareFreqMid) Frequency of the flares with the middle energy in the energy range [/sec]: 7.763951e-06 
(FlareFreqMax) Frequency of the flares with the highest energy [/sec]: 1.872369e-06 
(FlareEnergy1) First value of flare energy range [kg*m^2/sec^2]: 5.334000e+23 
(FlareEnergy2) Second value of flare energy range [kg*m^2/sec^2]: 6.715108e+23 
(FlareEnergy3) Third value of flare energy range [kg*m^2/sec^2]: 8.453820e+23 
(FlareEnergy4) Fourth value of flare energy range [kg*m^2/sec^2]: 1.064273e+24 
(FlareEnergyMin) Minimum flare energy [kg*m^2/sec^2]: 5.334000e+23 
(FlareEnergyMid) Middle flare energy in the range of energy values [kg*m^2/sec^2]: 5.334000e+24 
(FlareEnergyMax) Maximum flare energy [kg*m^2/sec^2]: 5.334000e+25 
(FlareYIntOUT) Instantaneous Davenport FFD y-intercept at current age and mass []: 19.424119 
(FlareSlopeOUT) Instantaneous Davenport FFD slope at current age and mass []: -0.617691 

Output Order: Time[year] Luminosity[LSUN] LXUVStellar[LSUN] LXUVFlare[LSUN] LXUVTot[LSUN]
Grid Output Order:

----- BODY: b ----
Active Modules: AtmEsc
Module Bit Sum: 9
Color: 000000
(Mass) Mass [kg]: 1.001003e+25 
(Radius) Radius [m]: 7.140005e+06 
(RadGyra) Radius of Gyration/Moment of Inertia Constant []: 0.500000 
(BodyType) Type of Body (0 == planet) []: 0.000000 
(Density) Average Density [kg/m^3]: 6565.248582 
(HZLimitDryRunaway) Semi-major axis of Dry Runaway HZ Limit [m]: 3.202009e+10 
(HZLimRecVenus) Recent Venus HZ Limit [m]: 2.869004e+10 
(HZLimRunaway) Runaway Greenhouse HZ Limit [m]: 3.783511e+10 
(HZLimMoistGreenhouse) Moist Greenhouse HZ Limit [m]: 3.796164e+10 
(HZLimMaxGreenhouse) Maximum Greenhouse HZ Limit [m]: 7.217040e+10 
(HZLimEarlyMars) Early Mars HZ Limit [m]: 7.870960e+10 
(Instellation) Orbit-averaged INcident STELLar radiATION [kg/sec^3]: 3.072411e+05 
(MeanMotion) Orbital Mean Motion [/sec]: 4.464381e-05 
(OrbPeriod) Orbital Period [sec]: 1.407404e+05 
(SemiMajorAxis) Semi-major Axis [m]: 2.353590e+09 
(LXUVTot) Total XUV Luminosity [kg/sec^3]: -1.000000 
(EscapeVelocity) Escape Velocity [m/sec]: 1.367998e+04 
----- ATMESC PARAMETERS (b)------
(SurfWaterMass) Surface water mass [kg]: 0.000000 
(EnvelopeMass) Envelope mass [kg]: 0.000000 
(OxygenMass) Oxygen mass in the atmosphere [kg]: 0.000000 
(RGLimit) Runaway greenhouse semi-major axis [m]: 3.625479e+10 
(XO) Atomic oxygen mixing ratio in upper atmosphere []: 0.000000 
(EtaO) Oxygen eta parameter (Luger and Barnes 2015) []: 0.000000 
(PlanetRadius) Planet radius [m]: 7.140005e+06 
(OxygenMantleMass) Mass of oxygen in mantle [kg]: 0.000000 
(RadXUV) XUV radius separating hydro. dyn. escape and equilibrium [m]: -1.000000 
(RadSolid) Radius to the solid surface [m]: -1.000000 
(PresXUV) Pressure at base of thermosphere [(null)]: 5.000000 
(ScaleHeight) Scale height in Lehmer & Catling (2016) model [m]: -1.000000 
(ThermTemp) Isothermal atmospheric temperature [K]: 400.000000 
(AtmGasConst) Atmospheric gas constant [(null)]: 4124.000000 
(PresSurf) Surface pressure due to atmosphere [Pa]: -1.000000 
(DEnvMassDt) Envelope Mass Loss Rate [kg/s]: 0.000000 
(FXUV) XUV flux [W/m^2]: 156.954733 
(AtmXAbsEffH2O) XUV atmospheric escape efficiency for H2O []: 0.300000 
(RocheRadius) Roche Lobe Radius [m]: 4.816546e+07 
(BondiRadius) Bondi Radius [m]: 3.293006e+08 
(HEscapeRegime) Integer flag for H envelope escape regime []: 8.000000 
(RRCriticalFlux) Critical XUV Flux that separates RR and energy-limited escape [W/m^2]: 65.312511 
(CrossoverMass) Crossover mass, defines oxygen is escaping if mc > mo [kg]: 0.000000 
(WaterEscapeRegime) What water escape regime the code is currently in []: 8.000000 
(FXUVCRITDRAG) Critical Drag XUV flux [W/m^2]: 0.533400 
(HREFFLUX) The Hydrogen Reference Flux (m^-2 s^-1) [m^-2 s^-1]: 9.722039e+19 
(XO2) Molecular oxygen mixing ratio in atmosphere []: 0.000000 
(XH2O) Water mixing ratio in upper atmosphere []: 0.000000 
(HDiffFlux) The Hydrogen Diffusion Flux (m^-2 s^-1) [m^-2 s^-1]: 2.537617e+17 
(HRefODragMod) Multiply by H ref flux to get flux with drag []: 1.000000 
(KTide) Mass loss enhancement due to stellar gravity []: 0.779270 
(CumulativeXUVFlux) Cumulative XUV flux [W/m^2]: 0.000000 
(RunawayGreenhouseFlux) Incident flux that triggers runaway greenhouse [kg/sec^3]: 1294.750446 
(RGDuration) Runaway Greenhouse Duration [years]: 0.00000e+00

Output Order: Time[year] CumulativeXUVFlux[W/m^2]
Grid Output Order:



---- FINAL SYSTEM PROPERTIES ----
(Age) System Age [sec]: 2.541933e+17 
(Time) Simulation Time [sec]: 2.540455e+17 
(TotAngMom) Total Angular Momentum [kg*m^2/sec]: 1.675945e+42 
(TotEnergy) Total System Energy [kg*m^2/sec^2]: -1.131259e+40 
(PotEnergy) Body's non-orbital Potential Energy [kg*m^2/sec^2]: -4.109911e+40 
(KinEnergy) Body's non-orbital Kinetic Energy [kg*m^2/sec^2]: 5.531338e+32 
(DeltaTime) Average Timestep Over Last Output Interval [sec]: 3.155760e+13 

----- BODY: star ----
Active Modules: FLARE STELLAR
Module Bit Sum: 577
Color: 000000
(Mass) Mass [kg]: 3.893135e+29 
(Radius) Radius [m]: 1.476802e+08 
(RadGyra) Radius of Gyration/Moment of Inertia Constant []: 0.460304 
(RotAngMom) Rotational Angular Momentum [kg*m^2/sec]: 1.410740e+39 
(RotVel) Rotational Velocity [m/sec]: 115.807160 
(BodyType) Type of Body (0 == planet) []: 0.000000 
(RotRate) Rotational Frequency [/sec]: 7.841755e-07 
(RotPer) Rotational Period [sec]: 8.012473e+06 
(Density) Average Density [kg/m^3]: 2.885655e+04 
(HZLimitDryRunaway) Semi-major axis of Dry Runaway HZ Limit [m]: 9.146995e+09 
(HZLimRecVenus) Recent Venus HZ Limit [m]: 8.188285e+09 
(HZLimRunaway) Runaway Greenhouse HZ Limit [m]: 1.080300e+10 
(HZLimMoistGreenhouse) Moist Greenhouse HZ Limit [m]: 1.083444e+10 
(HZLimMaxGreenhouse) Maximum Greenhouse HZ Limit [m]: 2.055996e+10 
(HZLimEarlyMars) Early Mars HZ Limit [m]: 2.242292e+10 
(Instellation) Orbit-averaged INcident STELLar radiATION [kg/sec^3]: -1.000000 
(CriticalSemiMajorAxis) Holman & Wiegert (1999) P-type Critical Semi-major Axis [m]: -1.000000 
(LXUVTot) Total XUV Luminosity [LSUN]: 5.935764e-07 
(LostEnergy) Body's Total Lost Energy [kg*m^2/sec^2]: 2.978657e+40 
(LostAngMom) Lost Angular Momentum due to Magnetic Braking [kg*m^2/sec]: 1.672058e+42 
(EscapeVelocity) Escape Velocity [m/sec]: 5.932065e+05 
----- STELLAR PARAMETERS (star)------
(Luminosity) Luminosity [LSUN]: 0.004538 
(LXUVStellar) Base X-ray/XUV Luminosity [LSUN]: 2.101010e-07 
(Temperature) Effective Temperature [K]: 3249.901693 
(LXUVFrac) Fraction of luminosity in XUV []: 4.629803e-05 
(RossbyNumber) Rossby Number []: 1.559034 
(DRotPerDtStellar) Time Rate of Change of Rotation Period in STELLAR []: 1.317906e-11 
(WindTorque) Stellar Wind Torque []: 2.323710e+21 
----- FLARE PARAMETERS (star)------
(LXUVFlare) XUV Luminosity from flares [LSUN]: 3.834746e-07 
(FlareFreq1) First value of flare frequency range [/sec]: 8.648250e-05 
(FlareFreq2) Second value of flare frequency range [/sec]: 6.719170e-05 
(FlareFreq3) Third value of flare frequency range [/sec]: 5.220391e-05 
(FlareFreq4) Fourth value of flare frequency range [/sec]: 4.055930e-05 
(FlareFreqMin) Frequency of the flares with the lowest energy [/sec]: 8.648250e-05 
(FlareFreqMid) Frequency of the flares with the middle energy in the energy range [/sec]: 6.931103e-06 
(FlareFreqMax) Frequency of the flares with the highest energy [/sec]: 5.554902e-07 
(FlareEnergy1) First value of flare energy range [kg*m^2/sec^2]: 5.334000e+23 
(FlareEnergy2) Second value of flare energy range [kg*m^2/sec^2]: 6.715108e+23 
(FlareEnergy3) Third value of flare energy range [kg*m^2/sec^2]: 8.453820e+23 
(FlareEnergy4) Fourth value of flare energy range [kg*m^2/sec^2]: 1.064273e+24 
(FlareEnergyMin) Minimum flare energy [kg*m^2/sec^2]: 5.334000e+23 
(FlareEnergyMid) Middle flare energy in the range of energy values [kg*m^2/sec^2]: 5.334000e+24 
(FlareEnergyMax) Maximum flare energy [kg*m^2/sec^2]: 5.334000e+25 
(FlareYIntOUT) Instantaneous Davenport FFD y-intercept at current age and mass []: 34.554161 
(FlareSlopeOUT) Instantaneous Davenport FFD slope at current age and mass []: -1.096126 

Output Order: Time[year] Luminosity[LSUN] LXUVStellar[LSUN] LXUVFlare[LSUN] LXUVTot[LSUN]
Grid Output Order:

----- BODY: b ----
Active Modules: AtmEsc
Module Bit Sum: 9
Color: 000000
(Mass) Mass [kg]: 1.001003e+25 
(Radius) Radius [m]: 7.140005e+06 
(RadGyra) Radius of Gyration/Moment of Inertia Constant []: 0.500000 
(BodyType) Type of Body (0 == planet) []: 0.000000 
(Density) Average Density [kg/m^3]: 6565.248582 
(HZLimitDryRunaway) Semi-major axis of Dry Runaway HZ Limit [m]: 9.147249e+09 
(HZLimRecVenus) Recent Venus HZ Limit [m]: 8.188285e+09 
(HZLimRunaway) Runaway Greenhouse HZ Limit [m]: 1.080300e+10 
(HZLimMoistGreenhouse) Moist Greenhouse HZ Limit [m]: 1.083444e+10 
(HZLimMaxGreenhouse) Maximum Greenhouse HZ Limit [m]: 2.055996e+10 
(HZLimEarlyMars) Early Mars HZ Limit [m]: 2.242292e+10 
(Instellation) Orbit-averaged INcident STELLar radiATION [kg/sec^3]: 2.507352e+04 
(MeanMotion) Orbital Mean Motion [/sec]: 4.464381e-05 
(OrbPeriod) Orbital Period [sec]: 1.407404e+05 
(SemiMajorAxis) Semi-major Axis [m]: 2.353590e+09 
(LXUVTot) Total XUV Luminosity [kg/sec^3]: -1.000000 
(EscapeVelocity) Escape Velocity [m/sec]: 1.367998e+04 
----- ATMESC PARAMETERS (b)------
(SurfWaterMass) Surface water mass [kg]: 0.000000 
(EnvelopeMass) Envelope mass [kg]: 0.000000 
(OxygenMass) Oxygen mass in the atmosphere [kg]: 0.000000 
(RGLimit) Runaway greenhouse semi-major axis [m]: 1.035198e+10 
(XO) Atomic oxygen mixing ratio in upper atmosphere []: 0.000000 
(EtaO) Oxygen eta parameter (Luger and Barnes 2015) []: 0.000000 
(PlanetRadius) Planet radius [m]: 7.140005e+06 
(OxygenMantleMass) Mass of oxygen in mantle [kg]: 0.000000 
(RadXUV) XUV radius separating hydro. dyn. escape and equilibrium [m]: -1.000000 
(RadSolid) Radius to the solid surface [m]: -1.000000 
(PresXUV) Pressure at base of thermosphere [(null)]: 5.000000 
(ScaleHeight) Scale height in Lehmer & Catling (2016) model [m]: -1.000000 
(ThermTemp) Isothermal atmospheric temperature [K]: 400.000000 
(AtmGasConst) Atmospheric gas constant [(null)]: 4124.000000 
(PresSurf) Surface pressure due to atmosphere [Pa]: -1.000000 
(DEnvMassDt) Envelope Mass Loss Rate [kg/s]: 0.000000 
(FXUV) XUV flux [W/m^2]: 3.279641 
(AtmXAbsEffH2O) XUV atmospheric escape efficiency for H2O []: 0.300000 
(RocheRadius) Roche Lobe Radius [m]: 4.816546e+07 
(BondiRadius) Bondi Radius [m]: 6.166788e+08 
(HEscapeRegime) Integer flag for H envelope escape regime []: 8.000000 
(RRCriticalFlux) Critical XUV Flux that separates RR and energy-limited escape [W/m^2]: 65.312511 
(CrossoverMass) Crossover mass, defines oxygen is escaping if mc > mo [kg]: 0.000000 
(WaterEscapeRegime) What water escape regime the code is currently in []: 8.000000 
(FXUVCRITDRAG) Critical Drag XUV flux [W/m^2]: 0.533400 
(HREFFLUX) The Hydrogen Reference Flux (m^-2 s^-1) [m^-2 s^-1]: 2.031465e+18 
(XO2) Molecular oxygen mixing ratio in atmosphere []: 0.000000 
(XH2O) Water mixing ratio in upper atmosphere []: 0.000000 
(HDiffFlux) The Hydrogen Diffusion Flux (m^-2 s^-1) [m^-2 s^-1]: 2.537617e+17 
(HRefODragMod) Multiply by H ref flux to get flux with drag []: 1.000000 
(KTide) Mass loss enhancement due to stellar gravity []: 0.779270 
(CumulativeXUVFlux) Cumulative XUV flux [W/m^2]: 1.753730e+18 
(RunawayGreenhouseFlux) Incident flux that triggers runaway greenhouse [kg/sec^3]: 1296.003351 
(RGDuration) Runaway Greenhouse Duration [years]: 0.00000e+00

Output Order: Time[year] CumulativeXUVFlux[W/m^2]
Grid Output Order:
