-------- Log file gj1132.log -------

Executable: /home/vplanet/.local/bin/vplanet
Version: Unknown
System Name: gj1132
Primary Input File: vpl.in
Body File #1: star.in
Body File #2: b.in
Allow files to be overwitten: Yes
Mass Units: Grams
Length Units: Meters
Time Units: Seconds
Angle Units: Radians

------- FORMATTING -----
Verbosity Level: 5
Crossover Decade for Scientific Notation: 4
Number of Digits After Decimal: 6
Integration Method: Runge-Kutta4
Direction: Forward
Time Step: 3.155760e+07
Stop Time: 2.470652e+17
Output Interval: 3.155760e+13
Use Variable Timestep: Yes
dEta: 0.010000
Minimum Value of ecc and obl: 1.000000e-10


---- INITIAL SYSTEM PROPERTIES ----
(Age) System Age [sec]: 2.094973e+14 
(Time) Simulation Time [sec]: 0.000000 
(TotAngMom) Total Angular Momentum [kg*m^2/sec]: 1.198422e+42 
(TotEnergy) Total System Energy [kg*m^2/sec^2]: -1.216134e+40 
(PotEnergy) Body's non-orbital Potential Energy [kg*m^2/sec^2]: -1.220478e+40 
(KinEnergy) Body's non-orbital Kinetic Energy [kg*m^2/sec^2]: 4.348921e+37 
(DeltaTime) Average Timestep Over Last Output Interval [sec]: 0.000000 

----- BODY: star ----
Active Modules: FLARE STELLAR
Module Bit Sum: 577
Color: 000000
(Mass) Mass [kg]: 3.739567e+29 
(Radius) Radius [m]: 4.588474e+08 
(RadGyra) Radius of Gyration/Moment of Inertia Constant []: 0.457047 
(RotAngMom) Rotational Angular Momentum [kg*m^2/sec]: 1.196039e+42 
(RotVel) Rotational Velocity [m/sec]: 3.336833e+04 
(BodyType) Type of Body (0 == planet) []: 0.000000 
(RotRate) Rotational Frequency [/sec]: 7.272205e-05 
(RotPer) Rotational Period [sec]: 8.640000e+04 
(Density) Average Density [kg/m^3]: 924.118757 
(HZLimitDryRunaway) Semi-major axis of Dry Runaway HZ Limit [m]: 2.762377e+10 
(HZLimRecVenus) Recent Venus HZ Limit [m]: 2.474984e+10 
(HZLimRunaway) Runaway Greenhouse HZ Limit [m]: 3.264004e+10 
(HZLimMoistGreenhouse) Moist Greenhouse HZ Limit [m]: 3.274810e+10 
(HZLimMaxGreenhouse) Maximum Greenhouse HZ Limit [m]: 6.224986e+10 
(HZLimEarlyMars) Early Mars HZ Limit [m]: 6.789019e+10 
(Instellation) Orbit-averaged INcident STELLar radiATION [kg/sec^3]: -1.000000 
(CriticalSemiMajorAxis) Holman & Wiegert (1999) P-type Critical Semi-major Axis [m]: -1.000000 
(LXUVTot) Total XUV Luminosity [LSUN]: 0.000119 
(LostEnergy) Body's Total Lost Energy [kg*m^2/sec^2]: 5.562685e-309 
(LostAngMom) Lost Angular Momentum due to Magnetic Braking [kg*m^2/sec]: 5.562685e-309 
(EscapeVelocity) Escape Velocity [m/sec]: 3.298327e+05 
----- STELLAR PARAMETERS (star)------
(Luminosity) Luminosity [LSUN]: 0.041388 
(LXUVStellar) Base X-ray/XUV Luminosity [LSUN]: 0.000109 
(Temperature) Effective Temperature [K]: 3205.435932 
(LXUVFrac) Fraction of luminosity in XUV []: 0.002631 
(RossbyNumber) Rossby Number []: 0.016433 
(DRotPerDtStellar) Time Rate of Change of Rotation Period in STELLAR []: -1.059461e-10 
(WindTorque) Stellar Wind Torque []: 2.713723e+27 
----- FLARE PARAMETERS (star)------
(LXUVFlare) XUV Luminosity from flares [LSUN]: 1.018476e-05 
(FlareFreq1) First value of flare frequency range [/sec]: 1.737550e-06 
(FlareFreq2) Second value of flare frequency range [/sec]: 1.392600e-06 
(FlareFreq3) Third value of flare frequency range [/sec]: 1.116132e-06 
(FlareFreq4) Fourth value of flare frequency range [/sec]: 8.945498e-07 
(FlareFreqMin) Frequency of the flares with the lowest energy [/sec]: 1.737550e-06 
(FlareFreqMid) Frequency of the flares with the middle energy in the energy range [/sec]: 1.900326e-07 
(FlareFreqMax) Frequency of the flares with the highest energy [/sec]: 2.078351e-08 
(FlareEnergy1) First value of flare energy range [kg*m^2/sec^2]: 5.334000e+25 
(FlareEnergy2) Second value of flare energy range [kg*m^2/sec^2]: 7.534475e+25 
(FlareEnergy3) Third value of flare energy range [kg*m^2/sec^2]: 1.064273e+26 
(FlareEnergy4) Fourth value of flare energy range [kg*m^2/sec^2]: 1.503325e+26 
(FlareEnergyMin) Minimum flare energy [kg*m^2/sec^2]: 5.334000e+25 
(FlareEnergyMid) Middle flare energy in the range of energy values [kg*m^2/sec^2]: 1.686759e+27 
(FlareEnergyMax) Maximum flare energy [kg*m^2/sec^2]: 5.334000e+28 
(FlareYIntOUT) Instantaneous Davenport FFD y-intercept at current age and mass []: 20.145965 
(FlareSlopeOUT) Instantaneous Davenport FFD slope at current age and mass []: -0.640739 

Output Order: Time[year] Luminosity[LSUN] LXUVStellar[LSUN] LXUVFlare[LSUN] LXUVTot[LSUN]
Grid Output Order:

----- BODY: b ----
Active Modules: AtmEsc
Module Bit Sum: 9
Color: 000000
(Mass) Mass [kg]: 9.898911e+24 
(Radius) Radius [m]: 7.339646e+06 
(RadGyra) Radius of Gyration/Moment of Inertia Constant []: 0.500000 
(BodyType) Type of Body (0 == planet) []: 0.000000 
(Density) Average Density [kg/m^3]: 5976.864030 
(HZLimitDryRunaway) Semi-major axis of Dry Runaway HZ Limit [m]: 2.762401e+10 
(HZLimRecVenus) Recent Venus HZ Limit [m]: 2.474984e+10 
(HZLimRunaway) Runaway Greenhouse HZ Limit [m]: 3.264004e+10 
(HZLimMoistGreenhouse) Moist Greenhouse HZ Limit [m]: 3.274810e+10 
(HZLimMaxGreenhouse) Maximum Greenhouse HZ Limit [m]: 6.224986e+10 
(HZLimEarlyMars) Early Mars HZ Limit [m]: 6.789019e+10 
(Instellation) Orbit-averaged INcident STELLar radiATION [kg/sec^3]: 2.348940e+05 
(MeanMotion) Orbital Mean Motion [/sec]: 4.464411e-05 
(OrbPeriod) Orbital Period [sec]: 1.407394e+05 
(SemiMajorAxis) Semi-major Axis [m]: 2.322218e+09 
(LXUVTot) Total XUV Luminosity [kg/sec^3]: -1.000000 
(EscapeVelocity) Escape Velocity [m/sec]: 1.341755e+04 
----- ATMESC PARAMETERS (b)------
(SurfWaterMass) Surface water mass [kg]: 0.000000 
(EnvelopeMass) Envelope mass [kg]: 0.000000 
(OxygenMass) Oxygen mass in the atmosphere [kg]: 0.000000 
(RGLimit) Runaway greenhouse semi-major axis [m]: 3.128511e+10 
(XO) Atomic oxygen mixing ratio in upper atmosphere []: 0.000000 
(EtaO) Oxygen eta parameter (Luger and Barnes 2015) []: 0.000000 
(PlanetRadius) Planet radius [m]: 7.339646e+06 
(OxygenMantleMass) Mass of oxygen in mantle [kg]: 0.000000 
(RadXUV) XUV radius separating hydro. dyn. escape and equilibrium [m]: -1.000000 
(RadSolid) Radius to the solid surface [m]: -1.000000 
(PresXUV) Pressure at base of thermosphere [(null)]: 5.000000 
(ScaleHeight) Scale height in Lehmer & Catling (2016) model [m]: -1.000000 
(ThermTemp) Isothermal atmospheric temperature [K]: 400.000000 
(AtmGasConst) Atmospheric gas constant [(null)]: 4124.000000 
(PresSurf) Surface pressure due to atmosphere [Pa]: -1.000000 
(DEnvMassDt) Envelope Mass Loss Rate [kg/s]: 0.000000 
(FXUV) XUV flux [W/m^2]: 675.756819 
(AtmXAbsEffH2O) XUV atmospheric escape efficiency for H2O []: 0.300000 
(RocheRadius) Roche Lobe Radius [m]: 4.798637e+07 
(BondiRadius) Bondi Radius [m]: 3.531304e+08 
(HEscapeRegime) Integer flag for H envelope escape regime []: 8.000000 
(RRCriticalFlux) Critical XUV Flux that separates RR and energy-limited escape [W/m^2]: 57.760931 
(CrossoverMass) Crossover mass, defines oxygen is escaping if mc > mo [kg]: 0.000000 
(WaterEscapeRegime) What water escape regime the code is currently in []: 8.000000 
(FXUVCRITDRAG) Critical Drag XUV flux [W/m^2]: 0.480205 
(HREFFLUX) The Hydrogen Reference Flux (m^-2 s^-1) [m^-2 s^-1]: 4.390017e+20 
(XO2) Molecular oxygen mixing ratio in atmosphere []: 0.000000 
(XH2O) Water mixing ratio in upper atmosphere []: 0.000000 
(HDiffFlux) The Hydrogen Diffusion Flux (m^-2 s^-1) [m^-2 s^-1]: 2.374789e+17 
(HRefODragMod) Multiply by H ref flux to get flux with drag []: 1.000000 
(KTide) Mass loss enhancement due to stellar gravity []: 0.772360 
(CumulativeXUVFlux) Cumulative XUV flux [W/m^2]: 0.000000 
(RunawayGreenhouseFlux) Incident flux that triggers runaway greenhouse [kg/sec^3]: 1294.180469 
(RGDuration) Runaway Greenhouse Duration [years]: 0.00000e+00

Output Order: Time[year] CumulativeXUVFlux[W/m^2]
Grid Output Order:



---- FINAL SYSTEM PROPERTIES ----
(Age) System Age [sec]: 2.473055e+17 
(Time) Simulation Time [sec]: 2.470960e+17 
(TotAngMom) Total Angular Momentum [kg*m^2/sec]: 1.198041e+42 
(TotEnergy) Total System Energy [kg*m^2/sec^2]: -1.216638e+40 
(PotEnergy) Body's non-orbital Potential Energy [kg*m^2/sec^2]: -3.943371e+40 
(KinEnergy) Body's non-orbital Kinetic Energy [kg*m^2/sec^2]: 5.303308e+32 
(DeltaTime) Average Timestep Over Last Output Interval [sec]: 1.577880e+13 

----- BODY: star ----
Active Modules: FLARE STELLAR
Module Bit Sum: 577
Color: 000000
(Mass) Mass [kg]: 3.739567e+29 
(Radius) Radius [m]: 1.420138e+08 
(RadGyra) Radius of Gyration/Moment of Inertia Constant []: 0.460594 
(RotAngMom) Rotational Angular Momentum [kg*m^2/sec]: 1.302710e+39 
(RotVel) Rotational Velocity [m/sec]: 115.627107 
(BodyType) Type of Body (0 == planet) []: 0.000000 
(RotRate) Rotational Frequency [/sec]: 8.141962e-07 
(RotPer) Rotational Period [sec]: 7.717041e+06 
(Density) Average Density [kg/m^3]: 3.117030e+04 
(HZLimitDryRunaway) Semi-major axis of Dry Runaway HZ Limit [m]: 8.696580e+09 
(HZLimRecVenus) Recent Venus HZ Limit [m]: 7.788159e+09 
(HZLimRunaway) Runaway Greenhouse HZ Limit [m]: 1.027324e+10 
(HZLimMoistGreenhouse) Moist Greenhouse HZ Limit [m]: 1.030501e+10 
(HZLimMaxGreenhouse) Maximum Greenhouse HZ Limit [m]: 1.957042e+10 
(HZLimEarlyMars) Early Mars HZ Limit [m]: 2.134369e+10 
(Instellation) Orbit-averaged INcident STELLar radiATION [kg/sec^3]: -1.000000 
(CriticalSemiMajorAxis) Holman & Wiegert (1999) P-type Critical Semi-major Axis [m]: -1.000000 
(LXUVTot) Total XUV Luminosity [LSUN]: 9.095601e-07 
(LostEnergy) Body's Total Lost Energy [kg*m^2/sec^2]: 2.726738e+40 
(LostAngMom) Lost Angular Momentum due to Magnetic Braking [kg*m^2/sec]: 1.194355e+42 
(EscapeVelocity) Escape Velocity [m/sec]: 5.928742e+05 
----- STELLAR PARAMETERS (star)------
(Luminosity) Luminosity [LSUN]: 0.004102 
(LXUVStellar) Base X-ray/XUV Luminosity [LSUN]: 5.727453e-07 
(Temperature) Effective Temperature [K]: 3229.647350 
(LXUVFrac) Fraction of luminosity in XUV []: 0.000140 
(RossbyNumber) Rossby Number []: 1.486053 
(DRotPerDtStellar) Time Rate of Change of Rotation Period in STELLAR []: 1.304434e-11 
(WindTorque) Stellar Wind Torque []: 2.337714e+21 
----- FLARE PARAMETERS (star)------
(LXUVFlare) XUV Luminosity from flares [LSUN]: 3.367964e-07 
(FlareFreq1) First value of flare frequency range [/sec]: 5.483406e-07 
(FlareFreq2) Second value of flare frequency range [/sec]: 3.756350e-07 
(FlareFreq3) Third value of flare frequency range [/sec]: 2.573249e-07 
(FlareFreq4) Fourth value of flare frequency range [/sec]: 1.762778e-07 
(FlareFreqMin) Frequency of the flares with the lowest energy [/sec]: 5.483406e-07 
(FlareFreqMid) Frequency of the flares with the middle energy in the energy range [/sec]: 1.247980e-08 
(FlareFreqMax) Frequency of the flares with the highest energy [/sec]: 2.840304e-10 
(FlareEnergy1) First value of flare energy range [kg*m^2/sec^2]: 5.334000e+25 
(FlareEnergy2) Second value of flare energy range [kg*m^2/sec^2]: 7.534475e+25 
(FlareEnergy3) Third value of flare energy range [kg*m^2/sec^2]: 1.064273e+26 
(FlareEnergy4) Fourth value of flare energy range [kg*m^2/sec^2]: 1.503325e+26 
(FlareEnergyMin) Minimum flare energy [kg*m^2/sec^2]: 5.334000e+25 
(FlareEnergyMid) Middle flare energy in the range of energy values [kg*m^2/sec^2]: 1.686759e+27 
(FlareEnergyMax) Maximum flare energy [kg*m^2/sec^2]: 5.334000e+28 
(FlareYIntOUT) Instantaneous Davenport FFD y-intercept at current age and mass []: 34.519166 
(FlareSlopeOUT) Instantaneous Davenport FFD slope at current age and mass []: -1.095229 

Output Order: Time[year] Luminosity[LSUN] LXUVStellar[LSUN] LXUVFlare[LSUN] LXUVTot[LSUN]
Grid Output Order:

----- BODY: b ----
Active Modules: AtmEsc
Module Bit Sum: 9
Color: 000000
(Mass) Mass [kg]: 9.898911e+24 
(Radius) Radius [m]: 7.339646e+06 
(RadGyra) Radius of Gyration/Moment of Inertia Constant []: 0.500000 
(BodyType) Type of Body (0 == planet) []: 0.000000 
(Density) Average Density [kg/m^3]: 5976.864030 
(HZLimitDryRunaway) Semi-major axis of Dry Runaway HZ Limit [m]: 8.696657e+09 
(HZLimRecVenus) Recent Venus HZ Limit [m]: 7.788159e+09 
(HZLimRunaway) Runaway Greenhouse HZ Limit [m]: 1.027324e+10 
(HZLimMoistGreenhouse) Moist Greenhouse HZ Limit [m]: 1.030501e+10 
(HZLimMaxGreenhouse) Maximum Greenhouse HZ Limit [m]: 1.957042e+10 
(HZLimEarlyMars) Early Mars HZ Limit [m]: 2.134369e+10 
(Instellation) Orbit-averaged INcident STELLar radiATION [kg/sec^3]: 2.328108e+04 
(MeanMotion) Orbital Mean Motion [/sec]: 4.464411e-05 
(OrbPeriod) Orbital Period [sec]: 1.407394e+05 
(SemiMajorAxis) Semi-major Axis [m]: 2.322218e+09 
(LXUVTot) Total XUV Luminosity [kg/sec^3]: -1.000000 
(EscapeVelocity) Escape Velocity [m/sec]: 1.341755e+04 
----- ATMESC PARAMETERS (b)------
(SurfWaterMass) Surface water mass [kg]: 0.000000 
(EnvelopeMass) Envelope mass [kg]: 0.000000 
(OxygenMass) Oxygen mass in the atmosphere [kg]: 0.000000 
(RGLimit) Runaway greenhouse semi-major axis [m]: 9.846867e+09 
(XO) Atomic oxygen mixing ratio in upper atmosphere []: 0.000000 
(EtaO) Oxygen eta parameter (Luger and Barnes 2015) []: 0.000000 
(PlanetRadius) Planet radius [m]: 7.339646e+06 
(OxygenMantleMass) Mass of oxygen in mantle [kg]: 0.000000 
(RadXUV) XUV radius separating hydro. dyn. escape and equilibrium [m]: -1.000000 
(RadSolid) Radius to the solid surface [m]: -1.000000 
(PresXUV) Pressure at base of thermosphere [(null)]: 5.000000 
(ScaleHeight) Scale height in Lehmer & Catling (2016) model [m]: -1.000000 
(ThermTemp) Isothermal atmospheric temperature [K]: 400.000000 
(AtmGasConst) Atmospheric gas constant [(null)]: 4124.000000 
(PresSurf) Surface pressure due to atmosphere [Pa]: -1.000000 
(DEnvMassDt) Envelope Mass Loss Rate [kg/s]: 0.000000 
(FXUV) XUV flux [W/m^2]: 5.162128 
(AtmXAbsEffH2O) XUV atmospheric escape efficiency for H2O []: 0.300000 
(RocheRadius) Roche Lobe Radius [m]: 4.798637e+07 
(BondiRadius) Bondi Radius [m]: 6.299934e+08 
(HEscapeRegime) Integer flag for H envelope escape regime []: 8.000000 
(RRCriticalFlux) Critical XUV Flux that separates RR and energy-limited escape [W/m^2]: 57.760931 
(CrossoverMass) Crossover mass, defines oxygen is escaping if mc > mo [kg]: 0.000000 
(WaterEscapeRegime) What water escape regime the code is currently in []: 8.000000 
(FXUVCRITDRAG) Critical Drag XUV flux [W/m^2]: 0.480205 
(HREFFLUX) The Hydrogen Reference Flux (m^-2 s^-1) [m^-2 s^-1]: 3.353548e+18 
(XO2) Molecular oxygen mixing ratio in atmosphere []: 0.000000 
(XH2O) Water mixing ratio in upper atmosphere []: 0.000000 
(HDiffFlux) The Hydrogen Diffusion Flux (m^-2 s^-1) [m^-2 s^-1]: 2.374789e+17 
(HRefODragMod) Multiply by H ref flux to get flux with drag []: 1.000000 
(KTide) Mass loss enhancement due to stellar gravity []: 0.772360 
(CumulativeXUVFlux) Cumulative XUV flux [W/m^2]: 6.756890e+18 
(RunawayGreenhouseFlux) Incident flux that triggers runaway greenhouse [kg/sec^3]: 1294.807169 
(RGDuration) Runaway Greenhouse Duration [years]: 0.00000e+00

Output Order: Time[year] CumulativeXUVFlux[W/m^2]
Grid Output Order:
