-------- Log file gj1132.log -------

Executable: /home/vplanet/.local/bin/vplanet
Version: Unknown
System Name: gj1132
Primary Input File: vpl.in
Body File #1: star.in
Body File #2: b.in
Allow files to be overwitten: Yes
Mass Units: Grams
Length Units: Meters
Time Units: Seconds
Angle Units: Radians

------- FORMATTING -----
Verbosity Level: 5
Crossover Decade for Scientific Notation: 4
Number of Digits After Decimal: 6
Integration Method: Runge-Kutta4
Direction: Forward
Time Step: 3.155760e+07
Stop Time: 2.290084e+17
Output Interval: 3.155760e+13
Use Variable Timestep: Yes
dEta: 0.010000
Minimum Value of ecc and obl: 1.000000e-10


---- INITIAL SYSTEM PROPERTIES ----
(Age) System Age [sec]: 1.239470e+14 
(Time) Simulation Time [sec]: 0.000000 
(TotAngMom) Total Angular Momentum [kg*m^2/sec]: 1.978607e+42 
(TotEnergy) Total System Energy [kg*m^2/sec^2]: -1.083785e+40 
(PotEnergy) Body's non-orbital Potential Energy [kg*m^2/sec^2]: -1.090965e+40 
(KinEnergy) Body's non-orbital Kinetic Energy [kg*m^2/sec^2]: 7.185416e+37 
(DeltaTime) Average Timestep Over Last Output Interval [sec]: 0.000000 

----- BODY: star ----
Active Modules: FLARE STELLAR
Module Bit Sum: 577
Color: 000000
(Mass) Mass [kg]: 3.962312e+29 
(Radius) Radius [m]: 5.762916e+08 
(RadGyra) Radius of Gyration/Moment of Inertia Constant []: 0.454421 
(RotAngMom) Rotational Angular Momentum [kg*m^2/sec]: 1.976131e+42 
(RotVel) Rotational Velocity [m/sec]: 4.190911e+04 
(BodyType) Type of Body (0 == planet) []: 0.000000 
(RotRate) Rotational Frequency [/sec]: 7.272205e-05 
(RotPer) Rotational Period [sec]: 8.640000e+04 
(Density) Average Density [kg/m^3]: 494.234704 
(HZLimitDryRunaway) Semi-major axis of Dry Runaway HZ Limit [m]: 3.457442e+10 
(HZLimRecVenus) Recent Venus HZ Limit [m]: 3.097932e+10 
(HZLimRunaway) Runaway Greenhouse HZ Limit [m]: 4.085426e+10 
(HZLimMoistGreenhouse) Moist Greenhouse HZ Limit [m]: 4.099073e+10 
(HZLimMaxGreenhouse) Maximum Greenhouse HZ Limit [m]: 7.792779e+10 
(HZLimEarlyMars) Early Mars HZ Limit [m]: 8.498866e+10 
(Instellation) Orbit-averaged INcident STELLar radiATION [kg/sec^3]: -1.000000 
(CriticalSemiMajorAxis) Holman & Wiegert (1999) P-type Critical Semi-major Axis [m]: -1.000000 
(LXUVTot) Total XUV Luminosity [LSUN]: 0.000128 
(LostEnergy) Body's Total Lost Energy [kg*m^2/sec^2]: 5.562685e-309 
(LostAngMom) Lost Angular Momentum due to Magnetic Braking [kg*m^2/sec]: 5.562685e-309 
(EscapeVelocity) Escape Velocity [m/sec]: 3.029496e+05 
----- STELLAR PARAMETERS (star)------
(Luminosity) Luminosity [LSUN]: 0.064836 
(LXUVStellar) Base X-ray/XUV Luminosity [LSUN]: 0.000114 
(Temperature) Effective Temperature [K]: 3202.133939 
(LXUVFrac) Fraction of luminosity in XUV []: 0.001757 
(RossbyNumber) Rossby Number []: 0.016405 
(DRotPerDtStellar) Time Rate of Change of Rotation Period in STELLAR []: -7.544321e-11 
(WindTorque) Stellar Wind Torque []: 8.803901e+27 
----- FLARE PARAMETERS (star)------
(LXUVFlare) XUV Luminosity from flares [LSUN]: 1.386824e-05 
(FlareFreq1) First value of flare frequency range [/sec]: 1.917895e-06 
(FlareFreq2) Second value of flare frequency range [/sec]: 1.556652e-06 
(FlareFreq3) Third value of flare frequency range [/sec]: 1.263450e-06 
(FlareFreq4) Fourth value of flare frequency range [/sec]: 1.025474e-06 
(FlareFreqMin) Frequency of the flares with the lowest energy [/sec]: 1.917895e-06 
(FlareFreqMid) Frequency of the flares with the middle energy in the energy range [/sec]: 2.379527e-07 
(FlareFreqMax) Frequency of the flares with the highest energy [/sec]: 2.952273e-08 
(FlareEnergy1) First value of flare energy range [kg*m^2/sec^2]: 5.334000e+25 
(FlareEnergy2) Second value of flare energy range [kg*m^2/sec^2]: 7.534475e+25 
(FlareEnergy3) Third value of flare energy range [kg*m^2/sec^2]: 1.064273e+26 
(FlareEnergy4) Fourth value of flare energy range [kg*m^2/sec^2]: 1.503325e+26 
(FlareEnergyMin) Minimum flare energy [kg*m^2/sec^2]: 5.334000e+25 
(FlareEnergyMid) Middle flare energy in the range of energy values [kg*m^2/sec^2]: 1.686759e+27 
(FlareEnergyMax) Maximum flare energy [kg*m^2/sec^2]: 5.334000e+28 
(FlareYIntOUT) Instantaneous Davenport FFD y-intercept at current age and mass []: 18.993770 
(FlareSlopeOUT) Instantaneous Davenport FFD slope at current age and mass []: -0.604223 

Output Order: Time[year] Luminosity[LSUN] LXUVStellar[LSUN] LXUVFlare[LSUN] LXUVTot[LSUN]
Grid Output Order:

----- BODY: b ----
Active Modules: AtmEsc
Module Bit Sum: 9
Color: 000000
(Mass) Mass [kg]: 9.894204e+24 
(Radius) Radius [m]: 7.024159e+06 
(RadGyra) Radius of Gyration/Moment of Inertia Constant []: 0.500000 
(BodyType) Type of Body (0 == planet) []: 0.000000 
(Density) Average Density [kg/m^3]: 6815.682240 
(HZLimitDryRunaway) Semi-major axis of Dry Runaway HZ Limit [m]: 3.457457e+10 
(HZLimRecVenus) Recent Venus HZ Limit [m]: 3.097932e+10 
(HZLimRunaway) Runaway Greenhouse HZ Limit [m]: 4.085426e+10 
(HZLimMoistGreenhouse) Moist Greenhouse HZ Limit [m]: 4.099073e+10 
(HZLimMaxGreenhouse) Maximum Greenhouse HZ Limit [m]: 7.792779e+10 
(HZLimEarlyMars) Early Mars HZ Limit [m]: 8.498866e+10 
(Instellation) Orbit-averaged INcident STELLar radiATION [kg/sec^3]: 3.540501e+05 
(MeanMotion) Orbital Mean Motion [/sec]: 4.464427e-05 
(OrbPeriod) Orbital Period [sec]: 1.407389e+05 
(SemiMajorAxis) Semi-major Axis [m]: 2.367432e+09 
(LXUVTot) Total XUV Luminosity [kg/sec^3]: -1.000000 
(EscapeVelocity) Escape Velocity [m/sec]: 1.371231e+04 
----- ATMESC PARAMETERS (b)------
(SurfWaterMass) Surface water mass [kg]: 0.000000 
(EnvelopeMass) Envelope mass [kg]: 0.000000 
(OxygenMass) Oxygen mass in the atmosphere [kg]: 0.000000 
(RGLimit) Runaway greenhouse semi-major axis [m]: 3.915882e+10 
(XO) Atomic oxygen mixing ratio in upper atmosphere []: 0.000000 
(EtaO) Oxygen eta parameter (Luger and Barnes 2015) []: 0.000000 
(PlanetRadius) Planet radius [m]: 7.024159e+06 
(OxygenMantleMass) Mass of oxygen in mantle [kg]: 0.000000 
(RadXUV) XUV radius separating hydro. dyn. escape and equilibrium [m]: -1.000000 
(RadSolid) Radius to the solid surface [m]: -1.000000 
(PresXUV) Pressure at base of thermosphere [(null)]: 5.000000 
(ScaleHeight) Scale height in Lehmer & Catling (2016) model [m]: -1.000000 
(ThermTemp) Isothermal atmospheric temperature [K]: 400.000000 
(AtmGasConst) Atmospheric gas constant [(null)]: 4124.000000 
(PresSurf) Surface pressure due to atmosphere [Pa]: -1.000000 
(DEnvMassDt) Envelope Mass Loss Rate [kg/s]: 0.000000 
(FXUV) XUV flux [W/m^2]: 697.665988 
(AtmXAbsEffH2O) XUV atmospheric escape efficiency for H2O []: 0.300000 
(RocheRadius) Roche Lobe Radius [m]: 4.797863e+07 
(BondiRadius) Bondi Radius [m]: 3.122496e+08 
(HEscapeRegime) Integer flag for H envelope escape regime []: 8.000000 
(RRCriticalFlux) Critical XUV Flux that separates RR and energy-limited escape [W/m^2]: 67.483873 
(CrossoverMass) Crossover mass, defines oxygen is escaping if mc > mo [kg]: 0.000000 
(WaterEscapeRegime) What water escape regime the code is currently in []: 8.000000 
(FXUVCRITDRAG) Critical Drag XUV flux [W/m^2]: 0.547339 
(HREFFLUX) The Hydrogen Reference Flux (m^-2 s^-1) [m^-2 s^-1]: 4.286283e+20 
(XO2) Molecular oxygen mixing ratio in atmosphere []: 0.000000 
(XH2O) Water mixing ratio in upper atmosphere []: 0.000000 
(HDiffFlux) The Hydrogen Diffusion Flux (m^-2 s^-1) [m^-2 s^-1]: 2.591672e+17 
(HRefODragMod) Multiply by H ref flux to get flux with drag []: 1.000000 
(KTide) Mass loss enhancement due to stellar gravity []: 0.781966 
(CumulativeXUVFlux) Cumulative XUV flux [W/m^2]: 0.000000 
(RunawayGreenhouseFlux) Incident flux that triggers runaway greenhouse [kg/sec^3]: 1294.067042 
(RGDuration) Runaway Greenhouse Duration [years]: 0.00000e+00

Output Order: Time[year] CumulativeXUVFlux[W/m^2]
Grid Output Order:



---- FINAL SYSTEM PROPERTIES ----
(Age) System Age [sec]: 2.291375e+17 
(Time) Simulation Time [sec]: 2.290135e+17 
(TotAngMom) Total Angular Momentum [kg*m^2/sec]: 1.979978e+42 
(TotEnergy) Total System Energy [kg*m^2/sec^2]: -1.083546e+40 
(PotEnergy) Body's non-orbital Potential Energy [kg*m^2/sec^2]: -4.150930e+40 
(KinEnergy) Body's non-orbital Kinetic Energy [kg*m^2/sec^2]: 6.157791e+32 
(DeltaTime) Average Timestep Over Last Output Interval [sec]: 1.577880e+13 

----- BODY: star ----
Active Modules: FLARE STELLAR
Module Bit Sum: 577
Color: 000000
(Mass) Mass [kg]: 3.962312e+29 
(Radius) Radius [m]: 1.514633e+08 
(RadGyra) Radius of Gyration/Moment of Inertia Constant []: 0.460138 
(RotAngMom) Rotational Angular Momentum [kg*m^2/sec]: 1.539564e+39 
(RotVel) Rotational Velocity [m/sec]: 121.161536 
(BodyType) Type of Body (0 == planet) []: 0.000000 
(RotRate) Rotational Frequency [/sec]: 7.999397e-07 
(RotPer) Rotational Period [sec]: 7.854574e+06 
(Density) Average Density [kg/m^3]: 2.722309e+04 
(HZLimitDryRunaway) Semi-major axis of Dry Runaway HZ Limit [m]: 9.413810e+09 
(HZLimRecVenus) Recent Venus HZ Limit [m]: 8.425398e+09 
(HZLimRunaway) Runaway Greenhouse HZ Limit [m]: 1.111688e+10 
(HZLimMoistGreenhouse) Moist Greenhouse HZ Limit [m]: 1.114818e+10 
(HZLimMaxGreenhouse) Maximum Greenhouse HZ Limit [m]: 2.114686e+10 
(HZLimEarlyMars) Early Mars HZ Limit [m]: 2.306302e+10 
(Instellation) Orbit-averaged INcident STELLar radiATION [kg/sec^3]: -1.000000 
(CriticalSemiMajorAxis) Holman & Wiegert (1999) P-type Critical Semi-major Axis [m]: -1.000000 
(LXUVTot) Total XUV Luminosity [LSUN]: 7.768376e-07 
(LostEnergy) Body's Total Lost Energy [kg*m^2/sec^2]: 3.067390e+40 
(LostAngMom) Lost Angular Momentum due to Magnetic Braking [kg*m^2/sec]: 1.975963e+42 
(EscapeVelocity) Escape Velocity [m/sec]: 5.909324e+05 
----- STELLAR PARAMETERS (star)------
(Luminosity) Luminosity [LSUN]: 0.004807 
(LXUVStellar) Base X-ray/XUV Luminosity [LSUN]: 4.201874e-07 
(Temperature) Effective Temperature [K]: 3260.363373 
(LXUVFrac) Fraction of luminosity in XUV []: 8.741853e-05 
(RossbyNumber) Rossby Number []: 1.536522 
(DRotPerDtStellar) Time Rate of Change of Rotation Period in STELLAR []: 1.416057e-11 
(WindTorque) Stellar Wind Torque []: 2.903294e+21 
----- FLARE PARAMETERS (star)------
(LXUVFlare) XUV Luminosity from flares [LSUN]: 3.566290e-07 
(FlareFreq1) First value of flare frequency range [/sec]: 5.657960e-07 
(FlareFreq2) Second value of flare frequency range [/sec]: 3.884228e-07 
(FlareFreq3) Third value of flare frequency range [/sec]: 2.666548e-07 
(FlareFreq4) Fourth value of flare frequency range [/sec]: 1.830604e-07 
(FlareFreqMin) Frequency of the flares with the lowest energy [/sec]: 5.657960e-07 
(FlareFreqMid) Frequency of the flares with the middle energy in the energy range [/sec]: 1.315552e-08 
(FlareFreqMax) Frequency of the flares with the highest energy [/sec]: 3.058835e-10 
(FlareEnergy1) First value of flare energy range [kg*m^2/sec^2]: 5.334000e+25 
(FlareEnergy2) Second value of flare energy range [kg*m^2/sec^2]: 7.534475e+25 
(FlareEnergy3) Third value of flare energy range [kg*m^2/sec^2]: 1.064273e+26 
(FlareEnergy4) Fourth value of flare energy range [kg*m^2/sec^2]: 1.503325e+26 
(FlareEnergyMin) Minimum flare energy [kg*m^2/sec^2]: 5.334000e+25 
(FlareEnergyMid) Middle flare energy in the range of energy values [kg*m^2/sec^2]: 1.686759e+27 
(FlareEnergyMax) Maximum flare energy [kg*m^2/sec^2]: 5.334000e+28 
(FlareYIntOUT) Instantaneous Davenport FFD y-intercept at current age and mass []: 34.330066 
(FlareSlopeOUT) Instantaneous Davenport FFD slope at current age and mass []: -1.089035 

Output Order: Time[year] Luminosity[LSUN] LXUVStellar[LSUN] LXUVFlare[LSUN] LXUVTot[LSUN]
Grid Output Order:

----- BODY: b ----
Active Modules: AtmEsc
Module Bit Sum: 9
Color: 000000
(Mass) Mass [kg]: 9.894204e+24 
(Radius) Radius [m]: 7.024159e+06 
(RadGyra) Radius of Gyration/Moment of Inertia Constant []: 0.500000 
(BodyType) Type of Body (0 == planet) []: 0.000000 
(Density) Average Density [kg/m^3]: 6815.682240 
(HZLimitDryRunaway) Semi-major axis of Dry Runaway HZ Limit [m]: 9.413851e+09 
(HZLimRecVenus) Recent Venus HZ Limit [m]: 8.425398e+09 
(HZLimRunaway) Runaway Greenhouse HZ Limit [m]: 1.111688e+10 
(HZLimMoistGreenhouse) Moist Greenhouse HZ Limit [m]: 1.114818e+10 
(HZLimMaxGreenhouse) Maximum Greenhouse HZ Limit [m]: 2.114686e+10 
(HZLimEarlyMars) Early Mars HZ Limit [m]: 2.306302e+10 
(Instellation) Orbit-averaged INcident STELLar radiATION [kg/sec^3]: 2.624737e+04 
(MeanMotion) Orbital Mean Motion [/sec]: 4.464427e-05 
(OrbPeriod) Orbital Period [sec]: 1.407389e+05 
(SemiMajorAxis) Semi-major Axis [m]: 2.367432e+09 
(LXUVTot) Total XUV Luminosity [kg/sec^3]: -1.000000 
(EscapeVelocity) Escape Velocity [m/sec]: 1.371231e+04 
----- ATMESC PARAMETERS (b)------
(SurfWaterMass) Surface water mass [kg]: 0.000000 
(EnvelopeMass) Envelope mass [kg]: 0.000000 
(OxygenMass) Oxygen mass in the atmosphere [kg]: 0.000000 
(RGLimit) Runaway greenhouse semi-major axis [m]: 1.065579e+10 
(XO) Atomic oxygen mixing ratio in upper atmosphere []: 0.000000 
(EtaO) Oxygen eta parameter (Luger and Barnes 2015) []: 0.000000 
(PlanetRadius) Planet radius [m]: 7.024159e+06 
(OxygenMantleMass) Mass of oxygen in mantle [kg]: 0.000000 
(RadXUV) XUV radius separating hydro. dyn. escape and equilibrium [m]: -1.000000 
(RadSolid) Radius to the solid surface [m]: -1.000000 
(PresXUV) Pressure at base of thermosphere [(null)]: 5.000000 
(ScaleHeight) Scale height in Lehmer & Catling (2016) model [m]: -1.000000 
(ThermTemp) Isothermal atmospheric temperature [K]: 400.000000 
(AtmGasConst) Atmospheric gas constant [(null)]: 4124.000000 
(PresSurf) Surface pressure due to atmosphere [Pa]: -1.000000 
(DEnvMassDt) Envelope Mass Loss Rate [kg/s]: 0.000000 
(FXUV) XUV flux [W/m^2]: 4.242057 
(AtmXAbsEffH2O) XUV atmospheric escape efficiency for H2O []: 0.300000 
(RocheRadius) Roche Lobe Radius [m]: 4.797863e+07 
(BondiRadius) Bondi Radius [m]: 5.981950e+08 
(HEscapeRegime) Integer flag for H envelope escape regime []: 8.000000 
(RRCriticalFlux) Critical XUV Flux that separates RR and energy-limited escape [W/m^2]: 67.483873 
(CrossoverMass) Crossover mass, defines oxygen is escaping if mc > mo [kg]: 0.000000 
(WaterEscapeRegime) What water escape regime the code is currently in []: 8.000000 
(FXUVCRITDRAG) Critical Drag XUV flux [W/m^2]: 0.547339 
(HREFFLUX) The Hydrogen Reference Flux (m^-2 s^-1) [m^-2 s^-1]: 2.606212e+18 
(XO2) Molecular oxygen mixing ratio in atmosphere []: 0.000000 
(XH2O) Water mixing ratio in upper atmosphere []: 0.000000 
(HDiffFlux) The Hydrogen Diffusion Flux (m^-2 s^-1) [m^-2 s^-1]: 2.591672e+17 
(HRefODragMod) Multiply by H ref flux to get flux with drag []: 1.000000 
(KTide) Mass loss enhancement due to stellar gravity []: 0.781966 
(CumulativeXUVFlux) Cumulative XUV flux [W/m^2]: 4.101638e+18 
(RunawayGreenhouseFlux) Incident flux that triggers runaway greenhouse [kg/sec^3]: 1295.583629 
(RGDuration) Runaway Greenhouse Duration [years]: 0.00000e+00

Output Order: Time[year] CumulativeXUVFlux[W/m^2]
Grid Output Order:
