-------- Log file gj1132.log -------

Executable: /home/vplanet/.local/bin/vplanet
Version: Unknown
System Name: gj1132
Primary Input File: vpl.in
Body File #1: star.in
Body File #2: b.in
Allow files to be overwitten: Yes
Mass Units: Grams
Length Units: Meters
Time Units: Seconds
Angle Units: Radians

------- FORMATTING -----
Verbosity Level: 5
Crossover Decade for Scientific Notation: 4
Number of Digits After Decimal: 6
Integration Method: Runge-Kutta4
Direction: Forward
Time Step: 3.155760e+07
Stop Time: 1.829732e+17
Output Interval: 3.155760e+13
Use Variable Timestep: Yes
dEta: 0.010000
Minimum Value of ecc and obl: 1.000000e-10


---- INITIAL SYSTEM PROPERTIES ----
(Age) System Age [sec]: 6.778184e+13 
(Time) Simulation Time [sec]: 0.000000 
(TotAngMom) Total Angular Momentum [kg*m^2/sec]: 3.012542e+42 
(TotEnergy) Total System Energy [kg*m^2/sec^2]: -8.314934e+39 
(PotEnergy) Body's non-orbital Potential Energy [kg*m^2/sec^2]: -8.424328e+39 
(KinEnergy) Body's non-orbital Kinetic Energy [kg*m^2/sec^2]: 1.094498e+38 
(DeltaTime) Average Timestep Over Last Output Interval [sec]: 0.000000 

----- BODY: star ----
Active Modules: FLARE STELLAR
Module Bit Sum: 577
Color: 000000
(Mass) Mass [kg]: 3.900158e+29 
(Radius) Radius [m]: 7.230775e+08 
(RadGyra) Radius of Gyration/Moment of Inertia Constant []: 0.450537 
(RotAngMom) Rotational Angular Momentum [kg*m^2/sec]: 3.010087e+42 
(RotVel) Rotational Velocity [m/sec]: 5.258368e+04 
(BodyType) Type of Body (0 == planet) []: 0.000000 
(RotRate) Rotational Frequency [/sec]: 7.272205e-05 
(RotPer) Rotational Period [sec]: 8.640000e+04 
(Density) Average Density [kg/m^3]: 246.285605 
(HZLimitDryRunaway) Semi-major axis of Dry Runaway HZ Limit [m]: 4.290383e+10 
(HZLimRecVenus) Recent Venus HZ Limit [m]: 3.845658e+10 
(HZLimRunaway) Runaway Greenhouse HZ Limit [m]: 5.070640e+10 
(HZLimMoistGreenhouse) Moist Greenhouse HZ Limit [m]: 5.088438e+10 
(HZLimMaxGreenhouse) Maximum Greenhouse HZ Limit [m]: 9.680671e+10 
(HZLimEarlyMars) Early Mars HZ Limit [m]: 1.055780e+11 
(Instellation) Orbit-averaged INcident STELLar radiATION [kg/sec^3]: -1.000000 
(CriticalSemiMajorAxis) Holman & Wiegert (1999) P-type Critical Semi-major Axis [m]: -1.000000 
(LXUVTot) Total XUV Luminosity [LSUN]: 0.000259 
(LostEnergy) Body's Total Lost Energy [kg*m^2/sec^2]: 5.562685e-309 
(LostAngMom) Lost Angular Momentum due to Magnetic Braking [kg*m^2/sec]: 5.562685e-309 
(EscapeVelocity) Escape Velocity [m/sec]: 2.683279e+05 
----- STELLAR PARAMETERS (star)------
(Luminosity) Luminosity [LSUN]: 0.099839 
(LXUVStellar) Base X-ray/XUV Luminosity [LSUN]: 0.000258 
(Temperature) Effective Temperature [K]: 3183.097483 
(LXUVFrac) Fraction of luminosity in XUV []: 0.002588 
(RossbyNumber) Rossby Number []: 0.016246 
(DRotPerDtStellar) Time Rate of Change of Rotation Period in STELLAR []: -1.895014e-10 
(WindTorque) Stellar Wind Torque []: 2.984099e+28 
----- FLARE PARAMETERS (star)------
(LXUVFlare) XUV Luminosity from flares [LSUN]: 8.987541e-07 
(FlareFreq1) First value of flare frequency range [/sec]: 2.836472e-05 
(FlareFreq2) Second value of flare frequency range [/sec]: 2.491018e-05 
(FlareFreq3) Third value of flare frequency range [/sec]: 2.187638e-05 
(FlareFreq4) Fourth value of flare frequency range [/sec]: 1.921206e-05 
(FlareFreqMin) Frequency of the flares with the lowest energy [/sec]: 2.836472e-05 
(FlareFreqMid) Frequency of the flares with the middle energy in the energy range [/sec]: 7.740402e-06 
(FlareFreqMax) Frequency of the flares with the highest energy [/sec]: 2.112266e-06 
(FlareEnergy1) First value of flare energy range [kg*m^2/sec^2]: 5.334000e+23 
(FlareEnergy2) Second value of flare energy range [kg*m^2/sec^2]: 6.715108e+23 
(FlareEnergy3) Third value of flare energy range [kg*m^2/sec^2]: 8.453820e+23 
(FlareEnergy4) Fourth value of flare energy range [kg*m^2/sec^2]: 1.064273e+24 
(FlareEnergyMin) Minimum flare energy [kg*m^2/sec^2]: 5.334000e+23 
(FlareEnergyMid) Middle flare energy in the range of energy values [kg*m^2/sec^2]: 5.334000e+24 
(FlareEnergyMax) Maximum flare energy [kg*m^2/sec^2]: 5.334000e+25 
(FlareYIntOUT) Instantaneous Davenport FFD y-intercept at current age and mass []: 17.719808 
(FlareSlopeOUT) Instantaneous Davenport FFD slope at current age and mass []: -0.564015 

Output Order: Time[year] Luminosity[LSUN] LXUVStellar[LSUN] LXUVFlare[LSUN] LXUVTot[LSUN]
Grid Output Order:

----- BODY: b ----
Active Modules: AtmEsc
Module Bit Sum: 9
Color: 000000
(Mass) Mass [kg]: 9.915169e+24 
(Radius) Radius [m]: 7.250686e+06 
(RadGyra) Radius of Gyration/Moment of Inertia Constant []: 0.500000 
(BodyType) Type of Body (0 == planet) []: 0.000000 
(Density) Average Density [kg/m^3]: 6209.752221 
(HZLimitDryRunaway) Semi-major axis of Dry Runaway HZ Limit [m]: 4.290429e+10 
(HZLimRecVenus) Recent Venus HZ Limit [m]: 3.845658e+10 
(HZLimRunaway) Runaway Greenhouse HZ Limit [m]: 5.070640e+10 
(HZLimMoistGreenhouse) Moist Greenhouse HZ Limit [m]: 5.088438e+10 
(HZLimMaxGreenhouse) Maximum Greenhouse HZ Limit [m]: 9.680671e+10 
(HZLimEarlyMars) Early Mars HZ Limit [m]: 1.055780e+11 
(Instellation) Orbit-averaged INcident STELLar radiATION [kg/sec^3]: 5.509725e+05 
(MeanMotion) Orbital Mean Motion [/sec]: 4.464446e-05 
(OrbPeriod) Orbital Period [sec]: 1.407383e+05 
(SemiMajorAxis) Semi-major Axis [m]: 2.354981e+09 
(LXUVTot) Total XUV Luminosity [kg/sec^3]: -1.000000 
(EscapeVelocity) Escape Velocity [m/sec]: 1.351070e+04 
----- ATMESC PARAMETERS (b)------
(SurfWaterMass) Surface water mass [kg]: 0.000000 
(EnvelopeMass) Envelope mass [kg]: 0.000000 
(OxygenMass) Oxygen mass in the atmosphere [kg]: 0.000000 
(RGLimit) Runaway greenhouse semi-major axis [m]: 4.859931e+10 
(XO) Atomic oxygen mixing ratio in upper atmosphere []: 0.000000 
(EtaO) Oxygen eta parameter (Luger and Barnes 2015) []: 0.000000 
(PlanetRadius) Planet radius [m]: 7.250686e+06 
(OxygenMantleMass) Mass of oxygen in mantle [kg]: 0.000000 
(RadXUV) XUV radius separating hydro. dyn. escape and equilibrium [m]: -1.000000 
(RadSolid) Radius to the solid surface [m]: -1.000000 
(PresXUV) Pressure at base of thermosphere [(null)]: 5.000000 
(ScaleHeight) Scale height in Lehmer & Catling (2016) model [m]: -1.000000 
(ThermTemp) Isothermal atmospheric temperature [K]: 400.000000 
(AtmGasConst) Atmospheric gas constant [(null)]: 4124.000000 
(PresSurf) Surface pressure due to atmosphere [Pa]: -1.000000 
(DEnvMassDt) Envelope Mass Loss Rate [kg/s]: 0.000000 
(FXUV) XUV flux [W/m^2]: 1430.615113 
(AtmXAbsEffH2O) XUV atmospheric escape efficiency for H2O []: 0.300000 
(RocheRadius) Roche Lobe Radius [m]: 4.801236e+07 
(BondiRadius) Bondi Radius [m]: 2.817633e+08 
(HEscapeRegime) Integer flag for H envelope escape regime []: 8.000000 
(RRCriticalFlux) Critical XUV Flux that separates RR and energy-limited escape [W/m^2]: 60.552457 
(CrossoverMass) Crossover mass, defines oxygen is escaping if mc > mo [kg]: 0.000000 
(WaterEscapeRegime) What water escape regime the code is currently in []: 8.000000 
(FXUVCRITDRAG) Critical Drag XUV flux [W/m^2]: 0.499736 
(HREFFLUX) The Hydrogen Reference Flux (m^-2 s^-1) [m^-2 s^-1]: 9.132670e+20 
(XO2) Molecular oxygen mixing ratio in atmosphere []: 0.000000 
(XH2O) Water mixing ratio in upper atmosphere []: 0.000000 
(HDiffFlux) The Hydrogen Diffusion Flux (m^-2 s^-1) [m^-2 s^-1]: 2.437417e+17 
(HRefODragMod) Multiply by H ref flux to get flux with drag []: 1.000000 
(KTide) Mass loss enhancement due to stellar gravity []: 0.775196 
(CumulativeXUVFlux) Cumulative XUV flux [W/m^2]: 0.000000 
(RunawayGreenhouseFlux) Incident flux that triggers runaway greenhouse [kg/sec^3]: 1293.704987 
(RGDuration) Runaway Greenhouse Duration [years]: 0.00000e+00

Output Order: Time[year] CumulativeXUVFlux[W/m^2]
Grid Output Order:



---- FINAL SYSTEM PROPERTIES ----
(Age) System Age [sec]: 1.830703e+17 
(Time) Simulation Time [sec]: 1.830025e+17 
(TotAngMom) Total Angular Momentum [kg*m^2/sec]: 3.028805e+42 
(TotEnergy) Total System Energy [kg*m^2/sec^2]: -8.304518e+39 
(PotEnergy) Body's non-orbital Potential Energy [kg*m^2/sec^2]: -4.132844e+40 
(KinEnergy) Body's non-orbital Kinetic Energy [kg*m^2/sec^2]: 7.825208e+32 
(DeltaTime) Average Timestep Over Last Output Interval [sec]: 3.155760e+13 

----- BODY: star ----
Active Modules: FLARE STELLAR
Module Bit Sum: 577
Color: 000000
(Mass) Mass [kg]: 3.900158e+29 
(Radius) Radius [m]: 1.473911e+08 
(RadGyra) Radius of Gyration/Moment of Inertia Constant []: 0.460385 
(RotAngMom) Rotational Angular Momentum [kg*m^2/sec]: 1.676471e+39 
(RotVel) Rotational Velocity [m/sec]: 137.594446 
(BodyType) Type of Body (0 == planet) []: 0.000000 
(RotRate) Rotational Frequency [/sec]: 9.335331e-07 
(RotPer) Rotational Period [sec]: 6.730543e+06 
(Density) Average Density [kg/m^3]: 2.907904e+04 
(HZLimitDryRunaway) Semi-major axis of Dry Runaway HZ Limit [m]: 9.134408e+09 
(HZLimRecVenus) Recent Venus HZ Limit [m]: 8.177003e+09 
(HZLimRunaway) Runaway Greenhouse HZ Limit [m]: 1.078813e+10 
(HZLimMoistGreenhouse) Moist Greenhouse HZ Limit [m]: 1.081952e+10 
(HZLimMaxGreenhouse) Maximum Greenhouse HZ Limit [m]: 2.053157e+10 
(HZLimEarlyMars) Early Mars HZ Limit [m]: 2.239196e+10 
(Instellation) Orbit-averaged INcident STELLar radiATION [kg/sec^3]: -1.000000 
(CriticalSemiMajorAxis) Holman & Wiegert (1999) P-type Critical Semi-major Axis [m]: -1.000000 
(LXUVTot) Total XUV Luminosity [LSUN]: 6.423050e-07 
(LostEnergy) Body's Total Lost Energy [kg*m^2/sec^2]: 3.302397e+40 
(LostAngMom) Lost Angular Momentum due to Magnetic Braking [kg*m^2/sec]: 3.024674e+42 
(EscapeVelocity) Escape Velocity [m/sec]: 5.943233e+05 
----- STELLAR PARAMETERS (star)------
(Luminosity) Luminosity [LSUN]: 0.004526 
(LXUVStellar) Base X-ray/XUV Luminosity [LSUN]: 2.500115e-07 
(Temperature) Effective Temperature [K]: 3249.989130 
(LXUVFrac) Fraction of luminosity in XUV []: 5.524467e-05 
(RossbyNumber) Rossby Number []: 1.309660 
(DRotPerDtStellar) Time Rate of Change of Rotation Period in STELLAR []: 2.204743e-11 
(WindTorque) Stellar Wind Torque []: 5.491663e+21 
----- FLARE PARAMETERS (star)------
(LXUVFlare) XUV Luminosity from flares [LSUN]: 3.922881e-07 
(FlareFreq1) First value of flare frequency range [/sec]: 8.198888e-05 
(FlareFreq2) Second value of flare frequency range [/sec]: 6.403990e-05 
(FlareFreq3) Third value of flare frequency range [/sec]: 5.002031e-05 
(FlareFreq4) Fourth value of flare frequency range [/sec]: 3.906988e-05 
(FlareFreqMin) Frequency of the flares with the lowest energy [/sec]: 8.198888e-05 
(FlareFreqMid) Frequency of the flares with the middle energy in the energy range [/sec]: 6.929660e-06 
(FlareFreqMax) Frequency of the flares with the highest energy [/sec]: 5.856914e-07 
(FlareEnergy1) First value of flare energy range [kg*m^2/sec^2]: 5.334000e+23 
(FlareEnergy2) Second value of flare energy range [kg*m^2/sec^2]: 6.715108e+23 
(FlareEnergy3) Third value of flare energy range [kg*m^2/sec^2]: 8.453820e+23 
(FlareEnergy4) Fourth value of flare energy range [kg*m^2/sec^2]: 1.064273e+24 
(FlareEnergyMin) Minimum flare energy [kg*m^2/sec^2]: 5.334000e+23 
(FlareEnergyMid) Middle flare energy in the range of energy values [kg*m^2/sec^2]: 5.334000e+24 
(FlareEnergyMax) Maximum flare energy [kg*m^2/sec^2]: 5.334000e+25 
(FlareYIntOUT) Instantaneous Davenport FFD y-intercept at current age and mass []: 33.821719 
(FlareSlopeOUT) Instantaneous Davenport FFD slope at current age and mass []: -1.073043 

Output Order: Time[year] Luminosity[LSUN] LXUVStellar[LSUN] LXUVFlare[LSUN] LXUVTot[LSUN]
Grid Output Order:

----- BODY: b ----
Active Modules: AtmEsc
Module Bit Sum: 9
Color: 000000
(Mass) Mass [kg]: 9.915169e+24 
(Radius) Radius [m]: 7.250686e+06 
(RadGyra) Radius of Gyration/Moment of Inertia Constant []: 0.500000 
(BodyType) Type of Body (0 == planet) []: 0.000000 
(Density) Average Density [kg/m^3]: 6209.752221 
(HZLimitDryRunaway) Semi-major axis of Dry Runaway HZ Limit [m]: 9.134507e+09 
(HZLimRecVenus) Recent Venus HZ Limit [m]: 8.177003e+09 
(HZLimRunaway) Runaway Greenhouse HZ Limit [m]: 1.078813e+10 
(HZLimMoistGreenhouse) Moist Greenhouse HZ Limit [m]: 1.081952e+10 
(HZLimMaxGreenhouse) Maximum Greenhouse HZ Limit [m]: 2.053157e+10 
(HZLimEarlyMars) Early Mars HZ Limit [m]: 2.239196e+10 
(Instellation) Orbit-averaged INcident STELLar radiATION [kg/sec^3]: 2.497460e+04 
(MeanMotion) Orbital Mean Motion [/sec]: 4.464446e-05 
(OrbPeriod) Orbital Period [sec]: 1.407383e+05 
(SemiMajorAxis) Semi-major Axis [m]: 2.354981e+09 
(LXUVTot) Total XUV Luminosity [kg/sec^3]: -1.000000 
(EscapeVelocity) Escape Velocity [m/sec]: 1.351070e+04 
----- ATMESC PARAMETERS (b)------
(SurfWaterMass) Surface water mass [kg]: 0.000000 
(EnvelopeMass) Envelope mass [kg]: 0.000000 
(OxygenMass) Oxygen mass in the atmosphere [kg]: 0.000000 
(RGLimit) Runaway greenhouse semi-major axis [m]: 1.034008e+10 
(XO) Atomic oxygen mixing ratio in upper atmosphere []: 0.000000 
(EtaO) Oxygen eta parameter (Luger and Barnes 2015) []: 0.000000 
(PlanetRadius) Planet radius [m]: 7.250686e+06 
(OxygenMantleMass) Mass of oxygen in mantle [kg]: 0.000000 
(RadXUV) XUV radius separating hydro. dyn. escape and equilibrium [m]: -1.000000 
(RadSolid) Radius to the solid surface [m]: -1.000000 
(PresXUV) Pressure at base of thermosphere [(null)]: 5.000000 
(ScaleHeight) Scale height in Lehmer & Catling (2016) model [m]: -1.000000 
(ThermTemp) Isothermal atmospheric temperature [K]: 400.000000 
(AtmGasConst) Atmospheric gas constant [(null)]: 4124.000000 
(PresSurf) Surface pressure due to atmosphere [Pa]: -1.000000 
(DEnvMassDt) Envelope Mass Loss Rate [kg/s]: 0.000000 
(FXUV) XUV flux [W/m^2]: 3.544626 
(AtmXAbsEffH2O) XUV atmospheric escape efficiency for H2O []: 0.300000 
(RocheRadius) Roche Lobe Radius [m]: 4.801236e+07 
(BondiRadius) Bondi Radius [m]: 6.112366e+08 
(HEscapeRegime) Integer flag for H envelope escape regime []: 8.000000 
(RRCriticalFlux) Critical XUV Flux that separates RR and energy-limited escape [W/m^2]: 60.552457 
(CrossoverMass) Crossover mass, defines oxygen is escaping if mc > mo [kg]: 0.000000 
(WaterEscapeRegime) What water escape regime the code is currently in []: 8.000000 
(FXUVCRITDRAG) Critical Drag XUV flux [W/m^2]: 0.499736 
(HREFFLUX) The Hydrogen Reference Flux (m^-2 s^-1) [m^-2 s^-1]: 2.262796e+18 
(XO2) Molecular oxygen mixing ratio in atmosphere []: 0.000000 
(XH2O) Water mixing ratio in upper atmosphere []: 0.000000 
(HDiffFlux) The Hydrogen Diffusion Flux (m^-2 s^-1) [m^-2 s^-1]: 2.437417e+17 
(HRefODragMod) Multiply by H ref flux to get flux with drag []: 1.000000 
(KTide) Mass loss enhancement due to stellar gravity []: 0.775196 
(CumulativeXUVFlux) Cumulative XUV flux [W/m^2]: 3.852250e+18 
(RunawayGreenhouseFlux) Incident flux that triggers runaway greenhouse [kg/sec^3]: 1295.436856 
(RGDuration) Runaway Greenhouse Duration [years]: 0.00000e+00

Output Order: Time[year] CumulativeXUVFlux[W/m^2]
Grid Output Order:
