-------- Log file gj1132.log -------

Executable: /home/vplanet/.local/bin/vplanet
Version: Unknown
System Name: gj1132
Primary Input File: vpl.in
Body File #1: star.in
Body File #2: b.in
Allow files to be overwitten: Yes
Mass Units: Grams
Length Units: Meters
Time Units: Seconds
Angle Units: Radians

------- FORMATTING -----
Verbosity Level: 5
Crossover Decade for Scientific Notation: 4
Number of Digits After Decimal: 6
Integration Method: Runge-Kutta4
Direction: Forward
Time Step: 3.155760e+07
Stop Time: 2.228804e+17
Output Interval: 3.155760e+13
Use Variable Timestep: Yes
dEta: 0.010000
Minimum Value of ecc and obl: 1.000000e-10


---- INITIAL SYSTEM PROPERTIES ----
(Age) System Age [sec]: 1.971971e+14 
(Time) Simulation Time [sec]: 0.000000 
(TotAngMom) Total Angular Momentum [kg*m^2/sec]: 1.372553e+42 
(TotEnergy) Total System Energy [kg*m^2/sec^2]: -1.273534e+40 
(PotEnergy) Body's non-orbital Potential Energy [kg*m^2/sec^2]: -1.278510e+40 
(KinEnergy) Body's non-orbital Kinetic Energy [kg*m^2/sec^2]: 4.981503e+37 
(DeltaTime) Average Timestep Over Last Output Interval [sec]: 0.000000 

----- BODY: star ----
Active Modules: FLARE STELLAR
Module Bit Sum: 577
Color: 000000
(Mass) Mass [kg]: 3.916037e+29 
(Radius) Radius [m]: 4.803361e+08 
(RadGyra) Radius of Gyration/Moment of Inertia Constant []: 0.456626 
(RotAngMom) Rotational Angular Momentum [kg*m^2/sec]: 1.370012e+42 
(RotVel) Rotational Velocity [m/sec]: 3.493103e+04 
(BodyType) Type of Body (0 == planet) []: 0.000000 
(RotRate) Rotational Frequency [/sec]: 7.272205e-05 
(RotPer) Rotational Period [sec]: 8.640000e+04 
(Density) Average Density [kg/m^3]: 843.572587 
(HZLimitDryRunaway) Semi-major axis of Dry Runaway HZ Limit [m]: 2.916650e+10 
(HZLimRecVenus) Recent Venus HZ Limit [m]: 2.612487e+10 
(HZLimRunaway) Runaway Greenhouse HZ Limit [m]: 3.445783e+10 
(HZLimMoistGreenhouse) Moist Greenhouse HZ Limit [m]: 3.456749e+10 
(HZLimMaxGreenhouse) Maximum Greenhouse HZ Limit [m]: 6.567251e+10 
(HZLimEarlyMars) Early Mars HZ Limit [m]: 7.162303e+10 
(Instellation) Orbit-averaged INcident STELLar radiATION [kg/sec^3]: -1.000000 
(CriticalSemiMajorAxis) Holman & Wiegert (1999) P-type Critical Semi-major Axis [m]: -1.000000 
(LXUVTot) Total XUV Luminosity [LSUN]: 2.470947e-05 
(LostEnergy) Body's Total Lost Energy [kg*m^2/sec^2]: 5.562685e-309 
(LostAngMom) Lost Angular Momentum due to Magnetic Braking [kg*m^2/sec]: 5.562685e-309 
(EscapeVelocity) Escape Velocity [m/sec]: 3.298891e+05 
----- STELLAR PARAMETERS (star)------
(Luminosity) Luminosity [LSUN]: 0.046140 
(LXUVStellar) Base X-ray/XUV Luminosity [LSUN]: 2.391791e-05 
(Temperature) Effective Temperature [K]: 3219.732438 
(LXUVFrac) Fraction of luminosity in XUV []: 0.000518 
(RossbyNumber) Rossby Number []: 0.016554 
(DRotPerDtStellar) Time Rate of Change of Rotation Period in STELLAR []: -1.327204e-10 
(WindTorque) Stellar Wind Torque []: 3.359121e+27 
----- FLARE PARAMETERS (star)------
(LXUVFlare) XUV Luminosity from flares [LSUN]: 7.915516e-07 
(FlareFreq1) First value of flare frequency range [/sec]: 3.307660e-05 
(FlareFreq2) Second value of flare frequency range [/sec]: 2.858765e-05 
(FlareFreq3) Third value of flare frequency range [/sec]: 2.470791e-05 
(FlareFreq4) Fourth value of flare frequency range [/sec]: 2.135471e-05 
(FlareFreqMin) Frequency of the flares with the lowest energy [/sec]: 3.307660e-05 
(FlareFreqMid) Frequency of the flares with the middle energy in the energy range [/sec]: 7.693019e-06 
(FlareFreqMax) Frequency of the flares with the highest energy [/sec]: 1.789258e-06 
(FlareEnergy1) First value of flare energy range [kg*m^2/sec^2]: 5.334000e+23 
(FlareEnergy2) Second value of flare energy range [kg*m^2/sec^2]: 6.715108e+23 
(FlareEnergy3) Third value of flare energy range [kg*m^2/sec^2]: 8.453820e+23 
(FlareEnergy4) Fourth value of flare energy range [kg*m^2/sec^2]: 1.064273e+24 
(FlareEnergyMin) Minimum flare energy [kg*m^2/sec^2]: 5.334000e+23 
(FlareEnergyMid) Middle flare energy in the range of energy values [kg*m^2/sec^2]: 5.334000e+24 
(FlareEnergyMax) Maximum flare energy [kg*m^2/sec^2]: 5.334000e+25 
(FlareYIntOUT) Instantaneous Davenport FFD y-intercept at current age and mass []: 19.919287 
(FlareSlopeOUT) Instantaneous Davenport FFD slope at current age and mass []: -0.633424 

Output Order: Time[year] Luminosity[LSUN] LXUVStellar[LSUN] LXUVFlare[LSUN] LXUVTot[LSUN]
Grid Output Order:

----- BODY: b ----
Active Modules: AtmEsc
Module Bit Sum: 9
Color: 000000
(Mass) Mass [kg]: 1.023631e+25 
(Radius) Radius [m]: 7.328514e+06 
(RadGyra) Radius of Gyration/Moment of Inertia Constant []: 0.500000 
(BodyType) Type of Body (0 == planet) []: 0.000000 
(Density) Average Density [kg/m^3]: 6208.790246 
(HZLimitDryRunaway) Semi-major axis of Dry Runaway HZ Limit [m]: 2.916651e+10 
(HZLimRecVenus) Recent Venus HZ Limit [m]: 2.612487e+10 
(HZLimRunaway) Runaway Greenhouse HZ Limit [m]: 3.445783e+10 
(HZLimMoistGreenhouse) Moist Greenhouse HZ Limit [m]: 3.456749e+10 
(HZLimMaxGreenhouse) Maximum Greenhouse HZ Limit [m]: 6.567251e+10 
(HZLimEarlyMars) Early Mars HZ Limit [m]: 7.162303e+10 
(Instellation) Orbit-averaged INcident STELLar radiATION [kg/sec^3]: 2.539298e+05 
(MeanMotion) Orbital Mean Motion [/sec]: 4.464357e-05 
(OrbPeriod) Orbital Period [sec]: 1.407411e+05 
(SemiMajorAxis) Semi-major Axis [m]: 2.358205e+09 
(LXUVTot) Total XUV Luminosity [kg/sec^3]: -1.000000 
(EscapeVelocity) Escape Velocity [m/sec]: 1.365466e+04 
----- ATMESC PARAMETERS (b)------
(SurfWaterMass) Surface water mass [kg]: 0.000000 
(EnvelopeMass) Envelope mass [kg]: 0.000000 
(OxygenMass) Oxygen mass in the atmosphere [kg]: 0.000000 
(RGLimit) Runaway greenhouse semi-major axis [m]: 3.300224e+10 
(XO) Atomic oxygen mixing ratio in upper atmosphere []: 0.000000 
(EtaO) Oxygen eta parameter (Luger and Barnes 2015) []: 0.000000 
(PlanetRadius) Planet radius [m]: 7.328514e+06 
(OxygenMantleMass) Mass of oxygen in mantle [kg]: 0.000000 
(RadXUV) XUV radius separating hydro. dyn. escape and equilibrium [m]: -1.000000 
(RadSolid) Radius to the solid surface [m]: -1.000000 
(PresXUV) Pressure at base of thermosphere [(null)]: 5.000000 
(ScaleHeight) Scale height in Lehmer & Catling (2016) model [m]: -1.000000 
(ThermTemp) Isothermal atmospheric temperature [K]: 400.000000 
(AtmGasConst) Atmospheric gas constant [(null)]: 4124.000000 
(PresSurf) Surface pressure due to atmosphere [Pa]: -1.000000 
(DEnvMassDt) Envelope Mass Loss Rate [kg/s]: 0.000000 
(FXUV) XUV flux [W/m^2]: 135.987736 
(AtmXAbsEffH2O) XUV atmospheric escape efficiency for H2O []: 0.300000 
(RocheRadius) Roche Lobe Radius [m]: 4.852587e+07 
(BondiRadius) Bondi Radius [m]: 3.525986e+08 
(HEscapeRegime) Integer flag for H envelope escape regime []: 8.000000 
(RRCriticalFlux) Critical XUV Flux that separates RR and energy-limited escape [W/m^2]: 62.502626 
(CrossoverMass) Crossover mass, defines oxygen is escaping if mc > mo [kg]: 0.000000 
(WaterEscapeRegime) What water escape regime the code is currently in []: 8.000000 
(FXUVCRITDRAG) Critical Drag XUV flux [W/m^2]: 0.515842 
(HREFFLUX) The Hydrogen Reference Flux (m^-2 s^-1) [m^-2 s^-1]: 8.499102e+19 
(XO2) Molecular oxygen mixing ratio in atmosphere []: 0.000000 
(XH2O) Water mixing ratio in upper atmosphere []: 0.000000 
(HDiffFlux) The Hydrogen Diffusion Flux (m^-2 s^-1) [m^-2 s^-1]: 2.463198e+17 
(HRefODragMod) Multiply by H ref flux to get flux with drag []: 1.000000 
(KTide) Mass loss enhancement due to stellar gravity []: 0.775188 
(CumulativeXUVFlux) Cumulative XUV flux [W/m^2]: 0.000000 
(RunawayGreenhouseFlux) Incident flux that triggers runaway greenhouse [kg/sec^3]: 1296.551486 
(RGDuration) Runaway Greenhouse Duration [years]: 0.00000e+00

Output Order: Time[year] CumulativeXUVFlux[W/m^2]
Grid Output Order:



---- FINAL SYSTEM PROPERTIES ----
(Age) System Age [sec]: 2.230885e+17 
(Time) Simulation Time [sec]: 2.228913e+17 
(TotAngMom) Total Angular Momentum [kg*m^2/sec]: 1.379201e+42 
(TotEnergy) Total System Energy [kg*m^2/sec^2]: -1.270718e+40 
(PotEnergy) Body's non-orbital Potential Energy [kg*m^2/sec^2]: -4.128205e+40 
(KinEnergy) Body's non-orbital Kinetic Energy [kg*m^2/sec^2]: 6.206021e+32 
(DeltaTime) Average Timestep Over Last Output Interval [sec]: 1.577880e+13 

----- BODY: star ----
Active Modules: FLARE STELLAR
Module Bit Sum: 577
Color: 000000
(Mass) Mass [kg]: 3.916037e+29 
(Radius) Radius [m]: 1.487606e+08 
(RadGyra) Radius of Gyration/Moment of Inertia Constant []: 0.460252 
(RotAngMom) Rotational Angular Momentum [kg*m^2/sec]: 1.509485e+39 
(RotVel) Rotational Velocity [m/sec]: 122.321384 
(BodyType) Type of Body (0 == planet) []: 0.000000 
(RotRate) Rotational Frequency [/sec]: 8.222698e-07 
(RotPer) Rotational Period [sec]: 7.641270e+06 
(Density) Average Density [kg/m^3]: 2.839841e+04 
(HZLimitDryRunaway) Semi-major axis of Dry Runaway HZ Limit [m]: 9.214141e+09 
(HZLimRecVenus) Recent Venus HZ Limit [m]: 8.247967e+09 
(HZLimRunaway) Runaway Greenhouse HZ Limit [m]: 1.088200e+10 
(HZLimMoistGreenhouse) Moist Greenhouse HZ Limit [m]: 1.091341e+10 
(HZLimMaxGreenhouse) Maximum Greenhouse HZ Limit [m]: 2.070773e+10 
(HZLimEarlyMars) Early Mars HZ Limit [m]: 2.258409e+10 
(Instellation) Orbit-averaged INcident STELLar radiATION [kg/sec^3]: -1.000000 
(CriticalSemiMajorAxis) Holman & Wiegert (1999) P-type Critical Semi-major Axis [m]: -1.000000 
(LXUVTot) Total XUV Luminosity [LSUN]: 5.974129e-07 
(LostEnergy) Body's Total Lost Energy [kg*m^2/sec^2]: 2.857493e+40 
(LostAngMom) Lost Angular Momentum due to Magnetic Braking [kg*m^2/sec]: 1.375150e+42 
(EscapeVelocity) Escape Velocity [m/sec]: 5.927842e+05 
----- STELLAR PARAMETERS (star)------
(Luminosity) Luminosity [LSUN]: 0.004605 
(LXUVStellar) Base X-ray/XUV Luminosity [LSUN]: 2.079323e-07 
(Temperature) Effective Temperature [K]: 3252.531093 
(LXUVFrac) Fraction of luminosity in XUV []: 4.515476e-05 
(RossbyNumber) Rossby Number []: 1.488811 
(DRotPerDtStellar) Time Rate of Change of Rotation Period in STELLAR []: 2.120420e-11 
(WindTorque) Stellar Wind Torque []: 3.050520e+21 
----- FLARE PARAMETERS (star)------
(LXUVFlare) XUV Luminosity from flares [LSUN]: 3.894763e-07 
(FlareFreq1) First value of flare frequency range [/sec]: 8.486862e-05 
(FlareFreq2) Second value of flare frequency range [/sec]: 6.609680e-05 
(FlareFreq3) Third value of flare frequency range [/sec]: 5.147706e-05 
(FlareFreq4) Fourth value of flare frequency range [/sec]: 4.009101e-05 
(FlareFreqMin) Frequency of the flares with the lowest energy [/sec]: 8.486862e-05 
(FlareFreqMid) Frequency of the flares with the middle energy in the energy range [/sec]: 6.967549e-06 
(FlareFreqMax) Frequency of the flares with the highest energy [/sec]: 5.720222e-07 
(FlareEnergy1) First value of flare energy range [kg*m^2/sec^2]: 5.334000e+23 
(FlareEnergy2) Second value of flare energy range [kg*m^2/sec^2]: 6.715108e+23 
(FlareEnergy3) Third value of flare energy range [kg*m^2/sec^2]: 8.453820e+23 
(FlareEnergy4) Fourth value of flare energy range [kg*m^2/sec^2]: 1.064273e+24 
(FlareEnergyMin) Minimum flare energy [kg*m^2/sec^2]: 5.334000e+23 
(FlareEnergyMid) Middle flare energy in the range of energy values [kg*m^2/sec^2]: 5.334000e+24 
(FlareEnergyMax) Maximum flare energy [kg*m^2/sec^2]: 5.334000e+25 
(FlareYIntOUT) Instantaneous Davenport FFD y-intercept at current age and mass []: 34.224611 
(FlareSlopeOUT) Instantaneous Davenport FFD slope at current age and mass []: -1.085667 

Output Order: Time[year] Luminosity[LSUN] LXUVStellar[LSUN] LXUVFlare[LSUN] LXUVTot[LSUN]
Grid Output Order:

----- BODY: b ----
Active Modules: AtmEsc
Module Bit Sum: 9
Color: 000000
(Mass) Mass [kg]: 1.023631e+25 
(Radius) Radius [m]: 7.328514e+06 
(RadGyra) Radius of Gyration/Moment of Inertia Constant []: 0.500000 
(BodyType) Type of Body (0 == planet) []: 0.000000 
(Density) Average Density [kg/m^3]: 6208.790246 
(HZLimitDryRunaway) Semi-major axis of Dry Runaway HZ Limit [m]: 9.214144e+09 
(HZLimRecVenus) Recent Venus HZ Limit [m]: 8.247967e+09 
(HZLimRunaway) Runaway Greenhouse HZ Limit [m]: 1.088200e+10 
(HZLimMoistGreenhouse) Moist Greenhouse HZ Limit [m]: 1.091341e+10 
(HZLimMaxGreenhouse) Maximum Greenhouse HZ Limit [m]: 2.070773e+10 
(HZLimEarlyMars) Early Mars HZ Limit [m]: 2.258409e+10 
(Instellation) Orbit-averaged INcident STELLar radiATION [kg/sec^3]: 2.534281e+04 
(MeanMotion) Orbital Mean Motion [/sec]: 4.464357e-05 
(OrbPeriod) Orbital Period [sec]: 1.407411e+05 
(SemiMajorAxis) Semi-major Axis [m]: 2.358205e+09 
(LXUVTot) Total XUV Luminosity [kg/sec^3]: -1.000000 
(EscapeVelocity) Escape Velocity [m/sec]: 1.365466e+04 
----- ATMESC PARAMETERS (b)------
(SurfWaterMass) Surface water mass [kg]: 0.000000 
(EnvelopeMass) Envelope mass [kg]: 0.000000 
(OxygenMass) Oxygen mass in the atmosphere [kg]: 0.000000 
(RGLimit) Runaway greenhouse semi-major axis [m]: 1.042247e+10 
(XO) Atomic oxygen mixing ratio in upper atmosphere []: 0.000000 
(EtaO) Oxygen eta parameter (Luger and Barnes 2015) []: 0.000000 
(PlanetRadius) Planet radius [m]: 7.328514e+06 
(OxygenMantleMass) Mass of oxygen in mantle [kg]: 0.000000 
(RadXUV) XUV radius separating hydro. dyn. escape and equilibrium [m]: -1.000000 
(RadSolid) Radius to the solid surface [m]: -1.000000 
(PresXUV) Pressure at base of thermosphere [(null)]: 5.000000 
(ScaleHeight) Scale height in Lehmer & Catling (2016) model [m]: -1.000000 
(ThermTemp) Isothermal atmospheric temperature [K]: 400.000000 
(AtmGasConst) Atmospheric gas constant [(null)]: 4124.000000 
(PresSurf) Surface pressure due to atmosphere [Pa]: -1.000000 
(DEnvMassDt) Envelope Mass Loss Rate [kg/s]: 0.000000 
(FXUV) XUV flux [W/m^2]: 3.287842 
(AtmXAbsEffH2O) XUV atmospheric escape efficiency for H2O []: 0.300000 
(RocheRadius) Roche Lobe Radius [m]: 4.852587e+07 
(BondiRadius) Bondi Radius [m]: 6.272021e+08 
(HEscapeRegime) Integer flag for H envelope escape regime []: 8.000000 
(RRCriticalFlux) Critical XUV Flux that separates RR and energy-limited escape [W/m^2]: 62.502626 
(CrossoverMass) Crossover mass, defines oxygen is escaping if mc > mo [kg]: 0.000000 
(WaterEscapeRegime) What water escape regime the code is currently in []: 8.000000 
(FXUVCRITDRAG) Critical Drag XUV flux [W/m^2]: 0.515842 
(HREFFLUX) The Hydrogen Reference Flux (m^-2 s^-1) [m^-2 s^-1]: 2.054870e+18 
(XO2) Molecular oxygen mixing ratio in atmosphere []: 0.000000 
(XH2O) Water mixing ratio in upper atmosphere []: 0.000000 
(HDiffFlux) The Hydrogen Diffusion Flux (m^-2 s^-1) [m^-2 s^-1]: 2.463198e+17 
(HRefODragMod) Multiply by H ref flux to get flux with drag []: 1.000000 
(KTide) Mass loss enhancement due to stellar gravity []: 0.775188 
(CumulativeXUVFlux) Cumulative XUV flux [W/m^2]: 1.490674e+18 
(RunawayGreenhouseFlux) Incident flux that triggers runaway greenhouse [kg/sec^3]: 1297.407815 
(RGDuration) Runaway Greenhouse Duration [years]: 0.00000e+00

Output Order: Time[year] CumulativeXUVFlux[W/m^2]
Grid Output Order:
