-------- Log file gj1132.log -------

Executable: /home/vplanet/.local/bin/vplanet
Version: Unknown
System Name: gj1132
Primary Input File: vpl.in
Body File #1: star.in
Body File #2: b.in
Allow files to be overwitten: Yes
Mass Units: Grams
Length Units: Meters
Time Units: Seconds
Angle Units: Radians

------- FORMATTING -----
Verbosity Level: 5
Crossover Decade for Scientific Notation: 4
Number of Digits After Decimal: 6
Integration Method: Runge-Kutta4
Direction: Forward
Time Step: 3.155760e+07
Stop Time: 2.372489e+17
Output Interval: 3.155760e+13
Use Variable Timestep: Yes
dEta: 0.010000
Minimum Value of ecc and obl: 1.000000e-10


---- INITIAL SYSTEM PROPERTIES ----
(Age) System Age [sec]: 1.183954e+14 
(Time) Simulation Time [sec]: 0.000000 
(TotAngMom) Total Angular Momentum [kg*m^2/sec]: 1.962452e+42 
(TotEnergy) Total System Energy [kg*m^2/sec^2]: -1.036351e+40 
(PotEnergy) Body's non-orbital Potential Energy [kg*m^2/sec^2]: -1.043472e+40 
(KinEnergy) Body's non-orbital Kinetic Energy [kg*m^2/sec^2]: 7.126674e+37 
(DeltaTime) Average Timestep Over Last Output Interval [sec]: 0.000000 

----- BODY: star ----
Active Modules: FLARE STELLAR
Module Bit Sum: 577
Color: 000000
(Mass) Mass [kg]: 3.886682e+29 
(Radius) Radius [m]: 5.797394e+08 
(RadGyra) Radius of Gyration/Moment of Inertia Constant []: 0.454224 
(RotAngMom) Rotational Angular Momentum [kg*m^2/sec]: 1.959976e+42 
(RotVel) Rotational Velocity [m/sec]: 4.215984e+04 
(BodyType) Type of Body (0 == planet) []: 0.000000 
(RotRate) Rotational Frequency [/sec]: 7.272205e-05 
(RotPer) Rotational Period [sec]: 8.640000e+04 
(Density) Average Density [kg/m^3]: 476.202789 
(HZLimitDryRunaway) Semi-major axis of Dry Runaway HZ Limit [m]: 3.445807e+10 
(HZLimRecVenus) Recent Venus HZ Limit [m]: 3.088446e+10 
(HZLimRunaway) Runaway Greenhouse HZ Limit [m]: 4.072340e+10 
(HZLimMoistGreenhouse) Moist Greenhouse HZ Limit [m]: 4.086522e+10 
(HZLimMaxGreenhouse) Maximum Greenhouse HZ Limit [m]: 7.773626e+10 
(HZLimEarlyMars) Early Mars HZ Limit [m]: 8.477970e+10 
(Instellation) Orbit-averaged INcident STELLar radiATION [kg/sec^3]: -1.000000 
(CriticalSemiMajorAxis) Holman & Wiegert (1999) P-type Critical Semi-major Axis [m]: -1.000000 
(LXUVTot) Total XUV Luminosity [LSUN]: 8.523611e-05 
(LostEnergy) Body's Total Lost Energy [kg*m^2/sec^2]: 5.562685e-309 
(LostAngMom) Lost Angular Momentum due to Magnetic Braking [kg*m^2/sec]: 5.562685e-309 
(EscapeVelocity) Escape Velocity [m/sec]: 2.991509e+05 
----- STELLAR PARAMETERS (star)------
(Luminosity) Luminosity [LSUN]: 0.064401 
(LXUVStellar) Base X-ray/XUV Luminosity [LSUN]: 8.440491e-05 
(Temperature) Effective Temperature [K]: 3186.197186 
(LXUVFrac) Fraction of luminosity in XUV []: 0.001311 
(RossbyNumber) Rossby Number []: 0.016272 
(DRotPerDtStellar) Time Rate of Change of Rotation Period in STELLAR []: -1.504808e-10 
(WindTorque) Stellar Wind Torque []: 9.206006e+27 
----- FLARE PARAMETERS (star)------
(LXUVFlare) XUV Luminosity from flares [LSUN]: 8.311906e-07 
(FlareFreq1) First value of flare frequency range [/sec]: 3.051948e-05 
(FlareFreq2) Second value of flare frequency range [/sec]: 2.657377e-05 
(FlareFreq3) Third value of flare frequency range [/sec]: 2.313818e-05 
(FlareFreq4) Fourth value of flare frequency range [/sec]: 2.014676e-05 
(FlareFreqMin) Frequency of the flares with the lowest energy [/sec]: 3.051948e-05 
(FlareFreqMid) Frequency of the flares with the middle energy in the energy range [/sec]: 7.644295e-06 
(FlareFreqMax) Frequency of the flares with the highest energy [/sec]: 1.914686e-06 
(FlareEnergy1) First value of flare energy range [kg*m^2/sec^2]: 5.334000e+23 
(FlareEnergy2) Second value of flare energy range [kg*m^2/sec^2]: 6.715108e+23 
(FlareEnergy3) Third value of flare energy range [kg*m^2/sec^2]: 8.453820e+23 
(FlareEnergy4) Fourth value of flare energy range [kg*m^2/sec^2]: 1.064273e+24 
(FlareEnergyMin) Minimum flare energy [kg*m^2/sec^2]: 5.334000e+23 
(FlareEnergyMid) Middle flare energy in the range of energy values [kg*m^2/sec^2]: 5.334000e+24 
(FlareEnergyMax) Maximum flare energy [kg*m^2/sec^2]: 5.334000e+25 
(FlareYIntOUT) Instantaneous Davenport FFD y-intercept at current age and mass []: 18.895417 
(FlareSlopeOUT) Instantaneous Davenport FFD slope at current age and mass []: -0.601240 

Output Order: Time[year] Luminosity[LSUN] LXUVStellar[LSUN] LXUVFlare[LSUN] LXUVTot[LSUN]
Grid Output Order:

----- BODY: b ----
Active Modules: AtmEsc
Module Bit Sum: 9
Color: 000000
(Mass) Mass [kg]: 1.002482e+25 
(Radius) Radius [m]: 7.311659e+06 
(RadGyra) Radius of Gyration/Moment of Inertia Constant []: 0.500000 
(BodyType) Type of Body (0 == planet) []: 0.000000 
(Density) Average Density [kg/m^3]: 6122.660989 
(HZLimitDryRunaway) Semi-major axis of Dry Runaway HZ Limit [m]: 3.445807e+10 
(HZLimRecVenus) Recent Venus HZ Limit [m]: 3.088446e+10 
(HZLimRunaway) Runaway Greenhouse HZ Limit [m]: 4.072340e+10 
(HZLimMoistGreenhouse) Moist Greenhouse HZ Limit [m]: 4.086522e+10 
(HZLimMaxGreenhouse) Maximum Greenhouse HZ Limit [m]: 7.773626e+10 
(HZLimEarlyMars) Early Mars HZ Limit [m]: 8.477970e+10 
(Instellation) Orbit-averaged INcident STELLar radiATION [kg/sec^3]: 3.562080e+05 
(MeanMotion) Orbital Mean Motion [/sec]: 4.464343e-05 
(OrbPeriod) Orbital Period [sec]: 1.407415e+05 
(SemiMajorAxis) Semi-major Axis [m]: 2.352302e+09 
(LXUVTot) Total XUV Luminosity [kg/sec^3]: -1.000000 
(EscapeVelocity) Escape Velocity [m/sec]: 1.352843e+04 
----- ATMESC PARAMETERS (b)------
(SurfWaterMass) Surface water mass [kg]: 0.000000 
(EnvelopeMass) Envelope mass [kg]: 0.000000 
(OxygenMass) Oxygen mass in the atmosphere [kg]: 0.000000 
(RGLimit) Runaway greenhouse semi-major axis [m]: 3.902149e+10 
(XO) Atomic oxygen mixing ratio in upper atmosphere []: 0.000000 
(EtaO) Oxygen eta parameter (Luger and Barnes 2015) []: 0.000000 
(PlanetRadius) Planet radius [m]: 7.311659e+06 
(OxygenMantleMass) Mass of oxygen in mantle [kg]: 0.000000 
(RadXUV) XUV radius separating hydro. dyn. escape and equilibrium [m]: -1.000000 
(RadSolid) Radius to the solid surface [m]: -1.000000 
(PresXUV) Pressure at base of thermosphere [(null)]: 5.000000 
(ScaleHeight) Scale height in Lehmer & Catling (2016) model [m]: -1.000000 
(ThermTemp) Isothermal atmospheric temperature [K]: 400.000000 
(AtmGasConst) Atmospheric gas constant [(null)]: 4124.000000 
(PresSurf) Surface pressure due to atmosphere [Pa]: -1.000000 
(DEnvMassDt) Envelope Mass Loss Rate [kg/s]: 0.000000 
(FXUV) XUV flux [W/m^2]: 471.451154 
(AtmXAbsEffH2O) XUV atmospheric escape efficiency for H2O []: 0.300000 
(RocheRadius) Roche Lobe Radius [m]: 4.818944e+07 
(BondiRadius) Bondi Radius [m]: 3.180251e+08 
(HEscapeRegime) Integer flag for H envelope escape regime []: 8.000000 
(RRCriticalFlux) Critical XUV Flux that separates RR and energy-limited escape [W/m^2]: 60.201443 
(CrossoverMass) Crossover mass, defines oxygen is escaping if mc > mo [kg]: 0.000000 
(WaterEscapeRegime) What water escape regime the code is currently in []: 8.000000 
(FXUVCRITDRAG) Critical Drag XUV flux [W/m^2]: 0.498176 
(HREFFLUX) The Hydrogen Reference Flux (m^-2 s^-1) [m^-2 s^-1]: 3.005770e+20 
(XO2) Molecular oxygen mixing ratio in atmosphere []: 0.000000 
(XH2O) Water mixing ratio in upper atmosphere []: 0.000000 
(HDiffFlux) The Hydrogen Diffusion Flux (m^-2 s^-1) [m^-2 s^-1]: 2.423442e+17 
(HRefODragMod) Multiply by H ref flux to get flux with drag []: 1.000000 
(KTide) Mass loss enhancement due to stellar gravity []: 0.774155 
(CumulativeXUVFlux) Cumulative XUV flux [W/m^2]: 0.000000 
(RunawayGreenhouseFlux) Incident flux that triggers runaway greenhouse [kg/sec^3]: 1294.441018 
(RGDuration) Runaway Greenhouse Duration [years]: 0.00000e+00

Output Order: Time[year] CumulativeXUVFlux[W/m^2]
Grid Output Order:



---- FINAL SYSTEM PROPERTIES ----
(Age) System Age [sec]: 2.373684e+17 
(Time) Simulation Time [sec]: 2.372500e+17 
(TotAngMom) Total Angular Momentum [kg*m^2/sec]: 1.966963e+42 
(TotEnergy) Total System Energy [kg*m^2/sec^2]: -1.036366e+40 
(PotEnergy) Body's non-orbital Potential Energy [kg*m^2/sec^2]: -4.103762e+40 
(KinEnergy) Body's non-orbital Kinetic Energy [kg*m^2/sec^2]: 5.873603e+32 
(DeltaTime) Average Timestep Over Last Output Interval [sec]: 1.577880e+13 

----- BODY: star ----
Active Modules: FLARE STELLAR
Module Bit Sum: 577
Color: 000000
(Mass) Mass [kg]: 3.886682e+29 
(Radius) Radius [m]: 1.474116e+08 
(RadGyra) Radius of Gyration/Moment of Inertia Constant []: 0.460318 
(RotAngMom) Rotational Angular Momentum [kg*m^2/sec]: 1.449929e+39 
(RotVel) Rotational Velocity [m/sec]: 119.431646 
(BodyType) Type of Body (0 == planet) []: 0.000000 
(RotRate) Rotational Frequency [/sec]: 8.101917e-07 
(RotPer) Rotational Period [sec]: 7.755184e+06 
(Density) Average Density [kg/m^3]: 2.896647e+04 
(HZLimitDryRunaway) Semi-major axis of Dry Runaway HZ Limit [m]: 9.113979e+09 
(HZLimRecVenus) Recent Venus HZ Limit [m]: 8.159045e+09 
(HZLimRunaway) Runaway Greenhouse HZ Limit [m]: 1.076424e+10 
(HZLimMoistGreenhouse) Moist Greenhouse HZ Limit [m]: 1.079576e+10 
(HZLimMaxGreenhouse) Maximum Greenhouse HZ Limit [m]: 2.048809e+10 
(HZLimEarlyMars) Early Mars HZ Limit [m]: 2.234454e+10 
(Instellation) Orbit-averaged INcident STELLar radiATION [kg/sec^3]: -1.000000 
(CriticalSemiMajorAxis) Holman & Wiegert (1999) P-type Critical Semi-major Axis [m]: -1.000000 
(LXUVTot) Total XUV Luminosity [LSUN]: 5.552435e-07 
(LostEnergy) Body's Total Lost Energy [kg*m^2/sec^2]: 3.067401e+40 
(LostAngMom) Lost Angular Momentum due to Magnetic Braking [kg*m^2/sec]: 1.963037e+42 
(EscapeVelocity) Escape Velocity [m/sec]: 5.932543e+05 
----- STELLAR PARAMETERS (star)------
(Luminosity) Luminosity [LSUN]: 0.004505 
(LXUVStellar) Base X-ray/XUV Luminosity [LSUN]: 1.702561e-07 
(Temperature) Effective Temperature [K]: 3247.929047 
(LXUVFrac) Fraction of luminosity in XUV []: 3.779009e-05 
(RossbyNumber) Rossby Number []: 1.507448 
(DRotPerDtStellar) Time Rate of Change of Rotation Period in STELLAR []: 1.450655e-11 
(WindTorque) Stellar Wind Torque []: 2.712181e+21 
----- FLARE PARAMETERS (star)------
(LXUVFlare) XUV Luminosity from flares [LSUN]: 3.849836e-07 
(FlareFreq1) First value of flare frequency range [/sec]: 8.587134e-05 
(FlareFreq2) Second value of flare frequency range [/sec]: 6.676849e-05 
(FlareFreq3) Third value of flare frequency range [/sec]: 5.191524e-05 
(FlareFreq4) Fourth value of flare frequency range [/sec]: 4.036623e-05 
(FlareFreqMin) Frequency of the flares with the lowest energy [/sec]: 8.587134e-05 
(FlareFreqMid) Frequency of the flares with the middle energy in the energy range [/sec]: 6.935559e-06 
(FlareFreqMax) Frequency of the flares with the highest energy [/sec]: 5.601634e-07 
(FlareEnergy1) First value of flare energy range [kg*m^2/sec^2]: 5.334000e+23 
(FlareEnergy2) Second value of flare energy range [kg*m^2/sec^2]: 6.715108e+23 
(FlareEnergy3) Third value of flare energy range [kg*m^2/sec^2]: 8.453820e+23 
(FlareEnergy4) Fourth value of flare energy range [kg*m^2/sec^2]: 1.064273e+24 
(FlareEnergyMin) Minimum flare energy [kg*m^2/sec^2]: 5.334000e+23 
(FlareEnergyMid) Middle flare energy in the range of energy values [kg*m^2/sec^2]: 5.334000e+24 
(FlareEnergyMax) Maximum flare energy [kg*m^2/sec^2]: 5.334000e+25 
(FlareYIntOUT) Instantaneous Davenport FFD y-intercept at current age and mass []: 34.447864 
(FlareSlopeOUT) Instantaneous Davenport FFD slope at current age and mass []: -1.092767 

Output Order: Time[year] Luminosity[LSUN] LXUVStellar[LSUN] LXUVFlare[LSUN] LXUVTot[LSUN]
Grid Output Order:

----- BODY: b ----
Active Modules: AtmEsc
Module Bit Sum: 9
Color: 000000
(Mass) Mass [kg]: 1.002482e+25 
(Radius) Radius [m]: 7.311659e+06 
(RadGyra) Radius of Gyration/Moment of Inertia Constant []: 0.500000 
(BodyType) Type of Body (0 == planet) []: 0.000000 
(Density) Average Density [kg/m^3]: 6122.660989 
(HZLimitDryRunaway) Semi-major axis of Dry Runaway HZ Limit [m]: 9.113979e+09 
(HZLimRecVenus) Recent Venus HZ Limit [m]: 8.159045e+09 
(HZLimRunaway) Runaway Greenhouse HZ Limit [m]: 1.076424e+10 
(HZLimMoistGreenhouse) Moist Greenhouse HZ Limit [m]: 1.079576e+10 
(HZLimMaxGreenhouse) Maximum Greenhouse HZ Limit [m]: 2.048809e+10 
(HZLimEarlyMars) Early Mars HZ Limit [m]: 2.234454e+10 
(Instellation) Orbit-averaged INcident STELLar radiATION [kg/sec^3]: 2.491942e+04 
(MeanMotion) Orbital Mean Motion [/sec]: 4.464343e-05 
(OrbPeriod) Orbital Period [sec]: 1.407415e+05 
(SemiMajorAxis) Semi-major Axis [m]: 2.352302e+09 
(LXUVTot) Total XUV Luminosity [kg/sec^3]: -1.000000 
(EscapeVelocity) Escape Velocity [m/sec]: 1.352843e+04 
----- ATMESC PARAMETERS (b)------
(SurfWaterMass) Surface water mass [kg]: 0.000000 
(EnvelopeMass) Envelope mass [kg]: 0.000000 
(OxygenMass) Oxygen mass in the atmosphere [kg]: 0.000000 
(RGLimit) Runaway greenhouse semi-major axis [m]: 1.031461e+10 
(XO) Atomic oxygen mixing ratio in upper atmosphere []: 0.000000 
(EtaO) Oxygen eta parameter (Luger and Barnes 2015) []: 0.000000 
(PlanetRadius) Planet radius [m]: 7.311659e+06 
(OxygenMantleMass) Mass of oxygen in mantle [kg]: 0.000000 
(RadXUV) XUV radius separating hydro. dyn. escape and equilibrium [m]: -1.000000 
(RadSolid) Radius to the solid surface [m]: -1.000000 
(PresXUV) Pressure at base of thermosphere [(null)]: 5.000000 
(ScaleHeight) Scale height in Lehmer & Catling (2016) model [m]: -1.000000 
(ThermTemp) Isothermal atmospheric temperature [K]: 400.000000 
(AtmGasConst) Atmospheric gas constant [(null)]: 4124.000000 
(PresSurf) Surface pressure due to atmosphere [Pa]: -1.000000 
(DEnvMassDt) Envelope Mass Loss Rate [kg/s]: 0.000000 
(FXUV) XUV flux [W/m^2]: 3.071119 
(AtmXAbsEffH2O) XUV atmospheric escape efficiency for H2O []: 0.300000 
(RocheRadius) Roche Lobe Radius [m]: 4.818944e+07 
(BondiRadius) Bondi Radius [m]: 6.186971e+08 
(HEscapeRegime) Integer flag for H envelope escape regime []: 8.000000 
(RRCriticalFlux) Critical XUV Flux that separates RR and energy-limited escape [W/m^2]: 60.201443 
(CrossoverMass) Crossover mass, defines oxygen is escaping if mc > mo [kg]: 0.000000 
(WaterEscapeRegime) What water escape regime the code is currently in []: 8.000000 
(FXUVCRITDRAG) Critical Drag XUV flux [W/m^2]: 0.498176 
(HREFFLUX) The Hydrogen Reference Flux (m^-2 s^-1) [m^-2 s^-1]: 1.958013e+18 
(XO2) Molecular oxygen mixing ratio in atmosphere []: 0.000000 
(XH2O) Water mixing ratio in upper atmosphere []: 0.000000 
(HDiffFlux) The Hydrogen Diffusion Flux (m^-2 s^-1) [m^-2 s^-1]: 2.423442e+17 
(HRefODragMod) Multiply by H ref flux to get flux with drag []: 1.000000 
(KTide) Mass loss enhancement due to stellar gravity []: 0.774155 
(CumulativeXUVFlux) Cumulative XUV flux [W/m^2]: 2.430192e+18 
(RunawayGreenhouseFlux) Incident flux that triggers runaway greenhouse [kg/sec^3]: 1296.039759 
(RGDuration) Runaway Greenhouse Duration [years]: 0.00000e+00

Output Order: Time[year] CumulativeXUVFlux[W/m^2]
Grid Output Order:
