-------- Log file gj1132.log -------

Executable: /home/vplanet/.local/bin/vplanet
Version: Unknown
System Name: gj1132
Primary Input File: vpl.in
Body File #1: star.in
Body File #2: b.in
Allow files to be overwitten: Yes
Mass Units: Grams
Length Units: Meters
Time Units: Seconds
Angle Units: Radians

------- FORMATTING -----
Verbosity Level: 5
Crossover Decade for Scientific Notation: 4
Number of Digits After Decimal: 6
Integration Method: Runge-Kutta4
Direction: Forward
Time Step: 3.155760e+07
Stop Time: 2.311649e+17
Output Interval: 3.155760e+13
Use Variable Timestep: Yes
dEta: 0.010000
Minimum Value of ecc and obl: 1.000000e-10


---- INITIAL SYSTEM PROPERTIES ----
(Age) System Age [sec]: 1.123753e+14 
(Time) Simulation Time [sec]: 0.000000 
(TotAngMom) Total Angular Momentum [kg*m^2/sec]: 2.170860e+42 
(TotEnergy) Total System Energy [kg*m^2/sec^2]: -1.063049e+40 
(PotEnergy) Body's non-orbital Potential Energy [kg*m^2/sec^2]: -1.070928e+40 
(KinEnergy) Body's non-orbital Kinetic Energy [kg*m^2/sec^2]: 7.884497e+37 
(DeltaTime) Average Timestep Over Last Output Interval [sec]: 0.000000 

----- BODY: star ----
Active Modules: FLARE STELLAR
Module Bit Sum: 577
Color: 000000
(Mass) Mass [kg]: 4.008852e+29 
(Radius) Radius [m]: 6.009461e+08 
(RadGyra) Radius of Gyration/Moment of Inertia Constant []: 0.453827 
(RotAngMom) Rotational Angular Momentum [kg*m^2/sec]: 2.168392e+42 
(RotVel) Rotational Velocity [m/sec]: 4.370203e+04 
(BodyType) Type of Body (0 == planet) []: 0.000000 
(RotRate) Rotational Frequency [/sec]: 7.272205e-05 
(RotPer) Rotational Period [sec]: 8.640000e+04 
(Density) Average Density [kg/m^3]: 440.986049 
(HZLimitDryRunaway) Semi-major axis of Dry Runaway HZ Limit [m]: 3.605259e+10 
(HZLimRecVenus) Recent Venus HZ Limit [m]: 3.230368e+10 
(HZLimRunaway) Runaway Greenhouse HZ Limit [m]: 4.260084e+10 
(HZLimMoistGreenhouse) Moist Greenhouse HZ Limit [m]: 4.274308e+10 
(HZLimMaxGreenhouse) Maximum Greenhouse HZ Limit [m]: 8.125870e+10 
(HZLimEarlyMars) Early Mars HZ Limit [m]: 8.862137e+10 
(Instellation) Orbit-averaged INcident STELLar radiATION [kg/sec^3]: -1.000000 
(CriticalSemiMajorAxis) Holman & Wiegert (1999) P-type Critical Semi-major Axis [m]: -1.000000 
(LXUVTot) Total XUV Luminosity [LSUN]: 0.000965 
(LostEnergy) Body's Total Lost Energy [kg*m^2/sec^2]: 5.562685e-309 
(LostAngMom) Lost Angular Momentum due to Magnetic Braking [kg*m^2/sec]: 5.562685e-309 
(EscapeVelocity) Escape Velocity [m/sec]: 2.984073e+05 
----- STELLAR PARAMETERS (star)------
(Luminosity) Luminosity [LSUN]: 0.070499 
(LXUVStellar) Base X-ray/XUV Luminosity [LSUN]: 0.000950 
(Temperature) Effective Temperature [K]: 3202.298000 
(LXUVFrac) Fraction of luminosity in XUV []: 0.013476 
(RossbyNumber) Rossby Number []: 0.016406 
(DRotPerDtStellar) Time Rate of Change of Rotation Period in STELLAR []: -9.900678e-11 
(WindTorque) Stellar Wind Torque []: 1.092257e+28 
----- FLARE PARAMETERS (star)------
(LXUVFlare) XUV Luminosity from flares [LSUN]: 1.500858e-05 
(FlareFreq1) First value of flare frequency range [/sec]: 1.965044e-06 
(FlareFreq2) Second value of flare frequency range [/sec]: 1.600117e-06 
(FlareFreq3) Third value of flare frequency range [/sec]: 1.302960e-06 
(FlareFreq4) Fourth value of flare frequency range [/sec]: 1.060988e-06 
(FlareFreqMin) Frequency of the flares with the lowest energy [/sec]: 1.965044e-06 
(FlareFreqMid) Frequency of the flares with the middle energy in the energy range [/sec]: 2.518638e-07 
(FlareFreqMax) Frequency of the flares with the highest energy [/sec]: 3.228190e-08 
(FlareEnergy1) First value of flare energy range [kg*m^2/sec^2]: 5.334000e+25 
(FlareEnergy2) Second value of flare energy range [kg*m^2/sec^2]: 7.534475e+25 
(FlareEnergy3) Third value of flare energy range [kg*m^2/sec^2]: 1.064273e+26 
(FlareEnergy4) Fourth value of flare energy range [kg*m^2/sec^2]: 1.503325e+26 
(FlareEnergyMin) Minimum flare energy [kg*m^2/sec^2]: 5.334000e+25 
(FlareEnergyMid) Middle flare energy in the range of energy values [kg*m^2/sec^2]: 1.686759e+27 
(FlareEnergyMax) Maximum flare energy [kg*m^2/sec^2]: 5.334000e+28 
(FlareYIntOUT) Instantaneous Davenport FFD y-intercept at current age and mass []: 18.696082 
(FlareSlopeOUT) Instantaneous Davenport FFD slope at current age and mass []: -0.594804 

Output Order: Time[year] Luminosity[LSUN] LXUVStellar[LSUN] LXUVFlare[LSUN] LXUVTot[LSUN]
Grid Output Order:

----- BODY: b ----
Active Modules: AtmEsc
Module Bit Sum: 9
Color: 000000
(Mass) Mass [kg]: 9.787594e+24 
(Radius) Radius [m]: 7.028081e+06 
(RadGyra) Radius of Gyration/Moment of Inertia Constant []: 0.500000 
(BodyType) Type of Body (0 == planet) []: 0.000000 
(Density) Average Density [kg/m^3]: 6730.961346 
(HZLimitDryRunaway) Semi-major axis of Dry Runaway HZ Limit [m]: 3.605462e+10 
(HZLimRecVenus) Recent Venus HZ Limit [m]: 3.230368e+10 
(HZLimRunaway) Runaway Greenhouse HZ Limit [m]: 4.260084e+10 
(HZLimMoistGreenhouse) Moist Greenhouse HZ Limit [m]: 4.274308e+10 
(HZLimMaxGreenhouse) Maximum Greenhouse HZ Limit [m]: 8.125870e+10 
(HZLimEarlyMars) Early Mars HZ Limit [m]: 8.862137e+10 
(Instellation) Orbit-averaged INcident STELLar radiATION [kg/sec^3]: 3.820032e+05 
(MeanMotion) Orbital Mean Motion [/sec]: 4.464405e-05 
(OrbPeriod) Orbital Period [sec]: 1.407396e+05 
(SemiMajorAxis) Semi-major Axis [m]: 2.376672e+09 
(LXUVTot) Total XUV Luminosity [kg/sec^3]: -1.000000 
(EscapeVelocity) Escape Velocity [m/sec]: 1.363442e+04 
----- ATMESC PARAMETERS (b)------
(SurfWaterMass) Surface water mass [kg]: 0.000000 
(EnvelopeMass) Envelope mass [kg]: 0.000000 
(OxygenMass) Oxygen mass in the atmosphere [kg]: 0.000000 
(RGLimit) Runaway greenhouse semi-major axis [m]: 4.084207e+10 
(XO) Atomic oxygen mixing ratio in upper atmosphere []: 0.000000 
(EtaO) Oxygen eta parameter (Luger and Barnes 2015) []: 0.000000 
(PlanetRadius) Planet radius [m]: 7.028081e+06 
(OxygenMantleMass) Mass of oxygen in mantle [kg]: 0.000000 
(RadXUV) XUV radius separating hydro. dyn. escape and equilibrium [m]: -1.000000 
(RadSolid) Radius to the solid surface [m]: -1.000000 
(PresXUV) Pressure at base of thermosphere [(null)]: 5.000000 
(ScaleHeight) Scale height in Lehmer & Catling (2016) model [m]: -1.000000 
(ThermTemp) Isothermal atmospheric temperature [K]: 400.000000 
(AtmGasConst) Atmospheric gas constant [(null)]: 4124.000000 
(PresSurf) Surface pressure due to atmosphere [Pa]: -1.000000 
(DEnvMassDt) Envelope Mass Loss Rate [kg/s]: 0.000000 
(FXUV) XUV flux [W/m^2]: 5229.323919 
(AtmXAbsEffH2O) XUV atmospheric escape efficiency for H2O []: 0.300000 
(RocheRadius) Roche Lobe Radius [m]: 4.780583e+07 
(BondiRadius) Bondi Radius [m]: 3.018786e+08 
(HEscapeRegime) Integer flag for H envelope escape regime []: 8.000000 
(RRCriticalFlux) Critical XUV Flux that separates RR and energy-limited escape [W/m^2]: 65.775748 
(CrossoverMass) Crossover mass, defines oxygen is escaping if mc > mo [kg]: 0.000000 
(WaterEscapeRegime) What water escape regime the code is currently in []: 8.000000 
(FXUVCRITDRAG) Critical Drag XUV flux [W/m^2]: 0.534711 
(HREFFLUX) The Hydrogen Reference Flux (m^-2 s^-1) [m^-2 s^-1]: 3.253304e+21 
(XO2) Molecular oxygen mixing ratio in atmosphere []: 0.000000 
(XH2O) Water mixing ratio in upper atmosphere []: 0.000000 
(HDiffFlux) The Hydrogen Diffusion Flux (m^-2 s^-1) [m^-2 s^-1]: 2.560886e+17 
(HRefODragMod) Multiply by H ref flux to get flux with drag []: 1.000000 
(KTide) Mass loss enhancement due to stellar gravity []: 0.781069 
(CumulativeXUVFlux) Cumulative XUV flux [W/m^2]: 0.000000 
(RunawayGreenhouseFlux) Incident flux that triggers runaway greenhouse [kg/sec^3]: 1293.424345 
(RGDuration) Runaway Greenhouse Duration [years]: 0.00000e+00

Output Order: Time[year] CumulativeXUVFlux[W/m^2]
Grid Output Order:



---- FINAL SYSTEM PROPERTIES ----
(Age) System Age [sec]: 2.313034e+17 
(Time) Simulation Time [sec]: 2.311910e+17 
(TotAngMom) Total Angular Momentum [kg*m^2/sec]: 2.170324e+42 
(TotEnergy) Total System Energy [kg*m^2/sec^2]: -1.063940e+40 
(PotEnergy) Body's non-orbital Potential Energy [kg*m^2/sec^2]: -4.206900e+40 
(KinEnergy) Body's non-orbital Kinetic Energy [kg*m^2/sec^2]: 6.233839e+32 
(DeltaTime) Average Timestep Over Last Output Interval [sec]: 1.577880e+13 

----- BODY: star ----
Active Modules: FLARE STELLAR
Module Bit Sum: 577
Color: 000000
(Mass) Mass [kg]: 4.008852e+29 
(Radius) Radius [m]: 1.529796e+08 
(RadGyra) Radius of Gyration/Moment of Inertia Constant []: 0.460075 
(RotAngMom) Rotational Angular Momentum [kg*m^2/sec]: 1.573493e+39 
(RotVel) Rotational Velocity [m/sec]: 121.214444 
(BodyType) Type of Body (0 == planet) []: 0.000000 
(RotRate) Rotational Frequency [/sec]: 7.923570e-07 
(RotPer) Rotational Period [sec]: 7.929741e+06 
(Density) Average Density [kg/m^3]: 2.673196e+04 
(HZLimitDryRunaway) Semi-major axis of Dry Runaway HZ Limit [m]: 9.526519e+09 
(HZLimRecVenus) Recent Venus HZ Limit [m]: 8.525526e+09 
(HZLimRunaway) Runaway Greenhouse HZ Limit [m]: 1.124945e+10 
(HZLimMoistGreenhouse) Moist Greenhouse HZ Limit [m]: 1.128067e+10 
(HZLimMaxGreenhouse) Maximum Greenhouse HZ Limit [m]: 2.139454e+10 
(HZLimEarlyMars) Early Mars HZ Limit [m]: 2.333315e+10 
(Instellation) Orbit-averaged INcident STELLar radiATION [kg/sec^3]: -1.000000 
(CriticalSemiMajorAxis) Holman & Wiegert (1999) P-type Critical Semi-major Axis [m]: -1.000000 
(LXUVTot) Total XUV Luminosity [LSUN]: 1.312566e-06 
(LostEnergy) Body's Total Lost Energy [kg*m^2/sec^2]: 3.142966e+40 
(LostAngMom) Lost Angular Momentum due to Magnetic Braking [kg*m^2/sec]: 2.166283e+42 
(EscapeVelocity) Escape Velocity [m/sec]: 5.914397e+05 
----- STELLAR PARAMETERS (star)------
(Luminosity) Luminosity [LSUN]: 0.004922 
(LXUVStellar) Base X-ray/XUV Luminosity [LSUN]: 9.484515e-07 
(Temperature) Effective Temperature [K]: 3264.800184 
(LXUVFrac) Fraction of luminosity in XUV []: 0.000193 
(RossbyNumber) Rossby Number []: 1.554755 
(DRotPerDtStellar) Time Rate of Change of Rotation Period in STELLAR []: 1.459807e-11 
(WindTorque) Stellar Wind Torque []: 2.896678e+21 
----- FLARE PARAMETERS (star)------
(LXUVFlare) XUV Luminosity from flares [LSUN]: 3.640936e-07 
(FlareFreq1) First value of flare frequency range [/sec]: 5.662256e-07 
(FlareFreq2) Second value of flare frequency range [/sec]: 3.893565e-07 
(FlareFreq3) Third value of flare frequency range [/sec]: 2.677351e-07 
(FlareFreq4) Fourth value of flare frequency range [/sec]: 1.841040e-07 
(FlareFreqMin) Frequency of the flares with the lowest energy [/sec]: 5.662256e-07 
(FlareFreqMid) Frequency of the flares with the middle energy in the energy range [/sec]: 1.338346e-08 
(FlareFreqMax) Frequency of the flares with the highest energy [/sec]: 3.163352e-10 
(FlareEnergy1) First value of flare energy range [kg*m^2/sec^2]: 5.334000e+25 
(FlareEnergy2) Second value of flare energy range [kg*m^2/sec^2]: 7.534475e+25 
(FlareEnergy3) Third value of flare energy range [kg*m^2/sec^2]: 1.064273e+26 
(FlareEnergy4) Fourth value of flare energy range [kg*m^2/sec^2]: 1.503325e+26 
(FlareEnergyMin) Minimum flare energy [kg*m^2/sec^2]: 5.334000e+25 
(FlareEnergyMid) Middle flare energy in the range of energy values [kg*m^2/sec^2]: 1.686759e+27 
(FlareEnergyMax) Maximum flare energy [kg*m^2/sec^2]: 5.334000e+28 
(FlareYIntOUT) Instantaneous Davenport FFD y-intercept at current age and mass []: 34.174814 
(FlareSlopeOUT) Instantaneous Davenport FFD slope at current age and mass []: -1.084281 

Output Order: Time[year] Luminosity[LSUN] LXUVStellar[LSUN] LXUVFlare[LSUN] LXUVTot[LSUN]
Grid Output Order:

----- BODY: b ----
Active Modules: AtmEsc
Module Bit Sum: 9
Color: 000000
(Mass) Mass [kg]: 9.787594e+24 
(Radius) Radius [m]: 7.028081e+06 
(RadGyra) Radius of Gyration/Moment of Inertia Constant []: 0.500000 
(BodyType) Type of Body (0 == planet) []: 0.000000 
(Density) Average Density [kg/m^3]: 6730.961346 
(HZLimitDryRunaway) Semi-major axis of Dry Runaway HZ Limit [m]: 9.527056e+09 
(HZLimRecVenus) Recent Venus HZ Limit [m]: 8.525526e+09 
(HZLimRunaway) Runaway Greenhouse HZ Limit [m]: 1.124945e+10 
(HZLimMoistGreenhouse) Moist Greenhouse HZ Limit [m]: 1.128067e+10 
(HZLimMaxGreenhouse) Maximum Greenhouse HZ Limit [m]: 2.139454e+10 
(HZLimEarlyMars) Early Mars HZ Limit [m]: 2.333315e+10 
(Instellation) Orbit-averaged INcident STELLar radiATION [kg/sec^3]: 2.667243e+04 
(MeanMotion) Orbital Mean Motion [/sec]: 4.464405e-05 
(OrbPeriod) Orbital Period [sec]: 1.407396e+05 
(SemiMajorAxis) Semi-major Axis [m]: 2.376672e+09 
(LXUVTot) Total XUV Luminosity [kg/sec^3]: -1.000000 
(EscapeVelocity) Escape Velocity [m/sec]: 1.363442e+04 
----- ATMESC PARAMETERS (b)------
(SurfWaterMass) Surface water mass [kg]: 0.000000 
(EnvelopeMass) Envelope mass [kg]: 0.000000 
(OxygenMass) Oxygen mass in the atmosphere [kg]: 0.000000 
(RGLimit) Runaway greenhouse semi-major axis [m]: 1.078530e+10 
(XO) Atomic oxygen mixing ratio in upper atmosphere []: 0.000000 
(EtaO) Oxygen eta parameter (Luger and Barnes 2015) []: 0.000000 
(PlanetRadius) Planet radius [m]: 7.028081e+06 
(OxygenMantleMass) Mass of oxygen in mantle [kg]: 0.000000 
(RadXUV) XUV radius separating hydro. dyn. escape and equilibrium [m]: -1.000000 
(RadSolid) Radius to the solid surface [m]: -1.000000 
(PresXUV) Pressure at base of thermosphere [(null)]: 5.000000 
(ScaleHeight) Scale height in Lehmer & Catling (2016) model [m]: -1.000000 
(ThermTemp) Isothermal atmospheric temperature [K]: 400.000000 
(AtmGasConst) Atmospheric gas constant [(null)]: 4124.000000 
(PresSurf) Surface pressure due to atmosphere [Pa]: -1.000000 
(DEnvMassDt) Envelope Mass Loss Rate [kg/s]: 0.000000 
(FXUV) XUV flux [W/m^2]: 7.112245 
(AtmXAbsEffH2O) XUV atmospheric escape efficiency for H2O []: 0.300000 
(RocheRadius) Roche Lobe Radius [m]: 4.780583e+07 
(BondiRadius) Bondi Radius [m]: 5.868653e+08 
(HEscapeRegime) Integer flag for H envelope escape regime []: 8.000000 
(RRCriticalFlux) Critical XUV Flux that separates RR and energy-limited escape [W/m^2]: 65.775748 
(CrossoverMass) Crossover mass, defines oxygen is escaping if mc > mo [kg]: 0.000000 
(WaterEscapeRegime) What water escape regime the code is currently in []: 8.000000 
(FXUVCRITDRAG) Critical Drag XUV flux [W/m^2]: 0.534711 
(HREFFLUX) The Hydrogen Reference Flux (m^-2 s^-1) [m^-2 s^-1]: 4.424720e+18 
(XO2) Molecular oxygen mixing ratio in atmosphere []: 0.000000 
(XH2O) Water mixing ratio in upper atmosphere []: 0.000000 
(HDiffFlux) The Hydrogen Diffusion Flux (m^-2 s^-1) [m^-2 s^-1]: 2.560886e+17 
(HRefODragMod) Multiply by H ref flux to get flux with drag []: 1.000000 
(KTide) Mass loss enhancement due to stellar gravity []: 0.781069 
(CumulativeXUVFlux) Cumulative XUV flux [W/m^2]: 1.068488e+19 
(RunawayGreenhouseFlux) Incident flux that triggers runaway greenhouse [kg/sec^3]: 1295.053719 
(RGDuration) Runaway Greenhouse Duration [years]: 0.00000e+00

Output Order: Time[year] CumulativeXUVFlux[W/m^2]
Grid Output Order:
