-------- Log file gj1132.log -------

Executable: /home/vplanet/.local/bin/vplanet
Version: Unknown
System Name: gj1132
Primary Input File: vpl.in
Body File #1: star.in
Body File #2: b.in
Allow files to be overwitten: Yes
Mass Units: Grams
Length Units: Meters
Time Units: Seconds
Angle Units: Radians

------- FORMATTING -----
Verbosity Level: 5
Crossover Decade for Scientific Notation: 4
Number of Digits After Decimal: 6
Integration Method: Runge-Kutta4
Direction: Forward
Time Step: 3.155760e+07
Stop Time: 2.600872e+17
Output Interval: 3.155760e+13
Use Variable Timestep: Yes
dEta: 0.010000
Minimum Value of ecc and obl: 1.000000e-10


---- INITIAL SYSTEM PROPERTIES ----
(Age) System Age [sec]: 2.183506e+14 
(Time) Simulation Time [sec]: 0.000000 
(TotAngMom) Total Angular Momentum [kg*m^2/sec]: 1.370178e+42 
(TotEnergy) Total System Energy [kg*m^2/sec^2]: -1.396122e+40 
(PotEnergy) Body's non-orbital Potential Energy [kg*m^2/sec^2]: -1.401089e+40 
(KinEnergy) Body's non-orbital Kinetic Energy [kg*m^2/sec^2]: 4.972885e+37 
(DeltaTime) Average Timestep Over Last Output Interval [sec]: 0.000000 

----- BODY: star ----
Active Modules: FLARE STELLAR
Module Bit Sum: 577
Color: 000000
(Mass) Mass [kg]: 4.059942e+29 
(Radius) Radius [m]: 4.711177e+08 
(RadGyra) Radius of Gyration/Moment of Inertia Constant []: 0.456840 
(RotAngMom) Rotational Angular Momentum [kg*m^2/sec]: 1.367641e+42 
(RotVel) Rotational Velocity [m/sec]: 3.426064e+04 
(BodyType) Type of Body (0 == planet) []: 0.000000 
(RotRate) Rotational Frequency [/sec]: 7.272205e-05 
(RotPer) Rotational Period [sec]: 8.640000e+04 
(Density) Average Density [kg/m^3]: 926.921626 
(HZLimitDryRunaway) Semi-major axis of Dry Runaway HZ Limit [m]: 2.883843e+10 
(HZLimRecVenus) Recent Venus HZ Limit [m]: 2.582404e+10 
(HZLimRunaway) Runaway Greenhouse HZ Limit [m]: 3.406530e+10 
(HZLimMoistGreenhouse) Moist Greenhouse HZ Limit [m]: 3.416944e+10 
(HZLimMaxGreenhouse) Maximum Greenhouse HZ Limit [m]: 6.488183e+10 
(HZLimEarlyMars) Early Mars HZ Limit [m]: 7.076076e+10 
(Instellation) Orbit-averaged INcident STELLar radiATION [kg/sec^3]: -1.000000 
(CriticalSemiMajorAxis) Holman & Wiegert (1999) P-type Critical Semi-major Axis [m]: -1.000000 
(LXUVTot) Total XUV Luminosity [LSUN]: 1.629096e-05 
(LostEnergy) Body's Total Lost Energy [kg*m^2/sec^2]: 5.562685e-309 
(LostAngMom) Lost Angular Momentum due to Magnetic Braking [kg*m^2/sec]: 5.562685e-309 
(EscapeVelocity) Escape Velocity [m/sec]: 3.391661e+05 
----- STELLAR PARAMETERS (star)------
(Luminosity) Luminosity [LSUN]: 0.045108 
(LXUVStellar) Base X-ray/XUV Luminosity [LSUN]: 1.551809e-05 
(Temperature) Effective Temperature [K]: 3233.652450 
(LXUVFrac) Fraction of luminosity in XUV []: 0.000344 
(RossbyNumber) Rossby Number []: 0.016672 
(DRotPerDtStellar) Time Rate of Change of Rotation Period in STELLAR []: -1.222288e-10 
(WindTorque) Stellar Wind Torque []: 2.957279e+27 
----- FLARE PARAMETERS (star)------
(LXUVFlare) XUV Luminosity from flares [LSUN]: 7.728706e-07 
(FlareFreq1) First value of flare frequency range [/sec]: 3.230193e-05 
(FlareFreq2) Second value of flare frequency range [/sec]: 2.791782e-05 
(FlareFreq3) Third value of flare frequency range [/sec]: 2.412873e-05 
(FlareFreq4) Fourth value of flare frequency range [/sec]: 2.085391e-05 
(FlareFreqMin) Frequency of the flares with the lowest energy [/sec]: 3.230193e-05 
(FlareFreqMid) Frequency of the flares with the middle energy in the energy range [/sec]: 7.512048e-06 
(FlareFreqMax) Frequency of the flares with the highest energy [/sec]: 1.746981e-06 
(FlareEnergy1) First value of flare energy range [kg*m^2/sec^2]: 5.334000e+23 
(FlareEnergy2) Second value of flare energy range [kg*m^2/sec^2]: 6.715108e+23 
(FlareEnergy3) Third value of flare energy range [kg*m^2/sec^2]: 8.453820e+23 
(FlareEnergy4) Fourth value of flare energy range [kg*m^2/sec^2]: 1.064273e+24 
(FlareEnergyMin) Minimum flare energy [kg*m^2/sec^2]: 5.334000e+23 
(FlareEnergyMid) Middle flare energy in the range of energy values [kg*m^2/sec^2]: 5.334000e+24 
(FlareEnergyMax) Maximum flare energy [kg*m^2/sec^2]: 5.334000e+25 
(FlareYIntOUT) Instantaneous Davenport FFD y-intercept at current age and mass []: 19.910413 
(FlareSlopeOUT) Instantaneous Davenport FFD slope at current age and mass []: -0.633470 

Output Order: Time[year] Luminosity[LSUN] LXUVStellar[LSUN] LXUVFlare[LSUN] LXUVTot[LSUN]
Grid Output Order:

----- BODY: b ----
Active Modules: AtmEsc
Module Bit Sum: 9
Color: 000000
(Mass) Mass [kg]: 9.976101e+24 
(Radius) Radius [m]: 7.044015e+06 
(RadGyra) Radius of Gyration/Moment of Inertia Constant []: 0.500000 
(BodyType) Type of Body (0 == planet) []: 0.000000 
(Density) Average Density [kg/m^3]: 6814.145782 
(HZLimitDryRunaway) Semi-major axis of Dry Runaway HZ Limit [m]: 2.883858e+10 
(HZLimRecVenus) Recent Venus HZ Limit [m]: 2.582404e+10 
(HZLimRunaway) Runaway Greenhouse HZ Limit [m]: 3.406530e+10 
(HZLimMoistGreenhouse) Moist Greenhouse HZ Limit [m]: 3.416944e+10 
(HZLimMaxGreenhouse) Maximum Greenhouse HZ Limit [m]: 6.488183e+10 
(HZLimEarlyMars) Early Mars HZ Limit [m]: 7.076076e+10 
(Instellation) Orbit-averaged INcident STELLar radiATION [kg/sec^3]: 2.423530e+05 
(MeanMotion) Orbital Mean Motion [/sec]: 4.464405e-05 
(OrbPeriod) Orbital Period [sec]: 1.407396e+05 
(SemiMajorAxis) Semi-major Axis [m]: 2.386726e+09 
(LXUVTot) Total XUV Luminosity [kg/sec^3]: -1.000000 
(EscapeVelocity) Escape Velocity [m/sec]: 1.374952e+04 
----- ATMESC PARAMETERS (b)------
(SurfWaterMass) Surface water mass [kg]: 0.000000 
(EnvelopeMass) Envelope mass [kg]: 0.000000 
(OxygenMass) Oxygen mass in the atmosphere [kg]: 0.000000 
(RGLimit) Runaway greenhouse semi-major axis [m]: 3.264576e+10 
(XO) Atomic oxygen mixing ratio in upper atmosphere []: 0.000000 
(EtaO) Oxygen eta parameter (Luger and Barnes 2015) []: 0.000000 
(PlanetRadius) Planet radius [m]: 7.044015e+06 
(OxygenMantleMass) Mass of oxygen in mantle [kg]: 0.000000 
(RadXUV) XUV radius separating hydro. dyn. escape and equilibrium [m]: -1.000000 
(RadSolid) Radius to the solid surface [m]: -1.000000 
(PresXUV) Pressure at base of thermosphere [(null)]: 5.000000 
(ScaleHeight) Scale height in Lehmer & Catling (2016) model [m]: -1.000000 
(ThermTemp) Isothermal atmospheric temperature [K]: 400.000000 
(AtmGasConst) Atmospheric gas constant [(null)]: 4124.000000 
(PresSurf) Surface pressure due to atmosphere [Pa]: -1.000000 
(DEnvMassDt) Envelope Mass Loss Rate [kg/s]: 0.000000 
(FXUV) XUV flux [W/m^2]: 87.527247 
(AtmXAbsEffH2O) XUV atmospheric escape efficiency for H2O []: 0.300000 
(RocheRadius) Roche Lobe Radius [m]: 4.811079e+07 
(BondiRadius) Bondi Radius [m]: 3.434172e+08 
(HEscapeRegime) Integer flag for H envelope escape regime []: 8.000000 
(RRCriticalFlux) Critical XUV Flux that separates RR and energy-limited escape [W/m^2]: 68.024423 
(CrossoverMass) Crossover mass, defines oxygen is escaping if mc > mo [kg]: 0.000000 
(WaterEscapeRegime) What water escape regime the code is currently in []: 8.000000 
(FXUVCRITDRAG) Critical Drag XUV flux [W/m^2]: 0.551745 
(HREFFLUX) The Hydrogen Reference Flux (m^-2 s^-1) [m^-2 s^-1]: 5.348489e+19 
(XO2) Molecular oxygen mixing ratio in atmosphere []: 0.000000 
(XH2O) Water mixing ratio in upper atmosphere []: 0.000000 
(HDiffFlux) The Hydrogen Diffusion Flux (m^-2 s^-1) [m^-2 s^-1]: 2.598413e+17 
(HRefODragMod) Multiply by H ref flux to get flux with drag []: 1.000000 
(KTide) Mass loss enhancement due to stellar gravity []: 0.781951 
(CumulativeXUVFlux) Cumulative XUV flux [W/m^2]: 0.000000 
(RunawayGreenhouseFlux) Incident flux that triggers runaway greenhouse [kg/sec^3]: 1295.375402 
(RGDuration) Runaway Greenhouse Duration [years]: 0.00000e+00

Output Order: Time[year] CumulativeXUVFlux[W/m^2]
Grid Output Order:



---- FINAL SYSTEM PROPERTIES ----
(Age) System Age [sec]: 2.603161e+17 
(Time) Simulation Time [sec]: 2.600977e+17 
(TotAngMom) Total Angular Momentum [kg*m^2/sec]: 1.375132e+42 
(TotEnergy) Total System Energy [kg*m^2/sec^2]: -1.393463e+40 
(PotEnergy) Body's non-orbital Potential Energy [kg*m^2/sec^2]: -4.285351e+40 
(KinEnergy) Body's non-orbital Kinetic Energy [kg*m^2/sec^2]: 5.754740e+32 
(DeltaTime) Average Timestep Over Last Output Interval [sec]: 1.577880e+13 

----- BODY: star ----
Active Modules: FLARE STELLAR
Module Bit Sum: 577
Color: 000000
(Mass) Mass [kg]: 4.059942e+29 
(Radius) Radius [m]: 1.540313e+08 
(RadGyra) Radius of Gyration/Moment of Inertia Constant []: 0.460037 
(RotAngMom) Rotational Angular Momentum [kg*m^2/sec]: 1.531755e+39 
(RotVel) Rotational Velocity [m/sec]: 115.737840 
(BodyType) Type of Body (0 == planet) []: 0.000000 
(RotRate) Rotational Frequency [/sec]: 7.513918e-07 
(RotPer) Rotational Period [sec]: 8.362062e+06 
(Density) Average Density [kg/m^3]: 2.652189e+04 
(HZLimitDryRunaway) Semi-major axis of Dry Runaway HZ Limit [m]: 9.621425e+09 
(HZLimRecVenus) Recent Venus HZ Limit [m]: 8.609781e+09 
(HZLimRunaway) Runaway Greenhouse HZ Limit [m]: 1.136103e+10 
(HZLimMoistGreenhouse) Moist Greenhouse HZ Limit [m]: 1.139215e+10 
(HZLimMaxGreenhouse) Maximum Greenhouse HZ Limit [m]: 2.160268e+10 
(HZLimEarlyMars) Early Mars HZ Limit [m]: 2.356016e+10 
(Instellation) Orbit-averaged INcident STELLar radiATION [kg/sec^3]: -1.000000 
(CriticalSemiMajorAxis) Holman & Wiegert (1999) P-type Critical Semi-major Axis [m]: -1.000000 
(LXUVTot) Total XUV Luminosity [LSUN]: 6.556695e-07 
(LostEnergy) Body's Total Lost Energy [kg*m^2/sec^2]: 2.891893e+40 
(LostAngMom) Lost Angular Momentum due to Magnetic Braking [kg*m^2/sec]: 1.371063e+42 
(EscapeVelocity) Escape Velocity [m/sec]: 5.931611e+05 
----- STELLAR PARAMETERS (star)------
(Luminosity) Luminosity [LSUN]: 0.005021 
(LXUVStellar) Base X-ray/XUV Luminosity [LSUN]: 2.766264e-07 
(Temperature) Effective Temperature [K]: 3268.780028 
(LXUVFrac) Fraction of luminosity in XUV []: 5.509424e-05 
(RossbyNumber) Rossby Number []: 1.642865 
(DRotPerDtStellar) Time Rate of Change of Rotation Period in STELLAR []: 1.247245e-11 
(WindTorque) Stellar Wind Torque []: 2.284707e+21 
----- FLARE PARAMETERS (star)------
(LXUVFlare) XUV Luminosity from flares [LSUN]: 3.790395e-07 
(FlareFreq1) First value of flare frequency range [/sec]: 8.391949e-05 
(FlareFreq2) Second value of flare frequency range [/sec]: 6.528485e-05 
(FlareFreq3) Third value of flare frequency range [/sec]: 5.078810e-05 
(FlareFreq4) Fourth value of flare frequency range [/sec]: 3.951041e-05 
(FlareFreqMin) Frequency of the flares with the lowest energy [/sec]: 8.391949e-05 
(FlareFreqMid) Frequency of the flares with the middle energy in the energy range [/sec]: 6.813318e-06 
(FlareFreqMax) Frequency of the flares with the highest energy [/sec]: 5.531647e-07 
(FlareEnergy1) First value of flare energy range [kg*m^2/sec^2]: 5.334000e+23 
(FlareEnergy2) Second value of flare energy range [kg*m^2/sec^2]: 6.715108e+23 
(FlareEnergy3) Third value of flare energy range [kg*m^2/sec^2]: 8.453820e+23 
(FlareEnergy4) Fourth value of flare energy range [kg*m^2/sec^2]: 1.064273e+24 
(FlareEnergyMin) Minimum flare energy [kg*m^2/sec^2]: 5.334000e+23 
(FlareEnergyMid) Middle flare energy in the range of energy values [kg*m^2/sec^2]: 5.334000e+24 
(FlareEnergyMax) Maximum flare energy [kg*m^2/sec^2]: 5.334000e+25 
(FlareYIntOUT) Instantaneous Davenport FFD y-intercept at current age and mass []: 34.368356 
(FlareSlopeOUT) Instantaneous Davenport FFD slope at current age and mass []: -1.090504 

Output Order: Time[year] Luminosity[LSUN] LXUVStellar[LSUN] LXUVFlare[LSUN] LXUVTot[LSUN]
Grid Output Order:

----- BODY: b ----
Active Modules: AtmEsc
Module Bit Sum: 9
Color: 000000
(Mass) Mass [kg]: 9.976101e+24 
(Radius) Radius [m]: 7.044015e+06 
(RadGyra) Radius of Gyration/Moment of Inertia Constant []: 0.500000 
(BodyType) Type of Body (0 == planet) []: 0.000000 
(Density) Average Density [kg/m^3]: 6814.145782 
(HZLimitDryRunaway) Semi-major axis of Dry Runaway HZ Limit [m]: 9.621473e+09 
(HZLimRecVenus) Recent Venus HZ Limit [m]: 8.609781e+09 
(HZLimRunaway) Runaway Greenhouse HZ Limit [m]: 1.136103e+10 
(HZLimMoistGreenhouse) Moist Greenhouse HZ Limit [m]: 1.139215e+10 
(HZLimMaxGreenhouse) Maximum Greenhouse HZ Limit [m]: 2.160268e+10 
(HZLimEarlyMars) Early Mars HZ Limit [m]: 2.356016e+10 
(Instellation) Orbit-averaged INcident STELLar radiATION [kg/sec^3]: 2.697640e+04 
(MeanMotion) Orbital Mean Motion [/sec]: 4.464405e-05 
(OrbPeriod) Orbital Period [sec]: 1.407396e+05 
(SemiMajorAxis) Semi-major Axis [m]: 2.386726e+09 
(LXUVTot) Total XUV Luminosity [kg/sec^3]: -1.000000 
(EscapeVelocity) Escape Velocity [m/sec]: 1.374952e+04 
----- ATMESC PARAMETERS (b)------
(SurfWaterMass) Surface water mass [kg]: 0.000000 
(EnvelopeMass) Envelope mass [kg]: 0.000000 
(OxygenMass) Oxygen mass in the atmosphere [kg]: 0.000000 
(RGLimit) Runaway greenhouse semi-major axis [m]: 1.088779e+10 
(XO) Atomic oxygen mixing ratio in upper atmosphere []: 0.000000 
(EtaO) Oxygen eta parameter (Luger and Barnes 2015) []: 0.000000 
(PlanetRadius) Planet radius [m]: 7.044015e+06 
(OxygenMantleMass) Mass of oxygen in mantle [kg]: 0.000000 
(RadXUV) XUV radius separating hydro. dyn. escape and equilibrium [m]: -1.000000 
(RadSolid) Radius to the solid surface [m]: -1.000000 
(PresXUV) Pressure at base of thermosphere [(null)]: 5.000000 
(ScaleHeight) Scale height in Lehmer & Catling (2016) model [m]: -1.000000 
(ThermTemp) Isothermal atmospheric temperature [K]: 400.000000 
(AtmGasConst) Atmospheric gas constant [(null)]: 4124.000000 
(PresSurf) Surface pressure due to atmosphere [Pa]: -1.000000 
(DEnvMassDt) Envelope Mass Loss Rate [kg/s]: 0.000000 
(FXUV) XUV flux [W/m^2]: 3.522747 
(AtmXAbsEffH2O) XUV atmospheric escape efficiency for H2O []: 0.300000 
(RocheRadius) Roche Lobe Radius [m]: 4.811079e+07 
(BondiRadius) Bondi Radius [m]: 5.941415e+08 
(HEscapeRegime) Integer flag for H envelope escape regime []: 8.000000 
(RRCriticalFlux) Critical XUV Flux that separates RR and energy-limited escape [W/m^2]: 68.024423 
(CrossoverMass) Crossover mass, defines oxygen is escaping if mc > mo [kg]: 0.000000 
(WaterEscapeRegime) What water escape regime the code is currently in []: 8.000000 
(FXUVCRITDRAG) Critical Drag XUV flux [W/m^2]: 0.551745 
(HREFFLUX) The Hydrogen Reference Flux (m^-2 s^-1) [m^-2 s^-1]: 2.152630e+18 
(XO2) Molecular oxygen mixing ratio in atmosphere []: 0.000000 
(XH2O) Water mixing ratio in upper atmosphere []: 0.000000 
(HDiffFlux) The Hydrogen Diffusion Flux (m^-2 s^-1) [m^-2 s^-1]: 2.598413e+17 
(HRefODragMod) Multiply by H ref flux to get flux with drag []: 1.000000 
(KTide) Mass loss enhancement due to stellar gravity []: 0.781951 
(CumulativeXUVFlux) Cumulative XUV flux [W/m^2]: 1.984113e+18 
(RunawayGreenhouseFlux) Incident flux that triggers runaway greenhouse [kg/sec^3]: 1296.298911 
(RGDuration) Runaway Greenhouse Duration [years]: 0.00000e+00

Output Order: Time[year] CumulativeXUVFlux[W/m^2]
Grid Output Order:
