-------- Log file gj1132.log -------

Executable: /home/vplanet/.local/bin/vplanet
Version: Unknown
System Name: gj1132
Primary Input File: vpl.in
Body File #1: star.in
Body File #2: b.in
Allow files to be overwitten: Yes
Mass Units: Grams
Length Units: Meters
Time Units: Seconds
Angle Units: Radians

------- FORMATTING -----
Verbosity Level: 5
Crossover Decade for Scientific Notation: 4
Number of Digits After Decimal: 6
Integration Method: Runge-Kutta4
Direction: Forward
Time Step: 3.155760e+07
Stop Time: 2.148473e+17
Output Interval: 3.155760e+13
Use Variable Timestep: Yes
dEta: 0.010000
Minimum Value of ecc and obl: 1.000000e-10


---- INITIAL SYSTEM PROPERTIES ----
(Age) System Age [sec]: 1.823995e+14 
(Time) Simulation Time [sec]: 0.000000 
(TotAngMom) Total Angular Momentum [kg*m^2/sec]: 1.428974e+42 
(TotEnergy) Total System Energy [kg*m^2/sec^2]: -1.222616e+40 
(PotEnergy) Body's non-orbital Potential Energy [kg*m^2/sec^2]: -1.227797e+40 
(KinEnergy) Body's non-orbital Kinetic Energy [kg*m^2/sec^2]: 5.186847e+37 
(DeltaTime) Average Timestep Over Last Output Interval [sec]: 0.000000 

----- BODY: star ----
Active Modules: FLARE STELLAR
Module Bit Sum: 577
Color: 000000
(Mass) Mass [kg]: 3.885305e+29 
(Radius) Radius [m]: 4.923562e+08 
(RadGyra) Radius of Gyration/Moment of Inertia Constant []: 0.456361 
(RotAngMom) Rotational Angular Momentum [kg*m^2/sec]: 1.426485e+42 
(RotVel) Rotational Velocity [m/sec]: 3.580515e+04 
(BodyType) Type of Body (0 == planet) []: 0.000000 
(RotRate) Rotational Frequency [/sec]: 7.272205e-05 
(RotPer) Rotational Period [sec]: 8.640000e+04 
(Density) Average Density [kg/m^3]: 777.138400 
(HZLimitDryRunaway) Semi-major axis of Dry Runaway HZ Limit [m]: 2.978016e+10 
(HZLimRecVenus) Recent Venus HZ Limit [m]: 2.667754e+10 
(HZLimRunaway) Runaway Greenhouse HZ Limit [m]: 3.518495e+10 
(HZLimMoistGreenhouse) Moist Greenhouse HZ Limit [m]: 3.529877e+10 
(HZLimMaxGreenhouse) Maximum Greenhouse HZ Limit [m]: 6.707672e+10 
(HZLimEarlyMars) Early Mars HZ Limit [m]: 7.315445e+10 
(Instellation) Orbit-averaged INcident STELLar radiATION [kg/sec^3]: -1.000000 
(CriticalSemiMajorAxis) Holman & Wiegert (1999) P-type Critical Semi-major Axis [m]: -1.000000 
(LXUVTot) Total XUV Luminosity [LSUN]: 0.000842 
(LostEnergy) Body's Total Lost Energy [kg*m^2/sec^2]: 5.562685e-309 
(LostAngMom) Lost Angular Momentum due to Magnetic Braking [kg*m^2/sec]: 5.562685e-309 
(EscapeVelocity) Escape Velocity [m/sec]: 3.245563e+05 
----- STELLAR PARAMETERS (star)------
(Luminosity) Luminosity [LSUN]: 0.048102 
(LXUVStellar) Base X-ray/XUV Luminosity [LSUN]: 0.000831 
(Temperature) Effective Temperature [K]: 3213.896091 
(LXUVFrac) Fraction of luminosity in XUV []: 0.017279 
(RossbyNumber) Rossby Number []: 0.016504 
(DRotPerDtStellar) Time Rate of Change of Rotation Period in STELLAR []: -8.863531e-11 
(WindTorque) Stellar Wind Torque []: 3.852614e+27 
----- FLARE PARAMETERS (star)------
(LXUVFlare) XUV Luminosity from flares [LSUN]: 1.134082e-05 
(FlareFreq1) First value of flare frequency range [/sec]: 1.786933e-06 
(FlareFreq2) Second value of flare frequency range [/sec]: 1.439072e-06 
(FlareFreq3) Third value of flare frequency range [/sec]: 1.158928e-06 
(FlareFreq4) Fourth value of flare frequency range [/sec]: 9.333201e-07 
(FlareFreqMin) Frequency of the flares with the lowest energy [/sec]: 1.786933e-06 
(FlareFreqMid) Frequency of the flares with the middle energy in the energy range [/sec]: 2.050451e-07 
(FlareFreqMax) Frequency of the flares with the highest energy [/sec]: 2.352830e-08 
(FlareEnergy1) First value of flare energy range [kg*m^2/sec^2]: 5.334000e+25 
(FlareEnergy2) Second value of flare energy range [kg*m^2/sec^2]: 7.534475e+25 
(FlareEnergy3) Third value of flare energy range [kg*m^2/sec^2]: 1.064273e+26 
(FlareEnergy4) Fourth value of flare energy range [kg*m^2/sec^2]: 1.503325e+26 
(FlareEnergyMin) Minimum flare energy [kg*m^2/sec^2]: 5.334000e+25 
(FlareEnergyMid) Middle flare energy in the range of energy values [kg*m^2/sec^2]: 1.686759e+27 
(FlareEnergyMax) Maximum flare energy [kg*m^2/sec^2]: 5.334000e+28 
(FlareYIntOUT) Instantaneous Davenport FFD y-intercept at current age and mass []: 19.703223 
(FlareSlopeOUT) Instantaneous Davenport FFD slope at current age and mass []: -0.626839 

Output Order: Time[year] Luminosity[LSUN] LXUVStellar[LSUN] LXUVFlare[LSUN] LXUVTot[LSUN]
Grid Output Order:

----- BODY: b ----
Active Modules: AtmEsc
Module Bit Sum: 9
Color: 000000
(Mass) Mass [kg]: 1.007861e+25 
(Radius) Radius [m]: 7.009507e+06 
(RadGyra) Radius of Gyration/Moment of Inertia Constant []: 0.500000 
(BodyType) Type of Body (0 == planet) []: 0.000000 
(Density) Average Density [kg/m^3]: 6986.339661 
(HZLimitDryRunaway) Semi-major axis of Dry Runaway HZ Limit [m]: 2.978060e+10 
(HZLimRecVenus) Recent Venus HZ Limit [m]: 2.667754e+10 
(HZLimRunaway) Runaway Greenhouse HZ Limit [m]: 3.518495e+10 
(HZLimMoistGreenhouse) Moist Greenhouse HZ Limit [m]: 3.529877e+10 
(HZLimMaxGreenhouse) Maximum Greenhouse HZ Limit [m]: 6.707672e+10 
(HZLimEarlyMars) Early Mars HZ Limit [m]: 7.315445e+10 
(Instellation) Orbit-averaged INcident STELLar radiATION [kg/sec^3]: 2.661322e+05 
(MeanMotion) Orbital Mean Motion [/sec]: 4.464441e-05 
(OrbPeriod) Orbital Period [sec]: 1.407385e+05 
(SemiMajorAxis) Semi-major Axis [m]: 2.351991e+09 
(LXUVTot) Total XUV Luminosity [kg/sec^3]: -1.000000 
(EscapeVelocity) Escape Velocity [m/sec]: 1.385396e+04 
----- ATMESC PARAMETERS (b)------
(SurfWaterMass) Surface water mass [kg]: 0.000000 
(EnvelopeMass) Envelope mass [kg]: 0.000000 
(OxygenMass) Oxygen mass in the atmosphere [kg]: 0.000000 
(RGLimit) Runaway greenhouse semi-major axis [m]: 3.371038e+10 
(XO) Atomic oxygen mixing ratio in upper atmosphere []: 0.000000 
(EtaO) Oxygen eta parameter (Luger and Barnes 2015) []: 0.000000 
(PlanetRadius) Planet radius [m]: 7.009507e+06 
(OxygenMantleMass) Mass of oxygen in mantle [kg]: 0.000000 
(RadXUV) XUV radius separating hydro. dyn. escape and equilibrium [m]: -1.000000 
(RadSolid) Radius to the solid surface [m]: -1.000000 
(PresXUV) Pressure at base of thermosphere [(null)]: 5.000000 
(ScaleHeight) Scale height in Lehmer & Catling (2016) model [m]: -1.000000 
(ThermTemp) Isothermal atmospheric temperature [K]: 400.000000 
(AtmGasConst) Atmospheric gas constant [(null)]: 4124.000000 
(PresSurf) Surface pressure due to atmosphere [Pa]: -1.000000 
(DEnvMassDt) Envelope Mass Loss Rate [kg/s]: 0.000000 
(FXUV) XUV flux [W/m^2]: 4661.126202 
(AtmXAbsEffH2O) XUV atmospheric escape efficiency for H2O []: 0.300000 
(RocheRadius) Roche Lobe Radius [m]: 4.827478e+07 
(BondiRadius) Bondi Radius [m]: 3.439789e+08 
(HEscapeRegime) Integer flag for H envelope escape regime []: 8.000000 
(RRCriticalFlux) Critical XUV Flux that separates RR and energy-limited escape [W/m^2]: 70.781144 
(CrossoverMass) Crossover mass, defines oxygen is escaping if mc > mo [kg]: 0.000000 
(WaterEscapeRegime) What water escape regime the code is currently in []: 8.000000 
(FXUVCRITDRAG) Critical Drag XUV flux [W/m^2]: 0.571500 
(HREFFLUX) The Hydrogen Reference Flux (m^-2 s^-1) [m^-2 s^-1]: 2.799102e+21 
(XO2) Molecular oxygen mixing ratio in atmosphere []: 0.000000 
(XH2O) Water mixing ratio in upper atmosphere []: 0.000000 
(HDiffFlux) The Hydrogen Diffusion Flux (m^-2 s^-1) [m^-2 s^-1]: 2.651024e+17 
(HRefODragMod) Multiply by H ref flux to get flux with drag []: 1.000000 
(KTide) Mass loss enhancement due to stellar gravity []: 0.783730 
(CumulativeXUVFlux) Cumulative XUV flux [W/m^2]: 0.000000 
(RunawayGreenhouseFlux) Incident flux that triggers runaway greenhouse [kg/sec^3]: 1295.473197 
(RGDuration) Runaway Greenhouse Duration [years]: 0.00000e+00

Output Order: Time[year] CumulativeXUVFlux[W/m^2]
Grid Output Order:



---- FINAL SYSTEM PROPERTIES ----
(Age) System Age [sec]: 2.150310e+17 
(Time) Simulation Time [sec]: 2.148486e+17 
(TotAngMom) Total Angular Momentum [kg*m^2/sec]: 1.426624e+42 
(TotEnergy) Total System Energy [kg*m^2/sec^2]: -1.223627e+40 
(PotEnergy) Body's non-orbital Potential Energy [kg*m^2/sec^2]: -4.121972e+40 
(KinEnergy) Body's non-orbital Kinetic Energy [kg*m^2/sec^2]: 6.437969e+32 
(DeltaTime) Average Timestep Over Last Output Interval [sec]: 1.577880e+13 

----- BODY: star ----
Active Modules: FLARE STELLAR
Module Bit Sum: 577
Color: 000000
(Mass) Mass [kg]: 3.885305e+29 
(Radius) Radius [m]: 1.466564e+08 
(RadGyra) Radius of Gyration/Moment of Inertia Constant []: 0.460318 
(RotAngMom) Rotational Angular Momentum [kg*m^2/sec]: 1.509943e+39 
(RotVel) Rotational Velocity [m/sec]: 125.060263 
(BodyType) Type of Body (0 == planet) []: 0.000000 
(RotRate) Rotational Frequency [/sec]: 8.527435e-07 
(RotPer) Rotational Period [sec]: 7.368201e+06 
(Density) Average Density [kg/m^3]: 2.940585e+04 
(HZLimitDryRunaway) Semi-major axis of Dry Runaway HZ Limit [m]: 9.100384e+09 
(HZLimRecVenus) Recent Venus HZ Limit [m]: 8.146900e+09 
(HZLimRunaway) Runaway Greenhouse HZ Limit [m]: 1.074820e+10 
(HZLimMoistGreenhouse) Moist Greenhouse HZ Limit [m]: 1.077969e+10 
(HZLimMaxGreenhouse) Maximum Greenhouse HZ Limit [m]: 2.045772e+10 
(HZLimEarlyMars) Early Mars HZ Limit [m]: 2.231141e+10 
(Instellation) Orbit-averaged INcident STELLar radiATION [kg/sec^3]: -1.000000 
(CriticalSemiMajorAxis) Holman & Wiegert (1999) P-type Critical Semi-major Axis [m]: -1.000000 
(LXUVTot) Total XUV Luminosity [LSUN]: 6.483903e-06 
(LostEnergy) Body's Total Lost Energy [kg*m^2/sec^2]: 2.898350e+40 
(LostAngMom) Lost Angular Momentum due to Magnetic Braking [kg*m^2/sec]: 1.422625e+42 
(EscapeVelocity) Escape Velocity [m/sec]: 5.946745e+05 
----- STELLAR PARAMETERS (star)------
(Luminosity) Luminosity [LSUN]: 0.004492 
(LXUVStellar) Base X-ray/XUV Luminosity [LSUN]: 6.116144e-06 
(Temperature) Effective Temperature [K]: 3247.769743 
(LXUVFrac) Fraction of luminosity in XUV []: 0.001362 
(RossbyNumber) Rossby Number []: 1.432110 
(DRotPerDtStellar) Time Rate of Change of Rotation Period in STELLAR []: 1.560346e-11 
(WindTorque) Stellar Wind Torque []: 3.409395e+21 
----- FLARE PARAMETERS (star)------
(LXUVFlare) XUV Luminosity from flares [LSUN]: 3.677564e-07 
(FlareFreq1) First value of flare frequency range [/sec]: 5.653203e-07 
(FlareFreq2) Second value of flare frequency range [/sec]: 3.891043e-07 
(FlareFreq3) Third value of flare frequency range [/sec]: 2.678166e-07 
(FlareFreq4) Fourth value of flare frequency range [/sec]: 1.843355e-07 
(FlareFreqMin) Frequency of the flares with the lowest energy [/sec]: 5.653203e-07 
(FlareFreqMid) Frequency of the flares with the middle energy in the energy range [/sec]: 1.348991e-08 
(FlareFreqMax) Frequency of the flares with the highest energy [/sec]: 3.219019e-10 
(FlareEnergy1) First value of flare energy range [kg*m^2/sec^2]: 5.334000e+25 
(FlareEnergy2) Second value of flare energy range [kg*m^2/sec^2]: 7.534475e+25 
(FlareEnergy3) Third value of flare energy range [kg*m^2/sec^2]: 1.064273e+26 
(FlareEnergy4) Fourth value of flare energy range [kg*m^2/sec^2]: 1.503325e+26 
(FlareEnergyMin) Minimum flare energy [kg*m^2/sec^2]: 5.334000e+25 
(FlareEnergyMid) Middle flare energy in the range of energy values [kg*m^2/sec^2]: 1.686759e+27 
(FlareEnergyMax) Maximum flare energy [kg*m^2/sec^2]: 5.334000e+28 
(FlareYIntOUT) Instantaneous Davenport FFD y-intercept at current age and mass []: 34.083891 
(FlareSlopeOUT) Instantaneous Davenport FFD slope at current age and mass []: -1.081524 

Output Order: Time[year] Luminosity[LSUN] LXUVStellar[LSUN] LXUVFlare[LSUN] LXUVTot[LSUN]
Grid Output Order:

----- BODY: b ----
Active Modules: AtmEsc
Module Bit Sum: 9
Color: 000000
(Mass) Mass [kg]: 1.007861e+25 
(Radius) Radius [m]: 7.009507e+06 
(RadGyra) Radius of Gyration/Moment of Inertia Constant []: 0.500000 
(BodyType) Type of Body (0 == planet) []: 0.000000 
(Density) Average Density [kg/m^3]: 6986.339661 
(HZLimitDryRunaway) Semi-major axis of Dry Runaway HZ Limit [m]: 9.100519e+09 
(HZLimRecVenus) Recent Venus HZ Limit [m]: 8.146900e+09 
(HZLimRunaway) Runaway Greenhouse HZ Limit [m]: 1.074820e+10 
(HZLimMoistGreenhouse) Moist Greenhouse HZ Limit [m]: 1.077969e+10 
(HZLimMaxGreenhouse) Maximum Greenhouse HZ Limit [m]: 2.045772e+10 
(HZLimEarlyMars) Early Mars HZ Limit [m]: 2.231141e+10 
(Instellation) Orbit-averaged INcident STELLar radiATION [kg/sec^3]: 2.485208e+04 
(MeanMotion) Orbital Mean Motion [/sec]: 4.464441e-05 
(OrbPeriod) Orbital Period [sec]: 1.407385e+05 
(SemiMajorAxis) Semi-major Axis [m]: 2.351991e+09 
(LXUVTot) Total XUV Luminosity [kg/sec^3]: -1.000000 
(EscapeVelocity) Escape Velocity [m/sec]: 1.385396e+04 
----- ATMESC PARAMETERS (b)------
(SurfWaterMass) Surface water mass [kg]: 0.000000 
(EnvelopeMass) Envelope mass [kg]: 0.000000 
(OxygenMass) Oxygen mass in the atmosphere [kg]: 0.000000 
(RGLimit) Runaway greenhouse semi-major axis [m]: 1.029790e+10 
(XO) Atomic oxygen mixing ratio in upper atmosphere []: 0.000000 
(EtaO) Oxygen eta parameter (Luger and Barnes 2015) []: 0.000000 
(PlanetRadius) Planet radius [m]: 7.009507e+06 
(OxygenMantleMass) Mass of oxygen in mantle [kg]: 0.000000 
(RadXUV) XUV radius separating hydro. dyn. escape and equilibrium [m]: -1.000000 
(RadSolid) Radius to the solid surface [m]: -1.000000 
(PresXUV) Pressure at base of thermosphere [(null)]: 5.000000 
(ScaleHeight) Scale height in Lehmer & Catling (2016) model [m]: -1.000000 
(ThermTemp) Isothermal atmospheric temperature [K]: 400.000000 
(AtmGasConst) Atmospheric gas constant [(null)]: 4124.000000 
(PresSurf) Surface pressure due to atmosphere [Pa]: -1.000000 
(DEnvMassDt) Envelope Mass Loss Rate [kg/s]: 0.000000 
(FXUV) XUV flux [W/m^2]: 35.873290 
(AtmXAbsEffH2O) XUV atmospheric escape efficiency for H2O []: 0.300000 
(RocheRadius) Roche Lobe Radius [m]: 4.827478e+07 
(BondiRadius) Bondi Radius [m]: 6.236884e+08 
(HEscapeRegime) Integer flag for H envelope escape regime []: 8.000000 
(RRCriticalFlux) Critical XUV Flux that separates RR and energy-limited escape [W/m^2]: 70.781144 
(CrossoverMass) Crossover mass, defines oxygen is escaping if mc > mo [kg]: 0.000000 
(WaterEscapeRegime) What water escape regime the code is currently in []: 8.000000 
(FXUVCRITDRAG) Critical Drag XUV flux [W/m^2]: 0.571500 
(HREFFLUX) The Hydrogen Reference Flux (m^-2 s^-1) [m^-2 s^-1]: 2.154265e+19 
(XO2) Molecular oxygen mixing ratio in atmosphere []: 0.000000 
(XH2O) Water mixing ratio in upper atmosphere []: 0.000000 
(HDiffFlux) The Hydrogen Diffusion Flux (m^-2 s^-1) [m^-2 s^-1]: 2.651024e+17 
(HRefODragMod) Multiply by H ref flux to get flux with drag []: 1.000000 
(KTide) Mass loss enhancement due to stellar gravity []: 0.783730 
(CumulativeXUVFlux) Cumulative XUV flux [W/m^2]: 4.976680e+19 
(RunawayGreenhouseFlux) Incident flux that triggers runaway greenhouse [kg/sec^3]: 1296.355251 
(RGDuration) Runaway Greenhouse Duration [years]: 0.00000e+00

Output Order: Time[year] CumulativeXUVFlux[W/m^2]
Grid Output Order:
