-------- Log file gj1132.log -------

Executable: /home/vplanet/.local/bin/vplanet
Version: Unknown
System Name: gj1132
Primary Input File: vpl.in
Body File #1: star.in
Body File #2: b.in
Allow files to be overwitten: Yes
Mass Units: Grams
Length Units: Meters
Time Units: Seconds
Angle Units: Radians

------- FORMATTING -----
Verbosity Level: 5
Crossover Decade for Scientific Notation: 4
Number of Digits After Decimal: 6
Integration Method: Runge-Kutta4
Direction: Forward
Time Step: 3.155760e+07
Stop Time: 1.745417e+17
Output Interval: 3.155760e+13
Use Variable Timestep: Yes
dEta: 0.010000
Minimum Value of ecc and obl: 1.000000e-10


---- INITIAL SYSTEM PROPERTIES ----
(Age) System Age [sec]: 1.630635e+14 
(Time) Simulation Time [sec]: 0.000000 
(TotAngMom) Total Angular Momentum [kg*m^2/sec]: 1.447942e+42 
(TotEnergy) Total System Energy [kg*m^2/sec^2]: -1.108744e+40 
(PotEnergy) Body's non-orbital Potential Energy [kg*m^2/sec^2]: -1.113994e+40 
(KinEnergy) Body's non-orbital Kinetic Energy [kg*m^2/sec^2]: 5.256115e+37 
(DeltaTime) Average Timestep Over Last Output Interval [sec]: 0.000000 

----- BODY: star ----
Active Modules: FLARE STELLAR
Module Bit Sum: 577
Color: 000000
(Mass) Mass [kg]: 3.748225e+29 
(Radius) Radius [m]: 5.050378e+08 
(RadGyra) Radius of Gyration/Moment of Inertia Constant []: 0.455979 
(RotAngMom) Rotational Angular Momentum [kg*m^2/sec]: 1.445535e+42 
(RotVel) Rotational Velocity [m/sec]: 3.672739e+04 
(BodyType) Type of Body (0 == planet) []: 0.000000 
(RotRate) Rotational Frequency [/sec]: 7.272205e-05 
(RotPer) Rotational Period [sec]: 8.640000e+04 
(Density) Average Density [kg/m^3]: 694.648719 
(HZLimitDryRunaway) Semi-major axis of Dry Runaway HZ Limit [m]: 3.022160e+10 
(HZLimRecVenus) Recent Venus HZ Limit [m]: 2.708284e+10 
(HZLimRunaway) Runaway Greenhouse HZ Limit [m]: 3.571345e+10 
(HZLimMoistGreenhouse) Moist Greenhouse HZ Limit [m]: 3.583504e+10 
(HZLimMaxGreenhouse) Maximum Greenhouse HZ Limit [m]: 6.814493e+10 
(HZLimEarlyMars) Early Mars HZ Limit [m]: 7.431936e+10 
(Instellation) Orbit-averaged INcident STELLar radiATION [kg/sec^3]: -1.000000 
(CriticalSemiMajorAxis) Holman & Wiegert (1999) P-type Critical Semi-major Axis [m]: -1.000000 
(LXUVTot) Total XUV Luminosity [LSUN]: 7.875094e-05 
(LostEnergy) Body's Total Lost Energy [kg*m^2/sec^2]: 5.562685e-309 
(LostAngMom) Lost Angular Momentum due to Magnetic Braking [kg*m^2/sec]: 5.562685e-309 
(EscapeVelocity) Escape Velocity [m/sec]: 3.147517e+05 
----- STELLAR PARAMETERS (star)------
(Luminosity) Luminosity [LSUN]: 0.049539 
(LXUVStellar) Base X-ray/XUV Luminosity [LSUN]: 7.795140e-05 
(Temperature) Effective Temperature [K]: 3194.937384 
(LXUVFrac) Fraction of luminosity in XUV []: 0.001574 
(RossbyNumber) Rossby Number []: 0.016345 
(DRotPerDtStellar) Time Rate of Change of Rotation Period in STELLAR []: -1.563963e-10 
(WindTorque) Stellar Wind Torque []: 4.519177e+27 
----- FLARE PARAMETERS (star)------
(LXUVFlare) XUV Luminosity from flares [LSUN]: 7.995463e-07 
(FlareFreq1) First value of flare frequency range [/sec]: 3.234137e-05 
(FlareFreq2) Second value of flare frequency range [/sec]: 2.800457e-05 
(FlareFreq3) Third value of flare frequency range [/sec]: 2.424931e-05 
(FlareFreq4) Fourth value of flare frequency range [/sec]: 2.099761e-05 
(FlareFreqMin) Frequency of the flares with the lowest energy [/sec]: 3.234137e-05 
(FlareFreqMid) Frequency of the flares with the middle energy in the energy range [/sec]: 7.664144e-06 
(FlareFreqMax) Frequency of the flares with the highest energy [/sec]: 1.816222e-06 
(FlareEnergy1) First value of flare energy range [kg*m^2/sec^2]: 5.334000e+23 
(FlareEnergy2) Second value of flare energy range [kg*m^2/sec^2]: 6.715108e+23 
(FlareEnergy3) Third value of flare energy range [kg*m^2/sec^2]: 8.453820e+23 
(FlareEnergy4) Fourth value of flare energy range [kg*m^2/sec^2]: 1.064273e+24 
(FlareEnergyMin) Minimum flare energy [kg*m^2/sec^2]: 5.334000e+23 
(FlareEnergyMid) Middle flare energy in the range of energy values [kg*m^2/sec^2]: 5.334000e+24 
(FlareEnergyMax) Maximum flare energy [kg*m^2/sec^2]: 5.334000e+25 
(FlareYIntOUT) Instantaneous Davenport FFD y-intercept at current age and mass []: 19.659735 
(FlareSlopeOUT) Instantaneous Davenport FFD slope at current age and mass []: -0.625295 

Output Order: Time[year] Luminosity[LSUN] LXUVStellar[LSUN] LXUVFlare[LSUN] LXUVTot[LSUN]
Grid Output Order:

----- BODY: b ----
Active Modules: AtmEsc
Module Bit Sum: 9
Color: 000000
(Mass) Mass [kg]: 9.983041e+24 
(Radius) Radius [m]: 7.172786e+06 
(RadGyra) Radius of Gyration/Moment of Inertia Constant []: 0.500000 
(BodyType) Type of Body (0 == planet) []: 0.000000 
(Density) Average Density [kg/m^3]: 6458.185921 
(HZLimitDryRunaway) Semi-major axis of Dry Runaway HZ Limit [m]: 3.022242e+10 
(HZLimRecVenus) Recent Venus HZ Limit [m]: 2.708284e+10 
(HZLimRunaway) Runaway Greenhouse HZ Limit [m]: 3.571345e+10 
(HZLimMoistGreenhouse) Moist Greenhouse HZ Limit [m]: 3.583504e+10 
(HZLimMaxGreenhouse) Maximum Greenhouse HZ Limit [m]: 6.814493e+10 
(HZLimEarlyMars) Early Mars HZ Limit [m]: 7.431936e+10 
(Instellation) Orbit-averaged INcident STELLar radiATION [kg/sec^3]: 2.807265e+05 
(MeanMotion) Orbital Mean Motion [/sec]: 4.464443e-05 
(OrbPeriod) Orbital Period [sec]: 1.407384e+05 
(SemiMajorAxis) Semi-major Axis [m]: 2.323997e+09 
(LXUVTot) Total XUV Luminosity [kg/sec^3]: -1.000000 
(EscapeVelocity) Escape Velocity [m/sec]: 1.363028e+04 
----- ATMESC PARAMETERS (b)------
(SurfWaterMass) Surface water mass [kg]: 0.000000 
(EnvelopeMass) Envelope mass [kg]: 0.000000 
(OxygenMass) Oxygen mass in the atmosphere [kg]: 0.000000 
(RGLimit) Runaway greenhouse semi-major axis [m]: 3.422383e+10 
(XO) Atomic oxygen mixing ratio in upper atmosphere []: 0.000000 
(EtaO) Oxygen eta parameter (Luger and Barnes 2015) []: 0.000000 
(PlanetRadius) Planet radius [m]: 7.172786e+06 
(OxygenMantleMass) Mass of oxygen in mantle [kg]: 0.000000 
(RadXUV) XUV radius separating hydro. dyn. escape and equilibrium [m]: -1.000000 
(RadSolid) Radius to the solid surface [m]: -1.000000 
(PresXUV) Pressure at base of thermosphere [(null)]: 5.000000 
(ScaleHeight) Scale height in Lehmer & Catling (2016) model [m]: -1.000000 
(ThermTemp) Isothermal atmospheric temperature [K]: 400.000000 
(AtmGasConst) Atmospheric gas constant [(null)]: 4124.000000 
(PresSurf) Surface pressure due to atmosphere [Pa]: -1.000000 
(DEnvMassDt) Envelope Mass Loss Rate [kg/s]: 0.000000 
(FXUV) XUV flux [W/m^2]: 446.268015 
(AtmXAbsEffH2O) XUV atmospheric escape efficiency for H2O []: 0.300000 
(RocheRadius) Roche Lobe Radius [m]: 4.812170e+07 
(BondiRadius) Bondi Radius [m]: 3.404405e+08 
(HEscapeRegime) Integer flag for H envelope escape regime []: 8.000000 
(RRCriticalFlux) Critical XUV Flux that separates RR and energy-limited escape [W/m^2]: 63.877522 
(CrossoverMass) Crossover mass, defines oxygen is escaping if mc > mo [kg]: 0.000000 
(WaterEscapeRegime) What water escape regime the code is currently in []: 8.000000 
(FXUVCRITDRAG) Critical Drag XUV flux [W/m^2]: 0.523286 
(HREFFLUX) The Hydrogen Reference Flux (m^-2 s^-1) [m^-2 s^-1]: 2.788741e+20 
(XO2) Molecular oxygen mixing ratio in atmosphere []: 0.000000 
(XH2O) Water mixing ratio in upper atmosphere []: 0.000000 
(HDiffFlux) The Hydrogen Diffusion Flux (m^-2 s^-1) [m^-2 s^-1]: 2.507696e+17 
(HRefODragMod) Multiply by H ref flux to get flux with drag []: 1.000000 
(KTide) Mass loss enhancement due to stellar gravity []: 0.778073 
(CumulativeXUVFlux) Cumulative XUV flux [W/m^2]: 0.000000 
(RunawayGreenhouseFlux) Incident flux that triggers runaway greenhouse [kg/sec^3]: 1294.415803 
(RGDuration) Runaway Greenhouse Duration [years]: 0.00000e+00

Output Order: Time[year] CumulativeXUVFlux[W/m^2]
Grid Output Order:



---- FINAL SYSTEM PROPERTIES ----
(Age) System Age [sec]: 1.747081e+17 
(Time) Simulation Time [sec]: 1.745450e+17 
(TotAngMom) Total Angular Momentum [kg*m^2/sec]: 1.452652e+42 
(TotEnergy) Total System Energy [kg*m^2/sec^2]: -1.107234e+40 
(PotEnergy) Body's non-orbital Potential Energy [kg*m^2/sec^2]: -3.973009e+40 
(KinEnergy) Body's non-orbital Kinetic Energy [kg*m^2/sec^2]: 7.902818e+32 
(DeltaTime) Average Timestep Over Last Output Interval [sec]: 1.577880e+13 

----- BODY: star ----
Active Modules: FLARE STELLAR
Module Bit Sum: 577
Color: 000000
(Mass) Mass [kg]: 3.748225e+29 
(Radius) Radius [m]: 1.416079e+08 
(RadGyra) Radius of Gyration/Moment of Inertia Constant []: 0.460651 
(RotAngMom) Rotational Angular Momentum [kg*m^2/sec]: 1.587737e+39 
(RotVel) Rotational Velocity [m/sec]: 140.968055 
(BodyType) Type of Body (0 == planet) []: 0.000000 
(RotRate) Rotational Frequency [/sec]: 9.954819e-07 
(RotPer) Rotational Period [sec]: 6.311702e+06 
(Density) Average Density [kg/m^3]: 3.151193e+04 
(HZLimitDryRunaway) Semi-major axis of Dry Runaway HZ Limit [m]: 8.682965e+09 
(HZLimRecVenus) Recent Venus HZ Limit [m]: 7.776082e+09 
(HZLimRunaway) Runaway Greenhouse HZ Limit [m]: 1.025724e+10 
(HZLimMoistGreenhouse) Moist Greenhouse HZ Limit [m]: 1.028903e+10 
(HZLimMaxGreenhouse) Maximum Greenhouse HZ Limit [m]: 1.954064e+10 
(HZLimEarlyMars) Early Mars HZ Limit [m]: 2.131121e+10 
(Instellation) Orbit-averaged INcident STELLar radiATION [kg/sec^3]: -1.000000 
(CriticalSemiMajorAxis) Holman & Wiegert (1999) P-type Critical Semi-major Axis [m]: -1.000000 
(LXUVTot) Total XUV Luminosity [LSUN]: 4.863710e-07 
(LostEnergy) Body's Total Lost Energy [kg*m^2/sec^2]: 2.865781e+40 
(LostAngMom) Lost Angular Momentum due to Magnetic Braking [kg*m^2/sec]: 1.448657e+42 
(EscapeVelocity) Escape Velocity [m/sec]: 5.944103e+05 
----- STELLAR PARAMETERS (star)------
(Luminosity) Luminosity [LSUN]: 0.004089 
(LXUVStellar) Base X-ray/XUV Luminosity [LSUN]: 9.576400e-08 
(Temperature) Effective Temperature [K]: 3228.884359 
(LXUVFrac) Fraction of luminosity in XUV []: 2.341841e-05 
(RossbyNumber) Rossby Number []: 1.214956 
(DRotPerDtStellar) Time Rate of Change of Rotation Period in STELLAR []: 2.457874e-11 
(WindTorque) Stellar Wind Torque []: 6.280767e+21 
----- FLARE PARAMETERS (star)------
(LXUVFlare) XUV Luminosity from flares [LSUN]: 3.906014e-07 
(FlareFreq1) First value of flare frequency range [/sec]: 8.182825e-05 
(FlareFreq2) Second value of flare frequency range [/sec]: 6.390401e-05 
(FlareFreq3) Third value of flare frequency range [/sec]: 4.990602e-05 
(FlareFreq4) Fourth value of flare frequency range [/sec]: 3.897425e-05 
(FlareFreqMin) Frequency of the flares with the lowest energy [/sec]: 8.182825e-05 
(FlareFreqMid) Frequency of the flares with the middle energy in the energy range [/sec]: 6.904809e-06 
(FlareFreqMax) Frequency of the flares with the highest energy [/sec]: 5.826397e-07 
(FlareEnergy1) First value of flare energy range [kg*m^2/sec^2]: 5.334000e+23 
(FlareEnergy2) Second value of flare energy range [kg*m^2/sec^2]: 6.715108e+23 
(FlareEnergy3) Third value of flare energy range [kg*m^2/sec^2]: 8.453820e+23 
(FlareEnergy4) Fourth value of flare energy range [kg*m^2/sec^2]: 1.064273e+24 
(FlareEnergyMin) Minimum flare energy [kg*m^2/sec^2]: 5.334000e+23 
(FlareEnergyMid) Middle flare energy in the range of energy values [kg*m^2/sec^2]: 5.334000e+24 
(FlareEnergyMax) Maximum flare energy [kg*m^2/sec^2]: 5.334000e+25 
(FlareYIntOUT) Instantaneous Davenport FFD y-intercept at current age and mass []: 33.842639 
(FlareSlopeOUT) Instantaneous Davenport FFD slope at current age and mass []: -1.073752 

Output Order: Time[year] Luminosity[LSUN] LXUVStellar[LSUN] LXUVFlare[LSUN] LXUVTot[LSUN]
Grid Output Order:

----- BODY: b ----
Active Modules: AtmEsc
Module Bit Sum: 9
Color: 000000
(Mass) Mass [kg]: 9.983041e+24 
(Radius) Radius [m]: 7.172786e+06 
(RadGyra) Radius of Gyration/Moment of Inertia Constant []: 0.500000 
(BodyType) Type of Body (0 == planet) []: 0.000000 
(Density) Average Density [kg/m^3]: 6458.185921 
(HZLimitDryRunaway) Semi-major axis of Dry Runaway HZ Limit [m]: 8.683202e+09 
(HZLimRecVenus) Recent Venus HZ Limit [m]: 7.776082e+09 
(HZLimRunaway) Runaway Greenhouse HZ Limit [m]: 1.025724e+10 
(HZLimMoistGreenhouse) Moist Greenhouse HZ Limit [m]: 1.028903e+10 
(HZLimMaxGreenhouse) Maximum Greenhouse HZ Limit [m]: 1.954064e+10 
(HZLimEarlyMars) Early Mars HZ Limit [m]: 2.131121e+10 
(Instellation) Orbit-averaged INcident STELLar radiATION [kg/sec^3]: 2.317313e+04 
(MeanMotion) Orbital Mean Motion [/sec]: 4.464443e-05 
(OrbPeriod) Orbital Period [sec]: 1.407384e+05 
(SemiMajorAxis) Semi-major Axis [m]: 2.323997e+09 
(LXUVTot) Total XUV Luminosity [kg/sec^3]: -1.000000 
(EscapeVelocity) Escape Velocity [m/sec]: 1.363028e+04 
----- ATMESC PARAMETERS (b)------
(SurfWaterMass) Surface water mass [kg]: 0.000000 
(EnvelopeMass) Envelope mass [kg]: 0.000000 
(OxygenMass) Oxygen mass in the atmosphere [kg]: 0.000000 
(RGLimit) Runaway greenhouse semi-major axis [m]: 9.829517e+09 
(XO) Atomic oxygen mixing ratio in upper atmosphere []: 0.000000 
(EtaO) Oxygen eta parameter (Luger and Barnes 2015) []: 0.000000 
(PlanetRadius) Planet radius [m]: 7.172786e+06 
(OxygenMantleMass) Mass of oxygen in mantle [kg]: 0.000000 
(RadXUV) XUV radius separating hydro. dyn. escape and equilibrium [m]: -1.000000 
(RadSolid) Radius to the solid surface [m]: -1.000000 
(PresXUV) Pressure at base of thermosphere [(null)]: 5.000000 
(ScaleHeight) Scale height in Lehmer & Catling (2016) model [m]: -1.000000 
(ThermTemp) Isothermal atmospheric temperature [K]: 400.000000 
(AtmGasConst) Atmospheric gas constant [(null)]: 4124.000000 
(PresSurf) Surface pressure due to atmosphere [Pa]: -1.000000 
(DEnvMassDt) Envelope Mass Loss Rate [kg/s]: 0.000000 
(FXUV) XUV flux [W/m^2]: 2.756181 
(AtmXAbsEffH2O) XUV atmospheric escape efficiency for H2O []: 0.300000 
(RocheRadius) Roche Lobe Radius [m]: 4.812170e+07 
(BondiRadius) Bondi Radius [m]: 6.361644e+08 
(HEscapeRegime) Integer flag for H envelope escape regime []: 8.000000 
(RRCriticalFlux) Critical XUV Flux that separates RR and energy-limited escape [W/m^2]: 63.877522 
(CrossoverMass) Crossover mass, defines oxygen is escaping if mc > mo [kg]: 0.000000 
(WaterEscapeRegime) What water escape regime the code is currently in []: 8.000000 
(FXUVCRITDRAG) Critical Drag XUV flux [W/m^2]: 0.523286 
(HREFFLUX) The Hydrogen Reference Flux (m^-2 s^-1) [m^-2 s^-1]: 1.722345e+18 
(XO2) Molecular oxygen mixing ratio in atmosphere []: 0.000000 
(XH2O) Water mixing ratio in upper atmosphere []: 0.000000 
(HDiffFlux) The Hydrogen Diffusion Flux (m^-2 s^-1) [m^-2 s^-1]: 2.507696e+17 
(HRefODragMod) Multiply by H ref flux to get flux with drag []: 1.000000 
(KTide) Mass loss enhancement due to stellar gravity []: 0.778073 
(CumulativeXUVFlux) Cumulative XUV flux [W/m^2]: 1.747226e+18 
(RunawayGreenhouseFlux) Incident flux that triggers runaway greenhouse [kg/sec^3]: 1295.292799 
(RGDuration) Runaway Greenhouse Duration [years]: 0.00000e+00

Output Order: Time[year] CumulativeXUVFlux[W/m^2]
Grid Output Order:
