-------- Log file gj1132.log -------

Executable: /home/vplanet/.local/bin/vplanet
Version: Unknown
System Name: gj1132
Primary Input File: vpl.in
Body File #1: star.in
Body File #2: b.in
Allow files to be overwitten: Yes
Mass Units: Grams
Length Units: Meters
Time Units: Seconds
Angle Units: Radians

------- FORMATTING -----
Verbosity Level: 5
Crossover Decade for Scientific Notation: 4
Number of Digits After Decimal: 6
Integration Method: Runge-Kutta4
Direction: Forward
Time Step: 3.155760e+07
Stop Time: 2.123973e+17
Output Interval: 3.155760e+13
Use Variable Timestep: Yes
dEta: 0.010000
Minimum Value of ecc and obl: 1.000000e-10


---- INITIAL SYSTEM PROPERTIES ----
(Age) System Age [sec]: 1.915106e+14 
(Time) Simulation Time [sec]: 0.000000 
(TotAngMom) Total Angular Momentum [kg*m^2/sec]: 1.296102e+42 
(TotEnergy) Total System Energy [kg*m^2/sec^2]: -1.188941e+40 
(PotEnergy) Body's non-orbital Potential Energy [kg*m^2/sec^2]: -1.193639e+40 
(KinEnergy) Body's non-orbital Kinetic Energy [kg*m^2/sec^2]: 4.703961e+37 
(DeltaTime) Average Timestep Over Last Output Interval [sec]: 0.000000 

----- BODY: star ----
Active Modules: FLARE STELLAR
Module Bit Sum: 577
Color: 000000
(Mass) Mass [kg]: 3.766459e+29 
(Radius) Radius [m]: 4.759365e+08 
(RadGyra) Radius of Gyration/Moment of Inertia Constant []: 0.456631 
(RotAngMom) Rotational Angular Momentum [kg*m^2/sec]: 1.293682e+42 
(RotVel) Rotational Velocity [m/sec]: 3.461108e+04 
(BodyType) Type of Body (0 == planet) []: 0.000000 
(RotRate) Rotational Frequency [/sec]: 7.272205e-05 
(RotPer) Rotational Period [sec]: 8.640000e+04 
(Density) Average Density [kg/m^3]: 834.060407 
(HZLimitDryRunaway) Semi-major axis of Dry Runaway HZ Limit [m]: 2.865255e+10 
(HZLimRecVenus) Recent Venus HZ Limit [m]: 2.567192e+10 
(HZLimRunaway) Runaway Greenhouse HZ Limit [m]: 3.385588e+10 
(HZLimMoistGreenhouse) Moist Greenhouse HZ Limit [m]: 3.396817e+10 
(HZLimMaxGreenhouse) Maximum Greenhouse HZ Limit [m]: 6.457069e+10 
(HZLimEarlyMars) Early Mars HZ Limit [m]: 7.042131e+10 
(Instellation) Orbit-averaged INcident STELLar radiATION [kg/sec^3]: -1.000000 
(CriticalSemiMajorAxis) Holman & Wiegert (1999) P-type Critical Semi-major Axis [m]: -1.000000 
(LXUVTot) Total XUV Luminosity [LSUN]: 0.000291 
(LostEnergy) Body's Total Lost Energy [kg*m^2/sec^2]: 5.562685e-309 
(LostAngMom) Lost Angular Momentum due to Magnetic Braking [kg*m^2/sec]: 5.562685e-309 
(EscapeVelocity) Escape Velocity [m/sec]: 3.250194e+05 
----- STELLAR PARAMETERS (star)------
(Luminosity) Luminosity [LSUN]: 0.044528 
(LXUVStellar) Base X-ray/XUV Luminosity [LSUN]: 0.000281 
(Temperature) Effective Temperature [K]: 3204.762489 
(LXUVFrac) Fraction of luminosity in XUV []: 0.006305 
(RossbyNumber) Rossby Number []: 0.016427 
(DRotPerDtStellar) Time Rate of Change of Rotation Period in STELLAR []: -1.279352e-10 
(WindTorque) Stellar Wind Torque []: 3.282375e+27 
----- FLARE PARAMETERS (star)------
(LXUVFlare) XUV Luminosity from flares [LSUN]: 1.049403e-05 
(FlareFreq1) First value of flare frequency range [/sec]: 1.794690e-06 
(FlareFreq2) Second value of flare frequency range [/sec]: 1.438183e-06 
(FlareFreq3) Third value of flare frequency range [/sec]: 1.152495e-06 
(FlareFreq4) Fourth value of flare frequency range [/sec]: 9.235572e-07 
(FlareFreqMin) Frequency of the flares with the lowest energy [/sec]: 1.794690e-06 
(FlareFreqMid) Frequency of the flares with the middle energy in the energy range [/sec]: 1.959916e-07 
(FlareFreqMax) Frequency of the flares with the highest energy [/sec]: 2.140353e-08 
(FlareEnergy1) First value of flare energy range [kg*m^2/sec^2]: 5.334000e+25 
(FlareEnergy2) Second value of flare energy range [kg*m^2/sec^2]: 7.534475e+25 
(FlareEnergy3) Third value of flare energy range [kg*m^2/sec^2]: 1.064273e+26 
(FlareEnergy4) Fourth value of flare energy range [kg*m^2/sec^2]: 1.503325e+26 
(FlareEnergyMin) Minimum flare energy [kg*m^2/sec^2]: 5.334000e+25 
(FlareEnergyMid) Middle flare energy in the range of energy values [kg*m^2/sec^2]: 1.686759e+27 
(FlareEnergyMax) Maximum flare energy [kg*m^2/sec^2]: 5.334000e+28 
(FlareYIntOUT) Instantaneous Davenport FFD y-intercept at current age and mass []: 20.174042 
(FlareSlopeOUT) Instantaneous Davenport FFD slope at current age and mass []: -0.641168 

Output Order: Time[year] Luminosity[LSUN] LXUVStellar[LSUN] LXUVFlare[LSUN] LXUVTot[LSUN]
Grid Output Order:

----- BODY: b ----
Active Modules: AtmEsc
Module Bit Sum: 9
Color: 000000
(Mass) Mass [kg]: 1.000414e+25 
(Radius) Radius [m]: 7.166938e+06 
(RadGyra) Radius of Gyration/Moment of Inertia Constant []: 0.500000 
(BodyType) Type of Body (0 == planet) []: 0.000000 
(Density) Average Density [kg/m^3]: 6487.694506 
(HZLimitDryRunaway) Semi-major axis of Dry Runaway HZ Limit [m]: 2.865327e+10 
(HZLimRecVenus) Recent Venus HZ Limit [m]: 2.567192e+10 
(HZLimRunaway) Runaway Greenhouse HZ Limit [m]: 3.385588e+10 
(HZLimMoistGreenhouse) Moist Greenhouse HZ Limit [m]: 3.396817e+10 
(HZLimMaxGreenhouse) Maximum Greenhouse HZ Limit [m]: 6.457069e+10 
(HZLimEarlyMars) Early Mars HZ Limit [m]: 7.042131e+10 
(Instellation) Orbit-averaged INcident STELLar radiATION [kg/sec^3]: 2.515195e+05 
(MeanMotion) Orbital Mean Motion [/sec]: 4.464463e-05 
(OrbPeriod) Orbital Period [sec]: 1.407378e+05 
(SemiMajorAxis) Semi-major Axis [m]: 2.327753e+09 
(LXUVTot) Total XUV Luminosity [kg/sec^3]: -1.000000 
(EscapeVelocity) Escape Velocity [m/sec]: 1.365024e+04 
----- ATMESC PARAMETERS (b)------
(SurfWaterMass) Surface water mass [kg]: 0.000000 
(EnvelopeMass) Envelope mass [kg]: 0.000000 
(OxygenMass) Oxygen mass in the atmosphere [kg]: 0.000000 
(RGLimit) Runaway greenhouse semi-major axis [m]: 3.244229e+10 
(XO) Atomic oxygen mixing ratio in upper atmosphere []: 0.000000 
(EtaO) Oxygen eta parameter (Luger and Barnes 2015) []: 0.000000 
(PlanetRadius) Planet radius [m]: 7.166938e+06 
(OxygenMantleMass) Mass of oxygen in mantle [kg]: 0.000000 
(RadXUV) XUV radius separating hydro. dyn. escape and equilibrium [m]: -1.000000 
(RadSolid) Radius to the solid surface [m]: -1.000000 
(PresXUV) Pressure at base of thermosphere [(null)]: 5.000000 
(ScaleHeight) Scale height in Lehmer & Catling (2016) model [m]: -1.000000 
(ThermTemp) Isothermal atmospheric temperature [K]: 400.000000 
(AtmGasConst) Atmospheric gas constant [(null)]: 4124.000000 
(PresSurf) Surface pressure due to atmosphere [Pa]: -1.000000 
(DEnvMassDt) Envelope Mass Loss Rate [kg/s]: 0.000000 
(FXUV) XUV flux [W/m^2]: 1645.133867 
(AtmXAbsEffH2O) XUV atmospheric escape efficiency for H2O []: 0.300000 
(RocheRadius) Roche Lobe Radius [m]: 4.815544e+07 
(BondiRadius) Bondi Radius [m]: 3.500754e+08 
(HEscapeRegime) Integer flag for H envelope escape regime []: 8.000000 
(RRCriticalFlux) Critical XUV Flux that separates RR and energy-limited escape [W/m^2]: 64.359810 
(CrossoverMass) Crossover mass, defines oxygen is escaping if mc > mo [kg]: 0.000000 
(WaterEscapeRegime) What water escape regime the code is currently in []: 8.000000 
(FXUVCRITDRAG) Critical Drag XUV flux [W/m^2]: 0.526789 
(HREFFLUX) The Hydrogen Reference Flux (m^-2 s^-1) [m^-2 s^-1]: 1.024607e+21 
(XO2) Molecular oxygen mixing ratio in atmosphere []: 0.000000 
(XH2O) Water mixing ratio in upper atmosphere []: 0.000000 
(HDiffFlux) The Hydrogen Diffusion Flux (m^-2 s^-1) [m^-2 s^-1]: 2.517100e+17 
(HRefODragMod) Multiply by H ref flux to get flux with drag []: 1.000000 
(KTide) Mass loss enhancement due to stellar gravity []: 0.778404 
(CumulativeXUVFlux) Cumulative XUV flux [W/m^2]: 0.000000 
(RunawayGreenhouseFlux) Incident flux that triggers runaway greenhouse [kg/sec^3]: 1294.794602 
(RGDuration) Runaway Greenhouse Duration [years]: 0.00000e+00

Output Order: Time[year] CumulativeXUVFlux[W/m^2]
Grid Output Order:



---- FINAL SYSTEM PROPERTIES ----
(Age) System Age [sec]: 2.125891e+17 
(Time) Simulation Time [sec]: 2.123976e+17 
(TotAngMom) Total Angular Momentum [kg*m^2/sec]: 1.297412e+42 
(TotEnergy) Total System Energy [kg*m^2/sec^2]: -1.187190e+40 
(PotEnergy) Body's non-orbital Potential Energy [kg*m^2/sec^2]: -3.997235e+40 
(KinEnergy) Body's non-orbital Kinetic Energy [kg*m^2/sec^2]: 6.268693e+32 
(DeltaTime) Average Timestep Over Last Output Interval [sec]: 2.868873e+12 

----- BODY: star ----
Active Modules: FLARE STELLAR
Module Bit Sum: 577
Color: 000000
(Mass) Mass [kg]: 3.766459e+29 
(Radius) Radius [m]: 1.421224e+08 
(RadGyra) Radius of Gyration/Moment of Inertia Constant []: 0.460566 
(RotAngMom) Rotational Angular Momentum [kg*m^2/sec]: 1.422409e+39 
(RotVel) Rotational Velocity [m/sec]: 125.269434 
(BodyType) Type of Body (0 == planet) []: 0.000000 
(RotRate) Rotational Frequency [/sec]: 8.814194e-07 
(RotPer) Rotational Period [sec]: 7.128485e+06 
(Density) Average Density [kg/m^3]: 3.132255e+04 
(HZLimitDryRunaway) Semi-major axis of Dry Runaway HZ Limit [m]: 8.745304e+09 
(HZLimRecVenus) Recent Venus HZ Limit [m]: 7.831426e+09 
(HZLimRunaway) Runaway Greenhouse HZ Limit [m]: 1.033053e+10 
(HZLimMoistGreenhouse) Moist Greenhouse HZ Limit [m]: 1.036226e+10 
(HZLimMaxGreenhouse) Maximum Greenhouse HZ Limit [m]: 1.967733e+10 
(HZLimEarlyMars) Early Mars HZ Limit [m]: 2.146029e+10 
(Instellation) Orbit-averaged INcident STELLar radiATION [kg/sec^3]: -1.000000 
(CriticalSemiMajorAxis) Holman & Wiegert (1999) P-type Critical Semi-major Axis [m]: -1.000000 
(LXUVTot) Total XUV Luminosity [LSUN]: 1.312179e-06 
(LostEnergy) Body's Total Lost Energy [kg*m^2/sec^2]: 2.810050e+40 
(LostAngMom) Lost Angular Momentum due to Magnetic Braking [kg*m^2/sec]: 1.293569e+42 
(EscapeVelocity) Escape Velocity [m/sec]: 5.947748e+05 
----- STELLAR PARAMETERS (star)------
(Luminosity) Luminosity [LSUN]: 0.004148 
(LXUVStellar) Base X-ray/XUV Luminosity [LSUN]: 9.539708e-07 
(Temperature) Effective Temperature [K]: 3232.057701 
(LXUVFrac) Fraction of luminosity in XUV []: 0.000230 
(RossbyNumber) Rossby Number []: 1.374412 
(DRotPerDtStellar) Time Rate of Change of Rotation Period in STELLAR []: 1.835912e-11 
(WindTorque) Stellar Wind Torque []: 3.473399e+21 
----- FLARE PARAMETERS (star)------
(LXUVFlare) XUV Luminosity from flares [LSUN]: 3.582078e-07 
(FlareFreq1) First value of flare frequency range [/sec]: 5.666948e-07 
(FlareFreq2) Second value of flare frequency range [/sec]: 3.891306e-07 
(FlareFreq3) Third value of flare frequency range [/sec]: 2.672031e-07 
(FlareFreq4) Fourth value of flare frequency range [/sec]: 1.834795e-07 
(FlareFreqMin) Frequency of the flares with the lowest energy [/sec]: 5.666948e-07 
(FlareFreqMid) Frequency of the flares with the middle energy in the energy range [/sec]: 1.320719e-08 
(FlareFreqMax) Frequency of the flares with the highest energy [/sec]: 3.078020e-10 
(FlareEnergy1) First value of flare energy range [kg*m^2/sec^2]: 5.334000e+25 
(FlareEnergy2) Second value of flare energy range [kg*m^2/sec^2]: 7.534475e+25 
(FlareEnergy3) Third value of flare energy range [kg*m^2/sec^2]: 1.064273e+26 
(FlareEnergy4) Fourth value of flare energy range [kg*m^2/sec^2]: 1.503325e+26 
(FlareEnergyMin) Minimum flare energy [kg*m^2/sec^2]: 5.334000e+25 
(FlareEnergyMid) Middle flare energy in the range of energy values [kg*m^2/sec^2]: 1.686759e+27 
(FlareEnergyMax) Maximum flare energy [kg*m^2/sec^2]: 5.334000e+28 
(FlareYIntOUT) Instantaneous Davenport FFD y-intercept at current age and mass []: 34.308654 
(FlareSlopeOUT) Instantaneous Davenport FFD slope at current age and mass []: -1.088359 

Output Order: Time[year] Luminosity[LSUN] LXUVStellar[LSUN] LXUVFlare[LSUN] LXUVTot[LSUN]
Grid Output Order:

----- BODY: b ----
Active Modules: AtmEsc
Module Bit Sum: 9
Color: 000000
(Mass) Mass [kg]: 1.000414e+25 
(Radius) Radius [m]: 7.166938e+06 
(RadGyra) Radius of Gyration/Moment of Inertia Constant []: 0.500000 
(BodyType) Type of Body (0 == planet) []: 0.000000 
(Density) Average Density [kg/m^3]: 6487.694506 
(HZLimitDryRunaway) Semi-major axis of Dry Runaway HZ Limit [m]: 8.745522e+09 
(HZLimRecVenus) Recent Venus HZ Limit [m]: 7.831426e+09 
(HZLimRunaway) Runaway Greenhouse HZ Limit [m]: 1.033053e+10 
(HZLimMoistGreenhouse) Moist Greenhouse HZ Limit [m]: 1.036226e+10 
(HZLimMaxGreenhouse) Maximum Greenhouse HZ Limit [m]: 1.967733e+10 
(HZLimEarlyMars) Early Mars HZ Limit [m]: 2.146029e+10 
(Instellation) Orbit-averaged INcident STELLar radiATION [kg/sec^3]: 2.343122e+04 
(MeanMotion) Orbital Mean Motion [/sec]: 4.464463e-05 
(OrbPeriod) Orbital Period [sec]: 1.407378e+05 
(SemiMajorAxis) Semi-major Axis [m]: 2.327753e+09 
(LXUVTot) Total XUV Luminosity [kg/sec^3]: -1.000000 
(EscapeVelocity) Escape Velocity [m/sec]: 1.365024e+04 
----- ATMESC PARAMETERS (b)------
(SurfWaterMass) Surface water mass [kg]: 0.000000 
(EnvelopeMass) Envelope mass [kg]: 0.000000 
(OxygenMass) Oxygen mass in the atmosphere [kg]: 0.000000 
(RGLimit) Runaway greenhouse semi-major axis [m]: 9.899301e+09 
(XO) Atomic oxygen mixing ratio in upper atmosphere []: 0.000000 
(EtaO) Oxygen eta parameter (Luger and Barnes 2015) []: 0.000000 
(PlanetRadius) Planet radius [m]: 7.166938e+06 
(OxygenMantleMass) Mass of oxygen in mantle [kg]: 0.000000 
(RadXUV) XUV radius separating hydro. dyn. escape and equilibrium [m]: -1.000000 
(RadSolid) Radius to the solid surface [m]: -1.000000 
(PresXUV) Pressure at base of thermosphere [(null)]: 5.000000 
(ScaleHeight) Scale height in Lehmer & Catling (2016) model [m]: -1.000000 
(ThermTemp) Isothermal atmospheric temperature [K]: 400.000000 
(AtmGasConst) Atmospheric gas constant [(null)]: 4124.000000 
(PresSurf) Surface pressure due to atmosphere [Pa]: -1.000000 
(DEnvMassDt) Envelope Mass Loss Rate [kg/s]: 0.000000 
(FXUV) XUV flux [W/m^2]: 7.411900 
(AtmXAbsEffH2O) XUV atmospheric escape efficiency for H2O []: 0.300000 
(RocheRadius) Roche Lobe Radius [m]: 4.815544e+07 
(BondiRadius) Bondi Radius [m]: 6.352162e+08 
(HEscapeRegime) Integer flag for H envelope escape regime []: 8.000000 
(RRCriticalFlux) Critical XUV Flux that separates RR and energy-limited escape [W/m^2]: 64.359810 
(CrossoverMass) Crossover mass, defines oxygen is escaping if mc > mo [kg]: 0.000000 
(WaterEscapeRegime) What water escape regime the code is currently in []: 8.000000 
(FXUVCRITDRAG) Critical Drag XUV flux [W/m^2]: 0.526789 
(HREFFLUX) The Hydrogen Reference Flux (m^-2 s^-1) [m^-2 s^-1]: 4.616212e+18 
(XO2) Molecular oxygen mixing ratio in atmosphere []: 0.000000 
(XH2O) Water mixing ratio in upper atmosphere []: 0.000000 
(HDiffFlux) The Hydrogen Diffusion Flux (m^-2 s^-1) [m^-2 s^-1]: 2.517100e+17 
(HRefODragMod) Multiply by H ref flux to get flux with drag []: 1.000000 
(KTide) Mass loss enhancement due to stellar gravity []: 0.778404 
(CumulativeXUVFlux) Cumulative XUV flux [W/m^2]: 6.972541e+18 
(RunawayGreenhouseFlux) Incident flux that triggers runaway greenhouse [kg/sec^3]: 1295.501514 
(RGDuration) Runaway Greenhouse Duration [years]: 0.00000e+00

Output Order: Time[year] CumulativeXUVFlux[W/m^2]
Grid Output Order:
