-------- Log file gj1132.log -------

Executable: /home/vplanet/.local/bin/vplanet
Version: Unknown
System Name: gj1132
Primary Input File: vpl.in
Body File #1: star.in
Body File #2: b.in
Allow files to be overwitten: Yes
Mass Units: Grams
Length Units: Meters
Time Units: Seconds
Angle Units: Radians

------- FORMATTING -----
Verbosity Level: 5
Crossover Decade for Scientific Notation: 4
Number of Digits After Decimal: 6
Integration Method: Runge-Kutta4
Direction: Forward
Time Step: 3.155760e+07
Stop Time: 2.040529e+17
Output Interval: 3.155760e+13
Use Variable Timestep: Yes
dEta: 0.010000
Minimum Value of ecc and obl: 1.000000e-10


---- INITIAL SYSTEM PROPERTIES ----
(Age) System Age [sec]: 9.733100e+13 
(Time) Simulation Time [sec]: 0.000000 
(TotAngMom) Total Angular Momentum [kg*m^2/sec]: 2.292389e+42 
(TotEnergy) Total System Energy [kg*m^2/sec^2]: -9.660802e+39 
(PotEnergy) Body's non-orbital Potential Energy [kg*m^2/sec^2]: -9.744015e+39 
(KinEnergy) Body's non-orbital Kinetic Energy [kg*m^2/sec^2]: 8.326699e+37 
(DeltaTime) Average Timestep Over Last Output Interval [sec]: 0.000000 

----- BODY: star ----
Active Modules: FLARE STELLAR
Module Bit Sum: 577
Color: 000000
(Mass) Mass [kg]: 3.905280e+29 
(Radius) Radius [m]: 6.267901e+08 
(RadGyra) Radius of Gyration/Moment of Inertia Constant []: 0.453041 
(RotAngMom) Rotational Angular Momentum [kg*m^2/sec]: 2.290007e+42 
(RotVel) Rotational Velocity [m/sec]: 4.558146e+04 
(BodyType) Type of Body (0 == planet) []: 0.000000 
(RotRate) Rotational Frequency [/sec]: 7.272205e-05 
(RotPer) Rotational Period [sec]: 8.640000e+04 
(Density) Average Density [kg/m^3]: 378.614471 
(HZLimitDryRunaway) Semi-major axis of Dry Runaway HZ Limit [m]: 3.716435e+10 
(HZLimRecVenus) Recent Venus HZ Limit [m]: 3.331268e+10 
(HZLimRunaway) Runaway Greenhouse HZ Limit [m]: 4.392358e+10 
(HZLimMoistGreenhouse) Moist Greenhouse HZ Limit [m]: 4.407815e+10 
(HZLimMaxGreenhouse) Maximum Greenhouse HZ Limit [m]: 8.386122e+10 
(HZLimEarlyMars) Early Mars HZ Limit [m]: 9.145959e+10 
(Instellation) Orbit-averaged INcident STELLar radiATION [kg/sec^3]: -1.000000 
(CriticalSemiMajorAxis) Holman & Wiegert (1999) P-type Critical Semi-major Axis [m]: -1.000000 
(LXUVTot) Total XUV Luminosity [LSUN]: 0.000230 
(LostEnergy) Body's Total Lost Energy [kg*m^2/sec^2]: 5.562685e-309 
(LostAngMom) Lost Angular Momentum due to Magnetic Braking [kg*m^2/sec]: 5.562685e-309 
(EscapeVelocity) Escape Velocity [m/sec]: 2.883914e+05 
----- STELLAR PARAMETERS (star)------
(Luminosity) Luminosity [LSUN]: 0.074914 
(LXUVStellar) Base X-ray/XUV Luminosity [LSUN]: 0.000229 
(Temperature) Effective Temperature [K]: 3182.077591 
(LXUVFrac) Fraction of luminosity in XUV []: 0.003057 
(RossbyNumber) Rossby Number []: 0.016237 
(DRotPerDtStellar) Time Rate of Change of Rotation Period in STELLAR []: -1.417011e-10 
(WindTorque) Stellar Wind Torque []: 1.391336e+28 
----- FLARE PARAMETERS (star)------
(LXUVFlare) XUV Luminosity from flares [LSUN]: 8.670550e-07 
(FlareFreq1) First value of flare frequency range [/sec]: 3.090480e-05 
(FlareFreq2) Second value of flare frequency range [/sec]: 2.695479e-05 
(FlareFreq3) Third value of flare frequency range [/sec]: 2.350964e-05 
(FlareFreq4) Fourth value of flare frequency range [/sec]: 2.050482e-05 
(FlareFreqMin) Frequency of the flares with the lowest energy [/sec]: 3.090480e-05 
(FlareFreqMid) Frequency of the flares with the middle energy in the energy range [/sec]: 7.872747e-06 
(FlareFreqMax) Frequency of the flares with the highest energy [/sec]: 2.005519e-06 
(FlareEnergy1) First value of flare energy range [kg*m^2/sec^2]: 5.334000e+23 
(FlareEnergy2) Second value of flare energy range [kg*m^2/sec^2]: 6.715108e+23 
(FlareEnergy3) Third value of flare energy range [kg*m^2/sec^2]: 8.453820e+23 
(FlareEnergy4) Fourth value of flare energy range [kg*m^2/sec^2]: 1.064273e+24 
(FlareEnergyMin) Minimum flare energy [kg*m^2/sec^2]: 5.334000e+23 
(FlareEnergyMid) Middle flare energy in the range of energy values [kg*m^2/sec^2]: 5.334000e+24 
(FlareEnergyMax) Maximum flare energy [kg*m^2/sec^2]: 5.334000e+25 
(FlareYIntOUT) Instantaneous Davenport FFD y-intercept at current age and mass []: 18.675325 
(FlareSlopeOUT) Instantaneous Davenport FFD slope at current age and mass []: -0.593900 

Output Order: Time[year] Luminosity[LSUN] LXUVStellar[LSUN] LXUVFlare[LSUN] LXUVTot[LSUN]
Grid Output Order:

----- BODY: b ----
Active Modules: AtmEsc
Module Bit Sum: 9
Color: 000000
(Mass) Mass [kg]: 9.615841e+24 
(Radius) Radius [m]: 7.231795e+06 
(RadGyra) Radius of Gyration/Moment of Inertia Constant []: 0.500000 
(BodyType) Type of Body (0 == planet) []: 0.000000 
(Density) Average Density [kg/m^3]: 6069.605264 
(HZLimitDryRunaway) Semi-major axis of Dry Runaway HZ Limit [m]: 3.716535e+10 
(HZLimRecVenus) Recent Venus HZ Limit [m]: 3.331268e+10 
(HZLimRunaway) Runaway Greenhouse HZ Limit [m]: 4.392358e+10 
(HZLimMoistGreenhouse) Moist Greenhouse HZ Limit [m]: 4.407815e+10 
(HZLimMaxGreenhouse) Maximum Greenhouse HZ Limit [m]: 8.386122e+10 
(HZLimEarlyMars) Early Mars HZ Limit [m]: 9.145959e+10 
(Instellation) Orbit-averaged INcident STELLar radiATION [kg/sec^3]: 4.130522e+05 
(MeanMotion) Orbital Mean Motion [/sec]: 4.464345e-05 
(OrbPeriod) Orbital Period [sec]: 1.407415e+05 
(SemiMajorAxis) Semi-major Axis [m]: 2.356047e+09 
(LXUVTot) Total XUV Luminosity [kg/sec^3]: -1.000000 
(EscapeVelocity) Escape Velocity [m/sec]: 1.332256e+04 
----- ATMESC PARAMETERS (b)------
(SurfWaterMass) Surface water mass [kg]: 0.000000 
(EnvelopeMass) Envelope mass [kg]: 0.000000 
(OxygenMass) Oxygen mass in the atmosphere [kg]: 0.000000 
(RGLimit) Runaway greenhouse semi-major axis [m]: 4.212781e+10 
(XO) Atomic oxygen mixing ratio in upper atmosphere []: 0.000000 
(EtaO) Oxygen eta parameter (Luger and Barnes 2015) []: 0.000000 
(PlanetRadius) Planet radius [m]: 7.231795e+06 
(OxygenMantleMass) Mass of oxygen in mantle [kg]: 0.000000 
(RadXUV) XUV radius separating hydro. dyn. escape and equilibrium [m]: -1.000000 
(RadSolid) Radius to the solid surface [m]: -1.000000 
(PresXUV) Pressure at base of thermosphere [(null)]: 5.000000 
(ScaleHeight) Scale height in Lehmer & Catling (2016) model [m]: -1.000000 
(ThermTemp) Isothermal atmospheric temperature [K]: 400.000000 
(AtmGasConst) Atmospheric gas constant [(null)]: 4124.000000 
(PresSurf) Surface pressure due to atmosphere [Pa]: -1.000000 
(DEnvMassDt) Envelope Mass Loss Rate [kg/s]: 0.000000 
(FXUV) XUV flux [W/m^2]: 1267.355646 
(AtmXAbsEffH2O) XUV atmospheric escape efficiency for H2O []: 0.300000 
(RocheRadius) Roche Lobe Radius [m]: 4.752497e+07 
(BondiRadius) Bondi Radius [m]: 2.935242e+08 
(HEscapeRegime) Integer flag for H envelope escape regime []: 8.000000 
(RRCriticalFlux) Critical XUV Flux that separates RR and energy-limited escape [W/m^2]: 57.149526 
(CrossoverMass) Crossover mass, defines oxygen is escaping if mc > mo [kg]: 0.000000 
(WaterEscapeRegime) What water escape regime the code is currently in []: 8.000000 
(FXUVCRITDRAG) Critical Drag XUV flux [W/m^2]: 0.473711 
(HREFFLUX) The Hydrogen Reference Flux (m^-2 s^-1) [m^-2 s^-1]: 8.338723e+20 
(XO2) Molecular oxygen mixing ratio in atmosphere []: 0.000000 
(XH2O) Water mixing ratio in upper atmosphere []: 0.000000 
(HDiffFlux) The Hydrogen Diffusion Flux (m^-2 s^-1) [m^-2 s^-1]: 2.376200e+17 
(HRefODragMod) Multiply by H ref flux to get flux with drag []: 1.000000 
(KTide) Mass loss enhancement due to stellar gravity []: 0.773509 
(CumulativeXUVFlux) Cumulative XUV flux [W/m^2]: 0.000000 
(RunawayGreenhouseFlux) Incident flux that triggers runaway greenhouse [kg/sec^3]: 1291.848660 
(RGDuration) Runaway Greenhouse Duration [years]: 0.00000e+00

Output Order: Time[year] CumulativeXUVFlux[W/m^2]
Grid Output Order:



---- FINAL SYSTEM PROPERTIES ----
(Age) System Age [sec]: 2.041803e+17 
(Time) Simulation Time [sec]: 2.040830e+17 
(TotAngMom) Total Angular Momentum [kg*m^2/sec]: 2.294695e+42 
(TotEnergy) Total System Energy [kg*m^2/sec^2]: -9.679402e+39 
(PotEnergy) Body's non-orbital Potential Energy [kg*m^2/sec^2]: -4.137521e+40 
(KinEnergy) Body's non-orbital Kinetic Energy [kg*m^2/sec^2]: 6.892596e+32 
(DeltaTime) Average Timestep Over Last Output Interval [sec]: 1.577880e+13 

----- BODY: star ----
Active Modules: FLARE STELLAR
Module Bit Sum: 577
Color: 000000
(Mass) Mass [kg]: 3.905280e+29 
(Radius) Radius [m]: 1.476114e+08 
(RadGyra) Radius of Gyration/Moment of Inertia Constant []: 0.460375 
(RotAngMom) Rotational Angular Momentum [kg*m^2/sec]: 1.576756e+39 
(RotVel) Rotational Velocity [m/sec]: 129.053035 
(BodyType) Type of Body (0 == planet) []: 0.000000 
(RotRate) Rotational Frequency [/sec]: 8.742756e-07 
(RotPer) Rotational Period [sec]: 7.186733e+06 
(Density) Average Density [kg/m^3]: 2.898705e+04 
(HZLimitDryRunaway) Semi-major axis of Dry Runaway HZ Limit [m]: 9.162369e+09 
(HZLimRecVenus) Recent Venus HZ Limit [m]: 8.201899e+09 
(HZLimRunaway) Runaway Greenhouse HZ Limit [m]: 1.082106e+10 
(HZLimMoistGreenhouse) Moist Greenhouse HZ Limit [m]: 1.085246e+10 
(HZLimMaxGreenhouse) Maximum Greenhouse HZ Limit [m]: 2.059342e+10 
(HZLimEarlyMars) Early Mars HZ Limit [m]: 2.245941e+10 
(Instellation) Orbit-averaged INcident STELLar radiATION [kg/sec^3]: -1.000000 
(CriticalSemiMajorAxis) Holman & Wiegert (1999) P-type Critical Semi-major Axis [m]: -1.000000 
(LXUVTot) Total XUV Luminosity [LSUN]: 7.530672e-07 
(LostEnergy) Body's Total Lost Energy [kg*m^2/sec^2]: 3.169586e+40 
(LostAngMom) Lost Angular Momentum due to Magnetic Braking [kg*m^2/sec]: 2.290735e+42 
(EscapeVelocity) Escape Velocity [m/sec]: 5.942694e+05 
----- STELLAR PARAMETERS (star)------
(Luminosity) Luminosity [LSUN]: 0.004553 
(LXUVStellar) Base X-ray/XUV Luminosity [LSUN]: 3.595123e-07 
(Temperature) Effective Temperature [K]: 3250.826676 
(LXUVFrac) Fraction of luminosity in XUV []: 7.895680e-05 
(RossbyNumber) Rossby Number []: 1.399028 
(DRotPerDtStellar) Time Rate of Change of Rotation Period in STELLAR []: 1.820921e-11 
(WindTorque) Stellar Wind Torque []: 3.984526e+21 
----- FLARE PARAMETERS (star)------
(LXUVFlare) XUV Luminosity from flares [LSUN]: 3.935501e-07 
(FlareFreq1) First value of flare frequency range [/sec]: 8.593859e-05 
(FlareFreq2) Second value of flare frequency range [/sec]: 6.692017e-05 
(FlareFreq3) Third value of flare frequency range [/sec]: 5.211058e-05 
(FlareFreq4) Fourth value of flare frequency range [/sec]: 4.057838e-05 
(FlareFreqMin) Frequency of the flares with the lowest energy [/sec]: 8.593859e-05 
(FlareFreqMid) Frequency of the flares with the middle energy in the energy range [/sec]: 7.044927e-06 
(FlareFreqMax) Frequency of the flares with the highest energy [/sec]: 5.775170e-07 
(FlareEnergy1) First value of flare energy range [kg*m^2/sec^2]: 5.334000e+23 
(FlareEnergy2) Second value of flare energy range [kg*m^2/sec^2]: 6.715108e+23 
(FlareEnergy3) Third value of flare energy range [kg*m^2/sec^2]: 8.453820e+23 
(FlareEnergy4) Fourth value of flare energy range [kg*m^2/sec^2]: 1.064273e+24 
(FlareEnergyMin) Minimum flare energy [kg*m^2/sec^2]: 5.334000e+23 
(FlareEnergyMid) Middle flare energy in the range of energy values [kg*m^2/sec^2]: 5.334000e+24 
(FlareEnergyMax) Maximum flare energy [kg*m^2/sec^2]: 5.334000e+25 
(FlareYIntOUT) Instantaneous Davenport FFD y-intercept at current age and mass []: 34.249861 
(FlareSlopeOUT) Instantaneous Davenport FFD slope at current age and mass []: -1.086312 

Output Order: Time[year] Luminosity[LSUN] LXUVStellar[LSUN] LXUVFlare[LSUN] LXUVTot[LSUN]
Grid Output Order:

----- BODY: b ----
Active Modules: AtmEsc
Module Bit Sum: 9
Color: 000000
(Mass) Mass [kg]: 9.615841e+24 
(Radius) Radius [m]: 7.231795e+06 
(RadGyra) Radius of Gyration/Moment of Inertia Constant []: 0.500000 
(BodyType) Type of Body (0 == planet) []: 0.000000 
(Density) Average Density [kg/m^3]: 6069.605264 
(HZLimitDryRunaway) Semi-major axis of Dry Runaway HZ Limit [m]: 9.162617e+09 
(HZLimRecVenus) Recent Venus HZ Limit [m]: 8.201899e+09 
(HZLimRunaway) Runaway Greenhouse HZ Limit [m]: 1.082106e+10 
(HZLimMoistGreenhouse) Moist Greenhouse HZ Limit [m]: 1.085246e+10 
(HZLimMaxGreenhouse) Maximum Greenhouse HZ Limit [m]: 2.059342e+10 
(HZLimEarlyMars) Early Mars HZ Limit [m]: 2.245941e+10 
(Instellation) Orbit-averaged INcident STELLar radiATION [kg/sec^3]: 2.510542e+04 
(MeanMotion) Orbital Mean Motion [/sec]: 4.464345e-05 
(OrbPeriod) Orbital Period [sec]: 1.407415e+05 
(SemiMajorAxis) Semi-major Axis [m]: 2.356047e+09 
(LXUVTot) Total XUV Luminosity [kg/sec^3]: -1.000000 
(EscapeVelocity) Escape Velocity [m/sec]: 1.332256e+04 
----- ATMESC PARAMETERS (b)------
(SurfWaterMass) Surface water mass [kg]: 0.000000 
(EnvelopeMass) Envelope mass [kg]: 0.000000 
(OxygenMass) Oxygen mass in the atmosphere [kg]: 0.000000 
(RGLimit) Runaway greenhouse semi-major axis [m]: 1.037890e+10 
(XO) Atomic oxygen mixing ratio in upper atmosphere []: 0.000000 
(EtaO) Oxygen eta parameter (Luger and Barnes 2015) []: 0.000000 
(PlanetRadius) Planet radius [m]: 7.231795e+06 
(OxygenMantleMass) Mass of oxygen in mantle [kg]: 0.000000 
(RadXUV) XUV radius separating hydro. dyn. escape and equilibrium [m]: -1.000000 
(RadSolid) Radius to the solid surface [m]: -1.000000 
(PresXUV) Pressure at base of thermosphere [(null)]: 5.000000 
(ScaleHeight) Scale height in Lehmer & Catling (2016) model [m]: -1.000000 
(ThermTemp) Isothermal atmospheric temperature [K]: 400.000000 
(AtmGasConst) Atmospheric gas constant [(null)]: 4124.000000 
(PresSurf) Surface pressure due to atmosphere [Pa]: -1.000000 
(DEnvMassDt) Envelope Mass Loss Rate [kg/s]: 0.000000 
(FXUV) XUV flux [W/m^2]: 4.152188 
(AtmXAbsEffH2O) XUV atmospheric escape efficiency for H2O []: 0.300000 
(RocheRadius) Roche Lobe Radius [m]: 4.752497e+07 
(BondiRadius) Bondi Radius [m]: 5.920550e+08 
(HEscapeRegime) Integer flag for H envelope escape regime []: 8.000000 
(RRCriticalFlux) Critical XUV Flux that separates RR and energy-limited escape [W/m^2]: 57.149526 
(CrossoverMass) Crossover mass, defines oxygen is escaping if mc > mo [kg]: 0.000000 
(WaterEscapeRegime) What water escape regime the code is currently in []: 8.000000 
(FXUVCRITDRAG) Critical Drag XUV flux [W/m^2]: 0.473711 
(HREFFLUX) The Hydrogen Reference Flux (m^-2 s^-1) [m^-2 s^-1]: 2.731983e+18 
(XO2) Molecular oxygen mixing ratio in atmosphere []: 0.000000 
(XH2O) Water mixing ratio in upper atmosphere []: 0.000000 
(HDiffFlux) The Hydrogen Diffusion Flux (m^-2 s^-1) [m^-2 s^-1]: 2.376200e+17 
(HRefODragMod) Multiply by H ref flux to get flux with drag []: 1.000000 
(KTide) Mass loss enhancement due to stellar gravity []: 0.773509 
(CumulativeXUVFlux) Cumulative XUV flux [W/m^2]: 3.617034e+18 
(RunawayGreenhouseFlux) Incident flux that triggers runaway greenhouse [kg/sec^3]: 1293.627690 
(RGDuration) Runaway Greenhouse Duration [years]: 0.00000e+00

Output Order: Time[year] CumulativeXUVFlux[W/m^2]
Grid Output Order:
