-------- Log file gj1132.log -------

Executable: /home/vplanet/.local/bin/vplanet
Version: Unknown
System Name: gj1132
Primary Input File: vpl.in
Body File #1: star.in
Body File #2: b.in
Allow files to be overwitten: Yes
Mass Units: Grams
Length Units: Meters
Time Units: Seconds
Angle Units: Radians

------- FORMATTING -----
Verbosity Level: 5
Crossover Decade for Scientific Notation: 4
Number of Digits After Decimal: 6
Integration Method: Runge-Kutta4
Direction: Forward
Time Step: 3.155760e+07
Stop Time: 2.276640e+17
Output Interval: 3.155760e+13
Use Variable Timestep: Yes
dEta: 0.010000
Minimum Value of ecc and obl: 1.000000e-10


---- INITIAL SYSTEM PROPERTIES ----
(Age) System Age [sec]: 1.327032e+14 
(Time) Simulation Time [sec]: 0.000000 
(TotAngMom) Total Angular Momentum [kg*m^2/sec]: 1.708793e+42 
(TotEnergy) Total System Energy [kg*m^2/sec^2]: -1.033089e+40 
(PotEnergy) Body's non-orbital Potential Energy [kg*m^2/sec^2]: -1.039288e+40 
(KinEnergy) Body's non-orbital Kinetic Energy [kg*m^2/sec^2]: 6.204430e+37 
(DeltaTime) Average Timestep Over Last Output Interval [sec]: 0.000000 

----- BODY: star ----
Active Modules: FLARE STELLAR
Module Bit Sum: 577
Color: 000000
(Mass) Mass [kg]: 3.772054e+29 
(Radius) Radius [m]: 5.482462e+08 
(RadGyra) Radius of Gyration/Moment of Inertia Constant []: 0.454920 
(RotAngMom) Rotational Angular Momentum [kg*m^2/sec]: 1.706341e+42 
(RotVel) Rotational Velocity [m/sec]: 3.986959e+04 
(BodyType) Type of Body (0 == planet) []: 0.000000 
(RotRate) Rotational Frequency [/sec]: 7.272205e-05 
(RotPer) Rotational Period [sec]: 8.640000e+04 
(Density) Average Density [kg/m^3]: 546.465269 
(HZLimitDryRunaway) Semi-major axis of Dry Runaway HZ Limit [m]: 3.245358e+10 
(HZLimRecVenus) Recent Venus HZ Limit [m]: 2.909236e+10 
(HZLimRunaway) Runaway Greenhouse HZ Limit [m]: 3.835761e+10 
(HZLimMoistGreenhouse) Moist Greenhouse HZ Limit [m]: 3.849397e+10 
(HZLimMaxGreenhouse) Maximum Greenhouse HZ Limit [m]: 7.324825e+10 
(HZLimEarlyMars) Early Mars HZ Limit [m]: 7.988501e+10 
(Instellation) Orbit-averaged INcident STELLar radiATION [kg/sec^3]: -1.000000 
(CriticalSemiMajorAxis) Holman & Wiegert (1999) P-type Critical Semi-major Axis [m]: -1.000000 
(LXUVTot) Total XUV Luminosity [LSUN]: 7.185390e-05 
(LostEnergy) Body's Total Lost Energy [kg*m^2/sec^2]: 5.562685e-309 
(LostAngMom) Lost Angular Momentum due to Magnetic Braking [kg*m^2/sec]: 5.562685e-309 
(EscapeVelocity) Escape Velocity [m/sec]: 3.030529e+05 
----- STELLAR PARAMETERS (star)------
(Luminosity) Luminosity [LSUN]: 0.057126 
(LXUVStellar) Base X-ray/XUV Luminosity [LSUN]: 7.103634e-05 
(Temperature) Effective Temperature [K]: 3178.030475 
(LXUVFrac) Fraction of luminosity in XUV []: 0.001244 
(RossbyNumber) Rossby Number []: 0.016204 
(DRotPerDtStellar) Time Rate of Change of Rotation Period in STELLAR []: -1.348901e-10 
(WindTorque) Stellar Wind Torque []: 6.972149e+27 
----- FLARE PARAMETERS (star)------
(LXUVFlare) XUV Luminosity from flares [LSUN]: 8.175515e-07 
(FlareFreq1) First value of flare frequency range [/sec]: 3.139205e-05 
(FlareFreq2) Second value of flare frequency range [/sec]: 2.726381e-05 
(FlareFreq3) Third value of flare frequency range [/sec]: 2.367845e-05 
(FlareFreq4) Fourth value of flare frequency range [/sec]: 2.056460e-05 
(FlareFreqMin) Frequency of the flares with the lowest energy [/sec]: 3.139205e-05 
(FlareFreqMid) Frequency of the flares with the middle energy in the energy range [/sec]: 7.664572e-06 
(FlareFreqMax) Frequency of the flares with the highest energy [/sec]: 1.871355e-06 
(FlareEnergy1) First value of flare energy range [kg*m^2/sec^2]: 5.334000e+23 
(FlareEnergy2) Second value of flare energy range [kg*m^2/sec^2]: 6.715108e+23 
(FlareEnergy3) Third value of flare energy range [kg*m^2/sec^2]: 8.453820e+23 
(FlareEnergy4) Fourth value of flare energy range [kg*m^2/sec^2]: 1.064273e+24 
(FlareEnergyMin) Minimum flare energy [kg*m^2/sec^2]: 5.334000e+23 
(FlareEnergyMid) Middle flare energy in the range of energy values [kg*m^2/sec^2]: 5.334000e+24 
(FlareEnergyMax) Maximum flare energy [kg*m^2/sec^2]: 5.334000e+25 
(FlareYIntOUT) Instantaneous Davenport FFD y-intercept at current age and mass []: 19.248485 
(FlareSlopeOUT) Instantaneous Davenport FFD slope at current age and mass []: -0.612332 

Output Order: Time[year] Luminosity[LSUN] LXUVStellar[LSUN] LXUVFlare[LSUN] LXUVTot[LSUN]
Grid Output Order:

----- BODY: b ----
Active Modules: AtmEsc
Module Bit Sum: 9
Color: 000000
(Mass) Mass [kg]: 1.012785e+25 
(Radius) Radius [m]: 7.223633e+06 
(RadGyra) Radius of Gyration/Moment of Inertia Constant []: 0.500000 
(BodyType) Type of Body (0 == planet) []: 0.000000 
(Density) Average Density [kg/m^3]: 6414.483980 
(HZLimitDryRunaway) Semi-major axis of Dry Runaway HZ Limit [m]: 3.245405e+10 
(HZLimRecVenus) Recent Venus HZ Limit [m]: 2.909236e+10 
(HZLimRunaway) Runaway Greenhouse HZ Limit [m]: 3.835761e+10 
(HZLimMoistGreenhouse) Moist Greenhouse HZ Limit [m]: 3.849397e+10 
(HZLimMaxGreenhouse) Maximum Greenhouse HZ Limit [m]: 7.324825e+10 
(HZLimEarlyMars) Early Mars HZ Limit [m]: 7.988501e+10 
(Instellation) Orbit-averaged INcident STELLar radiATION [kg/sec^3]: 3.223455e+05 
(MeanMotion) Orbital Mean Motion [/sec]: 4.464353e-05 
(OrbPeriod) Orbital Period [sec]: 1.407412e+05 
(SemiMajorAxis) Semi-major Axis [m]: 2.328944e+09 
(LXUVTot) Total XUV Luminosity [kg/sec^3]: -1.000000 
(EscapeVelocity) Escape Velocity [m/sec]: 1.368038e+04 
----- ATMESC PARAMETERS (b)------
(SurfWaterMass) Surface water mass [kg]: 0.000000 
(EnvelopeMass) Envelope mass [kg]: 0.000000 
(OxygenMass) Oxygen mass in the atmosphere [kg]: 0.000000 
(RGLimit) Runaway greenhouse semi-major axis [m]: 3.674557e+10 
(XO) Atomic oxygen mixing ratio in upper atmosphere []: 0.000000 
(EtaO) Oxygen eta parameter (Luger and Barnes 2015) []: 0.000000 
(PlanetRadius) Planet radius [m]: 7.223633e+06 
(OxygenMantleMass) Mass of oxygen in mantle [kg]: 0.000000 
(RadXUV) XUV radius separating hydro. dyn. escape and equilibrium [m]: -1.000000 
(RadSolid) Radius to the solid surface [m]: -1.000000 
(PresXUV) Pressure at base of thermosphere [(null)]: 5.000000 
(ScaleHeight) Scale height in Lehmer & Catling (2016) model [m]: -1.000000 
(ThermTemp) Isothermal atmospheric temperature [K]: 400.000000 
(AtmGasConst) Atmospheric gas constant [(null)]: 4124.000000 
(PresSurf) Surface pressure due to atmosphere [Pa]: -1.000000 
(DEnvMassDt) Envelope Mass Loss Rate [kg/s]: 0.000000 
(FXUV) XUV flux [W/m^2]: 405.450735 
(AtmXAbsEffH2O) XUV atmospheric escape efficiency for H2O []: 0.300000 
(RocheRadius) Roche Lobe Radius [m]: 4.835392e+07 
(BondiRadius) Bondi Radius [m]: 3.328989e+08 
(HEscapeRegime) Integer flag for H envelope escape regime []: 8.000000 
(RRCriticalFlux) Critical XUV Flux that separates RR and energy-limited escape [W/m^2]: 64.284143 
(CrossoverMass) Crossover mass, defines oxygen is escaping if mc > mo [kg]: 0.000000 
(WaterEscapeRegime) What water escape regime the code is currently in []: 8.000000 
(FXUVCRITDRAG) Critical Drag XUV flux [W/m^2]: 0.527285 
(HREFFLUX) The Hydrogen Reference Flux (m^-2 s^-1) [m^-2 s^-1]: 2.516742e+20 
(XO2) Molecular oxygen mixing ratio in atmosphere []: 0.000000 
(XH2O) Water mixing ratio in upper atmosphere []: 0.000000 
(HDiffFlux) The Hydrogen Diffusion Flux (m^-2 s^-1) [m^-2 s^-1]: 2.508383e+17 
(HRefODragMod) Multiply by H ref flux to get flux with drag []: 1.000000 
(KTide) Mass loss enhancement due to stellar gravity []: 0.777581 
(CumulativeXUVFlux) Cumulative XUV flux [W/m^2]: 0.000000 
(RunawayGreenhouseFlux) Incident flux that triggers runaway greenhouse [kg/sec^3]: 1294.842550 
(RGDuration) Runaway Greenhouse Duration [years]: 0.00000e+00

Output Order: Time[year] CumulativeXUVFlux[W/m^2]
Grid Output Order:



---- FINAL SYSTEM PROPERTIES ----
(Age) System Age [sec]: 2.278208e+17 
(Time) Simulation Time [sec]: 2.276881e+17 
(TotAngMom) Total Angular Momentum [kg*m^2/sec]: 1.711732e+42 
(TotEnergy) Total System Energy [kg*m^2/sec^2]: -1.033158e+40 
(PotEnergy) Body's non-orbital Potential Energy [kg*m^2/sec^2]: -3.984317e+40 
(KinEnergy) Body's non-orbital Kinetic Energy [kg*m^2/sec^2]: 5.857159e+32 
(DeltaTime) Average Timestep Over Last Output Interval [sec]: 1.577880e+13 

----- BODY: star ----
Active Modules: FLARE STELLAR
Module Bit Sum: 577
Color: 000000
(Mass) Mass [kg]: 3.772054e+29 
(Radius) Radius [m]: 1.430071e+08 
(RadGyra) Radius of Gyration/Moment of Inertia Constant []: 0.460540 
(RotAngMom) Rotational Angular Momentum [kg*m^2/sec]: 1.384434e+39 
(RotVel) Rotational Velocity [m/sec]: 121.004721 
(BodyType) Type of Body (0 == planet) []: 0.000000 
(RotRate) Rotational Frequency [/sec]: 8.461447e-07 
(RotPer) Rotational Period [sec]: 7.425663e+06 
(Density) Average Density [kg/m^3]: 3.079047e+04 
(HZLimitDryRunaway) Semi-major axis of Dry Runaway HZ Limit [m]: 8.769598e+09 
(HZLimRecVenus) Recent Venus HZ Limit [m]: 7.853082e+09 
(HZLimRunaway) Runaway Greenhouse HZ Limit [m]: 1.035916e+10 
(HZLimMoistGreenhouse) Moist Greenhouse HZ Limit [m]: 1.039092e+10 
(HZLimMaxGreenhouse) Maximum Greenhouse HZ Limit [m]: 1.973125e+10 
(HZLimEarlyMars) Early Mars HZ Limit [m]: 2.151909e+10 
(Instellation) Orbit-averaged INcident STELLar radiATION [kg/sec^3]: -1.000000 
(CriticalSemiMajorAxis) Holman & Wiegert (1999) P-type Critical Semi-major Axis [m]: -1.000000 
(LXUVTot) Total XUV Luminosity [LSUN]: 5.940671e-07 
(LostEnergy) Body's Total Lost Energy [kg*m^2/sec^2]: 2.951164e+40 
(LostAngMom) Lost Angular Momentum due to Magnetic Braking [kg*m^2/sec]: 1.707895e+42 
(EscapeVelocity) Escape Velocity [m/sec]: 5.933724e+05 
----- STELLAR PARAMETERS (star)------
(Luminosity) Luminosity [LSUN]: 0.004171 
(LXUVStellar) Base X-ray/XUV Luminosity [LSUN]: 2.089240e-07 
(Temperature) Effective Temperature [K]: 3232.716815 
(LXUVFrac) Fraction of luminosity in XUV []: 5.008645e-05 
(RossbyNumber) Rossby Number []: 1.432193 
(DRotPerDtStellar) Time Rate of Change of Rotation Period in STELLAR []: 1.565166e-11 
(WindTorque) Stellar Wind Torque []: 2.924215e+21 
----- FLARE PARAMETERS (star)------
(LXUVFlare) XUV Luminosity from flares [LSUN]: 3.851390e-07 
(FlareFreq1) First value of flare frequency range [/sec]: 8.583225e-05 
(FlareFreq2) Second value of flare frequency range [/sec]: 6.674212e-05 
(FlareFreq3) Third value of flare frequency range [/sec]: 5.189786e-05 
(FlareFreq4) Fourth value of flare frequency range [/sec]: 4.035515e-05 
(FlareFreqMin) Frequency of the flares with the lowest energy [/sec]: 8.583225e-05 
(FlareFreqMid) Frequency of the flares with the middle energy in the energy range [/sec]: 6.936579e-06 
(FlareFreqMax) Frequency of the flares with the highest energy [/sec]: 5.605833e-07 
(FlareEnergy1) First value of flare energy range [kg*m^2/sec^2]: 5.334000e+23 
(FlareEnergy2) Second value of flare energy range [kg*m^2/sec^2]: 6.715108e+23 
(FlareEnergy3) Third value of flare energy range [kg*m^2/sec^2]: 8.453820e+23 
(FlareEnergy4) Fourth value of flare energy range [kg*m^2/sec^2]: 1.064273e+24 
(FlareEnergyMin) Minimum flare energy [kg*m^2/sec^2]: 5.334000e+23 
(FlareEnergyMid) Middle flare energy in the range of energy values [kg*m^2/sec^2]: 5.334000e+24 
(FlareEnergyMax) Maximum flare energy [kg*m^2/sec^2]: 5.334000e+25 
(FlareYIntOUT) Instantaneous Davenport FFD y-intercept at current age and mass []: 34.439628 
(FlareSlopeOUT) Instantaneous Davenport FFD slope at current age and mass []: -1.092505 

Output Order: Time[year] Luminosity[LSUN] LXUVStellar[LSUN] LXUVFlare[LSUN] LXUVTot[LSUN]
Grid Output Order:

----- BODY: b ----
Active Modules: AtmEsc
Module Bit Sum: 9
Color: 000000
(Mass) Mass [kg]: 1.012785e+25 
(Radius) Radius [m]: 7.223633e+06 
(RadGyra) Radius of Gyration/Moment of Inertia Constant []: 0.500000 
(BodyType) Type of Body (0 == planet) []: 0.000000 
(Density) Average Density [kg/m^3]: 6414.483980 
(HZLimitDryRunaway) Semi-major axis of Dry Runaway HZ Limit [m]: 8.769727e+09 
(HZLimRecVenus) Recent Venus HZ Limit [m]: 7.853082e+09 
(HZLimRunaway) Runaway Greenhouse HZ Limit [m]: 1.035916e+10 
(HZLimMoistGreenhouse) Moist Greenhouse HZ Limit [m]: 1.039092e+10 
(HZLimMaxGreenhouse) Maximum Greenhouse HZ Limit [m]: 1.973125e+10 
(HZLimEarlyMars) Early Mars HZ Limit [m]: 2.151909e+10 
(Instellation) Orbit-averaged INcident STELLar radiATION [kg/sec^3]: 2.353726e+04 
(MeanMotion) Orbital Mean Motion [/sec]: 4.464353e-05 
(OrbPeriod) Orbital Period [sec]: 1.407412e+05 
(SemiMajorAxis) Semi-major Axis [m]: 2.328944e+09 
(LXUVTot) Total XUV Luminosity [kg/sec^3]: -1.000000 
(EscapeVelocity) Escape Velocity [m/sec]: 1.368038e+04 
----- ATMESC PARAMETERS (b)------
(SurfWaterMass) Surface water mass [kg]: 0.000000 
(EnvelopeMass) Envelope mass [kg]: 0.000000 
(OxygenMass) Oxygen mass in the atmosphere [kg]: 0.000000 
(RGLimit) Runaway greenhouse semi-major axis [m]: 9.923976e+09 
(XO) Atomic oxygen mixing ratio in upper atmosphere []: 0.000000 
(EtaO) Oxygen eta parameter (Luger and Barnes 2015) []: 0.000000 
(PlanetRadius) Planet radius [m]: 7.223633e+06 
(OxygenMantleMass) Mass of oxygen in mantle [kg]: 0.000000 
(RadXUV) XUV radius separating hydro. dyn. escape and equilibrium [m]: -1.000000 
(RadSolid) Radius to the solid surface [m]: -1.000000 
(PresXUV) Pressure at base of thermosphere [(null)]: 5.000000 
(ScaleHeight) Scale height in Lehmer & Catling (2016) model [m]: -1.000000 
(ThermTemp) Isothermal atmospheric temperature [K]: 400.000000 
(AtmGasConst) Atmospheric gas constant [(null)]: 4124.000000 
(PresSurf) Surface pressure due to atmosphere [Pa]: -1.000000 
(DEnvMassDt) Envelope Mass Loss Rate [kg/s]: 0.000000 
(FXUV) XUV flux [W/m^2]: 3.352148 
(AtmXAbsEffH2O) XUV atmospheric escape efficiency for H2O []: 0.300000 
(RocheRadius) Roche Lobe Radius [m]: 4.835392e+07 
(BondiRadius) Bondi Radius [m]: 6.407841e+08 
(HEscapeRegime) Integer flag for H envelope escape regime []: 8.000000 
(RRCriticalFlux) Critical XUV Flux that separates RR and energy-limited escape [W/m^2]: 64.284143 
(CrossoverMass) Crossover mass, defines oxygen is escaping if mc > mo [kg]: 0.000000 
(WaterEscapeRegime) What water escape regime the code is currently in []: 8.000000 
(FXUVCRITDRAG) Critical Drag XUV flux [W/m^2]: 0.527285 
(HREFFLUX) The Hydrogen Reference Flux (m^-2 s^-1) [m^-2 s^-1]: 2.080769e+18 
(XO2) Molecular oxygen mixing ratio in atmosphere []: 0.000000 
(XH2O) Water mixing ratio in upper atmosphere []: 0.000000 
(HDiffFlux) The Hydrogen Diffusion Flux (m^-2 s^-1) [m^-2 s^-1]: 2.508383e+17 
(HRefODragMod) Multiply by H ref flux to get flux with drag []: 1.000000 
(KTide) Mass loss enhancement due to stellar gravity []: 0.777581 
(CumulativeXUVFlux) Cumulative XUV flux [W/m^2]: 2.513728e+18 
(RunawayGreenhouseFlux) Incident flux that triggers runaway greenhouse [kg/sec^3]: 1296.252731 
(RGDuration) Runaway Greenhouse Duration [years]: 0.00000e+00

Output Order: Time[year] CumulativeXUVFlux[W/m^2]
Grid Output Order:
