-------- Log file gj1132.log -------

Executable: /home/vplanet/.local/bin/vplanet
Version: Unknown
System Name: gj1132
Primary Input File: vpl.in
Body File #1: star.in
Body File #2: b.in
Allow files to be overwitten: Yes
Mass Units: Grams
Length Units: Meters
Time Units: Seconds
Angle Units: Radians

------- FORMATTING -----
Verbosity Level: 5
Crossover Decade for Scientific Notation: 4
Number of Digits After Decimal: 6
Integration Method: Runge-Kutta4
Direction: Forward
Time Step: 3.155760e+07
Stop Time: 2.367535e+17
Output Interval: 3.155760e+13
Use Variable Timestep: Yes
dEta: 0.010000
Minimum Value of ecc and obl: 1.000000e-10


---- INITIAL SYSTEM PROPERTIES ----
(Age) System Age [sec]: 1.866112e+14 
(Time) Simulation Time [sec]: 0.000000 
(TotAngMom) Total Angular Momentum [kg*m^2/sec]: 1.476612e+42 
(TotEnergy) Total System Energy [kg*m^2/sec^2]: -1.266099e+40 
(PotEnergy) Body's non-orbital Potential Energy [kg*m^2/sec^2]: -1.271453e+40 
(KinEnergy) Body's non-orbital Kinetic Energy [kg*m^2/sec^2]: 5.360079e+37 
(DeltaTime) Average Timestep Over Last Output Interval [sec]: 0.000000 

----- BODY: star ----
Active Modules: FLARE STELLAR
Module Bit Sum: 577
Color: 000000
(Mass) Mass [kg]: 3.966072e+29 
(Radius) Radius [m]: 4.954234e+08 
(RadGyra) Radius of Gyration/Moment of Inertia Constant []: 0.456329 
(RotAngMom) Rotational Angular Momentum [kg*m^2/sec]: 1.474127e+42 
(RotVel) Rotational Velocity [m/sec]: 3.602820e+04 
(BodyType) Type of Body (0 == planet) []: 0.000000 
(RotRate) Rotational Frequency [/sec]: 7.272205e-05 
(RotPer) Rotational Period [sec]: 8.640000e+04 
(Density) Average Density [kg/m^3]: 778.650577 
(HZLimitDryRunaway) Semi-major axis of Dry Runaway HZ Limit [m]: 3.014869e+10 
(HZLimRecVenus) Recent Venus HZ Limit [m]: 2.700177e+10 
(HZLimRunaway) Runaway Greenhouse HZ Limit [m]: 3.561619e+10 
(HZLimMoistGreenhouse) Moist Greenhouse HZ Limit [m]: 3.572778e+10 
(HZLimMaxGreenhouse) Maximum Greenhouse HZ Limit [m]: 6.786273e+10 
(HZLimEarlyMars) Early Mars HZ Limit [m]: 7.401173e+10 
(Instellation) Orbit-averaged INcident STELLar radiATION [kg/sec^3]: -1.000000 
(CriticalSemiMajorAxis) Holman & Wiegert (1999) P-type Critical Semi-major Axis [m]: -1.000000 
(LXUVTot) Total XUV Luminosity [LSUN]: 4.577153e-05 
(LostEnergy) Body's Total Lost Energy [kg*m^2/sec^2]: 5.562685e-309 
(LostAngMom) Lost Angular Momentum due to Magnetic Braking [kg*m^2/sec]: 5.562685e-309 
(EscapeVelocity) Escape Velocity [m/sec]: 3.268958e+05 
----- STELLAR PARAMETERS (star)------
(Luminosity) Luminosity [LSUN]: 0.049300 
(LXUVStellar) Base X-ray/XUV Luminosity [LSUN]: 4.498122e-05 
(Temperature) Effective Temperature [K]: 3225.198591 
(LXUVFrac) Fraction of luminosity in XUV []: 0.000912 
(RossbyNumber) Rossby Number []: 0.016600 
(DRotPerDtStellar) Time Rate of Change of Rotation Period in STELLAR []: -1.149385e-10 
(WindTorque) Stellar Wind Torque []: 3.928103e+27 
----- FLARE PARAMETERS (star)------
(LXUVFlare) XUV Luminosity from flares [LSUN]: 7.903040e-07 
(FlareFreq1) First value of flare frequency range [/sec]: 3.224330e-05 
(FlareFreq2) Second value of flare frequency range [/sec]: 2.790587e-05 
(FlareFreq3) Third value of flare frequency range [/sec]: 2.415192e-05 
(FlareFreq4) Fourth value of flare frequency range [/sec]: 2.090296e-05 
(FlareFreqMin) Frequency of the flares with the lowest energy [/sec]: 3.224330e-05 
(FlareFreqMid) Frequency of the flares with the middle energy in the energy range [/sec]: 7.603269e-06 
(FlareFreqMax) Frequency of the flares with the highest energy [/sec]: 1.792921e-06 
(FlareEnergy1) First value of flare energy range [kg*m^2/sec^2]: 5.334000e+23 
(FlareEnergy2) Second value of flare energy range [kg*m^2/sec^2]: 6.715108e+23 
(FlareEnergy3) Third value of flare energy range [kg*m^2/sec^2]: 8.453820e+23 
(FlareEnergy4) Fourth value of flare energy range [kg*m^2/sec^2]: 1.064273e+24 
(FlareEnergyMin) Minimum flare energy [kg*m^2/sec^2]: 5.334000e+23 
(FlareEnergyMid) Middle flare energy in the range of energy values [kg*m^2/sec^2]: 5.334000e+24 
(FlareEnergyMax) Maximum flare energy [kg*m^2/sec^2]: 5.334000e+25 
(FlareYIntOUT) Instantaneous Davenport FFD y-intercept at current age and mass []: 19.724310 
(FlareSlopeOUT) Instantaneous Davenport FFD slope at current age and mass []: -0.627439 

Output Order: Time[year] Luminosity[LSUN] LXUVStellar[LSUN] LXUVFlare[LSUN] LXUVTot[LSUN]
Grid Output Order:

----- BODY: b ----
Active Modules: AtmEsc
Module Bit Sum: 9
Color: 000000
(Mass) Mass [kg]: 9.921523e+24 
(Radius) Radius [m]: 7.261251e+06 
(RadGyra) Radius of Gyration/Moment of Inertia Constant []: 0.500000 
(BodyType) Type of Body (0 == planet) []: 0.000000 
(Density) Average Density [kg/m^3]: 6186.647362 
(HZLimitDryRunaway) Semi-major axis of Dry Runaway HZ Limit [m]: 3.014883e+10 
(HZLimRecVenus) Recent Venus HZ Limit [m]: 2.700177e+10 
(HZLimRunaway) Runaway Greenhouse HZ Limit [m]: 3.561619e+10 
(HZLimMoistGreenhouse) Moist Greenhouse HZ Limit [m]: 3.572778e+10 
(HZLimMaxGreenhouse) Maximum Greenhouse HZ Limit [m]: 6.786273e+10 
(HZLimEarlyMars) Early Mars HZ Limit [m]: 7.401173e+10 
(Instellation) Orbit-averaged INcident STELLar radiATION [kg/sec^3]: 2.690315e+05 
(MeanMotion) Orbital Mean Motion [/sec]: 4.464317e-05 
(OrbPeriod) Orbital Period [sec]: 1.407424e+05 
(SemiMajorAxis) Semi-major Axis [m]: 2.368219e+09 
(LXUVTot) Total XUV Luminosity [kg/sec^3]: -1.000000 
(EscapeVelocity) Escape Velocity [m/sec]: 1.350519e+04 
----- ATMESC PARAMETERS (b)------
(SurfWaterMass) Surface water mass [kg]: 0.000000 
(EnvelopeMass) Envelope mass [kg]: 0.000000 
(OxygenMass) Oxygen mass in the atmosphere [kg]: 0.000000 
(RGLimit) Runaway greenhouse semi-major axis [m]: 3.413622e+10 
(XO) Atomic oxygen mixing ratio in upper atmosphere []: 0.000000 
(EtaO) Oxygen eta parameter (Luger and Barnes 2015) []: 0.000000 
(PlanetRadius) Planet radius [m]: 7.261251e+06 
(OxygenMantleMass) Mass of oxygen in mantle [kg]: 0.000000 
(RadXUV) XUV radius separating hydro. dyn. escape and equilibrium [m]: -1.000000 
(RadSolid) Radius to the solid surface [m]: -1.000000 
(PresXUV) Pressure at base of thermosphere [(null)]: 5.000000 
(ScaleHeight) Scale height in Lehmer & Catling (2016) model [m]: -1.000000 
(ThermTemp) Isothermal atmospheric temperature [K]: 400.000000 
(AtmGasConst) Atmospheric gas constant [(null)]: 4124.000000 
(PresSurf) Surface pressure due to atmosphere [Pa]: -1.000000 
(DEnvMassDt) Envelope Mass Loss Rate [kg/s]: 0.000000 
(FXUV) XUV flux [W/m^2]: 249.777272 
(AtmXAbsEffH2O) XUV atmospheric escape efficiency for H2O []: 0.300000 
(RocheRadius) Roche Lobe Radius [m]: 4.802353e+07 
(BondiRadius) Bondi Radius [m]: 3.352302e+08 
(HEscapeRegime) Integer flag for H envelope escape regime []: 8.000000 
(RRCriticalFlux) Critical XUV Flux that separates RR and energy-limited escape [W/m^2]: 60.323621 
(CrossoverMass) Crossover mass, defines oxygen is escaping if mc > mo [kg]: 0.000000 
(WaterEscapeRegime) What water escape regime the code is currently in []: 8.000000 
(FXUVCRITDRAG) Critical Drag XUV flux [W/m^2]: 0.498195 
(HREFFLUX) The Hydrogen Reference Flux (m^-2 s^-1) [m^-2 s^-1]: 1.596371e+20 
(XO2) Molecular oxygen mixing ratio in atmosphere []: 0.000000 
(XH2O) Water mixing ratio in upper atmosphere []: 0.000000 
(HDiffFlux) The Hydrogen Diffusion Flux (m^-2 s^-1) [m^-2 s^-1]: 2.431886e+17 
(HRefODragMod) Multiply by H ref flux to get flux with drag []: 1.000000 
(KTide) Mass loss enhancement due to stellar gravity []: 0.774925 
(CumulativeXUVFlux) Cumulative XUV flux [W/m^2]: 0.000000 
(RunawayGreenhouseFlux) Incident flux that triggers runaway greenhouse [kg/sec^3]: 1294.827828 
(RGDuration) Runaway Greenhouse Duration [years]: 0.00000e+00

Output Order: Time[year] CumulativeXUVFlux[W/m^2]
Grid Output Order:



---- FINAL SYSTEM PROPERTIES ----
(Age) System Age [sec]: 2.369633e+17 
(Time) Simulation Time [sec]: 2.367767e+17 
(TotAngMom) Total Angular Momentum [kg*m^2/sec]: 1.477734e+42 
(TotEnergy) Total System Energy [kg*m^2/sec^2]: -1.266320e+40 
(PotEnergy) Body's non-orbital Potential Energy [kg*m^2/sec^2]: -4.152700e+40 
(KinEnergy) Body's non-orbital Kinetic Energy [kg*m^2/sec^2]: 5.953827e+32 
(DeltaTime) Average Timestep Over Last Output Interval [sec]: 1.577880e+13 

----- BODY: star ----
Active Modules: FLARE STELLAR
Module Bit Sum: 577
Color: 000000
(Mass) Mass [kg]: 3.966072e+29 
(Radius) Radius [m]: 1.516863e+08 
(RadGyra) Radius of Gyration/Moment of Inertia Constant []: 0.460129 
(RotAngMom) Rotational Angular Momentum [kg*m^2/sec]: 1.516767e+39 
(RotVel) Rotational Velocity [m/sec]: 119.084067 
(BodyType) Type of Body (0 == planet) []: 0.000000 
(RotRate) Rotational Frequency [/sec]: 7.850680e-07 
(RotPer) Rotational Period [sec]: 8.003364e+06 
(Density) Average Density [kg/m^3]: 2.712894e+04 
(HZLimitDryRunaway) Semi-major axis of Dry Runaway HZ Limit [m]: 9.431116e+09 
(HZLimRecVenus) Recent Venus HZ Limit [m]: 8.440782e+09 
(HZLimRunaway) Runaway Greenhouse HZ Limit [m]: 1.113724e+10 
(HZLimMoistGreenhouse) Moist Greenhouse HZ Limit [m]: 1.116854e+10 
(HZLimMaxGreenhouse) Maximum Greenhouse HZ Limit [m]: 2.118496e+10 
(HZLimEarlyMars) Early Mars HZ Limit [m]: 2.310458e+10 
(Instellation) Orbit-averaged INcident STELLar radiATION [kg/sec^3]: -1.000000 
(CriticalSemiMajorAxis) Holman & Wiegert (1999) P-type Critical Semi-major Axis [m]: -1.000000 
(LXUVTot) Total XUV Luminosity [LSUN]: 8.498200e-07 
(LostEnergy) Body's Total Lost Energy [kg*m^2/sec^2]: 2.886386e+40 
(LostAngMom) Lost Angular Momentum due to Magnetic Braking [kg*m^2/sec]: 1.473733e+42 
(EscapeVelocity) Escape Velocity [m/sec]: 5.907780e+05 
----- STELLAR PARAMETERS (star)------
(Luminosity) Luminosity [LSUN]: 0.004824 
(LXUVStellar) Base X-ray/XUV Luminosity [LSUN]: 4.632781e-07 
(Temperature) Effective Temperature [K]: 3260.995501 
(LXUVFrac) Fraction of luminosity in XUV []: 9.603001e-05 
(RossbyNumber) Rossby Number []: 1.566135 
(DRotPerDtStellar) Time Rate of Change of Rotation Period in STELLAR []: 1.404842e-11 
(WindTorque) Stellar Wind Torque []: 2.662403e+21 
----- FLARE PARAMETERS (star)------
(LXUVFlare) XUV Luminosity from flares [LSUN]: 3.865380e-07 
(FlareFreq1) First value of flare frequency range [/sec]: 8.525840e-05 
(FlareFreq2) Second value of flare frequency range [/sec]: 6.634392e-05 
(FlareFreq3) Third value of flare frequency range [/sec]: 5.162560e-05 
(FlareFreq4) Fourth value of flare frequency range [/sec]: 4.017252e-05 
(FlareFreqMin) Frequency of the flares with the lowest energy [/sec]: 8.525840e-05 
(FlareFreqMid) Frequency of the flares with the middle energy in the energy range [/sec]: 6.940280e-06 
(FlareFreqMax) Frequency of the flares with the highest energy [/sec]: 5.649588e-07 
(FlareEnergy1) First value of flare energy range [kg*m^2/sec^2]: 5.334000e+23 
(FlareEnergy2) Second value of flare energy range [kg*m^2/sec^2]: 6.715108e+23 
(FlareEnergy3) Third value of flare energy range [kg*m^2/sec^2]: 8.453820e+23 
(FlareEnergy4) Fourth value of flare energy range [kg*m^2/sec^2]: 1.064273e+24 
(FlareEnergyMin) Minimum flare energy [kg*m^2/sec^2]: 5.334000e+23 
(FlareEnergyMid) Middle flare energy in the range of energy values [kg*m^2/sec^2]: 5.334000e+24 
(FlareEnergyMax) Maximum flare energy [kg*m^2/sec^2]: 5.334000e+25 
(FlareYIntOUT) Instantaneous Davenport FFD y-intercept at current age and mass []: 34.340079 
(FlareSlopeOUT) Instantaneous Davenport FFD slope at current age and mass []: -1.089360 

Output Order: Time[year] Luminosity[LSUN] LXUVStellar[LSUN] LXUVFlare[LSUN] LXUVTot[LSUN]
Grid Output Order:

----- BODY: b ----
Active Modules: AtmEsc
Module Bit Sum: 9
Color: 000000
(Mass) Mass [kg]: 9.921523e+24 
(Radius) Radius [m]: 7.261251e+06 
(RadGyra) Radius of Gyration/Moment of Inertia Constant []: 0.500000 
(BodyType) Type of Body (0 == planet) []: 0.000000 
(Density) Average Density [kg/m^3]: 6186.647362 
(HZLimitDryRunaway) Semi-major axis of Dry Runaway HZ Limit [m]: 9.431159e+09 
(HZLimRecVenus) Recent Venus HZ Limit [m]: 8.440782e+09 
(HZLimRunaway) Runaway Greenhouse HZ Limit [m]: 1.113724e+10 
(HZLimMoistGreenhouse) Moist Greenhouse HZ Limit [m]: 1.116854e+10 
(HZLimMaxGreenhouse) Maximum Greenhouse HZ Limit [m]: 2.118496e+10 
(HZLimEarlyMars) Early Mars HZ Limit [m]: 2.310458e+10 
(Instellation) Orbit-averaged INcident STELLar radiATION [kg/sec^3]: 2.632645e+04 
(MeanMotion) Orbital Mean Motion [/sec]: 4.464317e-05 
(OrbPeriod) Orbital Period [sec]: 1.407424e+05 
(SemiMajorAxis) Semi-major Axis [m]: 2.368219e+09 
(LXUVTot) Total XUV Luminosity [kg/sec^3]: -1.000000 
(EscapeVelocity) Escape Velocity [m/sec]: 1.350519e+04 
----- ATMESC PARAMETERS (b)------
(SurfWaterMass) Surface water mass [kg]: 0.000000 
(EnvelopeMass) Envelope mass [kg]: 0.000000 
(OxygenMass) Oxygen mass in the atmosphere [kg]: 0.000000 
(RGLimit) Runaway greenhouse semi-major axis [m]: 1.067463e+10 
(XO) Atomic oxygen mixing ratio in upper atmosphere []: 0.000000 
(EtaO) Oxygen eta parameter (Luger and Barnes 2015) []: 0.000000 
(PlanetRadius) Planet radius [m]: 7.261251e+06 
(OxygenMantleMass) Mass of oxygen in mantle [kg]: 0.000000 
(RadXUV) XUV radius separating hydro. dyn. escape and equilibrium [m]: -1.000000 
(RadSolid) Radius to the solid surface [m]: -1.000000 
(PresXUV) Pressure at base of thermosphere [(null)]: 5.000000 
(ScaleHeight) Scale height in Lehmer & Catling (2016) model [m]: -1.000000 
(ThermTemp) Isothermal atmospheric temperature [K]: 400.000000 
(AtmGasConst) Atmospheric gas constant [(null)]: 4124.000000 
(PresSurf) Surface pressure due to atmosphere [Pa]: -1.000000 
(DEnvMassDt) Envelope Mass Loss Rate [kg/s]: 0.000000 
(FXUV) XUV flux [W/m^2]: 4.637506 
(AtmXAbsEffH2O) XUV atmospheric escape efficiency for H2O []: 0.300000 
(RocheRadius) Roche Lobe Radius [m]: 4.802353e+07 
(BondiRadius) Bondi Radius [m]: 5.991898e+08 
(HEscapeRegime) Integer flag for H envelope escape regime []: 8.000000 
(RRCriticalFlux) Critical XUV Flux that separates RR and energy-limited escape [W/m^2]: 60.323621 
(CrossoverMass) Crossover mass, defines oxygen is escaping if mc > mo [kg]: 0.000000 
(WaterEscapeRegime) What water escape regime the code is currently in []: 8.000000 
(FXUVCRITDRAG) Critical Drag XUV flux [W/m^2]: 0.498195 
(HREFFLUX) The Hydrogen Reference Flux (m^-2 s^-1) [m^-2 s^-1]: 2.963913e+18 
(XO2) Molecular oxygen mixing ratio in atmosphere []: 0.000000 
(XH2O) Water mixing ratio in upper atmosphere []: 0.000000 
(HDiffFlux) The Hydrogen Diffusion Flux (m^-2 s^-1) [m^-2 s^-1]: 2.431886e+17 
(HRefODragMod) Multiply by H ref flux to get flux with drag []: 1.000000 
(KTide) Mass loss enhancement due to stellar gravity []: 0.774925 
(CumulativeXUVFlux) Cumulative XUV flux [W/m^2]: 2.877022e+18 
(RunawayGreenhouseFlux) Incident flux that triggers runaway greenhouse [kg/sec^3]: 1295.765050 
(RGDuration) Runaway Greenhouse Duration [years]: 0.00000e+00

Output Order: Time[year] CumulativeXUVFlux[W/m^2]
Grid Output Order:
