-------- Log file gj1132.log -------

Executable: /home/vplanet/.local/bin/vplanet
Version: Unknown
System Name: gj1132
Primary Input File: vpl.in
Body File #1: star.in
Body File #2: b.in
Allow files to be overwitten: Yes
Mass Units: Grams
Length Units: Meters
Time Units: Seconds
Angle Units: Radians

------- FORMATTING -----
Verbosity Level: 5
Crossover Decade for Scientific Notation: 4
Number of Digits After Decimal: 6
Integration Method: Runge-Kutta4
Direction: Forward
Time Step: 3.155760e+07
Stop Time: 2.377544e+17
Output Interval: 3.155760e+13
Use Variable Timestep: Yes
dEta: 0.010000
Minimum Value of ecc and obl: 1.000000e-10


---- INITIAL SYSTEM PROPERTIES ----
(Age) System Age [sec]: 2.037718e+14 
(Time) Simulation Time [sec]: 0.000000 
(TotAngMom) Total Angular Momentum [kg*m^2/sec]: 1.308194e+42 
(TotEnergy) Total System Energy [kg*m^2/sec^2]: -1.268360e+40 
(PotEnergy) Body's non-orbital Potential Energy [kg*m^2/sec^2]: -1.273102e+40 
(KinEnergy) Body's non-orbital Kinetic Energy [kg*m^2/sec^2]: 4.747798e+37 
(DeltaTime) Average Timestep Over Last Output Interval [sec]: 0.000000 

----- BODY: star ----
Active Modules: FLARE STELLAR
Module Bit Sum: 577
Color: 000000
(Mass) Mass [kg]: 3.871279e+29 
(Radius) Radius [m]: 4.714128e+08 
(RadGyra) Radius of Gyration/Moment of Inertia Constant []: 0.456842 
(RotAngMom) Rotational Angular Momentum [kg*m^2/sec]: 1.305738e+42 
(RotVel) Rotational Velocity [m/sec]: 3.428211e+04 
(BodyType) Type of Body (0 == planet) []: 0.000000 
(RotRate) Rotational Frequency [/sec]: 7.272205e-05 
(RotPer) Rotational Period [sec]: 8.640000e+04 
(Density) Average Density [kg/m^3]: 882.189205 
(HZLimitDryRunaway) Semi-major axis of Dry Runaway HZ Limit [m]: 2.852740e+10 
(HZLimRecVenus) Recent Venus HZ Limit [m]: 2.555482e+10 
(HZLimRunaway) Runaway Greenhouse HZ Limit [m]: 3.370449e+10 
(HZLimMoistGreenhouse) Moist Greenhouse HZ Limit [m]: 3.381323e+10 
(HZLimMaxGreenhouse) Maximum Greenhouse HZ Limit [m]: 6.425142e+10 
(HZLimEarlyMars) Early Mars HZ Limit [m]: 7.007315e+10 
(Instellation) Orbit-averaged INcident STELLar radiATION [kg/sec^3]: -1.000000 
(CriticalSemiMajorAxis) Holman & Wiegert (1999) P-type Critical Semi-major Axis [m]: -1.000000 
(LXUVTot) Total XUV Luminosity [LSUN]: 0.000248 
(LostEnergy) Body's Total Lost Energy [kg*m^2/sec^2]: 5.562685e-309 
(LostAngMom) Lost Angular Momentum due to Magnetic Braking [kg*m^2/sec]: 5.562685e-309 
(EscapeVelocity) Escape Velocity [m/sec]: 3.310882e+05 
----- STELLAR PARAMETERS (star)------
(Luminosity) Luminosity [LSUN]: 0.044140 
(LXUVStellar) Base X-ray/XUV Luminosity [LSUN]: 0.000237 
(Temperature) Effective Temperature [K]: 3214.873305 
(LXUVFrac) Fraction of luminosity in XUV []: 0.005373 
(RossbyNumber) Rossby Number []: 0.016512 
(DRotPerDtStellar) Time Rate of Change of Rotation Period in STELLAR []: -9.388663e-11 
(WindTorque) Stellar Wind Torque []: 3.062808e+27 
----- FLARE PARAMETERS (star)------
(LXUVFlare) XUV Luminosity from flares [LSUN]: 1.051576e-05 
(FlareFreq1) First value of flare frequency range [/sec]: 1.769459e-06 
(FlareFreq2) Second value of flare frequency range [/sec]: 1.419358e-06 
(FlareFreq3) Third value of flare frequency range [/sec]: 1.138528e-06 
(FlareFreq4) Fourth value of flare frequency range [/sec]: 9.132620e-07 
(FlareFreqMin) Frequency of the flares with the lowest energy [/sec]: 1.769459e-06 
(FlareFreqMid) Frequency of the flares with the middle energy in the energy range [/sec]: 1.951448e-07 
(FlareFreqMax) Frequency of the flares with the highest energy [/sec]: 2.152155e-08 
(FlareEnergy1) First value of flare energy range [kg*m^2/sec^2]: 5.334000e+25 
(FlareEnergy2) Second value of flare energy range [kg*m^2/sec^2]: 7.534475e+25 
(FlareEnergy3) Third value of flare energy range [kg*m^2/sec^2]: 1.064273e+26 
(FlareEnergy4) Fourth value of flare energy range [kg*m^2/sec^2]: 1.503325e+26 
(FlareEnergyMin) Minimum flare energy [kg*m^2/sec^2]: 5.334000e+25 
(FlareEnergyMid) Middle flare energy in the range of energy values [kg*m^2/sec^2]: 1.686759e+27 
(FlareEnergyMax) Maximum flare energy [kg*m^2/sec^2]: 5.334000e+28 
(FlareYIntOUT) Instantaneous Davenport FFD y-intercept at current age and mass []: 20.074762 
(FlareSlopeOUT) Instantaneous Davenport FFD slope at current age and mass []: -0.638322 

Output Order: Time[year] Luminosity[LSUN] LXUVStellar[LSUN] LXUVFlare[LSUN] LXUVTot[LSUN]
Grid Output Order:

----- BODY: b ----
Active Modules: AtmEsc
Module Bit Sum: 9
Color: 000000
(Mass) Mass [kg]: 9.968860e+24 
(Radius) Radius [m]: 7.266682e+06 
(RadGyra) Radius of Gyration/Moment of Inertia Constant []: 0.500000 
(BodyType) Type of Body (0 == planet) []: 0.000000 
(Density) Average Density [kg/m^3]: 6202.239217 
(HZLimitDryRunaway) Semi-major axis of Dry Runaway HZ Limit [m]: 2.852854e+10 
(HZLimRecVenus) Recent Venus HZ Limit [m]: 2.555482e+10 
(HZLimRunaway) Runaway Greenhouse HZ Limit [m]: 3.370449e+10 
(HZLimMoistGreenhouse) Moist Greenhouse HZ Limit [m]: 3.381323e+10 
(HZLimMaxGreenhouse) Maximum Greenhouse HZ Limit [m]: 6.425142e+10 
(HZLimEarlyMars) Early Mars HZ Limit [m]: 7.007315e+10 
(Instellation) Orbit-averaged INcident STELLar radiATION [kg/sec^3]: 2.448117e+05 
(MeanMotion) Orbital Mean Motion [/sec]: 4.464489e-05 
(OrbPeriod) Orbital Period [sec]: 1.407369e+05 
(SemiMajorAxis) Semi-major Axis [m]: 2.349140e+09 
(LXUVTot) Total XUV Luminosity [kg/sec^3]: -1.000000 
(EscapeVelocity) Escape Velocity [m/sec]: 1.353231e+04 
----- ATMESC PARAMETERS (b)------
(SurfWaterMass) Surface water mass [kg]: 0.000000 
(EnvelopeMass) Envelope mass [kg]: 0.000000 
(OxygenMass) Oxygen mass in the atmosphere [kg]: 0.000000 
(RGLimit) Runaway greenhouse semi-major axis [m]: 3.229973e+10 
(XO) Atomic oxygen mixing ratio in upper atmosphere []: 0.000000 
(EtaO) Oxygen eta parameter (Luger and Barnes 2015) []: 0.000000 
(PlanetRadius) Planet radius [m]: 7.266682e+06 
(OxygenMantleMass) Mass of oxygen in mantle [kg]: 0.000000 
(RadXUV) XUV radius separating hydro. dyn. escape and equilibrium [m]: -1.000000 
(RadSolid) Radius to the solid surface [m]: -1.000000 
(PresXUV) Pressure at base of thermosphere [(null)]: 5.000000 
(ScaleHeight) Scale height in Lehmer & Catling (2016) model [m]: -1.000000 
(ThermTemp) Isothermal atmospheric temperature [K]: 400.000000 
(AtmGasConst) Atmospheric gas constant [(null)]: 4124.000000 
(PresSurf) Surface pressure due to atmosphere [Pa]: -1.000000 
(DEnvMassDt) Envelope Mass Loss Rate [kg/s]: 0.000000 
(FXUV) XUV flux [W/m^2]: 1373.639009 
(AtmXAbsEffH2O) XUV atmospheric escape efficiency for H2O []: 0.300000 
(RocheRadius) Roche Lobe Radius [m]: 4.809856e+07 
(BondiRadius) Bondi Radius [m]: 3.478139e+08 
(HEscapeRegime) Integer flag for H envelope escape regime []: 8.000000 
(RRCriticalFlux) Critical XUV Flux that separates RR and energy-limited escape [W/m^2]: 60.792462 
(CrossoverMass) Crossover mass, defines oxygen is escaping if mc > mo [kg]: 0.000000 
(WaterEscapeRegime) What water escape regime the code is currently in []: 8.000000 
(FXUVCRITDRAG) Critical Drag XUV flux [W/m^2]: 0.501834 
(HREFFLUX) The Hydrogen Reference Flux (m^-2 s^-1) [m^-2 s^-1]: 8.741985e+20 
(XO2) Molecular oxygen mixing ratio in atmosphere []: 0.000000 
(XH2O) Water mixing ratio in upper atmosphere []: 0.000000 
(HDiffFlux) The Hydrogen Diffusion Flux (m^-2 s^-1) [m^-2 s^-1]: 2.439839e+17 
(HRefODragMod) Multiply by H ref flux to get flux with drag []: 1.000000 
(KTide) Mass loss enhancement due to stellar gravity []: 0.775106 
(CumulativeXUVFlux) Cumulative XUV flux [W/m^2]: 0.000000 
(RunawayGreenhouseFlux) Incident flux that triggers runaway greenhouse [kg/sec^3]: 1294.844569 
(RGDuration) Runaway Greenhouse Duration [years]: 0.00000e+00

Output Order: Time[year] CumulativeXUVFlux[W/m^2]
Grid Output Order:



---- FINAL SYSTEM PROPERTIES ----
(Age) System Age [sec]: 2.379587e+17 
(Time) Simulation Time [sec]: 2.377550e+17 
(TotAngMom) Total Angular Momentum [kg*m^2/sec]: 1.307633e+42 
(TotEnergy) Total System Energy [kg*m^2/sec^2]: -1.268450e+40 
(PotEnergy) Body's non-orbital Potential Energy [kg*m^2/sec^2]: -4.090788e+40 
(KinEnergy) Body's non-orbital Kinetic Energy [kg*m^2/sec^2]: 5.776225e+32 
(DeltaTime) Average Timestep Over Last Output Interval [sec]: 1.577880e+13 

----- BODY: star ----
Active Modules: FLARE STELLAR
Module Bit Sum: 577
Color: 000000
(Mass) Mass [kg]: 3.871279e+29 
(Radius) Radius [m]: 1.467093e+08 
(RadGyra) Radius of Gyration/Moment of Inertia Constant []: 0.460351 
(RotAngMom) Rotational Angular Momentum [kg*m^2/sec]: 1.428274e+39 
(RotVel) Rotational Velocity [m/sec]: 118.664356 
(BodyType) Type of Body (0 == planet) []: 0.000000 
(RotRate) Rotational Frequency [/sec]: 8.088400e-07 
(RotPer) Rotational Period [sec]: 7.768143e+06 
(Density) Average Density [kg/m^3]: 2.926799e+04 
(HZLimitDryRunaway) Semi-major axis of Dry Runaway HZ Limit [m]: 9.060742e+09 
(HZLimRecVenus) Recent Venus HZ Limit [m]: 8.111748e+09 
(HZLimRunaway) Runaway Greenhouse HZ Limit [m]: 1.070162e+10 
(HZLimMoistGreenhouse) Moist Greenhouse HZ Limit [m]: 1.073317e+10 
(HZLimMaxGreenhouse) Maximum Greenhouse HZ Limit [m]: 2.037109e+10 
(HZLimEarlyMars) Early Mars HZ Limit [m]: 2.221693e+10 
(Instellation) Orbit-averaged INcident STELLar radiATION [kg/sec^3]: -1.000000 
(CriticalSemiMajorAxis) Holman & Wiegert (1999) P-type Critical Semi-major Axis [m]: -1.000000 
(LXUVTot) Total XUV Luminosity [LSUN]: 1.946844e-06 
(LostEnergy) Body's Total Lost Energy [kg*m^2/sec^2]: 2.822344e+40 
(LostAngMom) Lost Angular Momentum due to Magnetic Braking [kg*m^2/sec]: 1.303749e+42 
(EscapeVelocity) Escape Velocity [m/sec]: 5.934930e+05 
----- STELLAR PARAMETERS (star)------
(Luminosity) Luminosity [LSUN]: 0.004453 
(LXUVStellar) Base X-ray/XUV Luminosity [LSUN]: 1.598634e-06 
(Temperature) Effective Temperature [K]: 3245.654243 
(LXUVFrac) Fraction of luminosity in XUV []: 0.000359 
(RossbyNumber) Rossby Number []: 1.508209 
(DRotPerDtStellar) Time Rate of Change of Rotation Period in STELLAR []: 1.429839e-11 
(WindTorque) Stellar Wind Torque []: 2.628945e+21 
----- FLARE PARAMETERS (star)------
(LXUVFlare) XUV Luminosity from flares [LSUN]: 3.481910e-07 
(FlareFreq1) First value of flare frequency range [/sec]: 5.603838e-07 
(FlareFreq2) Second value of flare frequency range [/sec]: 3.842522e-07 
(FlareFreq3) Third value of flare frequency range [/sec]: 2.634798e-07 
(FlareFreq4) Fourth value of flare frequency range [/sec]: 1.806667e-07 
(FlareFreqMin) Frequency of the flares with the lowest energy [/sec]: 5.603838e-07 
(FlareFreqMid) Frequency of the flares with the middle energy in the energy range [/sec]: 1.287639e-08 
(FlareFreqMax) Frequency of the flares with the highest energy [/sec]: 2.958713e-10 
(FlareEnergy1) First value of flare energy range [kg*m^2/sec^2]: 5.334000e+25 
(FlareEnergy2) Second value of flare energy range [kg*m^2/sec^2]: 7.534475e+25 
(FlareEnergy3) Third value of flare energy range [kg*m^2/sec^2]: 1.064273e+26 
(FlareEnergy4) Fourth value of flare energy range [kg*m^2/sec^2]: 1.503325e+26 
(FlareEnergyMin) Minimum flare energy [kg*m^2/sec^2]: 5.334000e+25 
(FlareEnergyMid) Middle flare energy in the range of energy values [kg*m^2/sec^2]: 1.686759e+27 
(FlareEnergyMax) Maximum flare energy [kg*m^2/sec^2]: 5.334000e+28 
(FlareYIntOUT) Instantaneous Davenport FFD y-intercept at current age and mass []: 34.438025 
(FlareSlopeOUT) Instantaneous Davenport FFD slope at current age and mass []: -1.092461 

Output Order: Time[year] Luminosity[LSUN] LXUVStellar[LSUN] LXUVFlare[LSUN] LXUVTot[LSUN]
Grid Output Order:

----- BODY: b ----
Active Modules: AtmEsc
Module Bit Sum: 9
Color: 000000
(Mass) Mass [kg]: 9.968860e+24 
(Radius) Radius [m]: 7.266682e+06 
(RadGyra) Radius of Gyration/Moment of Inertia Constant []: 0.500000 
(BodyType) Type of Body (0 == planet) []: 0.000000 
(Density) Average Density [kg/m^3]: 6202.239217 
(HZLimitDryRunaway) Semi-major axis of Dry Runaway HZ Limit [m]: 9.061102e+09 
(HZLimRecVenus) Recent Venus HZ Limit [m]: 8.111748e+09 
(HZLimRunaway) Runaway Greenhouse HZ Limit [m]: 1.070162e+10 
(HZLimMoistGreenhouse) Moist Greenhouse HZ Limit [m]: 1.073317e+10 
(HZLimMaxGreenhouse) Maximum Greenhouse HZ Limit [m]: 2.037109e+10 
(HZLimEarlyMars) Early Mars HZ Limit [m]: 2.221693e+10 
(Instellation) Orbit-averaged INcident STELLar radiATION [kg/sec^3]: 2.469649e+04 
(MeanMotion) Orbital Mean Motion [/sec]: 4.464489e-05 
(OrbPeriod) Orbital Period [sec]: 1.407369e+05 
(SemiMajorAxis) Semi-major Axis [m]: 2.349140e+09 
(LXUVTot) Total XUV Luminosity [kg/sec^3]: -1.000000 
(EscapeVelocity) Escape Velocity [m/sec]: 1.353231e+04 
----- ATMESC PARAMETERS (b)------
(SurfWaterMass) Surface water mass [kg]: 0.000000 
(EnvelopeMass) Envelope mass [kg]: 0.000000 
(OxygenMass) Oxygen mass in the atmosphere [kg]: 0.000000 
(RGLimit) Runaway greenhouse semi-major axis [m]: 1.025572e+10 
(XO) Atomic oxygen mixing ratio in upper atmosphere []: 0.000000 
(EtaO) Oxygen eta parameter (Luger and Barnes 2015) []: 0.000000 
(PlanetRadius) Planet radius [m]: 7.266682e+06 
(OxygenMantleMass) Mass of oxygen in mantle [kg]: 0.000000 
(RadXUV) XUV radius separating hydro. dyn. escape and equilibrium [m]: -1.000000 
(RadSolid) Radius to the solid surface [m]: -1.000000 
(PresXUV) Pressure at base of thermosphere [(null)]: 5.000000 
(ScaleHeight) Scale height in Lehmer & Catling (2016) model [m]: -1.000000 
(ThermTemp) Isothermal atmospheric temperature [K]: 400.000000 
(AtmGasConst) Atmospheric gas constant [(null)]: 4124.000000 
(PresSurf) Surface pressure due to atmosphere [Pa]: -1.000000 
(DEnvMassDt) Envelope Mass Loss Rate [kg/s]: 0.000000 
(FXUV) XUV flux [W/m^2]: 10.797672 
(AtmXAbsEffH2O) XUV atmospheric escape efficiency for H2O []: 0.300000 
(RocheRadius) Roche Lobe Radius [m]: 4.809856e+07 
(BondiRadius) Bondi Radius [m]: 6.175618e+08 
(HEscapeRegime) Integer flag for H envelope escape regime []: 8.000000 
(RRCriticalFlux) Critical XUV Flux that separates RR and energy-limited escape [W/m^2]: 60.792462 
(CrossoverMass) Crossover mass, defines oxygen is escaping if mc > mo [kg]: 0.000000 
(WaterEscapeRegime) What water escape regime the code is currently in []: 8.000000 
(FXUVCRITDRAG) Critical Drag XUV flux [W/m^2]: 0.501834 
(HREFFLUX) The Hydrogen Reference Flux (m^-2 s^-1) [m^-2 s^-1]: 6.871754e+18 
(XO2) Molecular oxygen mixing ratio in atmosphere []: 0.000000 
(XH2O) Water mixing ratio in upper atmosphere []: 0.000000 
(HDiffFlux) The Hydrogen Diffusion Flux (m^-2 s^-1) [m^-2 s^-1]: 2.439839e+17 
(HRefODragMod) Multiply by H ref flux to get flux with drag []: 1.000000 
(KTide) Mass loss enhancement due to stellar gravity []: 0.775106 
(CumulativeXUVFlux) Cumulative XUV flux [W/m^2]: 1.246846e+19 
(RunawayGreenhouseFlux) Incident flux that triggers runaway greenhouse [kg/sec^3]: 1295.645713 
(RGDuration) Runaway Greenhouse Duration [years]: 0.00000e+00

Output Order: Time[year] CumulativeXUVFlux[W/m^2]
Grid Output Order:
