-------- Log file gj1132.log -------

Executable: /home/vplanet/.local/bin/vplanet
Version: Unknown
System Name: gj1132
Primary Input File: vpl.in
Body File #1: star.in
Body File #2: b.in
Allow files to be overwitten: Yes
Mass Units: Grams
Length Units: Meters
Time Units: Seconds
Angle Units: Radians

------- FORMATTING -----
Verbosity Level: 5
Crossover Decade for Scientific Notation: 4
Number of Digits After Decimal: 6
Integration Method: Runge-Kutta4
Direction: Forward
Time Step: 3.155760e+07
Stop Time: 2.150650e+17
Output Interval: 3.155760e+13
Use Variable Timestep: Yes
dEta: 0.010000
Minimum Value of ecc and obl: 1.000000e-10


---- INITIAL SYSTEM PROPERTIES ----
(Age) System Age [sec]: 2.275836e+14 
(Time) Simulation Time [sec]: 0.000000 
(TotAngMom) Total Angular Momentum [kg*m^2/sec]: 1.105197e+42 
(TotEnergy) Total System Energy [kg*m^2/sec^2]: -1.232291e+40 
(PotEnergy) Body's non-orbital Potential Energy [kg*m^2/sec^2]: -1.236295e+40 
(KinEnergy) Body's non-orbital Kinetic Energy [kg*m^2/sec^2]: 4.009984e+37 
(DeltaTime) Average Timestep Over Last Output Interval [sec]: 0.000000 

----- BODY: star ----
Active Modules: FLARE STELLAR
Module Bit Sum: 577
Color: 000000
(Mass) Mass [kg]: 3.697282e+29 
(Radius) Radius [m]: 4.427909e+08 
(RadGyra) Radius of Gyration/Moment of Inertia Constant []: 0.457383 
(RotAngMom) Rotational Angular Momentum [kg*m^2/sec]: 1.102825e+42 
(RotVel) Rotational Velocity [m/sec]: 3.220066e+04 
(BodyType) Type of Body (0 == planet) []: 0.000000 
(RotRate) Rotational Frequency [/sec]: 7.272205e-05 
(RotPer) Rotational Period [sec]: 8.640000e+04 
(Density) Average Density [kg/m^3]: 1016.712044 
(HZLimitDryRunaway) Semi-major axis of Dry Runaway HZ Limit [m]: 2.665887e+10 
(HZLimRecVenus) Recent Venus HZ Limit [m]: 2.388540e+10 
(HZLimRunaway) Runaway Greenhouse HZ Limit [m]: 3.149997e+10 
(HZLimMoistGreenhouse) Moist Greenhouse HZ Limit [m]: 3.160430e+10 
(HZLimMaxGreenhouse) Maximum Greenhouse HZ Limit [m]: 6.007600e+10 
(HZLimEarlyMars) Early Mars HZ Limit [m]: 6.551937e+10 
(Instellation) Orbit-averaged INcident STELLar radiATION [kg/sec^3]: -1.000000 
(CriticalSemiMajorAxis) Holman & Wiegert (1999) P-type Critical Semi-major Axis [m]: -1.000000 
(LXUVTot) Total XUV Luminosity [LSUN]: 8.822123e-05 
(LostEnergy) Body's Total Lost Energy [kg*m^2/sec^2]: 5.562685e-309 
(LostAngMom) Lost Angular Momentum due to Magnetic Braking [kg*m^2/sec]: 5.562685e-309 
(EscapeVelocity) Escape Velocity [m/sec]: 3.338560e+05 
----- STELLAR PARAMETERS (star)------
(Luminosity) Luminosity [LSUN]: 0.038547 
(LXUVStellar) Base X-ray/XUV Luminosity [LSUN]: 7.860780e-05 
(Temperature) Effective Temperature [K]: 3205.279268 
(LXUVFrac) Fraction of luminosity in XUV []: 0.002039 
(RossbyNumber) Rossby Number []: 0.016431 
(DRotPerDtStellar) Time Rate of Change of Rotation Period in STELLAR []: -1.083140e-10 
(WindTorque) Stellar Wind Torque []: 2.261275e+27 
----- FLARE PARAMETERS (star)------
(LXUVFlare) XUV Luminosity from flares [LSUN]: 9.613436e-06 
(FlareFreq1) First value of flare frequency range [/sec]: 1.715243e-06 
(FlareFreq2) Second value of flare frequency range [/sec]: 1.370987e-06 
(FlareFreq3) Third value of flare frequency range [/sec]: 1.095824e-06 
(FlareFreq4) Fourth value of flare frequency range [/sec]: 8.758871e-07 
(FlareFreqMin) Frequency of the flares with the lowest energy [/sec]: 1.715243e-06 
(FlareFreqMid) Frequency of the flares with the middle energy in the energy range [/sec]: 1.825578e-07 
(FlareFreqMax) Frequency of the flares with the highest energy [/sec]: 1.943010e-08 
(FlareEnergy1) First value of flare energy range [kg*m^2/sec^2]: 5.334000e+25 
(FlareEnergy2) Second value of flare energy range [kg*m^2/sec^2]: 7.534475e+25 
(FlareEnergy3) Third value of flare energy range [kg*m^2/sec^2]: 1.064273e+26 
(FlareEnergy4) Fourth value of flare energy range [kg*m^2/sec^2]: 1.503325e+26 
(FlareEnergyMin) Minimum flare energy [kg*m^2/sec^2]: 5.334000e+25 
(FlareEnergyMid) Middle flare energy in the range of energy values [kg*m^2/sec^2]: 1.686759e+27 
(FlareEnergyMax) Maximum flare energy [kg*m^2/sec^2]: 5.334000e+28 
(FlareYIntOUT) Instantaneous Davenport FFD y-intercept at current age and mass []: 20.398160 
(FlareSlopeOUT) Instantaneous Davenport FFD slope at current age and mass []: -0.648617 

Output Order: Time[year] Luminosity[LSUN] LXUVStellar[LSUN] LXUVFlare[LSUN] LXUVTot[LSUN]
Grid Output Order:

----- BODY: b ----
Active Modules: AtmEsc
Module Bit Sum: 9
Color: 000000
(Mass) Mass [kg]: 9.927730e+24 
(Radius) Radius [m]: 7.256900e+06 
(RadGyra) Radius of Gyration/Moment of Inertia Constant []: 0.500000 
(BodyType) Type of Body (0 == planet) []: 0.000000 
(Density) Average Density [kg/m^3]: 6201.659747 
(HZLimitDryRunaway) Semi-major axis of Dry Runaway HZ Limit [m]: 2.665893e+10 
(HZLimRecVenus) Recent Venus HZ Limit [m]: 2.388540e+10 
(HZLimRunaway) Runaway Greenhouse HZ Limit [m]: 3.149997e+10 
(HZLimMoistGreenhouse) Moist Greenhouse HZ Limit [m]: 3.160430e+10 
(HZLimMaxGreenhouse) Maximum Greenhouse HZ Limit [m]: 6.007600e+10 
(HZLimEarlyMars) Early Mars HZ Limit [m]: 6.551937e+10 
(Instellation) Orbit-averaged INcident STELLar radiATION [kg/sec^3]: 2.204311e+05 
(MeanMotion) Orbital Mean Motion [/sec]: 4.464363e-05 
(OrbPeriod) Orbital Period [sec]: 1.407409e+05 
(SemiMajorAxis) Semi-major Axis [m]: 2.313449e+09 
(LXUVTot) Total XUV Luminosity [kg/sec^3]: -1.000000 
(EscapeVelocity) Escape Velocity [m/sec]: 1.351346e+04 
----- ATMESC PARAMETERS (b)------
(SurfWaterMass) Surface water mass [kg]: 0.000000 
(EnvelopeMass) Envelope mass [kg]: 0.000000 
(OxygenMass) Oxygen mass in the atmosphere [kg]: 0.000000 
(RGLimit) Runaway greenhouse semi-major axis [m]: 3.019043e+10 
(XO) Atomic oxygen mixing ratio in upper atmosphere []: 0.000000 
(EtaO) Oxygen eta parameter (Luger and Barnes 2015) []: 0.000000 
(PlanetRadius) Planet radius [m]: 7.256900e+06 
(OxygenMantleMass) Mass of oxygen in mantle [kg]: 0.000000 
(RadXUV) XUV radius separating hydro. dyn. escape and equilibrium [m]: -1.000000 
(RadSolid) Radius to the solid surface [m]: -1.000000 
(PresXUV) Pressure at base of thermosphere [(null)]: 5.000000 
(ScaleHeight) Scale height in Lehmer & Catling (2016) model [m]: -1.000000 
(ThermTemp) Isothermal atmospheric temperature [K]: 400.000000 
(AtmGasConst) Atmospheric gas constant [(null)]: 4124.000000 
(PresSurf) Surface pressure due to atmosphere [Pa]: -1.000000 
(DEnvMassDt) Envelope Mass Loss Rate [kg/s]: 0.000000 
(FXUV) XUV flux [W/m^2]: 504.491499 
(AtmXAbsEffH2O) XUV atmospheric escape efficiency for H2O []: 0.300000 
(RocheRadius) Roche Lobe Radius [m]: 4.803324e+07 
(BondiRadius) Bondi Radius [m]: 3.612229e+08 
(HEscapeRegime) Integer flag for H envelope escape regime []: 8.000000 
(RRCriticalFlux) Critical XUV Flux that separates RR and energy-limited escape [W/m^2]: 60.535570 
(CrossoverMass) Crossover mass, defines oxygen is escaping if mc > mo [kg]: 0.000000 
(WaterEscapeRegime) What water escape regime the code is currently in []: 8.000000 
(FXUVCRITDRAG) Critical Drag XUV flux [W/m^2]: 0.499717 
(HREFFLUX) The Hydrogen Reference Flux (m^-2 s^-1) [m^-2 s^-1]: 3.219611e+20 
(XO2) Molecular oxygen mixing ratio in atmosphere []: 0.000000 
(XH2O) Water mixing ratio in upper atmosphere []: 0.000000 
(HDiffFlux) The Hydrogen Diffusion Flux (m^-2 s^-1) [m^-2 s^-1]: 2.436327e+17 
(HRefODragMod) Multiply by H ref flux to get flux with drag []: 1.000000 
(KTide) Mass loss enhancement due to stellar gravity []: 0.775103 
(CumulativeXUVFlux) Cumulative XUV flux [W/m^2]: 0.000000 
(RunawayGreenhouseFlux) Incident flux that triggers runaway greenhouse [kg/sec^3]: 1294.350038 
(RGDuration) Runaway Greenhouse Duration [years]: 0.00000e+00

Output Order: Time[year] CumulativeXUVFlux[W/m^2]
Grid Output Order:



---- FINAL SYSTEM PROPERTIES ----
(Age) System Age [sec]: 2.152926e+17 
(Time) Simulation Time [sec]: 2.150650e+17 
(TotAngMom) Total Angular Momentum [kg*m^2/sec]: 1.106253e+42 
(TotEnergy) Total System Energy [kg*m^2/sec^2]: -1.231809e+40 
(PotEnergy) Body's non-orbital Potential Energy [kg*m^2/sec^2]: -3.900996e+40 
(KinEnergy) Body's non-orbital Kinetic Energy [kg*m^2/sec^2]: 5.965261e+32 
(DeltaTime) Average Timestep Over Last Output Interval [sec]: 1.213754e+12 

----- BODY: star ----
Active Modules: FLARE STELLAR
Module Bit Sum: 577
Color: 000000
(Mass) Mass [kg]: 3.697282e+29 
(Radius) Radius [m]: 1.403283e+08 
(RadGyra) Radius of Gyration/Moment of Inertia Constant []: 0.460657 
(RotAngMom) Rotational Angular Momentum [kg*m^2/sec]: 1.357669e+39 
(RotVel) Rotational Velocity [m/sec]: 123.313541 
(BodyType) Type of Body (0 == planet) []: 0.000000 
(RotRate) Rotational Frequency [/sec]: 8.787501e-07 
(RotPer) Rotational Period [sec]: 7.150139e+06 
(Density) Average Density [kg/m^3]: 3.194169e+04 
(HZLimitDryRunaway) Semi-major axis of Dry Runaway HZ Limit [m]: 8.586583e+09 
(HZLimRecVenus) Recent Venus HZ Limit [m]: 7.690435e+09 
(HZLimRunaway) Runaway Greenhouse HZ Limit [m]: 1.014385e+10 
(HZLimMoistGreenhouse) Moist Greenhouse HZ Limit [m]: 1.017571e+10 
(HZLimMaxGreenhouse) Maximum Greenhouse HZ Limit [m]: 1.932872e+10 
(HZLimEarlyMars) Early Mars HZ Limit [m]: 2.108008e+10 
(Instellation) Orbit-averaged INcident STELLar radiATION [kg/sec^3]: -1.000000 
(CriticalSemiMajorAxis) Holman & Wiegert (1999) P-type Critical Semi-major Axis [m]: -1.000000 
(LXUVTot) Total XUV Luminosity [LSUN]: 7.031713e-07 
(LostEnergy) Body's Total Lost Energy [kg*m^2/sec^2]: 2.669192e+40 
(LostAngMom) Lost Angular Momentum due to Magnetic Braking [kg*m^2/sec]: 1.102523e+42 
(EscapeVelocity) Escape Velocity [m/sec]: 5.930425e+05 
----- STELLAR PARAMETERS (star)------
(Luminosity) Luminosity [LSUN]: 0.003999 
(LXUVStellar) Base X-ray/XUV Luminosity [LSUN]: 3.487104e-07 
(Temperature) Effective Temperature [K]: 3224.401706 
(LXUVFrac) Fraction of luminosity in XUV []: 8.719981e-05 
(RossbyNumber) Rossby Number []: 1.373192 
(DRotPerDtStellar) Time Rate of Change of Rotation Period in STELLAR []: 2.261560e-11 
(WindTorque) Stellar Wind Torque []: 3.236764e+21 
----- FLARE PARAMETERS (star)------
(LXUVFlare) XUV Luminosity from flares [LSUN]: 3.544602e-07 
(FlareFreq1) First value of flare frequency range [/sec]: 5.637847e-07 
(FlareFreq2) Second value of flare frequency range [/sec]: 3.869609e-07 
(FlareFreq3) Third value of flare frequency range [/sec]: 2.655957e-07 
(FlareFreq4) Fourth value of flare frequency range [/sec]: 1.822951e-07 
(FlareFreqMin) Frequency of the flares with the lowest energy [/sec]: 5.637847e-07 
(FlareFreqMid) Frequency of the flares with the middle energy in the energy range [/sec]: 1.308134e-08 
(FlareFreqMax) Frequency of the flares with the highest energy [/sec]: 3.035226e-10 
(FlareEnergy1) First value of flare energy range [kg*m^2/sec^2]: 5.334000e+25 
(FlareEnergy2) Second value of flare energy range [kg*m^2/sec^2]: 7.534475e+25 
(FlareEnergy3) Third value of flare energy range [kg*m^2/sec^2]: 1.064273e+26 
(FlareEnergy4) Fourth value of flare energy range [kg*m^2/sec^2]: 1.503325e+26 
(FlareEnergyMin) Minimum flare energy [kg*m^2/sec^2]: 5.334000e+25 
(FlareEnergyMid) Middle flare energy in the range of energy values [kg*m^2/sec^2]: 1.686759e+27 
(FlareEnergyMax) Maximum flare energy [kg*m^2/sec^2]: 5.334000e+28 
(FlareYIntOUT) Instantaneous Davenport FFD y-intercept at current age and mass []: 34.348358 
(FlareSlopeOUT) Instantaneous Davenport FFD slope at current age and mass []: -1.089641 

Output Order: Time[year] Luminosity[LSUN] LXUVStellar[LSUN] LXUVFlare[LSUN] LXUVTot[LSUN]
Grid Output Order:

----- BODY: b ----
Active Modules: AtmEsc
Module Bit Sum: 9
Color: 000000
(Mass) Mass [kg]: 9.927730e+24 
(Radius) Radius [m]: 7.256900e+06 
(RadGyra) Radius of Gyration/Moment of Inertia Constant []: 0.500000 
(BodyType) Type of Body (0 == planet) []: 0.000000 
(Density) Average Density [kg/m^3]: 6201.659747 
(HZLimitDryRunaway) Semi-major axis of Dry Runaway HZ Limit [m]: 8.586603e+09 
(HZLimRecVenus) Recent Venus HZ Limit [m]: 7.690435e+09 
(HZLimRunaway) Runaway Greenhouse HZ Limit [m]: 1.014385e+10 
(HZLimMoistGreenhouse) Moist Greenhouse HZ Limit [m]: 1.017571e+10 
(HZLimMaxGreenhouse) Maximum Greenhouse HZ Limit [m]: 1.932872e+10 
(HZLimEarlyMars) Early Mars HZ Limit [m]: 2.108008e+10 
(Instellation) Orbit-averaged INcident STELLar radiATION [kg/sec^3]: 2.286810e+04 
(MeanMotion) Orbital Mean Motion [/sec]: 4.464363e-05 
(OrbPeriod) Orbital Period [sec]: 1.407409e+05 
(SemiMajorAxis) Semi-major Axis [m]: 2.313449e+09 
(LXUVTot) Total XUV Luminosity [kg/sec^3]: -1.000000 
(EscapeVelocity) Escape Velocity [m/sec]: 1.351346e+04 
----- ATMESC PARAMETERS (b)------
(SurfWaterMass) Surface water mass [kg]: 0.000000 
(EnvelopeMass) Envelope mass [kg]: 0.000000 
(OxygenMass) Oxygen mass in the atmosphere [kg]: 0.000000 
(RGLimit) Runaway greenhouse semi-major axis [m]: 9.722211e+09 
(XO) Atomic oxygen mixing ratio in upper atmosphere []: 0.000000 
(EtaO) Oxygen eta parameter (Luger and Barnes 2015) []: 0.000000 
(PlanetRadius) Planet radius [m]: 7.256900e+06 
(OxygenMantleMass) Mass of oxygen in mantle [kg]: 0.000000 
(RadXUV) XUV radius separating hydro. dyn. escape and equilibrium [m]: -1.000000 
(RadSolid) Radius to the solid surface [m]: -1.000000 
(PresXUV) Pressure at base of thermosphere [(null)]: 5.000000 
(ScaleHeight) Scale height in Lehmer & Catling (2016) model [m]: -1.000000 
(ThermTemp) Isothermal atmospheric temperature [K]: 400.000000 
(AtmGasConst) Atmospheric gas constant [(null)]: 4124.000000 
(PresSurf) Surface pressure due to atmosphere [Pa]: -1.000000 
(DEnvMassDt) Envelope Mass Loss Rate [kg/s]: 0.000000 
(FXUV) XUV flux [W/m^2]: 4.021072 
(AtmXAbsEffH2O) XUV atmospheric escape efficiency for H2O []: 0.300000 
(RocheRadius) Roche Lobe Radius [m]: 4.803324e+07 
(BondiRadius) Bondi Radius [m]: 6.378501e+08 
(HEscapeRegime) Integer flag for H envelope escape regime []: 8.000000 
(RRCriticalFlux) Critical XUV Flux that separates RR and energy-limited escape [W/m^2]: 60.535570 
(CrossoverMass) Crossover mass, defines oxygen is escaping if mc > mo [kg]: 0.000000 
(WaterEscapeRegime) What water escape regime the code is currently in []: 8.000000 
(FXUVCRITDRAG) Critical Drag XUV flux [W/m^2]: 0.499717 
(HREFFLUX) The Hydrogen Reference Flux (m^-2 s^-1) [m^-2 s^-1]: 2.566205e+18 
(XO2) Molecular oxygen mixing ratio in atmosphere []: 0.000000 
(XH2O) Water mixing ratio in upper atmosphere []: 0.000000 
(HDiffFlux) The Hydrogen Diffusion Flux (m^-2 s^-1) [m^-2 s^-1]: 2.436327e+17 
(HRefODragMod) Multiply by H ref flux to get flux with drag []: 1.000000 
(KTide) Mass loss enhancement due to stellar gravity []: 0.775103 
(CumulativeXUVFlux) Cumulative XUV flux [W/m^2]: 3.633532e+18 
(RunawayGreenhouseFlux) Incident flux that triggers runaway greenhouse [kg/sec^3]: 1294.844497 
(RGDuration) Runaway Greenhouse Duration [years]: 0.00000e+00

Output Order: Time[year] CumulativeXUVFlux[W/m^2]
Grid Output Order:
