-------- Log file gj1132.log -------

Executable: /home/vplanet/.local/bin/vplanet
Version: Unknown
System Name: gj1132
Primary Input File: vpl.in
Body File #1: star.in
Body File #2: b.in
Allow files to be overwitten: Yes
Mass Units: Grams
Length Units: Meters
Time Units: Seconds
Angle Units: Radians

------- FORMATTING -----
Verbosity Level: 5
Crossover Decade for Scientific Notation: 4
Number of Digits After Decimal: 6
Integration Method: Runge-Kutta4
Direction: Forward
Time Step: 3.155760e+07
Stop Time: 2.073873e+17
Output Interval: 3.155760e+13
Use Variable Timestep: Yes
dEta: 0.010000
Minimum Value of ecc and obl: 1.000000e-10


---- INITIAL SYSTEM PROPERTIES ----
(Age) System Age [sec]: 1.515248e+14 
(Time) Simulation Time [sec]: 0.000000 
(TotAngMom) Total Angular Momentum [kg*m^2/sec]: 1.607446e+42 
(TotEnergy) Total System Energy [kg*m^2/sec^2]: -1.124834e+40 
(PotEnergy) Body's non-orbital Potential Energy [kg*m^2/sec^2]: -1.130665e+40 
(KinEnergy) Body's non-orbital Kinetic Energy [kg*m^2/sec^2]: 5.836124e+37 
(DeltaTime) Average Timestep Over Last Output Interval [sec]: 0.000000 

----- BODY: star ----
Active Modules: FLARE STELLAR
Module Bit Sum: 577
Color: 000000
(Mass) Mass [kg]: 3.851621e+29 
(Radius) Radius [m]: 5.254228e+08 
(RadGyra) Radius of Gyration/Moment of Inertia Constant []: 0.455597 
(RotAngMom) Rotational Angular Momentum [kg*m^2/sec]: 1.605049e+42 
(RotVel) Rotational Velocity [m/sec]: 3.820983e+04 
(BodyType) Type of Body (0 == planet) []: 0.000000 
(RotRate) Rotational Frequency [/sec]: 7.272205e-05 
(RotPer) Rotational Period [sec]: 8.640000e+04 
(Density) Average Density [kg/m^3]: 633.910883 
(HZLimitDryRunaway) Semi-major axis of Dry Runaway HZ Limit [m]: 3.149309e+10 
(HZLimRecVenus) Recent Venus HZ Limit [m]: 2.822054e+10 
(HZLimRunaway) Runaway Greenhouse HZ Limit [m]: 3.721478e+10 
(HZLimMoistGreenhouse) Moist Greenhouse HZ Limit [m]: 3.734042e+10 
(HZLimMaxGreenhouse) Maximum Greenhouse HZ Limit [m]: 7.099893e+10 
(HZLimEarlyMars) Early Mars HZ Limit [m]: 7.743197e+10 
(Instellation) Orbit-averaged INcident STELLar radiATION [kg/sec^3]: -1.000000 
(CriticalSemiMajorAxis) Holman & Wiegert (1999) P-type Critical Semi-major Axis [m]: -1.000000 
(LXUVTot) Total XUV Luminosity [LSUN]: 0.000408 
(LostEnergy) Body's Total Lost Energy [kg*m^2/sec^2]: 5.562685e-309 
(LostAngMom) Lost Angular Momentum due to Magnetic Braking [kg*m^2/sec]: 5.562685e-309 
(EscapeVelocity) Escape Velocity [m/sec]: 3.128128e+05 
----- STELLAR PARAMETERS (star)------
(Luminosity) Luminosity [LSUN]: 0.053795 
(LXUVStellar) Base X-ray/XUV Luminosity [LSUN]: 0.000395 
(Temperature) Effective Temperature [K]: 3198.145117 
(LXUVFrac) Fraction of luminosity in XUV []: 0.007347 
(RossbyNumber) Rossby Number []: 0.016372 
(DRotPerDtStellar) Time Rate of Change of Rotation Period in STELLAR []: -1.277861e-10 
(WindTorque) Stellar Wind Torque []: 5.480675e+27 
----- FLARE PARAMETERS (star)------
(LXUVFlare) XUV Luminosity from flares [LSUN]: 1.247805e-05 
(FlareFreq1) First value of flare frequency range [/sec]: 1.842145e-06 
(FlareFreq2) Second value of flare frequency range [/sec]: 1.489347e-06 
(FlareFreq3) Third value of flare frequency range [/sec]: 1.204116e-06 
(FlareFreq4) Fourth value of flare frequency range [/sec]: 9.735102e-07 
(FlareFreqMin) Frequency of the flares with the lowest energy [/sec]: 1.842145e-06 
(FlareFreqMid) Frequency of the flares with the middle energy in the energy range [/sec]: 2.198094e-07 
(FlareFreqMax) Frequency of the flares with the highest energy [/sec]: 2.622821e-08 
(FlareEnergy1) First value of flare energy range [kg*m^2/sec^2]: 5.334000e+25 
(FlareEnergy2) Second value of flare energy range [kg*m^2/sec^2]: 7.534475e+25 
(FlareEnergy3) Third value of flare energy range [kg*m^2/sec^2]: 1.064273e+26 
(FlareEnergy4) Fourth value of flare energy range [kg*m^2/sec^2]: 1.503325e+26 
(FlareEnergyMin) Minimum flare energy [kg*m^2/sec^2]: 5.334000e+25 
(FlareEnergyMid) Middle flare energy in the range of energy values [kg*m^2/sec^2]: 1.686759e+27 
(FlareEnergyMax) Maximum flare energy [kg*m^2/sec^2]: 5.334000e+28 
(FlareYIntOUT) Instantaneous Davenport FFD y-intercept at current age and mass []: 19.345940 
(FlareSlopeOUT) Instantaneous Davenport FFD slope at current age and mass []: -0.615518 

Output Order: Time[year] Luminosity[LSUN] LXUVStellar[LSUN] LXUVFlare[LSUN] LXUVTot[LSUN]
Grid Output Order:

----- BODY: b ----
Active Modules: AtmEsc
Module Bit Sum: 9
Color: 000000
(Mass) Mass [kg]: 9.760535e+24 
(Radius) Radius [m]: 7.042487e+06 
(RadGyra) Radius of Gyration/Moment of Inertia Constant []: 0.500000 
(BodyType) Type of Body (0 == planet) []: 0.000000 
(Density) Average Density [kg/m^3]: 6671.244312 
(HZLimitDryRunaway) Semi-major axis of Dry Runaway HZ Limit [m]: 3.149317e+10 
(HZLimRecVenus) Recent Venus HZ Limit [m]: 2.822054e+10 
(HZLimRunaway) Runaway Greenhouse HZ Limit [m]: 3.721478e+10 
(HZLimMoistGreenhouse) Moist Greenhouse HZ Limit [m]: 3.734042e+10 
(HZLimMaxGreenhouse) Maximum Greenhouse HZ Limit [m]: 7.099893e+10 
(HZLimEarlyMars) Early Mars HZ Limit [m]: 7.743197e+10 
(Instellation) Orbit-averaged INcident STELLar radiATION [kg/sec^3]: 2.993582e+05 
(MeanMotion) Orbital Mean Motion [/sec]: 4.464452e-05 
(OrbPeriod) Orbital Period [sec]: 1.407381e+05 
(SemiMajorAxis) Semi-major Axis [m]: 2.345169e+09 
(LXUVTot) Total XUV Luminosity [kg/sec^3]: -1.000000 
(EscapeVelocity) Escape Velocity [m/sec]: 1.360163e+04 
----- ATMESC PARAMETERS (b)------
(SurfWaterMass) Surface water mass [kg]: 0.000000 
(EnvelopeMass) Envelope mass [kg]: 0.000000 
(OxygenMass) Oxygen mass in the atmosphere [kg]: 0.000000 
(RGLimit) Runaway greenhouse semi-major axis [m]: 3.568157e+10 
(XO) Atomic oxygen mixing ratio in upper atmosphere []: 0.000000 
(EtaO) Oxygen eta parameter (Luger and Barnes 2015) []: 0.000000 
(PlanetRadius) Planet radius [m]: 7.042487e+06 
(OxygenMantleMass) Mass of oxygen in mantle [kg]: 0.000000 
(RadXUV) XUV radius separating hydro. dyn. escape and equilibrium [m]: -1.000000 
(RadSolid) Radius to the solid surface [m]: -1.000000 
(PresXUV) Pressure at base of thermosphere [(null)]: 5.000000 
(ScaleHeight) Scale height in Lehmer & Catling (2016) model [m]: -1.000000 
(ThermTemp) Isothermal atmospheric temperature [K]: 400.000000 
(AtmGasConst) Atmospheric gas constant [(null)]: 4124.000000 
(PresSurf) Surface pressure due to atmosphere [Pa]: -1.000000 
(DEnvMassDt) Envelope Mass Loss Rate [kg/s]: 0.000000 
(FXUV) XUV flux [W/m^2]: 2268.737025 
(AtmXAbsEffH2O) XUV atmospheric escape efficiency for H2O []: 0.300000 
(RocheRadius) Roche Lobe Radius [m]: 4.776141e+07 
(BondiRadius) Bondi Radius [m]: 3.245296e+08 
(HEscapeRegime) Integer flag for H envelope escape regime []: 8.000000 
(RRCriticalFlux) Critical XUV Flux that separates RR and energy-limited escape [W/m^2]: 64.904914 
(CrossoverMass) Crossover mass, defines oxygen is escaping if mc > mo [kg]: 0.000000 
(WaterEscapeRegime) What water escape regime the code is currently in []: 8.000000 
(FXUVCRITDRAG) Critical Drag XUV flux [W/m^2]: 0.528502 
(HREFFLUX) The Hydrogen Reference Flux (m^-2 s^-1) [m^-2 s^-1]: 1.419426e+21 
(XO2) Molecular oxygen mixing ratio in atmosphere []: 0.000000 
(XH2O) Water mixing ratio in upper atmosphere []: 0.000000 
(HDiffFlux) The Hydrogen Diffusion Flux (m^-2 s^-1) [m^-2 s^-1]: 2.543369e+17 
(HRefODragMod) Multiply by H ref flux to get flux with drag []: 1.000000 
(KTide) Mass loss enhancement due to stellar gravity []: 0.780426 
(CumulativeXUVFlux) Cumulative XUV flux [W/m^2]: 0.000000 
(RunawayGreenhouseFlux) Incident flux that triggers runaway greenhouse [kg/sec^3]: 1293.152242 
(RGDuration) Runaway Greenhouse Duration [years]: 0.00000e+00

Output Order: Time[year] CumulativeXUVFlux[W/m^2]
Grid Output Order:



---- FINAL SYSTEM PROPERTIES ----
(Age) System Age [sec]: 2.075481e+17 
(Time) Simulation Time [sec]: 2.073965e+17 
(TotAngMom) Total Angular Momentum [kg*m^2/sec]: 1.610904e+42 
(TotEnergy) Total System Energy [kg*m^2/sec^2]: -1.123698e+40 
(PotEnergy) Body's non-orbital Potential Energy [kg*m^2/sec^2]: -4.092619e+40 
(KinEnergy) Body's non-orbital Kinetic Energy [kg*m^2/sec^2]: 6.647766e+32 
(DeltaTime) Average Timestep Over Last Output Interval [sec]: 3.155760e+13 

----- BODY: star ----
Active Modules: FLARE STELLAR
Module Bit Sum: 577
Color: 000000
(Mass) Mass [kg]: 3.851621e+29 
(Radius) Radius [m]: 1.451582e+08 
(RadGyra) Radius of Gyration/Moment of Inertia Constant []: 0.460476 
(RotAngMom) Rotational Angular Momentum [kg*m^2/sec]: 1.512596e+39 
(RotVel) Rotational Velocity [m/sec]: 127.592275 
(BodyType) Type of Body (0 == planet) []: 0.000000 
(RotRate) Rotational Frequency [/sec]: 8.789877e-07 
(RotPer) Rotational Period [sec]: 7.148206e+06 
(Density) Average Density [kg/m^3]: 3.006286e+04 
(HZLimitDryRunaway) Semi-major axis of Dry Runaway HZ Limit [m]: 8.979490e+09 
(HZLimRecVenus) Recent Venus HZ Limit [m]: 8.039438e+09 
(HZLimRunaway) Runaway Greenhouse HZ Limit [m]: 1.060596e+10 
(HZLimMoistGreenhouse) Moist Greenhouse HZ Limit [m]: 1.063750e+10 
(HZLimMaxGreenhouse) Maximum Greenhouse HZ Limit [m]: 2.019162e+10 
(HZLimEarlyMars) Early Mars HZ Limit [m]: 2.202119e+10 
(Instellation) Orbit-averaged INcident STELLar radiATION [kg/sec^3]: -1.000000 
(CriticalSemiMajorAxis) Holman & Wiegert (1999) P-type Critical Semi-major Axis [m]: -1.000000 
(LXUVTot) Total XUV Luminosity [LSUN]: 2.049385e-06 
(LostEnergy) Body's Total Lost Energy [kg*m^2/sec^2]: 2.968926e+40 
(LostAngMom) Lost Angular Momentum due to Magnetic Braking [kg*m^2/sec]: 1.606995e+42 
(EscapeVelocity) Escape Velocity [m/sec]: 5.951387e+05 
----- STELLAR PARAMETERS (star)------
(Luminosity) Luminosity [LSUN]: 0.004373 
(LXUVStellar) Base X-ray/XUV Luminosity [LSUN]: 1.675602e-06 
(Temperature) Effective Temperature [K]: 3242.912574 
(LXUVFrac) Fraction of luminosity in XUV []: 0.000383 
(RossbyNumber) Rossby Number []: 1.385898 
(DRotPerDtStellar) Time Rate of Change of Rotation Period in STELLAR []: 1.751735e-11 
(WindTorque) Stellar Wind Torque []: 3.777784e+21 
----- FLARE PARAMETERS (star)------
(LXUVFlare) XUV Luminosity from flares [LSUN]: 3.737585e-07 
(FlareFreq1) First value of flare frequency range [/sec]: 5.732346e-07 
(FlareFreq2) Second value of flare frequency range [/sec]: 3.946255e-07 
(FlareFreq3) Third value of flare frequency range [/sec]: 2.716677e-07 
(FlareFreq4) Fourth value of flare frequency range [/sec]: 1.870212e-07 
(FlareFreqMin) Frequency of the flares with the lowest energy [/sec]: 5.732346e-07 
(FlareFreqMid) Frequency of the flares with the middle energy in the energy range [/sec]: 1.370440e-08 
(FlareFreqMax) Frequency of the flares with the highest energy [/sec]: 3.276332e-10 
(FlareEnergy1) First value of flare energy range [kg*m^2/sec^2]: 5.334000e+25 
(FlareEnergy2) Second value of flare energy range [kg*m^2/sec^2]: 7.534475e+25 
(FlareEnergy3) Third value of flare energy range [kg*m^2/sec^2]: 1.064273e+26 
(FlareEnergy4) Fourth value of flare energy range [kg*m^2/sec^2]: 1.503325e+26 
(FlareEnergyMin) Minimum flare energy [kg*m^2/sec^2]: 5.334000e+25 
(FlareEnergyMid) Middle flare energy in the range of energy values [kg*m^2/sec^2]: 1.686759e+27 
(FlareEnergyMax) Maximum flare energy [kg*m^2/sec^2]: 5.334000e+28 
(FlareYIntOUT) Instantaneous Davenport FFD y-intercept at current age and mass []: 34.072185 
(FlareSlopeOUT) Instantaneous Davenport FFD slope at current age and mass []: -1.080982 

Output Order: Time[year] Luminosity[LSUN] LXUVStellar[LSUN] LXUVFlare[LSUN] LXUVTot[LSUN]
Grid Output Order:

----- BODY: b ----
Active Modules: AtmEsc
Module Bit Sum: 9
Color: 000000
(Mass) Mass [kg]: 9.760535e+24 
(Radius) Radius [m]: 7.042487e+06 
(RadGyra) Radius of Gyration/Moment of Inertia Constant []: 0.500000 
(BodyType) Type of Body (0 == planet) []: 0.000000 
(Density) Average Density [kg/m^3]: 6671.244312 
(HZLimitDryRunaway) Semi-major axis of Dry Runaway HZ Limit [m]: 8.979513e+09 
(HZLimRecVenus) Recent Venus HZ Limit [m]: 8.039438e+09 
(HZLimRunaway) Runaway Greenhouse HZ Limit [m]: 1.060596e+10 
(HZLimMoistGreenhouse) Moist Greenhouse HZ Limit [m]: 1.063750e+10 
(HZLimMaxGreenhouse) Maximum Greenhouse HZ Limit [m]: 2.019162e+10 
(HZLimEarlyMars) Early Mars HZ Limit [m]: 2.202119e+10 
(Instellation) Orbit-averaged INcident STELLar radiATION [kg/sec^3]: 2.433684e+04 
(MeanMotion) Orbital Mean Motion [/sec]: 4.464452e-05 
(OrbPeriod) Orbital Period [sec]: 1.407381e+05 
(SemiMajorAxis) Semi-major Axis [m]: 2.345169e+09 
(LXUVTot) Total XUV Luminosity [kg/sec^3]: -1.000000 
(EscapeVelocity) Escape Velocity [m/sec]: 1.360163e+04 
----- ATMESC PARAMETERS (b)------
(SurfWaterMass) Surface water mass [kg]: 0.000000 
(EnvelopeMass) Envelope mass [kg]: 0.000000 
(OxygenMass) Oxygen mass in the atmosphere [kg]: 0.000000 
(RGLimit) Runaway greenhouse semi-major axis [m]: 1.016917e+10 
(XO) Atomic oxygen mixing ratio in upper atmosphere []: 0.000000 
(EtaO) Oxygen eta parameter (Luger and Barnes 2015) []: 0.000000 
(PlanetRadius) Planet radius [m]: 7.042487e+06 
(OxygenMantleMass) Mass of oxygen in mantle [kg]: 0.000000 
(RadXUV) XUV radius separating hydro. dyn. escape and equilibrium [m]: -1.000000 
(RadSolid) Radius to the solid surface [m]: -1.000000 
(PresXUV) Pressure at base of thermosphere [(null)]: 5.000000 
(ScaleHeight) Scale height in Lehmer & Catling (2016) model [m]: -1.000000 
(ThermTemp) Isothermal atmospheric temperature [K]: 400.000000 
(AtmGasConst) Atmospheric gas constant [(null)]: 4124.000000 
(PresSurf) Surface pressure due to atmosphere [Pa]: -1.000000 
(DEnvMassDt) Envelope Mass Loss Rate [kg/s]: 0.000000 
(FXUV) XUV flux [W/m^2]: 11.404485 
(AtmXAbsEffH2O) XUV atmospheric escape efficiency for H2O []: 0.300000 
(RocheRadius) Roche Lobe Radius [m]: 4.776141e+07 
(BondiRadius) Bondi Radius [m]: 6.089070e+08 
(HEscapeRegime) Integer flag for H envelope escape regime []: 8.000000 
(RRCriticalFlux) Critical XUV Flux that separates RR and energy-limited escape [W/m^2]: 64.904914 
(CrossoverMass) Crossover mass, defines oxygen is escaping if mc > mo [kg]: 0.000000 
(WaterEscapeRegime) What water escape regime the code is currently in []: 8.000000 
(FXUVCRITDRAG) Critical Drag XUV flux [W/m^2]: 0.528502 
(HREFFLUX) The Hydrogen Reference Flux (m^-2 s^-1) [m^-2 s^-1]: 7.135169e+18 
(XO2) Molecular oxygen mixing ratio in atmosphere []: 0.000000 
(XH2O) Water mixing ratio in upper atmosphere []: 0.000000 
(HDiffFlux) The Hydrogen Diffusion Flux (m^-2 s^-1) [m^-2 s^-1]: 2.543369e+17 
(HRefODragMod) Multiply by H ref flux to get flux with drag []: 1.000000 
(KTide) Mass loss enhancement due to stellar gravity []: 0.780426 
(CumulativeXUVFlux) Cumulative XUV flux [W/m^2]: 1.277807e+19 
(RunawayGreenhouseFlux) Incident flux that triggers runaway greenhouse [kg/sec^3]: 1294.312390 
(RGDuration) Runaway Greenhouse Duration [years]: 0.00000e+00

Output Order: Time[year] CumulativeXUVFlux[W/m^2]
Grid Output Order:
