-------- Log file gj1132.log -------

Executable: /home/vplanet/.local/bin/vplanet
Version: Unknown
System Name: gj1132
Primary Input File: vpl.in
Body File #1: star.in
Body File #2: b.in
Allow files to be overwitten: Yes
Mass Units: Grams
Length Units: Meters
Time Units: Seconds
Angle Units: Radians

------- FORMATTING -----
Verbosity Level: 5
Crossover Decade for Scientific Notation: 4
Number of Digits After Decimal: 6
Integration Method: Runge-Kutta4
Direction: Forward
Time Step: 3.155760e+07
Stop Time: 2.101936e+17
Output Interval: 3.155760e+13
Use Variable Timestep: Yes
dEta: 0.010000
Minimum Value of ecc and obl: 1.000000e-10


---- INITIAL SYSTEM PROPERTIES ----
(Age) System Age [sec]: 1.804816e+14 
(Time) Simulation Time [sec]: 0.000000 
(TotAngMom) Total Angular Momentum [kg*m^2/sec]: 1.445058e+42 
(TotEnergy) Total System Energy [kg*m^2/sec^2]: -1.221533e+40 
(PotEnergy) Body's non-orbital Potential Energy [kg*m^2/sec^2]: -1.226773e+40 
(KinEnergy) Body's non-orbital Kinetic Energy [kg*m^2/sec^2]: 5.245606e+37 
(DeltaTime) Average Timestep Over Last Output Interval [sec]: 0.000000 

----- BODY: star ----
Active Modules: FLARE STELLAR
Module Bit Sum: 577
Color: 000000
(Mass) Mass [kg]: 3.893022e+29 
(Radius) Radius [m]: 4.947266e+08 
(RadGyra) Radius of Gyration/Moment of Inertia Constant []: 0.456287 
(RotAngMom) Rotational Angular Momentum [kg*m^2/sec]: 1.442645e+42 
(RotVel) Rotational Velocity [m/sec]: 3.597753e+04 
(BodyType) Type of Body (0 == planet) []: 0.000000 
(RotRate) Rotational Frequency [/sec]: 7.272205e-05 
(RotPer) Rotational Period [sec]: 8.640000e+04 
(Density) Average Density [kg/m^3]: 767.542611 
(HZLimitDryRunaway) Semi-major axis of Dry Runaway HZ Limit [m]: 2.995288e+10 
(HZLimRecVenus) Recent Venus HZ Limit [m]: 2.683187e+10 
(HZLimRunaway) Runaway Greenhouse HZ Limit [m]: 3.538874e+10 
(HZLimMoistGreenhouse) Moist Greenhouse HZ Limit [m]: 3.550298e+10 
(HZLimMaxGreenhouse) Maximum Greenhouse HZ Limit [m]: 6.746285e+10 
(HZLimEarlyMars) Early Mars HZ Limit [m]: 7.357557e+10 
(Instellation) Orbit-averaged INcident STELLar radiATION [kg/sec^3]: -1.000000 
(CriticalSemiMajorAxis) Holman & Wiegert (1999) P-type Critical Semi-major Axis [m]: -1.000000 
(LXUVTot) Total XUV Luminosity [LSUN]: 8.029182e-05 
(LostEnergy) Body's Total Lost Energy [kg*m^2/sec^2]: 5.562685e-309 
(LostAngMom) Lost Angular Momentum due to Magnetic Braking [kg*m^2/sec]: 5.562685e-309 
(EscapeVelocity) Escape Velocity [m/sec]: 3.240993e+05 
----- STELLAR PARAMETERS (star)------
(Luminosity) Luminosity [LSUN]: 0.048662 
(LXUVStellar) Base X-ray/XUV Luminosity [LSUN]: 6.900619e-05 
(Temperature) Effective Temperature [K]: 3214.645750 
(LXUVFrac) Fraction of luminosity in XUV []: 0.001418 
(RossbyNumber) Rossby Number []: 0.016511 
(DRotPerDtStellar) Time Rate of Change of Rotation Period in STELLAR []: -6.516385e-11 
(WindTorque) Stellar Wind Torque []: 3.947350e+27 
----- FLARE PARAMETERS (star)------
(LXUVFlare) XUV Luminosity from flares [LSUN]: 1.128563e-05 
(FlareFreq1) First value of flare frequency range [/sec]: 1.804444e-06 
(FlareFreq2) Second value of flare frequency range [/sec]: 1.451894e-06 
(FlareFreq3) Third value of flare frequency range [/sec]: 1.168224e-06 
(FlareFreq4) Fourth value of flare frequency range [/sec]: 9.399779e-07 
(FlareFreqMin) Frequency of the flares with the lowest energy [/sec]: 1.804444e-06 
(FlareFreqMid) Frequency of the flares with the middle energy in the energy range [/sec]: 2.052379e-07 
(FlareFreqMax) Frequency of the flares with the highest energy [/sec]: 2.334382e-08 
(FlareEnergy1) First value of flare energy range [kg*m^2/sec^2]: 5.334000e+25 
(FlareEnergy2) Second value of flare energy range [kg*m^2/sec^2]: 7.534475e+25 
(FlareEnergy3) Third value of flare energy range [kg*m^2/sec^2]: 1.064273e+26 
(FlareEnergy4) Fourth value of flare energy range [kg*m^2/sec^2]: 1.503325e+26 
(FlareEnergyMin) Minimum flare energy [kg*m^2/sec^2]: 5.334000e+25 
(FlareEnergyMid) Middle flare energy in the range of energy values [kg*m^2/sec^2]: 1.686759e+27 
(FlareEnergyMax) Maximum flare energy [kg*m^2/sec^2]: 5.334000e+28 
(FlareYIntOUT) Instantaneous Davenport FFD y-intercept at current age and mass []: 19.790952 
(FlareSlopeOUT) Instantaneous Davenport FFD slope at current age and mass []: -0.629390 

Output Order: Time[year] Luminosity[LSUN] LXUVStellar[LSUN] LXUVFlare[LSUN] LXUVTot[LSUN]
Grid Output Order:

----- BODY: b ----
Active Modules: AtmEsc
Module Bit Sum: 9
Color: 000000
(Mass) Mass [kg]: 9.755325e+24 
(Radius) Radius [m]: 7.236593e+06 
(RadGyra) Radius of Gyration/Moment of Inertia Constant []: 0.500000 
(BodyType) Type of Body (0 == planet) []: 0.000000 
(Density) Average Density [kg/m^3]: 6145.406920 
(HZLimitDryRunaway) Semi-major axis of Dry Runaway HZ Limit [m]: 2.995310e+10 
(HZLimRecVenus) Recent Venus HZ Limit [m]: 2.683187e+10 
(HZLimRunaway) Runaway Greenhouse HZ Limit [m]: 3.538874e+10 
(HZLimMoistGreenhouse) Moist Greenhouse HZ Limit [m]: 3.550298e+10 
(HZLimMaxGreenhouse) Maximum Greenhouse HZ Limit [m]: 6.746285e+10 
(HZLimEarlyMars) Early Mars HZ Limit [m]: 7.357557e+10 
(Instellation) Orbit-averaged INcident STELLar radiATION [kg/sec^3]: 2.688765e+05 
(MeanMotion) Orbital Mean Motion [/sec]: 4.464517e-05 
(OrbPeriod) Orbital Period [sec]: 1.407361e+05 
(SemiMajorAxis) Semi-major Axis [m]: 2.353519e+09 
(LXUVTot) Total XUV Luminosity [kg/sec^3]: -1.000000 
(EscapeVelocity) Escape Velocity [m/sec]: 1.341439e+04 
----- ATMESC PARAMETERS (b)------
(SurfWaterMass) Surface water mass [kg]: 0.000000 
(EnvelopeMass) Envelope mass [kg]: 0.000000 
(OxygenMass) Oxygen mass in the atmosphere [kg]: 0.000000 
(RGLimit) Runaway greenhouse semi-major axis [m]: 3.393127e+10 
(XO) Atomic oxygen mixing ratio in upper atmosphere []: 0.000000 
(EtaO) Oxygen eta parameter (Luger and Barnes 2015) []: 0.000000 
(PlanetRadius) Planet radius [m]: 7.236593e+06 
(OxygenMantleMass) Mass of oxygen in mantle [kg]: 0.000000 
(RadXUV) XUV radius separating hydro. dyn. escape and equilibrium [m]: -1.000000 
(RadSolid) Radius to the solid surface [m]: -1.000000 
(PresXUV) Pressure at base of thermosphere [(null)]: 5.000000 
(ScaleHeight) Scale height in Lehmer & Catling (2016) model [m]: -1.000000 
(ThermTemp) Isothermal atmospheric temperature [K]: 400.000000 
(AtmGasConst) Atmospheric gas constant [(null)]: 4124.000000 
(PresSurf) Surface pressure due to atmosphere [Pa]: -1.000000 
(DEnvMassDt) Envelope Mass Loss Rate [kg/s]: 0.000000 
(FXUV) XUV flux [W/m^2]: 443.647983 
(AtmXAbsEffH2O) XUV atmospheric escape efficiency for H2O []: 0.300000 
(RocheRadius) Roche Lobe Radius [m]: 4.775245e+07 
(BondiRadius) Bondi Radius [m]: 3.319614e+08 
(HEscapeRegime) Integer flag for H envelope escape regime []: 8.000000 
(RRCriticalFlux) Critical XUV Flux that separates RR and energy-limited escape [W/m^2]: 58.841552 
(CrossoverMass) Crossover mass, defines oxygen is escaping if mc > mo [kg]: 0.000000 
(WaterEscapeRegime) What water escape regime the code is currently in []: 8.000000 
(FXUVCRITDRAG) Critical Drag XUV flux [W/m^2]: 0.486585 
(HREFFLUX) The Hydrogen Reference Flux (m^-2 s^-1) [m^-2 s^-1]: 2.875807e+20 
(XO2) Molecular oxygen mixing ratio in atmosphere []: 0.000000 
(XH2O) Water mixing ratio in upper atmosphere []: 0.000000 
(HDiffFlux) The Hydrogen Diffusion Flux (m^-2 s^-1) [m^-2 s^-1]: 2.407472e+17 
(HRefODragMod) Multiply by H ref flux to get flux with drag []: 1.000000 
(KTide) Mass loss enhancement due to stellar gravity []: 0.774424 
(CumulativeXUVFlux) Cumulative XUV flux [W/m^2]: 0.000000 
(RunawayGreenhouseFlux) Incident flux that triggers runaway greenhouse [kg/sec^3]: 1293.545554 
(RGDuration) Runaway Greenhouse Duration [years]: 0.00000e+00

Output Order: Time[year] CumulativeXUVFlux[W/m^2]
Grid Output Order:



---- FINAL SYSTEM PROPERTIES ----
(Age) System Age [sec]: 2.103745e+17 
(Time) Simulation Time [sec]: 2.101940e+17 
(TotAngMom) Total Angular Momentum [kg*m^2/sec]: 1.438720e+42 
(TotEnergy) Total System Energy [kg*m^2/sec^2]: -1.224942e+40 
(PotEnergy) Body's non-orbital Potential Energy [kg*m^2/sec^2]: -4.128396e+40 
(KinEnergy) Body's non-orbital Kinetic Energy [kg*m^2/sec^2]: 6.586204e+32 
(DeltaTime) Average Timestep Over Last Output Interval [sec]: 1.660926e+12 

----- BODY: star ----
Active Modules: FLARE STELLAR
Module Bit Sum: 577
Color: 000000
(Mass) Mass [kg]: 3.893022e+29 
(Radius) Radius [m]: 1.470104e+08 
(RadGyra) Radius of Gyration/Moment of Inertia Constant []: 0.460362 
(RotAngMom) Rotational Angular Momentum [kg*m^2/sec]: 1.532582e+39 
(RotVel) Rotational Velocity [m/sec]: 126.354137 
(BodyType) Type of Body (0 == planet) []: 0.000000 
(RotRate) Rotational Frequency [/sec]: 8.594909e-07 
(RotPer) Rotational Period [sec]: 7.310357e+06 
(Density) Average Density [kg/m^3]: 2.925188e+04 
(HZLimitDryRunaway) Semi-major axis of Dry Runaway HZ Limit [m]: 9.121659e+09 
(HZLimRecVenus) Recent Venus HZ Limit [m]: 8.165759e+09 
(HZLimRunaway) Runaway Greenhouse HZ Limit [m]: 1.077319e+10 
(HZLimMoistGreenhouse) Moist Greenhouse HZ Limit [m]: 1.080464e+10 
(HZLimMaxGreenhouse) Maximum Greenhouse HZ Limit [m]: 2.050416e+10 
(HZLimEarlyMars) Early Mars HZ Limit [m]: 2.236207e+10 
(Instellation) Orbit-averaged INcident STELLar radiATION [kg/sec^3]: -1.000000 
(CriticalSemiMajorAxis) Holman & Wiegert (1999) P-type Critical Semi-major Axis [m]: -1.000000 
(LXUVTot) Total XUV Luminosity [LSUN]: 5.924610e-07 
(LostEnergy) Body's Total Lost Energy [kg*m^2/sec^2]: 2.903460e+40 
(LostAngMom) Lost Angular Momentum due to Magnetic Braking [kg*m^2/sec]: 1.434775e+42 
(EscapeVelocity) Escape Velocity [m/sec]: 5.945475e+05 
----- STELLAR PARAMETERS (star)------
(Luminosity) Luminosity [LSUN]: 0.004513 
(LXUVStellar) Base X-ray/XUV Luminosity [LSUN]: 2.246455e-07 
(Temperature) Effective Temperature [K]: 3248.934473 
(LXUVFrac) Fraction of luminosity in XUV []: 4.977846e-05 
(RossbyNumber) Rossby Number []: 1.421715 
(DRotPerDtStellar) Time Rate of Change of Rotation Period in STELLAR []: 1.686922e-11 
(WindTorque) Stellar Wind Torque []: 3.587588e+21 
----- FLARE PARAMETERS (star)------
(LXUVFlare) XUV Luminosity from flares [LSUN]: 3.678149e-07 
(FlareFreq1) First value of flare frequency range [/sec]: 5.693242e-07 
(FlareFreq2) Second value of flare frequency range [/sec]: 3.916386e-07 
(FlareFreq3) Third value of flare frequency range [/sec]: 2.694085e-07 
(FlareFreq4) Fourth value of flare frequency range [/sec]: 1.853263e-07 
(FlareFreqMin) Frequency of the flares with the lowest energy [/sec]: 5.693242e-07 
(FlareFreqMid) Frequency of the flares with the middle energy in the energy range [/sec]: 1.350884e-08 
(FlareFreqMax) Frequency of the flares with the highest energy [/sec]: 3.205356e-10 
(FlareEnergy1) First value of flare energy range [kg*m^2/sec^2]: 5.334000e+25 
(FlareEnergy2) Second value of flare energy range [kg*m^2/sec^2]: 7.534475e+25 
(FlareEnergy3) Third value of flare energy range [kg*m^2/sec^2]: 1.064273e+26 
(FlareEnergy4) Fourth value of flare energy range [kg*m^2/sec^2]: 1.503325e+26 
(FlareEnergyMin) Minimum flare energy [kg*m^2/sec^2]: 5.334000e+25 
(FlareEnergyMid) Middle flare energy in the range of energy values [kg*m^2/sec^2]: 1.686759e+27 
(FlareEnergyMax) Maximum flare energy [kg*m^2/sec^2]: 5.334000e+28 
(FlareYIntOUT) Instantaneous Davenport FFD y-intercept at current age and mass []: 34.140545 
(FlareSlopeOUT) Instantaneous Davenport FFD slope at current age and mass []: -1.083161 

Output Order: Time[year] Luminosity[LSUN] LXUVStellar[LSUN] LXUVFlare[LSUN] LXUVTot[LSUN]
Grid Output Order:

----- BODY: b ----
Active Modules: AtmEsc
Module Bit Sum: 9
Color: 000000
(Mass) Mass [kg]: 9.755325e+24 
(Radius) Radius [m]: 7.236593e+06 
(RadGyra) Radius of Gyration/Moment of Inertia Constant []: 0.500000 
(BodyType) Type of Body (0 == planet) []: 0.000000 
(Density) Average Density [kg/m^3]: 6145.406920 
(HZLimitDryRunaway) Semi-major axis of Dry Runaway HZ Limit [m]: 9.121729e+09 
(HZLimRecVenus) Recent Venus HZ Limit [m]: 8.165759e+09 
(HZLimRunaway) Runaway Greenhouse HZ Limit [m]: 1.077319e+10 
(HZLimMoistGreenhouse) Moist Greenhouse HZ Limit [m]: 1.080464e+10 
(HZLimMaxGreenhouse) Maximum Greenhouse HZ Limit [m]: 2.050416e+10 
(HZLimEarlyMars) Early Mars HZ Limit [m]: 2.236207e+10 
(Instellation) Orbit-averaged INcident STELLar radiATION [kg/sec^3]: 2.493581e+04 
(MeanMotion) Orbital Mean Motion [/sec]: 4.464517e-05 
(OrbPeriod) Orbital Period [sec]: 1.407361e+05 
(SemiMajorAxis) Semi-major Axis [m]: 2.353519e+09 
(LXUVTot) Total XUV Luminosity [kg/sec^3]: -1.000000 
(EscapeVelocity) Escape Velocity [m/sec]: 1.341439e+04 
----- ATMESC PARAMETERS (b)------
(SurfWaterMass) Surface water mass [kg]: 0.000000 
(EnvelopeMass) Envelope mass [kg]: 0.000000 
(OxygenMass) Oxygen mass in the atmosphere [kg]: 0.000000 
(RGLimit) Runaway greenhouse semi-major axis [m]: 1.032965e+10 
(XO) Atomic oxygen mixing ratio in upper atmosphere []: 0.000000 
(EtaO) Oxygen eta parameter (Luger and Barnes 2015) []: 0.000000 
(PlanetRadius) Planet radius [m]: 7.236593e+06 
(OxygenMantleMass) Mass of oxygen in mantle [kg]: 0.000000 
(RadXUV) XUV radius separating hydro. dyn. escape and equilibrium [m]: -1.000000 
(RadSolid) Radius to the solid surface [m]: -1.000000 
(PresXUV) Pressure at base of thermosphere [(null)]: 5.000000 
(ScaleHeight) Scale height in Lehmer & Catling (2016) model [m]: -1.000000 
(ThermTemp) Isothermal atmospheric temperature [K]: 400.000000 
(AtmGasConst) Atmospheric gas constant [(null)]: 4124.000000 
(PresSurf) Surface pressure due to atmosphere [Pa]: -1.000000 
(DEnvMassDt) Envelope Mass Loss Rate [kg/s]: 0.000000 
(FXUV) XUV flux [W/m^2]: 3.273610 
(AtmXAbsEffH2O) XUV atmospheric escape efficiency for H2O []: 0.300000 
(RocheRadius) Roche Lobe Radius [m]: 4.775245e+07 
(BondiRadius) Bondi Radius [m]: 6.025433e+08 
(HEscapeRegime) Integer flag for H envelope escape regime []: 8.000000 
(RRCriticalFlux) Critical XUV Flux that separates RR and energy-limited escape [W/m^2]: 58.841552 
(CrossoverMass) Crossover mass, defines oxygen is escaping if mc > mo [kg]: 0.000000 
(WaterEscapeRegime) What water escape regime the code is currently in []: 8.000000 
(FXUVCRITDRAG) Critical Drag XUV flux [W/m^2]: 0.486585 
(HREFFLUX) The Hydrogen Reference Flux (m^-2 s^-1) [m^-2 s^-1]: 2.122014e+18 
(XO2) Molecular oxygen mixing ratio in atmosphere []: 0.000000 
(XH2O) Water mixing ratio in upper atmosphere []: 0.000000 
(HDiffFlux) The Hydrogen Diffusion Flux (m^-2 s^-1) [m^-2 s^-1]: 2.407472e+17 
(HRefODragMod) Multiply by H ref flux to get flux with drag []: 1.000000 
(KTide) Mass loss enhancement due to stellar gravity []: 0.774424 
(CumulativeXUVFlux) Cumulative XUV flux [W/m^2]: 2.459208e+18 
(RunawayGreenhouseFlux) Incident flux that triggers runaway greenhouse [kg/sec^3]: 1294.438301 
(RGDuration) Runaway Greenhouse Duration [years]: 0.00000e+00

Output Order: Time[year] CumulativeXUVFlux[W/m^2]
Grid Output Order:
