-------- Log file gj1132.log -------

Executable: /home/vplanet/.local/bin/vplanet
Version: Unknown
System Name: gj1132
Primary Input File: vpl.in
Body File #1: star.in
Body File #2: b.in
Allow files to be overwitten: Yes
Mass Units: Grams
Length Units: Meters
Time Units: Seconds
Angle Units: Radians

------- FORMATTING -----
Verbosity Level: 5
Crossover Decade for Scientific Notation: 4
Number of Digits After Decimal: 6
Integration Method: Runge-Kutta4
Direction: Forward
Time Step: 3.155760e+07
Stop Time: 2.445150e+17
Output Interval: 3.155760e+13
Use Variable Timestep: Yes
dEta: 0.010000
Minimum Value of ecc and obl: 1.000000e-10


---- INITIAL SYSTEM PROPERTIES ----
(Age) System Age [sec]: 1.866486e+14 
(Time) Simulation Time [sec]: 0.000000 
(TotAngMom) Total Angular Momentum [kg*m^2/sec]: 1.245741e+42 
(TotEnergy) Total System Energy [kg*m^2/sec^2]: -1.106784e+40 
(PotEnergy) Body's non-orbital Potential Energy [kg*m^2/sec^2]: -1.111300e+40 
(KinEnergy) Body's non-orbital Kinetic Energy [kg*m^2/sec^2]: 4.521073e+37 
(DeltaTime) Average Timestep Over Last Output Interval [sec]: 0.000000 

----- BODY: star ----
Active Modules: FLARE STELLAR
Module Bit Sum: 577
Color: 000000
(Mass) Mass [kg]: 3.631426e+29 
(Radius) Radius [m]: 4.752025e+08 
(RadGyra) Radius of Gyration/Moment of Inertia Constant []: 0.456617 
(RotAngMom) Rotational Angular Momentum [kg*m^2/sec]: 1.243384e+42 
(RotVel) Rotational Velocity [m/sec]: 3.455770e+04 
(BodyType) Type of Body (0 == planet) []: 0.000000 
(RotRate) Rotational Frequency [/sec]: 7.272205e-05 
(RotPer) Rotational Period [sec]: 8.640000e+04 
(Density) Average Density [kg/m^3]: 807.890037 
(HZLimitDryRunaway) Semi-major axis of Dry Runaway HZ Limit [m]: 2.843935e+10 
(HZLimRecVenus) Recent Venus HZ Limit [m]: 2.548477e+10 
(HZLimRunaway) Runaway Greenhouse HZ Limit [m]: 3.360670e+10 
(HZLimMoistGreenhouse) Moist Greenhouse HZ Limit [m]: 3.372055e+10 
(HZLimMaxGreenhouse) Maximum Greenhouse HZ Limit [m]: 6.411934e+10 
(HZLimEarlyMars) Early Mars HZ Limit [m]: 6.992903e+10 
(Instellation) Orbit-averaged INcident STELLar radiATION [kg/sec^3]: -1.000000 
(CriticalSemiMajorAxis) Holman & Wiegert (1999) P-type Critical Semi-major Axis [m]: -1.000000 
(LXUVTot) Total XUV Luminosity [LSUN]: 4.062139e-05 
(LostEnergy) Body's Total Lost Energy [kg*m^2/sec^2]: 5.562685e-309 
(LostAngMom) Lost Angular Momentum due to Magnetic Braking [kg*m^2/sec]: 5.562685e-309 
(EscapeVelocity) Escape Velocity [m/sec]: 3.193864e+05 
----- STELLAR PARAMETERS (star)------
(Luminosity) Luminosity [LSUN]: 0.043868 
(LXUVStellar) Base X-ray/XUV Luminosity [LSUN]: 3.984125e-05 
(Temperature) Effective Temperature [K]: 3196.823699 
(LXUVFrac) Fraction of luminosity in XUV []: 0.000908 
(RossbyNumber) Rossby Number []: 0.016360 
(DRotPerDtStellar) Time Rate of Change of Rotation Period in STELLAR []: -1.293796e-10 
(WindTorque) Stellar Wind Torque []: 3.335678e+27 
----- FLARE PARAMETERS (star)------
(LXUVFlare) XUV Luminosity from flares [LSUN]: 7.801379e-07 
(FlareFreq1) First value of flare frequency range [/sec]: 3.303652e-05 
(FlareFreq2) Second value of flare frequency range [/sec]: 2.853110e-05 
(FlareFreq3) Third value of flare frequency range [/sec]: 2.464012e-05 
(FlareFreq4) Fourth value of flare frequency range [/sec]: 2.127977e-05 
(FlareFreqMin) Frequency of the flares with the lowest energy [/sec]: 3.303652e-05 
(FlareFreqMid) Frequency of the flares with the middle energy in the energy range [/sec]: 7.624944e-06 
(FlareFreqMax) Frequency of the flares with the highest energy [/sec]: 1.759864e-06 
(FlareEnergy1) First value of flare energy range [kg*m^2/sec^2]: 5.334000e+23 
(FlareEnergy2) Second value of flare energy range [kg*m^2/sec^2]: 6.715108e+23 
(FlareEnergy3) Third value of flare energy range [kg*m^2/sec^2]: 8.453820e+23 
(FlareEnergy4) Fourth value of flare energy range [kg*m^2/sec^2]: 1.064273e+24 
(FlareEnergyMin) Minimum flare energy [kg*m^2/sec^2]: 5.334000e+23 
(FlareEnergyMid) Middle flare energy in the range of energy values [kg*m^2/sec^2]: 5.334000e+24 
(FlareEnergyMax) Maximum flare energy [kg*m^2/sec^2]: 5.334000e+25 
(FlareYIntOUT) Instantaneous Davenport FFD y-intercept at current age and mass []: 20.021192 
(FlareSlopeOUT) Instantaneous Davenport FFD slope at current age and mass []: -0.636758 

Output Order: Time[year] Luminosity[LSUN] LXUVStellar[LSUN] LXUVFlare[LSUN] LXUVTot[LSUN]
Grid Output Order:

----- BODY: b ----
Active Modules: AtmEsc
Module Bit Sum: 9
Color: 000000
(Mass) Mass [kg]: 9.983339e+24 
(Radius) Radius [m]: 7.352522e+06 
(RadGyra) Radius of Gyration/Moment of Inertia Constant []: 0.500000 
(BodyType) Type of Body (0 == planet) []: 0.000000 
(Density) Average Density [kg/m^3]: 5996.230027 
(HZLimitDryRunaway) Semi-major axis of Dry Runaway HZ Limit [m]: 2.844077e+10 
(HZLimRecVenus) Recent Venus HZ Limit [m]: 2.548477e+10 
(HZLimRunaway) Runaway Greenhouse HZ Limit [m]: 3.360670e+10 
(HZLimMoistGreenhouse) Moist Greenhouse HZ Limit [m]: 3.372055e+10 
(HZLimMaxGreenhouse) Maximum Greenhouse HZ Limit [m]: 6.411934e+10 
(HZLimEarlyMars) Early Mars HZ Limit [m]: 6.992903e+10 
(Instellation) Orbit-averaged INcident STELLar radiATION [kg/sec^3]: 2.538924e+05 
(MeanMotion) Orbital Mean Motion [/sec]: 4.464339e-05 
(OrbPeriod) Orbital Period [sec]: 1.407417e+05 
(SemiMajorAxis) Semi-major Axis [m]: 2.299639e+09 
(LXUVTot) Total XUV Luminosity [kg/sec^3]: -1.000000 
(EscapeVelocity) Escape Velocity [m/sec]: 1.346285e+04 
----- ATMESC PARAMETERS (b)------
(SurfWaterMass) Surface water mass [kg]: 0.000000 
(EnvelopeMass) Envelope mass [kg]: 0.000000 
(OxygenMass) Oxygen mass in the atmosphere [kg]: 0.000000 
(RGLimit) Runaway greenhouse semi-major axis [m]: 3.220458e+10 
(XO) Atomic oxygen mixing ratio in upper atmosphere []: 0.000000 
(EtaO) Oxygen eta parameter (Luger and Barnes 2015) []: 0.000000 
(PlanetRadius) Planet radius [m]: 7.352522e+06 
(OxygenMantleMass) Mass of oxygen in mantle [kg]: 0.000000 
(RadXUV) XUV radius separating hydro. dyn. escape and equilibrium [m]: -1.000000 
(RadSolid) Radius to the solid surface [m]: -1.000000 
(PresXUV) Pressure at base of thermosphere [(null)]: 5.000000 
(ScaleHeight) Scale height in Lehmer & Catling (2016) model [m]: -1.000000 
(ThermTemp) Isothermal atmospheric temperature [K]: 400.000000 
(AtmGasConst) Atmospheric gas constant [(null)]: 4124.000000 
(PresSurf) Surface pressure due to atmosphere [Pa]: -1.000000 
(DEnvMassDt) Envelope Mass Loss Rate [kg/s]: 0.000000 
(FXUV) XUV flux [W/m^2]: 235.101975 
(AtmXAbsEffH2O) XUV atmospheric escape efficiency for H2O []: 0.300000 
(RocheRadius) Roche Lobe Radius [m]: 4.812295e+07 
(BondiRadius) Bondi Radius [m]: 3.526211e+08 
(HEscapeRegime) Integer flag for H envelope escape regime []: 8.000000 
(RRCriticalFlux) Critical XUV Flux that separates RR and energy-limited escape [W/m^2]: 58.479256 
(CrossoverMass) Crossover mass, defines oxygen is escaping if mc > mo [kg]: 0.000000 
(WaterEscapeRegime) What water escape regime the code is currently in []: 8.000000 
(FXUVCRITDRAG) Critical Drag XUV flux [W/m^2]: 0.485870 
(HREFFLUX) The Hydrogen Reference Flux (m^-2 s^-1) [m^-2 s^-1]: 1.516588e+20 
(XO2) Molecular oxygen mixing ratio in atmosphere []: 0.000000 
(XH2O) Water mixing ratio in upper atmosphere []: 0.000000 
(HDiffFlux) The Hydrogen Diffusion Flux (m^-2 s^-1) [m^-2 s^-1]: 2.386663e+17 
(HRefODragMod) Multiply by H ref flux to get flux with drag []: 1.000000 
(KTide) Mass loss enhancement due to stellar gravity []: 0.772604 
(CumulativeXUVFlux) Cumulative XUV flux [W/m^2]: 0.000000 
(RunawayGreenhouseFlux) Incident flux that triggers runaway greenhouse [kg/sec^3]: 1294.466035 
(RGDuration) Runaway Greenhouse Duration [years]: 0.00000e+00

Output Order: Time[year] CumulativeXUVFlux[W/m^2]
Grid Output Order:



---- FINAL SYSTEM PROPERTIES ----
(Age) System Age [sec]: 2.447265e+17 
(Time) Simulation Time [sec]: 2.445398e+17 
(TotAngMom) Total Angular Momentum [kg*m^2/sec]: 1.246757e+42 
(TotEnergy) Total System Energy [kg*m^2/sec^2]: -1.106578e+40 
(PotEnergy) Body's non-orbital Potential Energy [kg*m^2/sec^2]: -3.786860e+40 
(KinEnergy) Body's non-orbital Kinetic Energy [kg*m^2/sec^2]: 5.085281e+32 
(DeltaTime) Average Timestep Over Last Output Interval [sec]: 1.577880e+13 

----- BODY: star ----
Active Modules: FLARE STELLAR
Module Bit Sum: 577
Color: 000000
(Mass) Mass [kg]: 3.631426e+29 
(Radius) Radius [m]: 1.394539e+08 
(RadGyra) Radius of Gyration/Moment of Inertia Constant []: 0.460755 
(RotAngMom) Rotational Angular Momentum [kg*m^2/sec]: 1.234842e+39 
(RotVel) Rotational Velocity [m/sec]: 114.858754 
(BodyType) Type of Body (0 == planet) []: 0.000000 
(RotRate) Rotational Frequency [/sec]: 8.236324e-07 
(RotPer) Rotational Period [sec]: 7.628628e+06 
(Density) Average Density [kg/m^3]: 3.196660e+04 
(HZLimitDryRunaway) Semi-major axis of Dry Runaway HZ Limit [m]: 8.466218e+09 
(HZLimRecVenus) Recent Venus HZ Limit [m]: 7.583555e+09 
(HZLimRunaway) Runaway Greenhouse HZ Limit [m]: 1.000231e+10 
(HZLimMoistGreenhouse) Moist Greenhouse HZ Limit [m]: 1.003429e+10 
(HZLimMaxGreenhouse) Maximum Greenhouse HZ Limit [m]: 1.906466e+10 
(HZLimEarlyMars) Early Mars HZ Limit [m]: 2.079209e+10 
(Instellation) Orbit-averaged INcident STELLar radiATION [kg/sec^3]: -1.000000 
(CriticalSemiMajorAxis) Holman & Wiegert (1999) P-type Critical Semi-major Axis [m]: -1.000000 
(LXUVTot) Total XUV Luminosity [LSUN]: 5.758930e-07 
(LostEnergy) Body's Total Lost Energy [kg*m^2/sec^2]: 2.680287e+40 
(LostAngMom) Lost Angular Momentum due to Magnetic Braking [kg*m^2/sec]: 1.243165e+42 
(EscapeVelocity) Escape Velocity [m/sec]: 5.895769e+05 
----- STELLAR PARAMETERS (star)------
(Luminosity) Luminosity [LSUN]: 0.003888 
(LXUVStellar) Base X-ray/XUV Luminosity [LSUN]: 1.990060e-07 
(Temperature) Effective Temperature [K]: 3218.115078 
(LXUVFrac) Fraction of luminosity in XUV []: 5.118924e-05 
(RossbyNumber) Rossby Number []: 1.460377 
(DRotPerDtStellar) Time Rate of Change of Rotation Period in STELLAR []: 1.366789e-11 
(WindTorque) Stellar Wind Torque []: 2.291799e+21 
----- FLARE PARAMETERS (star)------
(LXUVFlare) XUV Luminosity from flares [LSUN]: 3.768832e-07 
(FlareFreq1) First value of flare frequency range [/sec]: 8.538660e-05 
(FlareFreq2) Second value of flare frequency range [/sec]: 6.631888e-05 
(FlareFreq3) Third value of flare frequency range [/sec]: 5.150918e-05 
(FlareFreq4) Fourth value of flare frequency range [/sec]: 4.000664e-05 
(FlareFreqMin) Frequency of the flares with the lowest energy [/sec]: 8.538660e-05 
(FlareFreqMid) Frequency of the flares with the middle energy in the energy range [/sec]: 6.821257e-06 
(FlareFreqMax) Frequency of the flares with the highest energy [/sec]: 5.449280e-07 
(FlareEnergy1) First value of flare energy range [kg*m^2/sec^2]: 5.334000e+23 
(FlareEnergy2) Second value of flare energy range [kg*m^2/sec^2]: 6.715108e+23 
(FlareEnergy3) Third value of flare energy range [kg*m^2/sec^2]: 8.453820e+23 
(FlareEnergy4) Fourth value of flare energy range [kg*m^2/sec^2]: 1.064273e+24 
(FlareEnergyMin) Minimum flare energy [kg*m^2/sec^2]: 5.334000e+23 
(FlareEnergyMid) Middle flare energy in the range of energy values [kg*m^2/sec^2]: 5.334000e+24 
(FlareEnergyMax) Maximum flare energy [kg*m^2/sec^2]: 5.334000e+25 
(FlareYIntOUT) Instantaneous Davenport FFD y-intercept at current age and mass []: 34.591622 
(FlareSlopeOUT) Instantaneous Davenport FFD slope at current age and mass []: -1.097525 

Output Order: Time[year] Luminosity[LSUN] LXUVStellar[LSUN] LXUVFlare[LSUN] LXUVTot[LSUN]
Grid Output Order:

----- BODY: b ----
Active Modules: AtmEsc
Module Bit Sum: 9
Color: 000000
(Mass) Mass [kg]: 9.983339e+24 
(Radius) Radius [m]: 7.352522e+06 
(RadGyra) Radius of Gyration/Moment of Inertia Constant []: 0.500000 
(BodyType) Type of Body (0 == planet) []: 0.000000 
(Density) Average Density [kg/m^3]: 5996.230027 
(HZLimitDryRunaway) Semi-major axis of Dry Runaway HZ Limit [m]: 8.466639e+09 
(HZLimRecVenus) Recent Venus HZ Limit [m]: 7.583555e+09 
(HZLimRunaway) Runaway Greenhouse HZ Limit [m]: 1.000231e+10 
(HZLimMoistGreenhouse) Moist Greenhouse HZ Limit [m]: 1.003429e+10 
(HZLimMaxGreenhouse) Maximum Greenhouse HZ Limit [m]: 1.906466e+10 
(HZLimEarlyMars) Early Mars HZ Limit [m]: 2.079209e+10 
(Instellation) Orbit-averaged INcident STELLar radiATION [kg/sec^3]: 2.250034e+04 
(MeanMotion) Orbital Mean Motion [/sec]: 4.464339e-05 
(OrbPeriod) Orbital Period [sec]: 1.407417e+05 
(SemiMajorAxis) Semi-major Axis [m]: 2.299639e+09 
(LXUVTot) Total XUV Luminosity [kg/sec^3]: -1.000000 
(EscapeVelocity) Escape Velocity [m/sec]: 1.346285e+04 
----- ATMESC PARAMETERS (b)------
(SurfWaterMass) Surface water mass [kg]: 0.000000 
(EnvelopeMass) Envelope mass [kg]: 0.000000 
(OxygenMass) Oxygen mass in the atmosphere [kg]: 0.000000 
(RGLimit) Runaway greenhouse semi-major axis [m]: 9.585070e+09 
(XO) Atomic oxygen mixing ratio in upper atmosphere []: 0.000000 
(EtaO) Oxygen eta parameter (Luger and Barnes 2015) []: 0.000000 
(PlanetRadius) Planet radius [m]: 7.352522e+06 
(OxygenMantleMass) Mass of oxygen in mantle [kg]: 0.000000 
(RadXUV) XUV radius separating hydro. dyn. escape and equilibrium [m]: -1.000000 
(RadSolid) Radius to the solid surface [m]: -1.000000 
(PresXUV) Pressure at base of thermosphere [(null)]: 5.000000 
(ScaleHeight) Scale height in Lehmer & Catling (2016) model [m]: -1.000000 
(ThermTemp) Isothermal atmospheric temperature [K]: 400.000000 
(AtmGasConst) Atmospheric gas constant [(null)]: 4124.000000 
(PresSurf) Surface pressure due to atmosphere [Pa]: -1.000000 
(DEnvMassDt) Envelope Mass Loss Rate [kg/s]: 0.000000 
(FXUV) XUV flux [W/m^2]: 3.333062 
(AtmXAbsEffH2O) XUV atmospheric escape efficiency for H2O []: 0.300000 
(RocheRadius) Roche Lobe Radius [m]: 4.812295e+07 
(BondiRadius) Bondi Radius [m]: 6.466205e+08 
(HEscapeRegime) Integer flag for H envelope escape regime []: 8.000000 
(RRCriticalFlux) Critical XUV Flux that separates RR and energy-limited escape [W/m^2]: 58.479256 
(CrossoverMass) Crossover mass, defines oxygen is escaping if mc > mo [kg]: 0.000000 
(WaterEscapeRegime) What water escape regime the code is currently in []: 8.000000 
(FXUVCRITDRAG) Critical Drag XUV flux [W/m^2]: 0.485870 
(HREFFLUX) The Hydrogen Reference Flux (m^-2 s^-1) [m^-2 s^-1]: 2.150080e+18 
(XO2) Molecular oxygen mixing ratio in atmosphere []: 0.000000 
(XH2O) Water mixing ratio in upper atmosphere []: 0.000000 
(HDiffFlux) The Hydrogen Diffusion Flux (m^-2 s^-1) [m^-2 s^-1]: 2.386663e+17 
(HRefODragMod) Multiply by H ref flux to get flux with drag []: 1.000000 
(KTide) Mass loss enhancement due to stellar gravity []: 0.772604 
(CumulativeXUVFlux) Cumulative XUV flux [W/m^2]: 2.357589e+18 
(RunawayGreenhouseFlux) Incident flux that triggers runaway greenhouse [kg/sec^3]: 1295.015125 
(RGDuration) Runaway Greenhouse Duration [years]: 0.00000e+00

Output Order: Time[year] CumulativeXUVFlux[W/m^2]
Grid Output Order:
