-------- Log file gj1132.log -------

Executable: /home/vplanet/.local/bin/vplanet
Version: Unknown
System Name: gj1132
Primary Input File: vpl.in
Body File #1: star.in
Body File #2: b.in
Allow files to be overwitten: Yes
Mass Units: Grams
Length Units: Meters
Time Units: Seconds
Angle Units: Radians

------- FORMATTING -----
Verbosity Level: 5
Crossover Decade for Scientific Notation: 4
Number of Digits After Decimal: 6
Integration Method: Runge-Kutta4
Direction: Forward
Time Step: 3.155760e+07
Stop Time: 2.461286e+17
Output Interval: 3.155760e+13
Use Variable Timestep: Yes
dEta: 0.010000
Minimum Value of ecc and obl: 1.000000e-10


---- INITIAL SYSTEM PROPERTIES ----
(Age) System Age [sec]: 1.746061e+14 
(Time) Simulation Time [sec]: 0.000000 
(TotAngMom) Total Angular Momentum [kg*m^2/sec]: 1.336945e+42 
(TotEnergy) Total System Energy [kg*m^2/sec^2]: -1.105065e+40 
(PotEnergy) Body's non-orbital Potential Energy [kg*m^2/sec^2]: -1.109913e+40 
(KinEnergy) Body's non-orbital Kinetic Energy [kg*m^2/sec^2]: 4.852732e+37 
(DeltaTime) Average Timestep Over Last Output Interval [sec]: 0.000000 

----- BODY: star ----
Active Modules: FLARE STELLAR
Module Bit Sum: 577
Color: 000000
(Mass) Mass [kg]: 3.682422e+29 
(Radius) Radius [m]: 4.892535e+08 
(RadGyra) Radius of Gyration/Moment of Inertia Constant []: 0.456290 
(RotAngMom) Rotational Angular Momentum [kg*m^2/sec]: 1.334597e+42 
(RotVel) Rotational Velocity [m/sec]: 3.557952e+04 
(BodyType) Type of Body (0 == planet) []: 0.000000 
(RotRate) Rotational Frequency [/sec]: 7.272205e-05 
(RotPer) Rotational Period [sec]: 8.640000e+04 
(Density) Average Density [kg/m^3]: 750.659568 
(HZLimitDryRunaway) Semi-major axis of Dry Runaway HZ Limit [m]: 2.930318e+10 
(HZLimRecVenus) Recent Venus HZ Limit [m]: 2.625902e+10 
(HZLimRunaway) Runaway Greenhouse HZ Limit [m]: 3.462759e+10 
(HZLimMoistGreenhouse) Moist Greenhouse HZ Limit [m]: 3.474500e+10 
(HZLimMaxGreenhouse) Maximum Greenhouse HZ Limit [m]: 6.606818e+10 
(HZLimEarlyMars) Early Mars HZ Limit [m]: 7.205445e+10 
(Instellation) Orbit-averaged INcident STELLar radiATION [kg/sec^3]: -1.000000 
(CriticalSemiMajorAxis) Holman & Wiegert (1999) P-type Critical Semi-major Axis [m]: -1.000000 
(LXUVTot) Total XUV Luminosity [LSUN]: 5.646804e-05 
(LostEnergy) Body's Total Lost Energy [kg*m^2/sec^2]: 5.562685e-309 
(LostAngMom) Lost Angular Momentum due to Magnetic Braking [kg*m^2/sec]: 5.562685e-309 
(EscapeVelocity) Escape Velocity [m/sec]: 3.169692e+05 
----- STELLAR PARAMETERS (star)------
(Luminosity) Luminosity [LSUN]: 0.046573 
(LXUVStellar) Base X-ray/XUV Luminosity [LSUN]: 5.567964e-05 
(Temperature) Effective Temperature [K]: 3196.489079 
(LXUVFrac) Fraction of luminosity in XUV []: 0.001196 
(RossbyNumber) Rossby Number []: 0.016358 
(DRotPerDtStellar) Time Rate of Change of Rotation Period in STELLAR []: -1.377398e-10 
(WindTorque) Stellar Wind Torque []: 3.860477e+27 
----- FLARE PARAMETERS (star)------
(LXUVFlare) XUV Luminosity from flares [LSUN]: 7.883994e-07 
(FlareFreq1) First value of flare frequency range [/sec]: 3.257274e-05 
(FlareFreq2) Second value of flare frequency range [/sec]: 2.817060e-05 
(FlareFreq3) Third value of flare frequency range [/sec]: 2.436340e-05 
(FlareFreq4) Fourth value of flare frequency range [/sec]: 2.107073e-05 
(FlareFreqMin) Frequency of the flares with the lowest energy [/sec]: 3.257274e-05 
(FlareFreqMid) Frequency of the flares with the middle energy in the energy range [/sec]: 7.625565e-06 
(FlareFreqMax) Frequency of the flares with the highest energy [/sec]: 1.785212e-06 
(FlareEnergy1) First value of flare energy range [kg*m^2/sec^2]: 5.334000e+23 
(FlareEnergy2) Second value of flare energy range [kg*m^2/sec^2]: 6.715108e+23 
(FlareEnergy3) Third value of flare energy range [kg*m^2/sec^2]: 8.453820e+23 
(FlareEnergy4) Fourth value of flare energy range [kg*m^2/sec^2]: 1.064273e+24 
(FlareEnergyMin) Minimum flare energy [kg*m^2/sec^2]: 5.334000e+23 
(FlareEnergyMid) Middle flare energy in the range of energy values [kg*m^2/sec^2]: 5.334000e+24 
(FlareEnergyMax) Maximum flare energy [kg*m^2/sec^2]: 5.334000e+25 
(FlareYIntOUT) Instantaneous Davenport FFD y-intercept at current age and mass []: 19.825304 
(FlareSlopeOUT) Instantaneous Davenport FFD slope at current age and mass []: -0.630582 

Output Order: Time[year] Luminosity[LSUN] LXUVStellar[LSUN] LXUVFlare[LSUN] LXUVTot[LSUN]
Grid Output Order:

----- BODY: b ----
Active Modules: AtmEsc
Module Bit Sum: 9
Color: 000000
(Mass) Mass [kg]: 9.852190e+24 
(Radius) Radius [m]: 7.363516e+06 
(RadGyra) Radius of Gyration/Moment of Inertia Constant []: 0.500000 
(BodyType) Type of Body (0 == planet) []: 0.000000 
(Density) Average Density [kg/m^3]: 5890.993665 
(HZLimitDryRunaway) Semi-major axis of Dry Runaway HZ Limit [m]: 2.930687e+10 
(HZLimRecVenus) Recent Venus HZ Limit [m]: 2.625902e+10 
(HZLimRunaway) Runaway Greenhouse HZ Limit [m]: 3.462759e+10 
(HZLimMoistGreenhouse) Moist Greenhouse HZ Limit [m]: 3.474500e+10 
(HZLimMaxGreenhouse) Maximum Greenhouse HZ Limit [m]: 6.606818e+10 
(HZLimEarlyMars) Early Mars HZ Limit [m]: 7.205445e+10 
(Instellation) Orbit-averaged INcident STELLar radiATION [kg/sec^3]: 2.670841e+05 
(MeanMotion) Orbital Mean Motion [/sec]: 4.464437e-05 
(OrbPeriod) Orbital Period [sec]: 1.407386e+05 
(SemiMajorAxis) Semi-major Axis [m]: 2.310320e+09 
(LXUVTot) Total XUV Luminosity [kg/sec^3]: -1.000000 
(EscapeVelocity) Escape Velocity [m/sec]: 1.336414e+04 
----- ATMESC PARAMETERS (b)------
(SurfWaterMass) Surface water mass [kg]: 0.000000 
(EnvelopeMass) Envelope mass [kg]: 0.000000 
(OxygenMass) Oxygen mass in the atmosphere [kg]: 0.000000 
(RGLimit) Runaway greenhouse semi-major axis [m]: 3.319174e+10 
(XO) Atomic oxygen mixing ratio in upper atmosphere []: 0.000000 
(EtaO) Oxygen eta parameter (Luger and Barnes 2015) []: 0.000000 
(PlanetRadius) Planet radius [m]: 7.363516e+06 
(OxygenMantleMass) Mass of oxygen in mantle [kg]: 0.000000 
(RadXUV) XUV radius separating hydro. dyn. escape and equilibrium [m]: -1.000000 
(RadSolid) Radius to the solid surface [m]: -1.000000 
(PresXUV) Pressure at base of thermosphere [(null)]: 5.000000 
(ScaleHeight) Scale height in Lehmer & Catling (2016) model [m]: -1.000000 
(ThermTemp) Isothermal atmospheric temperature [K]: 400.000000 
(AtmGasConst) Atmospheric gas constant [(null)]: 4124.000000 
(PresSurf) Surface pressure due to atmosphere [Pa]: -1.000000 
(DEnvMassDt) Envelope Mass Loss Rate [kg/s]: 0.000000 
(FXUV) XUV flux [W/m^2]: 323.826758 
(AtmXAbsEffH2O) XUV atmospheric escape efficiency for H2O []: 0.300000 
(RocheRadius) Roche Lobe Radius [m]: 4.791058e+07 
(BondiRadius) Bondi Radius [m]: 3.421976e+08 
(HEscapeRegime) Integer flag for H envelope escape regime []: 8.000000 
(RRCriticalFlux) Critical XUV Flux that separates RR and energy-limited escape [W/m^2]: 56.503411 
(CrossoverMass) Crossover mass, defines oxygen is escaping if mc > mo [kg]: 0.000000 
(WaterEscapeRegime) What water escape regime the code is currently in []: 8.000000 
(FXUVCRITDRAG) Critical Drag XUV flux [W/m^2]: 0.471072 
(HREFFLUX) The Hydrogen Reference Flux (m^-2 s^-1) [m^-2 s^-1]: 2.123553e+20 
(XO2) Molecular oxygen mixing ratio in atmosphere []: 0.000000 
(XH2O) Water mixing ratio in upper atmosphere []: 0.000000 
(HDiffFlux) The Hydrogen Diffusion Flux (m^-2 s^-1) [m^-2 s^-1]: 2.348282e+17 
(HRefODragMod) Multiply by H ref flux to get flux with drag []: 1.000000 
(KTide) Mass loss enhancement due to stellar gravity []: 0.771276 
(CumulativeXUVFlux) Cumulative XUV flux [W/m^2]: 0.000000 
(RunawayGreenhouseFlux) Incident flux that triggers runaway greenhouse [kg/sec^3]: 1293.667809 
(RGDuration) Runaway Greenhouse Duration [years]: 0.00000e+00

Output Order: Time[year] CumulativeXUVFlux[W/m^2]
Grid Output Order:



---- FINAL SYSTEM PROPERTIES ----
(Age) System Age [sec]: 2.463239e+17 
(Time) Simulation Time [sec]: 2.461493e+17 
(TotAngMom) Total Angular Momentum [kg*m^2/sec]: 1.340658e+42 
(TotEnergy) Total System Energy [kg*m^2/sec^2]: -1.103743e+40 
(PotEnergy) Body's non-orbital Potential Energy [kg*m^2/sec^2]: -3.863240e+40 
(KinEnergy) Body's non-orbital Kinetic Energy [kg*m^2/sec^2]: 5.199619e+32 
(DeltaTime) Average Timestep Over Last Output Interval [sec]: 3.155760e+13 

----- BODY: star ----
Active Modules: FLARE STELLAR
Module Bit Sum: 577
Color: 000000
(Mass) Mass [kg]: 3.682422e+29 
(Radius) Radius [m]: 1.405630e+08 
(RadGyra) Radius of Gyration/Moment of Inertia Constant []: 0.460682 
(RotAngMom) Rotational Angular Momentum [kg*m^2/sec]: 1.267184e+39 
(RotVel) Rotational Velocity [m/sec]: 115.354065 
(BodyType) Type of Body (0 == planet) []: 0.000000 
(RotRate) Rotational Frequency [/sec]: 8.206572e-07 
(RotPer) Rotational Period [sec]: 7.656285e+06 
(Density) Average Density [kg/m^3]: 3.165421e+04 
(HZLimitDryRunaway) Semi-major axis of Dry Runaway HZ Limit [m]: 8.569024e+09 
(HZLimRecVenus) Recent Venus HZ Limit [m]: 7.674861e+09 
(HZLimRunaway) Runaway Greenhouse HZ Limit [m]: 1.012322e+10 
(HZLimMoistGreenhouse) Moist Greenhouse HZ Limit [m]: 1.015510e+10 
(HZLimMaxGreenhouse) Maximum Greenhouse HZ Limit [m]: 1.929033e+10 
(HZLimEarlyMars) Early Mars HZ Limit [m]: 2.103821e+10 
(Instellation) Orbit-averaged INcident STELLar radiATION [kg/sec^3]: -1.000000 
(CriticalSemiMajorAxis) Holman & Wiegert (1999) P-type Critical Semi-major Axis [m]: -1.000000 
(LXUVTot) Total XUV Luminosity [LSUN]: 6.048032e-07 
(LostEnergy) Body's Total Lost Energy [kg*m^2/sec^2]: 2.759502e+40 
(LostAngMom) Lost Angular Momentum due to Magnetic Braking [kg*m^2/sec]: 1.337044e+42 
(EscapeVelocity) Escape Velocity [m/sec]: 5.913552e+05 
----- STELLAR PARAMETERS (star)------
(Luminosity) Luminosity [LSUN]: 0.003983 
(LXUVStellar) Base X-ray/XUV Luminosity [LSUN]: 2.265522e-07 
(Temperature) Effective Temperature [K]: 3223.377663 
(LXUVFrac) Fraction of luminosity in XUV []: 5.688489e-05 
(RossbyNumber) Rossby Number []: 1.469627 
(DRotPerDtStellar) Time Rate of Change of Rotation Period in STELLAR []: 1.328512e-11 
(WindTorque) Stellar Wind Torque []: 2.326107e+21 
----- FLARE PARAMETERS (star)------
(LXUVFlare) XUV Luminosity from flares [LSUN]: 3.782472e-07 
(FlareFreq1) First value of flare frequency range [/sec]: 8.593344e-05 
(FlareFreq2) Second value of flare frequency range [/sec]: 6.673060e-05 
(FlareFreq3) Third value of flare frequency range [/sec]: 5.181886e-05 
(FlareFreq4) Fourth value of flare frequency range [/sec]: 4.023933e-05 
(FlareFreqMin) Frequency of the flares with the lowest energy [/sec]: 8.593344e-05 
(FlareFreqMid) Frequency of the flares with the middle energy in the energy range [/sec]: 6.851579e-06 
(FlareFreqMax) Frequency of the flares with the highest energy [/sec]: 5.462848e-07 
(FlareEnergy1) First value of flare energy range [kg*m^2/sec^2]: 5.334000e+23 
(FlareEnergy2) Second value of flare energy range [kg*m^2/sec^2]: 6.715108e+23 
(FlareEnergy3) Third value of flare energy range [kg*m^2/sec^2]: 8.453820e+23 
(FlareEnergy4) Fourth value of flare energy range [kg*m^2/sec^2]: 1.064273e+24 
(FlareEnergyMin) Minimum flare energy [kg*m^2/sec^2]: 5.334000e+23 
(FlareEnergyMid) Middle flare energy in the range of energy values [kg*m^2/sec^2]: 5.334000e+24 
(FlareEnergyMax) Maximum flare energy [kg*m^2/sec^2]: 5.334000e+25 
(FlareYIntOUT) Instantaneous Davenport FFD y-intercept at current age and mass []: 34.620397 
(FlareSlopeOUT) Instantaneous Davenport FFD slope at current age and mass []: -1.098372 

Output Order: Time[year] Luminosity[LSUN] LXUVStellar[LSUN] LXUVFlare[LSUN] LXUVTot[LSUN]
Grid Output Order:

----- BODY: b ----
Active Modules: AtmEsc
Module Bit Sum: 9
Color: 000000
(Mass) Mass [kg]: 9.852190e+24 
(Radius) Radius [m]: 7.363516e+06 
(RadGyra) Radius of Gyration/Moment of Inertia Constant []: 0.500000 
(BodyType) Type of Body (0 == planet) []: 0.000000 
(Density) Average Density [kg/m^3]: 5890.993665 
(HZLimitDryRunaway) Semi-major axis of Dry Runaway HZ Limit [m]: 8.570104e+09 
(HZLimRecVenus) Recent Venus HZ Limit [m]: 7.674861e+09 
(HZLimRunaway) Runaway Greenhouse HZ Limit [m]: 1.012322e+10 
(HZLimMoistGreenhouse) Moist Greenhouse HZ Limit [m]: 1.015510e+10 
(HZLimMaxGreenhouse) Maximum Greenhouse HZ Limit [m]: 1.929033e+10 
(HZLimEarlyMars) Early Mars HZ Limit [m]: 2.103821e+10 
(Instellation) Orbit-averaged INcident STELLar radiATION [kg/sec^3]: 2.283923e+04 
(MeanMotion) Orbital Mean Motion [/sec]: 4.464437e-05 
(OrbPeriod) Orbital Period [sec]: 1.407386e+05 
(SemiMajorAxis) Semi-major Axis [m]: 2.310320e+09 
(LXUVTot) Total XUV Luminosity [kg/sec^3]: -1.000000 
(EscapeVelocity) Escape Velocity [m/sec]: 1.336414e+04 
----- ATMESC PARAMETERS (b)------
(SurfWaterMass) Surface water mass [kg]: 0.000000 
(EnvelopeMass) Envelope mass [kg]: 0.000000 
(OxygenMass) Oxygen mass in the atmosphere [kg]: 0.000000 
(RGLimit) Runaway greenhouse semi-major axis [m]: 9.703539e+09 
(XO) Atomic oxygen mixing ratio in upper atmosphere []: 0.000000 
(EtaO) Oxygen eta parameter (Luger and Barnes 2015) []: 0.000000 
(PlanetRadius) Planet radius [m]: 7.363516e+06 
(OxygenMantleMass) Mass of oxygen in mantle [kg]: 0.000000 
(RadXUV) XUV radius separating hydro. dyn. escape and equilibrium [m]: -1.000000 
(RadSolid) Radius to the solid surface [m]: -1.000000 
(PresXUV) Pressure at base of thermosphere [(null)]: 5.000000 
(ScaleHeight) Scale height in Lehmer & Catling (2016) model [m]: -1.000000 
(ThermTemp) Isothermal atmospheric temperature [K]: 400.000000 
(AtmGasConst) Atmospheric gas constant [(null)]: 4124.000000 
(PresSurf) Surface pressure due to atmosphere [Pa]: -1.000000 
(DEnvMassDt) Envelope Mass Loss Rate [kg/s]: 0.000000 
(FXUV) XUV flux [W/m^2]: 3.468359 
(AtmXAbsEffH2O) XUV atmospheric escape efficiency for H2O []: 0.300000 
(RocheRadius) Roche Lobe Radius [m]: 4.791058e+07 
(BondiRadius) Bondi Radius [m]: 6.330973e+08 
(HEscapeRegime) Integer flag for H envelope escape regime []: 8.000000 
(RRCriticalFlux) Critical XUV Flux that separates RR and energy-limited escape [W/m^2]: 56.503411 
(CrossoverMass) Crossover mass, defines oxygen is escaping if mc > mo [kg]: 0.000000 
(WaterEscapeRegime) What water escape regime the code is currently in []: 8.000000 
(FXUVCRITDRAG) Critical Drag XUV flux [W/m^2]: 0.471072 
(HREFFLUX) The Hydrogen Reference Flux (m^-2 s^-1) [m^-2 s^-1]: 2.274440e+18 
(XO2) Molecular oxygen mixing ratio in atmosphere []: 0.000000 
(XH2O) Water mixing ratio in upper atmosphere []: 0.000000 
(HDiffFlux) The Hydrogen Diffusion Flux (m^-2 s^-1) [m^-2 s^-1]: 2.348282e+17 
(HRefODragMod) Multiply by H ref flux to get flux with drag []: 1.000000 
(KTide) Mass loss enhancement due to stellar gravity []: 0.771276 
(CumulativeXUVFlux) Cumulative XUV flux [W/m^2]: 2.935421e+18 
(RunawayGreenhouseFlux) Incident flux that triggers runaway greenhouse [kg/sec^3]: 1294.361742 
(RGDuration) Runaway Greenhouse Duration [years]: 0.00000e+00

Output Order: Time[year] CumulativeXUVFlux[W/m^2]
Grid Output Order:
