-------- Log file gj1132.log -------

Executable: /home/vplanet/.local/bin/vplanet
Version: Unknown
System Name: gj1132
Primary Input File: vpl.in
Body File #1: star.in
Body File #2: b.in
Allow files to be overwitten: Yes
Mass Units: Grams
Length Units: Meters
Time Units: Seconds
Angle Units: Radians

------- FORMATTING -----
Verbosity Level: 5
Crossover Decade for Scientific Notation: 4
Number of Digits After Decimal: 6
Integration Method: Runge-Kutta4
Direction: Forward
Time Step: 3.155760e+07
Stop Time: 2.190314e+17
Output Interval: 3.155760e+13
Use Variable Timestep: Yes
dEta: 0.010000
Minimum Value of ecc and obl: 1.000000e-10


---- INITIAL SYSTEM PROPERTIES ----
(Age) System Age [sec]: 1.599278e+14 
(Time) Simulation Time [sec]: 0.000000 
(TotAngMom) Total Angular Momentum [kg*m^2/sec]: 1.637805e+42 
(TotEnergy) Total System Energy [kg*m^2/sec^2]: -1.190668e+40 
(PotEnergy) Body's non-orbital Potential Energy [kg*m^2/sec^2]: -1.196608e+40 
(KinEnergy) Body's non-orbital Kinetic Energy [kg*m^2/sec^2]: 5.946165e+37 
(DeltaTime) Average Timestep Over Last Output Interval [sec]: 0.000000 

----- BODY: star ----
Active Modules: FLARE STELLAR
Module Bit Sum: 577
Color: 000000
(Mass) Mass [kg]: 3.954153e+29 
(Radius) Radius [m]: 5.232517e+08 
(RadGyra) Radius of Gyration/Moment of Inertia Constant []: 0.455753 
(RotAngMom) Rotational Angular Momentum [kg*m^2/sec]: 1.635313e+42 
(RotVel) Rotational Velocity [m/sec]: 3.805194e+04 
(BodyType) Type of Body (0 == planet) []: 0.000000 
(RotRate) Rotational Frequency [/sec]: 7.272205e-05 
(RotPer) Rotational Period [sec]: 8.640000e+04 
(Density) Average Density [kg/m^3]: 658.920267 
(HZLimitDryRunaway) Semi-major axis of Dry Runaway HZ Limit [m]: 3.168687e+10 
(HZLimRecVenus) Recent Venus HZ Limit [m]: 2.838387e+10 
(HZLimRunaway) Runaway Greenhouse HZ Limit [m]: 3.743648e+10 
(HZLimMoistGreenhouse) Moist Greenhouse HZ Limit [m]: 3.755652e+10 
(HZLimMaxGreenhouse) Maximum Greenhouse HZ Limit [m]: 7.135841e+10 
(HZLimEarlyMars) Early Mars HZ Limit [m]: 7.782411e+10 
(Instellation) Orbit-averaged INcident STELLar radiATION [kg/sec^3]: -1.000000 
(CriticalSemiMajorAxis) Holman & Wiegert (1999) P-type Critical Semi-major Axis [m]: -1.000000 
(LXUVTot) Total XUV Luminosity [LSUN]: 5.037967e-05 
(LostEnergy) Body's Total Lost Energy [kg*m^2/sec^2]: 5.562685e-309 
(LostAngMom) Lost Angular Momentum due to Magnetic Braking [kg*m^2/sec]: 5.562685e-309 
(EscapeVelocity) Escape Velocity [m/sec]: 3.176059e+05 
----- STELLAR PARAMETERS (star)------
(Luminosity) Luminosity [LSUN]: 0.054459 
(LXUVStellar) Base X-ray/XUV Luminosity [LSUN]: 4.957625e-05 
(Temperature) Effective Temperature [K]: 3217.066762 
(LXUVFrac) Fraction of luminosity in XUV []: 0.000910 
(RossbyNumber) Rossby Number []: 0.016531 
(DRotPerDtStellar) Time Rate of Change of Rotation Period in STELLAR []: -1.425917e-10 
(WindTorque) Stellar Wind Torque []: 5.267890e+27 
----- FLARE PARAMETERS (star)------
(LXUVFlare) XUV Luminosity from flares [LSUN]: 8.034172e-07 
(FlareFreq1) First value of flare frequency range [/sec]: 3.161697e-05 
(FlareFreq2) Second value of flare frequency range [/sec]: 2.742053e-05 
(FlareFreq3) Third value of flare frequency range [/sec]: 2.378107e-05 
(FlareFreq4) Fourth value of flare frequency range [/sec]: 2.062466e-05 
(FlareFreqMin) Frequency of the flares with the lowest energy [/sec]: 3.161697e-05 
(FlareFreqMid) Frequency of the flares with the middle energy in the energy range [/sec]: 7.611597e-06 
(FlareFreqMax) Frequency of the flares with the highest energy [/sec]: 1.832447e-06 
(FlareEnergy1) First value of flare energy range [kg*m^2/sec^2]: 5.334000e+23 
(FlareEnergy2) Second value of flare energy range [kg*m^2/sec^2]: 6.715108e+23 
(FlareEnergy3) Third value of flare energy range [kg*m^2/sec^2]: 8.453820e+23 
(FlareEnergy4) Fourth value of flare energy range [kg*m^2/sec^2]: 1.064273e+24 
(FlareEnergyMin) Minimum flare energy [kg*m^2/sec^2]: 5.334000e+23 
(FlareEnergyMid) Middle flare energy in the range of energy values [kg*m^2/sec^2]: 5.334000e+24 
(FlareEnergyMax) Maximum flare energy [kg*m^2/sec^2]: 5.334000e+25 
(FlareYIntOUT) Instantaneous Davenport FFD y-intercept at current age and mass []: 19.439408 
(FlareSlopeOUT) Instantaneous Davenport FFD slope at current age and mass []: -0.618444 

Output Order: Time[year] Luminosity[LSUN] LXUVStellar[LSUN] LXUVFlare[LSUN] LXUVTot[LSUN]
Grid Output Order:

----- BODY: b ----
Active Modules: AtmEsc
Module Bit Sum: 9
Color: 000000
(Mass) Mass [kg]: 9.974499e+24 
(Radius) Radius [m]: 7.170326e+06 
(RadGyra) Radius of Gyration/Moment of Inertia Constant []: 0.500000 
(BodyType) Type of Body (0 == planet) []: 0.000000 
(Density) Average Density [kg/m^3]: 6459.305278 
(HZLimitDryRunaway) Semi-major axis of Dry Runaway HZ Limit [m]: 3.168690e+10 
(HZLimRecVenus) Recent Venus HZ Limit [m]: 2.838387e+10 
(HZLimRunaway) Runaway Greenhouse HZ Limit [m]: 3.743648e+10 
(HZLimMoistGreenhouse) Moist Greenhouse HZ Limit [m]: 3.755652e+10 
(HZLimMaxGreenhouse) Maximum Greenhouse HZ Limit [m]: 7.135841e+10 
(HZLimEarlyMars) Early Mars HZ Limit [m]: 7.782411e+10 
(Instellation) Orbit-averaged INcident STELLar radiATION [kg/sec^3]: 2.977856e+05 
(MeanMotion) Orbital Mean Motion [/sec]: 4.464386e-05 
(OrbPeriod) Orbital Period [sec]: 1.407402e+05 
(SemiMajorAxis) Semi-major Axis [m]: 2.365820e+09 
(LXUVTot) Total XUV Luminosity [kg/sec^3]: -1.000000 
(EscapeVelocity) Escape Velocity [m/sec]: 1.362678e+04 
----- ATMESC PARAMETERS (b)------
(SurfWaterMass) Surface water mass [kg]: 0.000000 
(EnvelopeMass) Envelope mass [kg]: 0.000000 
(OxygenMass) Oxygen mass in the atmosphere [kg]: 0.000000 
(RGLimit) Runaway greenhouse semi-major axis [m]: 3.587643e+10 
(XO) Atomic oxygen mixing ratio in upper atmosphere []: 0.000000 
(EtaO) Oxygen eta parameter (Luger and Barnes 2015) []: 0.000000 
(PlanetRadius) Planet radius [m]: 7.170326e+06 
(OxygenMantleMass) Mass of oxygen in mantle [kg]: 0.000000 
(RadXUV) XUV radius separating hydro. dyn. escape and equilibrium [m]: -1.000000 
(RadSolid) Radius to the solid surface [m]: -1.000000 
(PresXUV) Pressure at base of thermosphere [(null)]: 5.000000 
(ScaleHeight) Scale height in Lehmer & Catling (2016) model [m]: -1.000000 
(ThermTemp) Isothermal atmospheric temperature [K]: 400.000000 
(AtmGasConst) Atmospheric gas constant [(null)]: 4124.000000 
(PresSurf) Surface pressure due to atmosphere [Pa]: -1.000000 
(DEnvMassDt) Envelope Mass Loss Rate [kg/s]: 0.000000 
(FXUV) XUV flux [W/m^2]: 275.481002 
(AtmXAbsEffH2O) XUV atmospheric escape efficiency for H2O []: 0.300000 
(RocheRadius) Roche Lobe Radius [m]: 4.810836e+07 
(BondiRadius) Bondi Radius [m]: 3.289314e+08 
(HEscapeRegime) Integer flag for H envelope escape regime []: 8.000000 
(RRCriticalFlux) Critical XUV Flux that separates RR and energy-limited escape [W/m^2]: 63.836289 
(CrossoverMass) Crossover mass, defines oxygen is escaping if mc > mo [kg]: 0.000000 
(WaterEscapeRegime) What water escape regime the code is currently in []: 8.000000 
(FXUVCRITDRAG) Critical Drag XUV flux [W/m^2]: 0.522929 
(HREFFLUX) The Hydrogen Reference Flux (m^-2 s^-1) [m^-2 s^-1]: 1.722340e+20 
(XO2) Molecular oxygen mixing ratio in atmosphere []: 0.000000 
(XH2O) Water mixing ratio in upper atmosphere []: 0.000000 
(HDiffFlux) The Hydrogen Diffusion Flux (m^-2 s^-1) [m^-2 s^-1]: 2.507270e+17 
(HRefODragMod) Multiply by H ref flux to get flux with drag []: 1.000000 
(KTide) Mass loss enhancement due to stellar gravity []: 0.778088 
(CumulativeXUVFlux) Cumulative XUV flux [W/m^2]: 0.000000 
(RunawayGreenhouseFlux) Incident flux that triggers runaway greenhouse [kg/sec^3]: 1294.935085 
(RGDuration) Runaway Greenhouse Duration [years]: 0.00000e+00

Output Order: Time[year] CumulativeXUVFlux[W/m^2]
Grid Output Order:



---- FINAL SYSTEM PROPERTIES ----
(Age) System Age [sec]: 2.191919e+17 
(Time) Simulation Time [sec]: 2.190320e+17 
(TotAngMom) Total Angular Momentum [kg*m^2/sec]: 1.639722e+42 
(TotEnergy) Total System Energy [kg*m^2/sec^2]: -1.190074e+40 
(PotEnergy) Body's non-orbital Potential Energy [kg*m^2/sec^2]: -4.163553e+40 
(KinEnergy) Body's non-orbital Kinetic Energy [kg*m^2/sec^2]: 6.421013e+32 
(DeltaTime) Average Timestep Over Last Output Interval [sec]: 2.103840e+12 

----- BODY: star ----
Active Modules: FLARE STELLAR
Module Bit Sum: 577
Color: 000000
(Mass) Mass [kg]: 3.954153e+29 
(Radius) Radius [m]: 1.503829e+08 
(RadGyra) Radius of Gyration/Moment of Inertia Constant []: 0.460159 
(RotAngMom) Rotational Angular Momentum [kg*m^2/sec]: 1.559374e+39 
(RotVel) Rotational Velocity [m/sec]: 123.845971 
(BodyType) Type of Body (0 == planet) []: 0.000000 
(RotRate) Rotational Frequency [/sec]: 8.235375e-07 
(RotPer) Rotational Period [sec]: 7.629507e+06 
(Density) Average Density [kg/m^3]: 2.775680e+04 
(HZLimitDryRunaway) Semi-major axis of Dry Runaway HZ Limit [m]: 9.368276e+09 
(HZLimRecVenus) Recent Venus HZ Limit [m]: 8.384885e+09 
(HZLimRunaway) Runaway Greenhouse HZ Limit [m]: 1.106328e+10 
(HZLimMoistGreenhouse) Moist Greenhouse HZ Limit [m]: 1.109458e+10 
(HZLimMaxGreenhouse) Maximum Greenhouse HZ Limit [m]: 2.104634e+10 
(HZLimEarlyMars) Early Mars HZ Limit [m]: 2.295339e+10 
(Instellation) Orbit-averaged INcident STELLar radiATION [kg/sec^3]: -1.000000 
(CriticalSemiMajorAxis) Holman & Wiegert (1999) P-type Critical Semi-major Axis [m]: -1.000000 
(LXUVTot) Total XUV Luminosity [LSUN]: 6.937566e-07 
(LostEnergy) Body's Total Lost Energy [kg*m^2/sec^2]: 2.973485e+40 
(LostAngMom) Lost Angular Momentum due to Magnetic Braking [kg*m^2/sec]: 1.635671e+42 
(EscapeVelocity) Escape Velocity [m/sec]: 5.924404e+05 
----- STELLAR PARAMETERS (star)------
(Luminosity) Luminosity [LSUN]: 0.004760 
(LXUVStellar) Base X-ray/XUV Luminosity [LSUN]: 3.069544e-07 
(Temperature) Effective Temperature [K]: 3258.920805 
(LXUVFrac) Fraction of luminosity in XUV []: 6.448308e-05 
(RossbyNumber) Rossby Number []: 1.491392 
(DRotPerDtStellar) Time Rate of Change of Rotation Period in STELLAR []: 2.942503e-11 
(WindTorque) Stellar Wind Torque []: 3.236213e+21 
----- FLARE PARAMETERS (star)------
(LXUVFlare) XUV Luminosity from flares [LSUN]: 3.868018e-07 
(FlareFreq1) First value of flare frequency range [/sec]: 8.392268e-05 
(FlareFreq2) Second value of flare frequency range [/sec]: 6.537981e-05 
(FlareFreq3) Third value of flare frequency range [/sec]: 5.093402e-05 
(FlareFreq4) Fourth value of flare frequency range [/sec]: 3.968006e-05 
(FlareFreqMin) Frequency of the flares with the lowest energy [/sec]: 8.392268e-05 
(FlareFreqMid) Frequency of the flares with the middle energy in the energy range [/sec]: 6.910708e-06 
(FlareFreqMax) Frequency of the flares with the highest energy [/sec]: 5.690700e-07 
(FlareEnergy1) First value of flare energy range [kg*m^2/sec^2]: 5.334000e+23 
(FlareEnergy2) Second value of flare energy range [kg*m^2/sec^2]: 6.715108e+23 
(FlareEnergy3) Third value of flare energy range [kg*m^2/sec^2]: 8.453820e+23 
(FlareEnergy4) Fourth value of flare energy range [kg*m^2/sec^2]: 1.064273e+24 
(FlareEnergyMin) Minimum flare energy [kg*m^2/sec^2]: 5.334000e+23 
(FlareEnergyMid) Middle flare energy in the range of energy values [kg*m^2/sec^2]: 5.334000e+24 
(FlareEnergyMax) Maximum flare energy [kg*m^2/sec^2]: 5.334000e+25 
(FlareYIntOUT) Instantaneous Davenport FFD y-intercept at current age and mass []: 34.179482 
(FlareSlopeOUT) Instantaneous Davenport FFD slope at current age and mass []: -1.084357 

Output Order: Time[year] Luminosity[LSUN] LXUVStellar[LSUN] LXUVFlare[LSUN] LXUVTot[LSUN]
Grid Output Order:

----- BODY: b ----
Active Modules: AtmEsc
Module Bit Sum: 9
Color: 000000
(Mass) Mass [kg]: 9.974499e+24 
(Radius) Radius [m]: 7.170326e+06 
(RadGyra) Radius of Gyration/Moment of Inertia Constant []: 0.500000 
(BodyType) Type of Body (0 == planet) []: 0.000000 
(Density) Average Density [kg/m^3]: 6459.305278 
(HZLimitDryRunaway) Semi-major axis of Dry Runaway HZ Limit [m]: 9.368286e+09 
(HZLimRecVenus) Recent Venus HZ Limit [m]: 8.384885e+09 
(HZLimRunaway) Runaway Greenhouse HZ Limit [m]: 1.106328e+10 
(HZLimMoistGreenhouse) Moist Greenhouse HZ Limit [m]: 1.109458e+10 
(HZLimMaxGreenhouse) Maximum Greenhouse HZ Limit [m]: 2.104634e+10 
(HZLimEarlyMars) Early Mars HZ Limit [m]: 2.295339e+10 
(Instellation) Orbit-averaged INcident STELLar radiATION [kg/sec^3]: 2.602941e+04 
(MeanMotion) Orbital Mean Motion [/sec]: 4.464386e-05 
(OrbPeriod) Orbital Period [sec]: 1.407402e+05 
(SemiMajorAxis) Semi-major Axis [m]: 2.365820e+09 
(LXUVTot) Total XUV Luminosity [kg/sec^3]: -1.000000 
(EscapeVelocity) Escape Velocity [m/sec]: 1.362678e+04 
----- ATMESC PARAMETERS (b)------
(SurfWaterMass) Surface water mass [kg]: 0.000000 
(EnvelopeMass) Envelope mass [kg]: 0.000000 
(OxygenMass) Oxygen mass in the atmosphere [kg]: 0.000000 
(RGLimit) Runaway greenhouse semi-major axis [m]: 1.060245e+10 
(XO) Atomic oxygen mixing ratio in upper atmosphere []: 0.000000 
(EtaO) Oxygen eta parameter (Luger and Barnes 2015) []: 0.000000 
(PlanetRadius) Planet radius [m]: 7.170326e+06 
(OxygenMantleMass) Mass of oxygen in mantle [kg]: 0.000000 
(RadXUV) XUV radius separating hydro. dyn. escape and equilibrium [m]: -1.000000 
(RadSolid) Radius to the solid surface [m]: -1.000000 
(PresXUV) Pressure at base of thermosphere [(null)]: 5.000000 
(ScaleHeight) Scale height in Lehmer & Catling (2016) model [m]: -1.000000 
(ThermTemp) Isothermal atmospheric temperature [K]: 400.000000 
(AtmGasConst) Atmospheric gas constant [(null)]: 4124.000000 
(PresSurf) Surface pressure due to atmosphere [Pa]: -1.000000 
(DEnvMassDt) Envelope Mass Loss Rate [kg/s]: 0.000000 
(FXUV) XUV flux [W/m^2]: 3.793529 
(AtmXAbsEffH2O) XUV atmospheric escape efficiency for H2O []: 0.300000 
(RocheRadius) Roche Lobe Radius [m]: 4.810836e+07 
(BondiRadius) Bondi Radius [m]: 6.056861e+08 
(HEscapeRegime) Integer flag for H envelope escape regime []: 8.000000 
(RRCriticalFlux) Critical XUV Flux that separates RR and energy-limited escape [W/m^2]: 63.836289 
(CrossoverMass) Crossover mass, defines oxygen is escaping if mc > mo [kg]: 0.000000 
(WaterEscapeRegime) What water escape regime the code is currently in []: 8.000000 
(FXUVCRITDRAG) Critical Drag XUV flux [W/m^2]: 0.522929 
(HREFFLUX) The Hydrogen Reference Flux (m^-2 s^-1) [m^-2 s^-1]: 2.371759e+18 
(XO2) Molecular oxygen mixing ratio in atmosphere []: 0.000000 
(XH2O) Water mixing ratio in upper atmosphere []: 0.000000 
(HDiffFlux) The Hydrogen Diffusion Flux (m^-2 s^-1) [m^-2 s^-1]: 2.507270e+17 
(HRefODragMod) Multiply by H ref flux to get flux with drag []: 1.000000 
(KTide) Mass loss enhancement due to stellar gravity []: 0.778088 
(CumulativeXUVFlux) Cumulative XUV flux [W/m^2]: 2.724324e+18 
(RunawayGreenhouseFlux) Incident flux that triggers runaway greenhouse [kg/sec^3]: 1296.028410 
(RGDuration) Runaway Greenhouse Duration [years]: 0.00000e+00

Output Order: Time[year] CumulativeXUVFlux[W/m^2]
Grid Output Order:
