-------- Log file gj1132.log -------

Executable: /home/vplanet/.local/bin/vplanet
Version: Unknown
System Name: gj1132
Primary Input File: vpl.in
Body File #1: star.in
Body File #2: b.in
Allow files to be overwitten: Yes
Mass Units: Grams
Length Units: Meters
Time Units: Seconds
Angle Units: Radians

------- FORMATTING -----
Verbosity Level: 5
Crossover Decade for Scientific Notation: 4
Number of Digits After Decimal: 6
Integration Method: Runge-Kutta4
Direction: Forward
Time Step: 3.155760e+07
Stop Time: 2.325007e+17
Output Interval: 3.155760e+13
Use Variable Timestep: Yes
dEta: 0.010000
Minimum Value of ecc and obl: 1.000000e-10


---- INITIAL SYSTEM PROPERTIES ----
(Age) System Age [sec]: 1.471998e+14 
(Time) Simulation Time [sec]: 0.000000 
(TotAngMom) Total Angular Momentum [kg*m^2/sec]: 1.793938e+42 
(TotEnergy) Total System Energy [kg*m^2/sec^2]: -1.184540e+40 
(PotEnergy) Body's non-orbital Potential Energy [kg*m^2/sec^2]: -1.191048e+40 
(KinEnergy) Body's non-orbital Kinetic Energy [kg*m^2/sec^2]: 6.514006e+37 
(DeltaTime) Average Timestep Over Last Output Interval [sec]: 0.000000 

----- BODY: star ----
Active Modules: FLARE STELLAR
Module Bit Sum: 577
Color: 000000
(Mass) Mass [kg]: 4.021153e+29 
(Radius) Radius [m]: 5.436600e+08 
(RadGyra) Radius of Gyration/Moment of Inertia Constant []: 0.455271 
(RotAngMom) Rotational Angular Momentum [kg*m^2/sec]: 1.791480e+42 
(RotVel) Rotational Velocity [m/sec]: 3.953607e+04 
(BodyType) Type of Body (0 == planet) []: 0.000000 
(RotRate) Rotational Frequency [/sec]: 7.272205e-05 
(RotPer) Rotational Period [sec]: 8.640000e+04 
(Density) Average Density [kg/m^3]: 597.420170 
(HZLimitDryRunaway) Semi-major axis of Dry Runaway HZ Limit [m]: 3.291065e+10 
(HZLimRecVenus) Recent Venus HZ Limit [m]: 2.947990e+10 
(HZLimRunaway) Runaway Greenhouse HZ Limit [m]: 3.888219e+10 
(HZLimMoistGreenhouse) Moist Greenhouse HZ Limit [m]: 3.900675e+10 
(HZLimMaxGreenhouse) Maximum Greenhouse HZ Limit [m]: 7.411300e+10 
(HZLimEarlyMars) Early Mars HZ Limit [m]: 8.082829e+10 
(Instellation) Orbit-averaged INcident STELLar radiATION [kg/sec^3]: -1.000000 
(CriticalSemiMajorAxis) Holman & Wiegert (1999) P-type Critical Semi-major Axis [m]: -1.000000 
(LXUVTot) Total XUV Luminosity [LSUN]: 0.000128 
(LostEnergy) Body's Total Lost Energy [kg*m^2/sec^2]: 5.562685e-309 
(LostAngMom) Lost Angular Momentum due to Magnetic Braking [kg*m^2/sec]: 5.562685e-309 
(EscapeVelocity) Escape Velocity [m/sec]: 3.142164e+05 
----- STELLAR PARAMETERS (star)------
(Luminosity) Luminosity [LSUN]: 0.058746 
(LXUVStellar) Base X-ray/XUV Luminosity [LSUN]: 0.000127 
(Temperature) Effective Temperature [K]: 3217.381350 
(LXUVFrac) Fraction of luminosity in XUV []: 0.002169 
(RossbyNumber) Rossby Number []: 0.016534 
(DRotPerDtStellar) Time Rate of Change of Rotation Period in STELLAR []: -1.070939e-10 
(WindTorque) Stellar Wind Torque []: 6.388433e+27 
----- FLARE PARAMETERS (star)------
(LXUVFlare) XUV Luminosity from flares [LSUN]: 8.097213e-07 
(FlareFreq1) First value of flare frequency range [/sec]: 3.078081e-05 
(FlareFreq2) Second value of flare frequency range [/sec]: 2.674830e-05 
(FlareFreq3) Third value of flare frequency range [/sec]: 2.324408e-05 
(FlareFreq4) Fourth value of flare frequency range [/sec]: 2.019893e-05 
(FlareFreqMin) Frequency of the flares with the lowest energy [/sec]: 3.078081e-05 
(FlareFreqMid) Frequency of the flares with the middle energy in the energy range [/sec]: 7.558598e-06 
(FlareFreqMax) Frequency of the flares with the highest energy [/sec]: 1.856105e-06 
(FlareEnergy1) First value of flare energy range [kg*m^2/sec^2]: 5.334000e+23 
(FlareEnergy2) Second value of flare energy range [kg*m^2/sec^2]: 6.715108e+23 
(FlareEnergy3) Third value of flare energy range [kg*m^2/sec^2]: 8.453820e+23 
(FlareEnergy4) Fourth value of flare energy range [kg*m^2/sec^2]: 1.064273e+24 
(FlareEnergyMin) Minimum flare energy [kg*m^2/sec^2]: 5.334000e+23 
(FlareEnergyMid) Middle flare energy in the range of energy values [kg*m^2/sec^2]: 5.334000e+24 
(FlareEnergyMax) Maximum flare energy [kg*m^2/sec^2]: 5.334000e+25 
(FlareYIntOUT) Instantaneous Davenport FFD y-intercept at current age and mass []: 19.163344 
(FlareSlopeOUT) Instantaneous Davenport FFD slope at current age and mass []: -0.609839 

Output Order: Time[year] Luminosity[LSUN] LXUVStellar[LSUN] LXUVFlare[LSUN] LXUVTot[LSUN]
Grid Output Order:

----- BODY: b ----
Active Modules: AtmEsc
Module Bit Sum: 9
Color: 000000
(Mass) Mass [kg]: 9.725180e+24 
(Radius) Radius [m]: 7.308678e+06 
(RadGyra) Radius of Gyration/Moment of Inertia Constant []: 0.500000 
(BodyType) Type of Body (0 == planet) []: 0.000000 
(Density) Average Density [kg/m^3]: 5946.926455 
(HZLimitDryRunaway) Semi-major axis of Dry Runaway HZ Limit [m]: 3.291066e+10 
(HZLimRecVenus) Recent Venus HZ Limit [m]: 2.947990e+10 
(HZLimRunaway) Runaway Greenhouse HZ Limit [m]: 3.888219e+10 
(HZLimMoistGreenhouse) Moist Greenhouse HZ Limit [m]: 3.900675e+10 
(HZLimMaxGreenhouse) Maximum Greenhouse HZ Limit [m]: 7.411300e+10 
(HZLimEarlyMars) Early Mars HZ Limit [m]: 8.082829e+10 
(Instellation) Orbit-averaged INcident STELLar radiATION [kg/sec^3]: 3.176648e+05 
(MeanMotion) Orbital Mean Motion [/sec]: 4.464510e-05 
(OrbPeriod) Orbital Period [sec]: 1.407363e+05 
(SemiMajorAxis) Semi-major Axis [m]: 2.379063e+09 
(LXUVTot) Total XUV Luminosity [kg/sec^3]: -1.000000 
(EscapeVelocity) Escape Velocity [m/sec]: 1.332744e+04 
----- ATMESC PARAMETERS (b)------
(SurfWaterMass) Surface water mass [kg]: 0.000000 
(EnvelopeMass) Envelope mass [kg]: 0.000000 
(OxygenMass) Oxygen mass in the atmosphere [kg]: 0.000000 
(RGLimit) Runaway greenhouse semi-major axis [m]: 3.728367e+10 
(XO) Atomic oxygen mixing ratio in upper atmosphere []: 0.000000 
(EtaO) Oxygen eta parameter (Luger and Barnes 2015) []: 0.000000 
(PlanetRadius) Planet radius [m]: 7.308678e+06 
(OxygenMantleMass) Mass of oxygen in mantle [kg]: 0.000000 
(RadXUV) XUV radius separating hydro. dyn. escape and equilibrium [m]: -1.000000 
(RadSolid) Radius to the solid surface [m]: -1.000000 
(PresXUV) Pressure at base of thermosphere [(null)]: 5.000000 
(ScaleHeight) Scale height in Lehmer & Catling (2016) model [m]: -1.000000 
(ThermTemp) Isothermal atmospheric temperature [K]: 400.000000 
(AtmGasConst) Atmospheric gas constant [(null)]: 4124.000000 
(PresSurf) Surface pressure due to atmosphere [Pa]: -1.000000 
(DEnvMassDt) Envelope Mass Loss Rate [kg/s]: 0.000000 
(FXUV) XUV flux [W/m^2]: 693.538107 
(AtmXAbsEffH2O) XUV atmospheric escape efficiency for H2O []: 0.300000 
(RocheRadius) Roche Lobe Radius [m]: 4.770324e+07 
(BondiRadius) Bondi Radius [m]: 3.137248e+08 
(HEscapeRegime) Integer flag for H envelope escape regime []: 8.000000 
(RRCriticalFlux) Critical XUV Flux that separates RR and energy-limited escape [W/m^2]: 56.407583 
(CrossoverMass) Crossover mass, defines oxygen is escaping if mc > mo [kg]: 0.000000 
(WaterEscapeRegime) What water escape regime the code is currently in []: 8.000000 
(FXUVCRITDRAG) Critical Drag XUV flux [W/m^2]: 0.469414 
(HREFFLUX) The Hydrogen Reference Flux (m^-2 s^-1) [m^-2 s^-1]: 4.568910e+20 
(XO2) Molecular oxygen mixing ratio in atmosphere []: 0.000000 
(XH2O) Water mixing ratio in upper atmosphere []: 0.000000 
(HDiffFlux) The Hydrogen Diffusion Flux (m^-2 s^-1) [m^-2 s^-1]: 2.352924e+17 
(HRefODragMod) Multiply by H ref flux to get flux with drag []: 1.000000 
(KTide) Mass loss enhancement due to stellar gravity []: 0.771981 
(CumulativeXUVFlux) Cumulative XUV flux [W/m^2]: 0.000000 
(RunawayGreenhouseFlux) Incident flux that triggers runaway greenhouse [kg/sec^3]: 1293.431462 
(RGDuration) Runaway Greenhouse Duration [years]: 0.00000e+00

Output Order: Time[year] CumulativeXUVFlux[W/m^2]
Grid Output Order:



---- FINAL SYSTEM PROPERTIES ----
(Age) System Age [sec]: 2.326498e+17 
(Time) Simulation Time [sec]: 2.325026e+17 
(TotAngMom) Total Angular Momentum [kg*m^2/sec]: 1.795122e+42 
(TotEnergy) Total System Energy [kg*m^2/sec^2]: -1.184388e+40 
(PotEnergy) Body's non-orbital Potential Energy [kg*m^2/sec^2]: -4.226007e+40 
(KinEnergy) Body's non-orbital Kinetic Energy [kg*m^2/sec^2]: 6.219637e+32 
(DeltaTime) Average Timestep Over Last Output Interval [sec]: 1.051920e+13 

----- BODY: star ----
Active Modules: FLARE STELLAR
Module Bit Sum: 577
Color: 000000
(Mass) Mass [kg]: 4.021153e+29 
(Radius) Radius [m]: 1.532239e+08 
(RadGyra) Radius of Gyration/Moment of Inertia Constant []: 0.460065 
(RotAngMom) Rotational Angular Momentum [kg*m^2/sec]: 1.576590e+39 
(RotVel) Rotational Velocity [m/sec]: 120.893435 
(BodyType) Type of Body (0 == planet) []: 0.000000 
(RotRate) Rotational Frequency [/sec]: 7.889985e-07 
(RotPer) Rotational Period [sec]: 7.963495e+06 
(Density) Average Density [kg/m^3]: 2.668593e+04 
(HZLimitDryRunaway) Semi-major axis of Dry Runaway HZ Limit [m]: 9.544506e+09 
(HZLimRecVenus) Recent Venus HZ Limit [m]: 8.541504e+09 
(HZLimRunaway) Runaway Greenhouse HZ Limit [m]: 1.127060e+10 
(HZLimMoistGreenhouse) Moist Greenhouse HZ Limit [m]: 1.130181e+10 
(HZLimMaxGreenhouse) Maximum Greenhouse HZ Limit [m]: 2.143406e+10 
(HZLimEarlyMars) Early Mars HZ Limit [m]: 2.337625e+10 
(Instellation) Orbit-averaged INcident STELLar radiATION [kg/sec^3]: -1.000000 
(CriticalSemiMajorAxis) Holman & Wiegert (1999) P-type Critical Semi-major Axis [m]: -1.000000 
(LXUVTot) Total XUV Luminosity [LSUN]: 6.788641e-07 
(LostEnergy) Body's Total Lost Energy [kg*m^2/sec^2]: 3.041624e+40 
(LostAngMom) Lost Angular Momentum due to Magnetic Braking [kg*m^2/sec]: 1.791088e+42 
(EscapeVelocity) Escape Velocity [m/sec]: 5.918739e+05 
----- STELLAR PARAMETERS (star)------
(Luminosity) Luminosity [LSUN]: 0.004941 
(LXUVStellar) Base X-ray/XUV Luminosity [LSUN]: 2.946410e-07 
(Temperature) Effective Temperature [K]: 3265.506196 
(LXUVFrac) Fraction of luminosity in XUV []: 5.963174e-05 
(RossbyNumber) Rossby Number []: 1.561938 
(DRotPerDtStellar) Time Rate of Change of Rotation Period in STELLAR []: 1.441694e-11 
(WindTorque) Stellar Wind Torque []: 2.854210e+21 
----- FLARE PARAMETERS (star)------
(LXUVFlare) XUV Luminosity from flares [LSUN]: 3.842221e-07 
(FlareFreq1) First value of flare frequency range [/sec]: 8.396186e-05 
(FlareFreq2) Second value of flare frequency range [/sec]: 6.537762e-05 
(FlareFreq3) Third value of flare frequency range [/sec]: 5.090684e-05 
(FlareFreq4) Fourth value of flare frequency range [/sec]: 3.963905e-05 
(FlareFreqMin) Frequency of the flares with the lowest energy [/sec]: 8.396186e-05 
(FlareFreqMid) Frequency of the flares with the middle energy in the energy range [/sec]: 6.879431e-06 
(FlareFreqMax) Frequency of the flares with the highest energy [/sec]: 5.636675e-07 
(FlareEnergy1) First value of flare energy range [kg*m^2/sec^2]: 5.334000e+23 
(FlareEnergy2) Second value of flare energy range [kg*m^2/sec^2]: 6.715108e+23 
(FlareEnergy3) Third value of flare energy range [kg*m^2/sec^2]: 8.453820e+23 
(FlareEnergy4) Fourth value of flare energy range [kg*m^2/sec^2]: 1.064273e+24 
(FlareEnergyMin) Minimum flare energy [kg*m^2/sec^2]: 5.334000e+23 
(FlareEnergyMid) Middle flare energy in the range of energy values [kg*m^2/sec^2]: 5.334000e+24 
(FlareEnergyMax) Maximum flare energy [kg*m^2/sec^2]: 5.334000e+25 
(FlareYIntOUT) Instantaneous Davenport FFD y-intercept at current age and mass []: 34.246447 
(FlareSlopeOUT) Instantaneous Davenport FFD slope at current age and mass []: -1.086530 

Output Order: Time[year] Luminosity[LSUN] LXUVStellar[LSUN] LXUVFlare[LSUN] LXUVTot[LSUN]
Grid Output Order:

----- BODY: b ----
Active Modules: AtmEsc
Module Bit Sum: 9
Color: 000000
(Mass) Mass [kg]: 9.725180e+24 
(Radius) Radius [m]: 7.308678e+06 
(RadGyra) Radius of Gyration/Moment of Inertia Constant []: 0.500000 
(BodyType) Type of Body (0 == planet) []: 0.000000 
(Density) Average Density [kg/m^3]: 5946.926455 
(HZLimitDryRunaway) Semi-major axis of Dry Runaway HZ Limit [m]: 9.544509e+09 
(HZLimRecVenus) Recent Venus HZ Limit [m]: 8.541504e+09 
(HZLimRunaway) Runaway Greenhouse HZ Limit [m]: 1.127060e+10 
(HZLimMoistGreenhouse) Moist Greenhouse HZ Limit [m]: 1.130181e+10 
(HZLimMaxGreenhouse) Maximum Greenhouse HZ Limit [m]: 2.143406e+10 
(HZLimEarlyMars) Early Mars HZ Limit [m]: 2.337625e+10 
(Instellation) Orbit-averaged INcident STELLar radiATION [kg/sec^3]: 2.671795e+04 
(MeanMotion) Orbital Mean Motion [/sec]: 4.464510e-05 
(OrbPeriod) Orbital Period [sec]: 1.407363e+05 
(SemiMajorAxis) Semi-major Axis [m]: 2.379063e+09 
(LXUVTot) Total XUV Luminosity [kg/sec^3]: -1.000000 
(EscapeVelocity) Escape Velocity [m/sec]: 1.332744e+04 
----- ATMESC PARAMETERS (b)------
(SurfWaterMass) Surface water mass [kg]: 0.000000 
(EnvelopeMass) Envelope mass [kg]: 0.000000 
(OxygenMass) Oxygen mass in the atmosphere [kg]: 0.000000 
(RGLimit) Runaway greenhouse semi-major axis [m]: 1.080748e+10 
(XO) Atomic oxygen mixing ratio in upper atmosphere []: 0.000000 
(EtaO) Oxygen eta parameter (Luger and Barnes 2015) []: 0.000000 
(PlanetRadius) Planet radius [m]: 7.308678e+06 
(OxygenMantleMass) Mass of oxygen in mantle [kg]: 0.000000 
(RadXUV) XUV radius separating hydro. dyn. escape and equilibrium [m]: -1.000000 
(RadSolid) Radius to the solid surface [m]: -1.000000 
(PresXUV) Pressure at base of thermosphere [(null)]: 5.000000 
(ScaleHeight) Scale height in Lehmer & Catling (2016) model [m]: -1.000000 
(ThermTemp) Isothermal atmospheric temperature [K]: 400.000000 
(AtmGasConst) Atmospheric gas constant [(null)]: 4124.000000 
(PresSurf) Surface pressure due to atmosphere [Pa]: -1.000000 
(DEnvMassDt) Envelope Mass Loss Rate [kg/s]: 0.000000 
(FXUV) XUV flux [W/m^2]: 3.670882 
(AtmXAbsEffH2O) XUV atmospheric escape efficiency for H2O []: 0.300000 
(RocheRadius) Roche Lobe Radius [m]: 4.770324e+07 
(BondiRadius) Bondi Radius [m]: 5.822390e+08 
(HEscapeRegime) Integer flag for H envelope escape regime []: 8.000000 
(RRCriticalFlux) Critical XUV Flux that separates RR and energy-limited escape [W/m^2]: 56.407583 
(CrossoverMass) Crossover mass, defines oxygen is escaping if mc > mo [kg]: 0.000000 
(WaterEscapeRegime) What water escape regime the code is currently in []: 8.000000 
(FXUVCRITDRAG) Critical Drag XUV flux [W/m^2]: 0.469414 
(HREFFLUX) The Hydrogen Reference Flux (m^-2 s^-1) [m^-2 s^-1]: 2.418314e+18 
(XO2) Molecular oxygen mixing ratio in atmosphere []: 0.000000 
(XH2O) Water mixing ratio in upper atmosphere []: 0.000000 
(HDiffFlux) The Hydrogen Diffusion Flux (m^-2 s^-1) [m^-2 s^-1]: 2.352924e+17 
(HRefODragMod) Multiply by H ref flux to get flux with drag []: 1.000000 
(KTide) Mass loss enhancement due to stellar gravity []: 0.771981 
(CumulativeXUVFlux) Cumulative XUV flux [W/m^2]: 2.691407e+18 
(RunawayGreenhouseFlux) Incident flux that triggers runaway greenhouse [kg/sec^3]: 1294.690209 
(RGDuration) Runaway Greenhouse Duration [years]: 0.00000e+00

Output Order: Time[year] CumulativeXUVFlux[W/m^2]
Grid Output Order:
