-------- Log file gj1132.log -------

Executable: /home/vplanet/.local/bin/vplanet
Version: Unknown
System Name: gj1132
Primary Input File: vpl.in
Body File #1: star.in
Body File #2: b.in
Allow files to be overwitten: Yes
Mass Units: Grams
Length Units: Meters
Time Units: Seconds
Angle Units: Radians

------- FORMATTING -----
Verbosity Level: 5
Crossover Decade for Scientific Notation: 4
Number of Digits After Decimal: 6
Integration Method: Runge-Kutta4
Direction: Forward
Time Step: 3.155760e+07
Stop Time: 2.315183e+17
Output Interval: 3.155760e+13
Use Variable Timestep: Yes
dEta: 0.010000
Minimum Value of ecc and obl: 1.000000e-10


---- INITIAL SYSTEM PROPERTIES ----
(Age) System Age [sec]: 1.276663e+14 
(Time) Simulation Time [sec]: 0.000000 
(TotAngMom) Total Angular Momentum [kg*m^2/sec]: 1.779920e+42 
(TotEnergy) Total System Energy [kg*m^2/sec^2]: -1.028593e+40 
(PotEnergy) Body's non-orbital Potential Energy [kg*m^2/sec^2]: -1.035051e+40 
(KinEnergy) Body's non-orbital Kinetic Energy [kg*m^2/sec^2]: 6.463210e+37 
(DeltaTime) Average Timestep Over Last Output Interval [sec]: 0.000000 

----- BODY: star ----
Active Modules: FLARE STELLAR
Module Bit Sum: 577
Color: 000000
(Mass) Mass [kg]: 3.797646e+29 
(Radius) Radius [m]: 5.579857e+08 
(RadGyra) Radius of Gyration/Moment of Inertia Constant []: 0.454666 
(RotAngMom) Rotational Angular Momentum [kg*m^2/sec]: 1.777510e+42 
(RotVel) Rotational Velocity [m/sec]: 4.057786e+04 
(BodyType) Type of Body (0 == planet) []: 0.000000 
(RotRate) Rotational Frequency [/sec]: 7.272205e-05 
(RotPer) Rotational Period [sec]: 8.640000e+04 
(Density) Average Density [kg/m^3]: 521.863277 
(HZLimitDryRunaway) Semi-major axis of Dry Runaway HZ Limit [m]: 3.301426e+10 
(HZLimRecVenus) Recent Venus HZ Limit [m]: 2.959473e+10 
(HZLimRunaway) Runaway Greenhouse HZ Limit [m]: 3.902012e+10 
(HZLimMoistGreenhouse) Moist Greenhouse HZ Limit [m]: 3.915869e+10 
(HZLimMaxGreenhouse) Maximum Greenhouse HZ Limit [m]: 7.451191e+10 
(HZLimEarlyMars) Early Mars HZ Limit [m]: 8.126316e+10 
(Instellation) Orbit-averaged INcident STELLar radiATION [kg/sec^3]: -1.000000 
(CriticalSemiMajorAxis) Holman & Wiegert (1999) P-type Critical Semi-major Axis [m]: -1.000000 
(LXUVTot) Total XUV Luminosity [LSUN]: 6.091754e-05 
(LostEnergy) Body's Total Lost Energy [kg*m^2/sec^2]: 5.562685e-309 
(LostAngMom) Lost Angular Momentum due to Magnetic Braking [kg*m^2/sec]: 5.562685e-309 
(EscapeVelocity) Escape Velocity [m/sec]: 3.014137e+05 
----- STELLAR PARAMETERS (star)------
(Luminosity) Luminosity [LSUN]: 0.059117 
(LXUVStellar) Base X-ray/XUV Luminosity [LSUN]: 6.009310e-05 
(Temperature) Effective Temperature [K]: 3178.457292 
(LXUVFrac) Fraction of luminosity in XUV []: 0.001017 
(RossbyNumber) Rossby Number []: 0.016207 
(DRotPerDtStellar) Time Rate of Change of Rotation Period in STELLAR []: -1.482420e-10 
(WindTorque) Stellar Wind Torque []: 7.624220e+27 
----- FLARE PARAMETERS (star)------
(LXUVFlare) XUV Luminosity from flares [LSUN]: 8.244319e-07 
(FlareFreq1) First value of flare frequency range [/sec]: 3.130883e-05 
(FlareFreq2) Second value of flare frequency range [/sec]: 2.720869e-05 
(FlareFreq3) Third value of flare frequency range [/sec]: 2.364550e-05 
(FlareFreq4) Fourth value of flare frequency range [/sec]: 2.054894e-05 
(FlareFreqMin) Frequency of the flares with the lowest energy [/sec]: 3.130883e-05 
(FlareFreqMid) Frequency of the flares with the middle energy in the energy range [/sec]: 7.692636e-06 
(FlareFreqMax) Frequency of the flares with the highest energy [/sec]: 1.890095e-06 
(FlareEnergy1) First value of flare energy range [kg*m^2/sec^2]: 5.334000e+23 
(FlareEnergy2) Second value of flare energy range [kg*m^2/sec^2]: 6.715108e+23 
(FlareEnergy3) Third value of flare energy range [kg*m^2/sec^2]: 8.453820e+23 
(FlareEnergy4) Fourth value of flare energy range [kg*m^2/sec^2]: 1.064273e+24 
(FlareEnergyMin) Minimum flare energy [kg*m^2/sec^2]: 5.334000e+23 
(FlareEnergyMid) Middle flare energy in the range of energy values [kg*m^2/sec^2]: 5.334000e+24 
(FlareEnergyMax) Maximum flare energy [kg*m^2/sec^2]: 5.334000e+25 
(FlareYIntOUT) Instantaneous Davenport FFD y-intercept at current age and mass []: 19.163135 
(FlareSlopeOUT) Instantaneous Davenport FFD slope at current age and mass []: -0.609592 

Output Order: Time[year] Luminosity[LSUN] LXUVStellar[LSUN] LXUVFlare[LSUN] LXUVTot[LSUN]
Grid Output Order:

----- BODY: b ----
Active Modules: AtmEsc
Module Bit Sum: 9
Color: 000000
(Mass) Mass [kg]: 9.907380e+24 
(Radius) Radius [m]: 7.227444e+06 
(RadGyra) Radius of Gyration/Moment of Inertia Constant []: 0.500000 
(BodyType) Type of Body (0 == planet) []: 0.000000 
(Density) Average Density [kg/m^3]: 6264.928055 
(HZLimitDryRunaway) Semi-major axis of Dry Runaway HZ Limit [m]: 3.301449e+10 
(HZLimRecVenus) Recent Venus HZ Limit [m]: 2.959473e+10 
(HZLimRunaway) Runaway Greenhouse HZ Limit [m]: 3.902012e+10 
(HZLimMoistGreenhouse) Moist Greenhouse HZ Limit [m]: 3.915869e+10 
(HZLimMaxGreenhouse) Maximum Greenhouse HZ Limit [m]: 7.451191e+10 
(HZLimEarlyMars) Early Mars HZ Limit [m]: 8.126316e+10 
(Instellation) Orbit-averaged INcident STELLar radiATION [kg/sec^3]: 3.320764e+05 
(MeanMotion) Orbital Mean Motion [/sec]: 4.464348e-05 
(OrbPeriod) Orbital Period [sec]: 1.407414e+05 
(SemiMajorAxis) Semi-major Axis [m]: 2.334200e+09 
(LXUVTot) Total XUV Luminosity [kg/sec^3]: -1.000000 
(EscapeVelocity) Escape Velocity [m/sec]: 1.352709e+04 
----- ATMESC PARAMETERS (b)------
(SurfWaterMass) Surface water mass [kg]: 0.000000 
(EnvelopeMass) Envelope mass [kg]: 0.000000 
(OxygenMass) Oxygen mass in the atmosphere [kg]: 0.000000 
(RGLimit) Runaway greenhouse semi-major axis [m]: 3.739937e+10 
(XO) Atomic oxygen mixing ratio in upper atmosphere []: 0.000000 
(EtaO) Oxygen eta parameter (Luger and Barnes 2015) []: 0.000000 
(PlanetRadius) Planet radius [m]: 7.227444e+06 
(OxygenMantleMass) Mass of oxygen in mantle [kg]: 0.000000 
(RadXUV) XUV radius separating hydro. dyn. escape and equilibrium [m]: -1.000000 
(RadSolid) Radius to the solid surface [m]: -1.000000 
(PresXUV) Pressure at base of thermosphere [(null)]: 5.000000 
(ScaleHeight) Scale height in Lehmer & Catling (2016) model [m]: -1.000000 
(ThermTemp) Isothermal atmospheric temperature [K]: 400.000000 
(AtmGasConst) Atmospheric gas constant [(null)]: 4124.000000 
(PresSurf) Surface pressure due to atmosphere [Pa]: -1.000000 
(DEnvMassDt) Envelope Mass Loss Rate [kg/s]: 0.000000 
(FXUV) XUV flux [W/m^2]: 342.191048 
(AtmXAbsEffH2O) XUV atmospheric escape efficiency for H2O []: 0.300000 
(RocheRadius) Roche Lobe Radius [m]: 4.800050e+07 
(BondiRadius) Bondi Radius [m]: 3.223906e+08 
(HEscapeRegime) Integer flag for H envelope escape regime []: 8.000000 
(RRCriticalFlux) Critical XUV Flux that separates RR and energy-limited escape [W/m^2]: 61.145712 
(CrossoverMass) Crossover mass, defines oxygen is escaping if mc > mo [kg]: 0.000000 
(WaterEscapeRegime) What water escape regime the code is currently in []: 8.000000 
(FXUVCRITDRAG) Critical Drag XUV flux [W/m^2]: 0.503780 
(HREFFLUX) The Hydrogen Reference Flux (m^-2 s^-1) [m^-2 s^-1]: 2.177327e+20 
(XO2) Molecular oxygen mixing ratio in atmosphere []: 0.000000 
(XH2O) Water mixing ratio in upper atmosphere []: 0.000000 
(HDiffFlux) The Hydrogen Diffusion Flux (m^-2 s^-1) [m^-2 s^-1]: 2.451192e+17 
(HRefODragMod) Multiply by H ref flux to get flux with drag []: 1.000000 
(KTide) Mass loss enhancement due to stellar gravity []: 0.775852 
(CumulativeXUVFlux) Cumulative XUV flux [W/m^2]: 0.000000 
(RunawayGreenhouseFlux) Incident flux that triggers runaway greenhouse [kg/sec^3]: 1293.539410 
(RGDuration) Runaway Greenhouse Duration [years]: 0.00000e+00

Output Order: Time[year] CumulativeXUVFlux[W/m^2]
Grid Output Order:



---- FINAL SYSTEM PROPERTIES ----
(Age) System Age [sec]: 2.316658e+17 
(Time) Simulation Time [sec]: 2.315381e+17 
(TotAngMom) Total Angular Momentum [kg*m^2/sec]: 1.781886e+42 
(TotEnergy) Total System Energy [kg*m^2/sec^2]: -1.030895e+40 
(PotEnergy) Body's non-orbital Potential Energy [kg*m^2/sec^2]: -4.015345e+40 
(KinEnergy) Body's non-orbital Kinetic Energy [kg*m^2/sec^2]: 5.826474e+32 
(DeltaTime) Average Timestep Over Last Output Interval [sec]: 3.155760e+13 

----- BODY: star ----
Active Modules: FLARE STELLAR
Module Bit Sum: 577
Color: 000000
(Mass) Mass [kg]: 3.797646e+29 
(Radius) Radius [m]: 1.438341e+08 
(RadGyra) Radius of Gyration/Moment of Inertia Constant []: 0.460495 
(RotAngMom) Rotational Angular Momentum [kg*m^2/sec]: 1.393355e+39 
(RotVel) Rotational Velocity [m/sec]: 120.291745 
(BodyType) Type of Body (0 == planet) []: 0.000000 
(RotRate) Rotational Frequency [/sec]: 8.363229e-07 
(RotPer) Rotational Period [sec]: 7.512870e+06 
(Density) Average Density [kg/m^3]: 3.046775e+04 
(HZLimitDryRunaway) Semi-major axis of Dry Runaway HZ Limit [m]: 8.838818e+09 
(HZLimRecVenus) Recent Venus HZ Limit [m]: 7.914589e+09 
(HZLimRunaway) Runaway Greenhouse HZ Limit [m]: 1.044059e+10 
(HZLimMoistGreenhouse) Moist Greenhouse HZ Limit [m]: 1.047230e+10 
(HZLimMaxGreenhouse) Maximum Greenhouse HZ Limit [m]: 1.988343e+10 
(HZLimEarlyMars) Early Mars HZ Limit [m]: 2.168507e+10 
(Instellation) Orbit-averaged INcident STELLar radiATION [kg/sec^3]: -1.000000 
(CriticalSemiMajorAxis) Holman & Wiegert (1999) P-type Critical Semi-major Axis [m]: -1.000000 
(LXUVTot) Total XUV Luminosity [LSUN]: 6.671799e-07 
(LostEnergy) Body's Total Lost Energy [kg*m^2/sec^2]: 2.984456e+40 
(LostAngMom) Lost Angular Momentum due to Magnetic Braking [kg*m^2/sec]: 1.778083e+42 
(EscapeVelocity) Escape Velocity [m/sec]: 5.936679e+05 
----- STELLAR PARAMETERS (star)------
(Luminosity) Luminosity [LSUN]: 0.004237 
(LXUVStellar) Base X-ray/XUV Luminosity [LSUN]: 2.833035e-07 
(Temperature) Effective Temperature [K]: 3235.821060 
(LXUVFrac) Fraction of luminosity in XUV []: 6.685823e-05 
(RossbyNumber) Rossby Number []: 1.451319 
(DRotPerDtStellar) Time Rate of Change of Rotation Period in STELLAR []: 1.526855e-11 
(WindTorque) Stellar Wind Torque []: 2.831743e+21 
----- FLARE PARAMETERS (star)------
(LXUVFlare) XUV Luminosity from flares [LSUN]: 3.838724e-07 
(FlareFreq1) First value of flare frequency range [/sec]: 8.542938e-05 
(FlareFreq2) Second value of flare frequency range [/sec]: 6.643542e-05 
(FlareFreq3) Third value of flare frequency range [/sec]: 5.166449e-05 
(FlareFreq4) Fourth value of flare frequency range [/sec]: 4.017765e-05 
(FlareFreqMin) Frequency of the flares with the lowest energy [/sec]: 8.542938e-05 
(FlareFreqMid) Frequency of the flares with the middle energy in the energy range [/sec]: 6.910854e-06 
(FlareFreqMax) Frequency of the flares with the highest energy [/sec]: 5.590571e-07 
(FlareEnergy1) First value of flare energy range [kg*m^2/sec^2]: 5.334000e+23 
(FlareEnergy2) Second value of flare energy range [kg*m^2/sec^2]: 6.715108e+23 
(FlareEnergy3) Third value of flare energy range [kg*m^2/sec^2]: 8.453820e+23 
(FlareEnergy4) Fourth value of flare energy range [kg*m^2/sec^2]: 1.064273e+24 
(FlareEnergyMin) Minimum flare energy [kg*m^2/sec^2]: 5.334000e+23 
(FlareEnergyMid) Middle flare energy in the range of energy values [kg*m^2/sec^2]: 5.334000e+24 
(FlareEnergyMax) Maximum flare energy [kg*m^2/sec^2]: 5.334000e+25 
(FlareYIntOUT) Instantaneous Davenport FFD y-intercept at current age and mass []: 34.424384 
(FlareSlopeOUT) Instantaneous Davenport FFD slope at current age and mass []: -1.092076 

Output Order: Time[year] Luminosity[LSUN] LXUVStellar[LSUN] LXUVFlare[LSUN] LXUVTot[LSUN]
Grid Output Order:

----- BODY: b ----
Active Modules: AtmEsc
Module Bit Sum: 9
Color: 000000
(Mass) Mass [kg]: 9.907380e+24 
(Radius) Radius [m]: 7.227444e+06 
(RadGyra) Radius of Gyration/Moment of Inertia Constant []: 0.500000 
(BodyType) Type of Body (0 == planet) []: 0.000000 
(Density) Average Density [kg/m^3]: 6264.928055 
(HZLimitDryRunaway) Semi-major axis of Dry Runaway HZ Limit [m]: 8.838879e+09 
(HZLimRecVenus) Recent Venus HZ Limit [m]: 7.914589e+09 
(HZLimRunaway) Runaway Greenhouse HZ Limit [m]: 1.044059e+10 
(HZLimMoistGreenhouse) Moist Greenhouse HZ Limit [m]: 1.047230e+10 
(HZLimMaxGreenhouse) Maximum Greenhouse HZ Limit [m]: 1.988343e+10 
(HZLimEarlyMars) Early Mars HZ Limit [m]: 2.168507e+10 
(Instellation) Orbit-averaged INcident STELLar radiATION [kg/sec^3]: 2.380254e+04 
(MeanMotion) Orbital Mean Motion [/sec]: 4.464348e-05 
(OrbPeriod) Orbital Period [sec]: 1.407414e+05 
(SemiMajorAxis) Semi-major Axis [m]: 2.334200e+09 
(LXUVTot) Total XUV Luminosity [kg/sec^3]: -1.000000 
(EscapeVelocity) Escape Velocity [m/sec]: 1.352709e+04 
----- ATMESC PARAMETERS (b)------
(SurfWaterMass) Surface water mass [kg]: 0.000000 
(EnvelopeMass) Envelope mass [kg]: 0.000000 
(OxygenMass) Oxygen mass in the atmosphere [kg]: 0.000000 
(RGLimit) Runaway greenhouse semi-major axis [m]: 1.000711e+10 
(XO) Atomic oxygen mixing ratio in upper atmosphere []: 0.000000 
(EtaO) Oxygen eta parameter (Luger and Barnes 2015) []: 0.000000 
(PlanetRadius) Planet radius [m]: 7.227444e+06 
(OxygenMantleMass) Mass of oxygen in mantle [kg]: 0.000000 
(RadXUV) XUV radius separating hydro. dyn. escape and equilibrium [m]: -1.000000 
(RadSolid) Radius to the solid surface [m]: -1.000000 
(PresXUV) Pressure at base of thermosphere [(null)]: 5.000000 
(ScaleHeight) Scale height in Lehmer & Catling (2016) model [m]: -1.000000 
(ThermTemp) Isothermal atmospheric temperature [K]: 400.000000 
(AtmGasConst) Atmospheric gas constant [(null)]: 4124.000000 
(PresSurf) Surface pressure due to atmosphere [Pa]: -1.000000 
(DEnvMassDt) Envelope Mass Loss Rate [kg/s]: 0.000000 
(FXUV) XUV flux [W/m^2]: 3.747739 
(AtmXAbsEffH2O) XUV atmospheric escape efficiency for H2O []: 0.300000 
(RocheRadius) Roche Lobe Radius [m]: 4.800050e+07 
(BondiRadius) Bondi Radius [m]: 6.237274e+08 
(HEscapeRegime) Integer flag for H envelope escape regime []: 8.000000 
(RRCriticalFlux) Critical XUV Flux that separates RR and energy-limited escape [W/m^2]: 61.145712 
(CrossoverMass) Crossover mass, defines oxygen is escaping if mc > mo [kg]: 0.000000 
(WaterEscapeRegime) What water escape regime the code is currently in []: 8.000000 
(FXUVCRITDRAG) Critical Drag XUV flux [W/m^2]: 0.503780 
(HREFFLUX) The Hydrogen Reference Flux (m^-2 s^-1) [m^-2 s^-1]: 2.384648e+18 
(XO2) Molecular oxygen mixing ratio in atmosphere []: 0.000000 
(XH2O) Water mixing ratio in upper atmosphere []: 0.000000 
(HDiffFlux) The Hydrogen Diffusion Flux (m^-2 s^-1) [m^-2 s^-1]: 2.451192e+17 
(HRefODragMod) Multiply by H ref flux to get flux with drag []: 1.000000 
(KTide) Mass loss enhancement due to stellar gravity []: 0.775852 
(CumulativeXUVFlux) Cumulative XUV flux [W/m^2]: 3.058859e+18 
(RunawayGreenhouseFlux) Incident flux that triggers runaway greenhouse [kg/sec^3]: 1295.019072 
(RGDuration) Runaway Greenhouse Duration [years]: 0.00000e+00

Output Order: Time[year] CumulativeXUVFlux[W/m^2]
Grid Output Order:
