-------- Log file gj1132.log -------

Executable: /home/vplanet/.local/bin/vplanet
Version: v1.0.0-10152-g6bccf9cc92a813bfdb457599676b24250ebfa7a1
System Name: gj1132
Primary Input File: vpl.in
Body File #1: star.in
Body File #2: b.in
Allow files to be overwitten: Yes
Mass Units: Grams
Length Units: Meters
Time Units: Seconds
Angle Units: Radians

------- FORMATTING -----
Verbosity Level: 5
Crossover Decade for Scientific Notation: 4
Number of Digits After Decimal: 6
Integration Method: Runge-Kutta4
Direction: Forward
Time Step: 3.155760e+07
Stop Time: 1.558685e+17
Output Interval: 3.155760e+13
Use Variable Timestep: Yes
dEta: 0.010000
Minimum Value of ecc and obl: 1.000000e-10


---- INITIAL SYSTEM PROPERTIES ----
(Age) System Age [sec]: 1.690035e+14 
(Time) Simulation Time [sec]: 0.000000 
(TotAngMom) Total Angular Momentum [kg*m^2/sec]: 1.482636e+42 
(TotEnergy) Total System Energy [kg*m^2/sec^2]: -1.174111e+40 
(PotEnergy) Body's non-orbital Potential Energy [kg*m^2/sec^2]: -1.179488e+40 
(KinEnergy) Body's non-orbital Kinetic Energy [kg*m^2/sec^2]: 5.382318e+37 
(DeltaTime) Average Timestep Over Last Output Interval [sec]: 0.000000 

----- BODY: star ----
Active Modules: FLARE STELLAR
Module Bit Sum: 577
Color: 000000
(Mass) Mass [kg]: 3.852798e+29 
(TimeStepVar) Number of variable responsible for setting timestep []: 0.000000 
(Radius) Radius [m]: 5.039815e+08 
(RadGyra) Radius of Gyration/Moment of Inertia Constant []: 0.456069 
(RotAngMom) Rotational Angular Momentum [kg*m^2/sec]: 1.480244e+42 
(RotVel) Rotational Velocity [m/sec]: 3.665057e+04 
(BodyType) Type of Body (0 == planet) []: 0.000000 
(RotRate) Rotational Frequency [/sec]: 7.272205e-05 
(RotPer) Rotational Period [sec]: 8.640000e+04 
(Density) Average Density [kg/m^3]: 718.528380 
(HZLimitDryRunaway) Semi-major axis of Dry Runaway HZ Limit [m]: 3.038965e+10 
(HZLimRecVenus) Recent Venus HZ Limit [m]: 2.722669e+10 
(HZLimRunaway) Runaway Greenhouse HZ Limit [m]: 3.590729e+10 
(HZLimMoistGreenhouse) Moist Greenhouse HZ Limit [m]: 3.602538e+10 
(HZLimMaxGreenhouse) Maximum Greenhouse HZ Limit [m]: 6.847318e+10 
(HZLimEarlyMars) Early Mars HZ Limit [m]: 7.467741e+10 
(Instellation) Orbit-averaged INcident STELLar radiATION [kg/sec^3]: -1.000000 
(CriticalSemiMajorAxis) Holman & Wiegert (1999) P-type Critical Semi-major Axis [m]: -1.000000 
(LXUVTot) Total XUV Luminosity [LSUN]: 2.651000e-05 
(LostEnergy) Body's Total Lost Energy [kg*m^2/sec^2]: 5.562685e-309 
(LostAngMom) Lost Angular Momentum due to Magnetic Braking [kg*m^2/sec]: 5.562685e-309 
(EscapeVelocity) Escape Velocity [m/sec]: 3.194464e+05 
(CassiniL) Correia (2015)'s Cassini state angular momnetum invariant []: -1.000000 
(CassiniG1) Correia (2015)'s Cassini state G1 parameter []: -1.000000 
(CassiniG2) Correia (2015)'s Cassini state G2 parameter []: -1.000000 
(CassiniAlpha1) Correia (2015)'s Cassini state alpha1 parameter []: -1.000000 
(CassiniAlpha2) Correia (2015)'s Cassini state alpha2 parameter []: -1.000000 
(CassiniGamma) Correia (2015)'s Cassini state gamma parameter []: -1.000000 
----- STELLAR PARAMETERS (star)------
(Luminosity) Luminosity [LSUN]: 0.050091 
(LXUVStellar) Quiescent XUV Luminosity [LSUN]: 2.570849e-05 
(Temperature) Effective Temperature [K]: 3207.874992 
(LXUVFrac) Fraction of luminosity in XUV []: 0.000513 
(RossbyNumber) Rossby Number []: 0.016453 
(DRotPerDtStellar) Time Rate of Change of Rotation Period in STELLAR []: -1.157302e-10 
(WindTorque) Stellar Wind Torque []: 4.387755e+27 
----- FLARE PARAMETERS (star)------
(LXUVFlare) XUV Luminosity from flares [LSUN]: 8.015124e-07 
(FlareFreq1) First value of flare frequency range [/sec]: 1.486031e-05 
(FlareFreq2) Second value of flare frequency range [/sec]: 1.286122e-05 
(FlareFreq3) Third value of flare frequency range [/sec]: 1.113106e-05 
(FlareFreq4) Fourth value of flare frequency range [/sec]: 9.633645e-06 
(FlareFreqMin) Frequency of the flares with the lowest energy [/sec]: 1.486031e-05 
(FlareFreqMid) Frequency of the flares with the middle energy in the energy range [/sec]: 3.504052e-06 
(FlareFreqMax) Frequency of the flares with the highest energy [/sec]: 8.262535e-07 
(FlareEnergy1) First value of flare energy range [kg*m^2/sec^2]: 1.000000e+24 
(FlareEnergy2) Second value of flare energy range [kg*m^2/sec^2]: 1.258925e+24 
(FlareEnergy3) Third value of flare energy range [kg*m^2/sec^2]: 1.584893e+24 
(FlareEnergy4) Fourth value of flare energy range [kg*m^2/sec^2]: 1.995262e+24 
(FlareEnergyMin) Minimum flare energy [kg*m^2/sec^2]: 1.000000e+24 
(FlareEnergyMid) Middle flare energy in the range of energy values [kg*m^2/sec^2]: 1.000000e+25 
(FlareEnergyMax) Maximum flare energy [kg*m^2/sec^2]: 1.000000e+26 
(FlareEnergyXUV1) First value of flare energy range in XUV [kg*m^2/sec^2]: 1.875000e+24 
(FlareEnergyXUV2) Second value of flare energy range in XUV [kg*m^2/sec^2]: 2.360485e+24 
(FlareEnergyXUV3) Third value of flare energy range in XUV [kg*m^2/sec^2]: 2.971675e+24 
(FlareEnergyXUV4) Fourth value of flare energy range in XUV [kg*m^2/sec^2]: 3.741117e+24 
(FlareEnergyXUVMin) Minimum flare energy in the XUV range [kg*m^2/sec^2]: 1.875000e+24 
(FlareEnergyXUVMid) Middle flare energy in the range of energy values of XUV [kg*m^2/sec^2]: 1.875000e+25 
(FlareEnergyXUVMax) Maximum flare energy in the XUV range [kg*m^2/sec^2]: 1.875000e+26 
(FlareYIntOUT) FFD Y-Intercept [/sec]: 19.731013 
(FlareSlopeOUT) FFD slope [kg*m^2/sec^3]: -0.627457 
(CMEFluence30MeV) Particle flux of 30 MeV protons due to CMEs at the stellar surface [m^-2 sec^-1]: 1.077806e+20 
(FlareFreqKepler1) First Kepler-band flare frequency [/sec]: 2.204573e-05 
(FlareFreqKepler2) Second Kepler-band flare frequency [/sec]: 1.908001e-05 
(FlareFreqKepler3) Third Kepler-band flare frequency [/sec]: 1.651327e-05 
(FlareFreqKepler4) Fourth Kepler-band flare frequency [/sec]: 1.429181e-05 

Output Order: Time[year] Luminosity[LSUN] LXUVStellar[LSUN] LXUVFlare[LSUN] LXUVTot[LSUN]
Grid Output Order:

----- BODY: b ----
Active Modules: AtmEsc
Module Bit Sum: 9
Color: 000000
(Mass) Mass [kg]: 9.742761e+24 
(TimeStepVar) Number of variable responsible for setting timestep []: 0.000000 
(Radius) Radius [m]: 7.211717e+06 
(RadGyra) Radius of Gyration/Moment of Inertia Constant []: 0.500000 
(BodyType) Type of Body (0 == planet) []: 0.000000 
(Density) Average Density [kg/m^3]: 6201.224137 
(SurfWaterMass) Surface water mass [kg]: 0.000000 
(HZLimitDryRunaway) Semi-major axis of Dry Runaway HZ Limit [m]: 3.038988e+10 
(HZLimRecVenus) Recent Venus HZ Limit [m]: 2.722669e+10 
(HZLimRunaway) Runaway Greenhouse HZ Limit [m]: 3.590729e+10 
(HZLimMoistGreenhouse) Moist Greenhouse HZ Limit [m]: 3.602538e+10 
(HZLimMaxGreenhouse) Maximum Greenhouse HZ Limit [m]: 6.847318e+10 
(HZLimEarlyMars) Early Mars HZ Limit [m]: 7.467741e+10 
(Instellation) Orbit-averaged INcident STELLar radiATION [kg/sec^3]: 2.786906e+05 
(MeanMotion) Orbital Mean Motion [/sec]: 4.464424e-05 
(OrbPeriod) Orbital Period [sec]: 1.407390e+05 
(SemiMajorAxis) Semi-major Axis [m]: 2.345418e+09 
(LXUVTot) Total XUV Luminosity [kg/sec^3]: -1.000000 
(EscapeVelocity) Escape Velocity [m/sec]: 1.342885e+04 
(CassiniL) Correia (2015)'s Cassini state angular momnetum invariant []: -1.000000 
(CassiniG1) Correia (2015)'s Cassini state G1 parameter []: -1.000000 
(CassiniG2) Correia (2015)'s Cassini state G2 parameter []: -1.000000 
(CassiniAlpha1) Correia (2015)'s Cassini state alpha1 parameter []: -1.000000 
(CassiniAlpha2) Correia (2015)'s Cassini state alpha2 parameter []: -1.000000 
(CassiniGamma) Correia (2015)'s Cassini state gamma parameter []: -1.000000 
----- ATMESC PARAMETERS (b)------
(OceanMassLost) Ocean Mass Lost [kg]: 0.000000 
(WaterLossRate) Water Loss Rate [kg/sec]: 5.562685e-309 
(EnvelopeMass) Envelope mass [kg]: 0.000000 
(OxygenMass) Oxygen mass in the atmosphere [kg]: 0.000000 
(RGLimit) Runaway greenhouse semi-major axis [m]: 3.442941e+10 
(XO) Atomic oxygen mixing ratio in upper atmosphere []: 0.000000 
(EtaO) Oxygen eta parameter (Luger and Barnes 2015) []: 0.000000 
(PlanetRadius) Planet radius [m]: 7.211717e+06 
(OxygenMantleMass) Mass of oxygen in mantle [kg]: 0.000000 
(RadXUV) XUV radius separating hydro. dyn. escape and equilibrium [m]: -1.000000 
(RadSolid) Radius to the solid surface [m]: -1.000000 
(PresXUV) Pressure at base of thermosphere [kg/m/sec^2]: 5.000000 
(ScaleHeight) Scale height in Lehmer & Catling (2016) model [m]: -1.000000 
(ThermTemp) Isothermal atmospheric temperature [K]: 400.000000 
(AtmGasConst) Atmospheric gas constant [kg*m^2/sec^2/K/kg]: 1.700738e+04 
(PresSurf) Surface pressure due to atmosphere [kg/m/sec^2]: -1.000000 
(DEnvMassDt) Envelope Mass Loss Rate [kg/sec]: 0.000000 
(FXUV) XUV flux [W/m^2]: 147.493155 
(AtmXAbsEffH2O) XUV atmospheric escape efficiency for H2O []: 0.300000 
(RocheRadius) Roche Lobe Radius [m]: 4.773260e+07 
(BondiRadius) Bondi Radius [m]: 3.297370e+08 
(HEscapeRegime) Integer flag for H envelope escape regime []: 8.000000 
(RRCriticalFlux) Critical XUV Flux that separates RR and energy-limited escape [W/m^2]: 59.402406 
(CrossoverMass) Crossover mass, defines oxygen is escaping if mc > mo [kg]: 0.000000 
(WaterEscapeRegime) What water escape regime the code is currently in []: 8.000000 
(FXUVCRITDRAG) Critical Drag XUV flux [W/m^2]: -0.000000 
(HREFFLUX) The Hydrogen Reference Flux [m^-2 sec^-1]: 9.531931e+19 
(XO2) Molecular oxygen mixing ratio in atmosphere []: 0.000000 
(XH2O) Water mixing ratio in upper atmosphere []: 0.000000 
(HDiffFlux) The Hydrogen Diffusion Flux [m^-2 sec^-1]: -0.000000 
(HRefODragMod) Multiply by H ref flux to get flux with drag []: 1.000000 
(KTide) Mass loss enhancement due to stellar gravity []: 0.775096 
(CumulativeXUVFlux) Cumulative XUV flux [W/m^2]: 0.000000 
(CMELossHydrogen) Mass of hydrogen lost due to CME stripping [kg]: 0.000000 
(CMELossWater) Mass of water lost due to CME stripping [kg]: 0.000000 
(CMELossOxygen) Mass of oxygen lost due to CME stripping [kg]: 0.000000 
(CMELossCO2) Mass of carbon dioxide lost due to CME stripping [kg]: 0.000000 
(DEnvMassDtCME) Envelope Mass Loss Rate due to CMEs [kg/sec]: 0.000000 
(DWaterMassDtCME) Water Mass Loss Rate due to CMEs [kg/sec]: 0.000000 
(DCO2MassDtCME) CO2 Mass Loss Rate due to CMEs [kg/sec]: 0.000000 
(DOxygenMassDtCME) Oxygen Mass Loss Rate due to CMEs [kg/sec]: 0.000000 
(RGDuration) Runaway Greenhouse Duration [years]: 0.00000e+00

Output Order: Time[year] CumulativeXUVFlux[W/m^2]
Grid Output Order:



---- FINAL SYSTEM PROPERTIES ----
(Age) System Age [sec]: 1.560635e+17 
(Time) Simulation Time [sec]: 1.558945e+17 
(TotAngMom) Total Angular Momentum [kg*m^2/sec]: 1.483098e+42 
(TotEnergy) Total System Energy [kg*m^2/sec^2]: -1.174278e+40 
(PotEnergy) Body's non-orbital Potential Energy [kg*m^2/sec^2]: -4.090956e+40 
(KinEnergy) Body's non-orbital Kinetic Energy [kg*m^2/sec^2]: 9.456307e+32 
(DeltaTime) Average Timestep Over Last Output Interval [sec]: 1.577880e+13 

----- BODY: star ----
Active Modules: FLARE STELLAR
Module Bit Sum: 577
Color: 000000
(Mass) Mass [kg]: 3.852798e+29 
(TimeStepVar) Number of variable responsible for setting timestep []: 1502.000000 
(Radius) Radius [m]: 1.453059e+08 
(RadGyra) Radius of Gyration/Moment of Inertia Constant []: 0.460480 
(RotAngMom) Rotational Angular Momentum [kg*m^2/sec]: 1.806168e+39 
(RotVel) Rotational Velocity [m/sec]: 152.151676 
(BodyType) Type of Body (0 == planet) []: 0.000000 
(RotRate) Rotational Frequency [/sec]: 1.047113e-06 
(RotPer) Rotational Period [sec]: 6.000487e+06 
(Density) Average Density [kg/m^3]: 2.998041e+04 
(HZLimitDryRunaway) Semi-major axis of Dry Runaway HZ Limit [m]: 8.961460e+09 
(HZLimRecVenus) Recent Venus HZ Limit [m]: 8.023436e+09 
(HZLimRunaway) Runaway Greenhouse HZ Limit [m]: 1.058476e+10 
(HZLimMoistGreenhouse) Moist Greenhouse HZ Limit [m]: 1.061632e+10 
(HZLimMaxGreenhouse) Maximum Greenhouse HZ Limit [m]: 2.015212e+10 
(HZLimEarlyMars) Early Mars HZ Limit [m]: 2.197811e+10 
(Instellation) Orbit-averaged INcident STELLar radiATION [kg/sec^3]: -1.000000 
(CriticalSemiMajorAxis) Holman & Wiegert (1999) P-type Critical Semi-major Axis [m]: -1.000000 
(LXUVTot) Total XUV Luminosity [LSUN]: 4.968836e-07 
(LostEnergy) Body's Total Lost Energy [kg*m^2/sec^2]: 2.916683e+40 
(LostAngMom) Lost Angular Momentum due to Magnetic Braking [kg*m^2/sec]: 1.478899e+42 
(EscapeVelocity) Escape Velocity [m/sec]: 5.949270e+05 
(CassiniL) Correia (2015)'s Cassini state angular momnetum invariant []: -1.000000 
(CassiniG1) Correia (2015)'s Cassini state G1 parameter []: -1.000000 
(CassiniG2) Correia (2015)'s Cassini state G2 parameter []: -1.000000 
(CassiniAlpha1) Correia (2015)'s Cassini state alpha1 parameter []: -1.000000 
(CassiniAlpha2) Correia (2015)'s Cassini state alpha2 parameter []: -1.000000 
(CassiniGamma) Correia (2015)'s Cassini state gamma parameter []: -1.000000 
----- STELLAR PARAMETERS (star)------
(Luminosity) Luminosity [LSUN]: 0.004356 
(LXUVStellar) Quiescent XUV Luminosity [LSUN]: 9.700251e-08 
(Temperature) Effective Temperature [K]: 3242.015284 
(LXUVFrac) Fraction of luminosity in XUV []: 2.226982e-05 
(RossbyNumber) Rossby Number []: 1.162843 
(DRotPerDtStellar) Time Rate of Change of Rotation Period in STELLAR []: 3.011303e-11 
(WindTorque) Stellar Wind Torque []: 9.110827e+21 
----- FLARE PARAMETERS (star)------
(LXUVFlare) XUV Luminosity from flares [LSUN]: 3.998747e-07 
(FlareFreq1) First value of flare frequency range [/sec]: 2.150386e-05 
(FlareFreq2) Second value of flare frequency range [/sec]: 1.681238e-05 
(FlareFreq3) Third value of flare frequency range [/sec]: 1.314443e-05 
(FlareFreq4) Fourth value of flare frequency range [/sec]: 1.027672e-05 
(FlareFreqMin) Frequency of the flares with the lowest energy [/sec]: 2.150386e-05 
(FlareFreqMid) Frequency of the flares with the middle energy in the energy range [/sec]: 1.835028e-06 
(FlareFreqMax) Frequency of the flares with the highest energy [/sec]: 1.565918e-07 
(FlareEnergy1) First value of flare energy range [kg*m^2/sec^2]: 1.000000e+24 
(FlareEnergy2) Second value of flare energy range [kg*m^2/sec^2]: 1.258925e+24 
(FlareEnergy3) Third value of flare energy range [kg*m^2/sec^2]: 1.584893e+24 
(FlareEnergy4) Fourth value of flare energy range [kg*m^2/sec^2]: 1.995262e+24 
(FlareEnergyMin) Minimum flare energy [kg*m^2/sec^2]: 1.000000e+24 
(FlareEnergyMid) Middle flare energy in the range of energy values [kg*m^2/sec^2]: 1.000000e+25 
(FlareEnergyMax) Maximum flare energy [kg*m^2/sec^2]: 1.000000e+26 
(FlareEnergyXUV1) First value of flare energy range in XUV [kg*m^2/sec^2]: 1.875000e+24 
(FlareEnergyXUV2) Second value of flare energy range in XUV [kg*m^2/sec^2]: 2.360485e+24 
(FlareEnergyXUV3) Third value of flare energy range in XUV [kg*m^2/sec^2]: 2.971675e+24 
(FlareEnergyXUV4) Fourth value of flare energy range in XUV [kg*m^2/sec^2]: 3.741117e+24 
(FlareEnergyXUVMin) Minimum flare energy in the XUV range [kg*m^2/sec^2]: 1.875000e+24 
(FlareEnergyXUVMid) Middle flare energy in the range of energy values of XUV [kg*m^2/sec^2]: 1.875000e+25 
(FlareEnergyXUVMax) Maximum flare energy in the XUV range [kg*m^2/sec^2]: 1.875000e+26 
(FlareYIntOUT) FFD Y-Intercept [/sec]: 33.695921 
(FlareSlopeOUT) FFD slope [kg*m^2/sec^3]: -1.068874 
(CMEFluence30MeV) Particle flux of 30 MeV protons due to CMEs at the stellar surface [m^-2 sec^-1]: 6.468801e+20 
(FlareFreqKepler1) First Kepler-band flare frequency [/sec]: 4.210372e-05 
(FlareFreqKepler2) Second Kepler-band flare frequency [/sec]: 3.291797e-05 
(FlareFreqKepler3) Third Kepler-band flare frequency [/sec]: 2.573627e-05 
(FlareFreqKepler4) Fourth Kepler-band flare frequency [/sec]: 2.012140e-05 

Output Order: Time[year] Luminosity[LSUN] LXUVStellar[LSUN] LXUVFlare[LSUN] LXUVTot[LSUN]
Grid Output Order:

----- BODY: b ----
Active Modules: AtmEsc
Module Bit Sum: 9
Color: 000000
(Mass) Mass [kg]: 9.742761e+24 
(TimeStepVar) Number of variable responsible for setting timestep []: 1502.000000 
(Radius) Radius [m]: 7.211717e+06 
(RadGyra) Radius of Gyration/Moment of Inertia Constant []: 0.500000 
(BodyType) Type of Body (0 == planet) []: 0.000000 
(Density) Average Density [kg/m^3]: 6201.224137 
(SurfWaterMass) Surface water mass [kg]: 0.000000 
(HZLimitDryRunaway) Semi-major axis of Dry Runaway HZ Limit [m]: 8.961528e+09 
(HZLimRecVenus) Recent Venus HZ Limit [m]: 8.023436e+09 
(HZLimRunaway) Runaway Greenhouse HZ Limit [m]: 1.058476e+10 
(HZLimMoistGreenhouse) Moist Greenhouse HZ Limit [m]: 1.061632e+10 
(HZLimMaxGreenhouse) Maximum Greenhouse HZ Limit [m]: 2.015212e+10 
(HZLimEarlyMars) Early Mars HZ Limit [m]: 2.197811e+10 
(Instellation) Orbit-averaged INcident STELLar radiATION [kg/sec^3]: 2.423418e+04 
(MeanMotion) Orbital Mean Motion [/sec]: 4.464424e-05 
(OrbPeriod) Orbital Period [sec]: 1.407390e+05 
(SemiMajorAxis) Semi-major Axis [m]: 2.345418e+09 
(LXUVTot) Total XUV Luminosity [kg/sec^3]: -1.000000 
(EscapeVelocity) Escape Velocity [m/sec]: 1.342885e+04 
(CassiniL) Correia (2015)'s Cassini state angular momnetum invariant []: -1.000000 
(CassiniG1) Correia (2015)'s Cassini state G1 parameter []: -1.000000 
(CassiniG2) Correia (2015)'s Cassini state G2 parameter []: -1.000000 
(CassiniAlpha1) Correia (2015)'s Cassini state alpha1 parameter []: -1.000000 
(CassiniAlpha2) Correia (2015)'s Cassini state alpha2 parameter []: -1.000000 
(CassiniGamma) Correia (2015)'s Cassini state gamma parameter []: -1.000000 
----- ATMESC PARAMETERS (b)------
(OceanMassLost) Ocean Mass Lost [kg]: 0.000000 
(WaterLossRate) Water Loss Rate [kg/sec]: 5.562685e-309 
(EnvelopeMass) Envelope mass [kg]: 0.000000 
(OxygenMass) Oxygen mass in the atmosphere [kg]: 0.000000 
(RGLimit) Runaway greenhouse semi-major axis [m]: 1.014925e+10 
(XO) Atomic oxygen mixing ratio in upper atmosphere []: 0.000000 
(EtaO) Oxygen eta parameter (Luger and Barnes 2015) []: 0.000000 
(PlanetRadius) Planet radius [m]: 7.211717e+06 
(OxygenMantleMass) Mass of oxygen in mantle [kg]: 0.000000 
(RadXUV) XUV radius separating hydro. dyn. escape and equilibrium [m]: -1.000000 
(RadSolid) Radius to the solid surface [m]: -1.000000 
(PresXUV) Pressure at base of thermosphere [kg/m/sec^2]: 5.000000 
(ScaleHeight) Scale height in Lehmer & Catling (2016) model [m]: -1.000000 
(ThermTemp) Isothermal atmospheric temperature [K]: 400.000000 
(AtmGasConst) Atmospheric gas constant [kg*m^2/sec^2/K/kg]: 1.700738e+04 
(PresSurf) Surface pressure due to atmosphere [kg/m/sec^2]: -1.000000 
(DEnvMassDt) Envelope Mass Loss Rate [kg/sec]: 0.000000 
(FXUV) XUV flux [W/m^2]: 2.764502 
(AtmXAbsEffH2O) XUV atmospheric escape efficiency for H2O []: 0.300000 
(RocheRadius) Roche Lobe Radius [m]: 4.773260e+07 
(BondiRadius) Bondi Radius [m]: 6.076250e+08 
(HEscapeRegime) Integer flag for H envelope escape regime []: 8.000000 
(RRCriticalFlux) Critical XUV Flux that separates RR and energy-limited escape [W/m^2]: 59.402406 
(CrossoverMass) Crossover mass, defines oxygen is escaping if mc > mo [kg]: 0.000000 
(WaterEscapeRegime) What water escape regime the code is currently in []: 8.000000 
(FXUVCRITDRAG) Critical Drag XUV flux [W/m^2]: -0.000000 
(HREFFLUX) The Hydrogen Reference Flux [m^-2 sec^-1]: 1.786594e+18 
(XO2) Molecular oxygen mixing ratio in atmosphere []: 0.000000 
(XH2O) Water mixing ratio in upper atmosphere []: 0.000000 
(HDiffFlux) The Hydrogen Diffusion Flux [m^-2 sec^-1]: -0.000000 
(HRefODragMod) Multiply by H ref flux to get flux with drag []: 1.000000 
(KTide) Mass loss enhancement due to stellar gravity []: 0.775096 
(CumulativeXUVFlux) Cumulative XUV flux [W/m^2]: 1.022981e+18 
(CMELossHydrogen) Mass of hydrogen lost due to CME stripping [kg]: 0.000000 
(CMELossWater) Mass of water lost due to CME stripping [kg]: 0.000000 
(CMELossOxygen) Mass of oxygen lost due to CME stripping [kg]: 0.000000 
(CMELossCO2) Mass of carbon dioxide lost due to CME stripping [kg]: 0.000000 
(DEnvMassDtCME) Envelope Mass Loss Rate due to CMEs [kg/sec]: 0.000000 
(DWaterMassDtCME) Water Mass Loss Rate due to CMEs [kg/sec]: 0.000000 
(DCO2MassDtCME) CO2 Mass Loss Rate due to CMEs [kg/sec]: 0.000000 
(DOxygenMassDtCME) Oxygen Mass Loss Rate due to CMEs [kg/sec]: 0.000000 
(RGDuration) Runaway Greenhouse Duration [years]: 0.00000e+00

Output Order: Time[year] CumulativeXUVFlux[W/m^2]
Grid Output Order:
