-------- Log file gj1132.log -------

Executable: /home/vplanet/.local/bin/vplanet
Version: v1.0.0-10152-g6bccf9cc92a813bfdb457599676b24250ebfa7a1
System Name: gj1132
Primary Input File: vpl.in
Body File #1: star.in
Body File #2: b.in
Allow files to be overwitten: Yes
Mass Units: Grams
Length Units: Meters
Time Units: Seconds
Angle Units: Radians

------- FORMATTING -----
Verbosity Level: 5
Crossover Decade for Scientific Notation: 4
Number of Digits After Decimal: 6
Integration Method: Runge-Kutta4
Direction: Forward
Time Step: 3.155760e+07
Stop Time: 2.464803e+17
Output Interval: 3.155760e+13
Use Variable Timestep: Yes
dEta: 0.010000
Minimum Value of ecc and obl: 1.000000e-10


---- INITIAL SYSTEM PROPERTIES ----
(Age) System Age [sec]: 9.904076e+13 
(Time) Simulation Time [sec]: 0.000000 
(TotAngMom) Total Angular Momentum [kg*m^2/sec]: 2.199998e+42 
(TotEnergy) Total System Energy [kg*m^2/sec^2]: -9.502885e+39 
(PotEnergy) Body's non-orbital Potential Energy [kg*m^2/sec^2]: -9.582738e+39 
(KinEnergy) Body's non-orbital Kinetic Energy [kg*m^2/sec^2]: 7.990662e+37 
(DeltaTime) Average Timestep Over Last Output Interval [sec]: 0.000000 

----- BODY: star ----
Active Modules: FLARE STELLAR
Module Bit Sum: 577
Color: 000000
(Mass) Mass [kg]: 3.847206e+29 
(TimeStepVar) Number of variable responsible for setting timestep []: 0.000000 
(Radius) Radius [m]: 6.185244e+08 
(RadGyra) Radius of Gyration/Moment of Inertia Constant []: 0.453117 
(RotAngMom) Rotational Angular Momentum [kg*m^2/sec]: 2.197590e+42 
(RotVel) Rotational Velocity [m/sec]: 4.498036e+04 
(BodyType) Type of Body (0 == planet) []: 0.000000 
(RotRate) Rotational Frequency [/sec]: 7.272205e-05 
(RotPer) Rotational Period [sec]: 8.640000e+04 
(Density) Average Density [kg/m^3]: 388.138059 
(HZLimitDryRunaway) Semi-major axis of Dry Runaway HZ Limit [m]: 3.646724e+10 
(HZLimRecVenus) Recent Venus HZ Limit [m]: 3.269351e+10 
(HZLimRunaway) Runaway Greenhouse HZ Limit [m]: 4.310368e+10 
(HZLimMoistGreenhouse) Moist Greenhouse HZ Limit [m]: 4.325889e+10 
(HZLimMaxGreenhouse) Maximum Greenhouse HZ Limit [m]: 8.233129e+10 
(HZLimEarlyMars) Early Mars HZ Limit [m]: 8.979101e+10 
(Instellation) Orbit-averaged INcident STELLar radiATION [kg/sec^3]: -1.000000 
(CriticalSemiMajorAxis) Holman & Wiegert (1999) P-type Critical Semi-major Axis [m]: -1.000000 
(LXUVTot) Total XUV Luminosity [LSUN]: 5.861396e-05 
(LostEnergy) Body's Total Lost Energy [kg*m^2/sec^2]: 5.562685e-309 
(LostAngMom) Lost Angular Momentum due to Magnetic Braking [kg*m^2/sec]: 5.562685e-309 
(EscapeVelocity) Escape Velocity [m/sec]: 2.881453e+05 
(CassiniL) Correia (2015)'s Cassini state angular momnetum invariant []: -1.000000 
(CassiniG1) Correia (2015)'s Cassini state G1 parameter []: -1.000000 
(CassiniG2) Correia (2015)'s Cassini state G2 parameter []: -1.000000 
(CassiniAlpha1) Correia (2015)'s Cassini state alpha1 parameter []: -1.000000 
(CassiniAlpha2) Correia (2015)'s Cassini state alpha2 parameter []: -1.000000 
(CassiniGamma) Correia (2015)'s Cassini state gamma parameter []: -1.000000 
----- STELLAR PARAMETERS (star)------
(Luminosity) Luminosity [LSUN]: 0.072130 
(LXUVStellar) Quiescent XUV Luminosity [LSUN]: 5.775896e-05 
(Temperature) Effective Temperature [K]: 3172.872562 
(LXUVFrac) Fraction of luminosity in XUV []: 0.000801 
(RossbyNumber) Rossby Number []: 0.016161 
(DRotPerDtStellar) Time Rate of Change of Rotation Period in STELLAR []: -1.615980e-10 
(WindTorque) Stellar Wind Torque []: 1.309247e+28 
----- FLARE PARAMETERS (star)------
(LXUVFlare) XUV Luminosity from flares [LSUN]: 8.549992e-07 
(FlareFreq1) First value of flare frequency range [/sec]: 1.435416e-05 
(FlareFreq2) Second value of flare frequency range [/sec]: 1.252601e-05 
(FlareFreq3) Third value of flare frequency range [/sec]: 1.093069e-05 
(FlareFreq4) Fourth value of flare frequency range [/sec]: 9.538548e-06 
(FlareFreqMin) Frequency of the flares with the lowest energy [/sec]: 1.435416e-05 
(FlareFreqMid) Frequency of the flares with the middle energy in the energy range [/sec]: 3.675580e-06 
(FlareFreqMax) Frequency of the flares with the highest energy [/sec]: 9.411826e-07 
(FlareEnergy1) First value of flare energy range [kg*m^2/sec^2]: 1.000000e+24 
(FlareEnergy2) Second value of flare energy range [kg*m^2/sec^2]: 1.258925e+24 
(FlareEnergy3) Third value of flare energy range [kg*m^2/sec^2]: 1.584893e+24 
(FlareEnergy4) Fourth value of flare energy range [kg*m^2/sec^2]: 1.995262e+24 
(FlareEnergyMin) Minimum flare energy [kg*m^2/sec^2]: 1.000000e+24 
(FlareEnergyMid) Middle flare energy in the range of energy values [kg*m^2/sec^2]: 1.000000e+25 
(FlareEnergyMax) Maximum flare energy [kg*m^2/sec^2]: 1.000000e+26 
(FlareEnergyXUV1) First value of flare energy range in XUV [kg*m^2/sec^2]: 1.875000e+24 
(FlareEnergyXUV2) Second value of flare energy range in XUV [kg*m^2/sec^2]: 2.360485e+24 
(FlareEnergyXUV3) Third value of flare energy range in XUV [kg*m^2/sec^2]: 2.971675e+24 
(FlareEnergyXUV4) Fourth value of flare energy range in XUV [kg*m^2/sec^2]: 3.741117e+24 
(FlareEnergyXUVMin) Minimum flare energy in the XUV range [kg*m^2/sec^2]: 1.875000e+24 
(FlareEnergyXUVMid) Middle flare energy in the range of energy values of XUV [kg*m^2/sec^2]: 1.875000e+25 
(FlareEnergyXUVMax) Maximum flare energy in the XUV range [kg*m^2/sec^2]: 1.875000e+26 
(FlareYIntOUT) FFD Y-Intercept [/sec]: 18.596225 
(FlareSlopeOUT) FFD slope [kg*m^2/sec^3]: -0.591652 
(CMEFluence30MeV) Particle flux of 30 MeV protons due to CMEs at the stellar surface [m^-2 sec^-1]: 7.633287e+19 
(FlareFreqKepler1) First Kepler-band flare frequency [/sec]: 2.082091e-05 
(FlareFreqKepler2) Second Kepler-band flare frequency [/sec]: 1.816914e-05 
(FlareFreqKepler3) Third Kepler-band flare frequency [/sec]: 1.585511e-05 
(FlareFreqKepler4) Fourth Kepler-band flare frequency [/sec]: 1.383579e-05 

Output Order: Time[year] Luminosity[LSUN] LXUVStellar[LSUN] LXUVFlare[LSUN] LXUVTot[LSUN]
Grid Output Order:

----- BODY: b ----
Active Modules: AtmEsc
Module Bit Sum: 9
Color: 000000
(Mass) Mass [kg]: 9.815196e+24 
(TimeStepVar) Number of variable responsible for setting timestep []: 0.000000 
(Radius) Radius [m]: 7.086667e+06 
(RadGyra) Radius of Gyration/Moment of Inertia Constant []: 0.500000 
(BodyType) Type of Body (0 == planet) []: 0.000000 
(Density) Average Density [kg/m^3]: 6583.916636 
(SurfWaterMass) Surface water mass [kg]: 0.000000 
(HZLimitDryRunaway) Semi-major axis of Dry Runaway HZ Limit [m]: 3.646812e+10 
(HZLimRecVenus) Recent Venus HZ Limit [m]: 3.269351e+10 
(HZLimRunaway) Runaway Greenhouse HZ Limit [m]: 4.310368e+10 
(HZLimMoistGreenhouse) Moist Greenhouse HZ Limit [m]: 4.325889e+10 
(HZLimMaxGreenhouse) Maximum Greenhouse HZ Limit [m]: 8.233129e+10 
(HZLimEarlyMars) Early Mars HZ Limit [m]: 8.979101e+10 
(Instellation) Orbit-averaged INcident STELLar radiATION [kg/sec^3]: 4.017074e+05 
(MeanMotion) Orbital Mean Motion [/sec]: 4.464466e-05 
(OrbPeriod) Orbital Period [sec]: 1.407377e+05 
(SemiMajorAxis) Semi-major Axis [m]: 2.344268e+09 
(LXUVTot) Total XUV Luminosity [kg/sec^3]: -1.000000 
(EscapeVelocity) Escape Velocity [m/sec]: 1.359708e+04 
(CassiniL) Correia (2015)'s Cassini state angular momnetum invariant []: -1.000000 
(CassiniG1) Correia (2015)'s Cassini state G1 parameter []: -1.000000 
(CassiniG2) Correia (2015)'s Cassini state G2 parameter []: -1.000000 
(CassiniAlpha1) Correia (2015)'s Cassini state alpha1 parameter []: -1.000000 
(CassiniAlpha2) Correia (2015)'s Cassini state alpha2 parameter []: -1.000000 
(CassiniGamma) Correia (2015)'s Cassini state gamma parameter []: -1.000000 
----- ATMESC PARAMETERS (b)------
(OceanMassLost) Ocean Mass Lost [kg]: 0.000000 
(WaterLossRate) Water Loss Rate [kg/sec]: 5.562685e-309 
(EnvelopeMass) Envelope mass [kg]: 0.000000 
(OxygenMass) Oxygen mass in the atmosphere [kg]: 0.000000 
(RGLimit) Runaway greenhouse semi-major axis [m]: 4.132182e+10 
(XO) Atomic oxygen mixing ratio in upper atmosphere []: 0.000000 
(EtaO) Oxygen eta parameter (Luger and Barnes 2015) []: 0.000000 
(PlanetRadius) Planet radius [m]: 7.086667e+06 
(OxygenMantleMass) Mass of oxygen in mantle [kg]: 0.000000 
(RadXUV) XUV radius separating hydro. dyn. escape and equilibrium [m]: -1.000000 
(RadSolid) Radius to the solid surface [m]: -1.000000 
(PresXUV) Pressure at base of thermosphere [kg/m/sec^2]: 5.000000 
(ScaleHeight) Scale height in Lehmer & Catling (2016) model [m]: -1.000000 
(ThermTemp) Isothermal atmospheric temperature [K]: 400.000000 
(AtmGasConst) Atmospheric gas constant [kg*m^2/sec^2/K/kg]: 1.700738e+04 
(PresSurf) Surface pressure due to atmosphere [kg/m/sec^2]: -1.000000 
(DEnvMassDt) Envelope Mass Loss Rate [kg/sec]: 0.000000 
(FXUV) XUV flux [W/m^2]: 326.434868 
(AtmXAbsEffH2O) XUV atmospheric escape efficiency for H2O []: 0.300000 
(RocheRadius) Roche Lobe Radius [m]: 4.785030e+07 
(BondiRadius) Bondi Radius [m]: 3.032388e+08 
(HEscapeRegime) Integer flag for H envelope escape regime []: 8.000000 
(RRCriticalFlux) Critical XUV Flux that separates RR and energy-limited escape [W/m^2]: 64.256839 
(CrossoverMass) Crossover mass, defines oxygen is escaping if mc > mo [kg]: 0.000000 
(WaterEscapeRegime) What water escape regime the code is currently in []: 8.000000 
(FXUVCRITDRAG) Critical Drag XUV flux [W/m^2]: -0.000000 
(HREFFLUX) The Hydrogen Reference Flux [m^-2 sec^-1]: 2.046191e+20 
(XO2) Molecular oxygen mixing ratio in atmosphere []: 0.000000 
(XH2O) Water mixing ratio in upper atmosphere []: 0.000000 
(HDiffFlux) The Hydrogen Diffusion Flux [m^-2 sec^-1]: -0.000000 
(HRefODragMod) Multiply by H ref flux to get flux with drag []: 1.000000 
(KTide) Mass loss enhancement due to stellar gravity []: 0.779473 
(CumulativeXUVFlux) Cumulative XUV flux [W/m^2]: 0.000000 
(CMELossHydrogen) Mass of hydrogen lost due to CME stripping [kg]: 0.000000 
(CMELossWater) Mass of water lost due to CME stripping [kg]: 0.000000 
(CMELossOxygen) Mass of oxygen lost due to CME stripping [kg]: 0.000000 
(CMELossCO2) Mass of carbon dioxide lost due to CME stripping [kg]: 0.000000 
(DEnvMassDtCME) Envelope Mass Loss Rate due to CMEs [kg/sec]: 0.000000 
(DWaterMassDtCME) Water Mass Loss Rate due to CMEs [kg/sec]: 0.000000 
(DCO2MassDtCME) CO2 Mass Loss Rate due to CMEs [kg/sec]: 0.000000 
(DOxygenMassDtCME) Oxygen Mass Loss Rate due to CMEs [kg/sec]: 0.000000 
(RGDuration) Runaway Greenhouse Duration [years]: 0.00000e+00

Output Order: Time[year] CumulativeXUVFlux[W/m^2]
Grid Output Order:



---- FINAL SYSTEM PROPERTIES ----
(Age) System Age [sec]: 2.465955e+17 
(Time) Simulation Time [sec]: 2.464964e+17 
(TotAngMom) Total Angular Momentum [kg*m^2/sec]: 2.204557e+42 
(TotEnergy) Total System Energy [kg*m^2/sec^2]: -9.495465e+39 
(PotEnergy) Body's non-orbital Potential Energy [kg*m^2/sec^2]: -4.068952e+40 
(KinEnergy) Body's non-orbital Kinetic Energy [kg*m^2/sec^2]: 5.625908e+32 
(DeltaTime) Average Timestep Over Last Output Interval [sec]: 1.577880e+13 

----- BODY: star ----
Active Modules: FLARE STELLAR
Module Bit Sum: 577
Color: 000000
(Mass) Mass [kg]: 3.847206e+29 
(TimeStepVar) Number of variable responsible for setting timestep []: 1502.000000 
(Radius) Radius [m]: 1.456679e+08 
(RadGyra) Radius of Gyration/Moment of Inertia Constant []: 0.460401 
(RotAngMom) Rotational Angular Momentum [kg*m^2/sec]: 1.395353e+39 
(RotVel) Rotational Velocity [m/sec]: 117.463372 
(BodyType) Type of Body (0 == planet) []: 0.000000 
(RotRate) Rotational Frequency [/sec]: 8.063778e-07 
(RotPer) Rotational Period [sec]: 7.791863e+06 
(Density) Average Density [kg/m^3]: 2.971427e+04 
(HZLimitDryRunaway) Semi-major axis of Dry Runaway HZ Limit [m]: 8.991102e+09 
(HZLimRecVenus) Recent Venus HZ Limit [m]: 8.049799e+09 
(HZLimRunaway) Runaway Greenhouse HZ Limit [m]: 1.061965e+10 
(HZLimMoistGreenhouse) Moist Greenhouse HZ Limit [m]: 1.065121e+10 
(HZLimMaxGreenhouse) Maximum Greenhouse HZ Limit [m]: 2.021746e+10 
(HZLimEarlyMars) Early Mars HZ Limit [m]: 2.204938e+10 
(Instellation) Orbit-averaged INcident STELLar radiATION [kg/sec^3]: -1.000000 
(CriticalSemiMajorAxis) Holman & Wiegert (1999) P-type Critical Semi-major Axis [m]: -1.000000 
(LXUVTot) Total XUV Luminosity [LSUN]: 5.479493e-07 
(LostEnergy) Body's Total Lost Energy [kg*m^2/sec^2]: 3.119410e+40 
(LostAngMom) Lost Angular Momentum due to Magnetic Braking [kg*m^2/sec]: 2.200753e+42 
(EscapeVelocity) Escape Velocity [m/sec]: 5.937559e+05 
(CassiniL) Correia (2015)'s Cassini state angular momnetum invariant []: -1.000000 
(CassiniG1) Correia (2015)'s Cassini state G1 parameter []: -1.000000 
(CassiniG2) Correia (2015)'s Cassini state G2 parameter []: -1.000000 
(CassiniAlpha1) Correia (2015)'s Cassini state alpha1 parameter []: -1.000000 
(CassiniAlpha2) Correia (2015)'s Cassini state alpha2 parameter []: -1.000000 
(CassiniGamma) Correia (2015)'s Cassini state gamma parameter []: -1.000000 
----- STELLAR PARAMETERS (star)------
(Luminosity) Luminosity [LSUN]: 0.004385 
(LXUVStellar) Quiescent XUV Luminosity [LSUN]: 1.641347e-07 
(Temperature) Effective Temperature [K]: 3243.136061 
(LXUVFrac) Fraction of luminosity in XUV []: 3.743398e-05 
(RossbyNumber) Rossby Number []: 1.510864 
(DRotPerDtStellar) Time Rate of Change of Rotation Period in STELLAR []: 1.318784e-11 
(WindTorque) Stellar Wind Torque []: 2.503036e+21 
----- FLARE PARAMETERS (star)------
(LXUVFlare) XUV Luminosity from flares [LSUN]: 3.838108e-07 
(FlareFreq1) First value of flare frequency range [/sec]: 2.181073e-05 
(FlareFreq2) Second value of flare frequency range [/sec]: 1.694656e-05 
(FlareFreq3) Third value of flare frequency range [/sec]: 1.316719e-05 
(FlareFreq4) Fourth value of flare frequency range [/sec]: 1.023068e-05 
(FlareFreqMin) Frequency of the flares with the lowest energy [/sec]: 2.181073e-05 
(FlareFreqMid) Frequency of the flares with the middle energy in the energy range [/sec]: 1.748978e-06 
(FlareFreqMax) Frequency of the flares with the highest energy [/sec]: 1.402485e-07 
(FlareEnergy1) First value of flare energy range [kg*m^2/sec^2]: 1.000000e+24 
(FlareEnergy2) Second value of flare energy range [kg*m^2/sec^2]: 1.258925e+24 
(FlareEnergy3) Third value of flare energy range [kg*m^2/sec^2]: 1.584893e+24 
(FlareEnergy4) Fourth value of flare energy range [kg*m^2/sec^2]: 1.995262e+24 
(FlareEnergyMin) Minimum flare energy [kg*m^2/sec^2]: 1.000000e+24 
(FlareEnergyMid) Middle flare energy in the range of energy values [kg*m^2/sec^2]: 1.000000e+25 
(FlareEnergyMax) Maximum flare energy [kg*m^2/sec^2]: 1.000000e+26 
(FlareEnergyXUV1) First value of flare energy range in XUV [kg*m^2/sec^2]: 1.875000e+24 
(FlareEnergyXUV2) Second value of flare energy range in XUV [kg*m^2/sec^2]: 2.360485e+24 
(FlareEnergyXUV3) Third value of flare energy range in XUV [kg*m^2/sec^2]: 2.971675e+24 
(FlareEnergyXUV4) Fourth value of flare energy range in XUV [kg*m^2/sec^2]: 3.741117e+24 
(FlareEnergyXUVMin) Minimum flare energy in the XUV range [kg*m^2/sec^2]: 1.875000e+24 
(FlareEnergyXUVMid) Middle flare energy in the range of energy values of XUV [kg*m^2/sec^2]: 1.875000e+25 
(FlareEnergyXUVMax) Maximum flare energy in the XUV range [kg*m^2/sec^2]: 1.875000e+26 
(FlareYIntOUT) FFD Y-Intercept [/sec]: 34.546829 
(FlareSlopeOUT) FFD slope [kg*m^2/sec^3]: -1.095886 
(CMEFluence30MeV) Particle flux of 30 MeV protons due to CMEs at the stellar surface [m^-2 sec^-1]: 6.178075e+20 
(FlareFreqKepler1) First Kepler-band flare frequency [/sec]: 4.343587e-05 
(FlareFreqKepler2) Second Kepler-band flare frequency [/sec]: 3.374893e-05 
(FlareFreqKepler3) Third Kepler-band flare frequency [/sec]: 2.622233e-05 
(FlareFreqKepler4) Fourth Kepler-band flare frequency [/sec]: 2.037430e-05 

Output Order: Time[year] Luminosity[LSUN] LXUVStellar[LSUN] LXUVFlare[LSUN] LXUVTot[LSUN]
Grid Output Order:

----- BODY: b ----
Active Modules: AtmEsc
Module Bit Sum: 9
Color: 000000
(Mass) Mass [kg]: 9.815196e+24 
(TimeStepVar) Number of variable responsible for setting timestep []: 1502.000000 
(Radius) Radius [m]: 7.086667e+06 
(RadGyra) Radius of Gyration/Moment of Inertia Constant []: 0.500000 
(BodyType) Type of Body (0 == planet) []: 0.000000 
(Density) Average Density [kg/m^3]: 6583.916636 
(SurfWaterMass) Surface water mass [kg]: 0.000000 
(HZLimitDryRunaway) Semi-major axis of Dry Runaway HZ Limit [m]: 8.991320e+09 
(HZLimRecVenus) Recent Venus HZ Limit [m]: 8.049799e+09 
(HZLimRunaway) Runaway Greenhouse HZ Limit [m]: 1.061965e+10 
(HZLimMoistGreenhouse) Moist Greenhouse HZ Limit [m]: 1.065121e+10 
(HZLimMaxGreenhouse) Maximum Greenhouse HZ Limit [m]: 2.021746e+10 
(HZLimEarlyMars) Early Mars HZ Limit [m]: 2.204938e+10 
(Instellation) Orbit-averaged INcident STELLar radiATION [kg/sec^3]: 2.441912e+04 
(MeanMotion) Orbital Mean Motion [/sec]: 4.464466e-05 
(OrbPeriod) Orbital Period [sec]: 1.407377e+05 
(SemiMajorAxis) Semi-major Axis [m]: 2.344268e+09 
(LXUVTot) Total XUV Luminosity [kg/sec^3]: -1.000000 
(EscapeVelocity) Escape Velocity [m/sec]: 1.359708e+04 
(CassiniL) Correia (2015)'s Cassini state angular momnetum invariant []: -1.000000 
(CassiniG1) Correia (2015)'s Cassini state G1 parameter []: -1.000000 
(CassiniG2) Correia (2015)'s Cassini state G2 parameter []: -1.000000 
(CassiniAlpha1) Correia (2015)'s Cassini state alpha1 parameter []: -1.000000 
(CassiniAlpha2) Correia (2015)'s Cassini state alpha2 parameter []: -1.000000 
(CassiniGamma) Correia (2015)'s Cassini state gamma parameter []: -1.000000 
----- ATMESC PARAMETERS (b)------
(OceanMassLost) Ocean Mass Lost [kg]: 0.000000 
(WaterLossRate) Water Loss Rate [kg/sec]: 5.562685e-309 
(EnvelopeMass) Envelope mass [kg]: 0.000000 
(OxygenMass) Oxygen mass in the atmosphere [kg]: 0.000000 
(RGLimit) Runaway greenhouse semi-major axis [m]: 1.018088e+10 
(XO) Atomic oxygen mixing ratio in upper atmosphere []: 0.000000 
(EtaO) Oxygen eta parameter (Luger and Barnes 2015) []: 0.000000 
(PlanetRadius) Planet radius [m]: 7.086667e+06 
(OxygenMantleMass) Mass of oxygen in mantle [kg]: 0.000000 
(RadXUV) XUV radius separating hydro. dyn. escape and equilibrium [m]: -1.000000 
(RadSolid) Radius to the solid surface [m]: -1.000000 
(PresXUV) Pressure at base of thermosphere [kg/m/sec^2]: 5.000000 
(ScaleHeight) Scale height in Lehmer & Catling (2016) model [m]: -1.000000 
(ThermTemp) Isothermal atmospheric temperature [K]: 400.000000 
(AtmGasConst) Atmospheric gas constant [kg*m^2/sec^2/K/kg]: 1.700738e+04 
(PresSurf) Surface pressure due to atmosphere [kg/m/sec^2]: -1.000000 
(DEnvMassDt) Envelope Mass Loss Rate [kg/sec]: 0.000000 
(FXUV) XUV flux [W/m^2]: 3.051658 
(AtmXAbsEffH2O) XUV atmospheric escape efficiency for H2O []: 0.300000 
(RocheRadius) Roche Lobe Radius [m]: 4.785030e+07 
(BondiRadius) Bondi Radius [m]: 6.113201e+08 
(HEscapeRegime) Integer flag for H envelope escape regime []: 8.000000 
(RRCriticalFlux) Critical XUV Flux that separates RR and energy-limited escape [W/m^2]: 64.256839 
(CrossoverMass) Crossover mass, defines oxygen is escaping if mc > mo [kg]: 0.000000 
(WaterEscapeRegime) What water escape regime the code is currently in []: 8.000000 
(FXUVCRITDRAG) Critical Drag XUV flux [W/m^2]: -0.000000 
(HREFFLUX) The Hydrogen Reference Flux [m^-2 sec^-1]: 1.912871e+18 
(XO2) Molecular oxygen mixing ratio in atmosphere []: 0.000000 
(XH2O) Water mixing ratio in upper atmosphere []: 0.000000 
(HDiffFlux) The Hydrogen Diffusion Flux [m^-2 sec^-1]: -0.000000 
(HRefODragMod) Multiply by H ref flux to get flux with drag []: 1.000000 
(KTide) Mass loss enhancement due to stellar gravity []: 0.779473 
(CumulativeXUVFlux) Cumulative XUV flux [W/m^2]: 2.429968e+18 
(CMELossHydrogen) Mass of hydrogen lost due to CME stripping [kg]: 0.000000 
(CMELossWater) Mass of water lost due to CME stripping [kg]: 0.000000 
(CMELossOxygen) Mass of oxygen lost due to CME stripping [kg]: 0.000000 
(CMELossCO2) Mass of carbon dioxide lost due to CME stripping [kg]: 0.000000 
(DEnvMassDtCME) Envelope Mass Loss Rate due to CMEs [kg/sec]: 0.000000 
(DWaterMassDtCME) Water Mass Loss Rate due to CMEs [kg/sec]: 0.000000 
(DCO2MassDtCME) CO2 Mass Loss Rate due to CMEs [kg/sec]: 0.000000 
(DOxygenMassDtCME) Oxygen Mass Loss Rate due to CMEs [kg/sec]: 0.000000 
(RGDuration) Runaway Greenhouse Duration [years]: 0.00000e+00

Output Order: Time[year] CumulativeXUVFlux[W/m^2]
Grid Output Order:
