-------- Log file gj1132.log -------

Executable: /home/vplanet/.local/bin/vplanet
Version: Unknown
System Name: gj1132
Primary Input File: vpl.in
Body File #1: star.in
Body File #2: b.in
Allow files to be overwitten: Yes
Mass Units: Grams
Length Units: Meters
Time Units: Seconds
Angle Units: Radians

------- FORMATTING -----
Verbosity Level: 5
Crossover Decade for Scientific Notation: 4
Number of Digits After Decimal: 6
Integration Method: Runge-Kutta4
Direction: Forward
Time Step: 3.155760e+07
Stop Time: 2.241503e+17
Output Interval: 3.155760e+13
Use Variable Timestep: Yes
dEta: 0.010000
Minimum Value of ecc and obl: 1.000000e-10


---- INITIAL SYSTEM PROPERTIES ----
(Age) System Age [sec]: 1.204237e+14 
(Time) Simulation Time [sec]: 0.000000 
(TotAngMom) Total Angular Momentum [kg*m^2/sec]: 1.836744e+42 
(TotEnergy) Total System Energy [kg*m^2/sec^2]: -9.944949e+39 
(PotEnergy) Body's non-orbital Potential Energy [kg*m^2/sec^2]: -1.001159e+40 
(KinEnergy) Body's non-orbital Kinetic Energy [kg*m^2/sec^2]: 6.669755e+37 
(DeltaTime) Average Timestep Over Last Output Interval [sec]: 0.000000 

----- BODY: star ----
Active Modules: FLARE STELLAR
Module Bit Sum: 577
Color: 000000
(Mass) Mass [kg]: 3.772140e+29 
(Radius) Radius [m]: 5.691518e+08 
(RadGyra) Radius of Gyration/Moment of Inertia Constant []: 0.454341 
(RotAngMom) Rotational Angular Momentum [kg*m^2/sec]: 1.834314e+42 
(RotVel) Rotational Velocity [m/sec]: 4.138989e+04 
(BodyType) Type of Body (0 == planet) []: 0.000000 
(RotRate) Rotational Frequency [/sec]: 7.272205e-05 
(RotPer) Rotational Period [sec]: 8.640000e+04 
(Density) Average Density [kg/m^3]: 488.443978 
(HZLimitDryRunaway) Semi-major axis of Dry Runaway HZ Limit [m]: 3.354940e+10 
(HZLimRecVenus) Recent Venus HZ Limit [m]: 3.007831e+10 
(HZLimRunaway) Runaway Greenhouse HZ Limit [m]: 3.965533e+10 
(HZLimMoistGreenhouse) Moist Greenhouse HZ Limit [m]: 3.979855e+10 
(HZLimMaxGreenhouse) Maximum Greenhouse HZ Limit [m]: 7.574901e+10 
(HZLimEarlyMars) Early Mars HZ Limit [m]: 8.261232e+10 
(Instellation) Orbit-averaged INcident STELLar radiATION [kg/sec^3]: -1.000000 
(CriticalSemiMajorAxis) Holman & Wiegert (1999) P-type Critical Semi-major Axis [m]: -1.000000 
(LXUVTot) Total XUV Luminosity [LSUN]: 0.000501 
(LostEnergy) Body's Total Lost Energy [kg*m^2/sec^2]: 5.562685e-309 
(LostAngMom) Lost Angular Momentum due to Magnetic Braking [kg*m^2/sec]: 5.562685e-309 
(EscapeVelocity) Escape Velocity [m/sec]: 2.974384e+05 
----- STELLAR PARAMETERS (star)------
(Luminosity) Luminosity [LSUN]: 0.061049 
(LXUVStellar) Base X-ray/XUV Luminosity [LSUN]: 0.000487 
(Temperature) Effective Temperature [K]: 3171.651890 
(LXUVFrac) Fraction of luminosity in XUV []: 0.007980 
(RossbyNumber) Rossby Number []: 0.016151 
(DRotPerDtStellar) Time Rate of Change of Rotation Period in STELLAR []: -1.572485e-10 
(WindTorque) Stellar Wind Torque []: 8.512171e+27 
----- FLARE PARAMETERS (star)------
(LXUVFlare) XUV Luminosity from flares [LSUN]: 1.368968e-05 
(FlareFreq1) First value of flare frequency range [/sec]: 1.888621e-06 
(FlareFreq2) Second value of flare frequency range [/sec]: 1.533113e-06 
(FlareFreq3) Third value of flare frequency range [/sec]: 1.244524e-06 
(FlareFreq4) Fourth value of flare frequency range [/sec]: 1.010259e-06 
(FlareFreqMin) Frequency of the flares with the lowest energy [/sec]: 1.888621e-06 
(FlareFreqMid) Frequency of the flares with the middle energy in the energy range [/sec]: 2.346590e-07 
(FlareFreqMax) Frequency of the flares with the highest energy [/sec]: 2.915610e-08 
(FlareEnergy1) First value of flare energy range [kg*m^2/sec^2]: 5.334000e+25 
(FlareEnergy2) Second value of flare energy range [kg*m^2/sec^2]: 7.534475e+25 
(FlareEnergy3) Third value of flare energy range [kg*m^2/sec^2]: 1.064273e+26 
(FlareEnergy4) Fourth value of flare energy range [kg*m^2/sec^2]: 1.503325e+26 
(FlareEnergyMin) Minimum flare energy [kg*m^2/sec^2]: 5.334000e+25 
(FlareEnergyMid) Middle flare energy in the range of energy values [kg*m^2/sec^2]: 1.686759e+27 
(FlareEnergyMax) Maximum flare energy [kg*m^2/sec^2]: 5.334000e+28 
(FlareYIntOUT) Instantaneous Davenport FFD y-intercept at current age and mass []: 18.973422 
(FlareSlopeOUT) Instantaneous Davenport FFD slope at current age and mass []: -0.603805 

Output Order: Time[year] Luminosity[LSUN] LXUVStellar[LSUN] LXUVFlare[LSUN] LXUVTot[LSUN]
Grid Output Order:

----- BODY: b ----
Active Modules: AtmEsc
Module Bit Sum: 9
Color: 000000
(Mass) Mass [kg]: 1.003213e+25 
(Radius) Radius [m]: 7.237424e+06 
(RadGyra) Radius of Gyration/Moment of Inertia Constant []: 0.500000 
(BodyType) Type of Body (0 == planet) []: 0.000000 
(Density) Average Density [kg/m^3]: 6317.607684 
(HZLimitDryRunaway) Semi-major axis of Dry Runaway HZ Limit [m]: 3.354946e+10 
(HZLimRecVenus) Recent Venus HZ Limit [m]: 3.007831e+10 
(HZLimRunaway) Runaway Greenhouse HZ Limit [m]: 3.965533e+10 
(HZLimMoistGreenhouse) Moist Greenhouse HZ Limit [m]: 3.979855e+10 
(HZLimMaxGreenhouse) Maximum Greenhouse HZ Limit [m]: 7.574901e+10 
(HZLimEarlyMars) Early Mars HZ Limit [m]: 8.261232e+10 
(Instellation) Orbit-averaged INcident STELLar radiATION [kg/sec^3]: 3.444713e+05 
(MeanMotion) Orbital Mean Motion [/sec]: 4.464347e-05 
(OrbPeriod) Orbital Period [sec]: 1.407414e+05 
(SemiMajorAxis) Semi-major Axis [m]: 2.328963e+09 
(LXUVTot) Total XUV Luminosity [kg/sec^3]: -1.000000 
(EscapeVelocity) Escape Velocity [m/sec]: 1.360260e+04 
----- ATMESC PARAMETERS (b)------
(SurfWaterMass) Surface water mass [kg]: 0.000000 
(EnvelopeMass) Envelope mass [kg]: 0.000000 
(OxygenMass) Oxygen mass in the atmosphere [kg]: 0.000000 
(RGLimit) Runaway greenhouse semi-major axis [m]: 3.799727e+10 
(XO) Atomic oxygen mixing ratio in upper atmosphere []: 0.000000 
(EtaO) Oxygen eta parameter (Luger and Barnes 2015) []: 0.000000 
(PlanetRadius) Planet radius [m]: 7.237424e+06 
(OxygenMantleMass) Mass of oxygen in mantle [kg]: 0.000000 
(RadXUV) XUV radius separating hydro. dyn. escape and equilibrium [m]: -1.000000 
(RadSolid) Radius to the solid surface [m]: -1.000000 
(PresXUV) Pressure at base of thermosphere [(null)]: 5.000000 
(ScaleHeight) Scale height in Lehmer & Catling (2016) model [m]: -1.000000 
(ThermTemp) Isothermal atmospheric temperature [K]: 400.000000 
(AtmGasConst) Atmospheric gas constant [(null)]: 4124.000000 
(PresSurf) Surface pressure due to atmosphere [Pa]: -1.000000 
(DEnvMassDt) Envelope Mass Loss Rate [kg/s]: 0.000000 
(FXUV) XUV flux [W/m^2]: 2826.257193 
(AtmXAbsEffH2O) XUV atmospheric escape efficiency for H2O []: 0.300000 
(RocheRadius) Roche Lobe Radius [m]: 4.820115e+07 
(BondiRadius) Bondi Radius [m]: 3.242895e+08 
(HEscapeRegime) Integer flag for H envelope escape regime []: 8.000000 
(RRCriticalFlux) Critical XUV Flux that separates RR and energy-limited escape [W/m^2]: 62.535366 
(CrossoverMass) Crossover mass, defines oxygen is escaping if mc > mo [kg]: 0.000000 
(WaterEscapeRegime) What water escape regime the code is currently in []: 8.000000 
(FXUVCRITDRAG) Critical Drag XUV flux [W/m^2]: 0.514413 
(HREFFLUX) The Hydrogen Reference Flux (m^-2 s^-1) [m^-2 s^-1]: 1.776999e+21 
(XO2) Molecular oxygen mixing ratio in atmosphere []: 0.000000 
(XH2O) Water mixing ratio in upper atmosphere []: 0.000000 
(HDiffFlux) The Hydrogen Diffusion Flux (m^-2 s^-1) [m^-2 s^-1]: 2.475216e+17 
(HRefODragMod) Multiply by H ref flux to get flux with drag []: 1.000000 
(KTide) Mass loss enhancement due to stellar gravity []: 0.776467 
(CumulativeXUVFlux) Cumulative XUV flux [W/m^2]: 0.000000 
(RunawayGreenhouseFlux) Incident flux that triggers runaway greenhouse [kg/sec^3]: 1294.112703 
(RGDuration) Runaway Greenhouse Duration [years]: 0.00000e+00

Output Order: Time[year] CumulativeXUVFlux[W/m^2]
Grid Output Order:



---- FINAL SYSTEM PROPERTIES ----
(Age) System Age [sec]: 2.242741e+17 
(Time) Simulation Time [sec]: 2.241536e+17 
(TotAngMom) Total Angular Momentum [kg*m^2/sec]: 1.843927e+42 
(TotEnergy) Total System Energy [kg*m^2/sec^2]: -9.927160e+39 
(PotEnergy) Body's non-orbital Potential Energy [kg*m^2/sec^2]: -3.985706e+40 
(KinEnergy) Body's non-orbital Kinetic Energy [kg*m^2/sec^2]: 5.963580e+32 
(DeltaTime) Average Timestep Over Last Output Interval [sec]: 3.155760e+13 

----- BODY: star ----
Active Modules: FLARE STELLAR
Module Bit Sum: 577
Color: 000000
(Mass) Mass [kg]: 3.772140e+29 
(Radius) Radius [m]: 1.429638e+08 
(RadGyra) Radius of Gyration/Moment of Inertia Constant []: 0.460540 
(RotAngMom) Rotational Angular Momentum [kg*m^2/sec]: 1.396547e+39 
(RotVel) Rotational Velocity [m/sec]: 122.097714 
(BodyType) Type of Body (0 == planet) []: 0.000000 
(RotRate) Rotational Frequency [/sec]: 8.540466e-07 
(RotPer) Rotational Period [sec]: 7.356958e+06 
(Density) Average Density [kg/m^3]: 3.081920e+04 
(HZLimitDryRunaway) Semi-major axis of Dry Runaway HZ Limit [m]: 8.765981e+09 
(HZLimRecVenus) Recent Venus HZ Limit [m]: 7.849841e+09 
(HZLimRunaway) Runaway Greenhouse HZ Limit [m]: 1.035489e+10 
(HZLimMoistGreenhouse) Moist Greenhouse HZ Limit [m]: 1.038663e+10 
(HZLimMaxGreenhouse) Maximum Greenhouse HZ Limit [m]: 1.972310e+10 
(HZLimEarlyMars) Early Mars HZ Limit [m]: 2.151021e+10 
(Instellation) Orbit-averaged INcident STELLar radiATION [kg/sec^3]: -1.000000 
(CriticalSemiMajorAxis) Holman & Wiegert (1999) P-type Critical Semi-major Axis [m]: -1.000000 
(LXUVTot) Total XUV Luminosity [LSUN]: 2.554630e-06 
(LostEnergy) Body's Total Lost Energy [kg*m^2/sec^2]: 2.992996e+40 
(LostAngMom) Lost Angular Momentum due to Magnetic Braking [kg*m^2/sec]: 1.840102e+42 
(EscapeVelocity) Escape Velocity [m/sec]: 5.934691e+05 
----- STELLAR PARAMETERS (star)------
(Luminosity) Luminosity [LSUN]: 0.004168 
(LXUVStellar) Base X-ray/XUV Luminosity [LSUN]: 2.204787e-06 
(Temperature) Effective Temperature [K]: 3232.726938 
(LXUVFrac) Fraction of luminosity in XUV []: 0.000529 
(RossbyNumber) Rossby Number []: 1.418950 
(DRotPerDtStellar) Time Rate of Change of Rotation Period in STELLAR []: 1.867040e-11 
(WindTorque) Stellar Wind Torque []: 3.058334e+21 
----- FLARE PARAMETERS (star)------
(LXUVFlare) XUV Luminosity from flares [LSUN]: 3.498227e-07 
(FlareFreq1) First value of flare frequency range [/sec]: 5.575796e-07 
(FlareFreq2) Second value of flare frequency range [/sec]: 3.826356e-07 
(FlareFreq3) Third value of flare frequency range [/sec]: 2.625814e-07 
(FlareFreq4) Fourth value of flare frequency range [/sec]: 1.801949e-07 
(FlareFreqMin) Frequency of the flares with the lowest energy [/sec]: 5.575796e-07 
(FlareFreqMid) Frequency of the flares with the middle energy in the energy range [/sec]: 1.291494e-08 
(FlareFreqMax) Frequency of the flares with the highest energy [/sec]: 2.991423e-10 
(FlareEnergy1) First value of flare energy range [kg*m^2/sec^2]: 5.334000e+25 
(FlareEnergy2) Second value of flare energy range [kg*m^2/sec^2]: 7.534475e+25 
(FlareEnergy3) Third value of flare energy range [kg*m^2/sec^2]: 1.064273e+26 
(FlareEnergy4) Fourth value of flare energy range [kg*m^2/sec^2]: 1.503325e+26 
(FlareEnergyMin) Minimum flare energy [kg*m^2/sec^2]: 5.334000e+25 
(FlareEnergyMid) Middle flare energy in the range of energy values [kg*m^2/sec^2]: 1.686759e+27 
(FlareEnergyMax) Maximum flare energy [kg*m^2/sec^2]: 5.334000e+28 
(FlareYIntOUT) Instantaneous Davenport FFD y-intercept at current age and mass []: 34.359989 
(FlareSlopeOUT) Instantaneous Davenport FFD slope at current age and mass []: -1.090143 

Output Order: Time[year] Luminosity[LSUN] LXUVStellar[LSUN] LXUVFlare[LSUN] LXUVTot[LSUN]
Grid Output Order:

----- BODY: b ----
Active Modules: AtmEsc
Module Bit Sum: 9
Color: 000000
(Mass) Mass [kg]: 1.003213e+25 
(Radius) Radius [m]: 7.237424e+06 
(RadGyra) Radius of Gyration/Moment of Inertia Constant []: 0.500000 
(BodyType) Type of Body (0 == planet) []: 0.000000 
(Density) Average Density [kg/m^3]: 6317.607684 
(HZLimitDryRunaway) Semi-major axis of Dry Runaway HZ Limit [m]: 8.765997e+09 
(HZLimRecVenus) Recent Venus HZ Limit [m]: 7.849841e+09 
(HZLimRunaway) Runaway Greenhouse HZ Limit [m]: 1.035489e+10 
(HZLimMoistGreenhouse) Moist Greenhouse HZ Limit [m]: 1.038663e+10 
(HZLimMaxGreenhouse) Maximum Greenhouse HZ Limit [m]: 1.972310e+10 
(HZLimEarlyMars) Early Mars HZ Limit [m]: 2.151021e+10 
(Instellation) Orbit-averaged INcident STELLar radiATION [kg/sec^3]: 2.351715e+04 
(MeanMotion) Orbital Mean Motion [/sec]: 4.464347e-05 
(OrbPeriod) Orbital Period [sec]: 1.407414e+05 
(SemiMajorAxis) Semi-major Axis [m]: 2.328963e+09 
(LXUVTot) Total XUV Luminosity [kg/sec^3]: -1.000000 
(EscapeVelocity) Escape Velocity [m/sec]: 1.360260e+04 
----- ATMESC PARAMETERS (b)------
(SurfWaterMass) Surface water mass [kg]: 0.000000 
(EnvelopeMass) Envelope mass [kg]: 0.000000 
(OxygenMass) Oxygen mass in the atmosphere [kg]: 0.000000 
(RGLimit) Runaway greenhouse semi-major axis [m]: 9.922117e+09 
(XO) Atomic oxygen mixing ratio in upper atmosphere []: 0.000000 
(EtaO) Oxygen eta parameter (Luger and Barnes 2015) []: 0.000000 
(PlanetRadius) Planet radius [m]: 7.237424e+06 
(OxygenMantleMass) Mass of oxygen in mantle [kg]: 0.000000 
(RadXUV) XUV radius separating hydro. dyn. escape and equilibrium [m]: -1.000000 
(RadSolid) Radius to the solid surface [m]: -1.000000 
(PresXUV) Pressure at base of thermosphere [(null)]: 5.000000 
(ScaleHeight) Scale height in Lehmer & Catling (2016) model [m]: -1.000000 
(ThermTemp) Isothermal atmospheric temperature [K]: 400.000000 
(AtmGasConst) Atmospheric gas constant [(null)]: 4124.000000 
(PresSurf) Surface pressure due to atmosphere [Pa]: -1.000000 
(DEnvMassDt) Envelope Mass Loss Rate [kg/s]: 0.000000 
(FXUV) XUV flux [W/m^2]: 14.414613 
(AtmXAbsEffH2O) XUV atmospheric escape efficiency for H2O []: 0.300000 
(RocheRadius) Roche Lobe Radius [m]: 4.820115e+07 
(BondiRadius) Bondi Radius [m]: 6.348197e+08 
(HEscapeRegime) Integer flag for H envelope escape regime []: 8.000000 
(RRCriticalFlux) Critical XUV Flux that separates RR and energy-limited escape [W/m^2]: 62.535366 
(CrossoverMass) Crossover mass, defines oxygen is escaping if mc > mo [kg]: 0.000000 
(WaterEscapeRegime) What water escape regime the code is currently in []: 8.000000 
(FXUVCRITDRAG) Critical Drag XUV flux [W/m^2]: 0.514413 
(HREFFLUX) The Hydrogen Reference Flux (m^-2 s^-1) [m^-2 s^-1]: 9.063136e+18 
(XO2) Molecular oxygen mixing ratio in atmosphere []: 0.000000 
(XH2O) Water mixing ratio in upper atmosphere []: 0.000000 
(HDiffFlux) The Hydrogen Diffusion Flux (m^-2 s^-1) [m^-2 s^-1]: 2.475216e+17 
(HRefODragMod) Multiply by H ref flux to get flux with drag []: 1.000000 
(KTide) Mass loss enhancement due to stellar gravity []: 0.776467 
(CumulativeXUVFlux) Cumulative XUV flux [W/m^2]: 1.369585e+19 
(RunawayGreenhouseFlux) Incident flux that triggers runaway greenhouse [kg/sec^3]: 1295.685821 
(RGDuration) Runaway Greenhouse Duration [years]: 0.00000e+00

Output Order: Time[year] CumulativeXUVFlux[W/m^2]
Grid Output Order:
