-------- Log file gj1132.log -------

Executable: /home/vplanet/.local/bin/vplanet
Version: Unknown
System Name: gj1132
Primary Input File: vpl.in
Body File #1: star.in
Body File #2: b.in
Allow files to be overwitten: Yes
Mass Units: Grams
Length Units: Meters
Time Units: Seconds
Angle Units: Radians

------- FORMATTING -----
Verbosity Level: 5
Crossover Decade for Scientific Notation: 4
Number of Digits After Decimal: 6
Integration Method: Runge-Kutta4
Direction: Forward
Time Step: 3.155760e+07
Stop Time: 1.989293e+17
Output Interval: 3.155760e+13
Use Variable Timestep: Yes
dEta: 0.010000
Minimum Value of ecc and obl: 1.000000e-10


---- INITIAL SYSTEM PROPERTIES ----
(Age) System Age [sec]: 1.225613e+14 
(Time) Simulation Time [sec]: 0.000000 
(TotAngMom) Total Angular Momentum [kg*m^2/sec]: 1.815367e+42 
(TotEnergy) Total System Energy [kg*m^2/sec^2]: -1.002931e+40 
(PotEnergy) Body's non-orbital Potential Energy [kg*m^2/sec^2]: -1.009517e+40 
(KinEnergy) Body's non-orbital Kinetic Energy [kg*m^2/sec^2]: 6.591892e+37 
(DeltaTime) Average Timestep Over Last Output Interval [sec]: 0.000000 

----- BODY: star ----
Active Modules: FLARE STELLAR
Module Bit Sum: 577
Color: 000000
(Mass) Mass [kg]: 3.775534e+29 
(Radius) Radius [m]: 5.654559e+08 
(RadGyra) Radius of Gyration/Moment of Inertia Constant []: 0.454429 
(RotAngMom) Rotational Angular Momentum [kg*m^2/sec]: 1.812900e+42 
(RotVel) Rotational Velocity [m/sec]: 4.112112e+04 
(BodyType) Type of Body (0 == planet) []: 0.000000 
(RotRate) Rotational Frequency [/sec]: 7.272205e-05 
(RotPer) Rotational Period [sec]: 8.640000e+04 
(Density) Average Density [kg/m^3]: 498.532550 
(HZLimitDryRunaway) Semi-major axis of Dry Runaway HZ Limit [m]: 3.336019e+10 
(HZLimRecVenus) Recent Venus HZ Limit [m]: 2.990776e+10 
(HZLimRunaway) Runaway Greenhouse HZ Limit [m]: 3.943105e+10 
(HZLimMoistGreenhouse) Moist Greenhouse HZ Limit [m]: 3.957289e+10 
(HZLimMaxGreenhouse) Maximum Greenhouse HZ Limit [m]: 7.531489e+10 
(HZLimEarlyMars) Early Mars HZ Limit [m]: 8.213888e+10 
(Instellation) Orbit-averaged INcident STELLar radiATION [kg/sec^3]: -1.000000 
(CriticalSemiMajorAxis) Holman & Wiegert (1999) P-type Critical Semi-major Axis [m]: -1.000000 
(LXUVTot) Total XUV Luminosity [LSUN]: 5.357530e-05 
(LostEnergy) Body's Total Lost Energy [kg*m^2/sec^2]: 5.562685e-309 
(LostAngMom) Lost Angular Momentum due to Magnetic Braking [kg*m^2/sec]: 5.562685e-309 
(EscapeVelocity) Escape Velocity [m/sec]: 2.985431e+05 
----- STELLAR PARAMETERS (star)------
(Luminosity) Luminosity [LSUN]: 0.060362 
(LXUVStellar) Base X-ray/XUV Luminosity [LSUN]: 5.274377e-05 
(Temperature) Effective Temperature [K]: 3173.267095 
(LXUVFrac) Fraction of luminosity in XUV []: 0.000874 
(RossbyNumber) Rossby Number []: 0.016164 
(DRotPerDtStellar) Time Rate of Change of Rotation Period in STELLAR []: -1.174705e-10 
(WindTorque) Stellar Wind Torque []: 8.216558e+27 
----- FLARE PARAMETERS (star)------
(LXUVFlare) XUV Luminosity from flares [LSUN]: 8.315312e-07 
(FlareFreq1) First value of flare frequency range [/sec]: 3.127022e-05 
(FlareFreq2) Second value of flare frequency range [/sec]: 2.719037e-05 
(FlareFreq3) Third value of flare frequency range [/sec]: 2.364282e-05 
(FlareFreq4) Fourth value of flare frequency range [/sec]: 2.055812e-05 
(FlareFreqMin) Frequency of the flares with the lowest energy [/sec]: 3.127022e-05 
(FlareFreqMid) Frequency of the flares with the middle energy in the energy range [/sec]: 7.726318e-06 
(FlareFreqMax) Frequency of the flares with the highest energy [/sec]: 1.909037e-06 
(FlareEnergy1) First value of flare energy range [kg*m^2/sec^2]: 5.334000e+23 
(FlareEnergy2) Second value of flare energy range [kg*m^2/sec^2]: 6.715108e+23 
(FlareEnergy3) Third value of flare energy range [kg*m^2/sec^2]: 8.453820e+23 
(FlareEnergy4) Fourth value of flare energy range [kg*m^2/sec^2]: 1.064273e+24 
(FlareEnergyMin) Minimum flare energy [kg*m^2/sec^2]: 5.334000e+23 
(FlareEnergyMid) Middle flare energy in the range of energy values [kg*m^2/sec^2]: 5.334000e+24 
(FlareEnergyMax) Maximum flare energy [kg*m^2/sec^2]: 5.334000e+25 
(FlareYIntOUT) Instantaneous Davenport FFD y-intercept at current age and mass []: 19.087830 
(FlareSlopeOUT) Instantaneous Davenport FFD slope at current age and mass []: -0.607158 

Output Order: Time[year] Luminosity[LSUN] LXUVStellar[LSUN] LXUVFlare[LSUN] LXUVTot[LSUN]
Grid Output Order:

----- BODY: b ----
Active Modules: AtmEsc
Module Bit Sum: 9
Color: 000000
(Mass) Mass [kg]: 1.018227e+25 
(Radius) Radius [m]: 7.208868e+06 
(RadGyra) Radius of Gyration/Moment of Inertia Constant []: 0.500000 
(BodyType) Type of Body (0 == planet) []: 0.000000 
(Density) Average Density [kg/m^3]: 6488.658613 
(HZLimitDryRunaway) Semi-major axis of Dry Runaway HZ Limit [m]: 3.336021e+10 
(HZLimRecVenus) Recent Venus HZ Limit [m]: 2.990776e+10 
(HZLimRunaway) Runaway Greenhouse HZ Limit [m]: 3.943105e+10 
(HZLimMoistGreenhouse) Moist Greenhouse HZ Limit [m]: 3.957289e+10 
(HZLimMaxGreenhouse) Maximum Greenhouse HZ Limit [m]: 7.531489e+10 
(HZLimEarlyMars) Early Mars HZ Limit [m]: 8.213888e+10 
(Instellation) Orbit-averaged INcident STELLar radiATION [kg/sec^3]: 3.404013e+05 
(MeanMotion) Orbital Mean Motion [/sec]: 4.464437e-05 
(OrbPeriod) Orbital Period [sec]: 1.407386e+05 
(SemiMajorAxis) Semi-major Axis [m]: 2.329631e+09 
(LXUVTot) Total XUV Luminosity [kg/sec^3]: -1.000000 
(EscapeVelocity) Escape Velocity [m/sec]: 1.373112e+04 
----- ATMESC PARAMETERS (b)------
(SurfWaterMass) Surface water mass [kg]: 0.000000 
(EnvelopeMass) Envelope mass [kg]: 0.000000 
(OxygenMass) Oxygen mass in the atmosphere [kg]: 0.000000 
(RGLimit) Runaway greenhouse semi-major axis [m]: 3.776945e+10 
(XO) Atomic oxygen mixing ratio in upper atmosphere []: 0.000000 
(EtaO) Oxygen eta parameter (Luger and Barnes 2015) []: 0.000000 
(PlanetRadius) Planet radius [m]: 7.208868e+06 
(OxygenMantleMass) Mass of oxygen in mantle [kg]: 0.000000 
(RadXUV) XUV radius separating hydro. dyn. escape and equilibrium [m]: -1.000000 
(RadSolid) Radius to the solid surface [m]: -1.000000 
(PresXUV) Pressure at base of thermosphere [(null)]: 5.000000 
(ScaleHeight) Scale height in Lehmer & Catling (2016) model [m]: -1.000000 
(ThermTemp) Isothermal atmospheric temperature [K]: 400.000000 
(AtmGasConst) Atmospheric gas constant [(null)]: 4124.000000 
(PresSurf) Surface pressure due to atmosphere [Pa]: -1.000000 
(DEnvMassDt) Envelope Mass Loss Rate [kg/s]: 0.000000 
(FXUV) XUV flux [W/m^2]: 302.127453 
(AtmXAbsEffH2O) XUV atmospheric escape efficiency for H2O []: 0.300000 
(RocheRadius) Roche Lobe Radius [m]: 4.843977e+07 
(BondiRadius) Bondi Radius [m]: 3.300013e+08 
(HEscapeRegime) Integer flag for H envelope escape regime []: 8.000000 
(RRCriticalFlux) Critical XUV Flux that separates RR and energy-limited escape [W/m^2]: 65.517477 
(CrossoverMass) Crossover mass, defines oxygen is escaping if mc > mo [kg]: 0.000000 
(WaterEscapeRegime) What water escape regime the code is currently in []: 8.000000 
(FXUVCRITDRAG) Critical Drag XUV flux [W/m^2]: 0.536248 
(HREFFLUX) The Hydrogen Reference Flux (m^-2 s^-1) [m^-2 s^-1]: 1.859553e+20 
(XO2) Molecular oxygen mixing ratio in atmosphere []: 0.000000 
(XH2O) Water mixing ratio in upper atmosphere []: 0.000000 
(HDiffFlux) The Hydrogen Diffusion Flux (m^-2 s^-1) [m^-2 s^-1]: 2.532203e+17 
(HRefODragMod) Multiply by H ref flux to get flux with drag []: 1.000000 
(KTide) Mass loss enhancement due to stellar gravity []: 0.778416 
(CumulativeXUVFlux) Cumulative XUV flux [W/m^2]: 0.000000 
(RunawayGreenhouseFlux) Incident flux that triggers runaway greenhouse [kg/sec^3]: 1295.040814 
(RGDuration) Runaway Greenhouse Duration [years]: 0.00000e+00

Output Order: Time[year] CumulativeXUVFlux[W/m^2]
Grid Output Order:



---- FINAL SYSTEM PROPERTIES ----
(Age) System Age [sec]: 1.990616e+17 
(Time) Simulation Time [sec]: 1.989390e+17 
(TotAngMom) Total Angular Momentum [kg*m^2/sec]: 1.819164e+42 
(TotEnergy) Total System Energy [kg*m^2/sec^2]: -1.001746e+40 
(PotEnergy) Body's non-orbital Potential Energy [kg*m^2/sec^2]: -4.009100e+40 
(KinEnergy) Body's non-orbital Kinetic Energy [kg*m^2/sec^2]: 6.839320e+32 
(DeltaTime) Average Timestep Over Last Output Interval [sec]: 1.577880e+13 

----- BODY: star ----
Active Modules: FLARE STELLAR
Module Bit Sum: 577
Color: 000000
(Mass) Mass [kg]: 3.775534e+29 
(Radius) Radius [m]: 1.423855e+08 
(RadGyra) Radius of Gyration/Moment of Inertia Constant []: 0.460611 
(RotAngMom) Rotational Angular Momentum [kg*m^2/sec]: 1.490427e+39 
(RotVel) Rotational Velocity [m/sec]: 130.676584 
(BodyType) Type of Body (0 == planet) []: 0.000000 
(RotRate) Rotational Frequency [/sec]: 9.177663e-07 
(RotPer) Rotational Period [sec]: 6.846171e+06 
(Density) Average Density [kg/m^3]: 3.122431e+04 
(HZLimitDryRunaway) Semi-major axis of Dry Runaway HZ Limit [m]: 8.763583e+09 
(HZLimRecVenus) Recent Venus HZ Limit [m]: 7.847632e+09 
(HZLimRunaway) Runaway Greenhouse HZ Limit [m]: 1.035201e+10 
(HZLimMoistGreenhouse) Moist Greenhouse HZ Limit [m]: 1.038371e+10 
(HZLimMaxGreenhouse) Maximum Greenhouse HZ Limit [m]: 1.971725e+10 
(HZLimEarlyMars) Early Mars HZ Limit [m]: 2.150382e+10 
(Instellation) Orbit-averaged INcident STELLar radiATION [kg/sec^3]: -1.000000 
(CriticalSemiMajorAxis) Holman & Wiegert (1999) P-type Critical Semi-major Axis [m]: -1.000000 
(LXUVTot) Total XUV Luminosity [LSUN]: 5.710432e-07 
(LostEnergy) Body's Total Lost Energy [kg*m^2/sec^2]: 3.007360e+40 
(LostAngMom) Lost Angular Momentum due to Magnetic Braking [kg*m^2/sec]: 1.815207e+42 
(EscapeVelocity) Escape Velocity [m/sec]: 5.949406e+05 
----- STELLAR PARAMETERS (star)------
(Luminosity) Luminosity [LSUN]: 0.004166 
(LXUVStellar) Base X-ray/XUV Luminosity [LSUN]: 1.874562e-07 
(Temperature) Effective Temperature [K]: 3233.130172 
(LXUVFrac) Fraction of luminosity in XUV []: 4.500157e-05 
(RossbyNumber) Rossby Number []: 1.320706 
(DRotPerDtStellar) Time Rate of Change of Rotation Period in STELLAR []: 1.968910e-11 
(WindTorque) Stellar Wind Torque []: 4.286363e+21 
----- FLARE PARAMETERS (star)------
(LXUVFlare) XUV Luminosity from flares [LSUN]: 3.835822e-07 
(FlareFreq1) First value of flare frequency range [/sec]: 8.201058e-05 
(FlareFreq2) Second value of flare frequency range [/sec]: 6.395571e-05 
(FlareFreq3) Third value of flare frequency range [/sec]: 4.987568e-05 
(FlareFreq4) Fourth value of flare frequency range [/sec]: 3.889540e-05 
(FlareFreqMin) Frequency of the flares with the lowest energy [/sec]: 8.201058e-05 
(FlareFreqMid) Frequency of the flares with the middle energy in the energy range [/sec]: 6.822828e-06 
(FlareFreqMax) Frequency of the flares with the highest energy [/sec]: 5.676216e-07 
(FlareEnergy1) First value of flare energy range [kg*m^2/sec^2]: 5.334000e+23 
(FlareEnergy2) Second value of flare energy range [kg*m^2/sec^2]: 6.715108e+23 
(FlareEnergy3) Third value of flare energy range [kg*m^2/sec^2]: 8.453820e+23 
(FlareEnergy4) Fourth value of flare energy range [kg*m^2/sec^2]: 1.064273e+24 
(FlareEnergyMin) Minimum flare energy [kg*m^2/sec^2]: 5.334000e+23 
(FlareEnergyMid) Middle flare energy in the range of energy values [kg*m^2/sec^2]: 5.334000e+24 
(FlareEnergyMax) Maximum flare energy [kg*m^2/sec^2]: 5.334000e+25 
(FlareYIntOUT) Instantaneous Davenport FFD y-intercept at current age and mass []: 34.032697 
(FlareSlopeOUT) Instantaneous Davenport FFD slope at current age and mass []: -1.079905 

Output Order: Time[year] Luminosity[LSUN] LXUVStellar[LSUN] LXUVFlare[LSUN] LXUVTot[LSUN]
Grid Output Order:

----- BODY: b ----
Active Modules: AtmEsc
Module Bit Sum: 9
Color: 000000
(Mass) Mass [kg]: 1.018227e+25 
(Radius) Radius [m]: 7.208868e+06 
(RadGyra) Radius of Gyration/Moment of Inertia Constant []: 0.500000 
(BodyType) Type of Body (0 == planet) []: 0.000000 
(Density) Average Density [kg/m^3]: 6488.658613 
(HZLimitDryRunaway) Semi-major axis of Dry Runaway HZ Limit [m]: 8.763589e+09 
(HZLimRecVenus) Recent Venus HZ Limit [m]: 7.847632e+09 
(HZLimRunaway) Runaway Greenhouse HZ Limit [m]: 1.035201e+10 
(HZLimMoistGreenhouse) Moist Greenhouse HZ Limit [m]: 1.038371e+10 
(HZLimMaxGreenhouse) Maximum Greenhouse HZ Limit [m]: 1.971725e+10 
(HZLimEarlyMars) Early Mars HZ Limit [m]: 2.150382e+10 
(Instellation) Orbit-averaged INcident STELLar radiATION [kg/sec^3]: 2.349079e+04 
(MeanMotion) Orbital Mean Motion [/sec]: 4.464437e-05 
(OrbPeriod) Orbital Period [sec]: 1.407386e+05 
(SemiMajorAxis) Semi-major Axis [m]: 2.329631e+09 
(LXUVTot) Total XUV Luminosity [kg/sec^3]: -1.000000 
(EscapeVelocity) Escape Velocity [m/sec]: 1.373112e+04 
----- ATMESC PARAMETERS (b)------
(SurfWaterMass) Surface water mass [kg]: 0.000000 
(EnvelopeMass) Envelope mass [kg]: 0.000000 
(OxygenMass) Oxygen mass in the atmosphere [kg]: 0.000000 
(RGLimit) Runaway greenhouse semi-major axis [m]: 9.915974e+09 
(XO) Atomic oxygen mixing ratio in upper atmosphere []: 0.000000 
(EtaO) Oxygen eta parameter (Luger and Barnes 2015) []: 0.000000 
(PlanetRadius) Planet radius [m]: 7.208868e+06 
(OxygenMantleMass) Mass of oxygen in mantle [kg]: 0.000000 
(RadXUV) XUV radius separating hydro. dyn. escape and equilibrium [m]: -1.000000 
(RadSolid) Radius to the solid surface [m]: -1.000000 
(PresXUV) Pressure at base of thermosphere [(null)]: 5.000000 
(ScaleHeight) Scale height in Lehmer & Catling (2016) model [m]: -1.000000 
(ThermTemp) Isothermal atmospheric temperature [K]: 400.000000 
(AtmGasConst) Atmospheric gas constant [(null)]: 4124.000000 
(PresSurf) Surface pressure due to atmosphere [Pa]: -1.000000 
(DEnvMassDt) Envelope Mass Loss Rate [kg/s]: 0.000000 
(FXUV) XUV flux [W/m^2]: 3.220286 
(AtmXAbsEffH2O) XUV atmospheric escape efficiency for H2O []: 0.300000 
(RocheRadius) Roche Lobe Radius [m]: 4.843977e+07 
(BondiRadius) Bondi Radius [m]: 6.454545e+08 
(HEscapeRegime) Integer flag for H envelope escape regime []: 8.000000 
(RRCriticalFlux) Critical XUV Flux that separates RR and energy-limited escape [W/m^2]: 65.517477 
(CrossoverMass) Crossover mass, defines oxygen is escaping if mc > mo [kg]: 0.000000 
(WaterEscapeRegime) What water escape regime the code is currently in []: 8.000000 
(FXUVCRITDRAG) Critical Drag XUV flux [W/m^2]: 0.536248 
(HREFFLUX) The Hydrogen Reference Flux (m^-2 s^-1) [m^-2 s^-1]: 1.982042e+18 
(XO2) Molecular oxygen mixing ratio in atmosphere []: 0.000000 
(XH2O) Water mixing ratio in upper atmosphere []: 0.000000 
(HDiffFlux) The Hydrogen Diffusion Flux (m^-2 s^-1) [m^-2 s^-1]: 2.532203e+17 
(HRefODragMod) Multiply by H ref flux to get flux with drag []: 1.000000 
(KTide) Mass loss enhancement due to stellar gravity []: 0.778416 
(CumulativeXUVFlux) Cumulative XUV flux [W/m^2]: 1.540272e+18 
(RunawayGreenhouseFlux) Incident flux that triggers runaway greenhouse [kg/sec^3]: 1296.583604 
(RGDuration) Runaway Greenhouse Duration [years]: 0.00000e+00

Output Order: Time[year] CumulativeXUVFlux[W/m^2]
Grid Output Order:
