-------- Log file gj1132.log -------

Executable: /home/vplanet/.local/bin/vplanet
Version: Unknown
System Name: gj1132
Primary Input File: vpl.in
Body File #1: star.in
Body File #2: b.in
Allow files to be overwitten: Yes
Mass Units: Grams
Length Units: Meters
Time Units: Seconds
Angle Units: Radians

------- FORMATTING -----
Verbosity Level: 5
Crossover Decade for Scientific Notation: 4
Number of Digits After Decimal: 6
Integration Method: Runge-Kutta4
Direction: Forward
Time Step: 3.155760e+07
Stop Time: 2.595681e+17
Output Interval: 3.155760e+13
Use Variable Timestep: Yes
dEta: 0.010000
Minimum Value of ecc and obl: 1.000000e-10


---- INITIAL SYSTEM PROPERTIES ----
(Age) System Age [sec]: 1.672034e+14 
(Time) Simulation Time [sec]: 0.000000 
(TotAngMom) Total Angular Momentum [kg*m^2/sec]: 1.376955e+42 
(TotEnergy) Total System Energy [kg*m^2/sec^2]: -1.082528e+40 
(PotEnergy) Body's non-orbital Potential Energy [kg*m^2/sec^2]: -1.087521e+40 
(KinEnergy) Body's non-orbital Kinetic Energy [kg*m^2/sec^2]: 4.998105e+37 
(DeltaTime) Average Timestep Over Last Output Interval [sec]: 0.000000 

----- BODY: star ----
Active Modules: FLARE STELLAR
Module Bit Sum: 577
Color: 000000
(Mass) Mass [kg]: 3.674670e+29 
(Radius) Radius [m]: 4.972270e+08 
(RadGyra) Radius of Gyration/Moment of Inertia Constant []: 0.456129 
(RotAngMom) Rotational Angular Momentum [kg*m^2/sec]: 1.374577e+42 
(RotVel) Rotational Velocity [m/sec]: 3.615937e+04 
(BodyType) Type of Body (0 == planet) []: 0.000000 
(RotRate) Rotational Frequency [/sec]: 7.272205e-05 
(RotPer) Rotational Period [sec]: 8.640000e+04 
(Density) Average Density [kg/m^3]: 713.617580 
(HZLimitDryRunaway) Semi-major axis of Dry Runaway HZ Limit [m]: 2.969583e+10 
(HZLimRecVenus) Recent Venus HZ Limit [m]: 2.661308e+10 
(HZLimRunaway) Runaway Greenhouse HZ Limit [m]: 3.509313e+10 
(HZLimMoistGreenhouse) Moist Greenhouse HZ Limit [m]: 3.521348e+10 
(HZLimMaxGreenhouse) Maximum Greenhouse HZ Limit [m]: 6.697000e+10 
(HZLimEarlyMars) Early Mars HZ Limit [m]: 7.303796e+10 
(Instellation) Orbit-averaged INcident STELLar radiATION [kg/sec^3]: -1.000000 
(CriticalSemiMajorAxis) Holman & Wiegert (1999) P-type Critical Semi-major Axis [m]: -1.000000 
(LXUVTot) Total XUV Luminosity [LSUN]: 3.512137e-05 
(LostEnergy) Body's Total Lost Energy [kg*m^2/sec^2]: 5.562685e-309 
(LostAngMom) Lost Angular Momentum due to Magnetic Braking [kg*m^2/sec]: 5.562685e-309 
(EscapeVelocity) Escape Velocity [m/sec]: 3.140863e+05 
----- STELLAR PARAMETERS (star)------
(Luminosity) Luminosity [LSUN]: 0.047830 
(LXUVStellar) Base X-ray/XUV Luminosity [LSUN]: 3.432759e-05 
(Temperature) Effective Temperature [K]: 3192.167891 
(LXUVFrac) Fraction of luminosity in XUV []: 0.000718 
(RossbyNumber) Rossby Number []: 0.016322 
(DRotPerDtStellar) Time Rate of Change of Rotation Period in STELLAR []: -9.876516e-11 
(WindTorque) Stellar Wind Torque []: 4.214006e+27 
----- FLARE PARAMETERS (star)------
(LXUVFlare) XUV Luminosity from flares [LSUN]: 7.937777e-07 
(FlareFreq1) First value of flare frequency range [/sec]: 3.263200e-05 
(FlareFreq2) Second value of flare frequency range [/sec]: 2.822994e-05 
(FlareFreq3) Third value of flare frequency range [/sec]: 2.442172e-05 
(FlareFreq4) Fourth value of flare frequency range [/sec]: 2.112723e-05 
(FlareFreqMin) Frequency of the flares with the lowest energy [/sec]: 3.263200e-05 
(FlareFreqMid) Frequency of the flares with the middle energy in the energy range [/sec]: 7.661371e-06 
(FlareFreqMax) Frequency of the flares with the highest energy [/sec]: 1.798743e-06 
(FlareEnergy1) First value of flare energy range [kg*m^2/sec^2]: 5.334000e+23 
(FlareEnergy2) Second value of flare energy range [kg*m^2/sec^2]: 6.715108e+23 
(FlareEnergy3) Third value of flare energy range [kg*m^2/sec^2]: 8.453820e+23 
(FlareEnergy4) Fourth value of flare energy range [kg*m^2/sec^2]: 1.064273e+24 
(FlareEnergyMin) Minimum flare energy [kg*m^2/sec^2]: 5.334000e+23 
(FlareEnergyMid) Middle flare energy in the range of energy values [kg*m^2/sec^2]: 5.334000e+24 
(FlareEnergyMax) Maximum flare energy [kg*m^2/sec^2]: 5.334000e+25 
(FlareYIntOUT) Instantaneous Davenport FFD y-intercept at current age and mass []: 19.787837 
(FlareSlopeOUT) Instantaneous Davenport FFD slope at current age and mass []: -0.629337 

Output Order: Time[year] Luminosity[LSUN] LXUVStellar[LSUN] LXUVFlare[LSUN] LXUVTot[LSUN]
Grid Output Order:

----- BODY: b ----
Active Modules: AtmEsc
Module Bit Sum: 9
Color: 000000
(Mass) Mass [kg]: 9.992541e+24 
(Radius) Radius [m]: 7.320962e+06 
(RadGyra) Radius of Gyration/Moment of Inertia Constant []: 0.500000 
(BodyType) Type of Body (0 == planet) []: 0.000000 
(Density) Average Density [kg/m^3]: 6079.709963 
(HZLimitDryRunaway) Semi-major axis of Dry Runaway HZ Limit [m]: 2.969584e+10 
(HZLimRecVenus) Recent Venus HZ Limit [m]: 2.661308e+10 
(HZLimRunaway) Runaway Greenhouse HZ Limit [m]: 3.509313e+10 
(HZLimMoistGreenhouse) Moist Greenhouse HZ Limit [m]: 3.521348e+10 
(HZLimMaxGreenhouse) Maximum Greenhouse HZ Limit [m]: 6.697000e+10 
(HZLimEarlyMars) Early Mars HZ Limit [m]: 7.303796e+10 
(Instellation) Orbit-averaged INcident STELLar radiATION [kg/sec^3]: 2.746454e+05 
(MeanMotion) Orbital Mean Motion [/sec]: 4.464492e-05 
(OrbPeriod) Orbital Period [sec]: 1.407368e+05 
(SemiMajorAxis) Semi-major Axis [m]: 2.308679e+09 
(LXUVTot) Total XUV Luminosity [kg/sec^3]: -1.000000 
(EscapeVelocity) Escape Velocity [m/sec]: 1.349805e+04 
----- ATMESC PARAMETERS (b)------
(SurfWaterMass) Surface water mass [kg]: 0.000000 
(EnvelopeMass) Envelope mass [kg]: 0.000000 
(OxygenMass) Oxygen mass in the atmosphere [kg]: 0.000000 
(RGLimit) Runaway greenhouse semi-major axis [m]: 3.362907e+10 
(XO) Atomic oxygen mixing ratio in upper atmosphere []: 0.000000 
(EtaO) Oxygen eta parameter (Luger and Barnes 2015) []: 0.000000 
(PlanetRadius) Planet radius [m]: 7.320962e+06 
(OxygenMantleMass) Mass of oxygen in mantle [kg]: 0.000000 
(RadXUV) XUV radius separating hydro. dyn. escape and equilibrium [m]: -1.000000 
(RadSolid) Radius to the solid surface [m]: -1.000000 
(PresXUV) Pressure at base of thermosphere [(null)]: 5.000000 
(ScaleHeight) Scale height in Lehmer & Catling (2016) model [m]: -1.000000 
(ThermTemp) Isothermal atmospheric temperature [K]: 400.000000 
(AtmGasConst) Atmospheric gas constant [(null)]: 4124.000000 
(PresSurf) Surface pressure due to atmosphere [Pa]: -1.000000 
(DEnvMassDt) Envelope Mass Loss Rate [kg/s]: 0.000000 
(FXUV) XUV flux [W/m^2]: 201.671305 
(AtmXAbsEffH2O) XUV atmospheric escape efficiency for H2O []: 0.300000 
(RocheRadius) Roche Lobe Radius [m]: 4.813662e+07 
(BondiRadius) Bondi Radius [m]: 3.448669e+08 
(HEscapeRegime) Integer flag for H envelope escape regime []: 8.000000 
(RRCriticalFlux) Critical XUV Flux that separates RR and energy-limited escape [W/m^2]: 59.505510 
(CrossoverMass) Crossover mass, defines oxygen is escaping if mc > mo [kg]: 0.000000 
(WaterEscapeRegime) What water escape regime the code is currently in []: 8.000000 
(FXUVCRITDRAG) Critical Drag XUV flux [W/m^2]: 0.493089 
(HREFFLUX) The Hydrogen Reference Flux (m^-2 s^-1) [m^-2 s^-1]: 1.292444e+20 
(XO2) Molecular oxygen mixing ratio in atmosphere []: 0.000000 
(XH2O) Water mixing ratio in upper atmosphere []: 0.000000 
(HDiffFlux) The Hydrogen Diffusion Flux (m^-2 s^-1) [m^-2 s^-1]: 2.409503e+17 
(HRefODragMod) Multiply by H ref flux to get flux with drag []: 1.000000 
(KTide) Mass loss enhancement due to stellar gravity []: 0.773628 
(CumulativeXUVFlux) Cumulative XUV flux [W/m^2]: 0.000000 
(RunawayGreenhouseFlux) Incident flux that triggers runaway greenhouse [kg/sec^3]: 1294.401507 
(RGDuration) Runaway Greenhouse Duration [years]: 0.00000e+00

Output Order: Time[year] CumulativeXUVFlux[W/m^2]
Grid Output Order:



---- FINAL SYSTEM PROPERTIES ----
(Age) System Age [sec]: 2.597600e+17 
(Time) Simulation Time [sec]: 2.595928e+17 
(TotAngMom) Total Angular Momentum [kg*m^2/sec]: 1.375489e+42 
(TotEnergy) Total System Energy [kg*m^2/sec^2]: -1.082830e+40 
(PotEnergy) Body's non-orbital Potential Energy [kg*m^2/sec^2]: -3.852690e+40 
(KinEnergy) Body's non-orbital Kinetic Energy [kg*m^2/sec^2]: 4.945462e+32 
(DeltaTime) Average Timestep Over Last Output Interval [sec]: 3.155760e+13 

----- BODY: star ----
Active Modules: FLARE STELLAR
Module Bit Sum: 577
Color: 000000
(Mass) Mass [kg]: 3.674670e+29 
(Radius) Radius [m]: 1.403551e+08 
(RadGyra) Radius of Gyration/Moment of Inertia Constant []: 0.460693 
(RotAngMom) Rotational Angular Momentum [kg*m^2/sec]: 1.232729e+39 
(RotVel) Rotational Velocity [m/sec]: 112.615319 
(BodyType) Type of Body (0 == planet) []: 0.000000 
(RotRate) Rotational Frequency [/sec]: 8.023600e-07 
(RotPer) Rotational Period [sec]: 7.830880e+06 
(Density) Average Density [kg/m^3]: 3.172818e+04 
(HZLimitDryRunaway) Semi-major axis of Dry Runaway HZ Limit [m]: 8.558556e+09 
(HZLimRecVenus) Recent Venus HZ Limit [m]: 7.665601e+09 
(HZLimRunaway) Runaway Greenhouse HZ Limit [m]: 1.011093e+10 
(HZLimMoistGreenhouse) Moist Greenhouse HZ Limit [m]: 1.014285e+10 
(HZLimMaxGreenhouse) Maximum Greenhouse HZ Limit [m]: 1.926763e+10 
(HZLimEarlyMars) Early Mars HZ Limit [m]: 2.101345e+10 
(Instellation) Orbit-averaged INcident STELLar radiATION [kg/sec^3]: -1.000000 
(CriticalSemiMajorAxis) Holman & Wiegert (1999) P-type Critical Semi-major Axis [m]: -1.000000 
(LXUVTot) Total XUV Luminosity [LSUN]: 6.954523e-07 
(LostEnergy) Body's Total Lost Energy [kg*m^2/sec^2]: 2.769865e+40 
(LostAngMom) Lost Angular Momentum due to Magnetic Braking [kg*m^2/sec]: 1.371879e+42 
(EscapeVelocity) Escape Velocity [m/sec]: 5.911698e+05 
----- STELLAR PARAMETERS (star)------
(Luminosity) Luminosity [LSUN]: 0.003973 
(LXUVStellar) Base X-ray/XUV Luminosity [LSUN]: 3.144246e-07 
(Temperature) Effective Temperature [K]: 3222.597860 
(LXUVFrac) Fraction of luminosity in XUV []: 7.914198e-05 
(RossbyNumber) Rossby Number []: 1.502540 
(DRotPerDtStellar) Time Rate of Change of Rotation Period in STELLAR []: 1.311570e-11 
(WindTorque) Stellar Wind Torque []: 2.064659e+21 
----- FLARE PARAMETERS (star)------
(LXUVFlare) XUV Luminosity from flares [LSUN]: 3.810242e-07 
(FlareFreq1) First value of flare frequency range [/sec]: 8.785717e-05 
(FlareFreq2) Second value of flare frequency range [/sec]: 6.815328e-05 
(FlareFreq3) Third value of flare frequency range [/sec]: 5.286842e-05 
(FlareFreq4) Fourth value of flare frequency range [/sec]: 4.101152e-05 
(FlareFreqMin) Frequency of the flares with the lowest energy [/sec]: 8.785717e-05 
(FlareFreqMid) Frequency of the flares with the middle energy in the energy range [/sec]: 6.932228e-06 
(FlareFreqMax) Frequency of the flares with the highest energy [/sec]: 5.469762e-07 
(FlareEnergy1) First value of flare energy range [kg*m^2/sec^2]: 5.334000e+23 
(FlareEnergy2) Second value of flare energy range [kg*m^2/sec^2]: 6.715108e+23 
(FlareEnergy3) Third value of flare energy range [kg*m^2/sec^2]: 8.453820e+23 
(FlareEnergy4) Fourth value of flare energy range [kg*m^2/sec^2]: 1.064273e+24 
(FlareEnergyMin) Minimum flare energy [kg*m^2/sec^2]: 5.334000e+23 
(FlareEnergyMid) Middle flare energy in the range of energy values [kg*m^2/sec^2]: 5.334000e+24 
(FlareEnergyMax) Maximum flare energy [kg*m^2/sec^2]: 5.334000e+25 
(FlareYIntOUT) Instantaneous Davenport FFD y-intercept at current age and mass []: 34.769293 
(FlareSlopeOUT) Instantaneous Davenport FFD slope at current age and mass []: -1.102904 

Output Order: Time[year] Luminosity[LSUN] LXUVStellar[LSUN] LXUVFlare[LSUN] LXUVTot[LSUN]
Grid Output Order:

----- BODY: b ----
Active Modules: AtmEsc
Module Bit Sum: 9
Color: 000000
(Mass) Mass [kg]: 9.992541e+24 
(Radius) Radius [m]: 7.320962e+06 
(RadGyra) Radius of Gyration/Moment of Inertia Constant []: 0.500000 
(BodyType) Type of Body (0 == planet) []: 0.000000 
(Density) Average Density [kg/m^3]: 6079.709963 
(HZLimitDryRunaway) Semi-major axis of Dry Runaway HZ Limit [m]: 8.558560e+09 
(HZLimRecVenus) Recent Venus HZ Limit [m]: 7.665601e+09 
(HZLimRunaway) Runaway Greenhouse HZ Limit [m]: 1.011093e+10 
(HZLimMoistGreenhouse) Moist Greenhouse HZ Limit [m]: 1.014285e+10 
(HZLimMaxGreenhouse) Maximum Greenhouse HZ Limit [m]: 1.926763e+10 
(HZLimEarlyMars) Early Mars HZ Limit [m]: 2.101345e+10 
(Instellation) Orbit-averaged INcident STELLar radiATION [kg/sec^3]: 2.281300e+04 
(MeanMotion) Orbital Mean Motion [/sec]: 4.464492e-05 
(OrbPeriod) Orbital Period [sec]: 1.407368e+05 
(SemiMajorAxis) Semi-major Axis [m]: 2.308679e+09 
(LXUVTot) Total XUV Luminosity [kg/sec^3]: -1.000000 
(EscapeVelocity) Escape Velocity [m/sec]: 1.349805e+04 
----- ATMESC PARAMETERS (b)------
(SurfWaterMass) Surface water mass [kg]: 0.000000 
(EnvelopeMass) Envelope mass [kg]: 0.000000 
(OxygenMass) Oxygen mass in the atmosphere [kg]: 0.000000 
(RGLimit) Runaway greenhouse semi-major axis [m]: 9.689208e+09 
(XO) Atomic oxygen mixing ratio in upper atmosphere []: 0.000000 
(EtaO) Oxygen eta parameter (Luger and Barnes 2015) []: 0.000000 
(PlanetRadius) Planet radius [m]: 7.320962e+06 
(OxygenMantleMass) Mass of oxygen in mantle [kg]: 0.000000 
(RadXUV) XUV radius separating hydro. dyn. escape and equilibrium [m]: -1.000000 
(RadSolid) Radius to the solid surface [m]: -1.000000 
(PresXUV) Pressure at base of thermosphere [(null)]: 5.000000 
(ScaleHeight) Scale height in Lehmer & Catling (2016) model [m]: -1.000000 
(ThermTemp) Isothermal atmospheric temperature [K]: 400.000000 
(AtmGasConst) Atmospheric gas constant [(null)]: 4124.000000 
(PresSurf) Surface pressure due to atmosphere [Pa]: -1.000000 
(DEnvMassDt) Envelope Mass Loss Rate [kg/s]: 0.000000 
(FXUV) XUV flux [W/m^2]: 3.993374 
(AtmXAbsEffH2O) XUV atmospheric escape efficiency for H2O []: 0.300000 
(RocheRadius) Roche Lobe Radius [m]: 4.813662e+07 
(BondiRadius) Bondi Radius [m]: 6.429755e+08 
(HEscapeRegime) Integer flag for H envelope escape regime []: 8.000000 
(RRCriticalFlux) Critical XUV Flux that separates RR and energy-limited escape [W/m^2]: 59.505510 
(CrossoverMass) Crossover mass, defines oxygen is escaping if mc > mo [kg]: 0.000000 
(WaterEscapeRegime) What water escape regime the code is currently in []: 8.000000 
(FXUVCRITDRAG) Critical Drag XUV flux [W/m^2]: 0.493089 
(HREFFLUX) The Hydrogen Reference Flux (m^-2 s^-1) [m^-2 s^-1]: 2.559221e+18 
(XO2) Molecular oxygen mixing ratio in atmosphere []: 0.000000 
(XH2O) Water mixing ratio in upper atmosphere []: 0.000000 
(HDiffFlux) The Hydrogen Diffusion Flux (m^-2 s^-1) [m^-2 s^-1]: 2.409503e+17 
(HRefODragMod) Multiply by H ref flux to get flux with drag []: 1.000000 
(KTide) Mass loss enhancement due to stellar gravity []: 0.773628 
(CumulativeXUVFlux) Cumulative XUV flux [W/m^2]: 2.706590e+18 
(RunawayGreenhouseFlux) Incident flux that triggers runaway greenhouse [kg/sec^3]: 1295.186321 
(RGDuration) Runaway Greenhouse Duration [years]: 0.00000e+00

Output Order: Time[year] CumulativeXUVFlux[W/m^2]
Grid Output Order:
