-------- Log file gj1132.log -------

Executable: /home/vplanet/.local/bin/vplanet
Version: Unknown
System Name: gj1132
Primary Input File: vpl.in
Body File #1: star.in
Body File #2: b.in
Allow files to be overwitten: Yes
Mass Units: Grams
Length Units: Meters
Time Units: Seconds
Angle Units: Radians

------- FORMATTING -----
Verbosity Level: 5
Crossover Decade for Scientific Notation: 4
Number of Digits After Decimal: 6
Integration Method: Runge-Kutta4
Direction: Forward
Time Step: 3.155760e+07
Stop Time: 2.342416e+17
Output Interval: 3.155760e+13
Use Variable Timestep: Yes
dEta: 0.010000
Minimum Value of ecc and obl: 1.000000e-10


---- INITIAL SYSTEM PROPERTIES ----
(Age) System Age [sec]: 1.136569e+14 
(Time) Simulation Time [sec]: 0.000000 
(TotAngMom) Total Angular Momentum [kg*m^2/sec]: 1.944294e+42 
(TotEnergy) Total System Energy [kg*m^2/sec^2]: -9.838794e+39 
(PotEnergy) Body's non-orbital Potential Energy [kg*m^2/sec^2]: -9.909350e+39 
(KinEnergy) Body's non-orbital Kinetic Energy [kg*m^2/sec^2]: 7.060933e+37 
(DeltaTime) Average Timestep Over Last Output Interval [sec]: 0.000000 

----- BODY: star ----
Active Modules: FLARE STELLAR
Module Bit Sum: 577
Color: 000000
(Mass) Mass [kg]: 3.800984e+29 
(Radius) Radius [m]: 5.838517e+08 
(RadGyra) Radius of Gyration/Moment of Inertia Constant []: 0.453972 
(RotAngMom) Rotational Angular Momentum [kg*m^2/sec]: 1.941896e+42 
(RotVel) Rotational Velocity [m/sec]: 4.245889e+04 
(BodyType) Type of Body (0 == planet) []: 0.000000 
(RotRate) Rotational Frequency [/sec]: 7.272205e-05 
(RotPer) Rotational Period [sec]: 8.640000e+04 
(Density) Average Density [kg/m^3]: 455.931673 
(HZLimitDryRunaway) Semi-major axis of Dry Runaway HZ Limit [m]: 3.439527e+10 
(HZLimRecVenus) Recent Venus HZ Limit [m]: 3.083680e+10 
(HZLimRunaway) Runaway Greenhouse HZ Limit [m]: 4.065524e+10 
(HZLimMoistGreenhouse) Moist Greenhouse HZ Limit [m]: 4.080216e+10 
(HZLimMaxGreenhouse) Maximum Greenhouse HZ Limit [m]: 7.765989e+10 
(HZLimEarlyMars) Early Mars HZ Limit [m]: 8.469634e+10 
(Instellation) Orbit-averaged INcident STELLar radiATION [kg/sec^3]: -1.000000 
(CriticalSemiMajorAxis) Holman & Wiegert (1999) P-type Critical Semi-major Axis [m]: -1.000000 
(LXUVTot) Total XUV Luminosity [LSUN]: 2.757858e-05 
(LostEnergy) Body's Total Lost Energy [kg*m^2/sec^2]: 5.562685e-309 
(LostAngMom) Lost Angular Momentum due to Magnetic Braking [kg*m^2/sec]: 5.562685e-309 
(EscapeVelocity) Escape Velocity [m/sec]: 2.947908e+05 
----- STELLAR PARAMETERS (star)------
(Luminosity) Luminosity [LSUN]: 0.064166 
(LXUVStellar) Base X-ray/XUV Luminosity [LSUN]: 2.674144e-05 
(Temperature) Effective Temperature [K]: 3171.412135 
(LXUVFrac) Fraction of luminosity in XUV []: 0.000417 
(RossbyNumber) Rossby Number []: 0.016149 
(DRotPerDtStellar) Time Rate of Change of Rotation Period in STELLAR []: -1.835304e-10 
(WindTorque) Stellar Wind Torque []: 9.702829e+27 
----- FLARE PARAMETERS (star)------
(LXUVFlare) XUV Luminosity from flares [LSUN]: 8.371350e-07 
(FlareFreq1) First value of flare frequency range [/sec]: 3.089373e-05 
(FlareFreq2) Second value of flare frequency range [/sec]: 2.689188e-05 
(FlareFreq3) Third value of flare frequency range [/sec]: 2.340841e-05 
(FlareFreq4) Fourth value of flare frequency range [/sec]: 2.037617e-05 
(FlareFreqMin) Frequency of the flares with the lowest energy [/sec]: 3.089373e-05 
(FlareFreqMid) Frequency of the flares with the middle energy in the energy range [/sec]: 7.715741e-06 
(FlareFreqMax) Frequency of the flares with the highest energy [/sec]: 1.927014e-06 
(FlareEnergy1) First value of flare energy range [kg*m^2/sec^2]: 5.334000e+23 
(FlareEnergy2) Second value of flare energy range [kg*m^2/sec^2]: 6.715108e+23 
(FlareEnergy3) Third value of flare energy range [kg*m^2/sec^2]: 8.453820e+23 
(FlareEnergy4) Fourth value of flare energy range [kg*m^2/sec^2]: 1.064273e+24 
(FlareEnergyMin) Minimum flare energy [kg*m^2/sec^2]: 5.334000e+23 
(FlareEnergyMid) Middle flare energy in the range of energy values [kg*m^2/sec^2]: 5.334000e+24 
(FlareEnergyMax) Maximum flare energy [kg*m^2/sec^2]: 5.334000e+25 
(FlareYIntOUT) Instantaneous Davenport FFD y-intercept at current age and mass []: 18.939210 
(FlareSlopeOUT) Instantaneous Davenport FFD slope at current age and mass []: -0.602493 

Output Order: Time[year] Luminosity[LSUN] LXUVStellar[LSUN] LXUVFlare[LSUN] LXUVTot[LSUN]
Grid Output Order:

----- BODY: b ----
Active Modules: AtmEsc
Module Bit Sum: 9
Color: 000000
(Mass) Mass [kg]: 9.853662e+24 
(Radius) Radius [m]: 7.234981e+06 
(RadGyra) Radius of Gyration/Moment of Inertia Constant []: 0.500000 
(BodyType) Type of Body (0 == planet) []: 0.000000 
(Density) Average Density [kg/m^3]: 6211.504918 
(HZLimitDryRunaway) Semi-major axis of Dry Runaway HZ Limit [m]: 3.439533e+10 
(HZLimRecVenus) Recent Venus HZ Limit [m]: 3.083680e+10 
(HZLimRunaway) Runaway Greenhouse HZ Limit [m]: 4.065524e+10 
(HZLimMoistGreenhouse) Moist Greenhouse HZ Limit [m]: 4.080216e+10 
(HZLimMaxGreenhouse) Maximum Greenhouse HZ Limit [m]: 7.765989e+10 
(HZLimEarlyMars) Early Mars HZ Limit [m]: 8.469634e+10 
(Instellation) Orbit-averaged INcident STELLar radiATION [kg/sec^3]: 3.602390e+05 
(MeanMotion) Orbital Mean Motion [/sec]: 4.464462e-05 
(OrbPeriod) Orbital Period [sec]: 1.407378e+05 
(SemiMajorAxis) Semi-major Axis [m]: 2.334844e+09 
(LXUVTot) Total XUV Luminosity [kg/sec^3]: -1.000000 
(EscapeVelocity) Escape Velocity [m/sec]: 1.348334e+04 
----- ATMESC PARAMETERS (b)------
(SurfWaterMass) Surface water mass [kg]: 0.000000 
(EnvelopeMass) Envelope mass [kg]: 0.000000 
(OxygenMass) Oxygen mass in the atmosphere [kg]: 0.000000 
(RGLimit) Runaway greenhouse semi-major axis [m]: 3.897150e+10 
(XO) Atomic oxygen mixing ratio in upper atmosphere []: 0.000000 
(EtaO) Oxygen eta parameter (Luger and Barnes 2015) []: 0.000000 
(PlanetRadius) Planet radius [m]: 7.234981e+06 
(OxygenMantleMass) Mass of oxygen in mantle [kg]: 0.000000 
(RadXUV) XUV radius separating hydro. dyn. escape and equilibrium [m]: -1.000000 
(RadSolid) Radius to the solid surface [m]: -1.000000 
(PresXUV) Pressure at base of thermosphere [(null)]: 5.000000 
(ScaleHeight) Scale height in Lehmer & Catling (2016) model [m]: -1.000000 
(ThermTemp) Isothermal atmospheric temperature [K]: 400.000000 
(AtmGasConst) Atmospheric gas constant [(null)]: 4124.000000 
(PresSurf) Surface pressure due to atmosphere [Pa]: -1.000000 
(DEnvMassDt) Envelope Mass Loss Rate [kg/s]: 0.000000 
(FXUV) XUV flux [W/m^2]: 154.830519 
(AtmXAbsEffH2O) XUV atmospheric escape efficiency for H2O []: 0.300000 
(RocheRadius) Roche Lobe Radius [m]: 4.791277e+07 
(BondiRadius) Bondi Radius [m]: 3.141125e+08 
(HEscapeRegime) Integer flag for H envelope escape regime []: 8.000000 
(RRCriticalFlux) Critical XUV Flux that separates RR and energy-limited escape [W/m^2]: 60.196972 
(CrossoverMass) Crossover mass, defines oxygen is escaping if mc > mo [kg]: 0.000000 
(WaterEscapeRegime) What water escape regime the code is currently in []: 8.000000 
(FXUVCRITDRAG) Critical Drag XUV flux [W/m^2]: 0.496776 
(HREFFLUX) The Hydrogen Reference Flux (m^-2 s^-1) [m^-2 s^-1]: 9.923867e+19 
(XO2) Molecular oxygen mixing ratio in atmosphere []: 0.000000 
(XH2O) Water mixing ratio in upper atmosphere []: 0.000000 
(HDiffFlux) The Hydrogen Diffusion Flux (m^-2 s^-1) [m^-2 s^-1]: 2.432824e+17 
(HRefODragMod) Multiply by H ref flux to get flux with drag []: 1.000000 
(KTide) Mass loss enhancement due to stellar gravity []: 0.775217 
(CumulativeXUVFlux) Cumulative XUV flux [W/m^2]: 0.000000 
(RunawayGreenhouseFlux) Incident flux that triggers runaway greenhouse [kg/sec^3]: 1293.034931 
(RGDuration) Runaway Greenhouse Duration [years]: 0.00000e+00

Output Order: Time[year] CumulativeXUVFlux[W/m^2]
Grid Output Order:



---- FINAL SYSTEM PROPERTIES ----
(Age) System Age [sec]: 2.343657e+17 
(Time) Simulation Time [sec]: 2.342521e+17 
(TotAngMom) Total Angular Momentum [kg*m^2/sec]: 1.949713e+42 
(TotEnergy) Total System Energy [kg*m^2/sec^2]: -9.827828e+39 
(PotEnergy) Body's non-orbital Potential Energy [kg*m^2/sec^2]: -4.019201e+40 
(KinEnergy) Body's non-orbital Kinetic Energy [kg*m^2/sec^2]: 5.784196e+32 
(DeltaTime) Average Timestep Over Last Output Interval [sec]: 1.577880e+13 

----- BODY: star ----
Active Modules: FLARE STELLAR
Module Bit Sum: 577
Color: 000000
(Mass) Mass [kg]: 3.800984e+29 
(Radius) Radius [m]: 1.439488e+08 
(RadGyra) Radius of Gyration/Moment of Inertia Constant []: 0.460489 
(RotAngMom) Rotational Angular Momentum [kg*m^2/sec]: 1.389990e+39 
(RotVel) Rotational Velocity [m/sec]: 119.803461 
(BodyType) Type of Body (0 == planet) []: 0.000000 
(RotRate) Rotational Frequency [/sec]: 8.322645e-07 
(RotPer) Rotational Period [sec]: 7.549505e+06 
(Density) Average Density [kg/m^3]: 3.042170e+04 
(HZLimitDryRunaway) Semi-major axis of Dry Runaway HZ Limit [m]: 8.847364e+09 
(HZLimRecVenus) Recent Venus HZ Limit [m]: 7.922176e+09 
(HZLimRunaway) Runaway Greenhouse HZ Limit [m]: 1.045063e+10 
(HZLimMoistGreenhouse) Moist Greenhouse HZ Limit [m]: 1.048234e+10 
(HZLimMaxGreenhouse) Maximum Greenhouse HZ Limit [m]: 1.990218e+10 
(HZLimEarlyMars) Early Mars HZ Limit [m]: 2.170552e+10 
(Instellation) Orbit-averaged INcident STELLar radiATION [kg/sec^3]: -1.000000 
(CriticalSemiMajorAxis) Holman & Wiegert (1999) P-type Critical Semi-major Axis [m]: -1.000000 
(LXUVTot) Total XUV Luminosity [LSUN]: 6.813121e-07 
(LostEnergy) Body's Total Lost Energy [kg*m^2/sec^2]: 3.036423e+40 
(LostAngMom) Lost Angular Momentum due to Magnetic Braking [kg*m^2/sec]: 1.945925e+42 
(EscapeVelocity) Escape Velocity [m/sec]: 5.936920e+05 
----- STELLAR PARAMETERS (star)------
(Luminosity) Luminosity [LSUN]: 0.004246 
(LXUVStellar) Base X-ray/XUV Luminosity [LSUN]: 3.004106e-07 
(Temperature) Effective Temperature [K]: 3236.237302 
(LXUVFrac) Fraction of luminosity in XUV []: 7.075853e-05 
(RossbyNumber) Rossby Number []: 1.458707 
(DRotPerDtStellar) Time Rate of Change of Rotation Period in STELLAR []: 1.506570e-11 
(WindTorque) Stellar Wind Torque []: 2.773848e+21 
----- FLARE PARAMETERS (star)------
(LXUVFlare) XUV Luminosity from flares [LSUN]: 3.808975e-07 
(FlareFreq1) First value of flare frequency range [/sec]: 8.469121e-05 
(FlareFreq2) Second value of flare frequency range [/sec]: 6.586553e-05 
(FlareFreq3) Third value of flare frequency range [/sec]: 5.122453e-05 
(FlareFreq4) Fourth value of flare frequency range [/sec]: 3.983802e-05 
(FlareFreqMin) Frequency of the flares with the lowest energy [/sec]: 8.469121e-05 
(FlareFreqMid) Frequency of the flares with the middle energy in the energy range [/sec]: 6.855456e-06 
(FlareFreqMax) Frequency of the flares with the highest energy [/sec]: 5.549251e-07 
(FlareEnergy1) First value of flare energy range [kg*m^2/sec^2]: 5.334000e+23 
(FlareEnergy2) Second value of flare energy range [kg*m^2/sec^2]: 6.715108e+23 
(FlareEnergy3) Third value of flare energy range [kg*m^2/sec^2]: 8.453820e+23 
(FlareEnergy4) Fourth value of flare energy range [kg*m^2/sec^2]: 1.064273e+24 
(FlareEnergyMin) Minimum flare energy [kg*m^2/sec^2]: 5.334000e+23 
(FlareEnergyMid) Middle flare energy in the range of energy values [kg*m^2/sec^2]: 5.334000e+24 
(FlareEnergyMax) Maximum flare energy [kg*m^2/sec^2]: 5.334000e+25 
(FlareYIntOUT) Instantaneous Davenport FFD y-intercept at current age and mass []: 34.412210 
(FlareSlopeOUT) Instantaneous Davenport FFD slope at current age and mass []: -1.091802 

Output Order: Time[year] Luminosity[LSUN] LXUVStellar[LSUN] LXUVFlare[LSUN] LXUVTot[LSUN]
Grid Output Order:

----- BODY: b ----
Active Modules: AtmEsc
Module Bit Sum: 9
Color: 000000
(Mass) Mass [kg]: 9.853662e+24 
(Radius) Radius [m]: 7.234981e+06 
(RadGyra) Radius of Gyration/Moment of Inertia Constant []: 0.500000 
(BodyType) Type of Body (0 == planet) []: 0.000000 
(Density) Average Density [kg/m^3]: 6211.504918 
(HZLimitDryRunaway) Semi-major axis of Dry Runaway HZ Limit [m]: 8.847381e+09 
(HZLimRecVenus) Recent Venus HZ Limit [m]: 7.922176e+09 
(HZLimRunaway) Runaway Greenhouse HZ Limit [m]: 1.045063e+10 
(HZLimMoistGreenhouse) Moist Greenhouse HZ Limit [m]: 1.048234e+10 
(HZLimMaxGreenhouse) Maximum Greenhouse HZ Limit [m]: 1.990218e+10 
(HZLimEarlyMars) Early Mars HZ Limit [m]: 2.170552e+10 
(Instellation) Orbit-averaged INcident STELLar radiATION [kg/sec^3]: 2.383533e+04 
(MeanMotion) Orbital Mean Motion [/sec]: 4.464462e-05 
(OrbPeriod) Orbital Period [sec]: 1.407378e+05 
(SemiMajorAxis) Semi-major Axis [m]: 2.334844e+09 
(LXUVTot) Total XUV Luminosity [kg/sec^3]: -1.000000 
(EscapeVelocity) Escape Velocity [m/sec]: 1.348334e+04 
----- ATMESC PARAMETERS (b)------
(SurfWaterMass) Surface water mass [kg]: 0.000000 
(EnvelopeMass) Envelope mass [kg]: 0.000000 
(OxygenMass) Oxygen mass in the atmosphere [kg]: 0.000000 
(RGLimit) Runaway greenhouse semi-major axis [m]: 1.001802e+10 
(XO) Atomic oxygen mixing ratio in upper atmosphere []: 0.000000 
(EtaO) Oxygen eta parameter (Luger and Barnes 2015) []: 0.000000 
(PlanetRadius) Planet radius [m]: 7.234981e+06 
(OxygenMantleMass) Mass of oxygen in mantle [kg]: 0.000000 
(RadXUV) XUV radius separating hydro. dyn. escape and equilibrium [m]: -1.000000 
(RadSolid) Radius to the solid surface [m]: -1.000000 
(PresXUV) Pressure at base of thermosphere [(null)]: 5.000000 
(ScaleHeight) Scale height in Lehmer & Catling (2016) model [m]: -1.000000 
(ThermTemp) Isothermal atmospheric temperature [K]: 400.000000 
(AtmGasConst) Atmospheric gas constant [(null)]: 4124.000000 
(PresSurf) Surface pressure due to atmosphere [Pa]: -1.000000 
(DEnvMassDt) Envelope Mass Loss Rate [kg/s]: 0.000000 
(FXUV) XUV flux [W/m^2]: 3.824994 
(AtmXAbsEffH2O) XUV atmospheric escape efficiency for H2O []: 0.300000 
(RocheRadius) Roche Lobe Radius [m]: 4.791277e+07 
(BondiRadius) Bondi Radius [m]: 6.199332e+08 
(HEscapeRegime) Integer flag for H envelope escape regime []: 8.000000 
(RRCriticalFlux) Critical XUV Flux that separates RR and energy-limited escape [W/m^2]: 60.196972 
(CrossoverMass) Crossover mass, defines oxygen is escaping if mc > mo [kg]: 0.000000 
(WaterEscapeRegime) What water escape regime the code is currently in []: 8.000000 
(FXUVCRITDRAG) Critical Drag XUV flux [W/m^2]: 0.496776 
(HREFFLUX) The Hydrogen Reference Flux (m^-2 s^-1) [m^-2 s^-1]: 2.451631e+18 
(XO2) Molecular oxygen mixing ratio in atmosphere []: 0.000000 
(XH2O) Water mixing ratio in upper atmosphere []: 0.000000 
(HDiffFlux) The Hydrogen Diffusion Flux (m^-2 s^-1) [m^-2 s^-1]: 2.432824e+17 
(HRefODragMod) Multiply by H ref flux to get flux with drag []: 1.000000 
(KTide) Mass loss enhancement due to stellar gravity []: 0.775217 
(CumulativeXUVFlux) Cumulative XUV flux [W/m^2]: 1.861160e+18 
(RunawayGreenhouseFlux) Incident flux that triggers runaway greenhouse [kg/sec^3]: 1294.705189 
(RGDuration) Runaway Greenhouse Duration [years]: 0.00000e+00

Output Order: Time[year] CumulativeXUVFlux[W/m^2]
Grid Output Order:
