-------- Log file gj1132.log -------

Executable: /home/vplanet/.local/bin/vplanet
Version: Unknown
System Name: gj1132
Primary Input File: vpl.in
Body File #1: star.in
Body File #2: b.in
Allow files to be overwitten: Yes
Mass Units: Grams
Length Units: Meters
Time Units: Seconds
Angle Units: Radians

------- FORMATTING -----
Verbosity Level: 5
Crossover Decade for Scientific Notation: 4
Number of Digits After Decimal: 6
Integration Method: Runge-Kutta4
Direction: Forward
Time Step: 3.155760e+07
Stop Time: 2.123785e+17
Output Interval: 3.155760e+13
Use Variable Timestep: Yes
dEta: 0.010000
Minimum Value of ecc and obl: 1.000000e-10


---- INITIAL SYSTEM PROPERTIES ----
(Age) System Age [sec]: 1.465394e+14 
(Time) Simulation Time [sec]: 0.000000 
(TotAngMom) Total Angular Momentum [kg*m^2/sec]: 1.570955e+42 
(TotEnergy) Total System Energy [kg*m^2/sec^2]: -1.061827e+40 
(PotEnergy) Body's non-orbital Potential Energy [kg*m^2/sec^2]: -1.067526e+40 
(KinEnergy) Body's non-orbital Kinetic Energy [kg*m^2/sec^2]: 5.703717e+37 
(DeltaTime) Average Timestep Over Last Output Interval [sec]: 0.000000 

----- BODY: star ----
Active Modules: FLARE STELLAR
Module Bit Sum: 577
Color: 000000
(Mass) Mass [kg]: 3.747398e+29 
(Radius) Radius [m]: 5.267893e+08 
(RadGyra) Radius of Gyration/Moment of Inertia Constant []: 0.455435 
(RotAngMom) Rotational Angular Momentum [kg*m^2/sec]: 1.568635e+42 
(RotVel) Rotational Velocity [m/sec]: 3.830920e+04 
(BodyType) Type of Body (0 == planet) []: 0.000000 
(RotRate) Rotational Frequency [/sec]: 7.272205e-05 
(RotPer) Rotational Period [sec]: 8.640000e+04 
(Density) Average Density [kg/m^3]: 611.970327 
(HZLimitDryRunaway) Semi-major axis of Dry Runaway HZ Limit [m]: 3.127388e+10 
(HZLimRecVenus) Recent Venus HZ Limit [m]: 2.803146e+10 
(HZLimRunaway) Runaway Greenhouse HZ Limit [m]: 3.696092e+10 
(HZLimMoistGreenhouse) Moist Greenhouse HZ Limit [m]: 3.709024e+10 
(HZLimMaxGreenhouse) Maximum Greenhouse HZ Limit [m]: 7.056013e+10 
(HZLimEarlyMars) Early Mars HZ Limit [m]: 7.695335e+10 
(Instellation) Orbit-averaged INcident STELLar radiATION [kg/sec^3]: -1.000000 
(CriticalSemiMajorAxis) Holman & Wiegert (1999) P-type Critical Semi-major Axis [m]: -1.000000 
(LXUVTot) Total XUV Luminosity [LSUN]: 4.728856e-05 
(LostEnergy) Body's Total Lost Energy [kg*m^2/sec^2]: 5.562685e-309 
(LostAngMom) Lost Angular Momentum due to Magnetic Braking [kg*m^2/sec]: 5.562685e-309 
(EscapeVelocity) Escape Velocity [m/sec]: 3.081511e+05 
----- STELLAR PARAMETERS (star)------
(Luminosity) Luminosity [LSUN]: 0.053048 
(LXUVStellar) Base X-ray/XUV Luminosity [LSUN]: 4.648541e-05 
(Temperature) Effective Temperature [K]: 3184.384260 
(LXUVFrac) Fraction of luminosity in XUV []: 0.000876 
(RossbyNumber) Rossby Number []: 0.016257 
(DRotPerDtStellar) Time Rate of Change of Rotation Period in STELLAR []: -1.185997e-10 
(WindTorque) Stellar Wind Torque []: 5.659691e+27 
----- FLARE PARAMETERS (star)------
(LXUVFlare) XUV Luminosity from flares [LSUN]: 8.031508e-07 
(FlareFreq1) First value of flare frequency range [/sec]: 3.148290e-05 
(FlareFreq2) Second value of flare frequency range [/sec]: 2.731038e-05 
(FlareFreq3) Third value of flare frequency range [/sec]: 2.369086e-05 
(FlareFreq4) Fourth value of flare frequency range [/sec]: 2.055105e-05 
(FlareFreqMin) Frequency of the flares with the lowest energy [/sec]: 3.148290e-05 
(FlareFreqMid) Frequency of the flares with the middle energy in the energy range [/sec]: 7.596359e-06 
(FlareFreqMax) Frequency of the flares with the highest energy [/sec]: 1.832889e-06 
(FlareEnergy1) First value of flare energy range [kg*m^2/sec^2]: 5.334000e+23 
(FlareEnergy2) Second value of flare energy range [kg*m^2/sec^2]: 6.715108e+23 
(FlareEnergy3) Third value of flare energy range [kg*m^2/sec^2]: 8.453820e+23 
(FlareEnergy4) Fourth value of flare energy range [kg*m^2/sec^2]: 1.064273e+24 
(FlareEnergyMin) Minimum flare energy [kg*m^2/sec^2]: 5.334000e+23 
(FlareEnergyMid) Middle flare energy in the range of energy values [kg*m^2/sec^2]: 5.334000e+24 
(FlareEnergyMax) Maximum flare energy [kg*m^2/sec^2]: 5.334000e+25 
(FlareYIntOUT) Instantaneous Davenport FFD y-intercept at current age and mass []: 19.407598 
(FlareSlopeOUT) Instantaneous Davenport FFD slope at current age and mass []: -0.617469 

Output Order: Time[year] Luminosity[LSUN] LXUVStellar[LSUN] LXUVFlare[LSUN] LXUVTot[LSUN]
Grid Output Order:

----- BODY: b ----
Active Modules: AtmEsc
Module Bit Sum: 9
Color: 000000
(Mass) Mass [kg]: 9.623415e+24 
(Radius) Radius [m]: 7.202705e+06 
(RadGyra) Radius of Gyration/Moment of Inertia Constant []: 0.500000 
(BodyType) Type of Body (0 == planet) []: 0.000000 
(Density) Average Density [kg/m^3]: 6148.280332 
(HZLimitDryRunaway) Semi-major axis of Dry Runaway HZ Limit [m]: 3.127403e+10 
(HZLimRecVenus) Recent Venus HZ Limit [m]: 2.803146e+10 
(HZLimRunaway) Runaway Greenhouse HZ Limit [m]: 3.696092e+10 
(HZLimMoistGreenhouse) Moist Greenhouse HZ Limit [m]: 3.709024e+10 
(HZLimMaxGreenhouse) Maximum Greenhouse HZ Limit [m]: 7.056013e+10 
(HZLimEarlyMars) Early Mars HZ Limit [m]: 7.695335e+10 
(Instellation) Orbit-averaged INcident STELLar radiATION [kg/sec^3]: 3.006533e+05 
(MeanMotion) Orbital Mean Motion [/sec]: 4.464439e-05 
(OrbPeriod) Orbital Period [sec]: 1.407385e+05 
(SemiMajorAxis) Semi-major Axis [m]: 2.323828e+09 
(LXUVTot) Total XUV Luminosity [kg/sec^3]: -1.000000 
(EscapeVelocity) Escape Velocity [m/sec]: 1.335470e+04 
----- ATMESC PARAMETERS (b)------
(SurfWaterMass) Surface water mass [kg]: 0.000000 
(EnvelopeMass) Envelope mass [kg]: 0.000000 
(OxygenMass) Oxygen mass in the atmosphere [kg]: 0.000000 
(RGLimit) Runaway greenhouse semi-major axis [m]: 3.544958e+10 
(XO) Atomic oxygen mixing ratio in upper atmosphere []: 0.000000 
(EtaO) Oxygen eta parameter (Luger and Barnes 2015) []: 0.000000 
(PlanetRadius) Planet radius [m]: 7.202705e+06 
(OxygenMantleMass) Mass of oxygen in mantle [kg]: 0.000000 
(RadXUV) XUV radius separating hydro. dyn. escape and equilibrium [m]: -1.000000 
(RadSolid) Radius to the solid surface [m]: -1.000000 
(PresXUV) Pressure at base of thermosphere [(null)]: 5.000000 
(ScaleHeight) Scale height in Lehmer & Catling (2016) model [m]: -1.000000 
(ThermTemp) Isothermal atmospheric temperature [K]: 400.000000 
(AtmGasConst) Atmospheric gas constant [(null)]: 4124.000000 
(PresSurf) Surface pressure due to atmosphere [Pa]: -1.000000 
(DEnvMassDt) Envelope Mass Loss Rate [kg/s]: 0.000000 
(FXUV) XUV flux [W/m^2]: 268.009276 
(AtmXAbsEffH2O) XUV atmospheric escape efficiency for H2O []: 0.300000 
(RocheRadius) Roche Lobe Radius [m]: 4.753680e+07 
(BondiRadius) Bondi Radius [m]: 3.224065e+08 
(HEscapeRegime) Integer flag for H envelope escape regime []: 8.000000 
(RRCriticalFlux) Critical XUV Flux that separates RR and energy-limited escape [W/m^2]: 58.078629 
(CrossoverMass) Crossover mass, defines oxygen is escaping if mc > mo [kg]: 0.000000 
(WaterEscapeRegime) What water escape regime the code is currently in []: 8.000000 
(FXUVCRITDRAG) Critical Drag XUV flux [W/m^2]: 0.480230 
(HREFFLUX) The Hydrogen Reference Flux (m^-2 s^-1) [m^-2 s^-1]: 1.752767e+20 
(XO2) Molecular oxygen mixing ratio in atmosphere []: 0.000000 
(XH2O) Water mixing ratio in upper atmosphere []: 0.000000 
(HDiffFlux) The Hydrogen Diffusion Flux (m^-2 s^-1) [m^-2 s^-1]: 2.397319e+17 
(HRefODragMod) Multiply by H ref flux to get flux with drag []: 1.000000 
(KTide) Mass loss enhancement due to stellar gravity []: 0.774461 
(CumulativeXUVFlux) Cumulative XUV flux [W/m^2]: 0.000000 
(RunawayGreenhouseFlux) Incident flux that triggers runaway greenhouse [kg/sec^3]: 1291.954658 
(RGDuration) Runaway Greenhouse Duration [years]: 0.00000e+00

Output Order: Time[year] CumulativeXUVFlux[W/m^2]
Grid Output Order:



---- FINAL SYSTEM PROPERTIES ----
(Age) System Age [sec]: 2.125292e+17 
(Time) Simulation Time [sec]: 2.123826e+17 
(TotAngMom) Total Angular Momentum [kg*m^2/sec]: 1.571305e+42 
(TotEnergy) Total System Energy [kg*m^2/sec^2]: -1.062110e+40 
(PotEnergy) Body's non-orbital Potential Energy [kg*m^2/sec^2]: -3.972741e+40 
(KinEnergy) Body's non-orbital Kinetic Energy [kg*m^2/sec^2]: 6.267895e+32 
(DeltaTime) Average Timestep Over Last Output Interval [sec]: 1.577880e+13 

----- BODY: star ----
Active Modules: FLARE STELLAR
Module Bit Sum: 577
Color: 000000
(Mass) Mass [kg]: 3.747398e+29 
(Radius) Radius [m]: 1.415550e+08 
(RadGyra) Radius of Gyration/Moment of Inertia Constant []: 0.460598 
(RotAngMom) Rotational Angular Momentum [kg*m^2/sec]: 1.413149e+39 
(RotVel) Rotational Velocity [m/sec]: 125.570892 
(BodyType) Type of Body (0 == planet) []: 0.000000 
(RotRate) Rotational Frequency [/sec]: 8.870822e-07 
(RotPer) Rotational Period [sec]: 7.082980e+06 
(Density) Average Density [kg/m^3]: 3.154030e+04 
(HZLimitDryRunaway) Semi-major axis of Dry Runaway HZ Limit [m]: 8.698466e+09 
(HZLimRecVenus) Recent Venus HZ Limit [m]: 7.789816e+09 
(HZLimRunaway) Runaway Greenhouse HZ Limit [m]: 1.027544e+10 
(HZLimMoistGreenhouse) Moist Greenhouse HZ Limit [m]: 1.030721e+10 
(HZLimMaxGreenhouse) Maximum Greenhouse HZ Limit [m]: 1.957442e+10 
(HZLimEarlyMars) Early Mars HZ Limit [m]: 2.134806e+10 
(Instellation) Orbit-averaged INcident STELLar radiATION [kg/sec^3]: -1.000000 
(CriticalSemiMajorAxis) Holman & Wiegert (1999) P-type Critical Semi-major Axis [m]: -1.000000 
(LXUVTot) Total XUV Luminosity [LSUN]: 6.435030e-07 
(LostEnergy) Body's Total Lost Energy [kg*m^2/sec^2]: 2.910636e+40 
(LostAngMom) Lost Angular Momentum due to Magnetic Braking [kg*m^2/sec]: 1.567572e+42 
(EscapeVelocity) Escape Velocity [m/sec]: 5.944558e+05 
----- STELLAR PARAMETERS (star)------
(Luminosity) Luminosity [LSUN]: 0.004104 
(LXUVStellar) Base X-ray/XUV Luminosity [LSUN]: 2.642915e-07 
(Temperature) Effective Temperature [K]: 3229.861153 
(LXUVFrac) Fraction of luminosity in XUV []: 6.440049e-05 
(RossbyNumber) Rossby Number []: 1.364103 
(DRotPerDtStellar) Time Rate of Change of Rotation Period in STELLAR []: 1.876770e-11 
(WindTorque) Stellar Wind Torque []: 3.522604e+21 
----- FLARE PARAMETERS (star)------
(LXUVFlare) XUV Luminosity from flares [LSUN]: 3.792071e-07 
(FlareFreq1) First value of flare frequency range [/sec]: 8.239234e-05 
(FlareFreq2) Second value of flare frequency range [/sec]: 6.418121e-05 
(FlareFreq3) Third value of flare frequency range [/sec]: 4.999527e-05 
(FlareFreq4) Fourth value of flare frequency range [/sec]: 3.894484e-05 
(FlareFreqMin) Frequency of the flares with the lowest energy [/sec]: 8.239234e-05 
(FlareFreqMid) Frequency of the flares with the middle energy in the energy range [/sec]: 6.777932e-06 
(FlareFreqMax) Frequency of the flares with the highest energy [/sec]: 5.575805e-07 
(FlareEnergy1) First value of flare energy range [kg*m^2/sec^2]: 5.334000e+23 
(FlareEnergy2) Second value of flare energy range [kg*m^2/sec^2]: 6.715108e+23 
(FlareEnergy3) Third value of flare energy range [kg*m^2/sec^2]: 8.453820e+23 
(FlareEnergy4) Fourth value of flare energy range [kg*m^2/sec^2]: 1.064273e+24 
(FlareEnergyMin) Minimum flare energy [kg*m^2/sec^2]: 5.334000e+23 
(FlareEnergyMid) Middle flare energy in the range of energy values [kg*m^2/sec^2]: 5.334000e+24 
(FlareEnergyMax) Maximum flare energy [kg*m^2/sec^2]: 5.334000e+25 
(FlareYIntOUT) Instantaneous Davenport FFD y-intercept at current age and mass []: 34.184788 
(FlareSlopeOUT) Instantaneous Davenport FFD slope at current age and mass []: -1.084790 

Output Order: Time[year] Luminosity[LSUN] LXUVStellar[LSUN] LXUVFlare[LSUN] LXUVTot[LSUN]
Grid Output Order:

----- BODY: b ----
Active Modules: AtmEsc
Module Bit Sum: 9
Color: 000000
(Mass) Mass [kg]: 9.623415e+24 
(Radius) Radius [m]: 7.202705e+06 
(RadGyra) Radius of Gyration/Moment of Inertia Constant []: 0.500000 
(BodyType) Type of Body (0 == planet) []: 0.000000 
(Density) Average Density [kg/m^3]: 6148.280332 
(HZLimitDryRunaway) Semi-major axis of Dry Runaway HZ Limit [m]: 8.698509e+09 
(HZLimRecVenus) Recent Venus HZ Limit [m]: 7.789816e+09 
(HZLimRunaway) Runaway Greenhouse HZ Limit [m]: 1.027544e+10 
(HZLimMoistGreenhouse) Moist Greenhouse HZ Limit [m]: 1.030721e+10 
(HZLimMaxGreenhouse) Maximum Greenhouse HZ Limit [m]: 1.957442e+10 
(HZLimEarlyMars) Early Mars HZ Limit [m]: 2.134806e+10 
(Instellation) Orbit-averaged INcident STELLar radiATION [kg/sec^3]: 2.325882e+04 
(MeanMotion) Orbital Mean Motion [/sec]: 4.464439e-05 
(OrbPeriod) Orbital Period [sec]: 1.407385e+05 
(SemiMajorAxis) Semi-major Axis [m]: 2.323828e+09 
(LXUVTot) Total XUV Luminosity [kg/sec^3]: -1.000000 
(EscapeVelocity) Escape Velocity [m/sec]: 1.335470e+04 
----- ATMESC PARAMETERS (b)------
(SurfWaterMass) Surface water mass [kg]: 0.000000 
(EnvelopeMass) Envelope mass [kg]: 0.000000 
(OxygenMass) Oxygen mass in the atmosphere [kg]: 0.000000 
(RGLimit) Runaway greenhouse semi-major axis [m]: 9.855419e+09 
(XO) Atomic oxygen mixing ratio in upper atmosphere []: 0.000000 
(EtaO) Oxygen eta parameter (Luger and Barnes 2015) []: 0.000000 
(PlanetRadius) Planet radius [m]: 7.202705e+06 
(OxygenMantleMass) Mass of oxygen in mantle [kg]: 0.000000 
(RadXUV) XUV radius separating hydro. dyn. escape and equilibrium [m]: -1.000000 
(RadSolid) Radius to the solid surface [m]: -1.000000 
(PresXUV) Pressure at base of thermosphere [(null)]: 5.000000 
(ScaleHeight) Scale height in Lehmer & Catling (2016) model [m]: -1.000000 
(ThermTemp) Isothermal atmospheric temperature [K]: 400.000000 
(AtmGasConst) Atmospheric gas constant [(null)]: 4124.000000 
(PresSurf) Surface pressure due to atmosphere [Pa]: -1.000000 
(DEnvMassDt) Envelope Mass Loss Rate [kg/s]: 0.000000 
(FXUV) XUV flux [W/m^2]: 3.647072 
(AtmXAbsEffH2O) XUV atmospheric escape efficiency for H2O []: 0.300000 
(RocheRadius) Roche Lobe Radius [m]: 4.753680e+07 
(BondiRadius) Bondi Radius [m]: 6.131988e+08 
(HEscapeRegime) Integer flag for H envelope escape regime []: 8.000000 
(RRCriticalFlux) Critical XUV Flux that separates RR and energy-limited escape [W/m^2]: 58.078629 
(CrossoverMass) Crossover mass, defines oxygen is escaping if mc > mo [kg]: 0.000000 
(WaterEscapeRegime) What water escape regime the code is currently in []: 8.000000 
(FXUVCRITDRAG) Critical Drag XUV flux [W/m^2]: 0.480230 
(HREFFLUX) The Hydrogen Reference Flux (m^-2 s^-1) [m^-2 s^-1]: 2.385167e+18 
(XO2) Molecular oxygen mixing ratio in atmosphere []: 0.000000 
(XH2O) Water mixing ratio in upper atmosphere []: 0.000000 
(HDiffFlux) The Hydrogen Diffusion Flux (m^-2 s^-1) [m^-2 s^-1]: 2.397319e+17 
(HRefODragMod) Multiply by H ref flux to get flux with drag []: 1.000000 
(KTide) Mass loss enhancement due to stellar gravity []: 0.774461 
(CumulativeXUVFlux) Cumulative XUV flux [W/m^2]: 2.465896e+18 
(RunawayGreenhouseFlux) Incident flux that triggers runaway greenhouse [kg/sec^3]: 1293.126889 
(RGDuration) Runaway Greenhouse Duration [years]: 0.00000e+00

Output Order: Time[year] CumulativeXUVFlux[W/m^2]
Grid Output Order:
