-------- Log file gj1132.log -------

Executable: /home/vplanet/.local/bin/vplanet
Version: Unknown
System Name: gj1132
Primary Input File: vpl.in
Body File #1: star.in
Body File #2: b.in
Allow files to be overwitten: Yes
Mass Units: Grams
Length Units: Meters
Time Units: Seconds
Angle Units: Radians

------- FORMATTING -----
Verbosity Level: 5
Crossover Decade for Scientific Notation: 4
Number of Digits After Decimal: 6
Integration Method: Runge-Kutta4
Direction: Forward
Time Step: 3.155760e+07
Stop Time: 2.228407e+17
Output Interval: 3.155760e+13
Use Variable Timestep: Yes
dEta: 0.010000
Minimum Value of ecc and obl: 1.000000e-10


---- INITIAL SYSTEM PROPERTIES ----
(Age) System Age [sec]: 1.880736e+14 
(Time) Simulation Time [sec]: 0.000000 
(TotAngMom) Total Angular Momentum [kg*m^2/sec]: 1.365236e+42 
(TotEnergy) Total System Energy [kg*m^2/sec^2]: -1.217577e+40 
(PotEnergy) Body's non-orbital Potential Energy [kg*m^2/sec^2]: -1.222527e+40 
(KinEnergy) Body's non-orbital Kinetic Energy [kg*m^2/sec^2]: 4.955319e+37 
(DeltaTime) Average Timestep Over Last Output Interval [sec]: 0.000000 

----- BODY: star ----
Active Modules: FLARE STELLAR
Module Bit Sum: 577
Color: 000000
(Mass) Mass [kg]: 3.842924e+29 
(Radius) Radius [m]: 4.837500e+08 
(RadGyra) Radius of Gyration/Moment of Inertia Constant []: 0.456492 
(RotAngMom) Rotational Angular Momentum [kg*m^2/sec]: 1.362811e+42 
(RotVel) Rotational Velocity [m/sec]: 3.517929e+04 
(BodyType) Type of Body (0 == planet) []: 0.000000 
(RotRate) Rotational Frequency [/sec]: 7.272205e-05 
(RotPer) Rotational Period [sec]: 8.640000e+04 
(Density) Average Density [kg/m^3]: 810.420361 
(HZLimitDryRunaway) Semi-major axis of Dry Runaway HZ Limit [m]: 2.920988e+10 
(HZLimRecVenus) Recent Venus HZ Limit [m]: 2.616833e+10 
(HZLimRunaway) Runaway Greenhouse HZ Limit [m]: 3.451234e+10 
(HZLimMoistGreenhouse) Moist Greenhouse HZ Limit [m]: 3.462500e+10 
(HZLimMaxGreenhouse) Maximum Greenhouse HZ Limit [m]: 6.580461e+10 
(HZLimEarlyMars) Early Mars HZ Limit [m]: 7.176706e+10 
(Instellation) Orbit-averaged INcident STELLar radiATION [kg/sec^3]: -1.000000 
(CriticalSemiMajorAxis) Holman & Wiegert (1999) P-type Critical Semi-major Axis [m]: -1.000000 
(LXUVTot) Total XUV Luminosity [LSUN]: 0.000590 
(LostEnergy) Body's Total Lost Energy [kg*m^2/sec^2]: 5.562685e-309 
(LostAngMom) Lost Angular Momentum due to Magnetic Braking [kg*m^2/sec]: 5.562685e-309 
(EscapeVelocity) Escape Velocity [m/sec]: 3.256399e+05 
----- STELLAR PARAMETERS (star)------
(Luminosity) Luminosity [LSUN]: 0.046277 
(LXUVStellar) Base X-ray/XUV Luminosity [LSUN]: 0.000579 
(Temperature) Effective Temperature [K]: 3210.614405 
(LXUVFrac) Fraction of luminosity in XUV []: 0.012512 
(RossbyNumber) Rossby Number []: 0.016476 
(DRotPerDtStellar) Time Rate of Change of Rotation Period in STELLAR []: -1.322942e-10 
(WindTorque) Stellar Wind Torque []: 3.532531e+27 
----- FLARE PARAMETERS (star)------
(LXUVFlare) XUV Luminosity from flares [LSUN]: 1.099924e-05 
(FlareFreq1) First value of flare frequency range [/sec]: 1.796105e-06 
(FlareFreq2) Second value of flare frequency range [/sec]: 1.443348e-06 
(FlareFreq3) Third value of flare frequency range [/sec]: 1.159873e-06 
(FlareFreq4) Fourth value of flare frequency range [/sec]: 9.320730e-07 
(FlareFreqMin) Frequency of the flares with the lowest energy [/sec]: 1.796105e-06 
(FlareFreqMid) Frequency of the flares with the middle energy in the energy range [/sec]: 2.017092e-07 
(FlareFreqMax) Frequency of the flares with the highest energy [/sec]: 2.265268e-08 
(FlareEnergy1) First value of flare energy range [kg*m^2/sec^2]: 5.334000e+25 
(FlareEnergy2) Second value of flare energy range [kg*m^2/sec^2]: 7.534475e+25 
(FlareEnergy3) Third value of flare energy range [kg*m^2/sec^2]: 1.064273e+26 
(FlareEnergy4) Fourth value of flare energy range [kg*m^2/sec^2]: 1.503325e+26 
(FlareEnergyMin) Minimum flare energy [kg*m^2/sec^2]: 5.334000e+25 
(FlareEnergyMid) Middle flare energy in the range of energy values [kg*m^2/sec^2]: 1.686759e+27 
(FlareEnergyMax) Maximum flare energy [kg*m^2/sec^2]: 5.334000e+28 
(FlareYIntOUT) Instantaneous Davenport FFD y-intercept at current age and mass []: 19.909384 
(FlareSlopeOUT) Instantaneous Davenport FFD slope at current age and mass []: -0.633071 

Output Order: Time[year] Luminosity[LSUN] LXUVStellar[LSUN] LXUVFlare[LSUN] LXUVTot[LSUN]
Grid Output Order:

----- BODY: b ----
Active Modules: AtmEsc
Module Bit Sum: 9
Color: 000000
(Mass) Mass [kg]: 9.893934e+24 
(Radius) Radius [m]: 7.264184e+06 
(RadGyra) Radius of Gyration/Moment of Inertia Constant []: 0.500000 
(BodyType) Type of Body (0 == planet) []: 0.000000 
(Density) Average Density [kg/m^3]: 6161.975642 
(HZLimitDryRunaway) Semi-major axis of Dry Runaway HZ Limit [m]: 2.921038e+10 
(HZLimRecVenus) Recent Venus HZ Limit [m]: 2.616833e+10 
(HZLimRunaway) Runaway Greenhouse HZ Limit [m]: 3.451234e+10 
(HZLimMoistGreenhouse) Moist Greenhouse HZ Limit [m]: 3.462500e+10 
(HZLimMaxGreenhouse) Maximum Greenhouse HZ Limit [m]: 6.580461e+10 
(HZLimEarlyMars) Early Mars HZ Limit [m]: 7.176706e+10 
(Instellation) Orbit-averaged INcident STELLar radiATION [kg/sec^3]: 2.579087e+05 
(MeanMotion) Orbital Mean Motion [/sec]: 4.464336e-05 
(OrbPeriod) Orbital Period [sec]: 1.407418e+05 
(SemiMajorAxis) Semi-major Axis [m]: 2.343444e+09 
(LXUVTot) Total XUV Luminosity [kg/sec^3]: -1.000000 
(EscapeVelocity) Escape Velocity [m/sec]: 1.348368e+04 
----- ATMESC PARAMETERS (b)------
(SurfWaterMass) Surface water mass [kg]: 0.000000 
(EnvelopeMass) Envelope mass [kg]: 0.000000 
(OxygenMass) Oxygen mass in the atmosphere [kg]: 0.000000 
(RGLimit) Runaway greenhouse semi-major axis [m]: 3.307998e+10 
(XO) Atomic oxygen mixing ratio in upper atmosphere []: 0.000000 
(EtaO) Oxygen eta parameter (Luger and Barnes 2015) []: 0.000000 
(PlanetRadius) Planet radius [m]: 7.264184e+06 
(OxygenMantleMass) Mass of oxygen in mantle [kg]: 0.000000 
(RadXUV) XUV radius separating hydro. dyn. escape and equilibrium [m]: -1.000000 
(RadSolid) Radius to the solid surface [m]: -1.000000 
(PresXUV) Pressure at base of thermosphere [(null)]: 5.000000 
(ScaleHeight) Scale height in Lehmer & Catling (2016) model [m]: -1.000000 
(ThermTemp) Isothermal atmospheric temperature [K]: 400.000000 
(AtmGasConst) Atmospheric gas constant [(null)]: 4124.000000 
(PresSurf) Surface pressure due to atmosphere [Pa]: -1.000000 
(DEnvMassDt) Envelope Mass Loss Rate [kg/s]: 0.000000 
(FXUV) XUV flux [W/m^2]: 3288.262243 
(AtmXAbsEffH2O) XUV atmospheric escape efficiency for H2O []: 0.300000 
(RocheRadius) Roche Lobe Radius [m]: 4.797885e+07 
(BondiRadius) Bondi Radius [m]: 3.416359e+08 
(HEscapeRegime) Integer flag for H envelope escape regime []: 8.000000 
(RRCriticalFlux) Critical XUV Flux that separates RR and energy-limited escape [W/m^2]: 59.870231 
(CrossoverMass) Crossover mass, defines oxygen is escaping if mc > mo [kg]: 0.000000 
(WaterEscapeRegime) What water escape regime the code is currently in []: 8.000000 
(FXUVCRITDRAG) Critical Drag XUV flux [W/m^2]: 0.494829 
(HREFFLUX) The Hydrogen Reference Flux (m^-2 s^-1) [m^-2 s^-1]: 2.109104e+21 
(XO2) Molecular oxygen mixing ratio in atmosphere []: 0.000000 
(XH2O) Water mixing ratio in upper atmosphere []: 0.000000 
(HDiffFlux) The Hydrogen Diffusion Flux (m^-2 s^-1) [m^-2 s^-1]: 2.423166e+17 
(HRefODragMod) Multiply by H ref flux to get flux with drag []: 1.000000 
(KTide) Mass loss enhancement due to stellar gravity []: 0.774630 
(CumulativeXUVFlux) Cumulative XUV flux [W/m^2]: 0.000000 
(RunawayGreenhouseFlux) Incident flux that triggers runaway greenhouse [kg/sec^3]: 1294.283987 
(RGDuration) Runaway Greenhouse Duration [years]: 0.00000e+00

Output Order: Time[year] CumulativeXUVFlux[W/m^2]
Grid Output Order:



---- FINAL SYSTEM PROPERTIES ----
(Age) System Age [sec]: 2.230478e+17 
(Time) Simulation Time [sec]: 2.228598e+17 
(TotAngMom) Total Angular Momentum [kg*m^2/sec]: 1.367438e+42 
(TotEnergy) Total System Energy [kg*m^2/sec^2]: -1.216065e+40 
(PotEnergy) Body's non-orbital Potential Energy [kg*m^2/sec^2]: -4.066819e+40 
(KinEnergy) Body's non-orbital Kinetic Energy [kg*m^2/sec^2]: 6.090996e+32 
(DeltaTime) Average Timestep Over Last Output Interval [sec]: 1.577880e+13 

----- BODY: star ----
Active Modules: FLARE STELLAR
Module Bit Sum: 577
Color: 000000
(Mass) Mass [kg]: 3.842924e+29 
(Radius) Radius [m]: 1.454201e+08 
(RadGyra) Radius of Gyration/Moment of Inertia Constant []: 0.460409 
(RotAngMom) Rotational Angular Momentum [kg*m^2/sec]: 1.448634e+39 
(RotVel) Rotational Velocity [m/sec]: 122.288064 
(BodyType) Type of Body (0 == planet) []: 0.000000 
(RotRate) Rotational Frequency [/sec]: 8.409296e-07 
(RotPer) Rotational Period [sec]: 7.471714e+06 
(Density) Average Density [kg/m^3]: 2.983320e+04 
(HZLimitDryRunaway) Semi-major axis of Dry Runaway HZ Limit [m]: 8.962254e+09 
(HZLimRecVenus) Recent Venus HZ Limit [m]: 8.024194e+09 
(HZLimRunaway) Runaway Greenhouse HZ Limit [m]: 1.058573e+10 
(HZLimMoistGreenhouse) Moist Greenhouse HZ Limit [m]: 1.061733e+10 
(HZLimMaxGreenhouse) Maximum Greenhouse HZ Limit [m]: 2.015425e+10 
(HZLimEarlyMars) Early Mars HZ Limit [m]: 2.198044e+10 
(Instellation) Orbit-averaged INcident STELLar radiATION [kg/sec^3]: -1.000000 
(CriticalSemiMajorAxis) Holman & Wiegert (1999) P-type Critical Semi-major Axis [m]: -1.000000 
(LXUVTot) Total XUV Luminosity [LSUN]: 2.385095e-06 
(LostEnergy) Body's Total Lost Energy [kg*m^2/sec^2]: 2.850760e+40 
(LostAngMom) Lost Angular Momentum due to Magnetic Braking [kg*m^2/sec]: 1.363564e+42 
(EscapeVelocity) Escape Velocity [m/sec]: 5.939309e+05 
----- STELLAR PARAMETERS (star)------
(Luminosity) Luminosity [LSUN]: 0.004357 
(LXUVStellar) Base X-ray/XUV Luminosity [LSUN]: 2.023892e-06 
(Temperature) Effective Temperature [K]: 3241.715210 
(LXUVFrac) Fraction of luminosity in XUV []: 0.000465 
(RossbyNumber) Rossby Number []: 1.447732 
(DRotPerDtStellar) Time Rate of Change of Rotation Period in STELLAR []: 2.114749e-11 
(WindTorque) Stellar Wind Torque []: 3.061618e+21 
----- FLARE PARAMETERS (star)------
(LXUVFlare) XUV Luminosity from flares [LSUN]: 3.611811e-07 
(FlareFreq1) First value of flare frequency range [/sec]: 5.633862e-07 
(FlareFreq2) Second value of flare frequency range [/sec]: 3.873084e-07 
(FlareFreq3) Third value of flare frequency range [/sec]: 2.662611e-07 
(FlareFreq4) Fourth value of flare frequency range [/sec]: 1.830452e-07 
(FlareFreqMin) Frequency of the flares with the lowest energy [/sec]: 5.633862e-07 
(FlareFreqMid) Frequency of the flares with the middle energy in the energy range [/sec]: 1.328353e-08 
(FlareFreqMax) Frequency of the flares with the highest energy [/sec]: 3.131993e-10 
(FlareEnergy1) First value of flare energy range [kg*m^2/sec^2]: 5.334000e+25 
(FlareEnergy2) Second value of flare energy range [kg*m^2/sec^2]: 7.534475e+25 
(FlareEnergy3) Third value of flare energy range [kg*m^2/sec^2]: 1.064273e+26 
(FlareEnergy4) Fourth value of flare energy range [kg*m^2/sec^2]: 1.503325e+26 
(FlareEnergyMin) Minimum flare energy [kg*m^2/sec^2]: 5.334000e+25 
(FlareEnergyMid) Middle flare energy in the range of energy values [kg*m^2/sec^2]: 1.686759e+27 
(FlareEnergyMax) Maximum flare energy [kg*m^2/sec^2]: 5.334000e+28 
(FlareYIntOUT) Instantaneous Davenport FFD y-intercept at current age and mass []: 34.196013 
(FlareSlopeOUT) Instantaneous Davenport FFD slope at current age and mass []: -1.084995 

Output Order: Time[year] Luminosity[LSUN] LXUVStellar[LSUN] LXUVFlare[LSUN] LXUVTot[LSUN]
Grid Output Order:

----- BODY: b ----
Active Modules: AtmEsc
Module Bit Sum: 9
Color: 000000
(Mass) Mass [kg]: 9.893934e+24 
(Radius) Radius [m]: 7.264184e+06 
(RadGyra) Radius of Gyration/Moment of Inertia Constant []: 0.500000 
(BodyType) Type of Body (0 == planet) []: 0.000000 
(Density) Average Density [kg/m^3]: 6161.975642 
(HZLimitDryRunaway) Semi-major axis of Dry Runaway HZ Limit [m]: 8.962407e+09 
(HZLimRecVenus) Recent Venus HZ Limit [m]: 8.024194e+09 
(HZLimRunaway) Runaway Greenhouse HZ Limit [m]: 1.058573e+10 
(HZLimMoistGreenhouse) Moist Greenhouse HZ Limit [m]: 1.061733e+10 
(HZLimMaxGreenhouse) Maximum Greenhouse HZ Limit [m]: 2.015425e+10 
(HZLimEarlyMars) Early Mars HZ Limit [m]: 2.198044e+10 
(Instellation) Orbit-averaged INcident STELLar radiATION [kg/sec^3]: 2.427956e+04 
(MeanMotion) Orbital Mean Motion [/sec]: 4.464336e-05 
(OrbPeriod) Orbital Period [sec]: 1.407418e+05 
(SemiMajorAxis) Semi-major Axis [m]: 2.343444e+09 
(LXUVTot) Total XUV Luminosity [kg/sec^3]: -1.000000 
(EscapeVelocity) Escape Velocity [m/sec]: 1.348368e+04 
----- ATMESC PARAMETERS (b)------
(SurfWaterMass) Surface water mass [kg]: 0.000000 
(EnvelopeMass) Envelope mass [kg]: 0.000000 
(OxygenMass) Oxygen mass in the atmosphere [kg]: 0.000000 
(RGLimit) Runaway greenhouse semi-major axis [m]: 1.014652e+10 
(XO) Atomic oxygen mixing ratio in upper atmosphere []: 0.000000 
(EtaO) Oxygen eta parameter (Luger and Barnes 2015) []: 0.000000 
(PlanetRadius) Planet radius [m]: 7.264184e+06 
(OxygenMantleMass) Mass of oxygen in mantle [kg]: 0.000000 
(RadXUV) XUV radius separating hydro. dyn. escape and equilibrium [m]: -1.000000 
(RadSolid) Radius to the solid surface [m]: -1.000000 
(PresXUV) Pressure at base of thermosphere [(null)]: 5.000000 
(ScaleHeight) Scale height in Lehmer & Catling (2016) model [m]: -1.000000 
(ThermTemp) Isothermal atmospheric temperature [K]: 400.000000 
(AtmGasConst) Atmospheric gas constant [(null)]: 4124.000000 
(PresSurf) Surface pressure due to atmosphere [Pa]: -1.000000 
(DEnvMassDt) Envelope Mass Loss Rate [kg/s]: 0.000000 
(FXUV) XUV flux [W/m^2]: 13.292401 
(AtmXAbsEffH2O) XUV atmospheric escape efficiency for H2O []: 0.300000 
(RocheRadius) Roche Lobe Radius [m]: 4.797885e+07 
(BondiRadius) Bondi Radius [m]: 6.171278e+08 
(HEscapeRegime) Integer flag for H envelope escape regime []: 8.000000 
(RRCriticalFlux) Critical XUV Flux that separates RR and energy-limited escape [W/m^2]: 59.870231 
(CrossoverMass) Crossover mass, defines oxygen is escaping if mc > mo [kg]: 0.000000 
(WaterEscapeRegime) What water escape regime the code is currently in []: 8.000000 
(FXUVCRITDRAG) Critical Drag XUV flux [W/m^2]: 0.494829 
(HREFFLUX) The Hydrogen Reference Flux (m^-2 s^-1) [m^-2 s^-1]: 8.525796e+18 
(XO2) Molecular oxygen mixing ratio in atmosphere []: 0.000000 
(XH2O) Water mixing ratio in upper atmosphere []: 0.000000 
(HDiffFlux) The Hydrogen Diffusion Flux (m^-2 s^-1) [m^-2 s^-1]: 2.423166e+17 
(HRefODragMod) Multiply by H ref flux to get flux with drag []: 1.000000 
(KTide) Mass loss enhancement due to stellar gravity []: 0.774630 
(CumulativeXUVFlux) Cumulative XUV flux [W/m^2]: 1.408036e+19 
(RunawayGreenhouseFlux) Incident flux that triggers runaway greenhouse [kg/sec^3]: 1295.091917 
(RGDuration) Runaway Greenhouse Duration [years]: 0.00000e+00

Output Order: Time[year] CumulativeXUVFlux[W/m^2]
Grid Output Order:
