-------- Log file gj1132.log -------

Executable: /home/vplanet/.local/bin/vplanet
Version: Unknown
System Name: gj1132
Primary Input File: vpl.in
Body File #1: star.in
Body File #2: b.in
Allow files to be overwitten: Yes
Mass Units: Grams
Length Units: Meters
Time Units: Seconds
Angle Units: Radians

------- FORMATTING -----
Verbosity Level: 5
Crossover Decade for Scientific Notation: 4
Number of Digits After Decimal: 6
Integration Method: Runge-Kutta4
Direction: Forward
Time Step: 3.155760e+07
Stop Time: 2.126523e+17
Output Interval: 3.155760e+13
Use Variable Timestep: Yes
dEta: 0.010000
Minimum Value of ecc and obl: 1.000000e-10


---- INITIAL SYSTEM PROPERTIES ----
(Age) System Age [sec]: 1.552592e+14 
(Time) Simulation Time [sec]: 0.000000 
(TotAngMom) Total Angular Momentum [kg*m^2/sec]: 1.701238e+42 
(TotEnergy) Total System Energy [kg*m^2/sec^2]: -1.188584e+40 
(PotEnergy) Body's non-orbital Potential Energy [kg*m^2/sec^2]: -1.194755e+40 
(KinEnergy) Body's non-orbital Kinetic Energy [kg*m^2/sec^2]: 6.176907e+37 
(DeltaTime) Average Timestep Over Last Output Interval [sec]: 0.000000 

----- BODY: star ----
Active Modules: FLARE STELLAR
Module Bit Sum: 577
Color: 000000
(Mass) Mass [kg]: 3.982513e+29 
(Radius) Radius [m]: 5.316077e+08 
(RadGyra) Radius of Gyration/Moment of Inertia Constant []: 0.455580 
(RotAngMom) Rotational Angular Momentum [kg*m^2/sec]: 1.698771e+42 
(RotVel) Rotational Velocity [m/sec]: 3.865960e+04 
(BodyType) Type of Body (0 == planet) []: 0.000000 
(RotRate) Rotational Frequency [/sec]: 7.272205e-05 
(RotPer) Rotational Period [sec]: 8.640000e+04 
(Density) Average Density [kg/m^3]: 632.841373 
(HZLimitDryRunaway) Semi-major axis of Dry Runaway HZ Limit [m]: 3.222079e+10 
(HZLimRecVenus) Recent Venus HZ Limit [m]: 2.886115e+10 
(HZLimRunaway) Runaway Greenhouse HZ Limit [m]: 3.806659e+10 
(HZLimMoistGreenhouse) Moist Greenhouse HZ Limit [m]: 3.818805e+10 
(HZLimMaxGreenhouse) Maximum Greenhouse HZ Limit [m]: 7.255347e+10 
(HZLimEarlyMars) Early Mars HZ Limit [m]: 7.912746e+10 
(Instellation) Orbit-averaged INcident STELLar radiATION [kg/sec^3]: -1.000000 
(CriticalSemiMajorAxis) Holman & Wiegert (1999) P-type Critical Semi-major Axis [m]: -1.000000 
(LXUVTot) Total XUV Luminosity [LSUN]: 0.000187 
(LostEnergy) Body's Total Lost Energy [kg*m^2/sec^2]: 5.562685e-309 
(LostAngMom) Lost Angular Momentum due to Magnetic Braking [kg*m^2/sec]: 5.562685e-309 
(EscapeVelocity) Escape Velocity [m/sec]: 3.162279e+05 
----- STELLAR PARAMETERS (star)------
(Luminosity) Luminosity [LSUN]: 0.056309 
(LXUVStellar) Base X-ray/XUV Luminosity [LSUN]: 0.000175 
(Temperature) Effective Temperature [K]: 3218.826311 
(LXUVFrac) Fraction of luminosity in XUV []: 0.003100 
(RossbyNumber) Rossby Number []: 0.016546 
(DRotPerDtStellar) Time Rate of Change of Rotation Period in STELLAR []: -9.188305e-11 
(WindTorque) Stellar Wind Torque []: 5.705110e+27 
----- FLARE PARAMETERS (star)------
(LXUVFlare) XUV Luminosity from flares [LSUN]: 1.247480e-05 
(FlareFreq1) First value of flare frequency range [/sec]: 1.855183e-06 
(FlareFreq2) Second value of flare frequency range [/sec]: 1.499232e-06 
(FlareFreq3) Third value of flare frequency range [/sec]: 1.211576e-06 
(FlareFreq4) Fourth value of flare frequency range [/sec]: 9.791129e-07 
(FlareFreqMin) Frequency of the flares with the lowest energy [/sec]: 1.855183e-06 
(FlareFreqMid) Frequency of the flares with the middle energy in the energy range [/sec]: 2.203976e-07 
(FlareFreqMax) Frequency of the flares with the highest energy [/sec]: 2.618347e-08 
(FlareEnergy1) First value of flare energy range [kg*m^2/sec^2]: 5.334000e+25 
(FlareEnergy2) Second value of flare energy range [kg*m^2/sec^2]: 7.534475e+25 
(FlareEnergy3) Third value of flare energy range [kg*m^2/sec^2]: 1.064273e+26 
(FlareEnergy4) Fourth value of flare energy range [kg*m^2/sec^2]: 1.503325e+26 
(FlareEnergyMin) Minimum flare energy [kg*m^2/sec^2]: 5.334000e+25 
(FlareEnergyMid) Middle flare energy in the range of energy values [kg*m^2/sec^2]: 1.686759e+27 
(FlareEnergyMax) Maximum flare energy [kg*m^2/sec^2]: 5.334000e+28 
(FlareYIntOUT) Instantaneous Davenport FFD y-intercept at current age and mass []: 19.390506 
(FlareSlopeOUT) Instantaneous Davenport FFD slope at current age and mass []: -0.616787 

Output Order: Time[year] Luminosity[LSUN] LXUVStellar[LSUN] LXUVFlare[LSUN] LXUVTot[LSUN]
Grid Output Order:

----- BODY: b ----
Active Modules: AtmEsc
Module Bit Sum: 9
Color: 000000
(Mass) Mass [kg]: 9.825072e+24 
(Radius) Radius [m]: 7.247873e+06 
(RadGyra) Radius of Gyration/Moment of Inertia Constant []: 0.500000 
(BodyType) Type of Body (0 == planet) []: 0.000000 
(Density) Average Density [kg/m^3]: 6160.491472 
(HZLimitDryRunaway) Semi-major axis of Dry Runaway HZ Limit [m]: 3.222104e+10 
(HZLimRecVenus) Recent Venus HZ Limit [m]: 2.886115e+10 
(HZLimRunaway) Runaway Greenhouse HZ Limit [m]: 3.806659e+10 
(HZLimMoistGreenhouse) Moist Greenhouse HZ Limit [m]: 3.818805e+10 
(HZLimMaxGreenhouse) Maximum Greenhouse HZ Limit [m]: 7.255347e+10 
(HZLimEarlyMars) Early Mars HZ Limit [m]: 7.912746e+10 
(Instellation) Orbit-averaged INcident STELLar radiATION [kg/sec^3]: 3.064434e+05 
(MeanMotion) Orbital Mean Motion [/sec]: 4.464378e-05 
(OrbPeriod) Orbital Period [sec]: 1.407404e+05 
(SemiMajorAxis) Semi-major Axis [m]: 2.371466e+09 
(LXUVTot) Total XUV Luminosity [kg/sec^3]: -1.000000 
(EscapeVelocity) Escape Velocity [m/sec]: 1.345178e+04 
----- ATMESC PARAMETERS (b)------
(SurfWaterMass) Surface water mass [kg]: 0.000000 
(EnvelopeMass) Envelope mass [kg]: 0.000000 
(OxygenMass) Oxygen mass in the atmosphere [kg]: 0.000000 
(RGLimit) Runaway greenhouse semi-major axis [m]: 3.649288e+10 
(XO) Atomic oxygen mixing ratio in upper atmosphere []: 0.000000 
(EtaO) Oxygen eta parameter (Luger and Barnes 2015) []: 0.000000 
(PlanetRadius) Planet radius [m]: 7.247873e+06 
(OxygenMantleMass) Mass of oxygen in mantle [kg]: 0.000000 
(RadXUV) XUV radius separating hydro. dyn. escape and equilibrium [m]: -1.000000 
(RadSolid) Radius to the solid surface [m]: -1.000000 
(PresXUV) Pressure at base of thermosphere [(null)]: 5.000000 
(ScaleHeight) Scale height in Lehmer & Catling (2016) model [m]: -1.000000 
(ThermTemp) Isothermal atmospheric temperature [K]: 400.000000 
(AtmGasConst) Atmospheric gas constant [(null)]: 4124.000000 
(PresSurf) Surface pressure due to atmosphere [Pa]: -1.000000 
(DEnvMassDt) Envelope Mass Loss Rate [kg/s]: 0.000000 
(FXUV) XUV flux [W/m^2]: 1017.784055 
(AtmXAbsEffH2O) XUV atmospheric escape efficiency for H2O []: 0.300000 
(RocheRadius) Roche Lobe Radius [m]: 4.786696e+07 
(BondiRadius) Bondi Radius [m]: 3.208888e+08 
(HEscapeRegime) Integer flag for H envelope escape regime []: 8.000000 
(RRCriticalFlux) Critical XUV Flux that separates RR and energy-limited escape [W/m^2]: 59.436249 
(CrossoverMass) Crossover mass, defines oxygen is escaping if mc > mo [kg]: 0.000000 
(WaterEscapeRegime) What water escape regime the code is currently in []: 8.000000 
(FXUVCRITDRAG) Critical Drag XUV flux [W/m^2]: 0.491267 
(HREFFLUX) The Hydrogen Reference Flux (m^-2 s^-1) [m^-2 s^-1]: 6.559263e+20 
(XO2) Molecular oxygen mixing ratio in atmosphere []: 0.000000 
(XH2O) Water mixing ratio in upper atmosphere []: 0.000000 
(HDiffFlux) The Hydrogen Diffusion Flux (m^-2 s^-1) [m^-2 s^-1]: 2.417143e+17 
(HRefODragMod) Multiply by H ref flux to get flux with drag []: 1.000000 
(KTide) Mass loss enhancement due to stellar gravity []: 0.774610 
(CumulativeXUVFlux) Cumulative XUV flux [W/m^2]: 0.000000 
(RunawayGreenhouseFlux) Incident flux that triggers runaway greenhouse [kg/sec^3]: 1294.079167 
(RGDuration) Runaway Greenhouse Duration [years]: 0.00000e+00

Output Order: Time[year] CumulativeXUVFlux[W/m^2]
Grid Output Order:



---- FINAL SYSTEM PROPERTIES ----
(Age) System Age [sec]: 2.128219e+17 
(Time) Simulation Time [sec]: 2.126667e+17 
(TotAngMom) Total Angular Momentum [kg*m^2/sec]: 1.698181e+42 
(TotEnergy) Total System Energy [kg*m^2/sec^2]: -1.190560e+40 
(PotEnergy) Body's non-orbital Potential Energy [kg*m^2/sec^2]: -4.184859e+40 
(KinEnergy) Body's non-orbital Kinetic Energy [kg*m^2/sec^2]: 6.647838e+32 
(DeltaTime) Average Timestep Over Last Output Interval [sec]: 1.577880e+13 

----- BODY: star ----
Active Modules: FLARE STELLAR
Module Bit Sum: 577
Color: 000000
(Mass) Mass [kg]: 3.982513e+29 
(Radius) Radius [m]: 1.517712e+08 
(RadGyra) Radius of Gyration/Moment of Inertia Constant []: 0.460114 
(RotAngMom) Rotational Angular Momentum [kg*m^2/sec]: 1.606898e+39 
(RotVel) Rotational Velocity [m/sec]: 125.577370 
(BodyType) Type of Body (0 == planet) []: 0.000000 
(RotRate) Rotational Frequency [/sec]: 8.274124e-07 
(RotPer) Rotational Period [sec]: 7.593777e+06 
(Density) Average Density [kg/m^3]: 2.719572e+04 
(HZLimitDryRunaway) Semi-major axis of Dry Runaway HZ Limit [m]: 9.475823e+09 
(HZLimRecVenus) Recent Venus HZ Limit [m]: 8.480406e+09 
(HZLimRunaway) Runaway Greenhouse HZ Limit [m]: 1.118976e+10 
(HZLimMoistGreenhouse) Moist Greenhouse HZ Limit [m]: 1.122097e+10 
(HZLimMaxGreenhouse) Maximum Greenhouse HZ Limit [m]: 2.128252e+10 
(HZLimEarlyMars) Early Mars HZ Limit [m]: 2.321098e+10 
(Instellation) Orbit-averaged INcident STELLar radiATION [kg/sec^3]: -1.000000 
(CriticalSemiMajorAxis) Holman & Wiegert (1999) P-type Critical Semi-major Axis [m]: -1.000000 
(LXUVTot) Total XUV Luminosity [LSUN]: 9.319059e-07 
(LostEnergy) Body's Total Lost Energy [kg*m^2/sec^2]: 2.994305e+40 
(LostAngMom) Lost Angular Momentum due to Magnetic Braking [kg*m^2/sec]: 1.694107e+42 
(EscapeVelocity) Escape Velocity [m/sec]: 5.918357e+05 
----- STELLAR PARAMETERS (star)------
(Luminosity) Luminosity [LSUN]: 0.004870 
(LXUVStellar) Base X-ray/XUV Luminosity [LSUN]: 5.606781e-07 
(Temperature) Effective Temperature [K]: 3263.315011 
(LXUVFrac) Fraction of luminosity in XUV []: 0.000115 
(RossbyNumber) Rossby Number []: 1.487752 
(DRotPerDtStellar) Time Rate of Change of Rotation Period in STELLAR []: 1.579940e-11 
(WindTorque) Stellar Wind Torque []: 3.462946e+21 
----- FLARE PARAMETERS (star)------
(LXUVFlare) XUV Luminosity from flares [LSUN]: 3.712039e-07 
(FlareFreq1) First value of flare frequency range [/sec]: 5.672130e-07 
(FlareFreq2) Second value of flare frequency range [/sec]: 3.905985e-07 
(FlareFreq3) Third value of flare frequency range [/sec]: 2.689769e-07 
(FlareFreq4) Fourth value of flare frequency range [/sec]: 1.852249e-07 
(FlareFreqMin) Frequency of the flares with the lowest energy [/sec]: 5.672130e-07 
(FlareFreqMid) Frequency of the flares with the middle energy in the energy range [/sec]: 1.360160e-08 
(FlareFreqMax) Frequency of the flares with the highest energy [/sec]: 3.261621e-10 
(FlareEnergy1) First value of flare energy range [kg*m^2/sec^2]: 5.334000e+25 
(FlareEnergy2) Second value of flare energy range [kg*m^2/sec^2]: 7.534475e+25 
(FlareEnergy3) Third value of flare energy range [kg*m^2/sec^2]: 1.064273e+26 
(FlareEnergy4) Fourth value of flare energy range [kg*m^2/sec^2]: 1.503325e+26 
(FlareEnergyMin) Minimum flare energy [kg*m^2/sec^2]: 5.334000e+25 
(FlareEnergyMid) Middle flare energy in the range of energy values [kg*m^2/sec^2]: 1.686759e+27 
(FlareEnergyMax) Maximum flare energy [kg*m^2/sec^2]: 5.334000e+28 
(FlareYIntOUT) Instantaneous Davenport FFD y-intercept at current age and mass []: 34.038888 
(FlareSlopeOUT) Instantaneous Davenport FFD slope at current age and mass []: -1.080104 

Output Order: Time[year] Luminosity[LSUN] LXUVStellar[LSUN] LXUVFlare[LSUN] LXUVTot[LSUN]
Grid Output Order:

----- BODY: b ----
Active Modules: AtmEsc
Module Bit Sum: 9
Color: 000000
(Mass) Mass [kg]: 9.825072e+24 
(Radius) Radius [m]: 7.247873e+06 
(RadGyra) Radius of Gyration/Moment of Inertia Constant []: 0.500000 
(BodyType) Type of Body (0 == planet) []: 0.000000 
(Density) Average Density [kg/m^3]: 6160.491472 
(HZLimitDryRunaway) Semi-major axis of Dry Runaway HZ Limit [m]: 9.475897e+09 
(HZLimRecVenus) Recent Venus HZ Limit [m]: 8.480406e+09 
(HZLimRunaway) Runaway Greenhouse HZ Limit [m]: 1.118976e+10 
(HZLimMoistGreenhouse) Moist Greenhouse HZ Limit [m]: 1.122097e+10 
(HZLimMaxGreenhouse) Maximum Greenhouse HZ Limit [m]: 2.128252e+10 
(HZLimEarlyMars) Early Mars HZ Limit [m]: 2.321098e+10 
(Instellation) Orbit-averaged INcident STELLar radiATION [kg/sec^3]: 2.650402e+04 
(MeanMotion) Orbital Mean Motion [/sec]: 4.464378e-05 
(OrbPeriod) Orbital Period [sec]: 1.407404e+05 
(SemiMajorAxis) Semi-major Axis [m]: 2.371466e+09 
(LXUVTot) Total XUV Luminosity [kg/sec^3]: -1.000000 
(EscapeVelocity) Escape Velocity [m/sec]: 1.345178e+04 
----- ATMESC PARAMETERS (b)------
(SurfWaterMass) Surface water mass [kg]: 0.000000 
(EnvelopeMass) Envelope mass [kg]: 0.000000 
(OxygenMass) Oxygen mass in the atmosphere [kg]: 0.000000 
(RGLimit) Runaway greenhouse semi-major axis [m]: 1.072738e+10 
(XO) Atomic oxygen mixing ratio in upper atmosphere []: 0.000000 
(EtaO) Oxygen eta parameter (Luger and Barnes 2015) []: 0.000000 
(PlanetRadius) Planet radius [m]: 7.247873e+06 
(OxygenMantleMass) Mass of oxygen in mantle [kg]: 0.000000 
(RadXUV) XUV radius separating hydro. dyn. escape and equilibrium [m]: -1.000000 
(RadSolid) Radius to the solid surface [m]: -1.000000 
(PresXUV) Pressure at base of thermosphere [(null)]: 5.000000 
(ScaleHeight) Scale height in Lehmer & Catling (2016) model [m]: -1.000000 
(ThermTemp) Isothermal atmospheric temperature [K]: 400.000000 
(AtmGasConst) Atmospheric gas constant [(null)]: 4124.000000 
(PresSurf) Surface pressure due to atmosphere [Pa]: -1.000000 
(DEnvMassDt) Envelope Mass Loss Rate [kg/s]: 0.000000 
(FXUV) XUV flux [W/m^2]: 5.071556 
(AtmXAbsEffH2O) XUV atmospheric escape efficiency for H2O []: 0.300000 
(RocheRadius) Roche Lobe Radius [m]: 4.786696e+07 
(BondiRadius) Bondi Radius [m]: 5.923714e+08 
(HEscapeRegime) Integer flag for H envelope escape regime []: 8.000000 
(RRCriticalFlux) Critical XUV Flux that separates RR and energy-limited escape [W/m^2]: 59.436249 
(CrossoverMass) Crossover mass, defines oxygen is escaping if mc > mo [kg]: 0.000000 
(WaterEscapeRegime) What water escape regime the code is currently in []: 8.000000 
(FXUVCRITDRAG) Critical Drag XUV flux [W/m^2]: 0.491267 
(HREFFLUX) The Hydrogen Reference Flux (m^-2 s^-1) [m^-2 s^-1]: 3.268441e+18 
(XO2) Molecular oxygen mixing ratio in atmosphere []: 0.000000 
(XH2O) Water mixing ratio in upper atmosphere []: 0.000000 
(HDiffFlux) The Hydrogen Diffusion Flux (m^-2 s^-1) [m^-2 s^-1]: 2.417143e+17 
(HRefODragMod) Multiply by H ref flux to get flux with drag []: 1.000000 
(KTide) Mass loss enhancement due to stellar gravity []: 0.774610 
(CumulativeXUVFlux) Cumulative XUV flux [W/m^2]: 5.863548e+18 
(RunawayGreenhouseFlux) Incident flux that triggers runaway greenhouse [kg/sec^3]: 1295.242746 
(RGDuration) Runaway Greenhouse Duration [years]: 0.00000e+00

Output Order: Time[year] CumulativeXUVFlux[W/m^2]
Grid Output Order:
