-------- Log file gj1132.log -------

Executable: /home/vplanet/.local/bin/vplanet
Version: Unknown
System Name: gj1132
Primary Input File: vpl.in
Body File #1: star.in
Body File #2: b.in
Allow files to be overwitten: Yes
Mass Units: Grams
Length Units: Meters
Time Units: Seconds
Angle Units: Radians

------- FORMATTING -----
Verbosity Level: 5
Crossover Decade for Scientific Notation: 4
Number of Digits After Decimal: 6
Integration Method: Runge-Kutta4
Direction: Forward
Time Step: 3.155760e+07
Stop Time: 2.327747e+17
Output Interval: 3.155760e+13
Use Variable Timestep: Yes
dEta: 0.010000
Minimum Value of ecc and obl: 1.000000e-10


---- INITIAL SYSTEM PROPERTIES ----
(Age) System Age [sec]: 1.102153e+14 
(Time) Simulation Time [sec]: 0.000000 
(TotAngMom) Total Angular Momentum [kg*m^2/sec]: 1.981158e+42 
(TotEnergy) Total System Energy [kg*m^2/sec^2]: -9.681273e+39 
(PotEnergy) Body's non-orbital Potential Energy [kg*m^2/sec^2]: -9.753166e+39 
(KinEnergy) Body's non-orbital Kinetic Energy [kg*m^2/sec^2]: 7.194827e+37 
(DeltaTime) Average Timestep Over Last Output Interval [sec]: 0.000000 

----- BODY: star ----
Active Modules: FLARE STELLAR
Module Bit Sum: 577
Color: 000000
(Mass) Mass [kg]: 3.791836e+29 
(Radius) Radius [m]: 5.903493e+08 
(RadGyra) Radius of Gyration/Moment of Inertia Constant []: 0.453759 
(RotAngMom) Rotational Angular Momentum [kg*m^2/sec]: 1.978719e+42 
(RotVel) Rotational Velocity [m/sec]: 4.293141e+04 
(BodyType) Type of Body (0 == planet) []: 0.000000 
(RotRate) Rotational Frequency [/sec]: 7.272205e-05 
(RotPer) Rotational Period [sec]: 8.640000e+04 
(Density) Average Density [kg/m^3]: 439.980843 
(HZLimitDryRunaway) Semi-major axis of Dry Runaway HZ Limit [m]: 3.474361e+10 
(HZLimRecVenus) Recent Venus HZ Limit [m]: 3.115036e+10 
(HZLimRunaway) Runaway Greenhouse HZ Limit [m]: 4.106787e+10 
(HZLimMoistGreenhouse) Moist Greenhouse HZ Limit [m]: 4.121705e+10 
(HZLimMaxGreenhouse) Maximum Greenhouse HZ Limit [m]: 7.845589e+10 
(HZLimEarlyMars) Early Mars HZ Limit [m]: 8.556445e+10 
(Instellation) Orbit-averaged INcident STELLar radiATION [kg/sec^3]: -1.000000 
(CriticalSemiMajorAxis) Holman & Wiegert (1999) P-type Critical Semi-major Axis [m]: -1.000000 
(LXUVTot) Total XUV Luminosity [LSUN]: 0.000167 
(LostEnergy) Body's Total Lost Energy [kg*m^2/sec^2]: 5.562685e-309 
(LostAngMom) Lost Angular Momentum due to Magnetic Braking [kg*m^2/sec]: 5.562685e-309 
(EscapeVelocity) Escape Velocity [m/sec]: 2.928110e+05 
----- STELLAR PARAMETERS (star)------
(Luminosity) Luminosity [LSUN]: 0.065472 
(LXUVStellar) Base X-ray/XUV Luminosity [LSUN]: 0.000166 
(Temperature) Effective Temperature [K]: 3169.285693 
(LXUVFrac) Fraction of luminosity in XUV []: 0.002536 
(RossbyNumber) Rossby Number []: 0.016131 
(DRotPerDtStellar) Time Rate of Change of Rotation Period in STELLAR []: -1.501267e-10 
(WindTorque) Stellar Wind Torque []: 1.030934e+28 
----- FLARE PARAMETERS (star)------
(LXUVFlare) XUV Luminosity from flares [LSUN]: 8.348360e-07 
(FlareFreq1) First value of flare frequency range [/sec]: 3.014852e-05 
(FlareFreq2) Second value of flare frequency range [/sec]: 2.627560e-05 
(FlareFreq3) Third value of flare frequency range [/sec]: 2.290021e-05 
(FlareFreq4) Fourth value of flare frequency range [/sec]: 1.995842e-05 
(FlareFreqMin) Frequency of the flares with the lowest energy [/sec]: 3.014852e-05 
(FlareFreqMid) Frequency of the flares with the middle energy in the energy range [/sec]: 7.623122e-06 
(FlareFreqMax) Frequency of the flares with the highest energy [/sec]: 1.927524e-06 
(FlareEnergy1) First value of flare energy range [kg*m^2/sec^2]: 5.334000e+23 
(FlareEnergy2) Second value of flare energy range [kg*m^2/sec^2]: 6.715108e+23 
(FlareEnergy3) Third value of flare energy range [kg*m^2/sec^2]: 8.453820e+23 
(FlareEnergy4) Fourth value of flare energy range [kg*m^2/sec^2]: 1.064273e+24 
(FlareEnergyMin) Minimum flare energy [kg*m^2/sec^2]: 5.334000e+23 
(FlareEnergyMid) Middle flare energy in the range of energy values [kg*m^2/sec^2]: 5.334000e+24 
(FlareEnergyMax) Maximum flare energy [kg*m^2/sec^2]: 5.334000e+25 
(FlareYIntOUT) Instantaneous Davenport FFD y-intercept at current age and mass []: 18.763921 
(FlareSlopeOUT) Instantaneous Davenport FFD slope at current age and mass []: -0.597133 

Output Order: Time[year] Luminosity[LSUN] LXUVStellar[LSUN] LXUVFlare[LSUN] LXUVTot[LSUN]
Grid Output Order:

----- BODY: b ----
Active Modules: AtmEsc
Module Bit Sum: 9
Color: 000000
(Mass) Mass [kg]: 1.003665e+25 
(Radius) Radius [m]: 7.187151e+06 
(RadGyra) Radius of Gyration/Moment of Inertia Constant []: 0.500000 
(BodyType) Type of Body (0 == planet) []: 0.000000 
(Density) Average Density [kg/m^3]: 6454.016847 
(HZLimitDryRunaway) Semi-major axis of Dry Runaway HZ Limit [m]: 3.474363e+10 
(HZLimRecVenus) Recent Venus HZ Limit [m]: 3.115036e+10 
(HZLimRunaway) Runaway Greenhouse HZ Limit [m]: 4.106787e+10 
(HZLimMoistGreenhouse) Moist Greenhouse HZ Limit [m]: 4.121705e+10 
(HZLimMaxGreenhouse) Maximum Greenhouse HZ Limit [m]: 7.845589e+10 
(HZLimEarlyMars) Early Mars HZ Limit [m]: 8.556445e+10 
(Instellation) Orbit-averaged INcident STELLar radiATION [kg/sec^3]: 3.681396e+05 
(MeanMotion) Orbital Mean Motion [/sec]: 4.464249e-05 
(OrbPeriod) Orbital Period [sec]: 1.407445e+05 
(SemiMajorAxis) Semi-major Axis [m]: 2.333044e+09 
(LXUVTot) Total XUV Luminosity [kg/sec^3]: -1.000000 
(EscapeVelocity) Escape Velocity [m/sec]: 1.365316e+04 
----- ATMESC PARAMETERS (b)------
(SurfWaterMass) Surface water mass [kg]: 0.000000 
(EnvelopeMass) Envelope mass [kg]: 0.000000 
(OxygenMass) Oxygen mass in the atmosphere [kg]: 0.000000 
(RGLimit) Runaway greenhouse semi-major axis [m]: 3.935034e+10 
(XO) Atomic oxygen mixing ratio in upper atmosphere []: 0.000000 
(EtaO) Oxygen eta parameter (Luger and Barnes 2015) []: 0.000000 
(PlanetRadius) Planet radius [m]: 7.187151e+06 
(OxygenMantleMass) Mass of oxygen in mantle [kg]: 0.000000 
(RadXUV) XUV radius separating hydro. dyn. escape and equilibrium [m]: -1.000000 
(RadSolid) Radius to the solid surface [m]: -1.000000 
(PresXUV) Pressure at base of thermosphere [(null)]: 5.000000 
(ScaleHeight) Scale height in Lehmer & Catling (2016) model [m]: -1.000000 
(ThermTemp) Isothermal atmospheric temperature [K]: 400.000000 
(AtmGasConst) Atmospheric gas constant [(null)]: 4124.000000 
(PresSurf) Surface pressure due to atmosphere [Pa]: -1.000000 
(DEnvMassDt) Envelope Mass Loss Rate [kg/s]: 0.000000 
(FXUV) XUV flux [W/m^2]: 938.294432 
(AtmXAbsEffH2O) XUV atmospheric escape efficiency for H2O []: 0.300000 
(RocheRadius) Roche Lobe Radius [m]: 4.820909e+07 
(BondiRadius) Bondi Radius [m]: 3.185166e+08 
(HEscapeRegime) Integer flag for H envelope escape regime []: 8.000000 
(RRCriticalFlux) Critical XUV Flux that separates RR and energy-limited escape [W/m^2]: 64.172397 
(CrossoverMass) Crossover mass, defines oxygen is escaping if mc > mo [kg]: 0.000000 
(WaterEscapeRegime) What water escape regime the code is currently in []: 8.000000 
(FXUVCRITDRAG) Critical Drag XUV flux [W/m^2]: 0.525757 
(HREFFLUX) The Hydrogen Reference Flux (m^-2 s^-1) [m^-2 s^-1]: 5.844092e+20 
(XO2) Molecular oxygen mixing ratio in atmosphere []: 0.000000 
(XH2O) Water mixing ratio in upper atmosphere []: 0.000000 
(HDiffFlux) The Hydrogen Diffusion Flux (m^-2 s^-1) [m^-2 s^-1]: 2.511096e+17 
(HRefODragMod) Multiply by H ref flux to get flux with drag []: 1.000000 
(KTide) Mass loss enhancement due to stellar gravity []: 0.778032 
(CumulativeXUVFlux) Cumulative XUV flux [W/m^2]: 0.000000 
(RunawayGreenhouseFlux) Incident flux that triggers runaway greenhouse [kg/sec^3]: 1294.079234 
(RGDuration) Runaway Greenhouse Duration [years]: 0.00000e+00

Output Order: Time[year] CumulativeXUVFlux[W/m^2]
Grid Output Order:



---- FINAL SYSTEM PROPERTIES ----
(Age) System Age [sec]: 2.329106e+17 
(Time) Simulation Time [sec]: 2.328004e+17 
(TotAngMom) Total Angular Momentum [kg*m^2/sec]: 1.985700e+42 
(TotEnergy) Total System Energy [kg*m^2/sec^2]: -9.676353e+39 
(PotEnergy) Body's non-orbital Potential Energy [kg*m^2/sec^2]: -4.008542e+40 
(KinEnergy) Body's non-orbital Kinetic Energy [kg*m^2/sec^2]: 5.800469e+32 
(DeltaTime) Average Timestep Over Last Output Interval [sec]: 3.155760e+13 

----- BODY: star ----
Active Modules: FLARE STELLAR
Module Bit Sum: 577
Color: 000000
(Mass) Mass [kg]: 3.791836e+29 
(Radius) Radius [m]: 1.436376e+08 
(RadGyra) Radius of Gyration/Moment of Inertia Constant []: 0.460505 
(RotAngMom) Rotational Angular Momentum [kg*m^2/sec]: 1.387312e+39 
(RotVel) Rotational Velocity [m/sec]: 120.112211 
(BodyType) Type of Body (0 == planet) []: 0.000000 
(RotRate) Rotational Frequency [/sec]: 8.362170e-07 
(RotPer) Rotational Period [sec]: 7.513822e+06 
(Density) Average Density [kg/m^3]: 3.054614e+04 
(HZLimitDryRunaway) Semi-major axis of Dry Runaway HZ Limit [m]: 8.822847e+09 
(HZLimRecVenus) Recent Venus HZ Limit [m]: 7.900398e+09 
(HZLimRunaway) Runaway Greenhouse HZ Limit [m]: 1.042180e+10 
(HZLimMoistGreenhouse) Moist Greenhouse HZ Limit [m]: 1.045352e+10 
(HZLimMaxGreenhouse) Maximum Greenhouse HZ Limit [m]: 1.984833e+10 
(HZLimEarlyMars) Early Mars HZ Limit [m]: 2.164678e+10 
(Instellation) Orbit-averaged INcident STELLar radiATION [kg/sec^3]: -1.000000 
(CriticalSemiMajorAxis) Holman & Wiegert (1999) P-type Critical Semi-major Axis [m]: -1.000000 
(LXUVTot) Total XUV Luminosity [LSUN]: 6.568148e-07 
(LostEnergy) Body's Total Lost Energy [kg*m^2/sec^2]: 3.040913e+40 
(LostAngMom) Lost Angular Momentum due to Magnetic Braking [kg*m^2/sec]: 1.981874e+42 
(EscapeVelocity) Escape Velocity [m/sec]: 5.936191e+05 
----- STELLAR PARAMETERS (star)------
(Luminosity) Luminosity [LSUN]: 0.004222 
(LXUVStellar) Base X-ray/XUV Luminosity [LSUN]: 2.755201e-07 
(Temperature) Effective Temperature [K]: 3235.102835 
(LXUVFrac) Fraction of luminosity in XUV []: 6.525700e-05 
(RossbyNumber) Rossby Number []: 1.450969 
(DRotPerDtStellar) Time Rate of Change of Rotation Period in STELLAR []: 1.523150e-11 
(WindTorque) Stellar Wind Torque []: 2.812263e+21 
----- FLARE PARAMETERS (star)------
(LXUVFlare) XUV Luminosity from flares [LSUN]: 3.812907e-07 
(FlareFreq1) First value of flare frequency range [/sec]: 8.445491e-05 
(FlareFreq2) Second value of flare frequency range [/sec]: 6.569936e-05 
(FlareFreq3) Third value of flare frequency range [/sec]: 5.110900e-05 
(FlareFreq4) Fourth value of flare frequency range [/sec]: 3.975883e-05 
(FlareFreqMin) Frequency of the flares with the lowest energy [/sec]: 8.445491e-05 
(FlareFreqMid) Frequency of the flares with the middle energy in the energy range [/sec]: 6.854683e-06 
(FlareFreqMax) Frequency of the flares with the highest energy [/sec]: 5.563522e-07 
(FlareEnergy1) First value of flare energy range [kg*m^2/sec^2]: 5.334000e+23 
(FlareEnergy2) Second value of flare energy range [kg*m^2/sec^2]: 6.715108e+23 
(FlareEnergy3) Third value of flare energy range [kg*m^2/sec^2]: 8.453820e+23 
(FlareEnergy4) Fourth value of flare energy range [kg*m^2/sec^2]: 1.064273e+24 
(FlareEnergyMin) Minimum flare energy [kg*m^2/sec^2]: 5.334000e+23 
(FlareEnergyMid) Middle flare energy in the range of energy values [kg*m^2/sec^2]: 5.334000e+24 
(FlareEnergyMax) Maximum flare energy [kg*m^2/sec^2]: 5.334000e+25 
(FlareYIntOUT) Instantaneous Davenport FFD y-intercept at current age and mass []: 34.375216 
(FlareSlopeOUT) Instantaneous Davenport FFD slope at current age and mass []: -1.090638 

Output Order: Time[year] Luminosity[LSUN] LXUVStellar[LSUN] LXUVFlare[LSUN] LXUVTot[LSUN]
Grid Output Order:

----- BODY: b ----
Active Modules: AtmEsc
Module Bit Sum: 9
Color: 000000
(Mass) Mass [kg]: 1.003665e+25 
(Radius) Radius [m]: 7.187151e+06 
(RadGyra) Radius of Gyration/Moment of Inertia Constant []: 0.500000 
(BodyType) Type of Body (0 == planet) []: 0.000000 
(Density) Average Density [kg/m^3]: 6454.016847 
(HZLimitDryRunaway) Semi-major axis of Dry Runaway HZ Limit [m]: 8.822851e+09 
(HZLimRecVenus) Recent Venus HZ Limit [m]: 7.900398e+09 
(HZLimRunaway) Runaway Greenhouse HZ Limit [m]: 1.042180e+10 
(HZLimMoistGreenhouse) Moist Greenhouse HZ Limit [m]: 1.045352e+10 
(HZLimMaxGreenhouse) Maximum Greenhouse HZ Limit [m]: 1.984833e+10 
(HZLimEarlyMars) Early Mars HZ Limit [m]: 2.164678e+10 
(Instellation) Orbit-averaged INcident STELLar radiATION [kg/sec^3]: 2.373996e+04 
(MeanMotion) Orbital Mean Motion [/sec]: 4.464249e-05 
(OrbPeriod) Orbital Period [sec]: 1.407445e+05 
(SemiMajorAxis) Semi-major Axis [m]: 2.333044e+09 
(LXUVTot) Total XUV Luminosity [kg/sec^3]: -1.000000 
(EscapeVelocity) Escape Velocity [m/sec]: 1.365316e+04 
----- ATMESC PARAMETERS (b)------
(SurfWaterMass) Surface water mass [kg]: 0.000000 
(EnvelopeMass) Envelope mass [kg]: 0.000000 
(OxygenMass) Oxygen mass in the atmosphere [kg]: 0.000000 
(RGLimit) Runaway greenhouse semi-major axis [m]: 9.986147e+09 
(XO) Atomic oxygen mixing ratio in upper atmosphere []: 0.000000 
(EtaO) Oxygen eta parameter (Luger and Barnes 2015) []: 0.000000 
(PlanetRadius) Planet radius [m]: 7.187151e+06 
(OxygenMantleMass) Mass of oxygen in mantle [kg]: 0.000000 
(RadXUV) XUV radius separating hydro. dyn. escape and equilibrium [m]: -1.000000 
(RadSolid) Radius to the solid surface [m]: -1.000000 
(PresXUV) Pressure at base of thermosphere [(null)]: 5.000000 
(ScaleHeight) Scale height in Lehmer & Catling (2016) model [m]: -1.000000 
(ThermTemp) Isothermal atmospheric temperature [K]: 400.000000 
(AtmGasConst) Atmospheric gas constant [(null)]: 4124.000000 
(PresSurf) Surface pressure due to atmosphere [Pa]: -1.000000 
(DEnvMassDt) Envelope Mass Loss Rate [kg/s]: 0.000000 
(FXUV) XUV flux [W/m^2]: 3.693149 
(AtmXAbsEffH2O) XUV atmospheric escape efficiency for H2O []: 0.300000 
(RocheRadius) Roche Lobe Radius [m]: 4.820909e+07 
(BondiRadius) Bondi Radius [m]: 6.325951e+08 
(HEscapeRegime) Integer flag for H envelope escape regime []: 8.000000 
(RRCriticalFlux) Critical XUV Flux that separates RR and energy-limited escape [W/m^2]: 64.172397 
(CrossoverMass) Crossover mass, defines oxygen is escaping if mc > mo [kg]: 0.000000 
(WaterEscapeRegime) What water escape regime the code is currently in []: 8.000000 
(FXUVCRITDRAG) Critical Drag XUV flux [W/m^2]: 0.525757 
(HREFFLUX) The Hydrogen Reference Flux (m^-2 s^-1) [m^-2 s^-1]: 2.300248e+18 
(XO2) Molecular oxygen mixing ratio in atmosphere []: 0.000000 
(XH2O) Water mixing ratio in upper atmosphere []: 0.000000 
(HDiffFlux) The Hydrogen Diffusion Flux (m^-2 s^-1) [m^-2 s^-1]: 2.511096e+17 
(HRefODragMod) Multiply by H ref flux to get flux with drag []: 1.000000 
(KTide) Mass loss enhancement due to stellar gravity []: 0.778032 
(CumulativeXUVFlux) Cumulative XUV flux [W/m^2]: 4.518232e+18 
(RunawayGreenhouseFlux) Incident flux that triggers runaway greenhouse [kg/sec^3]: 1295.774671 
(RGDuration) Runaway Greenhouse Duration [years]: 0.00000e+00

Output Order: Time[year] CumulativeXUVFlux[W/m^2]
Grid Output Order:
