-------- Log file gj1132.log -------

Executable: /home/vplanet/.local/bin/vplanet
Version: Unknown
System Name: gj1132
Primary Input File: vpl.in
Body File #1: star.in
Body File #2: b.in
Allow files to be overwitten: Yes
Mass Units: Grams
Length Units: Meters
Time Units: Seconds
Angle Units: Radians

------- FORMATTING -----
Verbosity Level: 5
Crossover Decade for Scientific Notation: 4
Number of Digits After Decimal: 6
Integration Method: Runge-Kutta4
Direction: Forward
Time Step: 3.155760e+07
Stop Time: 2.233354e+17
Output Interval: 3.155760e+13
Use Variable Timestep: Yes
dEta: 0.010000
Minimum Value of ecc and obl: 1.000000e-10


---- INITIAL SYSTEM PROPERTIES ----
(Age) System Age [sec]: 2.275787e+14 
(Time) Simulation Time [sec]: 0.000000 
(TotAngMom) Total Angular Momentum [kg*m^2/sec]: 1.270558e+42 
(TotEnergy) Total System Energy [kg*m^2/sec^2]: -1.359995e+40 
(PotEnergy) Body's non-orbital Potential Energy [kg*m^2/sec^2]: -1.364601e+40 
(KinEnergy) Body's non-orbital Kinetic Energy [kg*m^2/sec^2]: 4.610895e+37 
(DeltaTime) Average Timestep Over Last Output Interval [sec]: 0.000000 

----- BODY: star ----
Active Modules: FLARE STELLAR
Module Bit Sum: 577
Color: 000000
(Mass) Mass [kg]: 3.956215e+29 
(Radius) Radius [m]: 4.593142e+08 
(RadGyra) Radius of Gyration/Moment of Inertia Constant []: 0.457079 
(RotAngMom) Rotational Angular Momentum [kg*m^2/sec]: 1.268087e+42 
(RotVel) Rotational Velocity [m/sec]: 3.340227e+04 
(BodyType) Type of Body (0 == planet) []: 0.000000 
(RotRate) Rotational Frequency [/sec]: 7.272205e-05 
(RotPer) Rotational Period [sec]: 8.640000e+04 
(Density) Average Density [kg/m^3]: 974.679077 
(HZLimitDryRunaway) Semi-major axis of Dry Runaway HZ Limit [m]: 2.802796e+10 
(HZLimRecVenus) Recent Venus HZ Limit [m]: 2.510098e+10 
(HZLimRunaway) Runaway Greenhouse HZ Limit [m]: 3.310985e+10 
(HZLimMoistGreenhouse) Moist Greenhouse HZ Limit [m]: 3.321273e+10 
(HZLimMaxGreenhouse) Maximum Greenhouse HZ Limit [m]: 6.307852e+10 
(HZLimEarlyMars) Early Mars HZ Limit [m]: 6.879404e+10 
(Instellation) Orbit-averaged INcident STELLar radiATION [kg/sec^3]: -1.000000 
(CriticalSemiMajorAxis) Holman & Wiegert (1999) P-type Critical Semi-major Axis [m]: -1.000000 
(LXUVTot) Total XUV Luminosity [LSUN]: 2.544883e-05 
(LostEnergy) Body's Total Lost Energy [kg*m^2/sec^2]: 5.562685e-309 
(LostAngMom) Lost Angular Momentum due to Magnetic Braking [kg*m^2/sec]: 5.562685e-309 
(EscapeVelocity) Escape Velocity [m/sec]: 3.390800e+05 
----- STELLAR PARAMETERS (star)------
(Luminosity) Luminosity [LSUN]: 0.042608 
(LXUVStellar) Base X-ray/XUV Luminosity [LSUN]: 2.466903e-05 
(Temperature) Effective Temperature [K]: 3228.112546 
(LXUVFrac) Fraction of luminosity in XUV []: 0.000579 
(RossbyNumber) Rossby Number []: 0.016625 
(DRotPerDtStellar) Time Rate of Change of Rotation Period in STELLAR []: -9.730361e-11 
(WindTorque) Stellar Wind Torque []: 2.627937e+27 
----- FLARE PARAMETERS (star)------
(LXUVFlare) XUV Luminosity from flares [LSUN]: 7.798080e-07 
(FlareFreq1) First value of flare frequency range [/sec]: 3.403478e-05 
(FlareFreq2) Second value of flare frequency range [/sec]: 2.934199e-05 
(FlareFreq3) Third value of flare frequency range [/sec]: 2.529626e-05 
(FlareFreq4) Fourth value of flare frequency range [/sec]: 2.180836e-05 
(FlareFreqMin) Frequency of the flares with the lowest energy [/sec]: 3.403478e-05 
(FlareFreqMid) Frequency of the flares with the middle energy in the energy range [/sec]: 7.719510e-06 
(FlareFreqMax) Frequency of the flares with the highest energy [/sec]: 1.750881e-06 
(FlareEnergy1) First value of flare energy range [kg*m^2/sec^2]: 5.334000e+23 
(FlareEnergy2) Second value of flare energy range [kg*m^2/sec^2]: 6.715108e+23 
(FlareEnergy3) Third value of flare energy range [kg*m^2/sec^2]: 8.453820e+23 
(FlareEnergy4) Fourth value of flare energy range [kg*m^2/sec^2]: 1.064273e+24 
(FlareEnergyMin) Minimum flare energy [kg*m^2/sec^2]: 5.334000e+23 
(FlareEnergyMid) Middle flare energy in the range of energy values [kg*m^2/sec^2]: 5.334000e+24 
(FlareEnergyMax) Maximum flare energy [kg*m^2/sec^2]: 5.334000e+25 
(FlareYIntOUT) Instantaneous Davenport FFD y-intercept at current age and mass []: 20.266896 
(FlareSlopeOUT) Instantaneous Davenport FFD slope at current age and mass []: -0.644333 

Output Order: Time[year] Luminosity[LSUN] LXUVStellar[LSUN] LXUVFlare[LSUN] LXUVTot[LSUN]
Grid Output Order:

----- BODY: b ----
Active Modules: AtmEsc
Module Bit Sum: 9
Color: 000000
(Mass) Mass [kg]: 9.883727e+24 
(Radius) Radius [m]: 6.905158e+06 
(RadGyra) Radius of Gyration/Moment of Inertia Constant []: 0.500000 
(BodyType) Type of Body (0 == planet) []: 0.000000 
(Density) Average Density [kg/m^3]: 7166.567905 
(HZLimitDryRunaway) Semi-major axis of Dry Runaway HZ Limit [m]: 2.802796e+10 
(HZLimRecVenus) Recent Venus HZ Limit [m]: 2.510098e+10 
(HZLimRunaway) Runaway Greenhouse HZ Limit [m]: 3.310985e+10 
(HZLimMoistGreenhouse) Moist Greenhouse HZ Limit [m]: 3.321273e+10 
(HZLimMaxGreenhouse) Maximum Greenhouse HZ Limit [m]: 6.307852e+10 
(HZLimEarlyMars) Early Mars HZ Limit [m]: 6.879404e+10 
(Instellation) Orbit-averaged INcident STELLar radiATION [kg/sec^3]: 2.329065e+05 
(MeanMotion) Orbital Mean Motion [/sec]: 4.464425e-05 
(OrbPeriod) Orbital Period [sec]: 1.407390e+05 
(SemiMajorAxis) Semi-major Axis [m]: 2.366218e+09 
(LXUVTot) Total XUV Luminosity [kg/sec^3]: -1.000000 
(EscapeVelocity) Escape Velocity [m/sec]: 1.382263e+04 
----- ATMESC PARAMETERS (b)------
(SurfWaterMass) Surface water mass [kg]: 0.000000 
(EnvelopeMass) Envelope mass [kg]: 0.000000 
(OxygenMass) Oxygen mass in the atmosphere [kg]: 0.000000 
(RGLimit) Runaway greenhouse semi-major axis [m]: 3.173694e+10 
(XO) Atomic oxygen mixing ratio in upper atmosphere []: 0.000000 
(EtaO) Oxygen eta parameter (Luger and Barnes 2015) []: 0.000000 
(PlanetRadius) Planet radius [m]: 6.905158e+06 
(OxygenMantleMass) Mass of oxygen in mantle [kg]: 0.000000 
(RadXUV) XUV radius separating hydro. dyn. escape and equilibrium [m]: -1.000000 
(RadSolid) Radius to the solid surface [m]: -1.000000 
(PresXUV) Pressure at base of thermosphere [(null)]: 5.000000 
(ScaleHeight) Scale height in Lehmer & Catling (2016) model [m]: -1.000000 
(ThermTemp) Isothermal atmospheric temperature [K]: 400.000000 
(AtmGasConst) Atmospheric gas constant [(null)]: 4124.000000 
(PresSurf) Surface pressure due to atmosphere [Pa]: -1.000000 
(DEnvMassDt) Envelope Mass Loss Rate [kg/s]: 0.000000 
(FXUV) XUV flux [W/m^2]: 139.109871 
(AtmXAbsEffH2O) XUV atmospheric escape efficiency for H2O []: 0.300000 
(RocheRadius) Roche Lobe Radius [m]: 4.796170e+07 
(BondiRadius) Bondi Radius [m]: 3.466652e+08 
(HEscapeRegime) Integer flag for H envelope escape regime []: 8.000000 
(RRCriticalFlux) Critical XUV Flux that separates RR and energy-limited escape [W/m^2]: 71.531172 
(CrossoverMass) Crossover mass, defines oxygen is escaping if mc > mo [kg]: 0.000000 
(WaterEscapeRegime) What water escape regime the code is currently in []: 8.000000 
(FXUVCRITDRAG) Critical Drag XUV flux [W/m^2]: 0.574908 
(HREFFLUX) The Hydrogen Reference Flux (m^-2 s^-1) [m^-2 s^-1]: 8.372475e+19 
(XO2) Molecular oxygen mixing ratio in atmosphere []: 0.000000 
(XH2O) Water mixing ratio in upper atmosphere []: 0.000000 
(HDiffFlux) The Hydrogen Diffusion Flux (m^-2 s^-1) [m^-2 s^-1]: 2.678930e+17 
(HRefODragMod) Multiply by H ref flux to get flux with drag []: 1.000000 
(KTide) Mass loss enhancement due to stellar gravity []: 0.785534 
(CumulativeXUVFlux) Cumulative XUV flux [W/m^2]: 0.000000 
(RunawayGreenhouseFlux) Incident flux that triggers runaway greenhouse [kg/sec^3]: 1294.675574 
(RGDuration) Runaway Greenhouse Duration [years]: 0.00000e+00

Output Order: Time[year] CumulativeXUVFlux[W/m^2]
Grid Output Order:



---- FINAL SYSTEM PROPERTIES ----
(Age) System Age [sec]: 2.235634e+17 
(Time) Simulation Time [sec]: 2.233358e+17 
(TotAngMom) Total Angular Momentum [kg*m^2/sec]: 1.272371e+42 
(TotEnergy) Total System Energy [kg*m^2/sec^2]: -1.358365e+40 
(PotEnergy) Body's non-orbital Potential Energy [kg*m^2/sec^2]: -4.150399e+40 
(KinEnergy) Body's non-orbital Kinetic Energy [kg*m^2/sec^2]: 6.226165e+32 
(DeltaTime) Average Timestep Over Last Output Interval [sec]: 1.051920e+13 

----- BODY: star ----
Active Modules: FLARE STELLAR
Module Bit Sum: 577
Color: 000000
(Mass) Mass [kg]: 3.956215e+29 
(Radius) Radius [m]: 1.510169e+08 
(RadGyra) Radius of Gyration/Moment of Inertia Constant []: 0.460154 
(RotAngMom) Rotational Angular Momentum [kg*m^2/sec]: 1.542389e+39 
(RotVel) Rotational Velocity [m/sec]: 121.922027 
(BodyType) Type of Body (0 == planet) []: 0.000000 
(RotRate) Rotational Frequency [/sec]: 8.073402e-07 
(RotPer) Rotational Period [sec]: 7.782574e+06 
(Density) Average Density [kg/m^3]: 2.742297e+04 
(HZLimitDryRunaway) Semi-major axis of Dry Runaway HZ Limit [m]: 9.379083e+09 
(HZLimRecVenus) Recent Venus HZ Limit [m]: 8.394497e+09 
(HZLimRunaway) Runaway Greenhouse HZ Limit [m]: 1.107600e+10 
(HZLimMoistGreenhouse) Moist Greenhouse HZ Limit [m]: 1.110730e+10 
(HZLimMaxGreenhouse) Maximum Greenhouse HZ Limit [m]: 2.107018e+10 
(HZLimEarlyMars) Early Mars HZ Limit [m]: 2.297939e+10 
(Instellation) Orbit-averaged INcident STELLar radiATION [kg/sec^3]: -1.000000 
(CriticalSemiMajorAxis) Holman & Wiegert (1999) P-type Critical Semi-major Axis [m]: -1.000000 
(LXUVTot) Total XUV Luminosity [LSUN]: 6.614037e-07 
(LostEnergy) Body's Total Lost Energy [kg*m^2/sec^2]: 2.792040e+40 
(LostAngMom) Lost Angular Momentum due to Magnetic Braking [kg*m^2/sec]: 1.268358e+42 
(EscapeVelocity) Escape Velocity [m/sec]: 5.913497e+05 
----- STELLAR PARAMETERS (star)------
(Luminosity) Luminosity [LSUN]: 0.004771 
(LXUVStellar) Base X-ray/XUV Luminosity [LSUN]: 2.717316e-07 
(Temperature) Effective Temperature [K]: 3259.282806 
(LXUVFrac) Fraction of luminosity in XUV []: 5.695223e-05 
(RossbyNumber) Rossby Number []: 1.521595 
(DRotPerDtStellar) Time Rate of Change of Rotation Period in STELLAR []: 1.983164e-11 
(WindTorque) Stellar Wind Torque []: 2.995688e+21 
----- FLARE PARAMETERS (star)------
(LXUVFlare) XUV Luminosity from flares [LSUN]: 3.896720e-07 
(FlareFreq1) First value of flare frequency range [/sec]: 8.519014e-05 
(FlareFreq2) Second value of flare frequency range [/sec]: 6.633200e-05 
(FlareFreq3) Third value of flare frequency range [/sec]: 5.164839e-05 
(FlareFreq4) Fourth value of flare frequency range [/sec]: 4.021523e-05 
(FlareFreqMin) Frequency of the flares with the lowest energy [/sec]: 8.519014e-05 
(FlareFreqMid) Frequency of the flares with the middle energy in the energy range [/sec]: 6.977930e-06 
(FlareFreqMax) Frequency of the flares with the highest energy [/sec]: 5.715628e-07 
(FlareEnergy1) First value of flare energy range [kg*m^2/sec^2]: 5.334000e+23 
(FlareEnergy2) Second value of flare energy range [kg*m^2/sec^2]: 6.715108e+23 
(FlareEnergy3) Third value of flare energy range [kg*m^2/sec^2]: 8.453820e+23 
(FlareEnergy4) Fourth value of flare energy range [kg*m^2/sec^2]: 1.064273e+24 
(FlareEnergyMin) Minimum flare energy [kg*m^2/sec^2]: 5.334000e+23 
(FlareEnergyMid) Middle flare energy in the range of energy values [kg*m^2/sec^2]: 5.334000e+24 
(FlareEnergyMax) Maximum flare energy [kg*m^2/sec^2]: 5.334000e+25 
(FlareYIntOUT) Instantaneous Davenport FFD y-intercept at current age and mass []: 34.256846 
(FlareSlopeOUT) Instantaneous Davenport FFD slope at current age and mass []: -1.086663 

Output Order: Time[year] Luminosity[LSUN] LXUVStellar[LSUN] LXUVFlare[LSUN] LXUVTot[LSUN]
Grid Output Order:

----- BODY: b ----
Active Modules: AtmEsc
Module Bit Sum: 9
Color: 000000
(Mass) Mass [kg]: 9.883727e+24 
(Radius) Radius [m]: 6.905158e+06 
(RadGyra) Radius of Gyration/Moment of Inertia Constant []: 0.500000 
(BodyType) Type of Body (0 == planet) []: 0.000000 
(Density) Average Density [kg/m^3]: 7166.567905 
(HZLimitDryRunaway) Semi-major axis of Dry Runaway HZ Limit [m]: 9.379084e+09 
(HZLimRecVenus) Recent Venus HZ Limit [m]: 8.394497e+09 
(HZLimRunaway) Runaway Greenhouse HZ Limit [m]: 1.107600e+10 
(HZLimMoistGreenhouse) Moist Greenhouse HZ Limit [m]: 1.110730e+10 
(HZLimMaxGreenhouse) Maximum Greenhouse HZ Limit [m]: 2.107018e+10 
(HZLimEarlyMars) Early Mars HZ Limit [m]: 2.297939e+10 
(Instellation) Orbit-averaged INcident STELLar radiATION [kg/sec^3]: 2.608072e+04 
(MeanMotion) Orbital Mean Motion [/sec]: 4.464425e-05 
(OrbPeriod) Orbital Period [sec]: 1.407390e+05 
(SemiMajorAxis) Semi-major Axis [m]: 2.366218e+09 
(LXUVTot) Total XUV Luminosity [kg/sec^3]: -1.000000 
(EscapeVelocity) Escape Velocity [m/sec]: 1.382263e+04 
----- ATMESC PARAMETERS (b)------
(SurfWaterMass) Surface water mass [kg]: 0.000000 
(EnvelopeMass) Envelope mass [kg]: 0.000000 
(OxygenMass) Oxygen mass in the atmosphere [kg]: 0.000000 
(RGLimit) Runaway greenhouse semi-major axis [m]: 1.061688e+10 
(XO) Atomic oxygen mixing ratio in upper atmosphere []: 0.000000 
(EtaO) Oxygen eta parameter (Luger and Barnes 2015) []: 0.000000 
(PlanetRadius) Planet radius [m]: 6.905158e+06 
(OxygenMantleMass) Mass of oxygen in mantle [kg]: 0.000000 
(RadXUV) XUV radius separating hydro. dyn. escape and equilibrium [m]: -1.000000 
(RadSolid) Radius to the solid surface [m]: -1.000000 
(PresXUV) Pressure at base of thermosphere [(null)]: 5.000000 
(ScaleHeight) Scale height in Lehmer & Catling (2016) model [m]: -1.000000 
(ThermTemp) Isothermal atmospheric temperature [K]: 400.000000 
(AtmGasConst) Atmospheric gas constant [(null)]: 4124.000000 
(PresSurf) Surface pressure due to atmosphere [Pa]: -1.000000 
(DEnvMassDt) Envelope Mass Loss Rate [kg/s]: 0.000000 
(FXUV) XUV flux [W/m^2]: 3.615403 
(AtmXAbsEffH2O) XUV atmospheric escape efficiency for H2O []: 0.300000 
(RocheRadius) Roche Lobe Radius [m]: 4.796170e+07 
(BondiRadius) Bondi Radius [m]: 5.987962e+08 
(HEscapeRegime) Integer flag for H envelope escape regime []: 8.000000 
(RRCriticalFlux) Critical XUV Flux that separates RR and energy-limited escape [W/m^2]: 71.531172 
(CrossoverMass) Crossover mass, defines oxygen is escaping if mc > mo [kg]: 0.000000 
(WaterEscapeRegime) What water escape regime the code is currently in []: 8.000000 
(FXUVCRITDRAG) Critical Drag XUV flux [W/m^2]: 0.574908 
(HREFFLUX) The Hydrogen Reference Flux (m^-2 s^-1) [m^-2 s^-1]: 2.175969e+18 
(XO2) Molecular oxygen mixing ratio in atmosphere []: 0.000000 
(XH2O) Water mixing ratio in upper atmosphere []: 0.000000 
(HDiffFlux) The Hydrogen Diffusion Flux (m^-2 s^-1) [m^-2 s^-1]: 2.678930e+17 
(HRefODragMod) Multiply by H ref flux to get flux with drag []: 1.000000 
(KTide) Mass loss enhancement due to stellar gravity []: 0.785534 
(CumulativeXUVFlux) Cumulative XUV flux [W/m^2]: 1.968697e+18 
(RunawayGreenhouseFlux) Incident flux that triggers runaway greenhouse [kg/sec^3]: 1295.491808 
(RGDuration) Runaway Greenhouse Duration [years]: 0.00000e+00

Output Order: Time[year] CumulativeXUVFlux[W/m^2]
Grid Output Order:
