-------- Log file gj1132.log -------

Executable: /home/vplanet/.local/bin/vplanet
Version: Unknown
System Name: gj1132
Primary Input File: vpl.in
Body File #1: star.in
Body File #2: b.in
Allow files to be overwitten: Yes
Mass Units: Grams
Length Units: Meters
Time Units: Seconds
Angle Units: Radians

------- FORMATTING -----
Verbosity Level: 5
Crossover Decade for Scientific Notation: 4
Number of Digits After Decimal: 6
Integration Method: Runge-Kutta4
Direction: Forward
Time Step: 3.155760e+07
Stop Time: 2.112079e+17
Output Interval: 3.155760e+13
Use Variable Timestep: Yes
dEta: 0.010000
Minimum Value of ecc and obl: 1.000000e-10


---- INITIAL SYSTEM PROPERTIES ----
(Age) System Age [sec]: 1.539257e+14 
(Time) Simulation Time [sec]: 0.000000 
(TotAngMom) Total Angular Momentum [kg*m^2/sec]: 1.492622e+42 
(TotEnergy) Total System Energy [kg*m^2/sec^2]: -1.066649e+40 
(PotEnergy) Body's non-orbital Potential Energy [kg*m^2/sec^2]: -1.072062e+40 
(KinEnergy) Body's non-orbital Kinetic Energy [kg*m^2/sec^2]: 5.418594e+37 
(DeltaTime) Average Timestep Over Last Output Interval [sec]: 0.000000 

----- BODY: star ----
Active Modules: FLARE STELLAR
Module Bit Sum: 577
Color: 000000
(Mass) Mass [kg]: 3.714519e+29 
(Radius) Radius [m]: 5.153956e+08 
(RadGyra) Radius of Gyration/Moment of Inertia Constant []: 0.455722 
(RotAngMom) Rotational Angular Momentum [kg*m^2/sec]: 1.490220e+42 
(RotVel) Rotational Velocity [m/sec]: 3.748063e+04 
(BodyType) Type of Body (0 == planet) []: 0.000000 
(RotRate) Rotational Frequency [/sec]: 7.272205e-05 
(RotPer) Rotational Period [sec]: 8.640000e+04 
(Density) Average Density [kg/m^3]: 647.726595 
(HZLimitDryRunaway) Semi-major axis of Dry Runaway HZ Limit [m]: 3.064611e+10 
(HZLimRecVenus) Recent Venus HZ Limit [m]: 2.746800e+10 
(HZLimRunaway) Runaway Greenhouse HZ Limit [m]: 3.621845e+10 
(HZLimMoistGreenhouse) Moist Greenhouse HZ Limit [m]: 3.634469e+10 
(HZLimMaxGreenhouse) Maximum Greenhouse HZ Limit [m]: 6.913788e+10 
(HZLimEarlyMars) Early Mars HZ Limit [m]: 7.540224e+10 
(Instellation) Orbit-averaged INcident STELLar radiATION [kg/sec^3]: -1.000000 
(CriticalSemiMajorAxis) Holman & Wiegert (1999) P-type Critical Semi-major Axis [m]: -1.000000 
(LXUVTot) Total XUV Luminosity [LSUN]: 2.600708e-05 
(LostEnergy) Body's Total Lost Energy [kg*m^2/sec^2]: 5.562685e-309 
(LostAngMom) Lost Angular Momentum due to Magnetic Braking [kg*m^2/sec]: 5.562685e-309 
(EscapeVelocity) Escape Velocity [m/sec]: 3.101688e+05 
----- STELLAR PARAMETERS (star)------
(Luminosity) Luminosity [LSUN]: 0.050940 
(LXUVStellar) Base X-ray/XUV Luminosity [LSUN]: 2.520449e-05 
(Temperature) Effective Temperature [K]: 3185.875345 
(LXUVFrac) Fraction of luminosity in XUV []: 0.000495 
(RossbyNumber) Rossby Number []: 0.016269 
(DRotPerDtStellar) Time Rate of Change of Rotation Period in STELLAR []: -1.236616e-10 
(WindTorque) Stellar Wind Torque []: 5.066380e+27 
----- FLARE PARAMETERS (star)------
(LXUVFlare) XUV Luminosity from flares [LSUN]: 8.025831e-07 
(FlareFreq1) First value of flare frequency range [/sec]: 3.222297e-05 
(FlareFreq2) Second value of flare frequency range [/sec]: 2.791400e-05 
(FlareFreq3) Third value of flare frequency range [/sec]: 2.418125e-05 
(FlareFreq4) Fourth value of flare frequency range [/sec]: 2.094765e-05 
(FlareFreqMin) Frequency of the flares with the lowest energy [/sec]: 3.222297e-05 
(FlareFreqMid) Frequency of the flares with the middle energy in the energy range [/sec]: 7.668873e-06 
(FlareFreqMax) Frequency of the flares with the highest energy [/sec]: 1.825146e-06 
(FlareEnergy1) First value of flare energy range [kg*m^2/sec^2]: 5.334000e+23 
(FlareEnergy2) Second value of flare energy range [kg*m^2/sec^2]: 6.715108e+23 
(FlareEnergy3) Third value of flare energy range [kg*m^2/sec^2]: 8.453820e+23 
(FlareEnergy4) Fourth value of flare energy range [kg*m^2/sec^2]: 1.064273e+24 
(FlareEnergyMin) Minimum flare energy [kg*m^2/sec^2]: 5.334000e+23 
(FlareEnergyMid) Middle flare energy in the range of energy values [kg*m^2/sec^2]: 5.334000e+24 
(FlareEnergyMax) Maximum flare energy [kg*m^2/sec^2]: 5.334000e+25 
(FlareYIntOUT) Instantaneous Davenport FFD y-intercept at current age and mass []: 19.600967 
(FlareSlopeOUT) Instantaneous Davenport FFD slope at current age and mass []: -0.623434 

Output Order: Time[year] Luminosity[LSUN] LXUVStellar[LSUN] LXUVFlare[LSUN] LXUVTot[LSUN]
Grid Output Order:

----- BODY: b ----
Active Modules: AtmEsc
Module Bit Sum: 9
Color: 000000
(Mass) Mass [kg]: 1.001987e+25 
(Radius) Radius [m]: 7.017294e+06 
(RadGyra) Radius of Gyration/Moment of Inertia Constant []: 0.500000 
(BodyType) Type of Body (0 == planet) []: 0.000000 
(Density) Average Density [kg/m^3]: 6922.522368 
(HZLimitDryRunaway) Semi-major axis of Dry Runaway HZ Limit [m]: 3.064613e+10 
(HZLimRecVenus) Recent Venus HZ Limit [m]: 2.746800e+10 
(HZLimRunaway) Runaway Greenhouse HZ Limit [m]: 3.621845e+10 
(HZLimMoistGreenhouse) Moist Greenhouse HZ Limit [m]: 3.634469e+10 
(HZLimMaxGreenhouse) Maximum Greenhouse HZ Limit [m]: 6.913788e+10 
(HZLimEarlyMars) Early Mars HZ Limit [m]: 7.540224e+10 
(Instellation) Orbit-averaged INcident STELLar radiATION [kg/sec^3]: 2.903976e+05 
(MeanMotion) Orbital Mean Motion [/sec]: 4.464366e-05 
(OrbPeriod) Orbital Period [sec]: 1.407408e+05 
(SemiMajorAxis) Semi-major Axis [m]: 2.317037e+09 
(LXUVTot) Total XUV Luminosity [kg/sec^3]: -1.000000 
(EscapeVelocity) Escape Velocity [m/sec]: 1.380586e+04 
----- ATMESC PARAMETERS (b)------
(SurfWaterMass) Surface water mass [kg]: 0.000000 
(EnvelopeMass) Envelope mass [kg]: 0.000000 
(OxygenMass) Oxygen mass in the atmosphere [kg]: 0.000000 
(RGLimit) Runaway greenhouse semi-major axis [m]: 3.470520e+10 
(XO) Atomic oxygen mixing ratio in upper atmosphere []: 0.000000 
(EtaO) Oxygen eta parameter (Luger and Barnes 2015) []: 0.000000 
(PlanetRadius) Planet radius [m]: 7.017294e+06 
(OxygenMantleMass) Mass of oxygen in mantle [kg]: 0.000000 
(RadXUV) XUV radius separating hydro. dyn. escape and equilibrium [m]: -1.000000 
(RadSolid) Radius to the solid surface [m]: -1.000000 
(PresXUV) Pressure at base of thermosphere [(null)]: 5.000000 
(ScaleHeight) Scale height in Lehmer & Catling (2016) model [m]: -1.000000 
(ThermTemp) Isothermal atmospheric temperature [K]: 400.000000 
(AtmGasConst) Atmospheric gas constant [(null)]: 4124.000000 
(PresSurf) Surface pressure due to atmosphere [Pa]: -1.000000 
(DEnvMassDt) Envelope Mass Loss Rate [kg/s]: 0.000000 
(FXUV) XUV flux [W/m^2]: 148.260407 
(AtmXAbsEffH2O) XUV atmospheric escape efficiency for H2O []: 0.300000 
(RocheRadius) Roche Lobe Radius [m]: 4.818137e+07 
(BondiRadius) Bondi Radius [m]: 3.397167e+08 
(HEscapeRegime) Integer flag for H envelope escape regime []: 8.000000 
(RRCriticalFlux) Critical XUV Flux that separates RR and energy-limited escape [W/m^2]: 69.610093 
(CrossoverMass) Crossover mass, defines oxygen is escaping if mc > mo [kg]: 0.000000 
(WaterEscapeRegime) What water escape regime the code is currently in []: 8.000000 
(FXUVCRITDRAG) Critical Drag XUV flux [W/m^2]: 0.562979 
(HREFFLUX) The Hydrogen Reference Flux (m^-2 s^-1) [m^-2 s^-1]: 8.972937e+19 
(XO2) Molecular oxygen mixing ratio in atmosphere []: 0.000000 
(XH2O) Water mixing ratio in upper atmosphere []: 0.000000 
(HDiffFlux) The Hydrogen Diffusion Flux (m^-2 s^-1) [m^-2 s^-1]: 2.629726e+17 
(HRefODragMod) Multiply by H ref flux to get flux with drag []: 1.000000 
(KTide) Mass loss enhancement due to stellar gravity []: 0.783080 
(CumulativeXUVFlux) Cumulative XUV flux [W/m^2]: 0.000000 
(RunawayGreenhouseFlux) Incident flux that triggers runaway greenhouse [kg/sec^3]: 1294.403284 
(RGDuration) Runaway Greenhouse Duration [years]: 0.00000e+00

Output Order: Time[year] CumulativeXUVFlux[W/m^2]
Grid Output Order:



---- FINAL SYSTEM PROPERTIES ----
(Age) System Age [sec]: 2.113620e+17 
(Time) Simulation Time [sec]: 2.112081e+17 
(TotAngMom) Total Angular Momentum [kg*m^2/sec]: 1.493078e+42 
(TotEnergy) Total System Energy [kg*m^2/sec^2]: -1.066538e+40 
(PotEnergy) Body's non-orbital Potential Energy [kg*m^2/sec^2]: -3.928636e+40 
(KinEnergy) Body's non-orbital Kinetic Energy [kg*m^2/sec^2]: 6.209731e+32 
(DeltaTime) Average Timestep Over Last Output Interval [sec]: 1.972350e+12 

----- BODY: star ----
Active Modules: FLARE STELLAR
Module Bit Sum: 577
Color: 000000
(Mass) Mass [kg]: 3.714519e+29 
(Radius) Radius [m]: 1.406433e+08 
(RadGyra) Radius of Gyration/Moment of Inertia Constant []: 0.460662 
(RotAngMom) Rotational Angular Momentum [kg*m^2/sec]: 1.391567e+39 
(RotVel) Rotational Velocity [m/sec]: 125.521359 
(BodyType) Type of Body (0 == planet) []: 0.000000 
(RotRate) Rotational Frequency [/sec]: 8.924802e-07 
(RotPer) Rotational Period [sec]: 7.040139e+06 
(Density) Average Density [kg/m^3]: 3.187549e+04 
(HZLimitDryRunaway) Semi-major axis of Dry Runaway HZ Limit [m]: 8.621523e+09 
(HZLimRecVenus) Recent Venus HZ Limit [m]: 7.721454e+09 
(HZLimRunaway) Runaway Greenhouse HZ Limit [m]: 1.018493e+10 
(HZLimMoistGreenhouse) Moist Greenhouse HZ Limit [m]: 1.021675e+10 
(HZLimMaxGreenhouse) Maximum Greenhouse HZ Limit [m]: 1.940533e+10 
(HZLimEarlyMars) Early Mars HZ Limit [m]: 2.116363e+10 
(Instellation) Orbit-averaged INcident STELLar radiATION [kg/sec^3]: -1.000000 
(CriticalSemiMajorAxis) Holman & Wiegert (1999) P-type Critical Semi-major Axis [m]: -1.000000 
(LXUVTot) Total XUV Luminosity [LSUN]: 5.146080e-07 
(LostEnergy) Body's Total Lost Energy [kg*m^2/sec^2]: 2.862103e+40 
(LostAngMom) Lost Angular Momentum due to Magnetic Braking [kg*m^2/sec]: 1.489285e+42 
(EscapeVelocity) Escape Velocity [m/sec]: 5.937573e+05 
----- STELLAR PARAMETERS (star)------
(Luminosity) Luminosity [LSUN]: 0.004032 
(LXUVStellar) Base X-ray/XUV Luminosity [LSUN]: 1.212240e-07 
(Temperature) Effective Temperature [K]: 3226.232709 
(LXUVFrac) Fraction of luminosity in XUV []: 3.006852e-05 
(RossbyNumber) Rossby Number []: 1.353335 
(DRotPerDtStellar) Time Rate of Change of Rotation Period in STELLAR []: 1.860643e-11 
(WindTorque) Stellar Wind Torque []: 3.528769e+21 
----- FLARE PARAMETERS (star)------
(LXUVFlare) XUV Luminosity from flares [LSUN]: 3.933836e-07 
(FlareFreq1) First value of flare frequency range [/sec]: 8.784570e-05 
(FlareFreq2) Second value of flare frequency range [/sec]: 6.829814e-05 
(FlareFreq3) Third value of flare frequency range [/sec]: 5.310034e-05 
(FlareFreq4) Fourth value of flare frequency range [/sec]: 4.128437e-05 
(FlareFreqMin) Frequency of the flares with the lowest energy [/sec]: 8.784570e-05 
(FlareFreqMid) Frequency of the flares with the middle energy in the energy range [/sec]: 7.089316e-06 
(FlareFreqMax) Frequency of the flares with the highest energy [/sec]: 5.721213e-07 
(FlareEnergy1) First value of flare energy range [kg*m^2/sec^2]: 5.334000e+23 
(FlareEnergy2) Second value of flare energy range [kg*m^2/sec^2]: 6.715108e+23 
(FlareEnergy3) Third value of flare energy range [kg*m^2/sec^2]: 8.453820e+23 
(FlareEnergy4) Fourth value of flare energy range [kg*m^2/sec^2]: 1.064273e+24 
(FlareEnergyMin) Minimum flare energy [kg*m^2/sec^2]: 5.334000e+23 
(FlareEnergyMid) Middle flare energy in the range of energy values [kg*m^2/sec^2]: 5.334000e+24 
(FlareEnergyMax) Maximum flare energy [kg*m^2/sec^2]: 5.334000e+25 
(FlareYIntOUT) Instantaneous Davenport FFD y-intercept at current age and mass []: 34.468473 
(FlareSlopeOUT) Instantaneous Davenport FFD slope at current age and mass []: -1.093116 

Output Order: Time[year] Luminosity[LSUN] LXUVStellar[LSUN] LXUVFlare[LSUN] LXUVTot[LSUN]
Grid Output Order:

----- BODY: b ----
Active Modules: AtmEsc
Module Bit Sum: 9
Color: 000000
(Mass) Mass [kg]: 1.001987e+25 
(Radius) Radius [m]: 7.017294e+06 
(RadGyra) Radius of Gyration/Moment of Inertia Constant []: 0.500000 
(BodyType) Type of Body (0 == planet) []: 0.000000 
(Density) Average Density [kg/m^3]: 6922.522368 
(HZLimitDryRunaway) Semi-major axis of Dry Runaway HZ Limit [m]: 8.621528e+09 
(HZLimRecVenus) Recent Venus HZ Limit [m]: 7.721454e+09 
(HZLimRunaway) Runaway Greenhouse HZ Limit [m]: 1.018493e+10 
(HZLimMoistGreenhouse) Moist Greenhouse HZ Limit [m]: 1.021675e+10 
(HZLimMaxGreenhouse) Maximum Greenhouse HZ Limit [m]: 1.940533e+10 
(HZLimEarlyMars) Early Mars HZ Limit [m]: 2.116363e+10 
(Instellation) Orbit-averaged INcident STELLar radiATION [kg/sec^3]: 2.298319e+04 
(MeanMotion) Orbital Mean Motion [/sec]: 4.464366e-05 
(OrbPeriod) Orbital Period [sec]: 1.407408e+05 
(SemiMajorAxis) Semi-major Axis [m]: 2.317037e+09 
(LXUVTot) Total XUV Luminosity [kg/sec^3]: -1.000000 
(EscapeVelocity) Escape Velocity [m/sec]: 1.380586e+04 
----- ATMESC PARAMETERS (b)------
(SurfWaterMass) Surface water mass [kg]: 0.000000 
(EnvelopeMass) Envelope mass [kg]: 0.000000 
(OxygenMass) Oxygen mass in the atmosphere [kg]: 0.000000 
(RGLimit) Runaway greenhouse semi-major axis [m]: 9.759523e+09 
(XO) Atomic oxygen mixing ratio in upper atmosphere []: 0.000000 
(EtaO) Oxygen eta parameter (Luger and Barnes 2015) []: 0.000000 
(PlanetRadius) Planet radius [m]: 7.017294e+06 
(OxygenMantleMass) Mass of oxygen in mantle [kg]: 0.000000 
(RadXUV) XUV radius separating hydro. dyn. escape and equilibrium [m]: -1.000000 
(RadSolid) Radius to the solid surface [m]: -1.000000 
(PresXUV) Pressure at base of thermosphere [(null)]: 5.000000 
(ScaleHeight) Scale height in Lehmer & Catling (2016) model [m]: -1.000000 
(ThermTemp) Isothermal atmospheric temperature [K]: 400.000000 
(AtmGasConst) Atmospheric gas constant [(null)]: 4124.000000 
(PresSurf) Surface pressure due to atmosphere [Pa]: -1.000000 
(DEnvMassDt) Envelope Mass Loss Rate [kg/s]: 0.000000 
(FXUV) XUV flux [W/m^2]: 2.933663 
(AtmXAbsEffH2O) XUV atmospheric escape efficiency for H2O []: 0.300000 
(RocheRadius) Roche Lobe Radius [m]: 4.818137e+07 
(BondiRadius) Bondi Radius [m]: 6.421860e+08 
(HEscapeRegime) Integer flag for H envelope escape regime []: 8.000000 
(RRCriticalFlux) Critical XUV Flux that separates RR and energy-limited escape [W/m^2]: 69.610093 
(CrossoverMass) Crossover mass, defines oxygen is escaping if mc > mo [kg]: 0.000000 
(WaterEscapeRegime) What water escape regime the code is currently in []: 8.000000 
(FXUVCRITDRAG) Critical Drag XUV flux [W/m^2]: 0.562979 
(HREFFLUX) The Hydrogen Reference Flux (m^-2 s^-1) [m^-2 s^-1]: 1.775496e+18 
(XO2) Molecular oxygen mixing ratio in atmosphere []: 0.000000 
(XH2O) Water mixing ratio in upper atmosphere []: 0.000000 
(HDiffFlux) The Hydrogen Diffusion Flux (m^-2 s^-1) [m^-2 s^-1]: 2.629726e+17 
(HRefODragMod) Multiply by H ref flux to get flux with drag []: 1.000000 
(KTide) Mass loss enhancement due to stellar gravity []: 0.783080 
(CumulativeXUVFlux) Cumulative XUV flux [W/m^2]: 1.313147e+18 
(RunawayGreenhouseFlux) Incident flux that triggers runaway greenhouse [kg/sec^3]: 1295.443804 
(RGDuration) Runaway Greenhouse Duration [years]: 0.00000e+00

Output Order: Time[year] CumulativeXUVFlux[W/m^2]
Grid Output Order:
