-------- Log file gj1132.log -------

Executable: /home/vplanet/.local/bin/vplanet
Version: Unknown
System Name: gj1132
Primary Input File: vpl.in
Body File #1: star.in
Body File #2: b.in
Allow files to be overwitten: Yes
Mass Units: Grams
Length Units: Meters
Time Units: Seconds
Angle Units: Radians

------- FORMATTING -----
Verbosity Level: 5
Crossover Decade for Scientific Notation: 4
Number of Digits After Decimal: 6
Integration Method: Runge-Kutta4
Direction: Forward
Time Step: 3.155760e+07
Stop Time: 2.444263e+17
Output Interval: 3.155760e+13
Use Variable Timestep: Yes
dEta: 0.010000
Minimum Value of ecc and obl: 1.000000e-10


---- INITIAL SYSTEM PROPERTIES ----
(Age) System Age [sec]: 1.440532e+14 
(Time) Simulation Time [sec]: 0.000000 
(TotAngMom) Total Angular Momentum [kg*m^2/sec]: 1.735173e+42 
(TotEnergy) Total System Energy [kg*m^2/sec^2]: -1.133283e+40 
(PotEnergy) Body's non-orbital Potential Energy [kg*m^2/sec^2]: -1.139578e+40 
(KinEnergy) Body's non-orbital Kinetic Energy [kg*m^2/sec^2]: 6.300323e+37 
(DeltaTime) Average Timestep Over Last Output Interval [sec]: 0.000000 

----- BODY: star ----
Active Modules: FLARE STELLAR
Module Bit Sum: 577
Color: 000000
(Mass) Mass [kg]: 3.924615e+29 
(Radius) Radius [m]: 5.412597e+08 
(RadGyra) Radius of Gyration/Moment of Inertia Constant []: 0.455225 
(RotAngMom) Rotational Angular Momentum [kg*m^2/sec]: 1.732713e+42 
(RotVel) Rotational Velocity [m/sec]: 3.936151e+04 
(BodyType) Type of Body (0 == planet) []: 0.000000 
(RotRate) Rotational Frequency [/sec]: 7.272205e-05 
(RotPer) Rotational Period [sec]: 8.640000e+04 
(Density) Average Density [kg/m^3]: 590.869331 
(HZLimitDryRunaway) Semi-major axis of Dry Runaway HZ Limit [m]: 3.253652e+10 
(HZLimRecVenus) Recent Venus HZ Limit [m]: 2.915203e+10 
(HZLimRunaway) Runaway Greenhouse HZ Limit [m]: 3.844530e+10 
(HZLimMoistGreenhouse) Moist Greenhouse HZ Limit [m]: 3.857293e+10 
(HZLimMaxGreenhouse) Maximum Greenhouse HZ Limit [m]: 7.332488e+10 
(HZLimEarlyMars) Early Mars HZ Limit [m]: 7.996869e+10 
(Instellation) Orbit-averaged INcident STELLar radiATION [kg/sec^3]: -1.000000 
(CriticalSemiMajorAxis) Holman & Wiegert (1999) P-type Critical Semi-major Axis [m]: -1.000000 
(LXUVTot) Total XUV Luminosity [LSUN]: 0.000160 
(LostEnergy) Body's Total Lost Energy [kg*m^2/sec^2]: 5.562685e-309 
(LostAngMom) Lost Angular Momentum due to Magnetic Braking [kg*m^2/sec]: 5.562685e-309 
(EscapeVelocity) Escape Velocity [m/sec]: 3.111092e+05 
----- STELLAR PARAMETERS (star)------
(Luminosity) Luminosity [LSUN]: 0.057418 
(LXUVStellar) Base X-ray/XUV Luminosity [LSUN]: 0.000159 
(Temperature) Effective Temperature [K]: 3204.435273 
(LXUVFrac) Fraction of luminosity in XUV []: 0.002768 
(RossbyNumber) Rossby Number []: 0.016424 
(DRotPerDtStellar) Time Rate of Change of Rotation Period in STELLAR []: -9.005607e-11 
(WindTorque) Stellar Wind Torque []: 6.341339e+27 
----- FLARE PARAMETERS (star)------
(LXUVFlare) XUV Luminosity from flares [LSUN]: 8.224842e-07 
(FlareFreq1) First value of flare frequency range [/sec]: 3.189295e-05 
(FlareFreq2) Second value of flare frequency range [/sec]: 2.768328e-05 
(FlareFreq3) Third value of flare frequency range [/sec]: 2.402926e-05 
(FlareFreq4) Fourth value of flare frequency range [/sec]: 2.085755e-05 
(FlareFreqMin) Frequency of the flares with the lowest energy [/sec]: 3.189295e-05 
(FlareFreqMid) Frequency of the flares with the middle energy in the energy range [/sec]: 7.743255e-06 
(FlareFreqMax) Frequency of the flares with the highest energy [/sec]: 1.879977e-06 
(FlareEnergy1) First value of flare energy range [kg*m^2/sec^2]: 5.334000e+23 
(FlareEnergy2) Second value of flare energy range [kg*m^2/sec^2]: 6.715108e+23 
(FlareEnergy3) Third value of flare energy range [kg*m^2/sec^2]: 8.453820e+23 
(FlareEnergy4) Fourth value of flare energy range [kg*m^2/sec^2]: 1.064273e+24 
(FlareEnergyMin) Minimum flare energy [kg*m^2/sec^2]: 5.334000e+23 
(FlareEnergyMid) Middle flare energy in the range of energy values [kg*m^2/sec^2]: 5.334000e+24 
(FlareEnergyMax) Maximum flare energy [kg*m^2/sec^2]: 5.334000e+25 
(FlareYIntOUT) Instantaneous Davenport FFD y-intercept at current age and mass []: 19.330313 
(FlareSlopeOUT) Instantaneous Davenport FFD slope at current age and mass []: -0.614771 

Output Order: Time[year] Luminosity[LSUN] LXUVStellar[LSUN] LXUVFlare[LSUN] LXUVTot[LSUN]
Grid Output Order:

----- BODY: b ----
Active Modules: AtmEsc
Module Bit Sum: 9
Color: 000000
(Mass) Mass [kg]: 9.893886e+24 
(Radius) Radius [m]: 7.150445e+06 
(RadGyra) Radius of Gyration/Moment of Inertia Constant []: 0.500000 
(BodyType) Type of Body (0 == planet) []: 0.000000 
(Density) Average Density [kg/m^3]: 6460.693014 
(HZLimitDryRunaway) Semi-major axis of Dry Runaway HZ Limit [m]: 3.253652e+10 
(HZLimRecVenus) Recent Venus HZ Limit [m]: 2.915203e+10 
(HZLimRunaway) Runaway Greenhouse HZ Limit [m]: 3.844530e+10 
(HZLimMoistGreenhouse) Moist Greenhouse HZ Limit [m]: 3.857293e+10 
(HZLimMaxGreenhouse) Maximum Greenhouse HZ Limit [m]: 7.332488e+10 
(HZLimEarlyMars) Early Mars HZ Limit [m]: 7.996869e+10 
(Instellation) Orbit-averaged INcident STELLar radiATION [kg/sec^3]: 3.155451e+05 
(MeanMotion) Orbital Mean Motion [/sec]: 4.464415e-05 
(OrbPeriod) Orbital Period [sec]: 1.407393e+05 
(SemiMajorAxis) Semi-major Axis [m]: 2.359904e+09 
(LXUVTot) Total XUV Luminosity [kg/sec^3]: -1.000000 
(EscapeVelocity) Escape Velocity [m/sec]: 1.359046e+04 
----- ATMESC PARAMETERS (b)------
(SurfWaterMass) Surface water mass [kg]: 0.000000 
(EnvelopeMass) Envelope mass [kg]: 0.000000 
(OxygenMass) Oxygen mass in the atmosphere [kg]: 0.000000 
(RGLimit) Runaway greenhouse semi-major axis [m]: 3.684997e+10 
(XO) Atomic oxygen mixing ratio in upper atmosphere []: 0.000000 
(EtaO) Oxygen eta parameter (Luger and Barnes 2015) []: 0.000000 
(PlanetRadius) Planet radius [m]: 7.150445e+06 
(OxygenMantleMass) Mass of oxygen in mantle [kg]: 0.000000 
(RadXUV) XUV radius separating hydro. dyn. escape and equilibrium [m]: -1.000000 
(RadSolid) Radius to the solid surface [m]: -1.000000 
(PresXUV) Pressure at base of thermosphere [(null)]: 5.000000 
(ScaleHeight) Scale height in Lehmer & Catling (2016) model [m]: -1.000000 
(ThermTemp) Isothermal atmospheric temperature [K]: 400.000000 
(AtmGasConst) Atmospheric gas constant [(null)]: 4124.000000 
(PresSurf) Surface pressure due to atmosphere [Pa]: -1.000000 
(DEnvMassDt) Envelope Mass Loss Rate [kg/s]: 0.000000 
(FXUV) XUV flux [W/m^2]: 877.886865 
(AtmXAbsEffH2O) XUV atmospheric escape efficiency for H2O []: 0.300000 
(RocheRadius) Roche Lobe Radius [m]: 4.797820e+07 
(BondiRadius) Bondi Radius [m]: 3.224674e+08 
(HEscapeRegime) Integer flag for H envelope escape regime []: 8.000000 
(RRCriticalFlux) Critical XUV Flux that separates RR and energy-limited escape [W/m^2]: 63.336364 
(CrossoverMass) Crossover mass, defines oxygen is escaping if mc > mo [kg]: 0.000000 
(WaterEscapeRegime) What water escape regime the code is currently in []: 8.000000 
(FXUVCRITDRAG) Critical Drag XUV flux [W/m^2]: 0.518814 
(HREFFLUX) The Hydrogen Reference Flux (m^-2 s^-1) [m^-2 s^-1]: 5.517926e+20 
(XO2) Molecular oxygen mixing ratio in atmosphere []: 0.000000 
(XH2O) Water mixing ratio in upper atmosphere []: 0.000000 
(HDiffFlux) The Hydrogen Diffusion Flux (m^-2 s^-1) [m^-2 s^-1]: 2.500856e+17 
(HRefODragMod) Multiply by H ref flux to get flux with drag []: 1.000000 
(KTide) Mass loss enhancement due to stellar gravity []: 0.778102 
(CumulativeXUVFlux) Cumulative XUV flux [W/m^2]: 0.000000 
(RunawayGreenhouseFlux) Incident flux that triggers runaway greenhouse [kg/sec^3]: 1294.124370 
(RGDuration) Runaway Greenhouse Duration [years]: 0.00000e+00

Output Order: Time[year] CumulativeXUVFlux[W/m^2]
Grid Output Order:



---- FINAL SYSTEM PROPERTIES ----
(Age) System Age [sec]: 2.445892e+17 
(Time) Simulation Time [sec]: 2.444452e+17 
(TotAngMom) Total Angular Momentum [kg*m^2/sec]: 1.734573e+42 
(TotEnergy) Total System Energy [kg*m^2/sec^2]: -1.133652e+40 
(PotEnergy) Body's non-orbital Potential Energy [kg*m^2/sec^2]: -4.131098e+40 
(KinEnergy) Body's non-orbital Kinetic Energy [kg*m^2/sec^2]: 5.763434e+32 
(DeltaTime) Average Timestep Over Last Output Interval [sec]: 1.577880e+13 

----- BODY: star ----
Active Modules: FLARE STELLAR
Module Bit Sum: 577
Color: 000000
(Mass) Mass [kg]: 3.924615e+29 
(Radius) Radius [m]: 1.493084e+08 
(RadGyra) Radius of Gyration/Moment of Inertia Constant []: 0.460232 
(RotAngMom) Rotational Angular Momentum [kg*m^2/sec]: 1.461555e+39 
(RotVel) Rotational Velocity [m/sec]: 117.755276 
(BodyType) Type of Body (0 == planet) []: 0.000000 
(RotRate) Rotational Frequency [/sec]: 7.886715e-07 
(RotPer) Rotational Period [sec]: 7.966797e+06 
(Density) Average Density [kg/m^3]: 2.814853e+04 
(HZLimitDryRunaway) Semi-major axis of Dry Runaway HZ Limit [m]: 9.264688e+09 
(HZLimRecVenus) Recent Venus HZ Limit [m]: 8.292859e+09 
(HZLimRunaway) Runaway Greenhouse HZ Limit [m]: 1.094145e+10 
(HZLimMoistGreenhouse) Moist Greenhouse HZ Limit [m]: 1.097281e+10 
(HZLimMaxGreenhouse) Maximum Greenhouse HZ Limit [m]: 2.081871e+10 
(HZLimEarlyMars) Early Mars HZ Limit [m]: 2.270513e+10 
(Instellation) Orbit-averaged INcident STELLar radiATION [kg/sec^3]: -1.000000 
(CriticalSemiMajorAxis) Holman & Wiegert (1999) P-type Critical Semi-major Axis [m]: -1.000000 
(LXUVTot) Total XUV Luminosity [LSUN]: 7.603943e-07 
(LostEnergy) Body's Total Lost Energy [kg*m^2/sec^2]: 2.997451e+40 
(LostAngMom) Lost Angular Momentum due to Magnetic Braking [kg*m^2/sec]: 1.730652e+42 
(EscapeVelocity) Escape Velocity [m/sec]: 5.923435e+05 
----- STELLAR PARAMETERS (star)------
(Luminosity) Luminosity [LSUN]: 0.004656 
(LXUVStellar) Base X-ray/XUV Luminosity [LSUN]: 3.769555e-07 
(Temperature) Effective Temperature [K]: 3254.708012 
(LXUVFrac) Fraction of luminosity in XUV []: 8.096920e-05 
(RossbyNumber) Rossby Number []: 1.553967 
(DRotPerDtStellar) Time Rate of Change of Rotation Period in STELLAR []: 1.342160e-11 
(WindTorque) Stellar Wind Torque []: 2.521520e+21 
----- FLARE PARAMETERS (star)------
(LXUVFlare) XUV Luminosity from flares [LSUN]: 3.834348e-07 
(FlareFreq1) First value of flare frequency range [/sec]: 8.524457e-05 
(FlareFreq2) Second value of flare frequency range [/sec]: 6.629647e-05 
(FlareFreq3) Third value of flare frequency range [/sec]: 5.156013e-05 
(FlareFreq4) Fourth value of flare frequency range [/sec]: 4.009938e-05 
(FlareFreqMin) Frequency of the flares with the lowest energy [/sec]: 8.524457e-05 
(FlareFreqMid) Frequency of the flares with the middle energy in the energy range [/sec]: 6.900862e-06 
(FlareFreqMax) Frequency of the flares with the highest energy [/sec]: 5.586502e-07 
(FlareEnergy1) First value of flare energy range [kg*m^2/sec^2]: 5.334000e+23 
(FlareEnergy2) Second value of flare energy range [kg*m^2/sec^2]: 6.715108e+23 
(FlareEnergy3) Third value of flare energy range [kg*m^2/sec^2]: 8.453820e+23 
(FlareEnergy4) Fourth value of flare energy range [kg*m^2/sec^2]: 1.064273e+24 
(FlareEnergyMin) Minimum flare energy [kg*m^2/sec^2]: 5.334000e+23 
(FlareEnergyMid) Middle flare energy in the range of energy values [kg*m^2/sec^2]: 5.334000e+24 
(FlareEnergyMax) Maximum flare energy [kg*m^2/sec^2]: 5.334000e+25 
(FlareYIntOUT) Instantaneous Davenport FFD y-intercept at current age and mass []: 34.413852 
(FlareSlopeOUT) Instantaneous Davenport FFD slope at current age and mass []: -1.091763 

Output Order: Time[year] Luminosity[LSUN] LXUVStellar[LSUN] LXUVFlare[LSUN] LXUVTot[LSUN]
Grid Output Order:

----- BODY: b ----
Active Modules: AtmEsc
Module Bit Sum: 9
Color: 000000
(Mass) Mass [kg]: 9.893886e+24 
(Radius) Radius [m]: 7.150445e+06 
(RadGyra) Radius of Gyration/Moment of Inertia Constant []: 0.500000 
(BodyType) Type of Body (0 == planet) []: 0.000000 
(Density) Average Density [kg/m^3]: 6460.693014 
(HZLimitDryRunaway) Semi-major axis of Dry Runaway HZ Limit [m]: 9.264689e+09 
(HZLimRecVenus) Recent Venus HZ Limit [m]: 8.292859e+09 
(HZLimRunaway) Runaway Greenhouse HZ Limit [m]: 1.094145e+10 
(HZLimMoistGreenhouse) Moist Greenhouse HZ Limit [m]: 1.097281e+10 
(HZLimMaxGreenhouse) Maximum Greenhouse HZ Limit [m]: 2.081871e+10 
(HZLimEarlyMars) Early Mars HZ Limit [m]: 2.270513e+10 
(Instellation) Orbit-averaged INcident STELLar radiATION [kg/sec^3]: 2.558473e+04 
(MeanMotion) Orbital Mean Motion [/sec]: 4.464415e-05 
(OrbPeriod) Orbital Period [sec]: 1.407393e+05 
(SemiMajorAxis) Semi-major Axis [m]: 2.359904e+09 
(LXUVTot) Total XUV Luminosity [kg/sec^3]: -1.000000 
(EscapeVelocity) Escape Velocity [m/sec]: 1.359046e+04 
----- ATMESC PARAMETERS (b)------
(SurfWaterMass) Surface water mass [kg]: 0.000000 
(EnvelopeMass) Envelope mass [kg]: 0.000000 
(OxygenMass) Oxygen mass in the atmosphere [kg]: 0.000000 
(RGLimit) Runaway greenhouse semi-major axis [m]: 1.048763e+10 
(XO) Atomic oxygen mixing ratio in upper atmosphere []: 0.000000 
(EtaO) Oxygen eta parameter (Luger and Barnes 2015) []: 0.000000 
(PlanetRadius) Planet radius [m]: 7.150445e+06 
(OxygenMantleMass) Mass of oxygen in mantle [kg]: 0.000000 
(RadXUV) XUV radius separating hydro. dyn. escape and equilibrium [m]: -1.000000 
(RadSolid) Radius to the solid surface [m]: -1.000000 
(PresXUV) Pressure at base of thermosphere [(null)]: 5.000000 
(ScaleHeight) Scale height in Lehmer & Catling (2016) model [m]: -1.000000 
(ThermTemp) Isothermal atmospheric temperature [K]: 400.000000 
(AtmGasConst) Atmospheric gas constant [(null)]: 4124.000000 
(PresSurf) Surface pressure due to atmosphere [Pa]: -1.000000 
(DEnvMassDt) Envelope Mass Loss Rate [kg/s]: 0.000000 
(FXUV) XUV flux [W/m^2]: 4.178779 
(AtmXAbsEffH2O) XUV atmospheric escape efficiency for H2O []: 0.300000 
(RocheRadius) Roche Lobe Radius [m]: 4.797820e+07 
(BondiRadius) Bondi Radius [m]: 6.044856e+08 
(HEscapeRegime) Integer flag for H envelope escape regime []: 8.000000 
(RRCriticalFlux) Critical XUV Flux that separates RR and energy-limited escape [W/m^2]: 63.336364 
(CrossoverMass) Crossover mass, defines oxygen is escaping if mc > mo [kg]: 0.000000 
(WaterEscapeRegime) What water escape regime the code is currently in []: 8.000000 
(FXUVCRITDRAG) Critical Drag XUV flux [W/m^2]: 0.518814 
(HREFFLUX) The Hydrogen Reference Flux (m^-2 s^-1) [m^-2 s^-1]: 2.626557e+18 
(XO2) Molecular oxygen mixing ratio in atmosphere []: 0.000000 
(XH2O) Water mixing ratio in upper atmosphere []: 0.000000 
(HDiffFlux) The Hydrogen Diffusion Flux (m^-2 s^-1) [m^-2 s^-1]: 2.500856e+17 
(HRefODragMod) Multiply by H ref flux to get flux with drag []: 1.000000 
(KTide) Mass loss enhancement due to stellar gravity []: 0.778102 
(CumulativeXUVFlux) Cumulative XUV flux [W/m^2]: 3.489451e+18 
(RunawayGreenhouseFlux) Incident flux that triggers runaway greenhouse [kg/sec^3]: 1295.432583 
(RGDuration) Runaway Greenhouse Duration [years]: 0.00000e+00

Output Order: Time[year] CumulativeXUVFlux[W/m^2]
Grid Output Order:
