-------- Log file gj1132.log -------

Executable: /home/vplanet/.local/bin/vplanet
Version: Unknown
System Name: gj1132
Primary Input File: vpl.in
Body File #1: star.in
Body File #2: b.in
Allow files to be overwitten: Yes
Mass Units: Grams
Length Units: Meters
Time Units: Seconds
Angle Units: Radians

------- FORMATTING -----
Verbosity Level: 5
Crossover Decade for Scientific Notation: 4
Number of Digits After Decimal: 6
Integration Method: Runge-Kutta4
Direction: Forward
Time Step: 3.155760e+07
Stop Time: 2.256289e+17
Output Interval: 3.155760e+13
Use Variable Timestep: Yes
dEta: 0.010000
Minimum Value of ecc and obl: 1.000000e-10


---- INITIAL SYSTEM PROPERTIES ----
(Age) System Age [sec]: 1.211684e+14 
(Time) Simulation Time [sec]: 0.000000 
(TotAngMom) Total Angular Momentum [kg*m^2/sec]: 1.984547e+42 
(TotEnergy) Total System Energy [kg*m^2/sec^2]: -1.066517e+40 
(PotEnergy) Body's non-orbital Potential Energy [kg*m^2/sec^2]: -1.073719e+40 
(KinEnergy) Body's non-orbital Kinetic Energy [kg*m^2/sec^2]: 7.207134e+37 
(DeltaTime) Average Timestep Over Last Output Interval [sec]: 0.000000 

----- BODY: star ----
Active Modules: FLARE STELLAR
Module Bit Sum: 577
Color: 000000
(Mass) Mass [kg]: 3.939990e+29 
(Radius) Radius [m]: 5.789691e+08 
(RadGyra) Radius of Gyration/Moment of Inertia Constant []: 0.454284 
(RotAngMom) Rotational Angular Momentum [kg*m^2/sec]: 1.982104e+42 
(RotVel) Rotational Velocity [m/sec]: 4.210382e+04 
(BodyType) Type of Body (0 == planet) []: 0.000000 
(RotRate) Rotational Frequency [/sec]: 7.272205e-05 
(RotPer) Rotational Period [sec]: 8.640000e+04 
(Density) Average Density [kg/m^3]: 484.663656 
(HZLimitDryRunaway) Semi-major axis of Dry Runaway HZ Limit [m]: 3.463616e+10 
(HZLimRecVenus) Recent Venus HZ Limit [m]: 3.103804e+10 
(HZLimRunaway) Runaway Greenhouse HZ Limit [m]: 4.092962e+10 
(HZLimMoistGreenhouse) Moist Greenhouse HZ Limit [m]: 4.106844e+10 
(HZLimMaxGreenhouse) Maximum Greenhouse HZ Limit [m]: 7.809256e+10 
(HZLimEarlyMars) Early Mars HZ Limit [m]: 8.516833e+10 
(Instellation) Orbit-averaged INcident STELLar radiATION [kg/sec^3]: -1.000000 
(CriticalSemiMajorAxis) Holman & Wiegert (1999) P-type Critical Semi-major Axis [m]: -1.000000 
(LXUVTot) Total XUV Luminosity [LSUN]: 6.729082e-05 
(LostEnergy) Body's Total Lost Energy [kg*m^2/sec^2]: 5.562685e-309 
(LostAngMom) Lost Angular Momentum due to Magnetic Braking [kg*m^2/sec]: 5.562685e-309 
(EscapeVelocity) Escape Velocity [m/sec]: 3.013957e+05 
----- STELLAR PARAMETERS (star)------
(Luminosity) Luminosity [LSUN]: 0.065068 
(LXUVStellar) Base X-ray/XUV Luminosity [LSUN]: 5.331629e-05 
(Temperature) Effective Temperature [K]: 3196.396335 
(LXUVFrac) Fraction of luminosity in XUV []: 0.000819 
(RossbyNumber) Rossby Number []: 0.016357 
(DRotPerDtStellar) Time Rate of Change of Rotation Period in STELLAR []: -1.456884e-10 
(WindTorque) Stellar Wind Torque []: 9.058313e+27 
----- FLARE PARAMETERS (star)------
(LXUVFlare) XUV Luminosity from flares [LSUN]: 1.397453e-05 
(FlareFreq1) First value of flare frequency range [/sec]: 1.947517e-06 
(FlareFreq2) Second value of flare frequency range [/sec]: 1.579970e-06 
(FlareFreq3) Third value of flare frequency range [/sec]: 1.281789e-06 
(FlareFreq4) Fourth value of flare frequency range [/sec]: 1.039882e-06 
(FlareFreqMin) Frequency of the flares with the lowest energy [/sec]: 1.947517e-06 
(FlareFreqMid) Frequency of the flares with the middle energy in the energy range [/sec]: 2.405231e-07 
(FlareFreqMax) Frequency of the flares with the highest energy [/sec]: 2.970518e-08 
(FlareEnergy1) First value of flare energy range [kg*m^2/sec^2]: 5.334000e+25 
(FlareEnergy2) Second value of flare energy range [kg*m^2/sec^2]: 7.534475e+25 
(FlareEnergy3) Third value of flare energy range [kg*m^2/sec^2]: 1.064273e+26 
(FlareEnergy4) Fourth value of flare energy range [kg*m^2/sec^2]: 1.503325e+26 
(FlareEnergyMin) Minimum flare energy [kg*m^2/sec^2]: 5.334000e+25 
(FlareEnergyMid) Middle flare energy in the range of energy values [kg*m^2/sec^2]: 1.686759e+27 
(FlareEnergyMax) Maximum flare energy [kg*m^2/sec^2]: 5.334000e+28 
(FlareYIntOUT) Instantaneous Davenport FFD y-intercept at current age and mass []: 19.043852 
(FlareSlopeOUT) Instantaneous Davenport FFD slope at current age and mass []: -0.605550 

Output Order: Time[year] Luminosity[LSUN] LXUVStellar[LSUN] LXUVFlare[LSUN] LXUVTot[LSUN]
Grid Output Order:

----- BODY: b ----
Active Modules: AtmEsc
Module Bit Sum: 9
Color: 000000
(Mass) Mass [kg]: 9.801151e+24 
(Radius) Radius [m]: 7.168780e+06 
(RadGyra) Radius of Gyration/Moment of Inertia Constant []: 0.500000 
(BodyType) Type of Body (0 == planet) []: 0.000000 
(Density) Average Density [kg/m^3]: 6351.156409 
(HZLimitDryRunaway) Semi-major axis of Dry Runaway HZ Limit [m]: 3.463690e+10 
(HZLimRecVenus) Recent Venus HZ Limit [m]: 3.103804e+10 
(HZLimRunaway) Runaway Greenhouse HZ Limit [m]: 4.092962e+10 
(HZLimMoistGreenhouse) Moist Greenhouse HZ Limit [m]: 4.106844e+10 
(HZLimMaxGreenhouse) Maximum Greenhouse HZ Limit [m]: 7.809256e+10 
(HZLimEarlyMars) Early Mars HZ Limit [m]: 8.516833e+10 
(Instellation) Orbit-averaged INcident STELLar radiATION [kg/sec^3]: 3.566686e+05 
(MeanMotion) Orbital Mean Motion [/sec]: 4.464484e-05 
(OrbPeriod) Orbital Period [sec]: 1.407371e+05 
(SemiMajorAxis) Semi-major Axis [m]: 2.362958e+09 
(LXUVTot) Total XUV Luminosity [kg/sec^3]: -1.000000 
(EscapeVelocity) Escape Velocity [m/sec]: 1.350931e+04 
----- ATMESC PARAMETERS (b)------
(SurfWaterMass) Surface water mass [kg]: 0.000000 
(EnvelopeMass) Envelope mass [kg]: 0.000000 
(OxygenMass) Oxygen mass in the atmosphere [kg]: 0.000000 
(RGLimit) Runaway greenhouse semi-major axis [m]: 3.923921e+10 
(XO) Atomic oxygen mixing ratio in upper atmosphere []: 0.000000 
(EtaO) Oxygen eta parameter (Luger and Barnes 2015) []: 0.000000 
(PlanetRadius) Planet radius [m]: 7.168780e+06 
(OxygenMantleMass) Mass of oxygen in mantle [kg]: 0.000000 
(RadXUV) XUV radius separating hydro. dyn. escape and equilibrium [m]: -1.000000 
(RadSolid) Radius to the solid surface [m]: -1.000000 
(PresXUV) Pressure at base of thermosphere [(null)]: 5.000000 
(ScaleHeight) Scale height in Lehmer & Catling (2016) model [m]: -1.000000 
(ThermTemp) Isothermal atmospheric temperature [K]: 400.000000 
(AtmGasConst) Atmospheric gas constant [(null)]: 4124.000000 
(PresSurf) Surface pressure due to atmosphere [Pa]: -1.000000 
(DEnvMassDt) Envelope Mass Loss Rate [kg/s]: 0.000000 
(FXUV) XUV flux [W/m^2]: 368.852351 
(AtmXAbsEffH2O) XUV atmospheric escape efficiency for H2O []: 0.300000 
(RocheRadius) Roche Lobe Radius [m]: 4.782733e+07 
(BondiRadius) Bondi Radius [m]: 3.094434e+08 
(HEscapeRegime) Integer flag for H envelope escape regime []: 8.000000 
(RRCriticalFlux) Critical XUV Flux that separates RR and energy-limited escape [W/m^2]: 61.480694 
(CrossoverMass) Crossover mass, defines oxygen is escaping if mc > mo [kg]: 0.000000 
(WaterEscapeRegime) What water escape regime the code is currently in []: 8.000000 
(FXUVCRITDRAG) Critical Drag XUV flux [W/m^2]: 0.505238 
(HREFFLUX) The Hydrogen Reference Flux (m^-2 s^-1) [m^-2 s^-1]: 2.350125e+20 
(XO2) Molecular oxygen mixing ratio in atmosphere []: 0.000000 
(XH2O) Water mixing ratio in upper atmosphere []: 0.000000 
(HDiffFlux) The Hydrogen Diffusion Flux (m^-2 s^-1) [m^-2 s^-1]: 2.464759e+17 
(HRefODragMod) Multiply by H ref flux to get flux with drag []: 1.000000 
(KTide) Mass loss enhancement due to stellar gravity []: 0.776851 
(CumulativeXUVFlux) Cumulative XUV flux [W/m^2]: 0.000000 
(RunawayGreenhouseFlux) Incident flux that triggers runaway greenhouse [kg/sec^3]: 1293.355283 
(RGDuration) Runaway Greenhouse Duration [years]: 0.00000e+00

Output Order: Time[year] CumulativeXUVFlux[W/m^2]
Grid Output Order:



---- FINAL SYSTEM PROPERTIES ----
(Age) System Age [sec]: 2.257580e+17 
(Time) Simulation Time [sec]: 2.256368e+17 
(TotAngMom) Total Angular Momentum [kg*m^2/sec]: 1.993773e+42 
(TotEnergy) Total System Energy [kg*m^2/sec^2]: -1.061494e+40 
(PotEnergy) Body's non-orbital Potential Energy [kg*m^2/sec^2]: -4.140434e+40 
(KinEnergy) Body's non-orbital Kinetic Energy [kg*m^2/sec^2]: 6.219800e+32 
(DeltaTime) Average Timestep Over Last Output Interval [sec]: 1.577880e+13 

----- BODY: star ----
Active Modules: FLARE STELLAR
Module Bit Sum: 577
Color: 000000
(Mass) Mass [kg]: 3.939990e+29 
(Radius) Radius [m]: 1.501413e+08 
(RadGyra) Radius of Gyration/Moment of Inertia Constant []: 0.460195 
(RotAngMom) Rotational Angular Momentum [kg*m^2/sec]: 1.529652e+39 
(RotVel) Rotational Velocity [m/sec]: 122.099525 
(BodyType) Type of Body (0 == planet) []: 0.000000 
(RotRate) Rotational Frequency [/sec]: 8.132309e-07 
(RotPer) Rotational Period [sec]: 7.726201e+06 
(Density) Average Density [kg/m^3]: 2.779113e+04 
(HZLimitDryRunaway) Semi-major axis of Dry Runaway HZ Limit [m]: 9.314085e+09 
(HZLimRecVenus) Recent Venus HZ Limit [m]: 8.336783e+09 
(HZLimRunaway) Runaway Greenhouse HZ Limit [m]: 1.099957e+10 
(HZLimMoistGreenhouse) Moist Greenhouse HZ Limit [m]: 1.103093e+10 
(HZLimMaxGreenhouse) Maximum Greenhouse HZ Limit [m]: 2.092756e+10 
(HZLimEarlyMars) Early Mars HZ Limit [m]: 2.282384e+10 
(Instellation) Orbit-averaged INcident STELLar radiATION [kg/sec^3]: -1.000000 
(CriticalSemiMajorAxis) Holman & Wiegert (1999) P-type Critical Semi-major Axis [m]: -1.000000 
(LXUVTot) Total XUV Luminosity [LSUN]: 5.930873e-07 
(LostEnergy) Body's Total Lost Energy [kg*m^2/sec^2]: 3.078945e+40 
(LostAngMom) Lost Angular Momentum due to Magnetic Braking [kg*m^2/sec]: 1.989800e+42 
(EscapeVelocity) Escape Velocity [m/sec]: 5.918542e+05 
----- STELLAR PARAMETERS (star)------
(Luminosity) Luminosity [LSUN]: 0.004705 
(LXUVStellar) Base X-ray/XUV Luminosity [LSUN]: 2.338350e-07 
(Temperature) Effective Temperature [K]: 3256.480706 
(LXUVFrac) Fraction of luminosity in XUV []: 4.969588e-05 
(RossbyNumber) Rossby Number []: 1.508407 
(DRotPerDtStellar) Time Rate of Change of Rotation Period in STELLAR []: 1.718294e-11 
(WindTorque) Stellar Wind Torque []: 3.019977e+21 
----- FLARE PARAMETERS (star)------
(LXUVFlare) XUV Luminosity from flares [LSUN]: 3.592306e-07 
(FlareFreq1) First value of flare frequency range [/sec]: 5.634208e-07 
(FlareFreq2) Second value of flare frequency range [/sec]: 3.871579e-07 
(FlareFreq3) Third value of flare frequency range [/sec]: 2.660378e-07 
(FlareFreq4) Fourth value of flare frequency range [/sec]: 1.828094e-07 
(FlareFreqMin) Frequency of the flares with the lowest energy [/sec]: 5.634208e-07 
(FlareFreqMid) Frequency of the flares with the middle energy in the energy range [/sec]: 1.322467e-08 
(FlareFreqMax) Frequency of the flares with the highest energy [/sec]: 3.104110e-10 
(FlareEnergy1) First value of flare energy range [kg*m^2/sec^2]: 5.334000e+25 
(FlareEnergy2) Second value of flare energy range [kg*m^2/sec^2]: 7.534475e+25 
(FlareEnergy3) Third value of flare energy range [kg*m^2/sec^2]: 1.064273e+26 
(FlareEnergy4) Fourth value of flare energy range [kg*m^2/sec^2]: 1.503325e+26 
(FlareEnergyMin) Minimum flare energy [kg*m^2/sec^2]: 5.334000e+25 
(FlareEnergyMid) Middle flare energy in the range of energy values [kg*m^2/sec^2]: 1.686759e+27 
(FlareEnergyMax) Maximum flare energy [kg*m^2/sec^2]: 5.334000e+28 
(FlareYIntOUT) Instantaneous Davenport FFD y-intercept at current age and mass []: 34.238698 
(FlareSlopeOUT) Instantaneous Davenport FFD slope at current age and mass []: -1.086299 

Output Order: Time[year] Luminosity[LSUN] LXUVStellar[LSUN] LXUVFlare[LSUN] LXUVTot[LSUN]
Grid Output Order:

----- BODY: b ----
Active Modules: AtmEsc
Module Bit Sum: 9
Color: 000000
(Mass) Mass [kg]: 9.801151e+24 
(Radius) Radius [m]: 7.168780e+06 
(RadGyra) Radius of Gyration/Moment of Inertia Constant []: 0.500000 
(BodyType) Type of Body (0 == planet) []: 0.000000 
(Density) Average Density [kg/m^3]: 6351.156409 
(HZLimitDryRunaway) Semi-major axis of Dry Runaway HZ Limit [m]: 9.314283e+09 
(HZLimRecVenus) Recent Venus HZ Limit [m]: 8.336783e+09 
(HZLimRunaway) Runaway Greenhouse HZ Limit [m]: 1.099957e+10 
(HZLimMoistGreenhouse) Moist Greenhouse HZ Limit [m]: 1.103093e+10 
(HZLimMaxGreenhouse) Maximum Greenhouse HZ Limit [m]: 2.092756e+10 
(HZLimEarlyMars) Early Mars HZ Limit [m]: 2.282384e+10 
(Instellation) Orbit-averaged INcident STELLar radiATION [kg/sec^3]: 2.579205e+04 
(MeanMotion) Orbital Mean Motion [/sec]: 4.464484e-05 
(OrbPeriod) Orbital Period [sec]: 1.407371e+05 
(SemiMajorAxis) Semi-major Axis [m]: 2.362958e+09 
(LXUVTot) Total XUV Luminosity [kg/sec^3]: -1.000000 
(EscapeVelocity) Escape Velocity [m/sec]: 1.350931e+04 
----- ATMESC PARAMETERS (b)------
(SurfWaterMass) Surface water mass [kg]: 0.000000 
(EnvelopeMass) Envelope mass [kg]: 0.000000 
(OxygenMass) Oxygen mass in the atmosphere [kg]: 0.000000 
(RGLimit) Runaway greenhouse semi-major axis [m]: 1.054554e+10 
(XO) Atomic oxygen mixing ratio in upper atmosphere []: 0.000000 
(EtaO) Oxygen eta parameter (Luger and Barnes 2015) []: 0.000000 
(PlanetRadius) Planet radius [m]: 7.168780e+06 
(OxygenMantleMass) Mass of oxygen in mantle [kg]: 0.000000 
(RadXUV) XUV radius separating hydro. dyn. escape and equilibrium [m]: -1.000000 
(RadSolid) Radius to the solid surface [m]: -1.000000 
(PresXUV) Pressure at base of thermosphere [(null)]: 5.000000 
(ScaleHeight) Scale height in Lehmer & Catling (2016) model [m]: -1.000000 
(ThermTemp) Isothermal atmospheric temperature [K]: 400.000000 
(AtmGasConst) Atmospheric gas constant [(null)]: 4124.000000 
(PresSurf) Surface pressure due to atmosphere [Pa]: -1.000000 
(DEnvMassDt) Envelope Mass Loss Rate [kg/s]: 0.000000 
(FXUV) XUV flux [W/m^2]: 3.250988 
(AtmXAbsEffH2O) XUV atmospheric escape efficiency for H2O []: 0.300000 
(RocheRadius) Roche Lobe Radius [m]: 4.782733e+07 
(BondiRadius) Bondi Radius [m]: 5.964458e+08 
(HEscapeRegime) Integer flag for H envelope escape regime []: 8.000000 
(RRCriticalFlux) Critical XUV Flux that separates RR and energy-limited escape [W/m^2]: 61.480694 
(CrossoverMass) Crossover mass, defines oxygen is escaping if mc > mo [kg]: 0.000000 
(WaterEscapeRegime) What water escape regime the code is currently in []: 8.000000 
(FXUVCRITDRAG) Critical Drag XUV flux [W/m^2]: 0.505238 
(HREFFLUX) The Hydrogen Reference Flux (m^-2 s^-1) [m^-2 s^-1]: 2.071351e+18 
(XO2) Molecular oxygen mixing ratio in atmosphere []: 0.000000 
(XH2O) Water mixing ratio in upper atmosphere []: 0.000000 
(HDiffFlux) The Hydrogen Diffusion Flux (m^-2 s^-1) [m^-2 s^-1]: 2.464759e+17 
(HRefODragMod) Multiply by H ref flux to get flux with drag []: 1.000000 
(KTide) Mass loss enhancement due to stellar gravity []: 0.776851 
(CumulativeXUVFlux) Cumulative XUV flux [W/m^2]: 2.237517e+18 
(RunawayGreenhouseFlux) Incident flux that triggers runaway greenhouse [kg/sec^3]: 1294.916706 
(RGDuration) Runaway Greenhouse Duration [years]: 0.00000e+00

Output Order: Time[year] CumulativeXUVFlux[W/m^2]
Grid Output Order:
