-------- Log file gj1132.log -------

Executable: /home/vplanet/.local/bin/vplanet
Version: Unknown
System Name: gj1132
Primary Input File: vpl.in
Body File #1: star.in
Body File #2: b.in
Allow files to be overwitten: Yes
Mass Units: Grams
Length Units: Meters
Time Units: Seconds
Angle Units: Radians

------- FORMATTING -----
Verbosity Level: 5
Crossover Decade for Scientific Notation: 4
Number of Digits After Decimal: 6
Integration Method: Runge-Kutta4
Direction: Forward
Time Step: 3.155760e+07
Stop Time: 2.351015e+17
Output Interval: 3.155760e+13
Use Variable Timestep: Yes
dEta: 0.010000
Minimum Value of ecc and obl: 1.000000e-10


---- INITIAL SYSTEM PROPERTIES ----
(Age) System Age [sec]: 1.372996e+14 
(Time) Simulation Time [sec]: 0.000000 
(TotAngMom) Total Angular Momentum [kg*m^2/sec]: 1.771876e+42 
(TotEnergy) Total System Energy [kg*m^2/sec^2]: -1.101227e+40 
(PotEnergy) Body's non-orbital Potential Energy [kg*m^2/sec^2]: -1.107655e+40 
(KinEnergy) Body's non-orbital Kinetic Energy [kg*m^2/sec^2]: 6.433649e+37 
(DeltaTime) Average Timestep Over Last Output Interval [sec]: 0.000000 

----- BODY: star ----
Active Modules: FLARE STELLAR
Module Bit Sum: 577
Color: 000000
(Mass) Mass [kg]: 3.897244e+29 
(Radius) Radius [m]: 5.491189e+08 
(RadGyra) Radius of Gyration/Moment of Inertia Constant []: 0.455022 
(RotAngMom) Rotational Angular Momentum [kg*m^2/sec]: 1.769381e+42 
(RotVel) Rotational Velocity [m/sec]: 3.993305e+04 
(BodyType) Type of Body (0 == planet) []: 0.000000 
(RotRate) Rotational Frequency [/sec]: 7.272205e-05 
(RotPer) Rotational Period [sec]: 8.640000e+04 
(Density) Average Density [kg/m^3]: 561.913880 
(HZLimitDryRunaway) Semi-major axis of Dry Runaway HZ Limit [m]: 3.283662e+10 
(HZLimRecVenus) Recent Venus HZ Limit [m]: 2.942537e+10 
(HZLimRunaway) Runaway Greenhouse HZ Limit [m]: 3.880305e+10 
(HZLimMoistGreenhouse) Moist Greenhouse HZ Limit [m]: 3.893460e+10 
(HZLimMaxGreenhouse) Maximum Greenhouse HZ Limit [m]: 7.403463e+10 
(HZLimEarlyMars) Early Mars HZ Limit [m]: 8.074272e+10 
(Instellation) Orbit-averaged INcident STELLar radiATION [kg/sec^3]: -1.000000 
(CriticalSemiMajorAxis) Holman & Wiegert (1999) P-type Critical Semi-major Axis [m]: -1.000000 
(LXUVTot) Total XUV Luminosity [LSUN]: 0.000462 
(LostEnergy) Body's Total Lost Energy [kg*m^2/sec^2]: 5.562685e-309 
(LostAngMom) Lost Angular Momentum due to Magnetic Braking [kg*m^2/sec]: 5.562685e-309 
(EscapeVelocity) Escape Velocity [m/sec]: 3.077959e+05 
----- STELLAR PARAMETERS (star)------
(Luminosity) Luminosity [LSUN]: 0.058482 
(LXUVStellar) Base X-ray/XUV Luminosity [LSUN]: 0.000449 
(Temperature) Effective Temperature [K]: 3196.537444 
(LXUVFrac) Fraction of luminosity in XUV []: 0.007675 
(RossbyNumber) Rossby Number []: 0.016358 
(DRotPerDtStellar) Time Rate of Change of Rotation Period in STELLAR []: -1.516519e-10 
(WindTorque) Stellar Wind Torque []: 6.880149e+27 
----- FLARE PARAMETERS (star)------
(LXUVFlare) XUV Luminosity from flares [LSUN]: 1.314753e-05 
(FlareFreq1) First value of flare frequency range [/sec]: 1.888853e-06 
(FlareFreq2) Second value of flare frequency range [/sec]: 1.529599e-06 
(FlareFreq3) Third value of flare frequency range [/sec]: 1.238673e-06 
(FlareFreq4) Fourth value of flare frequency range [/sec]: 1.003081e-06 
(FlareFreqMin) Frequency of the flares with the lowest energy [/sec]: 1.888853e-06 
(FlareFreqMid) Frequency of the flares with the middle energy in the energy range [/sec]: 2.290823e-07 
(FlareFreqMax) Frequency of the flares with the highest energy [/sec]: 2.778336e-08 
(FlareEnergy1) First value of flare energy range [kg*m^2/sec^2]: 5.334000e+25 
(FlareEnergy2) Second value of flare energy range [kg*m^2/sec^2]: 7.534475e+25 
(FlareEnergy3) Third value of flare energy range [kg*m^2/sec^2]: 1.064273e+26 
(FlareEnergy4) Fourth value of flare energy range [kg*m^2/sec^2]: 1.503325e+26 
(FlareEnergyMin) Minimum flare energy [kg*m^2/sec^2]: 5.334000e+25 
(FlareEnergyMid) Middle flare energy in the range of energy values [kg*m^2/sec^2]: 1.686759e+27 
(FlareEnergyMax) Maximum flare energy [kg*m^2/sec^2]: 5.334000e+28 
(FlareYIntOUT) Instantaneous Davenport FFD y-intercept at current age and mass []: 19.202542 
(FlareSlopeOUT) Instantaneous Davenport FFD slope at current age and mass []: -0.610804 

Output Order: Time[year] Luminosity[LSUN] LXUVStellar[LSUN] LXUVFlare[LSUN] LXUVTot[LSUN]
Grid Output Order:

----- BODY: b ----
Active Modules: AtmEsc
Module Bit Sum: 9
Color: 000000
(Mass) Mass [kg]: 1.008275e+25 
(Radius) Radius [m]: 7.205512e+06 
(RadGyra) Radius of Gyration/Moment of Inertia Constant []: 0.500000 
(BodyType) Type of Body (0 == planet) []: 0.000000 
(Density) Average Density [kg/m^3]: 6434.217192 
(HZLimitDryRunaway) Semi-major axis of Dry Runaway HZ Limit [m]: 3.283693e+10 
(HZLimRecVenus) Recent Venus HZ Limit [m]: 2.942537e+10 
(HZLimRunaway) Runaway Greenhouse HZ Limit [m]: 3.880305e+10 
(HZLimMoistGreenhouse) Moist Greenhouse HZ Limit [m]: 3.893460e+10 
(HZLimMaxGreenhouse) Maximum Greenhouse HZ Limit [m]: 7.403463e+10 
(HZLimEarlyMars) Early Mars HZ Limit [m]: 8.074272e+10 
(Instellation) Orbit-averaged INcident STELLar radiATION [kg/sec^3]: 3.228913e+05 
(MeanMotion) Orbital Mean Motion [/sec]: 4.464338e-05 
(OrbPeriod) Orbital Period [sec]: 1.407417e+05 
(SemiMajorAxis) Semi-major Axis [m]: 2.354433e+09 
(LXUVTot) Total XUV Luminosity [kg/sec^3]: -1.000000 
(EscapeVelocity) Escape Velocity [m/sec]: 1.366703e+04 
----- ATMESC PARAMETERS (b)------
(SurfWaterMass) Surface water mass [kg]: 0.000000 
(EnvelopeMass) Envelope mass [kg]: 0.000000 
(OxygenMass) Oxygen mass in the atmosphere [kg]: 0.000000 
(RGLimit) Runaway greenhouse semi-major axis [m]: 3.717638e+10 
(XO) Atomic oxygen mixing ratio in upper atmosphere []: 0.000000 
(EtaO) Oxygen eta parameter (Luger and Barnes 2015) []: 0.000000 
(PlanetRadius) Planet radius [m]: 7.205512e+06 
(OxygenMantleMass) Mass of oxygen in mantle [kg]: 0.000000 
(RadXUV) XUV radius separating hydro. dyn. escape and equilibrium [m]: -1.000000 
(RadSolid) Radius to the solid surface [m]: -1.000000 
(PresXUV) Pressure at base of thermosphere [(null)]: 5.000000 
(ScaleHeight) Scale height in Lehmer & Catling (2016) model [m]: -1.000000 
(ThermTemp) Isothermal atmospheric temperature [K]: 400.000000 
(AtmGasConst) Atmospheric gas constant [(null)]: 4124.000000 
(PresSurf) Surface pressure due to atmosphere [Pa]: -1.000000 
(DEnvMassDt) Envelope Mass Loss Rate [kg/s]: 0.000000 
(FXUV) XUV flux [W/m^2]: 2550.671342 
(AtmXAbsEffH2O) XUV atmospheric escape efficiency for H2O []: 0.300000 
(RocheRadius) Roche Lobe Radius [m]: 4.828213e+07 
(BondiRadius) Bondi Radius [m]: 3.274486e+08 
(HEscapeRegime) Integer flag for H envelope escape regime []: 8.000000 
(RRCriticalFlux) Critical XUV Flux that separates RR and energy-limited escape [W/m^2]: 64.231832 
(CrossoverMass) Crossover mass, defines oxygen is escaping if mc > mo [kg]: 0.000000 
(WaterEscapeRegime) What water escape regime the code is currently in []: 8.000000 
(FXUVCRITDRAG) Critical Drag XUV flux [W/m^2]: 0.526551 
(HREFFLUX) The Hydrogen Reference Flux (m^-2 s^-1) [m^-2 s^-1]: 1.585906e+21 
(XO2) Molecular oxygen mixing ratio in atmosphere []: 0.000000 
(XH2O) Water mixing ratio in upper atmosphere []: 0.000000 
(HDiffFlux) The Hydrogen Diffusion Flux (m^-2 s^-1) [m^-2 s^-1]: 2.509788e+17 
(HRefODragMod) Multiply by H ref flux to get flux with drag []: 1.000000 
(KTide) Mass loss enhancement due to stellar gravity []: 0.777805 
(CumulativeXUVFlux) Cumulative XUV flux [W/m^2]: 0.000000 
(RunawayGreenhouseFlux) Incident flux that triggers runaway greenhouse [kg/sec^3]: 1295.050323 
(RGDuration) Runaway Greenhouse Duration [years]: 0.00000e+00

Output Order: Time[year] CumulativeXUVFlux[W/m^2]
Grid Output Order:



---- FINAL SYSTEM PROPERTIES ----
(Age) System Age [sec]: 2.352404e+17 
(Time) Simulation Time [sec]: 2.351031e+17 
(TotAngMom) Total Angular Momentum [kg*m^2/sec]: 1.774191e+42 
(TotEnergy) Total System Energy [kg*m^2/sec^2]: -1.101434e+40 
(PotEnergy) Body's non-orbital Potential Energy [kg*m^2/sec^2]: -4.112039e+40 
(KinEnergy) Body's non-orbital Kinetic Energy [kg*m^2/sec^2]: 5.923913e+32 
(DeltaTime) Average Timestep Over Last Output Interval [sec]: 3.944700e+12 

----- BODY: star ----
Active Modules: FLARE STELLAR
Module Bit Sum: 577
Color: 000000
(Mass) Mass [kg]: 3.897244e+29 
(Radius) Radius [m]: 1.479155e+08 
(RadGyra) Radius of Gyration/Moment of Inertia Constant []: 0.460295 
(RotAngMom) Rotational Angular Momentum [kg*m^2/sec]: 1.463012e+39 
(RotVel) Rotational Velocity [m/sec]: 119.785492 
(BodyType) Type of Body (0 == planet) []: 0.000000 
(RotRate) Rotational Frequency [/sec]: 8.098240e-07 
(RotPer) Rotational Period [sec]: 7.758705e+06 
(Density) Average Density [kg/m^3]: 2.874936e+04 
(HZLimitDryRunaway) Semi-major axis of Dry Runaway HZ Limit [m]: 9.152555e+09 
(HZLimRecVenus) Recent Venus HZ Limit [m]: 8.193314e+09 
(HZLimRunaway) Runaway Greenhouse HZ Limit [m]: 1.080961e+10 
(HZLimMoistGreenhouse) Moist Greenhouse HZ Limit [m]: 1.084110e+10 
(HZLimMaxGreenhouse) Maximum Greenhouse HZ Limit [m]: 2.057285e+10 
(HZLimEarlyMars) Early Mars HZ Limit [m]: 2.243697e+10 
(Instellation) Orbit-averaged INcident STELLar radiATION [kg/sec^3]: -1.000000 
(CriticalSemiMajorAxis) Holman & Wiegert (1999) P-type Critical Semi-major Axis [m]: -1.000000 
(LXUVTot) Total XUV Luminosity [LSUN]: 6.134802e-07 
(LostEnergy) Body's Total Lost Energy [kg*m^2/sec^2]: 3.010610e+40 
(LostAngMom) Lost Angular Momentum due to Magnetic Braking [kg*m^2/sec]: 1.770233e+42 
(EscapeVelocity) Escape Velocity [m/sec]: 5.930471e+05 
----- STELLAR PARAMETERS (star)------
(Luminosity) Luminosity [LSUN]: 0.004544 
(LXUVStellar) Base X-ray/XUV Luminosity [LSUN]: 2.589533e-07 
(Temperature) Effective Temperature [K]: 3249.578111 
(LXUVFrac) Fraction of luminosity in XUV []: 5.699386e-05 
(RossbyNumber) Rossby Number []: 1.509407 
(DRotPerDtStellar) Time Rate of Change of Rotation Period in STELLAR []: 1.458788e-11 
(WindTorque) Stellar Wind Torque []: 2.750750e+21 
----- FLARE PARAMETERS (star)------
(LXUVFlare) XUV Luminosity from flares [LSUN]: 3.545226e-07 
(FlareFreq1) First value of flare frequency range [/sec]: 5.629974e-07 
(FlareFreq2) Second value of flare frequency range [/sec]: 3.864707e-07 
(FlareFreq3) Third value of flare frequency range [/sec]: 2.652936e-07 
(FlareFreq4) Fourth value of flare frequency range [/sec]: 1.821114e-07 
(FlareFreqMin) Frequency of the flares with the lowest energy [/sec]: 5.629974e-07 
(FlareFreqMid) Frequency of the flares with the middle energy in the energy range [/sec]: 1.308003e-08 
(FlareFreqMax) Frequency of the flares with the highest energy [/sec]: 3.038864e-10 
(FlareEnergy1) First value of flare energy range [kg*m^2/sec^2]: 5.334000e+25 
(FlareEnergy2) Second value of flare energy range [kg*m^2/sec^2]: 7.534475e+25 
(FlareEnergy3) Third value of flare energy range [kg*m^2/sec^2]: 1.064273e+26 
(FlareEnergy4) Fourth value of flare energy range [kg*m^2/sec^2]: 1.503325e+26 
(FlareEnergyMin) Minimum flare energy [kg*m^2/sec^2]: 5.334000e+25 
(FlareEnergyMid) Middle flare energy in the range of energy values [kg*m^2/sec^2]: 1.686759e+27 
(FlareEnergyMax) Maximum flare energy [kg*m^2/sec^2]: 5.334000e+28 
(FlareYIntOUT) Instantaneous Davenport FFD y-intercept at current age and mass []: 34.335454 
(FlareSlopeOUT) Instantaneous Davenport FFD slope at current age and mass []: -1.089265 

Output Order: Time[year] Luminosity[LSUN] LXUVStellar[LSUN] LXUVFlare[LSUN] LXUVTot[LSUN]
Grid Output Order:

----- BODY: b ----
Active Modules: AtmEsc
Module Bit Sum: 9
Color: 000000
(Mass) Mass [kg]: 1.008275e+25 
(Radius) Radius [m]: 7.205512e+06 
(RadGyra) Radius of Gyration/Moment of Inertia Constant []: 0.500000 
(BodyType) Type of Body (0 == planet) []: 0.000000 
(Density) Average Density [kg/m^3]: 6434.217192 
(HZLimitDryRunaway) Semi-major axis of Dry Runaway HZ Limit [m]: 9.152642e+09 
(HZLimRecVenus) Recent Venus HZ Limit [m]: 8.193314e+09 
(HZLimRunaway) Runaway Greenhouse HZ Limit [m]: 1.080961e+10 
(HZLimMoistGreenhouse) Moist Greenhouse HZ Limit [m]: 1.084110e+10 
(HZLimMaxGreenhouse) Maximum Greenhouse HZ Limit [m]: 2.057285e+10 
(HZLimEarlyMars) Early Mars HZ Limit [m]: 2.243697e+10 
(Instellation) Orbit-averaged INcident STELLar radiATION [kg/sec^3]: 2.508558e+04 
(MeanMotion) Orbital Mean Motion [/sec]: 4.464338e-05 
(OrbPeriod) Orbital Period [sec]: 1.407417e+05 
(SemiMajorAxis) Semi-major Axis [m]: 2.354433e+09 
(LXUVTot) Total XUV Luminosity [kg/sec^3]: -1.000000 
(EscapeVelocity) Escape Velocity [m/sec]: 1.366703e+04 
----- ATMESC PARAMETERS (b)------
(SurfWaterMass) Surface water mass [kg]: 0.000000 
(EnvelopeMass) Envelope mass [kg]: 0.000000 
(OxygenMass) Oxygen mass in the atmosphere [kg]: 0.000000 
(RGLimit) Runaway greenhouse semi-major axis [m]: 1.035667e+10 
(XO) Atomic oxygen mixing ratio in upper atmosphere []: 0.000000 
(EtaO) Oxygen eta parameter (Luger and Barnes 2015) []: 0.000000 
(PlanetRadius) Planet radius [m]: 7.205512e+06 
(OxygenMantleMass) Mass of oxygen in mantle [kg]: 0.000000 
(RadXUV) XUV radius separating hydro. dyn. escape and equilibrium [m]: -1.000000 
(RadSolid) Radius to the solid surface [m]: -1.000000 
(PresXUV) Pressure at base of thermosphere [(null)]: 5.000000 
(ScaleHeight) Scale height in Lehmer & Catling (2016) model [m]: -1.000000 
(ThermTemp) Isothermal atmospheric temperature [K]: 400.000000 
(AtmGasConst) Atmospheric gas constant [(null)]: 4124.000000 
(PresSurf) Surface pressure due to atmosphere [Pa]: -1.000000 
(DEnvMassDt) Envelope Mass Loss Rate [kg/s]: 0.000000 
(FXUV) XUV flux [W/m^2]: 3.387126 
(AtmXAbsEffH2O) XUV atmospheric escape efficiency for H2O []: 0.300000 
(RocheRadius) Roche Lobe Radius [m]: 4.828213e+07 
(BondiRadius) Bondi Radius [m]: 6.206151e+08 
(HEscapeRegime) Integer flag for H envelope escape regime []: 8.000000 
(RRCriticalFlux) Critical XUV Flux that separates RR and energy-limited escape [W/m^2]: 64.231832 
(CrossoverMass) Crossover mass, defines oxygen is escaping if mc > mo [kg]: 0.000000 
(WaterEscapeRegime) What water escape regime the code is currently in []: 8.000000 
(FXUVCRITDRAG) Critical Drag XUV flux [W/m^2]: 0.526551 
(HREFFLUX) The Hydrogen Reference Flux (m^-2 s^-1) [m^-2 s^-1]: 2.105980e+18 
(XO2) Molecular oxygen mixing ratio in atmosphere []: 0.000000 
(XH2O) Water mixing ratio in upper atmosphere []: 0.000000 
(HDiffFlux) The Hydrogen Diffusion Flux (m^-2 s^-1) [m^-2 s^-1]: 2.509788e+17 
(HRefODragMod) Multiply by H ref flux to get flux with drag []: 1.000000 
(KTide) Mass loss enhancement due to stellar gravity []: 0.777805 
(CumulativeXUVFlux) Cumulative XUV flux [W/m^2]: 4.916395e+18 
(RunawayGreenhouseFlux) Incident flux that triggers runaway greenhouse [kg/sec^3]: 1296.427237 
(RGDuration) Runaway Greenhouse Duration [years]: 0.00000e+00

Output Order: Time[year] CumulativeXUVFlux[W/m^2]
Grid Output Order:
