-------- Log file gj1132.log -------

Executable: /home/vplanet/.local/bin/vplanet
Version: Unknown
System Name: gj1132
Primary Input File: vpl.in
Body File #1: star.in
Body File #2: b.in
Allow files to be overwitten: Yes
Mass Units: Grams
Length Units: Meters
Time Units: Seconds
Angle Units: Radians

------- FORMATTING -----
Verbosity Level: 5
Crossover Decade for Scientific Notation: 4
Number of Digits After Decimal: 6
Integration Method: Runge-Kutta4
Direction: Forward
Time Step: 3.155760e+07
Stop Time: 2.257815e+17
Output Interval: 3.155760e+13
Use Variable Timestep: Yes
dEta: 0.010000
Minimum Value of ecc and obl: 1.000000e-10


---- INITIAL SYSTEM PROPERTIES ----
(Age) System Age [sec]: 1.466597e+14 
(Time) Simulation Time [sec]: 0.000000 
(TotAngMom) Total Angular Momentum [kg*m^2/sec]: 1.796017e+42 
(TotEnergy) Total System Energy [kg*m^2/sec^2]: -1.180883e+40 
(PotEnergy) Body's non-orbital Potential Energy [kg*m^2/sec^2]: -1.187399e+40 
(KinEnergy) Body's non-orbital Kinetic Energy [kg*m^2/sec^2]: 6.521234e+37 
(DeltaTime) Average Timestep Over Last Output Interval [sec]: 0.000000 

----- BODY: star ----
Active Modules: FLARE STELLAR
Module Bit Sum: 577
Color: 000000
(Mass) Mass [kg]: 4.017194e+29 
(Radius) Radius [m]: 5.442578e+08 
(RadGyra) Radius of Gyration/Moment of Inertia Constant []: 0.455248 
(RotAngMom) Rotational Angular Momentum [kg*m^2/sec]: 1.793468e+42 
(RotVel) Rotational Velocity [m/sec]: 3.957954e+04 
(BodyType) Type of Body (0 == planet) []: 0.000000 
(RotRate) Rotational Frequency [/sec]: 7.272205e-05 
(RotPer) Rotational Period [sec]: 8.640000e+04 
(Density) Average Density [kg/m^3]: 594.867490 
(HZLimitDryRunaway) Semi-major axis of Dry Runaway HZ Limit [m]: 3.293637e+10 
(HZLimRecVenus) Recent Venus HZ Limit [m]: 2.950321e+10 
(HZLimRunaway) Runaway Greenhouse HZ Limit [m]: 3.891277e+10 
(HZLimMoistGreenhouse) Moist Greenhouse HZ Limit [m]: 3.903760e+10 
(HZLimMaxGreenhouse) Maximum Greenhouse HZ Limit [m]: 7.417295e+10 
(HZLimEarlyMars) Early Mars HZ Limit [m]: 8.089366e+10 
(Instellation) Orbit-averaged INcident STELLar radiATION [kg/sec^3]: -1.000000 
(CriticalSemiMajorAxis) Holman & Wiegert (1999) P-type Critical Semi-major Axis [m]: -1.000000 
(LXUVTot) Total XUV Luminosity [LSUN]: 0.000120 
(LostEnergy) Body's Total Lost Energy [kg*m^2/sec^2]: 5.562685e-309 
(LostAngMom) Lost Angular Momentum due to Magnetic Braking [kg*m^2/sec]: 5.562685e-309 
(EscapeVelocity) Escape Velocity [m/sec]: 3.138891e+05 
----- STELLAR PARAMETERS (star)------
(Luminosity) Luminosity [LSUN]: 0.058838 
(LXUVStellar) Base X-ray/XUV Luminosity [LSUN]: 0.000119 
(Temperature) Effective Temperature [K]: 3216.909375 
(LXUVFrac) Fraction of luminosity in XUV []: 0.002027 
(RossbyNumber) Rossby Number []: 0.016530 
(DRotPerDtStellar) Time Rate of Change of Rotation Period in STELLAR []: -1.013491e-10 
(WindTorque) Stellar Wind Torque []: 6.430209e+27 
----- FLARE PARAMETERS (star)------
(LXUVFlare) XUV Luminosity from flares [LSUN]: 8.131494e-07 
(FlareFreq1) First value of flare frequency range [/sec]: 3.093955e-05 
(FlareFreq2) Second value of flare frequency range [/sec]: 2.688483e-05 
(FlareFreq3) Third value of flare frequency range [/sec]: 2.336149e-05 
(FlareFreq4) Fourth value of flare frequency range [/sec]: 2.029990e-05 
(FlareFreqMin) Frequency of the flares with the lowest energy [/sec]: 3.093955e-05 
(FlareFreqMid) Frequency of the flares with the middle energy in the energy range [/sec]: 7.593589e-06 
(FlareFreqMax) Frequency of the flares with the highest energy [/sec]: 1.863718e-06 
(FlareEnergy1) First value of flare energy range [kg*m^2/sec^2]: 5.334000e+23 
(FlareEnergy2) Second value of flare energy range [kg*m^2/sec^2]: 6.715108e+23 
(FlareEnergy3) Third value of flare energy range [kg*m^2/sec^2]: 8.453820e+23 
(FlareEnergy4) Fourth value of flare energy range [kg*m^2/sec^2]: 1.064273e+24 
(FlareEnergyMin) Minimum flare energy [kg*m^2/sec^2]: 5.334000e+23 
(FlareEnergyMid) Middle flare energy in the range of energy values [kg*m^2/sec^2]: 5.334000e+24 
(FlareEnergyMax) Maximum flare energy [kg*m^2/sec^2]: 5.334000e+25 
(FlareYIntOUT) Instantaneous Davenport FFD y-intercept at current age and mass []: 19.172586 
(FlareSlopeOUT) Instantaneous Davenport FFD slope at current age and mass []: -0.610067 

Output Order: Time[year] Luminosity[LSUN] LXUVStellar[LSUN] LXUVFlare[LSUN] LXUVTot[LSUN]
Grid Output Order:

----- BODY: b ----
Active Modules: AtmEsc
Module Bit Sum: 9
Color: 000000
(Mass) Mass [kg]: 1.009567e+25 
(Radius) Radius [m]: 7.325126e+06 
(RadGyra) Radius of Gyration/Moment of Inertia Constant []: 0.500000 
(BodyType) Type of Body (0 == planet) []: 0.000000 
(Density) Average Density [kg/m^3]: 6131.987689 
(HZLimitDryRunaway) Semi-major axis of Dry Runaway HZ Limit [m]: 3.293657e+10 
(HZLimRecVenus) Recent Venus HZ Limit [m]: 2.950321e+10 
(HZLimRunaway) Runaway Greenhouse HZ Limit [m]: 3.891277e+10 
(HZLimMoistGreenhouse) Moist Greenhouse HZ Limit [m]: 3.903760e+10 
(HZLimMaxGreenhouse) Maximum Greenhouse HZ Limit [m]: 7.417295e+10 
(HZLimEarlyMars) Early Mars HZ Limit [m]: 8.089366e+10 
(Instellation) Orbit-averaged INcident STELLar radiATION [kg/sec^3]: 3.183614e+05 
(MeanMotion) Orbital Mean Motion [/sec]: 4.464395e-05 
(OrbPeriod) Orbital Period [sec]: 1.407399e+05 
(SemiMajorAxis) Semi-major Axis [m]: 2.378324e+09 
(LXUVTot) Total XUV Luminosity [kg/sec^3]: -1.000000 
(EscapeVelocity) Escape Velocity [m/sec]: 1.356367e+04 
----- ATMESC PARAMETERS (b)------
(SurfWaterMass) Surface water mass [kg]: 0.000000 
(EnvelopeMass) Envelope mass [kg]: 0.000000 
(OxygenMass) Oxygen mass in the atmosphere [kg]: 0.000000 
(RGLimit) Runaway greenhouse semi-major axis [m]: 3.728072e+10 
(XO) Atomic oxygen mixing ratio in upper atmosphere []: 0.000000 
(EtaO) Oxygen eta parameter (Luger and Barnes 2015) []: 0.000000 
(PlanetRadius) Planet radius [m]: 7.325126e+06 
(OxygenMantleMass) Mass of oxygen in mantle [kg]: 0.000000 
(RadXUV) XUV radius separating hydro. dyn. escape and equilibrium [m]: -1.000000 
(RadSolid) Radius to the solid surface [m]: -1.000000 
(PresXUV) Pressure at base of thermosphere [(null)]: 5.000000 
(ScaleHeight) Scale height in Lehmer & Catling (2016) model [m]: -1.000000 
(ThermTemp) Isothermal atmospheric temperature [K]: 400.000000 
(AtmGasConst) Atmospheric gas constant [(null)]: 4124.000000 
(PresSurf) Surface pressure due to atmosphere [Pa]: -1.000000 
(DEnvMassDt) Envelope Mass Loss Rate [kg/s]: 0.000000 
(FXUV) XUV flux [W/m^2]: 649.724428 
(AtmXAbsEffH2O) XUV atmospheric escape efficiency for H2O []: 0.300000 
(RocheRadius) Roche Lobe Radius [m]: 4.830232e+07 
(BondiRadius) Bondi Radius [m]: 3.255960e+08 
(HEscapeRegime) Integer flag for H envelope escape regime []: 8.000000 
(RRCriticalFlux) Critical XUV Flux that separates RR and energy-limited escape [W/m^2]: 60.736701 
(CrossoverMass) Crossover mass, defines oxygen is escaping if mc > mo [kg]: 0.000000 
(WaterEscapeRegime) What water escape regime the code is currently in []: 8.000000 
(FXUVCRITDRAG) Critical Drag XUV flux [W/m^2]: 0.502461 
(HREFFLUX) The Hydrogen Reference Flux (m^-2 s^-1) [m^-2 s^-1]: 4.120277e+20 
(XO2) Molecular oxygen mixing ratio in atmosphere []: 0.000000 
(XH2O) Water mixing ratio in upper atmosphere []: 0.000000 
(HDiffFlux) The Hydrogen Diffusion Flux (m^-2 s^-1) [m^-2 s^-1]: 2.431604e+17 
(HRefODragMod) Multiply by H ref flux to get flux with drag []: 1.000000 
(KTide) Mass loss enhancement due to stellar gravity []: 0.774266 
(CumulativeXUVFlux) Cumulative XUV flux [W/m^2]: 0.000000 
(RunawayGreenhouseFlux) Incident flux that triggers runaway greenhouse [kg/sec^3]: 1295.652160 
(RGDuration) Runaway Greenhouse Duration [years]: 0.00000e+00

Output Order: Time[year] CumulativeXUVFlux[W/m^2]
Grid Output Order:



---- FINAL SYSTEM PROPERTIES ----
(Age) System Age [sec]: 2.259290e+17 
(Time) Simulation Time [sec]: 2.257823e+17 
(TotAngMom) Total Angular Momentum [kg*m^2/sec]: 1.796746e+42 
(TotEnergy) Total System Energy [kg*m^2/sec^2]: -1.180254e+40 
(PotEnergy) Body's non-orbital Potential Energy [kg*m^2/sec^2]: -4.220095e+40 
(KinEnergy) Body's non-orbital Kinetic Energy [kg*m^2/sec^2]: 6.365187e+32 
(DeltaTime) Average Timestep Over Last Output Interval [sec]: 4.508229e+12 

----- BODY: star ----
Active Modules: FLARE STELLAR
Module Bit Sum: 577
Color: 000000
(Mass) Mass [kg]: 4.017194e+29 
(Radius) Radius [m]: 1.531366e+08 
(RadGyra) Radius of Gyration/Moment of Inertia Constant []: 0.460068 
(RotAngMom) Rotational Angular Momentum [kg*m^2/sec]: 1.593248e+39 
(RotVel) Rotational Velocity [m/sec]: 122.359257 
(BodyType) Type of Body (0 == planet) []: 0.000000 
(RotRate) Rotational Frequency [/sec]: 7.990202e-07 
(RotPer) Rotational Period [sec]: 7.863612e+06 
(Density) Average Density [kg/m^3]: 2.670527e+04 
(HZLimitDryRunaway) Semi-major axis of Dry Runaway HZ Limit [m]: 9.533297e+09 
(HZLimRecVenus) Recent Venus HZ Limit [m]: 8.531511e+09 
(HZLimRunaway) Runaway Greenhouse HZ Limit [m]: 1.125739e+10 
(HZLimMoistGreenhouse) Moist Greenhouse HZ Limit [m]: 1.128859e+10 
(HZLimMaxGreenhouse) Maximum Greenhouse HZ Limit [m]: 2.140917e+10 
(HZLimEarlyMars) Early Mars HZ Limit [m]: 2.334910e+10 
(Instellation) Orbit-averaged INcident STELLar radiATION [kg/sec^3]: -1.000000 
(CriticalSemiMajorAxis) Holman & Wiegert (1999) P-type Critical Semi-major Axis [m]: -1.000000 
(LXUVTot) Total XUV Luminosity [LSUN]: 6.088917e-07 
(LostEnergy) Body's Total Lost Energy [kg*m^2/sec^2]: 3.039847e+40 
(LostAngMom) Lost Angular Momentum due to Magnetic Braking [kg*m^2/sec]: 1.792603e+42 
(EscapeVelocity) Escape Velocity [m/sec]: 5.917511e+05 
----- STELLAR PARAMETERS (star)------
(Luminosity) Luminosity [LSUN]: 0.004929 
(LXUVStellar) Base X-ray/XUV Luminosity [LSUN]: 2.251255e-07 
(Temperature) Effective Temperature [K]: 3265.278137 
(LXUVFrac) Fraction of luminosity in XUV []: 4.566987e-05 
(RossbyNumber) Rossby Number []: 1.542167 
(DRotPerDtStellar) Time Rate of Change of Rotation Period in STELLAR []: 1.687941e-11 
(WindTorque) Stellar Wind Torque []: 3.032907e+21 
----- FLARE PARAMETERS (star)------
(LXUVFlare) XUV Luminosity from flares [LSUN]: 3.837656e-07 
(FlareFreq1) First value of flare frequency range [/sec]: 8.273182e-05 
(FlareFreq2) Second value of flare frequency range [/sec]: 6.448093e-05 
(FlareFreq3) Third value of flare frequency range [/sec]: 5.025624e-05 
(FlareFreq4) Fourth value of flare frequency range [/sec]: 3.916956e-05 
(FlareFreqMin) Frequency of the flares with the lowest energy [/sec]: 8.273182e-05 
(FlareFreqMid) Frequency of the flares with the middle energy in the energy range [/sec]: 6.843208e-06 
(FlareFreqMax) Frequency of the flares with the highest energy [/sec]: 5.660397e-07 
(FlareEnergy1) First value of flare energy range [kg*m^2/sec^2]: 5.334000e+23 
(FlareEnergy2) Second value of flare energy range [kg*m^2/sec^2]: 6.715108e+23 
(FlareEnergy3) Third value of flare energy range [kg*m^2/sec^2]: 8.453820e+23 
(FlareEnergy4) Fourth value of flare energy range [kg*m^2/sec^2]: 1.064273e+24 
(FlareEnergyMin) Minimum flare energy [kg*m^2/sec^2]: 5.334000e+23 
(FlareEnergyMid) Middle flare energy in the range of energy values [kg*m^2/sec^2]: 5.334000e+24 
(FlareEnergyMax) Maximum flare energy [kg*m^2/sec^2]: 5.334000e+25 
(FlareYIntOUT) Instantaneous Davenport FFD y-intercept at current age and mass []: 34.113543 
(FlareSlopeOUT) Instantaneous Davenport FFD slope at current age and mass []: -1.082413 

Output Order: Time[year] Luminosity[LSUN] LXUVStellar[LSUN] LXUVFlare[LSUN] LXUVTot[LSUN]
Grid Output Order:

----- BODY: b ----
Active Modules: AtmEsc
Module Bit Sum: 9
Color: 000000
(Mass) Mass [kg]: 1.009567e+25 
(Radius) Radius [m]: 7.325126e+06 
(RadGyra) Radius of Gyration/Moment of Inertia Constant []: 0.500000 
(BodyType) Type of Body (0 == planet) []: 0.000000 
(Density) Average Density [kg/m^3]: 6131.987689 
(HZLimitDryRunaway) Semi-major axis of Dry Runaway HZ Limit [m]: 9.533355e+09 
(HZLimRecVenus) Recent Venus HZ Limit [m]: 8.531511e+09 
(HZLimRunaway) Runaway Greenhouse HZ Limit [m]: 1.125739e+10 
(HZLimMoistGreenhouse) Moist Greenhouse HZ Limit [m]: 1.128859e+10 
(HZLimMaxGreenhouse) Maximum Greenhouse HZ Limit [m]: 2.140917e+10 
(HZLimEarlyMars) Early Mars HZ Limit [m]: 2.334910e+10 
(Instellation) Orbit-averaged INcident STELLar radiATION [kg/sec^3]: 2.667197e+04 
(MeanMotion) Orbital Mean Motion [/sec]: 4.464395e-05 
(OrbPeriod) Orbital Period [sec]: 1.407399e+05 
(SemiMajorAxis) Semi-major Axis [m]: 2.378324e+09 
(LXUVTot) Total XUV Luminosity [kg/sec^3]: -1.000000 
(EscapeVelocity) Escape Velocity [m/sec]: 1.356367e+04 
----- ATMESC PARAMETERS (b)------
(SurfWaterMass) Surface water mass [kg]: 0.000000 
(EnvelopeMass) Envelope mass [kg]: 0.000000 
(OxygenMass) Oxygen mass in the atmosphere [kg]: 0.000000 
(RGLimit) Runaway greenhouse semi-major axis [m]: 1.078548e+10 
(XO) Atomic oxygen mixing ratio in upper atmosphere []: 0.000000 
(EtaO) Oxygen eta parameter (Luger and Barnes 2015) []: 0.000000 
(PlanetRadius) Planet radius [m]: 7.325126e+06 
(OxygenMantleMass) Mass of oxygen in mantle [kg]: 0.000000 
(RadXUV) XUV radius separating hydro. dyn. escape and equilibrium [m]: -1.000000 
(RadSolid) Radius to the solid surface [m]: -1.000000 
(PresXUV) Pressure at base of thermosphere [(null)]: 5.000000 
(ScaleHeight) Scale height in Lehmer & Catling (2016) model [m]: -1.000000 
(ThermTemp) Isothermal atmospheric temperature [K]: 400.000000 
(AtmGasConst) Atmospheric gas constant [(null)]: 4124.000000 
(PresSurf) Surface pressure due to atmosphere [Pa]: -1.000000 
(DEnvMassDt) Envelope Mass Loss Rate [kg/s]: 0.000000 
(FXUV) XUV flux [W/m^2]: 3.294581 
(AtmXAbsEffH2O) XUV atmospheric escape efficiency for H2O []: 0.300000 
(RocheRadius) Roche Lobe Radius [m]: 4.830232e+07 
(BondiRadius) Bondi Radius [m]: 6.047286e+08 
(HEscapeRegime) Integer flag for H envelope escape regime []: 8.000000 
(RRCriticalFlux) Critical XUV Flux that separates RR and energy-limited escape [W/m^2]: 60.736701 
(CrossoverMass) Crossover mass, defines oxygen is escaping if mc > mo [kg]: 0.000000 
(WaterEscapeRegime) What water escape regime the code is currently in []: 8.000000 
(FXUVCRITDRAG) Critical Drag XUV flux [W/m^2]: 0.502461 
(HREFFLUX) The Hydrogen Reference Flux (m^-2 s^-1) [m^-2 s^-1]: 2.089284e+18 
(XO2) Molecular oxygen mixing ratio in atmosphere []: 0.000000 
(XH2O) Water mixing ratio in upper atmosphere []: 0.000000 
(HDiffFlux) The Hydrogen Diffusion Flux (m^-2 s^-1) [m^-2 s^-1]: 2.431604e+17 
(HRefODragMod) Multiply by H ref flux to get flux with drag []: 1.000000 
(KTide) Mass loss enhancement due to stellar gravity []: 0.774266 
(CumulativeXUVFlux) Cumulative XUV flux [W/m^2]: 3.506883e+18 
(RunawayGreenhouseFlux) Incident flux that triggers runaway greenhouse [kg/sec^3]: 1296.917893 
(RGDuration) Runaway Greenhouse Duration [years]: 0.00000e+00

Output Order: Time[year] CumulativeXUVFlux[W/m^2]
Grid Output Order:
