-------- Log file gj1132.log -------

Executable: /home/vplanet/.local/bin/vplanet
Version: Unknown
System Name: gj1132
Primary Input File: vpl.in
Body File #1: star.in
Body File #2: b.in
Allow files to be overwitten: Yes
Mass Units: Grams
Length Units: Meters
Time Units: Seconds
Angle Units: Radians

------- FORMATTING -----
Verbosity Level: 5
Crossover Decade for Scientific Notation: 4
Number of Digits After Decimal: 6
Integration Method: Runge-Kutta4
Direction: Forward
Time Step: 3.155760e+07
Stop Time: 2.138949e+17
Output Interval: 3.155760e+13
Use Variable Timestep: Yes
dEta: 0.010000
Minimum Value of ecc and obl: 1.000000e-10


---- INITIAL SYSTEM PROPERTIES ----
(Age) System Age [sec]: 1.645295e+14 
(Time) Simulation Time [sec]: 0.000000 
(TotAngMom) Total Angular Momentum [kg*m^2/sec]: 1.477862e+42 
(TotEnergy) Total System Energy [kg*m^2/sec^2]: -1.141438e+40 
(PotEnergy) Body's non-orbital Potential Energy [kg*m^2/sec^2]: -1.146797e+40 
(KinEnergy) Body's non-orbital Kinetic Energy [kg*m^2/sec^2]: 5.364832e+37 
(DeltaTime) Average Timestep Over Last Output Interval [sec]: 0.000000 

----- BODY: star ----
Active Modules: FLARE STELLAR
Module Bit Sum: 577
Color: 000000
(Mass) Mass [kg]: 3.807585e+29 
(Radius) Radius [m]: 5.062536e+08 
(RadGyra) Radius of Gyration/Moment of Inertia Constant []: 0.455968 
(RotAngMom) Rotational Angular Momentum [kg*m^2/sec]: 1.475435e+42 
(RotVel) Rotational Velocity [m/sec]: 3.681580e+04 
(BodyType) Type of Body (0 == planet) []: 0.000000 
(RotRate) Rotational Frequency [/sec]: 7.272205e-05 
(RotPer) Rotational Period [sec]: 8.640000e+04 
(Density) Average Density [kg/m^3]: 700.577958 
(HZLimitDryRunaway) Semi-major axis of Dry Runaway HZ Limit [m]: 3.041311e+10 
(HZLimRecVenus) Recent Venus HZ Limit [m]: 2.725115e+10 
(HZLimRunaway) Runaway Greenhouse HZ Limit [m]: 3.593744e+10 
(HZLimMoistGreenhouse) Moist Greenhouse HZ Limit [m]: 3.605776e+10 
(HZLimMaxGreenhouse) Maximum Greenhouse HZ Limit [m]: 6.855190e+10 
(HZLimEarlyMars) Early Mars HZ Limit [m]: 7.476324e+10 
(Instellation) Orbit-averaged INcident STELLar radiATION [kg/sec^3]: -1.000000 
(CriticalSemiMajorAxis) Holman & Wiegert (1999) P-type Critical Semi-major Axis [m]: -1.000000 
(LXUVTot) Total XUV Luminosity [LSUN]: 0.000130 
(LostEnergy) Body's Total Lost Energy [kg*m^2/sec^2]: 5.562685e-309 
(LostAngMom) Lost Angular Momentum due to Magnetic Braking [kg*m^2/sec]: 5.562685e-309 
(EscapeVelocity) Escape Velocity [m/sec]: 3.168531e+05 
----- STELLAR PARAMETERS (star)------
(Luminosity) Luminosity [LSUN]: 0.050168 
(LXUVStellar) Base X-ray/XUV Luminosity [LSUN]: 0.000118 
(Temperature) Effective Temperature [K]: 3201.282724 
(LXUVFrac) Fraction of luminosity in XUV []: 0.002362 
(RossbyNumber) Rossby Number []: 0.016398 
(DRotPerDtStellar) Time Rate of Change of Rotation Period in STELLAR []: -1.291927e-10 
(WindTorque) Stellar Wind Torque []: 4.529803e+27 
----- FLARE PARAMETERS (star)------
(LXUVFlare) XUV Luminosity from flares [LSUN]: 1.166416e-05 
(FlareFreq1) First value of flare frequency range [/sec]: 1.809883e-06 
(FlareFreq2) Second value of flare frequency range [/sec]: 1.458900e-06 
(FlareFreq3) Third value of flare frequency range [/sec]: 1.175982e-06 
(FlareFreq4) Fourth value of flare frequency range [/sec]: 9.479293e-07 
(FlareFreqMin) Frequency of the flares with the lowest energy [/sec]: 1.809883e-06 
(FlareFreqMid) Frequency of the flares with the middle energy in the energy range [/sec]: 2.096052e-07 
(FlareFreqMax) Frequency of the flares with the highest energy [/sec]: 2.427468e-08 
(FlareEnergy1) First value of flare energy range [kg*m^2/sec^2]: 5.334000e+25 
(FlareEnergy2) Second value of flare energy range [kg*m^2/sec^2]: 7.534475e+25 
(FlareEnergy3) Third value of flare energy range [kg*m^2/sec^2]: 1.064273e+26 
(FlareEnergy4) Fourth value of flare energy range [kg*m^2/sec^2]: 1.503325e+26 
(FlareEnergyMin) Minimum flare energy [kg*m^2/sec^2]: 5.334000e+25 
(FlareEnergyMid) Middle flare energy in the range of energy values [kg*m^2/sec^2]: 1.686759e+27 
(FlareEnergyMax) Maximum flare energy [kg*m^2/sec^2]: 5.334000e+28 
(FlareYIntOUT) Instantaneous Davenport FFD y-intercept at current age and mass []: 19.621267 
(FlareSlopeOUT) Instantaneous Davenport FFD slope at current age and mass []: -0.624166 

Output Order: Time[year] Luminosity[LSUN] LXUVStellar[LSUN] LXUVFlare[LSUN] LXUVTot[LSUN]
Grid Output Order:

----- BODY: b ----
Active Modules: AtmEsc
Module Bit Sum: 9
Color: 000000
(Mass) Mass [kg]: 9.964178e+24 
(Radius) Radius [m]: 7.192523e+06 
(RadGyra) Radius of Gyration/Moment of Inertia Constant []: 0.500000 
(BodyType) Type of Body (0 == planet) []: 0.000000 
(Density) Average Density [kg/m^3]: 6393.065621 
(HZLimitDryRunaway) Semi-major axis of Dry Runaway HZ Limit [m]: 3.041346e+10 
(HZLimRecVenus) Recent Venus HZ Limit [m]: 2.725115e+10 
(HZLimRunaway) Runaway Greenhouse HZ Limit [m]: 3.593744e+10 
(HZLimMoistGreenhouse) Moist Greenhouse HZ Limit [m]: 3.605776e+10 
(HZLimMaxGreenhouse) Maximum Greenhouse HZ Limit [m]: 6.855190e+10 
(HZLimEarlyMars) Early Mars HZ Limit [m]: 7.476324e+10 
(Instellation) Orbit-averaged INcident STELLar radiATION [kg/sec^3]: 2.813199e+05 
(MeanMotion) Orbital Mean Motion [/sec]: 4.464336e-05 
(OrbPeriod) Orbital Period [sec]: 1.407418e+05 
(SemiMajorAxis) Semi-major Axis [m]: 2.336239e+09 
(LXUVTot) Total XUV Luminosity [kg/sec^3]: -1.000000 
(EscapeVelocity) Escape Velocity [m/sec]: 1.359870e+04 
----- ATMESC PARAMETERS (b)------
(SurfWaterMass) Surface water mass [kg]: 0.000000 
(EnvelopeMass) Envelope mass [kg]: 0.000000 
(OxygenMass) Oxygen mass in the atmosphere [kg]: 0.000000 
(RGLimit) Runaway greenhouse semi-major axis [m]: 3.444032e+10 
(XO) Atomic oxygen mixing ratio in upper atmosphere []: 0.000000 
(EtaO) Oxygen eta parameter (Luger and Barnes 2015) []: 0.000000 
(PlanetRadius) Planet radius [m]: 7.192523e+06 
(OxygenMantleMass) Mass of oxygen in mantle [kg]: 0.000000 
(RadXUV) XUV radius separating hydro. dyn. escape and equilibrium [m]: -1.000000 
(RadSolid) Radius to the solid surface [m]: -1.000000 
(PresXUV) Pressure at base of thermosphere [(null)]: 5.000000 
(ScaleHeight) Scale height in Lehmer & Catling (2016) model [m]: -1.000000 
(ThermTemp) Isothermal atmospheric temperature [K]: 400.000000 
(AtmGasConst) Atmospheric gas constant [(null)]: 4124.000000 
(PresSurf) Surface pressure due to atmosphere [Pa]: -1.000000 
(DEnvMassDt) Envelope Mass Loss Rate [kg/s]: 0.000000 
(FXUV) XUV flux [W/m^2]: 729.821981 
(AtmXAbsEffH2O) XUV atmospheric escape efficiency for H2O []: 0.300000 
(RocheRadius) Roche Lobe Radius [m]: 4.809214e+07 
(BondiRadius) Bondi Radius [m]: 3.378277e+08 
(HEscapeRegime) Integer flag for H envelope escape regime []: 8.000000 
(RRCriticalFlux) Critical XUV Flux that separates RR and energy-limited escape [W/m^2]: 62.994559 
(CrossoverMass) Crossover mass, defines oxygen is escaping if mc > mo [kg]: 0.000000 
(WaterEscapeRegime) What water escape regime the code is currently in []: 8.000000 
(FXUVCRITDRAG) Critical Drag XUV flux [W/m^2]: 0.517031 
(HREFFLUX) The Hydrogen Reference Flux (m^-2 s^-1) [m^-2 s^-1]: 4.586223e+20 
(XO2) Molecular oxygen mixing ratio in atmosphere []: 0.000000 
(XH2O) Water mixing ratio in upper atmosphere []: 0.000000 
(HDiffFlux) The Hydrogen Diffusion Flux (m^-2 s^-1) [m^-2 s^-1]: 2.489240e+17 
(HRefODragMod) Multiply by H ref flux to get flux with drag []: 1.000000 
(KTide) Mass loss enhancement due to stellar gravity []: 0.777337 
(CumulativeXUVFlux) Cumulative XUV flux [W/m^2]: 0.000000 
(RunawayGreenhouseFlux) Incident flux that triggers runaway greenhouse [kg/sec^3]: 1294.465971 
(RGDuration) Runaway Greenhouse Duration [years]: 0.00000e+00

Output Order: Time[year] CumulativeXUVFlux[W/m^2]
Grid Output Order:



---- FINAL SYSTEM PROPERTIES ----
(Age) System Age [sec]: 2.140619e+17 
(Time) Simulation Time [sec]: 2.138974e+17 
(TotAngMom) Total Angular Momentum [kg*m^2/sec]: 1.480856e+42 
(TotEnergy) Total System Energy [kg*m^2/sec^2]: -1.140799e+40 
(PotEnergy) Body's non-orbital Potential Energy [kg*m^2/sec^2]: -4.045829e+40 
(KinEnergy) Body's non-orbital Kinetic Energy [kg*m^2/sec^2]: 6.341962e+32 
(DeltaTime) Average Timestep Over Last Output Interval [sec]: 1.577880e+13 

----- BODY: star ----
Active Modules: FLARE STELLAR
Module Bit Sum: 577
Color: 000000
(Mass) Mass [kg]: 3.807585e+29 
(Radius) Radius [m]: 1.434985e+08 
(RadGyra) Radius of Gyration/Moment of Inertia Constant []: 0.460478 
(RotAngMom) Rotational Angular Momentum [kg*m^2/sec]: 1.452137e+39 
(RotVel) Rotational Velocity [m/sec]: 125.341035 
(BodyType) Type of Body (0 == planet) []: 0.000000 
(RotRate) Rotational Frequency [/sec]: 8.734661e-07 
(RotPer) Rotational Period [sec]: 7.193394e+06 
(Density) Average Density [kg/m^3]: 3.076233e+04 
(HZLimitDryRunaway) Semi-major axis of Dry Runaway HZ Limit [m]: 8.855936e+09 
(HZLimRecVenus) Recent Venus HZ Limit [m]: 7.929724e+09 
(HZLimRunaway) Runaway Greenhouse HZ Limit [m]: 1.046067e+10 
(HZLimMoistGreenhouse) Moist Greenhouse HZ Limit [m]: 1.049233e+10 
(HZLimMaxGreenhouse) Maximum Greenhouse HZ Limit [m]: 1.992051e+10 
(HZLimEarlyMars) Early Mars HZ Limit [m]: 2.172551e+10 
(Instellation) Orbit-averaged INcident STELLar radiATION [kg/sec^3]: -1.000000 
(CriticalSemiMajorAxis) Holman & Wiegert (1999) P-type Critical Semi-major Axis [m]: -1.000000 
(LXUVTot) Total XUV Luminosity [LSUN]: 7.141677e-07 
(LostEnergy) Body's Total Lost Energy [kg*m^2/sec^2]: 2.905035e+40 
(LostAngMom) Lost Angular Momentum due to Magnetic Braking [kg*m^2/sec]: 1.476976e+42 
(EscapeVelocity) Escape Velocity [m/sec]: 5.951389e+05 
----- STELLAR PARAMETERS (star)------
(Luminosity) Luminosity [LSUN]: 0.004254 
(LXUVStellar) Base X-ray/XUV Luminosity [LSUN]: 3.565865e-07 
(Temperature) Effective Temperature [K]: 3237.068682 
(LXUVFrac) Fraction of luminosity in XUV []: 8.382765e-05 
(RossbyNumber) Rossby Number []: 1.390491 
(DRotPerDtStellar) Time Rate of Change of Rotation Period in STELLAR []: 1.868000e-11 
(WindTorque) Stellar Wind Torque []: 3.469335e+21 
----- FLARE PARAMETERS (star)------
(LXUVFlare) XUV Luminosity from flares [LSUN]: 3.575584e-07 
(FlareFreq1) First value of flare frequency range [/sec]: 5.636674e-07 
(FlareFreq2) Second value of flare frequency range [/sec]: 3.871647e-07 
(FlareFreq3) Third value of flare frequency range [/sec]: 2.659307e-07 
(FlareFreq4) Fourth value of flare frequency range [/sec]: 1.826591e-07 
(FlareFreqMin) Frequency of the flares with the lowest energy [/sec]: 5.636674e-07 
(FlareFreqMid) Frequency of the flares with the middle energy in the energy range [/sec]: 1.317501e-08 
(FlareFreqMax) Frequency of the flares with the highest energy [/sec]: 3.079492e-10 
(FlareEnergy1) First value of flare energy range [kg*m^2/sec^2]: 5.334000e+25 
(FlareEnergy2) Second value of flare energy range [kg*m^2/sec^2]: 7.534475e+25 
(FlareEnergy3) Third value of flare energy range [kg*m^2/sec^2]: 1.064273e+26 
(FlareEnergy4) Fourth value of flare energy range [kg*m^2/sec^2]: 1.503325e+26 
(FlareEnergyMin) Minimum flare energy [kg*m^2/sec^2]: 5.334000e+25 
(FlareEnergyMid) Middle flare energy in the range of energy values [kg*m^2/sec^2]: 1.686759e+27 
(FlareEnergyMax) Maximum flare energy [kg*m^2/sec^2]: 5.334000e+28 
(FlareYIntOUT) Instantaneous Davenport FFD y-intercept at current age and mass []: 34.278685 
(FlareSlopeOUT) Instantaneous Davenport FFD slope at current age and mass []: -1.087515 

Output Order: Time[year] Luminosity[LSUN] LXUVStellar[LSUN] LXUVFlare[LSUN] LXUVTot[LSUN]
Grid Output Order:

----- BODY: b ----
Active Modules: AtmEsc
Module Bit Sum: 9
Color: 000000
(Mass) Mass [kg]: 9.964178e+24 
(Radius) Radius [m]: 7.192523e+06 
(RadGyra) Radius of Gyration/Moment of Inertia Constant []: 0.500000 
(BodyType) Type of Body (0 == planet) []: 0.000000 
(Density) Average Density [kg/m^3]: 6393.065621 
(HZLimitDryRunaway) Semi-major axis of Dry Runaway HZ Limit [m]: 8.856037e+09 
(HZLimRecVenus) Recent Venus HZ Limit [m]: 7.929724e+09 
(HZLimRunaway) Runaway Greenhouse HZ Limit [m]: 1.046067e+10 
(HZLimMoistGreenhouse) Moist Greenhouse HZ Limit [m]: 1.049233e+10 
(HZLimMaxGreenhouse) Maximum Greenhouse HZ Limit [m]: 1.992051e+10 
(HZLimEarlyMars) Early Mars HZ Limit [m]: 2.172551e+10 
(Instellation) Orbit-averaged INcident STELLar radiATION [kg/sec^3]: 2.385325e+04 
(MeanMotion) Orbital Mean Motion [/sec]: 4.464336e-05 
(OrbPeriod) Orbital Period [sec]: 1.407418e+05 
(SemiMajorAxis) Semi-major Axis [m]: 2.336239e+09 
(LXUVTot) Total XUV Luminosity [kg/sec^3]: -1.000000 
(EscapeVelocity) Escape Velocity [m/sec]: 1.359870e+04 
----- ATMESC PARAMETERS (b)------
(SurfWaterMass) Surface water mass [kg]: 0.000000 
(EnvelopeMass) Envelope mass [kg]: 0.000000 
(OxygenMass) Oxygen mass in the atmosphere [kg]: 0.000000 
(RGLimit) Runaway greenhouse semi-major axis [m]: 1.002502e+10 
(XO) Atomic oxygen mixing ratio in upper atmosphere []: 0.000000 
(EtaO) Oxygen eta parameter (Luger and Barnes 2015) []: 0.000000 
(PlanetRadius) Planet radius [m]: 7.192523e+06 
(OxygenMantleMass) Mass of oxygen in mantle [kg]: 0.000000 
(RadXUV) XUV radius separating hydro. dyn. escape and equilibrium [m]: -1.000000 
(RadSolid) Radius to the solid surface [m]: -1.000000 
(PresXUV) Pressure at base of thermosphere [(null)]: 5.000000 
(ScaleHeight) Scale height in Lehmer & Catling (2016) model [m]: -1.000000 
(ThermTemp) Isothermal atmospheric temperature [K]: 400.000000 
(AtmGasConst) Atmospheric gas constant [(null)]: 4124.000000 
(PresSurf) Surface pressure due to atmosphere [Pa]: -1.000000 
(DEnvMassDt) Envelope Mass Loss Rate [kg/s]: 0.000000 
(FXUV) XUV flux [W/m^2]: 4.004702 
(AtmXAbsEffH2O) XUV atmospheric escape efficiency for H2O []: 0.300000 
(RocheRadius) Roche Lobe Radius [m]: 4.809214e+07 
(BondiRadius) Bondi Radius [m]: 6.275203e+08 
(HEscapeRegime) Integer flag for H envelope escape regime []: 8.000000 
(RRCriticalFlux) Critical XUV Flux that separates RR and energy-limited escape [W/m^2]: 62.994559 
(CrossoverMass) Crossover mass, defines oxygen is escaping if mc > mo [kg]: 0.000000 
(WaterEscapeRegime) What water escape regime the code is currently in []: 8.000000 
(FXUVCRITDRAG) Critical Drag XUV flux [W/m^2]: 0.517031 
(HREFFLUX) The Hydrogen Reference Flux (m^-2 s^-1) [m^-2 s^-1]: 2.516566e+18 
(XO2) Molecular oxygen mixing ratio in atmosphere []: 0.000000 
(XH2O) Water mixing ratio in upper atmosphere []: 0.000000 
(HDiffFlux) The Hydrogen Diffusion Flux (m^-2 s^-1) [m^-2 s^-1]: 2.489240e+17 
(HRefODragMod) Multiply by H ref flux to get flux with drag []: 1.000000 
(KTide) Mass loss enhancement due to stellar gravity []: 0.777337 
(CumulativeXUVFlux) Cumulative XUV flux [W/m^2]: 4.445860e+18 
(RunawayGreenhouseFlux) Incident flux that triggers runaway greenhouse [kg/sec^3]: 1295.393080 
(RGDuration) Runaway Greenhouse Duration [years]: 0.00000e+00

Output Order: Time[year] CumulativeXUVFlux[W/m^2]
Grid Output Order:
