-------- Log file gj1132.log -------

Executable: /home/vplanet/.local/bin/vplanet
Version: Unknown
System Name: gj1132
Primary Input File: vpl.in
Body File #1: star.in
Body File #2: b.in
Allow files to be overwitten: Yes
Mass Units: Grams
Length Units: Meters
Time Units: Seconds
Angle Units: Radians

------- FORMATTING -----
Verbosity Level: 5
Crossover Decade for Scientific Notation: 4
Number of Digits After Decimal: 6
Integration Method: Runge-Kutta4
Direction: Forward
Time Step: 3.155760e+07
Stop Time: 2.505248e+17
Output Interval: 3.155760e+13
Use Variable Timestep: Yes
dEta: 0.010000
Minimum Value of ecc and obl: 1.000000e-10


---- INITIAL SYSTEM PROPERTIES ----
(Age) System Age [sec]: 2.016674e+14 
(Time) Simulation Time [sec]: 0.000000 
(TotAngMom) Total Angular Momentum [kg*m^2/sec]: 1.353054e+42 
(TotEnergy) Total System Energy [kg*m^2/sec^2]: -1.284901e+40 
(PotEnergy) Body's non-orbital Potential Energy [kg*m^2/sec^2]: -1.289807e+40 
(KinEnergy) Body's non-orbital Kinetic Energy [kg*m^2/sec^2]: 4.911209e+37 
(DeltaTime) Average Timestep Over Last Output Interval [sec]: 0.000000 

----- BODY: star ----
Active Modules: FLARE STELLAR
Module Bit Sum: 577
Color: 000000
(Mass) Mass [kg]: 3.918351e+29 
(Radius) Radius [m]: 4.766918e+08 
(RadGyra) Radius of Gyration/Moment of Inertia Constant []: 0.456724 
(RotAngMom) Rotational Angular Momentum [kg*m^2/sec]: 1.350679e+42 
(RotVel) Rotational Velocity [m/sec]: 3.466600e+04 
(BodyType) Type of Body (0 == planet) []: 0.000000 
(RotRate) Rotational Frequency [/sec]: 7.272205e-05 
(RotPer) Rotational Period [sec]: 8.640000e+04 
(Density) Average Density [kg/m^3]: 863.578441 
(HZLimitDryRunaway) Semi-major axis of Dry Runaway HZ Limit [m]: 2.894762e+10 
(HZLimRecVenus) Recent Venus HZ Limit [m]: 2.592869e+10 
(HZLimRunaway) Runaway Greenhouse HZ Limit [m]: 3.419915e+10 
(HZLimMoistGreenhouse) Moist Greenhouse HZ Limit [m]: 3.430791e+10 
(HZLimMaxGreenhouse) Maximum Greenhouse HZ Limit [m]: 6.517872e+10 
(HZLimEarlyMars) Early Mars HZ Limit [m]: 7.108449e+10 
(Instellation) Orbit-averaged INcident STELLar radiATION [kg/sec^3]: -1.000000 
(CriticalSemiMajorAxis) Holman & Wiegert (1999) P-type Critical Semi-major Axis [m]: -1.000000 
(LXUVTot) Total XUV Luminosity [LSUN]: 3.401148e-05 
(LostEnergy) Body's Total Lost Energy [kg*m^2/sec^2]: 5.562685e-309 
(LostAngMom) Lost Angular Momentum due to Magnetic Braking [kg*m^2/sec]: 5.562685e-309 
(EscapeVelocity) Escape Velocity [m/sec]: 3.312456e+05 
----- STELLAR PARAMETERS (star)------
(Luminosity) Luminosity [LSUN]: 0.045450 
(LXUVStellar) Base X-ray/XUV Luminosity [LSUN]: 3.322751e-05 
(Temperature) Effective Temperature [K]: 3219.988028 
(LXUVFrac) Fraction of luminosity in XUV []: 0.000731 
(RossbyNumber) Rossby Number []: 0.016556 
(DRotPerDtStellar) Time Rate of Change of Rotation Period in STELLAR []: -3.447591e-11 
(WindTorque) Stellar Wind Torque []: 3.224141e+27 
----- FLARE PARAMETERS (star)------
(LXUVFlare) XUV Luminosity from flares [LSUN]: 7.839691e-07 
(FlareFreq1) First value of flare frequency range [/sec]: 3.313967e-05 
(FlareFreq2) Second value of flare frequency range [/sec]: 2.862312e-05 
(FlareFreq3) Third value of flare frequency range [/sec]: 2.472213e-05 
(FlareFreq4) Fourth value of flare frequency range [/sec]: 2.135280e-05 
(FlareFreqMin) Frequency of the flares with the lowest energy [/sec]: 3.313967e-05 
(FlareFreqMid) Frequency of the flares with the middle energy in the energy range [/sec]: 7.656617e-06 
(FlareFreqMax) Frequency of the flares with the highest energy [/sec]: 1.768991e-06 
(FlareEnergy1) First value of flare energy range [kg*m^2/sec^2]: 5.334000e+23 
(FlareEnergy2) Second value of flare energy range [kg*m^2/sec^2]: 6.715108e+23 
(FlareEnergy3) Third value of flare energy range [kg*m^2/sec^2]: 8.453820e+23 
(FlareEnergy4) Fourth value of flare energy range [kg*m^2/sec^2]: 1.064273e+24 
(FlareEnergyMin) Minimum flare energy [kg*m^2/sec^2]: 5.334000e+23 
(FlareEnergyMid) Middle flare energy in the range of energy values [kg*m^2/sec^2]: 5.334000e+24 
(FlareEnergyMax) Maximum flare energy [kg*m^2/sec^2]: 5.334000e+25 
(FlareYIntOUT) Instantaneous Davenport FFD y-intercept at current age and mass []: 20.008831 
(FlareSlopeOUT) Instantaneous Davenport FFD slope at current age and mass []: -0.636311 

Output Order: Time[year] Luminosity[LSUN] LXUVStellar[LSUN] LXUVFlare[LSUN] LXUVTot[LSUN]
Grid Output Order:

----- BODY: b ----
Active Modules: AtmEsc
Module Bit Sum: 9
Color: 000000
(Mass) Mass [kg]: 9.561422e+24 
(Radius) Radius [m]: 7.387682e+06 
(RadGyra) Radius of Gyration/Moment of Inertia Constant []: 0.500000 
(BodyType) Type of Body (0 == planet) []: 0.000000 
(Density) Average Density [kg/m^3]: 5661.210472 
(HZLimitDryRunaway) Semi-major axis of Dry Runaway HZ Limit [m]: 2.894780e+10 
(HZLimRecVenus) Recent Venus HZ Limit [m]: 2.592869e+10 
(HZLimRunaway) Runaway Greenhouse HZ Limit [m]: 3.419915e+10 
(HZLimMoistGreenhouse) Moist Greenhouse HZ Limit [m]: 3.430791e+10 
(HZLimMaxGreenhouse) Maximum Greenhouse HZ Limit [m]: 6.517872e+10 
(HZLimEarlyMars) Early Mars HZ Limit [m]: 7.108449e+10 
(Instellation) Orbit-averaged INcident STELLar radiATION [kg/sec^3]: 2.500346e+05 
(MeanMotion) Orbital Mean Motion [/sec]: 4.464337e-05 
(OrbPeriod) Orbital Period [sec]: 1.407417e+05 
(SemiMajorAxis) Semi-major Axis [m]: 2.358675e+09 
(LXUVTot) Total XUV Luminosity [kg/sec^3]: -1.000000 
(EscapeVelocity) Escape Velocity [m/sec]: 1.314390e+04 
----- ATMESC PARAMETERS (b)------
(SurfWaterMass) Surface water mass [kg]: 0.000000 
(EnvelopeMass) Envelope mass [kg]: 0.000000 
(OxygenMass) Oxygen mass in the atmosphere [kg]: 0.000000 
(RGLimit) Runaway greenhouse semi-major axis [m]: 3.280597e+10 
(XO) Atomic oxygen mixing ratio in upper atmosphere []: 0.000000 
(EtaO) Oxygen eta parameter (Luger and Barnes 2015) []: 0.000000 
(PlanetRadius) Planet radius [m]: 7.387682e+06 
(OxygenMantleMass) Mass of oxygen in mantle [kg]: 0.000000 
(RadXUV) XUV radius separating hydro. dyn. escape and equilibrium [m]: -1.000000 
(RadSolid) Radius to the solid surface [m]: -1.000000 
(PresXUV) Pressure at base of thermosphere [(null)]: 5.000000 
(ScaleHeight) Scale height in Lehmer & Catling (2016) model [m]: -1.000000 
(ThermTemp) Isothermal atmospheric temperature [K]: 400.000000 
(AtmGasConst) Atmospheric gas constant [(null)]: 4124.000000 
(PresSurf) Surface pressure due to atmosphere [Pa]: -1.000000 
(DEnvMassDt) Envelope Mass Loss Rate [kg/s]: 0.000000 
(FXUV) XUV flux [W/m^2]: 187.107548 
(AtmXAbsEffH2O) XUV atmospheric escape efficiency for H2O []: 0.300000 
(RocheRadius) Roche Lobe Radius [m]: 4.743520e+07 
(BondiRadius) Bondi Radius [m]: 3.305490e+08 
(HEscapeRegime) Integer flag for H envelope escape regime []: 8.000000 
(RRCriticalFlux) Critical XUV Flux that separates RR and energy-limited escape [W/m^2]: 52.287627 
(CrossoverMass) Crossover mass, defines oxygen is escaping if mc > mo [kg]: 0.000000 
(WaterEscapeRegime) What water escape regime the code is currently in []: 8.000000 
(FXUVCRITDRAG) Critical Drag XUV flux [W/m^2]: 0.439337 
(HREFFLUX) The Hydrogen Reference Flux (m^-2 s^-1) [m^-2 s^-1]: 1.273410e+20 
(XO2) Molecular oxygen mixing ratio in atmosphere []: 0.000000 
(XH2O) Water mixing ratio in upper atmosphere []: 0.000000 
(HDiffFlux) The Hydrogen Diffusion Flux (m^-2 s^-1) [m^-2 s^-1]: 2.264091e+17 
(HRefODragMod) Multiply by H ref flux to get flux with drag []: 1.000000 
(KTide) Mass loss enhancement due to stellar gravity []: 0.768275 
(CumulativeXUVFlux) Cumulative XUV flux [W/m^2]: 0.000000 
(RunawayGreenhouseFlux) Incident flux that triggers runaway greenhouse [kg/sec^3]: 1292.484726 
(RGDuration) Runaway Greenhouse Duration [years]: 0.00000e+00

Output Order: Time[year] CumulativeXUVFlux[W/m^2]
Grid Output Order:



---- FINAL SYSTEM PROPERTIES ----
(Age) System Age [sec]: 2.507375e+17 
(Time) Simulation Time [sec]: 2.505358e+17 
(TotAngMom) Total Angular Momentum [kg*m^2/sec]: 1.337286e+42 
(TotEnergy) Total System Energy [kg*m^2/sec^2]: -1.294461e+40 
(PotEnergy) Body's non-orbital Potential Energy [kg*m^2/sec^2]: -4.127672e+40 
(KinEnergy) Body's non-orbital Kinetic Energy [kg*m^2/sec^2]: 5.599115e+32 
(DeltaTime) Average Timestep Over Last Output Interval [sec]: 1.577880e+13 

----- BODY: star ----
Active Modules: FLARE STELLAR
Module Bit Sum: 577
Color: 000000
(Mass) Mass [kg]: 3.918351e+29 
(Radius) Radius [m]: 1.489557e+08 
(RadGyra) Radius of Gyration/Moment of Inertia Constant []: 0.460247 
(RotAngMom) Rotational Angular Momentum [kg*m^2/sec]: 1.436066e+39 
(RotVel) Rotational Velocity [m/sec]: 116.153493 
(BodyType) Type of Body (0 == planet) []: 0.000000 
(RotRate) Rotational Frequency [/sec]: 7.797854e-07 
(RotPer) Rotational Period [sec]: 8.057582e+06 
(Density) Average Density [kg/m^3]: 2.830370e+04 
(HZLimitDryRunaway) Semi-major axis of Dry Runaway HZ Limit [m]: 9.241700e+09 
(HZLimRecVenus) Recent Venus HZ Limit [m]: 8.272414e+09 
(HZLimRunaway) Runaway Greenhouse HZ Limit [m]: 1.091439e+10 
(HZLimMoistGreenhouse) Moist Greenhouse HZ Limit [m]: 1.094576e+10 
(HZLimMaxGreenhouse) Maximum Greenhouse HZ Limit [m]: 2.076803e+10 
(HZLimEarlyMars) Early Mars HZ Limit [m]: 2.264985e+10 
(Instellation) Orbit-averaged INcident STELLar radiATION [kg/sec^3]: -1.000000 
(CriticalSemiMajorAxis) Holman & Wiegert (1999) P-type Critical Semi-major Axis [m]: -1.000000 
(LXUVTot) Total XUV Luminosity [LSUN]: 9.118859e-07 
(LostEnergy) Body's Total Lost Energy [kg*m^2/sec^2]: 2.833216e+40 
(LostAngMom) Lost Angular Momentum due to Magnetic Braking [kg*m^2/sec]: 1.333475e+42 
(EscapeVelocity) Escape Velocity [m/sec]: 5.925709e+05 
----- STELLAR PARAMETERS (star)------
(Luminosity) Luminosity [LSUN]: 0.004632 
(LXUVStellar) Base X-ray/XUV Luminosity [LSUN]: 5.312861e-07 
(Temperature) Effective Temperature [K]: 3253.892867 
(LXUVFrac) Fraction of luminosity in XUV []: 0.000115 
(RossbyNumber) Rossby Number []: 1.571020 
(DRotPerDtStellar) Time Rate of Change of Rotation Period in STELLAR []: 1.296032e-11 
(WindTorque) Stellar Wind Torque []: 2.355277e+21 
----- FLARE PARAMETERS (star)------
(LXUVFlare) XUV Luminosity from flares [LSUN]: 3.805961e-07 
(FlareFreq1) First value of flare frequency range [/sec]: 8.535528e-05 
(FlareFreq2) Second value of flare frequency range [/sec]: 6.634194e-05 
(FlareFreq3) Third value of flare frequency range [/sec]: 5.156391e-05 
(FlareFreq4) Fourth value of flare frequency range [/sec]: 4.007778e-05 
(FlareFreqMin) Frequency of the flares with the lowest energy [/sec]: 8.535528e-05 
(FlareFreqMid) Frequency of the flares with the middle energy in the energy range [/sec]: 6.867644e-06 
(FlareFreqMax) Frequency of the flares with the highest energy [/sec]: 5.525672e-07 
(FlareEnergy1) First value of flare energy range [kg*m^2/sec^2]: 5.334000e+23 
(FlareEnergy2) Second value of flare energy range [kg*m^2/sec^2]: 6.715108e+23 
(FlareEnergy3) Third value of flare energy range [kg*m^2/sec^2]: 8.453820e+23 
(FlareEnergy4) Fourth value of flare energy range [kg*m^2/sec^2]: 1.064273e+24 
(FlareEnergyMin) Minimum flare energy [kg*m^2/sec^2]: 5.334000e+23 
(FlareEnergyMid) Middle flare energy in the range of energy values [kg*m^2/sec^2]: 5.334000e+24 
(FlareEnergyMax) Maximum flare energy [kg*m^2/sec^2]: 5.334000e+25 
(FlareYIntOUT) Instantaneous Davenport FFD y-intercept at current age and mass []: 34.496127 
(FlareSlopeOUT) Instantaneous Davenport FFD slope at current age and mass []: -1.094423 

Output Order: Time[year] Luminosity[LSUN] LXUVStellar[LSUN] LXUVFlare[LSUN] LXUVTot[LSUN]
Grid Output Order:

----- BODY: b ----
Active Modules: AtmEsc
Module Bit Sum: 9
Color: 000000
(Mass) Mass [kg]: 9.561422e+24 
(Radius) Radius [m]: 7.387682e+06 
(RadGyra) Radius of Gyration/Moment of Inertia Constant []: 0.500000 
(BodyType) Type of Body (0 == planet) []: 0.000000 
(Density) Average Density [kg/m^3]: 5661.210472 
(HZLimitDryRunaway) Semi-major axis of Dry Runaway HZ Limit [m]: 9.241756e+09 
(HZLimRecVenus) Recent Venus HZ Limit [m]: 8.272414e+09 
(HZLimRunaway) Runaway Greenhouse HZ Limit [m]: 1.091439e+10 
(HZLimMoistGreenhouse) Moist Greenhouse HZ Limit [m]: 1.094576e+10 
(HZLimMaxGreenhouse) Maximum Greenhouse HZ Limit [m]: 2.076803e+10 
(HZLimEarlyMars) Early Mars HZ Limit [m]: 2.264985e+10 
(Instellation) Orbit-averaged INcident STELLar radiATION [kg/sec^3]: 2.548462e+04 
(MeanMotion) Orbital Mean Motion [/sec]: 4.464337e-05 
(OrbPeriod) Orbital Period [sec]: 1.407417e+05 
(SemiMajorAxis) Semi-major Axis [m]: 2.358675e+09 
(LXUVTot) Total XUV Luminosity [kg/sec^3]: -1.000000 
(EscapeVelocity) Escape Velocity [m/sec]: 1.314390e+04 
----- ATMESC PARAMETERS (b)------
(SurfWaterMass) Surface water mass [kg]: 0.000000 
(EnvelopeMass) Envelope mass [kg]: 0.000000 
(OxygenMass) Oxygen mass in the atmosphere [kg]: 0.000000 
(RGLimit) Runaway greenhouse semi-major axis [m]: 1.046992e+10 
(XO) Atomic oxygen mixing ratio in upper atmosphere []: 0.000000 
(EtaO) Oxygen eta parameter (Luger and Barnes 2015) []: 0.000000 
(PlanetRadius) Planet radius [m]: 7.387682e+06 
(OxygenMantleMass) Mass of oxygen in mantle [kg]: 0.000000 
(RadXUV) XUV radius separating hydro. dyn. escape and equilibrium [m]: -1.000000 
(RadSolid) Radius to the solid surface [m]: -1.000000 
(PresXUV) Pressure at base of thermosphere [(null)]: 5.000000 
(ScaleHeight) Scale height in Lehmer & Catling (2016) model [m]: -1.000000 
(ThermTemp) Isothermal atmospheric temperature [K]: 400.000000 
(AtmGasConst) Atmospheric gas constant [(null)]: 4124.000000 
(PresSurf) Surface pressure due to atmosphere [Pa]: -1.000000 
(DEnvMassDt) Envelope Mass Loss Rate [kg/s]: 0.000000 
(FXUV) XUV flux [W/m^2]: 5.016563 
(AtmXAbsEffH2O) XUV atmospheric escape efficiency for H2O []: 0.300000 
(RocheRadius) Roche Lobe Radius [m]: 4.743520e+07 
(BondiRadius) Bondi Radius [m]: 5.851632e+08 
(HEscapeRegime) Integer flag for H envelope escape regime []: 8.000000 
(RRCriticalFlux) Critical XUV Flux that separates RR and energy-limited escape [W/m^2]: 52.287627 
(CrossoverMass) Crossover mass, defines oxygen is escaping if mc > mo [kg]: 0.000000 
(WaterEscapeRegime) What water escape regime the code is currently in []: 8.000000 
(FXUVCRITDRAG) Critical Drag XUV flux [W/m^2]: 0.439337 
(HREFFLUX) The Hydrogen Reference Flux (m^-2 s^-1) [m^-2 s^-1]: 3.414154e+18 
(XO2) Molecular oxygen mixing ratio in atmosphere []: 0.000000 
(XH2O) Water mixing ratio in upper atmosphere []: 0.000000 
(HDiffFlux) The Hydrogen Diffusion Flux (m^-2 s^-1) [m^-2 s^-1]: 2.264091e+17 
(HRefODragMod) Multiply by H ref flux to get flux with drag []: 1.000000 
(KTide) Mass loss enhancement due to stellar gravity []: 0.768275 
(CumulativeXUVFlux) Cumulative XUV flux [W/m^2]: 3.465090e+18 
(RunawayGreenhouseFlux) Incident flux that triggers runaway greenhouse [kg/sec^3]: 1293.369241 
(RGDuration) Runaway Greenhouse Duration [years]: 0.00000e+00

Output Order: Time[year] CumulativeXUVFlux[W/m^2]
Grid Output Order:
