-------- Log file gj1132.log -------

Executable: /home/vplanet/.local/bin/vplanet
Version: Unknown
System Name: gj1132
Primary Input File: vpl.in
Body File #1: star.in
Body File #2: b.in
Allow files to be overwitten: Yes
Mass Units: Grams
Length Units: Meters
Time Units: Seconds
Angle Units: Radians

------- FORMATTING -----
Verbosity Level: 5
Crossover Decade for Scientific Notation: 4
Number of Digits After Decimal: 6
Integration Method: Runge-Kutta4
Direction: Forward
Time Step: 3.155760e+07
Stop Time: 2.187087e+17
Output Interval: 3.155760e+13
Use Variable Timestep: Yes
dEta: 0.010000
Minimum Value of ecc and obl: 1.000000e-10


---- INITIAL SYSTEM PROPERTIES ----
(Age) System Age [sec]: 1.146532e+14 
(Time) Simulation Time [sec]: 0.000000 
(TotAngMom) Total Angular Momentum [kg*m^2/sec]: 2.095847e+42 
(TotEnergy) Total System Energy [kg*m^2/sec^2]: -1.051982e+40 
(PotEnergy) Body's non-orbital Potential Energy [kg*m^2/sec^2]: -1.059588e+40 
(KinEnergy) Body's non-orbital Kinetic Energy [kg*m^2/sec^2]: 7.611801e+37 
(DeltaTime) Average Timestep Over Last Output Interval [sec]: 0.000000 

----- BODY: star ----
Active Modules: FLARE STELLAR
Module Bit Sum: 577
Color: 000000
(Mass) Mass [kg]: 3.963282e+29 
(Radius) Radius [m]: 5.936473e+08 
(RadGyra) Radius of Gyration/Moment of Inertia Constant []: 0.453980 
(RotAngMom) Rotational Angular Momentum [kg*m^2/sec]: 2.093396e+42 
(RotVel) Rotational Velocity [m/sec]: 4.317125e+04 
(BodyType) Type of Body (0 == planet) []: 0.000000 
(RotRate) Rotational Frequency [/sec]: 7.272205e-05 
(RotPer) Rotational Period [sec]: 8.640000e+04 
(Density) Average Density [kg/m^3]: 452.252295 
(HZLimitDryRunaway) Semi-major axis of Dry Runaway HZ Limit [m]: 3.554006e+10 
(HZLimRecVenus) Recent Venus HZ Limit [m]: 3.184706e+10 
(HZLimRunaway) Runaway Greenhouse HZ Limit [m]: 4.199707e+10 
(HZLimMoistGreenhouse) Moist Greenhouse HZ Limit [m]: 4.213890e+10 
(HZLimMaxGreenhouse) Maximum Greenhouse HZ Limit [m]: 8.012311e+10 
(HZLimEarlyMars) Early Mars HZ Limit [m]: 8.738287e+10 
(Instellation) Orbit-averaged INcident STELLar radiATION [kg/sec^3]: -1.000000 
(CriticalSemiMajorAxis) Holman & Wiegert (1999) P-type Critical Semi-major Axis [m]: -1.000000 
(LXUVTot) Total XUV Luminosity [LSUN]: 0.000127 
(LostEnergy) Body's Total Lost Energy [kg*m^2/sec^2]: 5.562685e-309 
(LostAngMom) Lost Angular Momentum due to Magnetic Braking [kg*m^2/sec]: 5.562685e-309 
(EscapeVelocity) Escape Velocity [m/sec]: 2.985248e+05 
----- STELLAR PARAMETERS (star)------
(Luminosity) Luminosity [LSUN]: 0.068509 
(LXUVStellar) Base X-ray/XUV Luminosity [LSUN]: 0.000112 
(Temperature) Effective Temperature [K]: 3198.021772 
(LXUVFrac) Fraction of luminosity in XUV []: 0.001638 
(RossbyNumber) Rossby Number []: 0.016371 
(DRotPerDtStellar) Time Rate of Change of Rotation Period in STELLAR []: -1.573451e-10 
(WindTorque) Stellar Wind Torque []: 1.031172e+28 
----- FLARE PARAMETERS (star)------
(LXUVFlare) XUV Luminosity from flares [LSUN]: 1.469232e-05 
(FlareFreq1) First value of flare frequency range [/sec]: 1.943209e-06 
(FlareFreq2) Second value of flare frequency range [/sec]: 1.581386e-06 
(FlareFreq3) Third value of flare frequency range [/sec]: 1.286935e-06 
(FlareFreq4) Fourth value of flare frequency range [/sec]: 1.047309e-06 
(FlareFreqMin) Frequency of the flares with the lowest energy [/sec]: 1.943209e-06 
(FlareFreqMid) Frequency of the flares with the middle energy in the energy range [/sec]: 2.475737e-07 
(FlareFreqMax) Frequency of the flares with the highest energy [/sec]: 3.154202e-08 
(FlareEnergy1) First value of flare energy range [kg*m^2/sec^2]: 5.334000e+25 
(FlareEnergy2) Second value of flare energy range [kg*m^2/sec^2]: 7.534475e+25 
(FlareEnergy3) Third value of flare energy range [kg*m^2/sec^2]: 1.064273e+26 
(FlareEnergy4) Fourth value of flare energy range [kg*m^2/sec^2]: 1.503325e+26 
(FlareEnergyMin) Minimum flare energy [kg*m^2/sec^2]: 5.334000e+25 
(FlareEnergyMid) Middle flare energy in the range of energy values [kg*m^2/sec^2]: 1.686759e+27 
(FlareEnergyMax) Maximum flare energy [kg*m^2/sec^2]: 5.334000e+28 
(FlareYIntOUT) Instantaneous Davenport FFD y-intercept at current age and mass []: 18.748138 
(FlareSlopeOUT) Instantaneous Davenport FFD slope at current age and mass []: -0.596543 

Output Order: Time[year] Luminosity[LSUN] LXUVStellar[LSUN] LXUVFlare[LSUN] LXUVTot[LSUN]
Grid Output Order:

----- BODY: b ----
Active Modules: AtmEsc
Module Bit Sum: 9
Color: 000000
(Mass) Mass [kg]: 9.797046e+24 
(Radius) Radius [m]: 7.164358e+06 
(RadGyra) Radius of Gyration/Moment of Inertia Constant []: 0.500000 
(BodyType) Type of Body (0 == planet) []: 0.000000 
(Density) Average Density [kg/m^3]: 6360.258461 
(HZLimitDryRunaway) Semi-major axis of Dry Runaway HZ Limit [m]: 3.554038e+10 
(HZLimRecVenus) Recent Venus HZ Limit [m]: 3.184706e+10 
(HZLimRunaway) Runaway Greenhouse HZ Limit [m]: 4.199707e+10 
(HZLimMoistGreenhouse) Moist Greenhouse HZ Limit [m]: 4.213890e+10 
(HZLimMaxGreenhouse) Maximum Greenhouse HZ Limit [m]: 8.012311e+10 
(HZLimEarlyMars) Early Mars HZ Limit [m]: 8.738287e+10 
(Instellation) Orbit-averaged INcident STELLar radiATION [kg/sec^3]: 3.740279e+05 
(MeanMotion) Orbital Mean Motion [/sec]: 4.464284e-05 
(OrbPeriod) Orbital Period [sec]: 1.407434e+05 
(SemiMajorAxis) Semi-major Axis [m]: 2.367675e+09 
(LXUVTot) Total XUV Luminosity [kg/sec^3]: -1.000000 
(EscapeVelocity) Escape Velocity [m/sec]: 1.351065e+04 
----- ATMESC PARAMETERS (b)------
(SurfWaterMass) Surface water mass [kg]: 0.000000 
(EnvelopeMass) Envelope mass [kg]: 0.000000 
(OxygenMass) Oxygen mass in the atmosphere [kg]: 0.000000 
(RGLimit) Runaway greenhouse semi-major axis [m]: 4.026323e+10 
(XO) Atomic oxygen mixing ratio in upper atmosphere []: 0.000000 
(EtaO) Oxygen eta parameter (Luger and Barnes 2015) []: 0.000000 
(PlanetRadius) Planet radius [m]: 7.164358e+06 
(OxygenMantleMass) Mass of oxygen in mantle [kg]: 0.000000 
(RadXUV) XUV radius separating hydro. dyn. escape and equilibrium [m]: -1.000000 
(RadSolid) Radius to the solid surface [m]: -1.000000 
(PresXUV) Pressure at base of thermosphere [(null)]: 5.000000 
(ScaleHeight) Scale height in Lehmer & Catling (2016) model [m]: -1.000000 
(ThermTemp) Isothermal atmospheric temperature [K]: 400.000000 
(AtmGasConst) Atmospheric gas constant [(null)]: 4124.000000 
(PresSurf) Surface pressure due to atmosphere [Pa]: -1.000000 
(DEnvMassDt) Envelope Mass Loss Rate [kg/s]: 0.000000 
(FXUV) XUV flux [W/m^2]: 692.910229 
(AtmXAbsEffH2O) XUV atmospheric escape efficiency for H2O []: 0.300000 
(RocheRadius) Roche Lobe Radius [m]: 4.782208e+07 
(BondiRadius) Bondi Radius [m]: 3.050063e+08 
(HEscapeRegime) Integer flag for H envelope escape regime []: 8.000000 
(RRCriticalFlux) Critical XUV Flux that separates RR and energy-limited escape [W/m^2]: 61.560675 
(CrossoverMass) Crossover mass, defines oxygen is escaping if mc > mo [kg]: 0.000000 
(WaterEscapeRegime) What water escape regime the code is currently in []: 8.000000 
(FXUVCRITDRAG) Critical Drag XUV flux [W/m^2]: 0.505750 
(HREFFLUX) The Hydrogen Reference Flux (m^-2 s^-1) [m^-2 s^-1]: 4.413337e+20 
(XO2) Molecular oxygen mixing ratio in atmosphere []: 0.000000 
(XH2O) Water mixing ratio in upper atmosphere []: 0.000000 
(HDiffFlux) The Hydrogen Diffusion Flux (m^-2 s^-1) [m^-2 s^-1]: 2.466769e+17 
(HRefODragMod) Multiply by H ref flux to get flux with drag []: 1.000000 
(KTide) Mass loss enhancement due to stellar gravity []: 0.776962 
(CumulativeXUVFlux) Cumulative XUV flux [W/m^2]: 0.000000 
(RunawayGreenhouseFlux) Incident flux that triggers runaway greenhouse [kg/sec^3]: 1293.372025 
(RGDuration) Runaway Greenhouse Duration [years]: 0.00000e+00

Output Order: Time[year] CumulativeXUVFlux[W/m^2]
Grid Output Order:



---- FINAL SYSTEM PROPERTIES ----
(Age) System Age [sec]: 2.188246e+17 
(Time) Simulation Time [sec]: 2.187100e+17 
(TotAngMom) Total Angular Momentum [kg*m^2/sec]: 2.102547e+42 
(TotEnergy) Total System Energy [kg*m^2/sec^2]: -1.050918e+40 
(PotEnergy) Body's non-orbital Potential Energy [kg*m^2/sec^2]: -4.168960e+40 
(KinEnergy) Body's non-orbital Kinetic Energy [kg*m^2/sec^2]: 6.479498e+32 
(DeltaTime) Average Timestep Over Last Output Interval [sec]: 1.856329e+12 

----- BODY: star ----
Active Modules: FLARE STELLAR
Module Bit Sum: 577
Color: 000000
(Mass) Mass [kg]: 3.963282e+29 
(Radius) Radius [m]: 1.508822e+08 
(RadGyra) Radius of Gyration/Moment of Inertia Constant []: 0.460136 
(RotAngMom) Rotational Angular Momentum [kg*m^2/sec]: 1.573392e+39 
(RotVel) Rotational Velocity [m/sec]: 124.271685 
(BodyType) Type of Body (0 == planet) []: 0.000000 
(RotRate) Rotational Frequency [/sec]: 8.236341e-07 
(RotPer) Rotational Period [sec]: 7.628613e+06 
(Density) Average Density [kg/m^3]: 2.754563e+04 
(HZLimitDryRunaway) Semi-major axis of Dry Runaway HZ Limit [m]: 9.408352e+09 
(HZLimRecVenus) Recent Venus HZ Limit [m]: 8.420485e+09 
(HZLimRunaway) Runaway Greenhouse HZ Limit [m]: 1.111042e+10 
(HZLimMoistGreenhouse) Moist Greenhouse HZ Limit [m]: 1.114168e+10 
(HZLimMaxGreenhouse) Maximum Greenhouse HZ Limit [m]: 2.113439e+10 
(HZLimEarlyMars) Early Mars HZ Limit [m]: 2.304942e+10 
(Instellation) Orbit-averaged INcident STELLar radiATION [kg/sec^3]: -1.000000 
(CriticalSemiMajorAxis) Holman & Wiegert (1999) P-type Critical Semi-major Axis [m]: -1.000000 
(LXUVTot) Total XUV Luminosity [LSUN]: 9.532664e-07 
(LostEnergy) Body's Total Lost Energy [kg*m^2/sec^2]: 3.118047e+40 
(LostAngMom) Lost Angular Momentum due to Magnetic Braking [kg*m^2/sec]: 2.098522e+42 
(EscapeVelocity) Escape Velocity [m/sec]: 5.921418e+05 
----- STELLAR PARAMETERS (star)------
(Luminosity) Luminosity [LSUN]: 0.004801 
(LXUVStellar) Base X-ray/XUV Luminosity [LSUN]: 5.826358e-07 
(Temperature) Effective Temperature [K]: 3260.536694 
(LXUVFrac) Fraction of luminosity in XUV []: 0.000121 
(RossbyNumber) Rossby Number []: 1.492452 
(DRotPerDtStellar) Time Rate of Change of Rotation Period in STELLAR []: 2.756497e-11 
(WindTorque) Stellar Wind Torque []: 3.290794e+21 
----- FLARE PARAMETERS (star)------
(LXUVFlare) XUV Luminosity from flares [LSUN]: 3.706294e-07 
(FlareFreq1) First value of flare frequency range [/sec]: 5.635396e-07 
(FlareFreq2) Second value of flare frequency range [/sec]: 3.882260e-07 
(FlareFreq3) Third value of flare frequency range [/sec]: 2.674513e-07 
(FlareFreq4) Fourth value of flare frequency range [/sec]: 1.842489e-07 
(FlareFreqMin) Frequency of the flares with the lowest energy [/sec]: 5.635396e-07 
(FlareFreqMid) Frequency of the flares with the middle energy in the energy range [/sec]: 1.356831e-08 
(FlareFreqMax) Frequency of the flares with the highest energy [/sec]: 3.266835e-10 
(FlareEnergy1) First value of flare energy range [kg*m^2/sec^2]: 5.334000e+25 
(FlareEnergy2) Second value of flare energy range [kg*m^2/sec^2]: 7.534475e+25 
(FlareEnergy3) Third value of flare energy range [kg*m^2/sec^2]: 1.064273e+26 
(FlareEnergy4) Fourth value of flare energy range [kg*m^2/sec^2]: 1.503325e+26 
(FlareEnergyMin) Minimum flare energy [kg*m^2/sec^2]: 5.334000e+25 
(FlareEnergyMid) Middle flare energy in the range of energy values [kg*m^2/sec^2]: 1.686759e+27 
(FlareEnergyMax) Maximum flare energy [kg*m^2/sec^2]: 5.334000e+28 
(FlareYIntOUT) Instantaneous Davenport FFD y-intercept at current age and mass []: 33.997717 
(FlareSlopeOUT) Instantaneous Davenport FFD slope at current age and mass []: -1.078932 

Output Order: Time[year] Luminosity[LSUN] LXUVStellar[LSUN] LXUVFlare[LSUN] LXUVTot[LSUN]
Grid Output Order:

----- BODY: b ----
Active Modules: AtmEsc
Module Bit Sum: 9
Color: 000000
(Mass) Mass [kg]: 9.797046e+24 
(Radius) Radius [m]: 7.164358e+06 
(RadGyra) Radius of Gyration/Moment of Inertia Constant []: 0.500000 
(BodyType) Type of Body (0 == planet) []: 0.000000 
(Density) Average Density [kg/m^3]: 6360.258461 
(HZLimitDryRunaway) Semi-major axis of Dry Runaway HZ Limit [m]: 9.408435e+09 
(HZLimRecVenus) Recent Venus HZ Limit [m]: 8.420485e+09 
(HZLimRunaway) Runaway Greenhouse HZ Limit [m]: 1.111042e+10 
(HZLimMoistGreenhouse) Moist Greenhouse HZ Limit [m]: 1.114168e+10 
(HZLimMaxGreenhouse) Maximum Greenhouse HZ Limit [m]: 2.113439e+10 
(HZLimEarlyMars) Early Mars HZ Limit [m]: 2.304942e+10 
(Instellation) Orbit-averaged INcident STELLar radiATION [kg/sec^3]: 2.621167e+04 
(MeanMotion) Orbital Mean Motion [/sec]: 4.464284e-05 
(OrbPeriod) Orbital Period [sec]: 1.407434e+05 
(SemiMajorAxis) Semi-major Axis [m]: 2.367675e+09 
(LXUVTot) Total XUV Luminosity [kg/sec^3]: -1.000000 
(EscapeVelocity) Escape Velocity [m/sec]: 1.351065e+04 
----- ATMESC PARAMETERS (b)------
(SurfWaterMass) Surface water mass [kg]: 0.000000 
(EnvelopeMass) Envelope mass [kg]: 0.000000 
(OxygenMass) Oxygen mass in the atmosphere [kg]: 0.000000 
(RGLimit) Runaway greenhouse semi-major axis [m]: 1.065200e+10 
(XO) Atomic oxygen mixing ratio in upper atmosphere []: 0.000000 
(EtaO) Oxygen eta parameter (Luger and Barnes 2015) []: 0.000000 
(PlanetRadius) Planet radius [m]: 7.164358e+06 
(OxygenMantleMass) Mass of oxygen in mantle [kg]: 0.000000 
(RadXUV) XUV radius separating hydro. dyn. escape and equilibrium [m]: -1.000000 
(RadSolid) Radius to the solid surface [m]: -1.000000 
(PresXUV) Pressure at base of thermosphere [(null)]: 5.000000 
(ScaleHeight) Scale height in Lehmer & Catling (2016) model [m]: -1.000000 
(ThermTemp) Isothermal atmospheric temperature [K]: 400.000000 
(AtmGasConst) Atmospheric gas constant [(null)]: 4124.000000 
(PresSurf) Surface pressure due to atmosphere [Pa]: -1.000000 
(DEnvMassDt) Envelope Mass Loss Rate [kg/s]: 0.000000 
(FXUV) XUV flux [W/m^2]: 5.204431 
(AtmXAbsEffH2O) XUV atmospheric escape efficiency for H2O []: 0.300000 
(RocheRadius) Roche Lobe Radius [m]: 4.782208e+07 
(BondiRadius) Bondi Radius [m]: 5.933986e+08 
(HEscapeRegime) Integer flag for H envelope escape regime []: 8.000000 
(RRCriticalFlux) Critical XUV Flux that separates RR and energy-limited escape [W/m^2]: 61.560675 
(CrossoverMass) Crossover mass, defines oxygen is escaping if mc > mo [kg]: 0.000000 
(WaterEscapeRegime) What water escape regime the code is currently in []: 8.000000 
(FXUVCRITDRAG) Critical Drag XUV flux [W/m^2]: 0.505750 
(HREFFLUX) The Hydrogen Reference Flux (m^-2 s^-1) [m^-2 s^-1]: 3.314846e+18 
(XO2) Molecular oxygen mixing ratio in atmosphere []: 0.000000 
(XH2O) Water mixing ratio in upper atmosphere []: 0.000000 
(HDiffFlux) The Hydrogen Diffusion Flux (m^-2 s^-1) [m^-2 s^-1]: 2.466769e+17 
(HRefODragMod) Multiply by H ref flux to get flux with drag []: 1.000000 
(KTide) Mass loss enhancement due to stellar gravity []: 0.776962 
(CumulativeXUVFlux) Cumulative XUV flux [W/m^2]: 3.500850e+18 
(RunawayGreenhouseFlux) Incident flux that triggers runaway greenhouse [kg/sec^3]: 1294.998669 
(RGDuration) Runaway Greenhouse Duration [years]: 0.00000e+00

Output Order: Time[year] CumulativeXUVFlux[W/m^2]
Grid Output Order:
