-------- Log file gj1132.log -------

Executable: /home/vplanet/.local/bin/vplanet
Version: Unknown
System Name: gj1132
Primary Input File: vpl.in
Body File #1: star.in
Body File #2: b.in
Allow files to be overwitten: Yes
Mass Units: Grams
Length Units: Meters
Time Units: Seconds
Angle Units: Radians

------- FORMATTING -----
Verbosity Level: 5
Crossover Decade for Scientific Notation: 4
Number of Digits After Decimal: 6
Integration Method: Runge-Kutta4
Direction: Forward
Time Step: 3.155760e+07
Stop Time: 2.284586e+17
Output Interval: 3.155760e+13
Use Variable Timestep: Yes
dEta: 0.010000
Minimum Value of ecc and obl: 1.000000e-10


---- INITIAL SYSTEM PROPERTIES ----
(Age) System Age [sec]: 1.574298e+14 
(Time) Simulation Time [sec]: 0.000000 
(TotAngMom) Total Angular Momentum [kg*m^2/sec]: 1.489872e+42 
(TotEnergy) Total System Energy [kg*m^2/sec^2]: -1.092958e+40 
(PotEnergy) Body's non-orbital Potential Energy [kg*m^2/sec^2]: -1.098362e+40 
(KinEnergy) Body's non-orbital Kinetic Energy [kg*m^2/sec^2]: 5.408877e+37 
(DeltaTime) Average Timestep Over Last Output Interval [sec]: 0.000000 

----- BODY: star ----
Active Modules: FLARE STELLAR
Module Bit Sum: 577
Color: 000000
(Mass) Mass [kg]: 3.749022e+29 
(Radius) Radius [m]: 5.124436e+08 
(RadGyra) Radius of Gyration/Moment of Inertia Constant []: 0.455824 
(RotAngMom) Rotational Angular Momentum [kg*m^2/sec]: 1.487548e+42 
(RotVel) Rotational Velocity [m/sec]: 3.726595e+04 
(BodyType) Type of Body (0 == planet) []: 0.000000 
(RotRate) Rotational Frequency [/sec]: 7.272205e-05 
(RotPer) Rotational Period [sec]: 8.640000e+04 
(Density) Average Density [kg/m^3]: 665.106535 
(HZLimitDryRunaway) Semi-major axis of Dry Runaway HZ Limit [m]: 3.055327e+10 
(HZLimRecVenus) Recent Venus HZ Limit [m]: 2.738210e+10 
(HZLimRunaway) Runaway Greenhouse HZ Limit [m]: 3.610683e+10 
(HZLimMoistGreenhouse) Moist Greenhouse HZ Limit [m]: 3.623102e+10 
(HZLimMaxGreenhouse) Maximum Greenhouse HZ Limit [m]: 6.890814e+10 
(HZLimEarlyMars) Early Mars HZ Limit [m]: 7.515170e+10 
(Instellation) Orbit-averaged INcident STELLar radiATION [kg/sec^3]: -1.000000 
(CriticalSemiMajorAxis) Holman & Wiegert (1999) P-type Critical Semi-major Axis [m]: -1.000000 
(LXUVTot) Total XUV Luminosity [LSUN]: 0.000206 
(LostEnergy) Body's Total Lost Energy [kg*m^2/sec^2]: 5.562685e-309 
(LostAngMom) Lost Angular Momentum due to Magnetic Braking [kg*m^2/sec]: 5.562685e-309 
(EscapeVelocity) Escape Velocity [m/sec]: 3.125023e+05 
----- STELLAR PARAMETERS (star)------
(Luminosity) Luminosity [LSUN]: 0.050632 
(LXUVStellar) Base X-ray/XUV Luminosity [LSUN]: 0.000194 
(Temperature) Effective Temperature [K]: 3191.039933 
(LXUVFrac) Fraction of luminosity in XUV []: 0.003832 
(RossbyNumber) Rossby Number []: 0.016312 
(DRotPerDtStellar) Time Rate of Change of Rotation Period in STELLAR []: -1.299262e-10 
(WindTorque) Stellar Wind Torque []: 4.883326e+27 
----- FLARE PARAMETERS (star)------
(LXUVFlare) XUV Luminosity from flares [LSUN]: 1.187174e-05 
(FlareFreq1) First value of flare frequency range [/sec]: 1.817549e-06 
(FlareFreq2) Second value of flare frequency range [/sec]: 1.466261e-06 
(FlareFreq3) Third value of flare frequency range [/sec]: 1.182868e-06 
(FlareFreq4) Fourth value of flare frequency range [/sec]: 9.542486e-07 
(FlareFreqMin) Frequency of the flares with the lowest energy [/sec]: 1.817549e-06 
(FlareFreqMid) Frequency of the flares with the middle energy in the energy range [/sec]: 2.121962e-07 
(FlareFreqMax) Frequency of the flares with the highest energy [/sec]: 2.477361e-08 
(FlareEnergy1) First value of flare energy range [kg*m^2/sec^2]: 5.334000e+25 
(FlareEnergy2) Second value of flare energy range [kg*m^2/sec^2]: 7.534475e+25 
(FlareEnergy3) Third value of flare energy range [kg*m^2/sec^2]: 1.064273e+26 
(FlareEnergy4) Fourth value of flare energy range [kg*m^2/sec^2]: 1.503325e+26 
(FlareEnergyMin) Minimum flare energy [kg*m^2/sec^2]: 5.334000e+25 
(FlareEnergyMid) Middle flare energy in the range of energy values [kg*m^2/sec^2]: 1.686759e+27 
(FlareEnergyMax) Maximum flare energy [kg*m^2/sec^2]: 5.334000e+28 
(FlareYIntOUT) Instantaneous Davenport FFD y-intercept at current age and mass []: 19.546737 
(FlareSlopeOUT) Instantaneous Davenport FFD slope at current age and mass []: -0.621832 

Output Order: Time[year] Luminosity[LSUN] LXUVStellar[LSUN] LXUVFlare[LSUN] LXUVTot[LSUN]
Grid Output Order:

----- BODY: b ----
Active Modules: AtmEsc
Module Bit Sum: 9
Color: 000000
(Mass) Mass [kg]: 9.637997e+24 
(Radius) Radius [m]: 7.159321e+06 
(RadGyra) Radius of Gyration/Moment of Inertia Constant []: 0.500000 
(BodyType) Type of Body (0 == planet) []: 0.000000 
(Density) Average Density [kg/m^3]: 6270.218342 
(HZLimitDryRunaway) Semi-major axis of Dry Runaway HZ Limit [m]: 3.055359e+10 
(HZLimRecVenus) Recent Venus HZ Limit [m]: 2.738210e+10 
(HZLimRunaway) Runaway Greenhouse HZ Limit [m]: 3.610683e+10 
(HZLimMoistGreenhouse) Moist Greenhouse HZ Limit [m]: 3.623102e+10 
(HZLimMaxGreenhouse) Maximum Greenhouse HZ Limit [m]: 6.890814e+10 
(HZLimEarlyMars) Early Mars HZ Limit [m]: 7.515170e+10 
(Instellation) Orbit-averaged INcident STELLar radiATION [kg/sec^3]: 2.868602e+05 
(MeanMotion) Orbital Mean Motion [/sec]: 4.464249e-05 
(OrbPeriod) Orbital Period [sec]: 1.407445e+05 
(SemiMajorAxis) Semi-major Axis [m]: 2.324229e+09 
(LXUVTot) Total XUV Luminosity [kg/sec^3]: -1.000000 
(EscapeVelocity) Escape Velocity [m/sec]: 1.340524e+04 
----- ATMESC PARAMETERS (b)------
(SurfWaterMass) Surface water mass [kg]: 0.000000 
(EnvelopeMass) Envelope mass [kg]: 0.000000 
(OxygenMass) Oxygen mass in the atmosphere [kg]: 0.000000 
(RGLimit) Runaway greenhouse semi-major axis [m]: 3.462917e+10 
(XO) Atomic oxygen mixing ratio in upper atmosphere []: 0.000000 
(EtaO) Oxygen eta parameter (Luger and Barnes 2015) []: 0.000000 
(PlanetRadius) Planet radius [m]: 7.159321e+06 
(OxygenMantleMass) Mass of oxygen in mantle [kg]: 0.000000 
(RadXUV) XUV radius separating hydro. dyn. escape and equilibrium [m]: -1.000000 
(RadSolid) Radius to the solid surface [m]: -1.000000 
(PresXUV) Pressure at base of thermosphere [(null)]: 5.000000 
(ScaleHeight) Scale height in Lehmer & Catling (2016) model [m]: -1.000000 
(ThermTemp) Isothermal atmospheric temperature [K]: 400.000000 
(AtmGasConst) Atmospheric gas constant [(null)]: 4124.000000 
(PresSurf) Surface pressure due to atmosphere [Pa]: -1.000000 
(DEnvMassDt) Envelope Mass Loss Rate [kg/s]: 0.000000 
(FXUV) XUV flux [W/m^2]: 1166.499381 
(AtmXAbsEffH2O) XUV atmospheric escape efficiency for H2O []: 0.300000 
(RocheRadius) Roche Lobe Radius [m]: 4.756214e+07 
(BondiRadius) Bondi Radius [m]: 3.266725e+08 
(HEscapeRegime) Integer flag for H envelope escape regime []: 8.000000 
(RRCriticalFlux) Critical XUV Flux that separates RR and energy-limited escape [W/m^2]: 59.543405 
(CrossoverMass) Crossover mass, defines oxygen is escaping if mc > mo [kg]: 0.000000 
(WaterEscapeRegime) What water escape regime the code is currently in []: 8.000000 
(FXUVCRITDRAG) Critical Drag XUV flux [W/m^2]: 0.490496 
(HREFFLUX) The Hydrogen Reference Flux (m^-2 s^-1) [m^-2 s^-1]: 7.557222e+20 
(XO2) Molecular oxygen mixing ratio in atmosphere []: 0.000000 
(XH2O) Water mixing ratio in upper atmosphere []: 0.000000 
(HDiffFlux) The Hydrogen Diffusion Flux (m^-2 s^-1) [m^-2 s^-1]: 2.430138e+17 
(HRefODragMod) Multiply by H ref flux to get flux with drag []: 1.000000 
(KTide) Mass loss enhancement due to stellar gravity []: 0.775917 
(CumulativeXUVFlux) Cumulative XUV flux [W/m^2]: 0.000000 
(RunawayGreenhouseFlux) Incident flux that triggers runaway greenhouse [kg/sec^3]: 1292.215502 
(RGDuration) Runaway Greenhouse Duration [years]: 0.00000e+00

Output Order: Time[year] CumulativeXUVFlux[W/m^2]
Grid Output Order:



---- FINAL SYSTEM PROPERTIES ----
(Age) System Age [sec]: 2.286345e+17 
(Time) Simulation Time [sec]: 2.284770e+17 
(TotAngMom) Total Angular Momentum [kg*m^2/sec]: 1.488749e+42 
(TotEnergy) Total System Energy [kg*m^2/sec^2]: -1.093605e+40 
(PotEnergy) Body's non-orbital Potential Energy [kg*m^2/sec^2]: -3.954993e+40 
(KinEnergy) Body's non-orbital Kinetic Energy [kg*m^2/sec^2]: 5.759888e+32 
(DeltaTime) Average Timestep Over Last Output Interval [sec]: 1.577880e+13 

----- BODY: star ----
Active Modules: FLARE STELLAR
Module Bit Sum: 577
Color: 000000
(Mass) Mass [kg]: 3.749022e+29 
(Radius) Radius [m]: 1.423134e+08 
(RadGyra) Radius of Gyration/Moment of Inertia Constant []: 0.460578 
(RotAngMom) Rotational Angular Momentum [kg*m^2/sec]: 1.362167e+39 
(RotVel) Rotational Velocity [m/sec]: 120.353692 
(BodyType) Type of Body (0 == planet) []: 0.000000 
(RotRate) Rotational Frequency [/sec]: 8.456946e-07 
(RotPer) Rotational Period [sec]: 7.429615e+06 
(Density) Average Density [kg/m^3]: 3.105215e+04 
(HZLimitDryRunaway) Semi-major axis of Dry Runaway HZ Limit [m]: 8.713182e+09 
(HZLimRecVenus) Recent Venus HZ Limit [m]: 7.802967e+09 
(HZLimRunaway) Runaway Greenhouse HZ Limit [m]: 1.029281e+10 
(HZLimMoistGreenhouse) Moist Greenhouse HZ Limit [m]: 1.032461e+10 
(HZLimMaxGreenhouse) Maximum Greenhouse HZ Limit [m]: 1.960733e+10 
(HZLimEarlyMars) Early Mars HZ Limit [m]: 2.138395e+10 
(Instellation) Orbit-averaged INcident STELLar radiATION [kg/sec^3]: -1.000000 
(CriticalSemiMajorAxis) Holman & Wiegert (1999) P-type Critical Semi-major Axis [m]: -1.000000 
(LXUVTot) Total XUV Luminosity [LSUN]: 5.491020e-07 
(LostEnergy) Body's Total Lost Energy [kg*m^2/sec^2]: 2.861393e+40 
(LostAngMom) Lost Angular Momentum due to Magnetic Braking [kg*m^2/sec]: 1.485063e+42 
(EscapeVelocity) Escape Velocity [m/sec]: 5.929980e+05 
----- STELLAR PARAMETERS (star)------
(Luminosity) Luminosity [LSUN]: 0.004118 
(LXUVStellar) Base X-ray/XUV Luminosity [LSUN]: 2.010055e-07 
(Temperature) Effective Temperature [K]: 3230.045387 
(LXUVFrac) Fraction of luminosity in XUV []: 4.881416e-05 
(RossbyNumber) Rossby Number []: 1.430996 
(DRotPerDtStellar) Time Rate of Change of Rotation Period in STELLAR []: 1.516166e-11 
(WindTorque) Stellar Wind Torque []: 2.853410e+21 
----- FLARE PARAMETERS (star)------
(LXUVFlare) XUV Luminosity from flares [LSUN]: 3.480758e-07 
(FlareFreq1) First value of flare frequency range [/sec]: 5.596554e-07 
(FlareFreq2) Second value of flare frequency range [/sec]: 3.837836e-07 
(FlareFreq3) Third value of flare frequency range [/sec]: 2.631795e-07 
(FlareFreq4) Fourth value of flare frequency range [/sec]: 1.804753e-07 
(FlareFreqMin) Frequency of the flares with the lowest energy [/sec]: 5.596554e-07 
(FlareFreqMid) Frequency of the flares with the middle energy in the energy range [/sec]: 1.286997e-08 
(FlareFreqMax) Frequency of the flares with the highest energy [/sec]: 2.959609e-10 
(FlareEnergy1) First value of flare energy range [kg*m^2/sec^2]: 5.334000e+25 
(FlareEnergy2) Second value of flare energy range [kg*m^2/sec^2]: 7.534475e+25 
(FlareEnergy3) Third value of flare energy range [kg*m^2/sec^2]: 1.064273e+26 
(FlareEnergy4) Fourth value of flare energy range [kg*m^2/sec^2]: 1.503325e+26 
(FlareEnergyMin) Minimum flare energy [kg*m^2/sec^2]: 5.334000e+25 
(FlareEnergyMid) Middle flare energy in the range of energy values [kg*m^2/sec^2]: 1.686759e+27 
(FlareEnergyMax) Maximum flare energy [kg*m^2/sec^2]: 5.334000e+28 
(FlareYIntOUT) Instantaneous Davenport FFD y-intercept at current age and mass []: 34.429865 
(FlareSlopeOUT) Instantaneous Davenport FFD slope at current age and mass []: -1.092229 

Output Order: Time[year] Luminosity[LSUN] LXUVStellar[LSUN] LXUVFlare[LSUN] LXUVTot[LSUN]
Grid Output Order:

----- BODY: b ----
Active Modules: AtmEsc
Module Bit Sum: 9
Color: 000000
(Mass) Mass [kg]: 9.637997e+24 
(Radius) Radius [m]: 7.159321e+06 
(RadGyra) Radius of Gyration/Moment of Inertia Constant []: 0.500000 
(BodyType) Type of Body (0 == planet) []: 0.000000 
(Density) Average Density [kg/m^3]: 6270.218342 
(HZLimitDryRunaway) Semi-major axis of Dry Runaway HZ Limit [m]: 8.713272e+09 
(HZLimRecVenus) Recent Venus HZ Limit [m]: 7.802967e+09 
(HZLimRunaway) Runaway Greenhouse HZ Limit [m]: 1.029281e+10 
(HZLimMoistGreenhouse) Moist Greenhouse HZ Limit [m]: 1.032461e+10 
(HZLimMaxGreenhouse) Maximum Greenhouse HZ Limit [m]: 1.960733e+10 
(HZLimEarlyMars) Early Mars HZ Limit [m]: 2.138395e+10 
(Instellation) Orbit-averaged INcident STELLar radiATION [kg/sec^3]: 2.332966e+04 
(MeanMotion) Orbital Mean Motion [/sec]: 4.464249e-05 
(OrbPeriod) Orbital Period [sec]: 1.407445e+05 
(SemiMajorAxis) Semi-major Axis [m]: 2.324229e+09 
(LXUVTot) Total XUV Luminosity [kg/sec^3]: -1.000000 
(EscapeVelocity) Escape Velocity [m/sec]: 1.340524e+04 
----- ATMESC PARAMETERS (b)------
(SurfWaterMass) Surface water mass [kg]: 0.000000 
(EnvelopeMass) Envelope mass [kg]: 0.000000 
(OxygenMass) Oxygen mass in the atmosphere [kg]: 0.000000 
(RGLimit) Runaway greenhouse semi-major axis [m]: 9.871701e+09 
(XO) Atomic oxygen mixing ratio in upper atmosphere []: 0.000000 
(EtaO) Oxygen eta parameter (Luger and Barnes 2015) []: 0.000000 
(PlanetRadius) Planet radius [m]: 7.159321e+06 
(OxygenMantleMass) Mass of oxygen in mantle [kg]: 0.000000 
(RadXUV) XUV radius separating hydro. dyn. escape and equilibrium [m]: -1.000000 
(RadSolid) Radius to the solid surface [m]: -1.000000 
(PresXUV) Pressure at base of thermosphere [(null)]: 5.000000 
(ScaleHeight) Scale height in Lehmer & Catling (2016) model [m]: -1.000000 
(ThermTemp) Isothermal atmospheric temperature [K]: 400.000000 
(AtmGasConst) Atmospheric gas constant [(null)]: 4124.000000 
(PresSurf) Surface pressure due to atmosphere [Pa]: -1.000000 
(DEnvMassDt) Envelope Mass Loss Rate [kg/s]: 0.000000 
(FXUV) XUV flux [W/m^2]: 3.110994 
(AtmXAbsEffH2O) XUV atmospheric escape efficiency for H2O []: 0.300000 
(RocheRadius) Roche Lobe Radius [m]: 4.756214e+07 
(BondiRadius) Bondi Radius [m]: 6.124015e+08 
(HEscapeRegime) Integer flag for H envelope escape regime []: 8.000000 
(RRCriticalFlux) Critical XUV Flux that separates RR and energy-limited escape [W/m^2]: 59.543405 
(CrossoverMass) Crossover mass, defines oxygen is escaping if mc > mo [kg]: 0.000000 
(WaterEscapeRegime) What water escape regime the code is currently in []: 8.000000 
(FXUVCRITDRAG) Critical Drag XUV flux [W/m^2]: 0.490496 
(HREFFLUX) The Hydrogen Reference Flux (m^-2 s^-1) [m^-2 s^-1]: 2.015472e+18 
(XO2) Molecular oxygen mixing ratio in atmosphere []: 0.000000 
(XH2O) Water mixing ratio in upper atmosphere []: 0.000000 
(HDiffFlux) The Hydrogen Diffusion Flux (m^-2 s^-1) [m^-2 s^-1]: 2.430138e+17 
(HRefODragMod) Multiply by H ref flux to get flux with drag []: 1.000000 
(KTide) Mass loss enhancement due to stellar gravity []: 0.775917 
(CumulativeXUVFlux) Cumulative XUV flux [W/m^2]: 5.993938e+18 
(RunawayGreenhouseFlux) Incident flux that triggers runaway greenhouse [kg/sec^3]: 1293.222117 
(RGDuration) Runaway Greenhouse Duration [years]: 0.00000e+00

Output Order: Time[year] CumulativeXUVFlux[W/m^2]
Grid Output Order:
