-------- Log file gj1132.log -------

Executable: /home/vplanet/.local/bin/vplanet
Version: Unknown
System Name: gj1132
Primary Input File: vpl.in
Body File #1: star.in
Body File #2: b.in
Allow files to be overwitten: Yes
Mass Units: Grams
Length Units: Meters
Time Units: Seconds
Angle Units: Radians

------- FORMATTING -----
Verbosity Level: 5
Crossover Decade for Scientific Notation: 4
Number of Digits After Decimal: 6
Integration Method: Runge-Kutta4
Direction: Forward
Time Step: 3.155760e+07
Stop Time: 2.236591e+17
Output Interval: 3.155760e+13
Use Variable Timestep: Yes
dEta: 0.010000
Minimum Value of ecc and obl: 1.000000e-10


---- INITIAL SYSTEM PROPERTIES ----
(Age) System Age [sec]: 1.632827e+14 
(Time) Simulation Time [sec]: 0.000000 
(TotAngMom) Total Angular Momentum [kg*m^2/sec]: 1.469583e+42 
(TotEnergy) Total System Energy [kg*m^2/sec^2]: -1.126546e+40 
(PotEnergy) Body's non-orbital Potential Energy [kg*m^2/sec^2]: -1.131876e+40 
(KinEnergy) Body's non-orbital Kinetic Energy [kg*m^2/sec^2]: 5.334983e+37 
(DeltaTime) Average Timestep Over Last Output Interval [sec]: 0.000000 

----- BODY: star ----
Active Modules: FLARE STELLAR
Module Bit Sum: 577
Color: 000000
(Mass) Mass [kg]: 3.783476e+29 
(Radius) Radius [m]: 5.064528e+08 
(RadGyra) Radius of Gyration/Moment of Inertia Constant []: 0.455964 
(RotAngMom) Rotational Angular Momentum [kg*m^2/sec]: 1.467226e+42 
(RotVel) Rotational Velocity [m/sec]: 3.683029e+04 
(BodyType) Type of Body (0 == planet) []: 0.000000 
(RotRate) Rotational Frequency [/sec]: 7.272205e-05 
(RotPer) Rotational Period [sec]: 8.640000e+04 
(Density) Average Density [kg/m^3]: 695.321322 
(HZLimitDryRunaway) Semi-major axis of Dry Runaway HZ Limit [m]: 3.036709e+10 
(HZLimRecVenus) Recent Venus HZ Limit [m]: 2.721152e+10 
(HZLimRunaway) Runaway Greenhouse HZ Limit [m]: 3.588419e+10 
(HZLimMoistGreenhouse) Moist Greenhouse HZ Limit [m]: 3.600532e+10 
(HZLimMaxGreenhouse) Maximum Greenhouse HZ Limit [m]: 6.846025e+10 
(HZLimEarlyMars) Early Mars HZ Limit [m]: 7.466326e+10 
(Instellation) Orbit-averaged INcident STELLar radiATION [kg/sec^3]: -1.000000 
(CriticalSemiMajorAxis) Holman & Wiegert (1999) P-type Critical Semi-major Axis [m]: -1.000000 
(LXUVTot) Total XUV Luminosity [LSUN]: 0.000489 
(LostEnergy) Body's Total Lost Energy [kg*m^2/sec^2]: 5.562685e-309 
(LostAngMom) Lost Angular Momentum due to Magnetic Braking [kg*m^2/sec]: 5.562685e-309 
(EscapeVelocity) Escape Velocity [m/sec]: 3.157863e+05 
----- STELLAR PARAMETERS (star)------
(Luminosity) Luminosity [LSUN]: 0.050017 
(LXUVStellar) Base X-ray/XUV Luminosity [LSUN]: 0.000477 
(Temperature) Effective Temperature [K]: 3198.195725 
(LXUVFrac) Fraction of luminosity in XUV []: 0.009539 
(RossbyNumber) Rossby Number []: 0.016372 
(DRotPerDtStellar) Time Rate of Change of Rotation Period in STELLAR []: -1.441888e-10 
(WindTorque) Stellar Wind Torque []: 4.558576e+27 
----- FLARE PARAMETERS (star)------
(LXUVFlare) XUV Luminosity from flares [LSUN]: 1.160965e-05 
(FlareFreq1) First value of flare frequency range [/sec]: 1.827273e-06 
(FlareFreq2) Second value of flare frequency range [/sec]: 1.471656e-06 
(FlareFreq3) Third value of flare frequency range [/sec]: 1.185248e-06 
(FlareFreq4) Fourth value of flare frequency range [/sec]: 9.545800e-07 
(FlareFreqMin) Frequency of the flares with the lowest energy [/sec]: 1.827273e-06 
(FlareFreqMid) Frequency of the flares with the middle energy in the energy range [/sec]: 2.098134e-07 
(FlareFreqMax) Frequency of the flares with the highest energy [/sec]: 2.409146e-08 
(FlareEnergy1) First value of flare energy range [kg*m^2/sec^2]: 5.334000e+25 
(FlareEnergy2) Second value of flare energy range [kg*m^2/sec^2]: 7.534475e+25 
(FlareEnergy3) Third value of flare energy range [kg*m^2/sec^2]: 1.064273e+26 
(FlareEnergy4) Fourth value of flare energy range [kg*m^2/sec^2]: 1.503325e+26 
(FlareEnergyMin) Minimum flare energy [kg*m^2/sec^2]: 5.334000e+25 
(FlareEnergyMid) Middle flare energy in the range of energy values [kg*m^2/sec^2]: 1.686759e+27 
(FlareEnergyMax) Maximum flare energy [kg*m^2/sec^2]: 5.334000e+28 
(FlareYIntOUT) Instantaneous Davenport FFD y-intercept at current age and mass []: 19.706620 
(FlareSlopeOUT) Instantaneous Davenport FFD slope at current age and mass []: -0.626647 

Output Order: Time[year] Luminosity[LSUN] LXUVStellar[LSUN] LXUVFlare[LSUN] LXUVTot[LSUN]
Grid Output Order:

----- BODY: b ----
Active Modules: AtmEsc
Module Bit Sum: 9
Color: 000000
(Mass) Mass [kg]: 9.716207e+24 
(Radius) Radius [m]: 7.455013e+06 
(RadGyra) Radius of Gyration/Moment of Inertia Constant []: 0.500000 
(BodyType) Type of Body (0 == planet) []: 0.000000 
(Density) Average Density [kg/m^3]: 5598.386936 
(HZLimitDryRunaway) Semi-major axis of Dry Runaway HZ Limit [m]: 3.036709e+10 
(HZLimRecVenus) Recent Venus HZ Limit [m]: 2.721152e+10 
(HZLimRunaway) Runaway Greenhouse HZ Limit [m]: 3.588419e+10 
(HZLimMoistGreenhouse) Moist Greenhouse HZ Limit [m]: 3.600532e+10 
(HZLimMaxGreenhouse) Maximum Greenhouse HZ Limit [m]: 6.846025e+10 
(HZLimEarlyMars) Early Mars HZ Limit [m]: 7.466326e+10 
(Instellation) Orbit-averaged INcident STELLar radiATION [kg/sec^3]: 2.816653e+05 
(MeanMotion) Orbital Mean Motion [/sec]: 4.464444e-05 
(OrbPeriod) Orbital Period [sec]: 1.407383e+05 
(SemiMajorAxis) Semi-major Axis [m]: 2.331259e+09 
(LXUVTot) Total XUV Luminosity [kg/sec^3]: -1.000000 
(EscapeVelocity) Escape Velocity [m/sec]: 1.318990e+04 
----- ATMESC PARAMETERS (b)------
(SurfWaterMass) Surface water mass [kg]: 0.000000 
(EnvelopeMass) Envelope mass [kg]: 0.000000 
(OxygenMass) Oxygen mass in the atmosphere [kg]: 0.000000 
(RGLimit) Runaway greenhouse semi-major axis [m]: 3.440946e+10 
(XO) Atomic oxygen mixing ratio in upper atmosphere []: 0.000000 
(EtaO) Oxygen eta parameter (Luger and Barnes 2015) []: 0.000000 
(PlanetRadius) Planet radius [m]: 7.455013e+06 
(OxygenMantleMass) Mass of oxygen in mantle [kg]: 0.000000 
(RadXUV) XUV radius separating hydro. dyn. escape and equilibrium [m]: -1.000000 
(RadSolid) Radius to the solid surface [m]: -1.000000 
(PresXUV) Pressure at base of thermosphere [(null)]: 5.000000 
(ScaleHeight) Scale height in Lehmer & Catling (2016) model [m]: -1.000000 
(ThermTemp) Isothermal atmospheric temperature [K]: 400.000000 
(AtmGasConst) Atmospheric gas constant [(null)]: 4124.000000 
(PresSurf) Surface pressure due to atmosphere [Pa]: -1.000000 
(DEnvMassDt) Envelope Mass Loss Rate [kg/s]: 0.000000 
(FXUV) XUV flux [W/m^2]: 2752.130875 
(AtmXAbsEffH2O) XUV atmospheric escape efficiency for H2O []: 0.300000 
(RocheRadius) Roche Lobe Radius [m]: 4.768906e+07 
(BondiRadius) Bondi Radius [m]: 3.300254e+08 
(HEscapeRegime) Integer flag for H envelope escape regime []: 8.000000 
(RRCriticalFlux) Critical XUV Flux that separates RR and energy-limited escape [W/m^2]: 52.427835 
(CrossoverMass) Crossover mass, defines oxygen is escaping if mc > mo [kg]: 0.000000 
(WaterEscapeRegime) What water escape regime the code is currently in []: 8.000000 
(FXUVCRITDRAG) Critical Drag XUV flux [W/m^2]: 0.441495 
(HREFFLUX) The Hydrogen Reference Flux (m^-2 s^-1) [m^-2 s^-1]: 1.862063e+21 
(XO2) Molecular oxygen mixing ratio in atmosphere []: 0.000000 
(XH2O) Water mixing ratio in upper atmosphere []: 0.000000 
(HDiffFlux) The Hydrogen Diffusion Flux (m^-2 s^-1) [m^-2 s^-1]: 2.259372e+17 
(HRefODragMod) Multiply by H ref flux to get flux with drag []: 1.000000 
(KTide) Mass loss enhancement due to stellar gravity []: 0.767422 
(CumulativeXUVFlux) Cumulative XUV flux [W/m^2]: 0.000000 
(RunawayGreenhouseFlux) Incident flux that triggers runaway greenhouse [kg/sec^3]: 1292.881729 
(RGDuration) Runaway Greenhouse Duration [years]: 0.00000e+00

Output Order: Time[year] CumulativeXUVFlux[W/m^2]
Grid Output Order:



---- FINAL SYSTEM PROPERTIES ----
(Age) System Age [sec]: 2.238333e+17 
(Time) Simulation Time [sec]: 2.236701e+17 
(TotAngMom) Total Angular Momentum [kg*m^2/sec]: 1.473375e+42 
(TotEnergy) Total System Energy [kg*m^2/sec^2]: -1.125000e+40 
(PotEnergy) Body's non-orbital Potential Energy [kg*m^2/sec^2]: -3.999972e+40 
(KinEnergy) Body's non-orbital Kinetic Energy [kg*m^2/sec^2]: 5.962355e+32 
(DeltaTime) Average Timestep Over Last Output Interval [sec]: 3.155760e+13 

----- BODY: star ----
Active Modules: FLARE STELLAR
Module Bit Sum: 577
Color: 000000
(Mass) Mass [kg]: 3.783476e+29 
(Radius) Radius [m]: 1.433114e+08 
(RadGyra) Radius of Gyration/Moment of Inertia Constant []: 0.460520 
(RotAngMom) Rotational Angular Momentum [kg*m^2/sec]: 1.401841e+39 
(RotVel) Rotational Velocity [m/sec]: 121.907333 
(BodyType) Type of Body (0 == planet) []: 0.000000 
(RotRate) Rotational Frequency [/sec]: 8.506463e-07 
(RotPer) Rotational Period [sec]: 7.386367e+06 
(Density) Average Density [kg/m^3]: 3.068739e+04 
(HZLimitDryRunaway) Semi-major axis of Dry Runaway HZ Limit [m]: 8.794584e+09 
(HZLimRecVenus) Recent Venus HZ Limit [m]: 7.875246e+09 
(HZLimRunaway) Runaway Greenhouse HZ Limit [m]: 1.038853e+10 
(HZLimMoistGreenhouse) Moist Greenhouse HZ Limit [m]: 1.042024e+10 
(HZLimMaxGreenhouse) Maximum Greenhouse HZ Limit [m]: 1.978591e+10 
(HZLimEarlyMars) Early Mars HZ Limit [m]: 2.157871e+10 
(Instellation) Orbit-averaged INcident STELLar radiATION [kg/sec^3]: -1.000000 
(CriticalSemiMajorAxis) Holman & Wiegert (1999) P-type Critical Semi-major Axis [m]: -1.000000 
(LXUVTot) Total XUV Luminosity [LSUN]: 2.108711e-06 
(LostEnergy) Body's Total Lost Energy [kg*m^2/sec^2]: 2.874977e+40 
(LostAngMom) Lost Angular Momentum due to Magnetic Braking [kg*m^2/sec]: 1.469616e+42 
(EscapeVelocity) Escape Velocity [m/sec]: 5.936388e+05 
----- STELLAR PARAMETERS (star)------
(Luminosity) Luminosity [LSUN]: 0.004195 
(LXUVStellar) Base X-ray/XUV Luminosity [LSUN]: 1.756678e-06 
(Temperature) Effective Temperature [K]: 3234.083655 
(LXUVFrac) Fraction of luminosity in XUV []: 0.000419 
(RossbyNumber) Rossby Number []: 1.425612 
(DRotPerDtStellar) Time Rate of Change of Rotation Period in STELLAR []: 1.924083e-11 
(WindTorque) Stellar Wind Torque []: 3.030953e+21 
----- FLARE PARAMETERS (star)------
(LXUVFlare) XUV Luminosity from flares [LSUN]: 3.520184e-07 
(FlareFreq1) First value of flare frequency range [/sec]: 5.652650e-07 
(FlareFreq2) Second value of flare frequency range [/sec]: 3.876717e-07 
(FlareFreq3) Third value of flare frequency range [/sec]: 2.658741e-07 
(FlareFreq4) Fourth value of flare frequency range [/sec]: 1.823426e-07 
(FlareFreqMin) Frequency of the flares with the lowest energy [/sec]: 5.652650e-07 
(FlareFreqMid) Frequency of the flares with the middle energy in the energy range [/sec]: 1.301283e-08 
(FlareFreqMax) Frequency of the flares with the highest energy [/sec]: 2.995654e-10 
(FlareEnergy1) First value of flare energy range [kg*m^2/sec^2]: 5.334000e+25 
(FlareEnergy2) Second value of flare energy range [kg*m^2/sec^2]: 7.534475e+25 
(FlareEnergy3) Third value of flare energy range [kg*m^2/sec^2]: 1.064273e+26 
(FlareEnergy4) Fourth value of flare energy range [kg*m^2/sec^2]: 1.503325e+26 
(FlareEnergyMin) Minimum flare energy [kg*m^2/sec^2]: 5.334000e+25 
(FlareEnergyMid) Middle flare energy in the range of energy values [kg*m^2/sec^2]: 1.686759e+27 
(FlareEnergyMax) Maximum flare energy [kg*m^2/sec^2]: 5.334000e+28 
(FlareYIntOUT) Instantaneous Davenport FFD y-intercept at current age and mass []: 34.424094 
(FlareSlopeOUT) Instantaneous Davenport FFD slope at current age and mass []: -1.091920 

Output Order: Time[year] Luminosity[LSUN] LXUVStellar[LSUN] LXUVFlare[LSUN] LXUVTot[LSUN]
Grid Output Order:

----- BODY: b ----
Active Modules: AtmEsc
Module Bit Sum: 9
Color: 000000
(Mass) Mass [kg]: 9.716207e+24 
(Radius) Radius [m]: 7.455013e+06 
(RadGyra) Radius of Gyration/Moment of Inertia Constant []: 0.500000 
(BodyType) Type of Body (0 == planet) []: 0.000000 
(Density) Average Density [kg/m^3]: 5598.386936 
(HZLimitDryRunaway) Semi-major axis of Dry Runaway HZ Limit [m]: 8.794584e+09 
(HZLimRecVenus) Recent Venus HZ Limit [m]: 7.875246e+09 
(HZLimRunaway) Runaway Greenhouse HZ Limit [m]: 1.038853e+10 
(HZLimMoistGreenhouse) Moist Greenhouse HZ Limit [m]: 1.042024e+10 
(HZLimMaxGreenhouse) Maximum Greenhouse HZ Limit [m]: 1.978591e+10 
(HZLimEarlyMars) Early Mars HZ Limit [m]: 2.157871e+10 
(Instellation) Orbit-averaged INcident STELLar radiATION [kg/sec^3]: 2.362422e+04 
(MeanMotion) Orbital Mean Motion [/sec]: 4.464444e-05 
(OrbPeriod) Orbital Period [sec]: 1.407383e+05 
(SemiMajorAxis) Semi-major Axis [m]: 2.331259e+09 
(LXUVTot) Total XUV Luminosity [kg/sec^3]: -1.000000 
(EscapeVelocity) Escape Velocity [m/sec]: 1.318990e+04 
----- ATMESC PARAMETERS (b)------
(SurfWaterMass) Surface water mass [kg]: 0.000000 
(EnvelopeMass) Envelope mass [kg]: 0.000000 
(OxygenMass) Oxygen mass in the atmosphere [kg]: 0.000000 
(RGLimit) Runaway greenhouse semi-major axis [m]: 9.961714e+09 
(XO) Atomic oxygen mixing ratio in upper atmosphere []: 0.000000 
(EtaO) Oxygen eta parameter (Luger and Barnes 2015) []: 0.000000 
(PlanetRadius) Planet radius [m]: 7.455013e+06 
(OxygenMantleMass) Mass of oxygen in mantle [kg]: 0.000000 
(RadXUV) XUV radius separating hydro. dyn. escape and equilibrium [m]: -1.000000 
(RadSolid) Radius to the solid surface [m]: -1.000000 
(PresXUV) Pressure at base of thermosphere [(null)]: 5.000000 
(ScaleHeight) Scale height in Lehmer & Catling (2016) model [m]: -1.000000 
(ThermTemp) Isothermal atmospheric temperature [K]: 400.000000 
(AtmGasConst) Atmospheric gas constant [(null)]: 4124.000000 
(PresSurf) Surface pressure due to atmosphere [Pa]: -1.000000 
(DEnvMassDt) Envelope Mass Loss Rate [kg/s]: 0.000000 
(FXUV) XUV flux [W/m^2]: 11.875044 
(AtmXAbsEffH2O) XUV atmospheric escape efficiency for H2O []: 0.300000 
(RocheRadius) Roche Lobe Radius [m]: 4.768906e+07 
(BondiRadius) Bondi Radius [m]: 6.135222e+08 
(HEscapeRegime) Integer flag for H envelope escape regime []: 8.000000 
(RRCriticalFlux) Critical XUV Flux that separates RR and energy-limited escape [W/m^2]: 52.427835 
(CrossoverMass) Crossover mass, defines oxygen is escaping if mc > mo [kg]: 0.000000 
(WaterEscapeRegime) What water escape regime the code is currently in []: 8.000000 
(FXUVCRITDRAG) Critical Drag XUV flux [W/m^2]: 0.441495 
(HREFFLUX) The Hydrogen Reference Flux (m^-2 s^-1) [m^-2 s^-1]: 8.034529e+18 
(XO2) Molecular oxygen mixing ratio in atmosphere []: 0.000000 
(XH2O) Water mixing ratio in upper atmosphere []: 0.000000 
(HDiffFlux) The Hydrogen Diffusion Flux (m^-2 s^-1) [m^-2 s^-1]: 2.259372e+17 
(HRefODragMod) Multiply by H ref flux to get flux with drag []: 1.000000 
(KTide) Mass loss enhancement due to stellar gravity []: 0.767422 
(CumulativeXUVFlux) Cumulative XUV flux [W/m^2]: 1.726098e+19 
(RunawayGreenhouseFlux) Incident flux that triggers runaway greenhouse [kg/sec^3]: 1293.809962 
(RGDuration) Runaway Greenhouse Duration [years]: 0.00000e+00

Output Order: Time[year] CumulativeXUVFlux[W/m^2]
Grid Output Order:
