-------- Log file gj1132.log -------

Executable: /home/vplanet/.local/bin/vplanet
Version: Unknown
System Name: gj1132
Primary Input File: vpl.in
Body File #1: star.in
Body File #2: b.in
Allow files to be overwitten: Yes
Mass Units: Grams
Length Units: Meters
Time Units: Seconds
Angle Units: Radians

------- FORMATTING -----
Verbosity Level: 5
Crossover Decade for Scientific Notation: 4
Number of Digits After Decimal: 6
Integration Method: Runge-Kutta4
Direction: Forward
Time Step: 3.155760e+07
Stop Time: 2.192651e+17
Output Interval: 3.155760e+13
Use Variable Timestep: Yes
dEta: 0.010000
Minimum Value of ecc and obl: 1.000000e-10


---- INITIAL SYSTEM PROPERTIES ----
(Age) System Age [sec]: 2.160614e+14 
(Time) Simulation Time [sec]: 0.000000 
(TotAngMom) Total Angular Momentum [kg*m^2/sec]: 1.188231e+42 
(TotEnergy) Total System Energy [kg*m^2/sec^2]: -1.246674e+40 
(PotEnergy) Body's non-orbital Potential Energy [kg*m^2/sec^2]: -1.250980e+40 
(KinEnergy) Body's non-orbital Kinetic Energy [kg*m^2/sec^2]: 4.311954e+37 
(DeltaTime) Average Timestep Over Last Output Interval [sec]: 0.000000 

----- BODY: star ----
Active Modules: FLARE STELLAR
Module Bit Sum: 577
Color: 000000
(Mass) Mass [kg]: 3.770040e+29 
(Radius) Radius [m]: 4.549850e+08 
(RadGyra) Radius of Gyration/Moment of Inertia Constant []: 0.457105 
(RotAngMom) Rotational Angular Momentum [kg*m^2/sec]: 1.185872e+42 
(RotVel) Rotational Velocity [m/sec]: 3.308744e+04 
(BodyType) Type of Body (0 == planet) []: 0.000000 
(RotRate) Rotational Frequency [/sec]: 7.272205e-05 
(RotPer) Rotational Period [sec]: 8.640000e+04 
(Density) Average Density [kg/m^3]: 955.578017 
(HZLimitDryRunaway) Semi-major axis of Dry Runaway HZ Limit [m]: 2.745180e+10 
(HZLimRecVenus) Recent Venus HZ Limit [m]: 2.459455e+10 
(HZLimRunaway) Runaway Greenhouse HZ Limit [m]: 3.243599e+10 
(HZLimMoistGreenhouse) Moist Greenhouse HZ Limit [m]: 3.254264e+10 
(HZLimMaxGreenhouse) Maximum Greenhouse HZ Limit [m]: 6.185329e+10 
(HZLimEarlyMars) Early Mars HZ Limit [m]: 6.745770e+10 
(Instellation) Orbit-averaged INcident STELLar radiATION [kg/sec^3]: -1.000000 
(CriticalSemiMajorAxis) Holman & Wiegert (1999) P-type Critical Semi-major Axis [m]: -1.000000 
(LXUVTot) Total XUV Luminosity [LSUN]: 2.333781e-05 
(LostEnergy) Body's Total Lost Energy [kg*m^2/sec^2]: 5.562685e-309 
(LostAngMom) Lost Angular Momentum due to Magnetic Braking [kg*m^2/sec]: 5.562685e-309 
(EscapeVelocity) Escape Velocity [m/sec]: 3.325766e+05 
----- STELLAR PARAMETERS (star)------
(Luminosity) Luminosity [LSUN]: 0.040874 
(LXUVStellar) Base X-ray/XUV Luminosity [LSUN]: 2.256248e-05 
(Temperature) Effective Temperature [K]: 3207.985348 
(LXUVFrac) Fraction of luminosity in XUV []: 0.000552 
(RossbyNumber) Rossby Number []: 0.016454 
(DRotPerDtStellar) Time Rate of Change of Rotation Period in STELLAR []: -1.397962e-10 
(WindTorque) Stellar Wind Torque []: 2.580096e+27 
----- FLARE PARAMETERS (star)------
(LXUVFlare) XUV Luminosity from flares [LSUN]: 7.753282e-07 
(FlareFreq1) First value of flare frequency range [/sec]: 3.380334e-05 
(FlareFreq2) Second value of flare frequency range [/sec]: 2.914426e-05 
(FlareFreq3) Third value of flare frequency range [/sec]: 2.512733e-05 
(FlareFreq4) Fourth value of flare frequency range [/sec]: 2.166405e-05 
(FlareFreqMin) Frequency of the flares with the lowest energy [/sec]: 3.380334e-05 
(FlareFreqMid) Frequency of the flares with the middle energy in the energy range [/sec]: 7.671729e-06 
(FlareFreqMax) Frequency of the flares with the highest energy [/sec]: 1.741113e-06 
(FlareEnergy1) First value of flare energy range [kg*m^2/sec^2]: 5.334000e+23 
(FlareEnergy2) Second value of flare energy range [kg*m^2/sec^2]: 6.715108e+23 
(FlareEnergy3) Third value of flare energy range [kg*m^2/sec^2]: 8.453820e+23 
(FlareEnergy4) Fourth value of flare energy range [kg*m^2/sec^2]: 1.064273e+24 
(FlareEnergyMin) Minimum flare energy [kg*m^2/sec^2]: 5.334000e+23 
(FlareEnergyMid) Middle flare energy in the range of energy values [kg*m^2/sec^2]: 5.334000e+24 
(FlareEnergyMax) Maximum flare energy [kg*m^2/sec^2]: 5.334000e+25 
(FlareYIntOUT) Instantaneous Davenport FFD y-intercept at current age and mass []: 20.255735 
(FlareSlopeOUT) Instantaneous Davenport FFD slope at current age and mass []: -0.644066 

Output Order: Time[year] Luminosity[LSUN] LXUVStellar[LSUN] LXUVFlare[LSUN] LXUVTot[LSUN]
Grid Output Order:

----- BODY: b ----
Active Modules: AtmEsc
Module Bit Sum: 9
Color: 000000
(Mass) Mass [kg]: 9.743218e+24 
(Radius) Radius [m]: 7.289160e+06 
(RadGyra) Radius of Gyration/Moment of Inertia Constant []: 0.500000 
(BodyType) Type of Body (0 == planet) []: 0.000000 
(Density) Average Density [kg/m^3]: 6005.944524 
(HZLimitDryRunaway) Semi-major axis of Dry Runaway HZ Limit [m]: 2.745328e+10 
(HZLimRecVenus) Recent Venus HZ Limit [m]: 2.459455e+10 
(HZLimRunaway) Runaway Greenhouse HZ Limit [m]: 3.243599e+10 
(HZLimMoistGreenhouse) Moist Greenhouse HZ Limit [m]: 3.254264e+10 
(HZLimMaxGreenhouse) Maximum Greenhouse HZ Limit [m]: 6.185329e+10 
(HZLimEarlyMars) Early Mars HZ Limit [m]: 6.745770e+10 
(Instellation) Orbit-averaged INcident STELLar radiATION [kg/sec^3]: 2.307367e+05 
(MeanMotion) Orbital Mean Motion [/sec]: 4.464404e-05 
(OrbPeriod) Orbital Period [sec]: 1.407396e+05 
(SemiMajorAxis) Semi-major Axis [m]: 2.328511e+09 
(LXUVTot) Total XUV Luminosity [kg/sec^3]: -1.000000 
(EscapeVelocity) Escape Velocity [m/sec]: 1.335764e+04 
----- ATMESC PARAMETERS (b)------
(SurfWaterMass) Surface water mass [kg]: 0.000000 
(EnvelopeMass) Envelope mass [kg]: 0.000000 
(OxygenMass) Oxygen mass in the atmosphere [kg]: 0.000000 
(RGLimit) Runaway greenhouse semi-major axis [m]: 3.110023e+10 
(XO) Atomic oxygen mixing ratio in upper atmosphere []: 0.000000 
(EtaO) Oxygen eta parameter (Luger and Barnes 2015) []: 0.000000 
(PlanetRadius) Planet radius [m]: 7.289160e+06 
(OxygenMantleMass) Mass of oxygen in mantle [kg]: 0.000000 
(RadXUV) XUV radius separating hydro. dyn. escape and equilibrium [m]: -1.000000 
(RadSolid) Radius to the solid surface [m]: -1.000000 
(PresXUV) Pressure at base of thermosphere [(null)]: 5.000000 
(ScaleHeight) Scale height in Lehmer & Catling (2016) model [m]: -1.000000 
(ThermTemp) Isothermal atmospheric temperature [K]: 400.000000 
(AtmGasConst) Atmospheric gas constant [(null)]: 4124.000000 
(PresSurf) Surface pressure due to atmosphere [Pa]: -1.000000 
(DEnvMassDt) Envelope Mass Loss Rate [kg/s]: 0.000000 
(FXUV) XUV flux [W/m^2]: 131.742693 
(AtmXAbsEffH2O) XUV atmospheric escape efficiency for H2O []: 0.300000 
(RocheRadius) Roche Lobe Radius [m]: 4.773350e+07 
(BondiRadius) Bondi Radius [m]: 3.482995e+08 
(HEscapeRegime) Integer flag for H envelope escape regime []: 8.000000 
(RRCriticalFlux) Critical XUV Flux that separates RR and energy-limited escape [W/m^2]: 57.182699 
(CrossoverMass) Crossover mass, defines oxygen is escaping if mc > mo [kg]: 0.000000 
(WaterEscapeRegime) What water escape regime the code is currently in []: 8.000000 
(FXUVCRITDRAG) Critical Drag XUV flux [W/m^2]: 0.474952 
(HREFFLUX) The Hydrogen Reference Flux (m^-2 s^-1) [m^-2 s^-1]: 8.631492e+19 
(XO2) Molecular oxygen mixing ratio in atmosphere []: 0.000000 
(XH2O) Water mixing ratio in upper atmosphere []: 0.000000 
(HDiffFlux) The Hydrogen Diffusion Flux (m^-2 s^-1) [m^-2 s^-1]: 2.369929e+17 
(HRefODragMod) Multiply by H ref flux to get flux with drag []: 1.000000 
(KTide) Mass loss enhancement due to stellar gravity []: 0.772722 
(CumulativeXUVFlux) Cumulative XUV flux [W/m^2]: 0.000000 
(RunawayGreenhouseFlux) Incident flux that triggers runaway greenhouse [kg/sec^3]: 1293.299464 
(RGDuration) Runaway Greenhouse Duration [years]: 0.00000e+00

Output Order: Time[year] CumulativeXUVFlux[W/m^2]
Grid Output Order:



---- FINAL SYSTEM PROPERTIES ----
(Age) System Age [sec]: 2.194812e+17 
(Time) Simulation Time [sec]: 2.192652e+17 
(TotAngMom) Total Angular Momentum [kg*m^2/sec]: 1.191300e+42 
(TotEnergy) Total System Energy [kg*m^2/sec^2]: -1.244722e+40 
(PotEnergy) Body's non-orbital Potential Energy [kg*m^2/sec^2]: -3.993346e+40 
(KinEnergy) Body's non-orbital Kinetic Energy [kg*m^2/sec^2]: 6.033385e+32 
(DeltaTime) Average Timestep Over Last Output Interval [sec]: 7.889400e+12 

----- BODY: star ----
Active Modules: FLARE STELLAR
Module Bit Sum: 577
Color: 000000
(Mass) Mass [kg]: 3.770040e+29 
(Radius) Radius [m]: 1.425314e+08 
(RadGyra) Radius of Gyration/Moment of Inertia Constant []: 0.460543 
(RotAngMom) Rotational Angular Momentum [kg*m^2/sec]: 1.400069e+39 
(RotVel) Rotational Velocity [m/sec]: 122.843475 
(BodyType) Type of Body (0 == planet) []: 0.000000 
(RotRate) Rotational Frequency [/sec]: 8.618695e-07 
(RotPer) Rotational Period [sec]: 7.290182e+06 
(Density) Average Density [kg/m^3]: 3.108319e+04 
(HZLimitDryRunaway) Semi-major axis of Dry Runaway HZ Limit [m]: 8.756443e+09 
(HZLimRecVenus) Recent Venus HZ Limit [m]: 7.841338e+09 
(HZLimRunaway) Runaway Greenhouse HZ Limit [m]: 1.034365e+10 
(HZLimMoistGreenhouse) Moist Greenhouse HZ Limit [m]: 1.037538e+10 
(HZLimMaxGreenhouse) Maximum Greenhouse HZ Limit [m]: 1.970192e+10 
(HZLimEarlyMars) Early Mars HZ Limit [m]: 2.148711e+10 
(Instellation) Orbit-averaged INcident STELLar radiATION [kg/sec^3]: -1.000000 
(CriticalSemiMajorAxis) Holman & Wiegert (1999) P-type Critical Semi-major Axis [m]: -1.000000 
(LXUVTot) Total XUV Luminosity [LSUN]: 5.777264e-07 
(LostEnergy) Body's Total Lost Energy [kg*m^2/sec^2]: 2.748630e+40 
(LostAngMom) Lost Angular Momentum due to Magnetic Braking [kg*m^2/sec]: 1.187542e+42 
(EscapeVelocity) Escape Velocity [m/sec]: 5.942031e+05 
----- STELLAR PARAMETERS (star)------
(Luminosity) Luminosity [LSUN]: 0.004159 
(LXUVStellar) Base X-ray/XUV Luminosity [LSUN]: 1.859850e-07 
(Temperature) Effective Temperature [K]: 3232.478738 
(LXUVFrac) Fraction of luminosity in XUV []: 4.472123e-05 
(RossbyNumber) Rossby Number []: 1.405892 
(DRotPerDtStellar) Time Rate of Change of Rotation Period in STELLAR []: 2.771474e-11 
(WindTorque) Stellar Wind Torque []: 3.150870e+21 
----- FLARE PARAMETERS (star)------
(LXUVFlare) XUV Luminosity from flares [LSUN]: 3.917413e-07 
(FlareFreq1) First value of flare frequency range [/sec]: 8.737578e-05 
(FlareFreq2) Second value of flare frequency range [/sec]: 6.793841e-05 
(FlareFreq3) Third value of flare frequency range [/sec]: 5.282503e-05 
(FlareFreq4) Fourth value of flare frequency range [/sec]: 4.107372e-05 
(FlareFreqMin) Frequency of the flares with the lowest energy [/sec]: 8.737578e-05 
(FlareFreqMid) Frequency of the flares with the middle energy in the energy range [/sec]: 7.057232e-06 
(FlareFreqMax) Frequency of the flares with the highest energy [/sec]: 5.700037e-07 
(FlareEnergy1) First value of flare energy range [kg*m^2/sec^2]: 5.334000e+23 
(FlareEnergy2) Second value of flare energy range [kg*m^2/sec^2]: 6.715108e+23 
(FlareEnergy3) Third value of flare energy range [kg*m^2/sec^2]: 8.453820e+23 
(FlareEnergy4) Fourth value of flare energy range [kg*m^2/sec^2]: 1.064273e+24 
(FlareEnergyMin) Minimum flare energy [kg*m^2/sec^2]: 5.334000e+23 
(FlareEnergyMid) Middle flare energy in the range of energy values [kg*m^2/sec^2]: 5.334000e+24 
(FlareEnergyMax) Maximum flare energy [kg*m^2/sec^2]: 5.334000e+25 
(FlareYIntOUT) Instantaneous Davenport FFD y-intercept at current age and mass []: 34.455098 
(FlareSlopeOUT) Instantaneous Davenport FFD slope at current age and mass []: -1.092757 

Output Order: Time[year] Luminosity[LSUN] LXUVStellar[LSUN] LXUVFlare[LSUN] LXUVTot[LSUN]
Grid Output Order:

----- BODY: b ----
Active Modules: AtmEsc
Module Bit Sum: 9
Color: 000000
(Mass) Mass [kg]: 9.743218e+24 
(Radius) Radius [m]: 7.289160e+06 
(RadGyra) Radius of Gyration/Moment of Inertia Constant []: 0.500000 
(BodyType) Type of Body (0 == planet) []: 0.000000 
(Density) Average Density [kg/m^3]: 6005.944524 
(HZLimitDryRunaway) Semi-major axis of Dry Runaway HZ Limit [m]: 8.756916e+09 
(HZLimRecVenus) Recent Venus HZ Limit [m]: 7.841338e+09 
(HZLimRunaway) Runaway Greenhouse HZ Limit [m]: 1.034365e+10 
(HZLimMoistGreenhouse) Moist Greenhouse HZ Limit [m]: 1.037538e+10 
(HZLimMaxGreenhouse) Maximum Greenhouse HZ Limit [m]: 1.970192e+10 
(HZLimEarlyMars) Early Mars HZ Limit [m]: 2.148711e+10 
(Instellation) Orbit-averaged INcident STELLar radiATION [kg/sec^3]: 2.347635e+04 
(MeanMotion) Orbital Mean Motion [/sec]: 4.464404e-05 
(OrbPeriod) Orbital Period [sec]: 1.407396e+05 
(SemiMajorAxis) Semi-major Axis [m]: 2.328511e+09 
(LXUVTot) Total XUV Luminosity [kg/sec^3]: -1.000000 
(EscapeVelocity) Escape Velocity [m/sec]: 1.335764e+04 
----- ATMESC PARAMETERS (b)------
(SurfWaterMass) Surface water mass [kg]: 0.000000 
(EnvelopeMass) Envelope mass [kg]: 0.000000 
(OxygenMass) Oxygen mass in the atmosphere [kg]: 0.000000 
(RGLimit) Runaway greenhouse semi-major axis [m]: 9.917770e+09 
(XO) Atomic oxygen mixing ratio in upper atmosphere []: 0.000000 
(EtaO) Oxygen eta parameter (Luger and Barnes 2015) []: 0.000000 
(PlanetRadius) Planet radius [m]: 7.289160e+06 
(OxygenMantleMass) Mass of oxygen in mantle [kg]: 0.000000 
(RadXUV) XUV radius separating hydro. dyn. escape and equilibrium [m]: -1.000000 
(RadSolid) Radius to the solid surface [m]: -1.000000 
(PresXUV) Pressure at base of thermosphere [(null)]: 5.000000 
(ScaleHeight) Scale height in Lehmer & Catling (2016) model [m]: -1.000000 
(ThermTemp) Isothermal atmospheric temperature [K]: 400.000000 
(AtmGasConst) Atmospheric gas constant [(null)]: 4124.000000 
(PresSurf) Surface pressure due to atmosphere [Pa]: -1.000000 
(DEnvMassDt) Envelope Mass Loss Rate [kg/s]: 0.000000 
(FXUV) XUV flux [W/m^2]: 3.261284 
(AtmXAbsEffH2O) XUV atmospheric escape efficiency for H2O []: 0.300000 
(RocheRadius) Roche Lobe Radius [m]: 4.773350e+07 
(BondiRadius) Bondi Radius [m]: 6.175794e+08 
(HEscapeRegime) Integer flag for H envelope escape regime []: 8.000000 
(RRCriticalFlux) Critical XUV Flux that separates RR and energy-limited escape [W/m^2]: 57.182699 
(CrossoverMass) Crossover mass, defines oxygen is escaping if mc > mo [kg]: 0.000000 
(WaterEscapeRegime) What water escape regime the code is currently in []: 8.000000 
(FXUVCRITDRAG) Critical Drag XUV flux [W/m^2]: 0.474952 
(HREFFLUX) The Hydrogen Reference Flux (m^-2 s^-1) [m^-2 s^-1]: 2.136722e+18 
(XO2) Molecular oxygen mixing ratio in atmosphere []: 0.000000 
(XH2O) Water mixing ratio in upper atmosphere []: 0.000000 
(HDiffFlux) The Hydrogen Diffusion Flux (m^-2 s^-1) [m^-2 s^-1]: 2.369929e+17 
(HRefODragMod) Multiply by H ref flux to get flux with drag []: 1.000000 
(KTide) Mass loss enhancement due to stellar gravity []: 0.772722 
(CumulativeXUVFlux) Cumulative XUV flux [W/m^2]: 1.613852e+18 
(RunawayGreenhouseFlux) Incident flux that triggers runaway greenhouse [kg/sec^3]: 1293.933976 
(RGDuration) Runaway Greenhouse Duration [years]: 0.00000e+00

Output Order: Time[year] CumulativeXUVFlux[W/m^2]
Grid Output Order:
