-------- Log file gj1132.log -------

Executable: /home/vplanet/.local/bin/vplanet
Version: Unknown
System Name: gj1132
Primary Input File: vpl.in
Body File #1: star.in
Body File #2: b.in
Allow files to be overwitten: Yes
Mass Units: Grams
Length Units: Meters
Time Units: Seconds
Angle Units: Radians

------- FORMATTING -----
Verbosity Level: 5
Crossover Decade for Scientific Notation: 4
Number of Digits After Decimal: 6
Integration Method: Runge-Kutta4
Direction: Forward
Time Step: 3.155760e+07
Stop Time: 1.960103e+17
Output Interval: 3.155760e+13
Use Variable Timestep: Yes
dEta: 0.010000
Minimum Value of ecc and obl: 1.000000e-10


---- INITIAL SYSTEM PROPERTIES ----
(Age) System Age [sec]: 1.679330e+14 
(Time) Simulation Time [sec]: 0.000000 
(TotAngMom) Total Angular Momentum [kg*m^2/sec]: 1.442341e+42 
(TotEnergy) Total System Energy [kg*m^2/sec^2]: -1.140863e+40 
(PotEnergy) Body's non-orbital Potential Energy [kg*m^2/sec^2]: -1.146094e+40 
(KinEnergy) Body's non-orbital Kinetic Energy [kg*m^2/sec^2]: 5.236047e+37 
(DeltaTime) Average Timestep Over Last Output Interval [sec]: 0.000000 

----- BODY: star ----
Active Modules: FLARE STELLAR
Module Bit Sum: 577
Color: 000000
(Mass) Mass [kg]: 3.787824e+29 
(Radius) Radius [m]: 5.013203e+08 
(RadGyra) Radius of Gyration/Moment of Inertia Constant []: 0.456079 
(RotAngMom) Rotational Angular Momentum [kg*m^2/sec]: 1.440016e+42 
(RotVel) Rotational Velocity [m/sec]: 3.645704e+04 
(BodyType) Type of Body (0 == planet) []: 0.000000 
(RotRate) Rotational Frequency [/sec]: 7.272205e-05 
(RotPer) Rotational Period [sec]: 8.640000e+04 
(Density) Average Density [kg/m^3]: 717.720514 
(HZLimitDryRunaway) Semi-major axis of Dry Runaway HZ Limit [m]: 3.010919e+10 
(HZLimRecVenus) Recent Venus HZ Limit [m]: 2.697894e+10 
(HZLimRunaway) Runaway Greenhouse HZ Limit [m]: 3.557839e+10 
(HZLimMoistGreenhouse) Moist Greenhouse HZ Limit [m]: 3.569757e+10 
(HZLimMaxGreenhouse) Maximum Greenhouse HZ Limit [m]: 6.786765e+10 
(HZLimEarlyMars) Early Mars HZ Limit [m]: 7.401698e+10 
(Instellation) Orbit-averaged INcident STELLar radiATION [kg/sec^3]: -1.000000 
(CriticalSemiMajorAxis) Holman & Wiegert (1999) P-type Critical Semi-major Axis [m]: -1.000000 
(LXUVTot) Total XUV Luminosity [LSUN]: 6.894362e-05 
(LostEnergy) Body's Total Lost Energy [kg*m^2/sec^2]: 5.562685e-309 
(LostAngMom) Lost Angular Momentum due to Magnetic Braking [kg*m^2/sec]: 5.562685e-309 
(EscapeVelocity) Escape Velocity [m/sec]: 3.175810e+05 
----- STELLAR PARAMETERS (star)------
(Luminosity) Luminosity [LSUN]: 0.049171 
(LXUVStellar) Base X-ray/XUV Luminosity [LSUN]: 6.814914e-05 
(Temperature) Effective Temperature [K]: 3201.078816 
(LXUVFrac) Fraction of luminosity in XUV []: 0.001386 
(RossbyNumber) Rossby Number []: 0.016396 
(DRotPerDtStellar) Time Rate of Change of Rotation Period in STELLAR []: -1.047234e-10 
(WindTorque) Stellar Wind Torque []: 4.314235e+27 
----- FLARE PARAMETERS (star)------
(LXUVFlare) XUV Luminosity from flares [LSUN]: 7.944846e-07 
(FlareFreq1) First value of flare frequency range [/sec]: 3.220273e-05 
(FlareFreq2) Second value of flare frequency range [/sec]: 2.788123e-05 
(FlareFreq3) Third value of flare frequency range [/sec]: 2.413966e-05 
(FlareFreq4) Fourth value of flare frequency range [/sec]: 2.090020e-05 
(FlareFreqMin) Frequency of the flares with the lowest energy [/sec]: 3.220273e-05 
(FlareFreqMid) Frequency of the flares with the middle energy in the energy range [/sec]: 7.622284e-06 
(FlareFreqMax) Frequency of the flares with the highest energy [/sec]: 1.804170e-06 
(FlareEnergy1) First value of flare energy range [kg*m^2/sec^2]: 5.334000e+23 
(FlareEnergy2) Second value of flare energy range [kg*m^2/sec^2]: 6.715108e+23 
(FlareEnergy3) Third value of flare energy range [kg*m^2/sec^2]: 8.453820e+23 
(FlareEnergy4) Fourth value of flare energy range [kg*m^2/sec^2]: 1.064273e+24 
(FlareEnergyMin) Minimum flare energy [kg*m^2/sec^2]: 5.334000e+23 
(FlareEnergyMid) Middle flare energy in the range of energy values [kg*m^2/sec^2]: 5.334000e+24 
(FlareEnergyMax) Maximum flare energy [kg*m^2/sec^2]: 5.334000e+25 
(FlareYIntOUT) Instantaneous Davenport FFD y-intercept at current age and mass []: 19.673629 
(FlareSlopeOUT) Instantaneous Davenport FFD slope at current age and mass []: -0.625808 

Output Order: Time[year] Luminosity[LSUN] LXUVStellar[LSUN] LXUVFlare[LSUN] LXUVTot[LSUN]
Grid Output Order:

----- BODY: b ----
Active Modules: AtmEsc
Module Bit Sum: 9
Color: 000000
(Mass) Mass [kg]: 9.572469e+24 
(Radius) Radius [m]: 7.192053e+06 
(RadGyra) Radius of Gyration/Moment of Inertia Constant []: 0.500000 
(BodyType) Type of Body (0 == planet) []: 0.000000 
(Density) Average Density [kg/m^3]: 6142.946974 
(HZLimitDryRunaway) Semi-major axis of Dry Runaway HZ Limit [m]: 3.010947e+10 
(HZLimRecVenus) Recent Venus HZ Limit [m]: 2.697894e+10 
(HZLimRunaway) Runaway Greenhouse HZ Limit [m]: 3.557839e+10 
(HZLimMoistGreenhouse) Moist Greenhouse HZ Limit [m]: 3.569757e+10 
(HZLimMaxGreenhouse) Maximum Greenhouse HZ Limit [m]: 6.786765e+10 
(HZLimEarlyMars) Early Mars HZ Limit [m]: 7.401698e+10 
(Instellation) Orbit-averaged INcident STELLar radiATION [kg/sec^3]: 2.766866e+05 
(MeanMotion) Orbital Mean Motion [/sec]: 4.464378e-05 
(OrbPeriod) Orbital Period [sec]: 1.407404e+05 
(SemiMajorAxis) Semi-major Axis [m]: 2.332175e+09 
(LXUVTot) Total XUV Luminosity [kg/sec^3]: -1.000000 
(EscapeVelocity) Escape Velocity [m/sec]: 1.332916e+04 
----- ATMESC PARAMETERS (b)------
(SurfWaterMass) Surface water mass [kg]: 0.000000 
(EnvelopeMass) Envelope mass [kg]: 0.000000 
(OxygenMass) Oxygen mass in the atmosphere [kg]: 0.000000 
(RGLimit) Runaway greenhouse semi-major axis [m]: 3.412784e+10 
(XO) Atomic oxygen mixing ratio in upper atmosphere []: 0.000000 
(EtaO) Oxygen eta parameter (Luger and Barnes 2015) []: 0.000000 
(PlanetRadius) Planet radius [m]: 7.192053e+06 
(OxygenMantleMass) Mass of oxygen in mantle [kg]: 0.000000 
(RadXUV) XUV radius separating hydro. dyn. escape and equilibrium [m]: -1.000000 
(RadSolid) Radius to the solid surface [m]: -1.000000 
(PresXUV) Pressure at base of thermosphere [(null)]: 5.000000 
(ScaleHeight) Scale height in Lehmer & Catling (2016) model [m]: -1.000000 
(ThermTemp) Isothermal atmospheric temperature [K]: 400.000000 
(AtmGasConst) Atmospheric gas constant [(null)]: 4124.000000 
(PresSurf) Surface pressure due to atmosphere [Pa]: -1.000000 
(DEnvMassDt) Envelope Mass Loss Rate [kg/s]: 0.000000 
(FXUV) XUV flux [W/m^2]: 387.949616 
(AtmXAbsEffH2O) XUV atmospheric escape efficiency for H2O []: 0.300000 
(RocheRadius) Roche Lobe Radius [m]: 4.745319e+07 
(BondiRadius) Bondi Radius [m]: 3.264449e+08 
(HEscapeRegime) Integer flag for H envelope escape regime []: 8.000000 
(RRCriticalFlux) Critical XUV Flux that separates RR and energy-limited escape [W/m^2]: 57.711770 
(CrossoverMass) Crossover mass, defines oxygen is escaping if mc > mo [kg]: 0.000000 
(WaterEscapeRegime) What water escape regime the code is currently in []: 8.000000 
(FXUVCRITDRAG) Critical Drag XUV flux [W/m^2]: 0.477273 
(HREFFLUX) The Hydrogen Reference Flux (m^-2 s^-1) [m^-2 s^-1]: 2.547106e+20 
(XO2) Molecular oxygen mixing ratio in atmosphere []: 0.000000 
(XH2O) Water mixing ratio in upper atmosphere []: 0.000000 
(HDiffFlux) The Hydrogen Diffusion Flux (m^-2 s^-1) [m^-2 s^-1]: 2.391697e+17 
(HRefODragMod) Multiply by H ref flux to get flux with drag []: 1.000000 
(KTide) Mass loss enhancement due to stellar gravity []: 0.774399 
(CumulativeXUVFlux) Cumulative XUV flux [W/m^2]: 0.000000 
(RunawayGreenhouseFlux) Incident flux that triggers runaway greenhouse [kg/sec^3]: 1292.065848 
(RGDuration) Runaway Greenhouse Duration [years]: 0.00000e+00

Output Order: Time[year] CumulativeXUVFlux[W/m^2]
Grid Output Order:



---- FINAL SYSTEM PROPERTIES ----
(Age) System Age [sec]: 1.962037e+17 
(Time) Simulation Time [sec]: 1.960358e+17 
(TotAngMom) Total Angular Momentum [kg*m^2/sec]: 1.441482e+42 
(TotEnergy) Total System Energy [kg*m^2/sec^2]: -1.141029e+40 
(PotEnergy) Body's non-orbital Potential Energy [kg*m^2/sec^2]: -4.024030e+40 
(KinEnergy) Body's non-orbital Kinetic Energy [kg*m^2/sec^2]: 6.916470e+32 
(DeltaTime) Average Timestep Over Last Output Interval [sec]: 1.577880e+13 

----- BODY: star ----
Active Modules: FLARE STELLAR
Module Bit Sum: 577
Color: 000000
(Mass) Mass [kg]: 3.787824e+29 
(Radius) Radius [m]: 1.427822e+08 
(RadGyra) Radius of Gyration/Moment of Inertia Constant []: 0.460592 
(RotAngMom) Rotational Angular Momentum [kg*m^2/sec]: 1.505368e+39 
(RotVel) Rotational Velocity [m/sec]: 131.203630 
(BodyType) Type of Body (0 == planet) []: 0.000000 
(RotRate) Rotational Frequency [/sec]: 9.189074e-07 
(RotPer) Rotational Period [sec]: 6.837670e+06 
(Density) Average Density [kg/m^3]: 3.106554e+04 
(HZLimitDryRunaway) Semi-major axis of Dry Runaway HZ Limit [m]: 8.795834e+09 
(HZLimRecVenus) Recent Venus HZ Limit [m]: 7.876285e+09 
(HZLimRunaway) Runaway Greenhouse HZ Limit [m]: 1.038994e+10 
(HZLimMoistGreenhouse) Moist Greenhouse HZ Limit [m]: 1.042162e+10 
(HZLimMaxGreenhouse) Maximum Greenhouse HZ Limit [m]: 1.978812e+10 
(HZLimEarlyMars) Early Mars HZ Limit [m]: 2.158112e+10 
(Instellation) Orbit-averaged INcident STELLar radiATION [kg/sec^3]: -1.000000 
(CriticalSemiMajorAxis) Holman & Wiegert (1999) P-type Critical Semi-major Axis [m]: -1.000000 
(LXUVTot) Total XUV Luminosity [LSUN]: 5.874343e-07 
(LostEnergy) Body's Total Lost Energy [kg*m^2/sec^2]: 2.883007e+40 
(LostAngMom) Lost Angular Momentum due to Magnetic Braking [kg*m^2/sec]: 1.437652e+42 
(EscapeVelocity) Escape Velocity [m/sec]: 5.950796e+05 
----- STELLAR PARAMETERS (star)------
(Luminosity) Luminosity [LSUN]: 0.004196 
(LXUVStellar) Base X-ray/XUV Luminosity [LSUN]: 1.971323e-07 
(Temperature) Effective Temperature [K]: 3234.611745 
(LXUVFrac) Fraction of luminosity in XUV []: 4.697805e-05 
(RossbyNumber) Rossby Number []: 1.320067 
(DRotPerDtStellar) Time Rate of Change of Rotation Period in STELLAR []: 1.975062e-11 
(WindTorque) Stellar Wind Torque []: 4.368086e+21 
----- FLARE PARAMETERS (star)------
(LXUVFlare) XUV Luminosity from flares [LSUN]: 3.902972e-07 
(FlareFreq1) First value of flare frequency range [/sec]: 8.398327e-05 
(FlareFreq2) Second value of flare frequency range [/sec]: 6.546482e-05 
(FlareFreq3) Third value of flare frequency range [/sec]: 5.102972e-05 
(FlareFreq4) Fourth value of flare frequency range [/sec]: 3.977758e-05 
(FlareFreqMin) Frequency of the flares with the lowest energy [/sec]: 8.398327e-05 
(FlareFreqMid) Frequency of the flares with the middle energy in the energy range [/sec]: 6.955760e-06 
(FlareFreqMax) Frequency of the flares with the highest energy [/sec]: 5.760981e-07 
(FlareEnergy1) First value of flare energy range [kg*m^2/sec^2]: 5.334000e+23 
(FlareEnergy2) Second value of flare energy range [kg*m^2/sec^2]: 6.715108e+23 
(FlareEnergy3) Third value of flare energy range [kg*m^2/sec^2]: 8.453820e+23 
(FlareEnergy4) Fourth value of flare energy range [kg*m^2/sec^2]: 1.064273e+24 
(FlareEnergyMin) Minimum flare energy [kg*m^2/sec^2]: 5.334000e+23 
(FlareEnergyMid) Middle flare energy in the range of energy values [kg*m^2/sec^2]: 5.334000e+24 
(FlareEnergyMax) Maximum flare energy [kg*m^2/sec^2]: 5.334000e+25 
(FlareYIntOUT) Instantaneous Davenport FFD y-intercept at current age and mass []: 34.102712 
(FlareSlopeOUT) Instantaneous Davenport FFD slope at current age and mass []: -1.081848 

Output Order: Time[year] Luminosity[LSUN] LXUVStellar[LSUN] LXUVFlare[LSUN] LXUVTot[LSUN]
Grid Output Order:

----- BODY: b ----
Active Modules: AtmEsc
Module Bit Sum: 9
Color: 000000
(Mass) Mass [kg]: 9.572469e+24 
(Radius) Radius [m]: 7.192053e+06 
(RadGyra) Radius of Gyration/Moment of Inertia Constant []: 0.500000 
(BodyType) Type of Body (0 == planet) []: 0.000000 
(Density) Average Density [kg/m^3]: 6142.946974 
(HZLimitDryRunaway) Semi-major axis of Dry Runaway HZ Limit [m]: 8.795915e+09 
(HZLimRecVenus) Recent Venus HZ Limit [m]: 7.876285e+09 
(HZLimRunaway) Runaway Greenhouse HZ Limit [m]: 1.038994e+10 
(HZLimMoistGreenhouse) Moist Greenhouse HZ Limit [m]: 1.042162e+10 
(HZLimMaxGreenhouse) Maximum Greenhouse HZ Limit [m]: 1.978812e+10 
(HZLimEarlyMars) Early Mars HZ Limit [m]: 2.158112e+10 
(Instellation) Orbit-averaged INcident STELLar radiATION [kg/sec^3]: 2.361261e+04 
(MeanMotion) Orbital Mean Motion [/sec]: 4.464378e-05 
(OrbPeriod) Orbital Period [sec]: 1.407404e+05 
(SemiMajorAxis) Semi-major Axis [m]: 2.332175e+09 
(LXUVTot) Total XUV Luminosity [kg/sec^3]: -1.000000 
(EscapeVelocity) Escape Velocity [m/sec]: 1.332916e+04 
----- ATMESC PARAMETERS (b)------
(SurfWaterMass) Surface water mass [kg]: 0.000000 
(EnvelopeMass) Envelope mass [kg]: 0.000000 
(OxygenMass) Oxygen mass in the atmosphere [kg]: 0.000000 
(RGLimit) Runaway greenhouse semi-major axis [m]: 9.966461e+09 
(XO) Atomic oxygen mixing ratio in upper atmosphere []: 0.000000 
(EtaO) Oxygen eta parameter (Luger and Barnes 2015) []: 0.000000 
(PlanetRadius) Planet radius [m]: 7.192053e+06 
(OxygenMantleMass) Mass of oxygen in mantle [kg]: 0.000000 
(RadXUV) XUV radius separating hydro. dyn. escape and equilibrium [m]: -1.000000 
(RadSolid) Radius to the solid surface [m]: -1.000000 
(PresXUV) Pressure at base of thermosphere [(null)]: 5.000000 
(ScaleHeight) Scale height in Lehmer & Catling (2016) model [m]: -1.000000 
(ThermTemp) Isothermal atmospheric temperature [K]: 400.000000 
(AtmGasConst) Atmospheric gas constant [(null)]: 4124.000000 
(PresSurf) Surface pressure due to atmosphere [Pa]: -1.000000 
(DEnvMassDt) Envelope Mass Loss Rate [kg/s]: 0.000000 
(FXUV) XUV flux [W/m^2]: 3.305526 
(AtmXAbsEffH2O) XUV atmospheric escape efficiency for H2O []: 0.300000 
(RocheRadius) Roche Lobe Radius [m]: 4.745319e+07 
(BondiRadius) Bondi Radius [m]: 6.053474e+08 
(HEscapeRegime) Integer flag for H envelope escape regime []: 8.000000 
(RRCriticalFlux) Critical XUV Flux that separates RR and energy-limited escape [W/m^2]: 57.711770 
(CrossoverMass) Crossover mass, defines oxygen is escaping if mc > mo [kg]: 0.000000 
(WaterEscapeRegime) What water escape regime the code is currently in []: 8.000000 
(FXUVCRITDRAG) Critical Drag XUV flux [W/m^2]: 0.477273 
(HREFFLUX) The Hydrogen Reference Flux (m^-2 s^-1) [m^-2 s^-1]: 2.170263e+18 
(XO2) Molecular oxygen mixing ratio in atmosphere []: 0.000000 
(XH2O) Water mixing ratio in upper atmosphere []: 0.000000 
(HDiffFlux) The Hydrogen Diffusion Flux (m^-2 s^-1) [m^-2 s^-1]: 2.391697e+17 
(HRefODragMod) Multiply by H ref flux to get flux with drag []: 1.000000 
(KTide) Mass loss enhancement due to stellar gravity []: 0.774399 
(CumulativeXUVFlux) Cumulative XUV flux [W/m^2]: 2.474416e+18 
(RunawayGreenhouseFlux) Incident flux that triggers runaway greenhouse [kg/sec^3]: 1292.933509 
(RGDuration) Runaway Greenhouse Duration [years]: 0.00000e+00

Output Order: Time[year] CumulativeXUVFlux[W/m^2]
Grid Output Order:
