-------- Log file gj1132.log -------

Executable: /home/vplanet/.local/bin/vplanet
Version: Unknown
System Name: gj1132
Primary Input File: vpl.in
Body File #1: star.in
Body File #2: b.in
Allow files to be overwitten: Yes
Mass Units: Grams
Length Units: Meters
Time Units: Seconds
Angle Units: Radians

------- FORMATTING -----
Verbosity Level: 5
Crossover Decade for Scientific Notation: 4
Number of Digits After Decimal: 6
Integration Method: Runge-Kutta4
Direction: Forward
Time Step: 3.155760e+07
Stop Time: 2.106652e+17
Output Interval: 3.155760e+13
Use Variable Timestep: Yes
dEta: 0.010000
Minimum Value of ecc and obl: 1.000000e-10


---- INITIAL SYSTEM PROPERTIES ----
(Age) System Age [sec]: 1.335251e+14 
(Time) Simulation Time [sec]: 0.000000 
(TotAngMom) Total Angular Momentum [kg*m^2/sec]: 1.845668e+42 
(TotEnergy) Total System Energy [kg*m^2/sec^2]: -1.104522e+40 
(PotEnergy) Body's non-orbital Potential Energy [kg*m^2/sec^2]: -1.111218e+40 
(KinEnergy) Body's non-orbital Kinetic Energy [kg*m^2/sec^2]: 6.702134e+37 
(DeltaTime) Average Timestep Over Last Output Interval [sec]: 0.000000 

----- BODY: star ----
Active Modules: FLARE STELLAR
Module Bit Sum: 577
Color: 000000
(Mass) Mass [kg]: 3.934863e+29 
(Radius) Radius [m]: 5.579760e+08 
(RadGyra) Radius of Gyration/Moment of Inertia Constant []: 0.454857 
(RotAngMom) Rotational Angular Momentum [kg*m^2/sec]: 1.843219e+42 
(RotVel) Rotational Velocity [m/sec]: 4.057716e+04 
(BodyType) Type of Body (0 == planet) []: 0.000000 
(RotRate) Rotational Frequency [/sec]: 7.272205e-05 
(RotPer) Rotational Period [sec]: 8.640000e+04 
(Density) Average Density [kg/m^3]: 540.747465 
(HZLimitDryRunaway) Semi-major axis of Dry Runaway HZ Limit [m]: 3.347111e+10 
(HZLimRecVenus) Recent Venus HZ Limit [m]: 2.999167e+10 
(HZLimRunaway) Runaway Greenhouse HZ Limit [m]: 3.955122e+10 
(HZLimMoistGreenhouse) Moist Greenhouse HZ Limit [m]: 3.968391e+10 
(HZLimMaxGreenhouse) Maximum Greenhouse HZ Limit [m]: 7.544809e+10 
(HZLimEarlyMars) Early Mars HZ Limit [m]: 8.228427e+10 
(Instellation) Orbit-averaged INcident STELLar radiATION [kg/sec^3]: -1.000000 
(CriticalSemiMajorAxis) Holman & Wiegert (1999) P-type Critical Semi-major Axis [m]: -1.000000 
(LXUVTot) Total XUV Luminosity [LSUN]: 0.000371 
(LostEnergy) Body's Total Lost Energy [kg*m^2/sec^2]: 5.562685e-309 
(LostAngMom) Lost Angular Momentum due to Magnetic Braking [kg*m^2/sec]: 5.562685e-309 
(EscapeVelocity) Escape Velocity [m/sec]: 3.068134e+05 
----- STELLAR PARAMETERS (star)------
(Luminosity) Luminosity [LSUN]: 0.060764 
(LXUVStellar) Base X-ray/XUV Luminosity [LSUN]: 0.000357 
(Temperature) Effective Temperature [K]: 3200.496924 
(LXUVFrac) Fraction of luminosity in XUV []: 0.005883 
(RossbyNumber) Rossby Number []: 0.016391 
(DRotPerDtStellar) Time Rate of Change of Rotation Period in STELLAR []: -8.936512e-11 
(WindTorque) Stellar Wind Torque []: 7.445235e+27 
----- FLARE PARAMETERS (star)------
(LXUVFlare) XUV Luminosity from flares [LSUN]: 1.335273e-05 
(FlareFreq1) First value of flare frequency range [/sec]: 1.897137e-06 
(FlareFreq2) Second value of flare frequency range [/sec]: 1.537327e-06 
(FlareFreq3) Third value of flare frequency range [/sec]: 1.245758e-06 
(FlareFreq4) Fourth value of flare frequency range [/sec]: 1.009488e-06 
(FlareFreqMin) Frequency of the flares with the lowest energy [/sec]: 1.897137e-06 
(FlareFreqMid) Frequency of the flares with the middle energy in the energy range [/sec]: 2.316186e-07 
(FlareFreqMax) Frequency of the flares with the highest energy [/sec]: 2.827797e-08 
(FlareEnergy1) First value of flare energy range [kg*m^2/sec^2]: 5.334000e+25 
(FlareEnergy2) Second value of flare energy range [kg*m^2/sec^2]: 7.534475e+25 
(FlareEnergy3) Third value of flare energy range [kg*m^2/sec^2]: 1.064273e+26 
(FlareEnergy4) Fourth value of flare energy range [kg*m^2/sec^2]: 1.503325e+26 
(FlareEnergyMin) Minimum flare energy [kg*m^2/sec^2]: 5.334000e+25 
(FlareEnergyMid) Middle flare energy in the range of energy values [kg*m^2/sec^2]: 1.686759e+27 
(FlareEnergyMax) Maximum flare energy [kg*m^2/sec^2]: 5.334000e+28 
(FlareYIntOUT) Instantaneous Davenport FFD y-intercept at current age and mass []: 19.141576 
(FlareSlopeOUT) Instantaneous Davenport FFD slope at current age and mass []: -0.608884 

Output Order: Time[year] Luminosity[LSUN] LXUVStellar[LSUN] LXUVFlare[LSUN] LXUVTot[LSUN]
Grid Output Order:

----- BODY: b ----
Active Modules: AtmEsc
Module Bit Sum: 9
Color: 000000
(Mass) Mass [kg]: 9.833248e+24 
(Radius) Radius [m]: 7.139713e+06 
(RadGyra) Radius of Gyration/Moment of Inertia Constant []: 0.500000 
(BodyType) Type of Body (0 == planet) []: 0.000000 
(Density) Average Density [kg/m^3]: 6450.094007 
(HZLimitDryRunaway) Semi-major axis of Dry Runaway HZ Limit [m]: 3.347118e+10 
(HZLimRecVenus) Recent Venus HZ Limit [m]: 2.999167e+10 
(HZLimRunaway) Runaway Greenhouse HZ Limit [m]: 3.955122e+10 
(HZLimMoistGreenhouse) Moist Greenhouse HZ Limit [m]: 3.968391e+10 
(HZLimMaxGreenhouse) Maximum Greenhouse HZ Limit [m]: 7.544809e+10 
(HZLimEarlyMars) Early Mars HZ Limit [m]: 8.228427e+10 
(Instellation) Orbit-averaged INcident STELLar radiATION [kg/sec^3]: 3.333402e+05 
(MeanMotion) Orbital Mean Motion [/sec]: 4.464279e-05 
(OrbPeriod) Orbital Period [sec]: 1.407436e+05 
(SemiMajorAxis) Semi-major Axis [m]: 2.362005e+09 
(LXUVTot) Total XUV Luminosity [kg/sec^3]: -1.000000 
(EscapeVelocity) Escape Velocity [m/sec]: 1.355893e+04 
----- ATMESC PARAMETERS (b)------
(SurfWaterMass) Surface water mass [kg]: 0.000000 
(EnvelopeMass) Envelope mass [kg]: 0.000000 
(OxygenMass) Oxygen mass in the atmosphere [kg]: 0.000000 
(RGLimit) Runaway greenhouse semi-major axis [m]: 3.791528e+10 
(XO) Atomic oxygen mixing ratio in upper atmosphere []: 0.000000 
(EtaO) Oxygen eta parameter (Luger and Barnes 2015) []: 0.000000 
(PlanetRadius) Planet radius [m]: 7.139713e+06 
(OxygenMantleMass) Mass of oxygen in mantle [kg]: 0.000000 
(RadXUV) XUV radius separating hydro. dyn. escape and equilibrium [m]: -1.000000 
(RadSolid) Radius to the solid surface [m]: -1.000000 
(PresXUV) Pressure at base of thermosphere [(null)]: 5.000000 
(ScaleHeight) Scale height in Lehmer & Catling (2016) model [m]: -1.000000 
(ThermTemp) Isothermal atmospheric temperature [K]: 400.000000 
(AtmGasConst) Atmospheric gas constant [(null)]: 4124.000000 
(PresSurf) Surface pressure due to atmosphere [Pa]: -1.000000 
(DEnvMassDt) Envelope Mass Loss Rate [kg/s]: 0.000000 
(FXUV) XUV flux [W/m^2]: 2034.182425 
(AtmXAbsEffH2O) XUV atmospheric escape efficiency for H2O []: 0.300000 
(RocheRadius) Roche Lobe Radius [m]: 4.788095e+07 
(BondiRadius) Bondi Radius [m]: 3.159017e+08 
(HEscapeRegime) Integer flag for H envelope escape regime []: 8.000000 
(RRCriticalFlux) Critical XUV Flux that separates RR and energy-limited escape [W/m^2]: 62.826309 
(CrossoverMass) Crossover mass, defines oxygen is escaping if mc > mo [kg]: 0.000000 
(WaterEscapeRegime) What water escape regime the code is currently in []: 8.000000 
(FXUVCRITDRAG) Critical Drag XUV flux [W/m^2]: 0.514789 
(HREFFLUX) The Hydrogen Reference Flux (m^-2 s^-1) [m^-2 s^-1]: 1.284722e+21 
(XO2) Molecular oxygen mixing ratio in atmosphere []: 0.000000 
(XH2O) Water mixing ratio in upper atmosphere []: 0.000000 
(HDiffFlux) The Hydrogen Diffusion Flux (m^-2 s^-1) [m^-2 s^-1]: 2.493006e+17 
(HRefODragMod) Multiply by H ref flux to get flux with drag []: 1.000000 
(KTide) Mass loss enhancement due to stellar gravity []: 0.777987 
(CumulativeXUVFlux) Cumulative XUV flux [W/m^2]: 0.000000 
(RunawayGreenhouseFlux) Incident flux that triggers runaway greenhouse [kg/sec^3]: 1293.655900 
(RGDuration) Runaway Greenhouse Duration [years]: 0.00000e+00

Output Order: Time[year] CumulativeXUVFlux[W/m^2]
Grid Output Order:



---- FINAL SYSTEM PROPERTIES ----
(Age) System Age [sec]: 2.107998e+17 
(Time) Simulation Time [sec]: 2.106663e+17 
(TotAngMom) Total Angular Momentum [kg*m^2/sec]: 1.842960e+42 
(TotEnergy) Total System Energy [kg*m^2/sec^2]: -1.105822e+40 
(PotEnergy) Body's non-orbital Potential Energy [kg*m^2/sec^2]: -4.156544e+40 
(KinEnergy) Body's non-orbital Kinetic Energy [kg*m^2/sec^2]: 6.668110e+32 
(DeltaTime) Average Timestep Over Last Output Interval [sec]: 6.311520e+12 

----- BODY: star ----
Active Modules: FLARE STELLAR
Module Bit Sum: 577
Color: 000000
(Mass) Mass [kg]: 3.934863e+29 
(Radius) Radius [m]: 1.491704e+08 
(RadGyra) Radius of Gyration/Moment of Inertia Constant []: 0.460261 
(RotAngMom) Rotational Angular Momentum [kg*m^2/sec]: 1.572780e+39 
(RotVel) Rotational Velocity [m/sec]: 126.487463 
(BodyType) Type of Body (0 == planet) []: 0.000000 
(RotRate) Rotational Frequency [/sec]: 8.479396e-07 
(RotPer) Rotational Period [sec]: 7.409945e+06 
(Density) Average Density [kg/m^3]: 2.830044e+04 
(HZLimitDryRunaway) Semi-major axis of Dry Runaway HZ Limit [m]: 9.281910e+09 
(HZLimRecVenus) Recent Venus HZ Limit [m]: 8.308125e+09 
(HZLimRunaway) Runaway Greenhouse HZ Limit [m]: 1.096168e+10 
(HZLimMoistGreenhouse) Moist Greenhouse HZ Limit [m]: 1.099301e+10 
(HZLimMaxGreenhouse) Maximum Greenhouse HZ Limit [m]: 2.085631e+10 
(HZLimEarlyMars) Early Mars HZ Limit [m]: 2.274613e+10 
(Instellation) Orbit-averaged INcident STELLar radiATION [kg/sec^3]: -1.000000 
(CriticalSemiMajorAxis) Holman & Wiegert (1999) P-type Critical Semi-major Axis [m]: -1.000000 
(LXUVTot) Total XUV Luminosity [LSUN]: 1.182261e-06 
(LostEnergy) Body's Total Lost Energy [kg*m^2/sec^2]: 3.050728e+40 
(LostAngMom) Lost Angular Momentum due to Magnetic Braking [kg*m^2/sec]: 1.838938e+42 
(EscapeVelocity) Escape Velocity [m/sec]: 5.933907e+05 
----- STELLAR PARAMETERS (star)------
(Luminosity) Luminosity [LSUN]: 0.004673 
(LXUVStellar) Base X-ray/XUV Luminosity [LSUN]: 8.105823e-07 
(Temperature) Effective Temperature [K]: 3255.616879 
(LXUVFrac) Fraction of luminosity in XUV []: 0.000173 
(RossbyNumber) Rossby Number []: 1.446023 
(DRotPerDtStellar) Time Rate of Change of Rotation Period in STELLAR []: 1.652479e-11 
(WindTorque) Stellar Wind Torque []: 3.598396e+21 
----- FLARE PARAMETERS (star)------
(LXUVFlare) XUV Luminosity from flares [LSUN]: 3.716735e-07 
(FlareFreq1) First value of flare frequency range [/sec]: 5.746907e-07 
(FlareFreq2) Second value of flare frequency range [/sec]: 3.953644e-07 
(FlareFreq3) Third value of flare frequency range [/sec]: 2.719950e-07 
(FlareFreq4) Fourth value of flare frequency range [/sec]: 1.871218e-07 
(FlareFreqMin) Frequency of the flares with the lowest energy [/sec]: 5.746907e-07 
(FlareFreqMid) Frequency of the flares with the middle energy in the energy range [/sec]: 1.364797e-08 
(FlareFreqMax) Frequency of the flares with the highest energy [/sec]: 3.241170e-10 
(FlareEnergy1) First value of flare energy range [kg*m^2/sec^2]: 5.334000e+25 
(FlareEnergy2) Second value of flare energy range [kg*m^2/sec^2]: 7.534475e+25 
(FlareEnergy3) Third value of flare energy range [kg*m^2/sec^2]: 1.064273e+26 
(FlareEnergy4) Fourth value of flare energy range [kg*m^2/sec^2]: 1.503325e+26 
(FlareEnergyMin) Minimum flare energy [kg*m^2/sec^2]: 5.334000e+25 
(FlareEnergyMid) Middle flare energy in the range of energy values [kg*m^2/sec^2]: 1.686759e+27 
(FlareEnergyMax) Maximum flare energy [kg*m^2/sec^2]: 5.334000e+28 
(FlareYIntOUT) Instantaneous Davenport FFD y-intercept at current age and mass []: 34.136427 
(FlareSlopeOUT) Instantaneous Davenport FFD slope at current age and mass []: -1.082911 

Output Order: Time[year] Luminosity[LSUN] LXUVStellar[LSUN] LXUVFlare[LSUN] LXUVTot[LSUN]
Grid Output Order:

----- BODY: b ----
Active Modules: AtmEsc
Module Bit Sum: 9
Color: 000000
(Mass) Mass [kg]: 9.833248e+24 
(Radius) Radius [m]: 7.139713e+06 
(RadGyra) Radius of Gyration/Moment of Inertia Constant []: 0.500000 
(BodyType) Type of Body (0 == planet) []: 0.000000 
(Density) Average Density [kg/m^3]: 6450.094007 
(HZLimitDryRunaway) Semi-major axis of Dry Runaway HZ Limit [m]: 9.281931e+09 
(HZLimRecVenus) Recent Venus HZ Limit [m]: 8.308125e+09 
(HZLimRunaway) Runaway Greenhouse HZ Limit [m]: 1.096168e+10 
(HZLimMoistGreenhouse) Moist Greenhouse HZ Limit [m]: 1.099301e+10 
(HZLimMaxGreenhouse) Maximum Greenhouse HZ Limit [m]: 2.085631e+10 
(HZLimEarlyMars) Early Mars HZ Limit [m]: 2.274613e+10 
(Instellation) Orbit-averaged INcident STELLar radiATION [kg/sec^3]: 2.563435e+04 
(MeanMotion) Orbital Mean Motion [/sec]: 4.464279e-05 
(OrbPeriod) Orbital Period [sec]: 1.407436e+05 
(SemiMajorAxis) Semi-major Axis [m]: 2.362005e+09 
(LXUVTot) Total XUV Luminosity [kg/sec^3]: -1.000000 
(EscapeVelocity) Escape Velocity [m/sec]: 1.355893e+04 
----- ATMESC PARAMETERS (b)------
(SurfWaterMass) Surface water mass [kg]: 0.000000 
(EnvelopeMass) Envelope mass [kg]: 0.000000 
(OxygenMass) Oxygen mass in the atmosphere [kg]: 0.000000 
(RGLimit) Runaway greenhouse semi-major axis [m]: 1.050851e+10 
(XO) Atomic oxygen mixing ratio in upper atmosphere []: 0.000000 
(EtaO) Oxygen eta parameter (Luger and Barnes 2015) []: 0.000000 
(PlanetRadius) Planet radius [m]: 7.139713e+06 
(OxygenMantleMass) Mass of oxygen in mantle [kg]: 0.000000 
(RadXUV) XUV radius separating hydro. dyn. escape and equilibrium [m]: -1.000000 
(RadSolid) Radius to the solid surface [m]: -1.000000 
(PresXUV) Pressure at base of thermosphere [(null)]: 5.000000 
(ScaleHeight) Scale height in Lehmer & Catling (2016) model [m]: -1.000000 
(ThermTemp) Isothermal atmospheric temperature [K]: 400.000000 
(AtmGasConst) Atmospheric gas constant [(null)]: 4124.000000 
(PresSurf) Surface pressure due to atmosphere [Pa]: -1.000000 
(DEnvMassDt) Envelope Mass Loss Rate [kg/s]: 0.000000 
(FXUV) XUV flux [W/m^2]: 6.485628 
(AtmXAbsEffH2O) XUV atmospheric escape efficiency for H2O []: 0.300000 
(RocheRadius) Roche Lobe Radius [m]: 4.788095e+07 
(BondiRadius) Bondi Radius [m]: 6.006237e+08 
(HEscapeRegime) Integer flag for H envelope escape regime []: 8.000000 
(RRCriticalFlux) Critical XUV Flux that separates RR and energy-limited escape [W/m^2]: 62.826309 
(CrossoverMass) Crossover mass, defines oxygen is escaping if mc > mo [kg]: 0.000000 
(WaterEscapeRegime) What water escape regime the code is currently in []: 8.000000 
(FXUVCRITDRAG) Critical Drag XUV flux [W/m^2]: 0.514789 
(HREFFLUX) The Hydrogen Reference Flux (m^-2 s^-1) [m^-2 s^-1]: 4.096107e+18 
(XO2) Molecular oxygen mixing ratio in atmosphere []: 0.000000 
(XH2O) Water mixing ratio in upper atmosphere []: 0.000000 
(HDiffFlux) The Hydrogen Diffusion Flux (m^-2 s^-1) [m^-2 s^-1]: 2.493006e+17 
(HRefODragMod) Multiply by H ref flux to get flux with drag []: 1.000000 
(KTide) Mass loss enhancement due to stellar gravity []: 0.777987 
(CumulativeXUVFlux) Cumulative XUV flux [W/m^2]: 7.238822e+18 
(RunawayGreenhouseFlux) Incident flux that triggers runaway greenhouse [kg/sec^3]: 1295.089264 
(RGDuration) Runaway Greenhouse Duration [years]: 0.00000e+00

Output Order: Time[year] CumulativeXUVFlux[W/m^2]
Grid Output Order:
