-------- Log file gj1132.log -------

Executable: /home/vplanet/.local/bin/vplanet
Version: Unknown
System Name: gj1132
Primary Input File: vpl.in
Body File #1: star.in
Body File #2: b.in
Allow files to be overwitten: Yes
Mass Units: Grams
Length Units: Meters
Time Units: Seconds
Angle Units: Radians

------- FORMATTING -----
Verbosity Level: 5
Crossover Decade for Scientific Notation: 4
Number of Digits After Decimal: 6
Integration Method: Runge-Kutta4
Direction: Forward
Time Step: 3.155760e+07
Stop Time: 2.355341e+17
Output Interval: 3.155760e+13
Use Variable Timestep: Yes
dEta: 0.010000
Minimum Value of ecc and obl: 1.000000e-10


---- INITIAL SYSTEM PROPERTIES ----
(Age) System Age [sec]: 1.914804e+14 
(Time) Simulation Time [sec]: 0.000000 
(TotAngMom) Total Angular Momentum [kg*m^2/sec]: 1.339641e+42 
(TotEnergy) Total System Energy [kg*m^2/sec^2]: -1.221502e+40 
(PotEnergy) Body's non-orbital Potential Energy [kg*m^2/sec^2]: -1.226358e+40 
(KinEnergy) Body's non-orbital Kinetic Energy [kg*m^2/sec^2]: 4.862164e+37 
(DeltaTime) Average Timestep Over Last Output Interval [sec]: 0.000000 

----- BODY: star ----
Active Modules: FLARE STELLAR
Module Bit Sum: 577
Color: 000000
(Mass) Mass [kg]: 3.832895e+29 
(Radius) Radius [m]: 4.797247e+08 
(RadGyra) Radius of Gyration/Moment of Inertia Constant []: 0.456571 
(RotAngMom) Rotational Angular Momentum [kg*m^2/sec]: 1.337191e+42 
(RotVel) Rotational Velocity [m/sec]: 3.488657e+04 
(BodyType) Type of Body (0 == planet) []: 0.000000 
(RotRate) Rotational Frequency [/sec]: 7.272205e-05 
(RotPer) Rotational Period [sec]: 8.640000e+04 
(Density) Average Density [kg/m^3]: 828.823292 
(HZLimitDryRunaway) Semi-major axis of Dry Runaway HZ Limit [m]: 2.897000e+10 
(HZLimRecVenus) Recent Venus HZ Limit [m]: 2.595375e+10 
(HZLimRunaway) Runaway Greenhouse HZ Limit [m]: 3.422914e+10 
(HZLimMoistGreenhouse) Moist Greenhouse HZ Limit [m]: 3.434107e+10 
(HZLimMaxGreenhouse) Maximum Greenhouse HZ Limit [m]: 6.526659e+10 
(HZLimEarlyMars) Early Mars HZ Limit [m]: 7.118029e+10 
(Instellation) Orbit-averaged INcident STELLar radiATION [kg/sec^3]: -1.000000 
(CriticalSemiMajorAxis) Holman & Wiegert (1999) P-type Critical Semi-major Axis [m]: -1.000000 
(LXUVTot) Total XUV Luminosity [LSUN]: 5.187473e-05 
(LostEnergy) Body's Total Lost Energy [kg*m^2/sec^2]: 5.562685e-309 
(LostAngMom) Lost Angular Momentum due to Magnetic Braking [kg*m^2/sec]: 5.562685e-309 
(EscapeVelocity) Escape Velocity [m/sec]: 3.265762e+05 
----- STELLAR PARAMETERS (star)------
(Luminosity) Luminosity [LSUN]: 0.045520 
(LXUVStellar) Base X-ray/XUV Luminosity [LSUN]: 5.108872e-05 
(Temperature) Effective Temperature [K]: 3209.978424 
(LXUVFrac) Fraction of luminosity in XUV []: 0.001122 
(RossbyNumber) Rossby Number []: 0.016471 
(DRotPerDtStellar) Time Rate of Change of Rotation Period in STELLAR []: -1.259857e-10 
(WindTorque) Stellar Wind Torque []: 3.384455e+27 
----- FLARE PARAMETERS (star)------
(LXUVFlare) XUV Luminosity from flares [LSUN]: 7.860197e-07 
(FlareFreq1) First value of flare frequency range [/sec]: 3.282409e-05 
(FlareFreq2) Second value of flare frequency range [/sec]: 2.837047e-05 
(FlareFreq3) Third value of flare frequency range [/sec]: 2.452113e-05 
(FlareFreq4) Fourth value of flare frequency range [/sec]: 2.119407e-05 
(FlareFreqMin) Frequency of the flares with the lowest energy [/sec]: 3.282409e-05 
(FlareFreqMid) Frequency of the flares with the middle energy in the energy range [/sec]: 7.637151e-06 
(FlareFreqMax) Frequency of the flares with the highest energy [/sec]: 1.776929e-06 
(FlareEnergy1) First value of flare energy range [kg*m^2/sec^2]: 5.334000e+23 
(FlareEnergy2) Second value of flare energy range [kg*m^2/sec^2]: 6.715108e+23 
(FlareEnergy3) Third value of flare energy range [kg*m^2/sec^2]: 8.453820e+23 
(FlareEnergy4) Fourth value of flare energy range [kg*m^2/sec^2]: 1.064273e+24 
(FlareEnergyMin) Minimum flare energy [kg*m^2/sec^2]: 5.334000e+23 
(FlareEnergyMid) Middle flare energy in the range of energy values [kg*m^2/sec^2]: 5.334000e+24 
(FlareEnergyMax) Maximum flare energy [kg*m^2/sec^2]: 5.334000e+25 
(FlareYIntOUT) Instantaneous Davenport FFD y-intercept at current age and mass []: 19.910959 
(FlareSlopeOUT) Instantaneous Davenport FFD slope at current age and mass []: -0.633261 

Output Order: Time[year] Luminosity[LSUN] LXUVStellar[LSUN] LXUVFlare[LSUN] LXUVTot[LSUN]
Grid Output Order:

----- BODY: b ----
Active Modules: AtmEsc
Module Bit Sum: 9
Color: 000000
(Mass) Mass [kg]: 1.000988e+25 
(Radius) Radius [m]: 7.448354e+06 
(RadGyra) Radius of Gyration/Moment of Inertia Constant []: 0.500000 
(BodyType) Type of Body (0 == planet) []: 0.000000 
(Density) Average Density [kg/m^3]: 5783.078683 
(HZLimitDryRunaway) Semi-major axis of Dry Runaway HZ Limit [m]: 2.897166e+10 
(HZLimRecVenus) Recent Venus HZ Limit [m]: 2.595375e+10 
(HZLimRunaway) Runaway Greenhouse HZ Limit [m]: 3.422914e+10 
(HZLimMoistGreenhouse) Moist Greenhouse HZ Limit [m]: 3.434107e+10 
(HZLimMaxGreenhouse) Maximum Greenhouse HZ Limit [m]: 6.526659e+10 
(HZLimEarlyMars) Early Mars HZ Limit [m]: 7.118029e+10 
(Instellation) Orbit-averaged INcident STELLar radiATION [kg/sec^3]: 2.541456e+05 
(MeanMotion) Orbital Mean Motion [/sec]: 4.464375e-05 
(OrbPeriod) Orbital Period [sec]: 1.407405e+05 
(SemiMajorAxis) Semi-major Axis [m]: 2.341390e+09 
(LXUVTot) Total XUV Luminosity [kg/sec^3]: -1.000000 
(EscapeVelocity) Escape Velocity [m/sec]: 1.339373e+04 
----- ATMESC PARAMETERS (b)------
(SurfWaterMass) Surface water mass [kg]: 0.000000 
(EnvelopeMass) Envelope mass [kg]: 0.000000 
(OxygenMass) Oxygen mass in the atmosphere [kg]: 0.000000 
(RGLimit) Runaway greenhouse semi-major axis [m]: 3.279906e+10 
(XO) Atomic oxygen mixing ratio in upper atmosphere []: 0.000000 
(EtaO) Oxygen eta parameter (Luger and Barnes 2015) []: 0.000000 
(PlanetRadius) Planet radius [m]: 7.448354e+06 
(OxygenMantleMass) Mass of oxygen in mantle [kg]: 0.000000 
(RadXUV) XUV radius separating hydro. dyn. escape and equilibrium [m]: -1.000000 
(RadSolid) Radius to the solid surface [m]: -1.000000 
(PresXUV) Pressure at base of thermosphere [(null)]: 5.000000 
(ScaleHeight) Scale height in Lehmer & Catling (2016) model [m]: -1.000000 
(ThermTemp) Isothermal atmospheric temperature [K]: 400.000000 
(AtmGasConst) Atmospheric gas constant [(null)]: 4124.000000 
(PresSurf) Surface pressure due to atmosphere [Pa]: -1.000000 
(DEnvMassDt) Envelope Mass Loss Rate [kg/s]: 0.000000 
(FXUV) XUV flux [W/m^2]: 289.622737 
(AtmXAbsEffH2O) XUV atmospheric escape efficiency for H2O []: 0.300000 
(RocheRadius) Roche Lobe Radius [m]: 4.816526e+07 
(BondiRadius) Bondi Radius [m]: 3.473074e+08 
(HEscapeRegime) Integer flag for H envelope escape regime []: 8.000000 
(RRCriticalFlux) Critical XUV Flux that separates RR and energy-limited escape [W/m^2]: 56.153285 
(CrossoverMass) Crossover mass, defines oxygen is escaping if mc > mo [kg]: 0.000000 
(WaterEscapeRegime) What water escape regime the code is currently in []: 8.000000 
(FXUVCRITDRAG) Critical Drag XUV flux [W/m^2]: 0.469844 
(HREFFLUX) The Hydrogen Reference Flux (m^-2 s^-1) [m^-2 s^-1]: 1.894285e+20 
(XO2) Molecular oxygen mixing ratio in atmosphere []: 0.000000 
(XH2O) Water mixing ratio in upper atmosphere []: 0.000000 
(HDiffFlux) The Hydrogen Diffusion Flux (m^-2 s^-1) [m^-2 s^-1]: 2.331825e+17 
(HRefODragMod) Multiply by H ref flux to get flux with drag []: 1.000000 
(KTide) Mass loss enhancement due to stellar gravity []: 0.769887 
(CumulativeXUVFlux) Cumulative XUV flux [W/m^2]: 0.000000 
(RunawayGreenhouseFlux) Incident flux that triggers runaway greenhouse [kg/sec^3]: 1294.963313 
(RGDuration) Runaway Greenhouse Duration [years]: 0.00000e+00

Output Order: Time[year] CumulativeXUVFlux[W/m^2]
Grid Output Order:



---- FINAL SYSTEM PROPERTIES ----
(Age) System Age [sec]: 2.357374e+17 
(Time) Simulation Time [sec]: 2.355459e+17 
(TotAngMom) Total Angular Momentum [kg*m^2/sec]: 1.340691e+42 
(TotEnergy) Total System Energy [kg*m^2/sec^2]: -1.221189e+40 
(PotEnergy) Body's non-orbital Potential Energy [kg*m^2/sec^2]: -4.054074e+40 
(KinEnergy) Body's non-orbital Kinetic Energy [kg*m^2/sec^2]: 5.758949e+32 
(DeltaTime) Average Timestep Over Last Output Interval [sec]: 1.051920e+13 

----- BODY: star ----
Active Modules: FLARE STELLAR
Module Bit Sum: 577
Color: 000000
(Mass) Mass [kg]: 3.832895e+29 
(Radius) Radius [m]: 1.451168e+08 
(RadGyra) Radius of Gyration/Moment of Inertia Constant []: 0.460429 
(RotAngMom) Rotational Angular Momentum [kg*m^2/sec]: 1.403882e+39 
(RotVel) Rotational Velocity [m/sec]: 119.058509 
(BodyType) Type of Body (0 == planet) []: 0.000000 
(RotRate) Rotational Frequency [/sec]: 8.204321e-07 
(RotPer) Rotational Period [sec]: 7.658386e+06 
(Density) Average Density [kg/m^3]: 2.994228e+04 
(HZLimitDryRunaway) Semi-major axis of Dry Runaway HZ Limit [m]: 8.939030e+09 
(HZLimRecVenus) Recent Venus HZ Limit [m]: 8.003614e+09 
(HZLimRunaway) Runaway Greenhouse HZ Limit [m]: 1.055846e+10 
(HZLimMoistGreenhouse) Moist Greenhouse HZ Limit [m]: 1.059010e+10 
(HZLimMaxGreenhouse) Maximum Greenhouse HZ Limit [m]: 2.010361e+10 
(HZLimEarlyMars) Early Mars HZ Limit [m]: 2.192520e+10 
(Instellation) Orbit-averaged INcident STELLar radiATION [kg/sec^3]: -1.000000 
(CriticalSemiMajorAxis) Holman & Wiegert (1999) P-type Critical Semi-major Axis [m]: -1.000000 
(LXUVTot) Total XUV Luminosity [LSUN]: 7.794166e-07 
(LostEnergy) Body's Total Lost Energy [kg*m^2/sec^2]: 2.832890e+40 
(LostAngMom) Lost Angular Momentum due to Magnetic Braking [kg*m^2/sec]: 1.336837e+42 
(EscapeVelocity) Escape Velocity [m/sec]: 5.937748e+05 
----- STELLAR PARAMETERS (star)------
(Luminosity) Luminosity [LSUN]: 0.004334 
(LXUVStellar) Base X-ray/XUV Luminosity [LSUN]: 3.968248e-07 
(Temperature) Effective Temperature [K]: 3240.352216 
(LXUVFrac) Fraction of luminosity in XUV []: 9.156074e-05 
(RossbyNumber) Rossby Number []: 1.482867 
(DRotPerDtStellar) Time Rate of Change of Rotation Period in STELLAR []: 1.462494e-11 
(WindTorque) Stellar Wind Torque []: 2.680942e+21 
----- FLARE PARAMETERS (star)------
(LXUVFlare) XUV Luminosity from flares [LSUN]: 3.825901e-07 
(FlareFreq1) First value of flare frequency range [/sec]: 8.467457e-05 
(FlareFreq2) Second value of flare frequency range [/sec]: 6.587395e-05 
(FlareFreq3) Third value of flare frequency range [/sec]: 5.124771e-05 
(FlareFreq4) Fourth value of flare frequency range [/sec]: 3.986899e-05 
(FlareFreqMin) Frequency of the flares with the lowest energy [/sec]: 8.467457e-05 
(FlareFreqMid) Frequency of the flares with the middle energy in the energy range [/sec]: 6.876387e-06 
(FlareFreqMax) Frequency of the flares with the highest energy [/sec]: 5.584285e-07 
(FlareEnergy1) First value of flare energy range [kg*m^2/sec^2]: 5.334000e+23 
(FlareEnergy2) Second value of flare energy range [kg*m^2/sec^2]: 6.715108e+23 
(FlareEnergy3) Third value of flare energy range [kg*m^2/sec^2]: 8.453820e+23 
(FlareEnergy4) Fourth value of flare energy range [kg*m^2/sec^2]: 1.064273e+24 
(FlareEnergyMin) Minimum flare energy [kg*m^2/sec^2]: 5.334000e+23 
(FlareEnergyMid) Middle flare energy in the range of energy values [kg*m^2/sec^2]: 5.334000e+24 
(FlareEnergyMax) Maximum flare energy [kg*m^2/sec^2]: 5.334000e+25 
(FlareYIntOUT) Instantaneous Davenport FFD y-intercept at current age and mass []: 34.368821 
(FlareSlopeOUT) Instantaneous Davenport FFD slope at current age and mass []: -1.090393 

Output Order: Time[year] Luminosity[LSUN] LXUVStellar[LSUN] LXUVFlare[LSUN] LXUVTot[LSUN]
Grid Output Order:

----- BODY: b ----
Active Modules: AtmEsc
Module Bit Sum: 9
Color: 000000
(Mass) Mass [kg]: 1.000988e+25 
(Radius) Radius [m]: 7.448354e+06 
(RadGyra) Radius of Gyration/Moment of Inertia Constant []: 0.500000 
(BodyType) Type of Body (0 == planet) []: 0.000000 
(Density) Average Density [kg/m^3]: 5783.078683 
(HZLimitDryRunaway) Semi-major axis of Dry Runaway HZ Limit [m]: 8.939542e+09 
(HZLimRecVenus) Recent Venus HZ Limit [m]: 8.003614e+09 
(HZLimRunaway) Runaway Greenhouse HZ Limit [m]: 1.055846e+10 
(HZLimMoistGreenhouse) Moist Greenhouse HZ Limit [m]: 1.059010e+10 
(HZLimMaxGreenhouse) Maximum Greenhouse HZ Limit [m]: 2.010361e+10 
(HZLimEarlyMars) Early Mars HZ Limit [m]: 2.192520e+10 
(Instellation) Orbit-averaged INcident STELLar radiATION [kg/sec^3]: 2.419726e+04 
(MeanMotion) Orbital Mean Motion [/sec]: 4.464375e-05 
(OrbPeriod) Orbital Period [sec]: 1.407405e+05 
(SemiMajorAxis) Semi-major Axis [m]: 2.341390e+09 
(LXUVTot) Total XUV Luminosity [kg/sec^3]: -1.000000 
(EscapeVelocity) Escape Velocity [m/sec]: 1.339373e+04 
----- ATMESC PARAMETERS (b)------
(SurfWaterMass) Surface water mass [kg]: 0.000000 
(EnvelopeMass) Envelope mass [kg]: 0.000000 
(OxygenMass) Oxygen mass in the atmosphere [kg]: 0.000000 
(RGLimit) Runaway greenhouse semi-major axis [m]: 1.011745e+10 
(XO) Atomic oxygen mixing ratio in upper atmosphere []: 0.000000 
(EtaO) Oxygen eta parameter (Luger and Barnes 2015) []: 0.000000 
(PlanetRadius) Planet radius [m]: 7.448354e+06 
(OxygenMantleMass) Mass of oxygen in mantle [kg]: 0.000000 
(RadXUV) XUV radius separating hydro. dyn. escape and equilibrium [m]: -1.000000 
(RadSolid) Radius to the solid surface [m]: -1.000000 
(PresXUV) Pressure at base of thermosphere [(null)]: 5.000000 
(ScaleHeight) Scale height in Lehmer & Catling (2016) model [m]: -1.000000 
(ThermTemp) Isothermal atmospheric temperature [K]: 400.000000 
(AtmGasConst) Atmospheric gas constant [(null)]: 4124.000000 
(PresSurf) Surface pressure due to atmosphere [Pa]: -1.000000 
(DEnvMassDt) Envelope Mass Loss Rate [kg/s]: 0.000000 
(FXUV) XUV flux [W/m^2]: 4.351574 
(AtmXAbsEffH2O) XUV atmospheric escape efficiency for H2O []: 0.300000 
(RocheRadius) Roche Lobe Radius [m]: 4.816526e+07 
(BondiRadius) Bondi Radius [m]: 6.255487e+08 
(HEscapeRegime) Integer flag for H envelope escape regime []: 8.000000 
(RRCriticalFlux) Critical XUV Flux that separates RR and energy-limited escape [W/m^2]: 56.153285 
(CrossoverMass) Crossover mass, defines oxygen is escaping if mc > mo [kg]: 0.000000 
(WaterEscapeRegime) What water escape regime the code is currently in []: 8.000000 
(FXUVCRITDRAG) Critical Drag XUV flux [W/m^2]: 0.469844 
(HREFFLUX) The Hydrogen Reference Flux (m^-2 s^-1) [m^-2 s^-1]: 2.846158e+18 
(XO2) Molecular oxygen mixing ratio in atmosphere []: 0.000000 
(XH2O) Water mixing ratio in upper atmosphere []: 0.000000 
(HDiffFlux) The Hydrogen Diffusion Flux (m^-2 s^-1) [m^-2 s^-1]: 2.331825e+17 
(HRefODragMod) Multiply by H ref flux to get flux with drag []: 1.000000 
(KTide) Mass loss enhancement due to stellar gravity []: 0.769887 
(CumulativeXUVFlux) Cumulative XUV flux [W/m^2]: 2.573279e+18 
(RunawayGreenhouseFlux) Incident flux that triggers runaway greenhouse [kg/sec^3]: 1295.752173 
(RGDuration) Runaway Greenhouse Duration [years]: 0.00000e+00

Output Order: Time[year] CumulativeXUVFlux[W/m^2]
Grid Output Order:
