-------- Log file gj1132.log -------

Executable: /home/vplanet/.local/bin/vplanet
Version: Unknown
System Name: gj1132
Primary Input File: vpl.in
Body File #1: star.in
Body File #2: b.in
Allow files to be overwitten: Yes
Mass Units: Grams
Length Units: Meters
Time Units: Seconds
Angle Units: Radians

------- FORMATTING -----
Verbosity Level: 5
Crossover Decade for Scientific Notation: 4
Number of Digits After Decimal: 6
Integration Method: Runge-Kutta4
Direction: Forward
Time Step: 3.155760e+07
Stop Time: 2.186568e+17
Output Interval: 3.155760e+13
Use Variable Timestep: Yes
dEta: 0.010000
Minimum Value of ecc and obl: 1.000000e-10


---- INITIAL SYSTEM PROPERTIES ----
(Age) System Age [sec]: 1.950730e+14 
(Time) Simulation Time [sec]: 0.000000 
(TotAngMom) Total Angular Momentum [kg*m^2/sec]: 1.237546e+42 
(TotEnergy) Total System Energy [kg*m^2/sec^2]: -1.161072e+40 
(PotEnergy) Body's non-orbital Potential Energy [kg*m^2/sec^2]: -1.165558e+40 
(KinEnergy) Body's non-orbital Kinetic Energy [kg*m^2/sec^2]: 4.491431e+37 
(DeltaTime) Average Timestep Over Last Output Interval [sec]: 0.000000 

----- BODY: star ----
Active Modules: FLARE STELLAR
Module Bit Sum: 577
Color: 000000
(Mass) Mass [kg]: 3.695967e+29 
(Radius) Radius [m]: 4.693293e+08 
(RadGyra) Radius of Gyration/Moment of Inertia Constant []: 0.456772 
(RotAngMom) Rotational Angular Momentum [kg*m^2/sec]: 1.235232e+42 
(RotVel) Rotational Velocity [m/sec]: 3.413059e+04 
(BodyType) Type of Body (0 == planet) []: 0.000000 
(RotRate) Rotational Frequency [/sec]: 7.272205e-05 
(RotPer) Rotational Period [sec]: 8.640000e+04 
(Density) Average Density [kg/m^3]: 853.505693 
(HZLimitDryRunaway) Semi-major axis of Dry Runaway HZ Limit [m]: 2.818802e+10 
(HZLimRecVenus) Recent Venus HZ Limit [m]: 2.525744e+10 
(HZLimRunaway) Runaway Greenhouse HZ Limit [m]: 3.330821e+10 
(HZLimMoistGreenhouse) Moist Greenhouse HZ Limit [m]: 3.341974e+10 
(HZLimMaxGreenhouse) Maximum Greenhouse HZ Limit [m]: 6.353678e+10 
(HZLimEarlyMars) Early Mars HZ Limit [m]: 6.929371e+10 
(Instellation) Orbit-averaged INcident STELLar radiATION [kg/sec^3]: -1.000000 
(CriticalSemiMajorAxis) Holman & Wiegert (1999) P-type Critical Semi-major Axis [m]: -1.000000 
(LXUVTot) Total XUV Luminosity [LSUN]: 0.000263 
(LostEnergy) Body's Total Lost Energy [kg*m^2/sec^2]: 5.562685e-309 
(LostAngMom) Lost Angular Momentum due to Magnetic Braking [kg*m^2/sec]: 5.562685e-309 
(EscapeVelocity) Escape Velocity [m/sec]: 3.242219e+05 
----- STELLAR PARAMETERS (star)------
(Luminosity) Luminosity [LSUN]: 0.043096 
(LXUVStellar) Base X-ray/XUV Luminosity [LSUN]: 0.000252 
(Temperature) Effective Temperature [K]: 3201.204019 
(LXUVFrac) Fraction of luminosity in XUV []: 0.005856 
(RossbyNumber) Rossby Number []: 0.016397 
(DRotPerDtStellar) Time Rate of Change of Rotation Period in STELLAR []: -1.252340e-10 
(WindTorque) Stellar Wind Torque []: 3.085160e+27 
----- FLARE PARAMETERS (star)------
(LXUVFlare) XUV Luminosity from flares [LSUN]: 1.036685e-05 
(FlareFreq1) First value of flare frequency range [/sec]: 1.757242e-06 
(FlareFreq2) Second value of flare frequency range [/sec]: 1.408933e-06 
(FlareFreq3) Third value of flare frequency range [/sec]: 1.129664e-06 
(FlareFreq4) Fourth value of flare frequency range [/sec]: 9.057495e-07 
(FlareFreqMin) Frequency of the flares with the lowest energy [/sec]: 1.757242e-06 
(FlareFreqMid) Frequency of the flares with the middle energy in the energy range [/sec]: 1.929389e-07 
(FlareFreqMax) Frequency of the flares with the highest energy [/sec]: 2.118399e-08 
(FlareEnergy1) First value of flare energy range [kg*m^2/sec^2]: 5.334000e+25 
(FlareEnergy2) Second value of flare energy range [kg*m^2/sec^2]: 7.534475e+25 
(FlareEnergy3) Third value of flare energy range [kg*m^2/sec^2]: 1.064273e+26 
(FlareEnergy4) Fourth value of flare energy range [kg*m^2/sec^2]: 1.503325e+26 
(FlareEnergyMin) Minimum flare energy [kg*m^2/sec^2]: 5.334000e+25 
(FlareEnergyMid) Middle flare energy in the range of energy values [kg*m^2/sec^2]: 1.686759e+27 
(FlareEnergyMax) Maximum flare energy [kg*m^2/sec^2]: 5.334000e+28 
(FlareYIntOUT) Instantaneous Davenport FFD y-intercept at current age and mass []: 20.113829 
(FlareSlopeOUT) Instantaneous Davenport FFD slope at current age and mass []: -0.639608 

Output Order: Time[year] Luminosity[LSUN] LXUVStellar[LSUN] LXUVFlare[LSUN] LXUVTot[LSUN]
Grid Output Order:

----- BODY: b ----
Active Modules: AtmEsc
Module Bit Sum: 9
Color: 000000
(Mass) Mass [kg]: 9.685103e+24 
(Radius) Radius [m]: 7.264796e+06 
(RadGyra) Radius of Gyration/Moment of Inertia Constant []: 0.500000 
(BodyType) Type of Body (0 == planet) []: 0.000000 
(Density) Average Density [kg/m^3]: 6030.389103 
(HZLimitDryRunaway) Semi-major axis of Dry Runaway HZ Limit [m]: 2.818814e+10 
(HZLimRecVenus) Recent Venus HZ Limit [m]: 2.525744e+10 
(HZLimRunaway) Runaway Greenhouse HZ Limit [m]: 3.330821e+10 
(HZLimMoistGreenhouse) Moist Greenhouse HZ Limit [m]: 3.341974e+10 
(HZLimMaxGreenhouse) Maximum Greenhouse HZ Limit [m]: 6.353678e+10 
(HZLimEarlyMars) Early Mars HZ Limit [m]: 6.929371e+10 
(Instellation) Orbit-averaged INcident STELLar radiATION [kg/sec^3]: 2.465029e+05 
(MeanMotion) Orbital Mean Motion [/sec]: 4.464359e-05 
(OrbPeriod) Orbital Period [sec]: 1.407410e+05 
(SemiMajorAxis) Semi-major Axis [m]: 2.313175e+09 
(LXUVTot) Total XUV Luminosity [kg/sec^3]: -1.000000 
(EscapeVelocity) Escape Velocity [m/sec]: 1.334005e+04 
----- ATMESC PARAMETERS (b)------
(SurfWaterMass) Surface water mass [kg]: 0.000000 
(EnvelopeMass) Envelope mass [kg]: 0.000000 
(OxygenMass) Oxygen mass in the atmosphere [kg]: 0.000000 
(RGLimit) Runaway greenhouse semi-major axis [m]: 3.194167e+10 
(XO) Atomic oxygen mixing ratio in upper atmosphere []: 0.000000 
(EtaO) Oxygen eta parameter (Luger and Barnes 2015) []: 0.000000 
(PlanetRadius) Planet radius [m]: 7.264796e+06 
(OxygenMantleMass) Mass of oxygen in mantle [kg]: 0.000000 
(RadXUV) XUV radius separating hydro. dyn. escape and equilibrium [m]: -1.000000 
(RadSolid) Radius to the solid surface [m]: -1.000000 
(PresXUV) Pressure at base of thermosphere [(null)]: 5.000000 
(ScaleHeight) Scale height in Lehmer & Catling (2016) model [m]: -1.000000 
(ThermTemp) Isothermal atmospheric temperature [K]: 400.000000 
(AtmGasConst) Atmospheric gas constant [(null)]: 4124.000000 
(PresSurf) Surface pressure due to atmosphere [Pa]: -1.000000 
(DEnvMassDt) Envelope Mass Loss Rate [kg/s]: 0.000000 
(FXUV) XUV flux [W/m^2]: 1502.870612 
(AtmXAbsEffH2O) XUV atmospheric escape efficiency for H2O []: 0.300000 
(RocheRadius) Roche Lobe Radius [m]: 4.763873e+07 
(BondiRadius) Bondi Radius [m]: 3.427427e+08 
(HEscapeRegime) Integer flag for H envelope escape regime []: 8.000000 
(RRCriticalFlux) Critical XUV Flux that separates RR and energy-limited escape [W/m^2]: 57.117920 
(CrossoverMass) Crossover mass, defines oxygen is escaping if mc > mo [kg]: 0.000000 
(WaterEscapeRegime) What water escape regime the code is currently in []: 8.000000 
(FXUVCRITDRAG) Critical Drag XUV flux [W/m^2]: 0.474041 
(HREFFLUX) The Hydrogen Reference Flux (m^-2 s^-1) [m^-2 s^-1]: 9.868567e+20 
(XO2) Molecular oxygen mixing ratio in atmosphere []: 0.000000 
(XH2O) Water mixing ratio in upper atmosphere []: 0.000000 
(HDiffFlux) The Hydrogen Diffusion Flux (m^-2 s^-1) [m^-2 s^-1]: 2.371621e+17 
(HRefODragMod) Multiply by H ref flux to get flux with drag []: 1.000000 
(KTide) Mass loss enhancement due to stellar gravity []: 0.773027 
(CumulativeXUVFlux) Cumulative XUV flux [W/m^2]: 0.000000 
(RunawayGreenhouseFlux) Incident flux that triggers runaway greenhouse [kg/sec^3]: 1292.767597 
(RGDuration) Runaway Greenhouse Duration [years]: 0.00000e+00

Output Order: Time[year] CumulativeXUVFlux[W/m^2]
Grid Output Order:



---- FINAL SYSTEM PROPERTIES ----
(Age) System Age [sec]: 2.188545e+17 
(Time) Simulation Time [sec]: 2.186594e+17 
(TotAngMom) Total Angular Momentum [kg*m^2/sec]: 1.240289e+42 
(TotEnergy) Total System Energy [kg*m^2/sec^2]: -1.160726e+40 
(PotEnergy) Body's non-orbital Potential Energy [kg*m^2/sec^2]: -3.892402e+40 
(KinEnergy) Body's non-orbital Kinetic Energy [kg*m^2/sec^2]: 5.868774e+32 
(DeltaTime) Average Timestep Over Last Output Interval [sec]: 2.103840e+12 

----- BODY: star ----
Active Modules: FLARE STELLAR
Module Bit Sum: 577
Color: 000000
(Mass) Mass [kg]: 3.695967e+29 
(Radius) Radius [m]: 1.405381e+08 
(RadGyra) Radius of Gyration/Moment of Inertia Constant []: 0.460662 
(RotAngMom) Rotational Angular Momentum [kg*m^2/sec]: 1.348431e+39 
(RotVel) Rotational Velocity [m/sec]: 122.332708 
(BodyType) Type of Body (0 == planet) []: 0.000000 
(RotRate) Rotational Frequency [/sec]: 8.704595e-07 
(RotPer) Rotational Period [sec]: 7.218239e+06 
(Density) Average Density [kg/m^3]: 3.178758e+04 
(HZLimitDryRunaway) Semi-major axis of Dry Runaway HZ Limit [m]: 8.584152e+09 
(HZLimRecVenus) Recent Venus HZ Limit [m]: 7.688279e+09 
(HZLimRunaway) Runaway Greenhouse HZ Limit [m]: 1.014100e+10 
(HZLimMoistGreenhouse) Moist Greenhouse HZ Limit [m]: 1.017286e+10 
(HZLimMaxGreenhouse) Maximum Greenhouse HZ Limit [m]: 1.932340e+10 
(HZLimEarlyMars) Early Mars HZ Limit [m]: 2.107428e+10 
(Instellation) Orbit-averaged INcident STELLar radiATION [kg/sec^3]: -1.000000 
(CriticalSemiMajorAxis) Holman & Wiegert (1999) P-type Critical Semi-major Axis [m]: -1.000000 
(LXUVTot) Total XUV Luminosity [LSUN]: 1.486947e-06 
(LostEnergy) Body's Total Lost Energy [kg*m^2/sec^2]: 2.731681e+40 
(LostAngMom) Lost Angular Momentum due to Magnetic Braking [kg*m^2/sec]: 1.236627e+42 
(EscapeVelocity) Escape Velocity [m/sec]: 5.924944e+05 
----- STELLAR PARAMETERS (star)------
(Luminosity) Luminosity [LSUN]: 0.003997 
(LXUVStellar) Base X-ray/XUV Luminosity [LSUN]: 1.139360e-06 
(Temperature) Effective Temperature [K]: 3224.263758 
(LXUVFrac) Fraction of luminosity in XUV []: 0.000285 
(RossbyNumber) Rossby Number []: 1.386173 
(DRotPerDtStellar) Time Rate of Change of Rotation Period in STELLAR []: 2.505272e-11 
(WindTorque) Stellar Wind Torque []: 3.112357e+21 
----- FLARE PARAMETERS (star)------
(LXUVFlare) XUV Luminosity from flares [LSUN]: 3.475842e-07 
(FlareFreq1) First value of flare frequency range [/sec]: 5.619098e-07 
(FlareFreq2) Second value of flare frequency range [/sec]: 3.851564e-07 
(FlareFreq3) Third value of flare frequency range [/sec]: 2.640023e-07 
(FlareFreq4) Fourth value of flare frequency range [/sec]: 1.809581e-07 
(FlareFreqMin) Frequency of the flares with the lowest energy [/sec]: 5.619098e-07 
(FlareFreqMid) Frequency of the flares with the middle energy in the energy range [/sec]: 1.286387e-08 
(FlareFreqMax) Frequency of the flares with the highest energy [/sec]: 2.944941e-10 
(FlareEnergy1) First value of flare energy range [kg*m^2/sec^2]: 5.334000e+25 
(FlareEnergy2) Second value of flare energy range [kg*m^2/sec^2]: 7.534475e+25 
(FlareEnergy3) Third value of flare energy range [kg*m^2/sec^2]: 1.064273e+26 
(FlareEnergy4) Fourth value of flare energy range [kg*m^2/sec^2]: 1.503325e+26 
(FlareEnergyMin) Minimum flare energy [kg*m^2/sec^2]: 5.334000e+25 
(FlareEnergyMid) Middle flare energy in the range of energy values [kg*m^2/sec^2]: 1.686759e+27 
(FlareEnergyMax) Maximum flare energy [kg*m^2/sec^2]: 5.334000e+28 
(FlareYIntOUT) Instantaneous Davenport FFD y-intercept at current age and mass []: 34.474195 
(FlareSlopeOUT) Instantaneous Davenport FFD slope at current age and mass []: -1.093530 

Output Order: Time[year] Luminosity[LSUN] LXUVStellar[LSUN] LXUVFlare[LSUN] LXUVTot[LSUN]
Grid Output Order:

----- BODY: b ----
Active Modules: AtmEsc
Module Bit Sum: 9
Color: 000000
(Mass) Mass [kg]: 9.685103e+24 
(Radius) Radius [m]: 7.264796e+06 
(RadGyra) Radius of Gyration/Moment of Inertia Constant []: 0.500000 
(BodyType) Type of Body (0 == planet) []: 0.000000 
(Density) Average Density [kg/m^3]: 6030.389103 
(HZLimitDryRunaway) Semi-major axis of Dry Runaway HZ Limit [m]: 8.584186e+09 
(HZLimRecVenus) Recent Venus HZ Limit [m]: 7.688279e+09 
(HZLimRunaway) Runaway Greenhouse HZ Limit [m]: 1.014100e+10 
(HZLimMoistGreenhouse) Moist Greenhouse HZ Limit [m]: 1.017286e+10 
(HZLimMaxGreenhouse) Maximum Greenhouse HZ Limit [m]: 1.932340e+10 
(HZLimEarlyMars) Early Mars HZ Limit [m]: 2.107428e+10 
(Instellation) Orbit-averaged INcident STELLar radiATION [kg/sec^3]: 2.286060e+04 
(MeanMotion) Orbital Mean Motion [/sec]: 4.464359e-05 
(OrbPeriod) Orbital Period [sec]: 1.407410e+05 
(SemiMajorAxis) Semi-major Axis [m]: 2.313175e+09 
(LXUVTot) Total XUV Luminosity [kg/sec^3]: -1.000000 
(EscapeVelocity) Escape Velocity [m/sec]: 1.334005e+04 
----- ATMESC PARAMETERS (b)------
(SurfWaterMass) Surface water mass [kg]: 0.000000 
(EnvelopeMass) Envelope mass [kg]: 0.000000 
(OxygenMass) Oxygen mass in the atmosphere [kg]: 0.000000 
(RGLimit) Runaway greenhouse semi-major axis [m]: 9.725017e+09 
(XO) Atomic oxygen mixing ratio in upper atmosphere []: 0.000000 
(EtaO) Oxygen eta parameter (Luger and Barnes 2015) []: 0.000000 
(PlanetRadius) Planet radius [m]: 7.264796e+06 
(OxygenMantleMass) Mass of oxygen in mantle [kg]: 0.000000 
(RadXUV) XUV radius separating hydro. dyn. escape and equilibrium [m]: -1.000000 
(RadSolid) Radius to the solid surface [m]: -1.000000 
(PresXUV) Pressure at base of thermosphere [(null)]: 5.000000 
(ScaleHeight) Scale height in Lehmer & Catling (2016) model [m]: -1.000000 
(ThermTemp) Isothermal atmospheric temperature [K]: 400.000000 
(AtmGasConst) Atmospheric gas constant [(null)]: 4124.000000 
(PresSurf) Surface pressure due to atmosphere [Pa]: -1.000000 
(DEnvMassDt) Envelope Mass Loss Rate [kg/s]: 0.000000 
(FXUV) XUV flux [W/m^2]: 8.505101 
(AtmXAbsEffH2O) XUV atmospheric escape efficiency for H2O []: 0.300000 
(RocheRadius) Roche Lobe Radius [m]: 4.763873e+07 
(BondiRadius) Bondi Radius [m]: 6.218604e+08 
(HEscapeRegime) Integer flag for H envelope escape regime []: 8.000000 
(RRCriticalFlux) Critical XUV Flux that separates RR and energy-limited escape [W/m^2]: 57.117920 
(CrossoverMass) Crossover mass, defines oxygen is escaping if mc > mo [kg]: 0.000000 
(WaterEscapeRegime) What water escape regime the code is currently in []: 8.000000 
(FXUVCRITDRAG) Critical Drag XUV flux [W/m^2]: 0.474041 
(HREFFLUX) The Hydrogen Reference Flux (m^-2 s^-1) [m^-2 s^-1]: 5.584856e+18 
(XO2) Molecular oxygen mixing ratio in atmosphere []: 0.000000 
(XH2O) Water mixing ratio in upper atmosphere []: 0.000000 
(HDiffFlux) The Hydrogen Diffusion Flux (m^-2 s^-1) [m^-2 s^-1]: 2.371621e+17 
(HRefODragMod) Multiply by H ref flux to get flux with drag []: 1.000000 
(KTide) Mass loss enhancement due to stellar gravity []: 0.773027 
(CumulativeXUVFlux) Cumulative XUV flux [W/m^2]: 9.668455e+18 
(RunawayGreenhouseFlux) Incident flux that triggers runaway greenhouse [kg/sec^3]: 1293.363147 
(RGDuration) Runaway Greenhouse Duration [years]: 0.00000e+00

Output Order: Time[year] CumulativeXUVFlux[W/m^2]
Grid Output Order:
