-------- Log file gj1132.log -------

Executable: /home/vplanet/.local/bin/vplanet
Version: Unknown
System Name: gj1132
Primary Input File: vpl.in
Body File #1: star.in
Body File #2: b.in
Allow files to be overwitten: Yes
Mass Units: Grams
Length Units: Meters
Time Units: Seconds
Angle Units: Radians

------- FORMATTING -----
Verbosity Level: 5
Crossover Decade for Scientific Notation: 4
Number of Digits After Decimal: 6
Integration Method: Runge-Kutta4
Direction: Forward
Time Step: 3.155760e+07
Stop Time: 2.146702e+17
Output Interval: 3.155760e+13
Use Variable Timestep: Yes
dEta: 0.010000
Minimum Value of ecc and obl: 1.000000e-10


---- INITIAL SYSTEM PROPERTIES ----
(Age) System Age [sec]: 1.131058e+14 
(Time) Simulation Time [sec]: 0.000000 
(TotAngMom) Total Angular Momentum [kg*m^2/sec]: 1.973778e+42 
(TotEnergy) Total System Energy [kg*m^2/sec^2]: -9.927692e+39 
(PotEnergy) Body's non-orbital Potential Energy [kg*m^2/sec^2]: -9.999317e+39 
(KinEnergy) Body's non-orbital Kinetic Energy [kg*m^2/sec^2]: 7.167995e+37 
(DeltaTime) Average Timestep Over Last Output Interval [sec]: 0.000000 

----- BODY: star ----
Active Modules: FLARE STELLAR
Module Bit Sum: 577
Color: 000000
(Mass) Mass [kg]: 3.826383e+29 
(Radius) Radius [m]: 5.863571e+08 
(RadGyra) Radius of Gyration/Moment of Inertia Constant []: 0.453933 
(RotAngMom) Rotational Angular Momentum [kg*m^2/sec]: 1.971340e+42 
(RotVel) Rotational Velocity [m/sec]: 4.264110e+04 
(BodyType) Type of Body (0 == planet) []: 0.000000 
(RotRate) Rotational Frequency [/sec]: 7.272205e-05 
(RotPer) Rotational Period [sec]: 8.640000e+04 
(Density) Average Density [kg/m^3]: 453.119923 
(HZLimitDryRunaway) Semi-major axis of Dry Runaway HZ Limit [m]: 3.460373e+10 
(HZLimRecVenus) Recent Venus HZ Limit [m]: 3.102187e+10 
(HZLimRunaway) Runaway Greenhouse HZ Limit [m]: 4.090036e+10 
(HZLimMoistGreenhouse) Moist Greenhouse HZ Limit [m]: 4.104704e+10 
(HZLimMaxGreenhouse) Maximum Greenhouse HZ Limit [m]: 7.811675e+10 
(HZLimEarlyMars) Early Mars HZ Limit [m]: 8.519461e+10 
(Instellation) Orbit-averaged INcident STELLar radiATION [kg/sec^3]: -1.000000 
(CriticalSemiMajorAxis) Holman & Wiegert (1999) P-type Critical Semi-major Axis [m]: -1.000000 
(LXUVTot) Total XUV Luminosity [LSUN]: 5.876424e-05 
(LostEnergy) Body's Total Lost Energy [kg*m^2/sec^2]: 5.562685e-309 
(LostAngMom) Lost Angular Momentum due to Magnetic Braking [kg*m^2/sec]: 5.562685e-309 
(EscapeVelocity) Escape Velocity [m/sec]: 2.951415e+05 
----- STELLAR PARAMETERS (star)------
(Luminosity) Luminosity [LSUN]: 0.064946 
(LXUVStellar) Base X-ray/XUV Luminosity [LSUN]: 5.792297e-05 
(Temperature) Effective Temperature [K]: 3174.523115 
(LXUVFrac) Fraction of luminosity in XUV []: 0.000892 
(RossbyNumber) Rossby Number []: 0.016175 
(DRotPerDtStellar) Time Rate of Change of Rotation Period in STELLAR []: -1.602775e-10 
(WindTorque) Stellar Wind Torque []: 9.882991e+27 
----- FLARE PARAMETERS (star)------
(LXUVFlare) XUV Luminosity from flares [LSUN]: 8.412688e-07 
(FlareFreq1) First value of flare frequency range [/sec]: 3.082810e-05 
(FlareFreq2) Second value of flare frequency range [/sec]: 2.684554e-05 
(FlareFreq3) Third value of flare frequency range [/sec]: 2.337746e-05 
(FlareFreq4) Fourth value of flare frequency range [/sec]: 2.035742e-05 
(FlareFreqMin) Frequency of the flares with the lowest energy [/sec]: 3.082810e-05 
(FlareFreqMid) Frequency of the flares with the middle energy in the energy range [/sec]: 7.730359e-06 
(FlareFreqMax) Frequency of the flares with the highest energy [/sec]: 1.938441e-06 
(FlareEnergy1) First value of flare energy range [kg*m^2/sec^2]: 5.334000e+23 
(FlareEnergy2) Second value of flare energy range [kg*m^2/sec^2]: 6.715108e+23 
(FlareEnergy3) Third value of flare energy range [kg*m^2/sec^2]: 8.453820e+23 
(FlareEnergy4) Fourth value of flare energy range [kg*m^2/sec^2]: 1.064273e+24 
(FlareEnergyMin) Minimum flare energy [kg*m^2/sec^2]: 5.334000e+23 
(FlareEnergyMid) Middle flare energy in the range of energy values [kg*m^2/sec^2]: 5.334000e+24 
(FlareEnergyMax) Maximum flare energy [kg*m^2/sec^2]: 5.334000e+25 
(FlareYIntOUT) Instantaneous Davenport FFD y-intercept at current age and mass []: 18.884650 
(FlareSlopeOUT) Instantaneous Davenport FFD slope at current age and mass []: -0.600747 

Output Order: Time[year] Luminosity[LSUN] LXUVStellar[LSUN] LXUVFlare[LSUN] LXUVTot[LSUN]
Grid Output Order:

----- BODY: b ----
Active Modules: AtmEsc
Module Bit Sum: 9
Color: 000000
(Mass) Mass [kg]: 9.972070e+24 
(Radius) Radius [m]: 7.378526e+06 
(RadGyra) Radius of Gyration/Moment of Inertia Constant []: 0.500000 
(BodyType) Type of Body (0 == planet) []: 0.000000 
(Density) Average Density [kg/m^3]: 5926.357155 
(HZLimitDryRunaway) Semi-major axis of Dry Runaway HZ Limit [m]: 3.460432e+10 
(HZLimRecVenus) Recent Venus HZ Limit [m]: 3.102187e+10 
(HZLimRunaway) Runaway Greenhouse HZ Limit [m]: 4.090036e+10 
(HZLimMoistGreenhouse) Moist Greenhouse HZ Limit [m]: 4.104704e+10 
(HZLimMaxGreenhouse) Maximum Greenhouse HZ Limit [m]: 7.811675e+10 
(HZLimEarlyMars) Early Mars HZ Limit [m]: 8.519461e+10 
(Instellation) Orbit-averaged INcident STELLar radiATION [kg/sec^3]: 3.630019e+05 
(MeanMotion) Orbital Mean Motion [/sec]: 4.464397e-05 
(OrbPeriod) Orbital Period [sec]: 1.407398e+05 
(SemiMajorAxis) Semi-major Axis [m]: 2.340056e+09 
(LXUVTot) Total XUV Luminosity [kg/sec^3]: -1.000000 
(EscapeVelocity) Escape Velocity [m/sec]: 1.343152e+04 
----- ATMESC PARAMETERS (b)------
(SurfWaterMass) Surface water mass [kg]: 0.000000 
(EnvelopeMass) Envelope mass [kg]: 0.000000 
(OxygenMass) Oxygen mass in the atmosphere [kg]: 0.000000 
(RGLimit) Runaway greenhouse semi-major axis [m]: 3.919539e+10 
(XO) Atomic oxygen mixing ratio in upper atmosphere []: 0.000000 
(EtaO) Oxygen eta parameter (Luger and Barnes 2015) []: 0.000000 
(PlanetRadius) Planet radius [m]: 7.378526e+06 
(OxygenMantleMass) Mass of oxygen in mantle [kg]: 0.000000 
(RadXUV) XUV radius separating hydro. dyn. escape and equilibrium [m]: -1.000000 
(RadSolid) Radius to the solid surface [m]: -1.000000 
(PresXUV) Pressure at base of thermosphere [(null)]: 5.000000 
(ScaleHeight) Scale height in Lehmer & Catling (2016) model [m]: -1.000000 
(ThermTemp) Isothermal atmospheric temperature [K]: 400.000000 
(AtmGasConst) Atmospheric gas constant [(null)]: 4124.000000 
(PresSurf) Surface pressure due to atmosphere [Pa]: -1.000000 
(DEnvMassDt) Envelope Mass Loss Rate [kg/s]: 0.000000 
(FXUV) XUV flux [W/m^2]: 328.448702 
(AtmXAbsEffH2O) XUV atmospheric escape efficiency for H2O []: 0.300000 
(RocheRadius) Roche Lobe Radius [m]: 4.810439e+07 
(BondiRadius) Bondi Radius [m]: 3.165432e+08 
(HEscapeRegime) Integer flag for H envelope escape regime []: 8.000000 
(RRCriticalFlux) Critical XUV Flux that separates RR and energy-limited escape [W/m^2]: 57.601394 
(CrossoverMass) Crossover mass, defines oxygen is escaping if mc > mo [kg]: 0.000000 
(WaterEscapeRegime) What water escape regime the code is currently in []: 8.000000 
(FXUVCRITDRAG) Critical Drag XUV flux [W/m^2]: 0.479666 
(HREFFLUX) The Hydrogen Reference Flux (m^-2 s^-1) [m^-2 s^-1]: 2.131065e+20 
(XO2) Molecular oxygen mixing ratio in atmosphere []: 0.000000 
(XH2O) Water mixing ratio in upper atmosphere []: 0.000000 
(HDiffFlux) The Hydrogen Diffusion Flux (m^-2 s^-1) [m^-2 s^-1]: 2.367194e+17 
(HRefODragMod) Multiply by H ref flux to get flux with drag []: 1.000000 
(KTide) Mass loss enhancement due to stellar gravity []: 0.771726 
(CumulativeXUVFlux) Cumulative XUV flux [W/m^2]: 0.000000 
(RunawayGreenhouseFlux) Incident flux that triggers runaway greenhouse [kg/sec^3]: 1293.827477 
(RGDuration) Runaway Greenhouse Duration [years]: 0.00000e+00

Output Order: Time[year] CumulativeXUVFlux[W/m^2]
Grid Output Order:



---- FINAL SYSTEM PROPERTIES ----
(Age) System Age [sec]: 2.147995e+17 
(Time) Simulation Time [sec]: 2.146864e+17 
(TotAngMom) Total Angular Momentum [kg*m^2/sec]: 1.977626e+42 
(TotEnergy) Total System Energy [kg*m^2/sec^2]: -9.920922e+39 
(PotEnergy) Body's non-orbital Potential Energy [kg*m^2/sec^2]: -4.066215e+40 
(KinEnergy) Body's non-orbital Kinetic Energy [kg*m^2/sec^2]: 6.411974e+32 
(DeltaTime) Average Timestep Over Last Output Interval [sec]: 1.577880e+13 

----- BODY: star ----
Active Modules: FLARE STELLAR
Module Bit Sum: 577
Color: 000000
(Mass) Mass [kg]: 3.826383e+29 
(Radius) Radius [m]: 1.441924e+08 
(RadGyra) Radius of Gyration/Moment of Inertia Constant []: 0.460439 
(RotAngMom) Rotational Angular Momentum [kg*m^2/sec]: 1.470683e+39 
(RotVel) Rotational Velocity [m/sec]: 125.731719 
(BodyType) Type of Body (0 == planet) []: 0.000000 
(RotRate) Rotational Frequency [/sec]: 8.719722e-07 
(RotPer) Rotational Period [sec]: 7.205718e+06 
(Density) Average Density [kg/m^3]: 3.047005e+04 
(HZLimitDryRunaway) Semi-major axis of Dry Runaway HZ Limit [m]: 8.910434e+09 
(HZLimRecVenus) Recent Venus HZ Limit [m]: 7.978144e+09 
(HZLimRunaway) Runaway Greenhouse HZ Limit [m]: 1.052477e+10 
(HZLimMoistGreenhouse) Moist Greenhouse HZ Limit [m]: 1.055639e+10 
(HZLimMaxGreenhouse) Maximum Greenhouse HZ Limit [m]: 2.004028e+10 
(HZLimEarlyMars) Early Mars HZ Limit [m]: 2.185614e+10 
(Instellation) Orbit-averaged INcident STELLar radiATION [kg/sec^3]: -1.000000 
(CriticalSemiMajorAxis) Holman & Wiegert (1999) P-type Critical Semi-major Axis [m]: -1.000000 
(LXUVTot) Total XUV Luminosity [LSUN]: 4.966867e-07 
(LostEnergy) Body's Total Lost Energy [kg*m^2/sec^2]: 3.074128e+40 
(LostAngMom) Lost Angular Momentum due to Magnetic Braking [kg*m^2/sec]: 1.973718e+42 
(EscapeVelocity) Escape Velocity [m/sec]: 5.951690e+05 
----- STELLAR PARAMETERS (star)------
(Luminosity) Luminosity [LSUN]: 0.004306 
(LXUVStellar) Base X-ray/XUV Luminosity [LSUN]: 1.106016e-07 
(Temperature) Effective Temperature [K]: 3239.497965 
(LXUVFrac) Fraction of luminosity in XUV []: 2.568355e-05 
(RossbyNumber) Rossby Number []: 1.394608 
(DRotPerDtStellar) Time Rate of Change of Rotation Period in STELLAR []: 1.780917e-11 
(WindTorque) Stellar Wind Torque []: 3.517843e+21 
----- FLARE PARAMETERS (star)------
(LXUVFlare) XUV Luminosity from flares [LSUN]: 3.860806e-07 
(FlareFreq1) First value of flare frequency range [/sec]: 8.401198e-05 
(FlareFreq2) Second value of flare frequency range [/sec]: 6.543598e-05 
(FlareFreq3) Third value of flare frequency range [/sec]: 5.096735e-05 
(FlareFreq4) Fourth value of flare frequency range [/sec]: 3.969790e-05 
(FlareFreqMin) Frequency of the flares with the lowest energy [/sec]: 8.401198e-05 
(FlareFreqMid) Frequency of the flares with the middle energy in the energy range [/sec]: 6.903915e-06 
(FlareFreqMax) Frequency of the flares with the highest energy [/sec]: 5.673482e-07 
(FlareEnergy1) First value of flare energy range [kg*m^2/sec^2]: 5.334000e+23 
(FlareEnergy2) Second value of flare energy range [kg*m^2/sec^2]: 6.715108e+23 
(FlareEnergy3) Third value of flare energy range [kg*m^2/sec^2]: 8.453820e+23 
(FlareEnergy4) Fourth value of flare energy range [kg*m^2/sec^2]: 1.064273e+24 
(FlareEnergyMin) Minimum flare energy [kg*m^2/sec^2]: 5.334000e+23 
(FlareEnergyMid) Middle flare energy in the range of energy values [kg*m^2/sec^2]: 5.334000e+24 
(FlareEnergyMax) Maximum flare energy [kg*m^2/sec^2]: 5.334000e+25 
(FlareYIntOUT) Instantaneous Davenport FFD y-intercept at current age and mass []: 34.207260 
(FlareSlopeOUT) Instantaneous Davenport FFD slope at current age and mass []: -1.085246 

Output Order: Time[year] Luminosity[LSUN] LXUVStellar[LSUN] LXUVFlare[LSUN] LXUVTot[LSUN]
Grid Output Order:

----- BODY: b ----
Active Modules: AtmEsc
Module Bit Sum: 9
Color: 000000
(Mass) Mass [kg]: 9.972070e+24 
(Radius) Radius [m]: 7.378526e+06 
(RadGyra) Radius of Gyration/Moment of Inertia Constant []: 0.500000 
(BodyType) Type of Body (0 == planet) []: 0.000000 
(Density) Average Density [kg/m^3]: 5926.357155 
(HZLimitDryRunaway) Semi-major axis of Dry Runaway HZ Limit [m]: 8.910587e+09 
(HZLimRecVenus) Recent Venus HZ Limit [m]: 7.978144e+09 
(HZLimRunaway) Runaway Greenhouse HZ Limit [m]: 1.052477e+10 
(HZLimMoistGreenhouse) Moist Greenhouse HZ Limit [m]: 1.055639e+10 
(HZLimMaxGreenhouse) Maximum Greenhouse HZ Limit [m]: 2.004028e+10 
(HZLimEarlyMars) Early Mars HZ Limit [m]: 2.185614e+10 
(Instellation) Orbit-averaged INcident STELLar radiATION [kg/sec^3]: 2.406916e+04 
(MeanMotion) Orbital Mean Motion [/sec]: 4.464397e-05 
(OrbPeriod) Orbital Period [sec]: 1.407398e+05 
(SemiMajorAxis) Semi-major Axis [m]: 2.340056e+09 
(LXUVTot) Total XUV Luminosity [kg/sec^3]: -1.000000 
(EscapeVelocity) Escape Velocity [m/sec]: 1.343152e+04 
----- ATMESC PARAMETERS (b)------
(SurfWaterMass) Surface water mass [kg]: 0.000000 
(EnvelopeMass) Envelope mass [kg]: 0.000000 
(OxygenMass) Oxygen mass in the atmosphere [kg]: 0.000000 
(RGLimit) Runaway greenhouse semi-major axis [m]: 1.008625e+10 
(XO) Atomic oxygen mixing ratio in upper atmosphere []: 0.000000 
(EtaO) Oxygen eta parameter (Luger and Barnes 2015) []: 0.000000 
(PlanetRadius) Planet radius [m]: 7.378526e+06 
(OxygenMantleMass) Mass of oxygen in mantle [kg]: 0.000000 
(RadXUV) XUV radius separating hydro. dyn. escape and equilibrium [m]: -1.000000 
(RadSolid) Radius to the solid surface [m]: -1.000000 
(PresXUV) Pressure at base of thermosphere [(null)]: 5.000000 
(ScaleHeight) Scale height in Lehmer & Catling (2016) model [m]: -1.000000 
(ThermTemp) Isothermal atmospheric temperature [K]: 400.000000 
(AtmGasConst) Atmospheric gas constant [(null)]: 4124.000000 
(PresSurf) Surface pressure due to atmosphere [Pa]: -1.000000 
(DEnvMassDt) Envelope Mass Loss Rate [kg/s]: 0.000000 
(FXUV) XUV flux [W/m^2]: 2.776112 
(AtmXAbsEffH2O) XUV atmospheric escape efficiency for H2O []: 0.300000 
(RocheRadius) Roche Lobe Radius [m]: 4.810439e+07 
(BondiRadius) Bondi Radius [m]: 6.255238e+08 
(HEscapeRegime) Integer flag for H envelope escape regime []: 8.000000 
(RRCriticalFlux) Critical XUV Flux that separates RR and energy-limited escape [W/m^2]: 57.601394 
(CrossoverMass) Crossover mass, defines oxygen is escaping if mc > mo [kg]: 0.000000 
(WaterEscapeRegime) What water escape regime the code is currently in []: 8.000000 
(FXUVCRITDRAG) Critical Drag XUV flux [W/m^2]: 0.479666 
(HREFFLUX) The Hydrogen Reference Flux (m^-2 s^-1) [m^-2 s^-1]: 1.801217e+18 
(XO2) Molecular oxygen mixing ratio in atmosphere []: 0.000000 
(XH2O) Water mixing ratio in upper atmosphere []: 0.000000 
(HDiffFlux) The Hydrogen Diffusion Flux (m^-2 s^-1) [m^-2 s^-1]: 2.367194e+17 
(HRefODragMod) Multiply by H ref flux to get flux with drag []: 1.000000 
(KTide) Mass loss enhancement due to stellar gravity []: 0.771726 
(CumulativeXUVFlux) Cumulative XUV flux [W/m^2]: 1.571145e+18 
(RunawayGreenhouseFlux) Incident flux that triggers runaway greenhouse [kg/sec^3]: 1295.503817 
(RGDuration) Runaway Greenhouse Duration [years]: 0.00000e+00

Output Order: Time[year] CumulativeXUVFlux[W/m^2]
Grid Output Order:
