-------- Log file gj1132.log -------

Executable: /home/vplanet/.local/bin/vplanet
Version: Unknown
System Name: gj1132
Primary Input File: vpl.in
Body File #1: star.in
Body File #2: b.in
Allow files to be overwitten: Yes
Mass Units: Grams
Length Units: Meters
Time Units: Seconds
Angle Units: Radians

------- FORMATTING -----
Verbosity Level: 5
Crossover Decade for Scientific Notation: 4
Number of Digits After Decimal: 6
Integration Method: Runge-Kutta4
Direction: Forward
Time Step: 3.155760e+07
Stop Time: 2.030265e+17
Output Interval: 3.155760e+13
Use Variable Timestep: Yes
dEta: 0.010000
Minimum Value of ecc and obl: 1.000000e-10


---- INITIAL SYSTEM PROPERTIES ----
(Age) System Age [sec]: 1.645830e+14 
(Time) Simulation Time [sec]: 0.000000 
(TotAngMom) Total Angular Momentum [kg*m^2/sec]: 1.438517e+42 
(TotEnergy) Total System Energy [kg*m^2/sec^2]: -1.113590e+40 
(PotEnergy) Body's non-orbital Potential Energy [kg*m^2/sec^2]: -1.118806e+40 
(KinEnergy) Body's non-orbital Kinetic Energy [kg*m^2/sec^2]: 5.221939e+37 
(DeltaTime) Average Timestep Over Last Output Interval [sec]: 0.000000 

----- BODY: star ----
Active Modules: FLARE STELLAR
Module Bit Sum: 577
Color: 000000
(Mass) Mass [kg]: 3.749703e+29 
(Radius) Radius [m]: 5.032623e+08 
(RadGyra) Radius of Gyration/Moment of Inertia Constant []: 0.456007 
(RotAngMom) Rotational Angular Momentum [kg*m^2/sec]: 1.436136e+42 
(RotVel) Rotational Velocity [m/sec]: 3.659827e+04 
(BodyType) Type of Body (0 == planet) []: 0.000000 
(RotRate) Rotational Frequency [/sec]: 7.272205e-05 
(RotPer) Rotational Period [sec]: 8.640000e+04 
(Density) Average Density [kg/m^3]: 702.303785 
(HZLimitDryRunaway) Semi-major axis of Dry Runaway HZ Limit [m]: 3.013839e+10 
(HZLimRecVenus) Recent Venus HZ Limit [m]: 2.700769e+10 
(HZLimRunaway) Runaway Greenhouse HZ Limit [m]: 3.561472e+10 
(HZLimMoistGreenhouse) Moist Greenhouse HZ Limit [m]: 3.573562e+10 
(HZLimMaxGreenhouse) Maximum Greenhouse HZ Limit [m]: 6.795296e+10 
(HZLimEarlyMars) Early Mars HZ Limit [m]: 7.411001e+10 
(Instellation) Orbit-averaged INcident STELLar radiATION [kg/sec^3]: -1.000000 
(CriticalSemiMajorAxis) Holman & Wiegert (1999) P-type Critical Semi-major Axis [m]: -1.000000 
(LXUVTot) Total XUV Luminosity [LSUN]: 0.000371 
(LostEnergy) Body's Total Lost Energy [kg*m^2/sec^2]: 5.562685e-309 
(LostAngMom) Lost Angular Momentum due to Magnetic Braking [kg*m^2/sec]: 5.562685e-309 
(EscapeVelocity) Escape Velocity [m/sec]: 3.153686e+05 
----- STELLAR PARAMETERS (star)------
(Luminosity) Luminosity [LSUN]: 0.049266 
(LXUVStellar) Base X-ray/XUV Luminosity [LSUN]: 0.000359 
(Temperature) Effective Temperature [K]: 3196.057849 
(LXUVFrac) Fraction of luminosity in XUV []: 0.007294 
(RossbyNumber) Rossby Number []: 0.016354 
(DRotPerDtStellar) Time Rate of Change of Rotation Period in STELLAR []: -1.323595e-10 
(WindTorque) Stellar Wind Torque []: 4.433919e+27 
----- FLARE PARAMETERS (star)------
(LXUVFlare) XUV Luminosity from flares [LSUN]: 1.168834e-05 
(FlareFreq1) First value of flare frequency range [/sec]: 1.817231e-06 
(FlareFreq2) Second value of flare frequency range [/sec]: 1.464649e-06 
(FlareFreq3) Third value of flare frequency range [/sec]: 1.180475e-06 
(FlareFreq4) Fourth value of flare frequency range [/sec]: 9.514378e-07 
(FlareFreqMin) Frequency of the flares with the lowest energy [/sec]: 1.817231e-06 
(FlareFreqMid) Frequency of the flares with the middle energy in the energy range [/sec]: 2.102057e-07 
(FlareFreqMax) Frequency of the flares with the highest energy [/sec]: 2.431526e-08 
(FlareEnergy1) First value of flare energy range [kg*m^2/sec^2]: 5.334000e+25 
(FlareEnergy2) Second value of flare energy range [kg*m^2/sec^2]: 7.534475e+25 
(FlareEnergy3) Third value of flare energy range [kg*m^2/sec^2]: 1.064273e+26 
(FlareEnergy4) Fourth value of flare energy range [kg*m^2/sec^2]: 1.503325e+26 
(FlareEnergyMin) Minimum flare energy [kg*m^2/sec^2]: 5.334000e+25 
(FlareEnergyMid) Middle flare energy in the range of energy values [kg*m^2/sec^2]: 1.686759e+27 
(FlareEnergyMax) Maximum flare energy [kg*m^2/sec^2]: 5.334000e+28 
(FlareYIntOUT) Instantaneous Davenport FFD y-intercept at current age and mass []: 19.634309 
(FlareSlopeOUT) Instantaneous Davenport FFD slope at current age and mass []: -0.624510 

Output Order: Time[year] Luminosity[LSUN] LXUVStellar[LSUN] LXUVFlare[LSUN] LXUVTot[LSUN]
Grid Output Order:

----- BODY: b ----
Active Modules: AtmEsc
Module Bit Sum: 9
Color: 000000
(Mass) Mass [kg]: 9.870622e+24 
(Radius) Radius [m]: 7.452604e+06 
(RadGyra) Radius of Gyration/Moment of Inertia Constant []: 0.500000 
(BodyType) Type of Body (0 == planet) []: 0.000000 
(Density) Average Density [kg/m^3]: 5692.877672 
(HZLimitDryRunaway) Semi-major axis of Dry Runaway HZ Limit [m]: 3.013840e+10 
(HZLimRecVenus) Recent Venus HZ Limit [m]: 2.700769e+10 
(HZLimRunaway) Runaway Greenhouse HZ Limit [m]: 3.561472e+10 
(HZLimMoistGreenhouse) Moist Greenhouse HZ Limit [m]: 3.573562e+10 
(HZLimMaxGreenhouse) Maximum Greenhouse HZ Limit [m]: 6.795296e+10 
(HZLimEarlyMars) Early Mars HZ Limit [m]: 7.411001e+10 
(Instellation) Orbit-averaged INcident STELLar radiATION [kg/sec^3]: 2.790945e+05 
(MeanMotion) Orbital Mean Motion [/sec]: 4.464353e-05 
(OrbPeriod) Orbital Period [sec]: 1.407412e+05 
(SemiMajorAxis) Semi-major Axis [m]: 2.324334e+09 
(LXUVTot) Total XUV Luminosity [kg/sec^3]: -1.000000 
(EscapeVelocity) Escape Velocity [m/sec]: 1.329644e+04 
----- ATMESC PARAMETERS (b)------
(SurfWaterMass) Surface water mass [kg]: 0.000000 
(EnvelopeMass) Envelope mass [kg]: 0.000000 
(OxygenMass) Oxygen mass in the atmosphere [kg]: 0.000000 
(RGLimit) Runaway greenhouse semi-major axis [m]: 3.413860e+10 
(XO) Atomic oxygen mixing ratio in upper atmosphere []: 0.000000 
(EtaO) Oxygen eta parameter (Luger and Barnes 2015) []: 0.000000 
(PlanetRadius) Planet radius [m]: 7.452604e+06 
(OxygenMantleMass) Mass of oxygen in mantle [kg]: 0.000000 
(RadXUV) XUV radius separating hydro. dyn. escape and equilibrium [m]: -1.000000 
(RadSolid) Radius to the solid surface [m]: -1.000000 
(PresXUV) Pressure at base of thermosphere [(null)]: 5.000000 
(ScaleHeight) Scale height in Lehmer & Catling (2016) model [m]: -1.000000 
(ThermTemp) Isothermal atmospheric temperature [K]: 400.000000 
(AtmGasConst) Atmospheric gas constant [(null)]: 4124.000000 
(PresSurf) Surface pressure due to atmosphere [Pa]: -1.000000 
(DEnvMassDt) Envelope Mass Loss Rate [kg/s]: 0.000000 
(FXUV) XUV flux [W/m^2]: 2101.925032 
(AtmXAbsEffH2O) XUV atmospheric escape efficiency for H2O []: 0.300000 
(RocheRadius) Roche Lobe Radius [m]: 4.794103e+07 
(BondiRadius) Bondi Radius [m]: 3.370574e+08 
(HEscapeRegime) Integer flag for H envelope escape regime []: 8.000000 
(RRCriticalFlux) Critical XUV Flux that separates RR and energy-limited escape [W/m^2]: 54.340256 
(CrossoverMass) Crossover mass, defines oxygen is escaping if mc > mo [kg]: 0.000000 
(WaterEscapeRegime) What water escape regime the code is currently in []: 8.000000 
(FXUVCRITDRAG) Critical Drag XUV flux [W/m^2]: 0.456082 
(HREFFLUX) The Hydrogen Reference Flux (m^-2 s^-1) [m^-2 s^-1]: 1.397117e+21 
(XO2) Molecular oxygen mixing ratio in atmosphere []: 0.000000 
(XH2O) Water mixing ratio in upper atmosphere []: 0.000000 
(HDiffFlux) The Hydrogen Diffusion Flux (m^-2 s^-1) [m^-2 s^-1]: 2.296764e+17 
(HRefODragMod) Multiply by H ref flux to get flux with drag []: 1.000000 
(KTide) Mass loss enhancement due to stellar gravity []: 0.768698 
(CumulativeXUVFlux) Cumulative XUV flux [W/m^2]: 0.000000 
(RunawayGreenhouseFlux) Incident flux that triggers runaway greenhouse [kg/sec^3]: 1293.768340 
(RGDuration) Runaway Greenhouse Duration [years]: 0.00000e+00

Output Order: Time[year] CumulativeXUVFlux[W/m^2]
Grid Output Order:



---- FINAL SYSTEM PROPERTIES ----
(Age) System Age [sec]: 2.032060e+17 
(Time) Simulation Time [sec]: 2.030414e+17 
(TotAngMom) Total Angular Momentum [kg*m^2/sec]: 1.442192e+42 
(TotEnergy) Total System Energy [kg*m^2/sec^2]: -1.109935e+40 
(PotEnergy) Body's non-orbital Potential Energy [kg*m^2/sec^2]: -3.976379e+40 
(KinEnergy) Body's non-orbital Kinetic Energy [kg*m^2/sec^2]: 6.566970e+32 
(DeltaTime) Average Timestep Over Last Output Interval [sec]: 1.577880e+13 

----- BODY: star ----
Active Modules: FLARE STELLAR
Module Bit Sum: 577
Color: 000000
(Mass) Mass [kg]: 3.749703e+29 
(Radius) Radius [m]: 1.415995e+08 
(RadGyra) Radius of Gyration/Moment of Inertia Constant []: 0.460650 
(RotAngMom) Rotational Angular Momentum [kg*m^2/sec]: 1.447532e+39 
(RotVel) Rotational Velocity [m/sec]: 128.477886 
(BodyType) Type of Body (0 == planet) []: 0.000000 
(RotRate) Rotational Frequency [/sec]: 9.073332e-07 
(RotPer) Rotational Period [sec]: 6.924893e+06 
(Density) Average Density [kg/m^3]: 3.152996e+04 
(HZLimitDryRunaway) Semi-major axis of Dry Runaway HZ Limit [m]: 8.699138e+09 
(HZLimRecVenus) Recent Venus HZ Limit [m]: 7.790378e+09 
(HZLimRunaway) Runaway Greenhouse HZ Limit [m]: 1.027621e+10 
(HZLimMoistGreenhouse) Moist Greenhouse HZ Limit [m]: 1.030795e+10 
(HZLimMaxGreenhouse) Maximum Greenhouse HZ Limit [m]: 1.957564e+10 
(HZLimEarlyMars) Early Mars HZ Limit [m]: 2.134938e+10 
(Instellation) Orbit-averaged INcident STELLar radiATION [kg/sec^3]: -1.000000 
(CriticalSemiMajorAxis) Holman & Wiegert (1999) P-type Critical Semi-major Axis [m]: -1.000000 
(LXUVTot) Total XUV Luminosity [LSUN]: 1.138635e-06 
(LostEnergy) Body's Total Lost Energy [kg*m^2/sec^2]: 2.866449e+40 
(LostAngMom) Lost Angular Momentum due to Magnetic Braking [kg*m^2/sec]: 1.438364e+42 
(EscapeVelocity) Escape Velocity [m/sec]: 5.945451e+05 
----- STELLAR PARAMETERS (star)------
(Luminosity) Luminosity [LSUN]: 0.004105 
(LXUVStellar) Base X-ray/XUV Luminosity [LSUN]: 7.682526e-07 
(Temperature) Effective Temperature [K]: 3230.122836 
(LXUVFrac) Fraction of luminosity in XUV []: 0.000187 
(RossbyNumber) Rossby Number []: 1.333836 
(DRotPerDtStellar) Time Rate of Change of Rotation Period in STELLAR []: 1.891461e-11 
(WindTorque) Stellar Wind Torque []: 3.948466e+21 
----- FLARE PARAMETERS (star)------
(LXUVFlare) XUV Luminosity from flares [LSUN]: 3.703576e-07 
(FlareFreq1) First value of flare frequency range [/sec]: 5.656709e-07 
(FlareFreq2) Second value of flare frequency range [/sec]: 3.895506e-07 
(FlareFreq3) Third value of flare frequency range [/sec]: 2.682649e-07 
(FlareFreq4) Fourth value of flare frequency range [/sec]: 1.847412e-07 
(FlareFreqMin) Frequency of the flares with the lowest energy [/sec]: 5.656709e-07 
(FlareFreqMid) Frequency of the flares with the middle energy in the energy range [/sec]: 1.356950e-08 
(FlareFreqMax) Frequency of the flares with the highest energy [/sec]: 3.255097e-10 
(FlareEnergy1) First value of flare energy range [kg*m^2/sec^2]: 5.334000e+25 
(FlareEnergy2) Second value of flare energy range [kg*m^2/sec^2]: 7.534475e+25 
(FlareEnergy3) Third value of flare energy range [kg*m^2/sec^2]: 1.064273e+26 
(FlareEnergy4) Fourth value of flare energy range [kg*m^2/sec^2]: 1.503325e+26 
(FlareEnergyMin) Minimum flare energy [kg*m^2/sec^2]: 5.334000e+25 
(FlareEnergyMid) Middle flare energy in the range of energy values [kg*m^2/sec^2]: 1.686759e+27 
(FlareEnergyMax) Maximum flare energy [kg*m^2/sec^2]: 5.334000e+28 
(FlareYIntOUT) Instantaneous Davenport FFD y-intercept at current age and mass []: 34.034293 
(FlareSlopeOUT) Instantaneous Davenport FFD slope at current age and mass []: -1.080000 

Output Order: Time[year] Luminosity[LSUN] LXUVStellar[LSUN] LXUVFlare[LSUN] LXUVTot[LSUN]
Grid Output Order:

----- BODY: b ----
Active Modules: AtmEsc
Module Bit Sum: 9
Color: 000000
(Mass) Mass [kg]: 9.870622e+24 
(Radius) Radius [m]: 7.452604e+06 
(RadGyra) Radius of Gyration/Moment of Inertia Constant []: 0.500000 
(BodyType) Type of Body (0 == planet) []: 0.000000 
(Density) Average Density [kg/m^3]: 5692.877672 
(HZLimitDryRunaway) Semi-major axis of Dry Runaway HZ Limit [m]: 8.699140e+09 
(HZLimRecVenus) Recent Venus HZ Limit [m]: 7.790378e+09 
(HZLimRunaway) Runaway Greenhouse HZ Limit [m]: 1.027621e+10 
(HZLimMoistGreenhouse) Moist Greenhouse HZ Limit [m]: 1.030795e+10 
(HZLimMaxGreenhouse) Maximum Greenhouse HZ Limit [m]: 1.957564e+10 
(HZLimEarlyMars) Early Mars HZ Limit [m]: 2.134938e+10 
(Instellation) Orbit-averaged INcident STELLar radiATION [kg/sec^3]: 2.325217e+04 
(MeanMotion) Orbital Mean Motion [/sec]: 4.464353e-05 
(OrbPeriod) Orbital Period [sec]: 1.407412e+05 
(SemiMajorAxis) Semi-major Axis [m]: 2.324334e+09 
(LXUVTot) Total XUV Luminosity [kg/sec^3]: -1.000000 
(EscapeVelocity) Escape Velocity [m/sec]: 1.329644e+04 
----- ATMESC PARAMETERS (b)------
(SurfWaterMass) Surface water mass [kg]: 0.000000 
(EnvelopeMass) Envelope mass [kg]: 0.000000 
(OxygenMass) Oxygen mass in the atmosphere [kg]: 0.000000 
(RGLimit) Runaway greenhouse semi-major axis [m]: 9.850408e+09 
(XO) Atomic oxygen mixing ratio in upper atmosphere []: 0.000000 
(EtaO) Oxygen eta parameter (Luger and Barnes 2015) []: 0.000000 
(PlanetRadius) Planet radius [m]: 7.452604e+06 
(OxygenMantleMass) Mass of oxygen in mantle [kg]: 0.000000 
(RadXUV) XUV radius separating hydro. dyn. escape and equilibrium [m]: -1.000000 
(RadSolid) Radius to the solid surface [m]: -1.000000 
(PresXUV) Pressure at base of thermosphere [(null)]: 5.000000 
(ScaleHeight) Scale height in Lehmer & Catling (2016) model [m]: -1.000000 
(ThermTemp) Isothermal atmospheric temperature [K]: 400.000000 
(AtmGasConst) Atmospheric gas constant [(null)]: 4124.000000 
(PresSurf) Surface pressure due to atmosphere [Pa]: -1.000000 
(DEnvMassDt) Envelope Mass Loss Rate [kg/s]: 0.000000 
(FXUV) XUV flux [W/m^2]: 6.450405 
(AtmXAbsEffH2O) XUV atmospheric escape efficiency for H2O []: 0.300000 
(RocheRadius) Roche Lobe Radius [m]: 4.794103e+07 
(BondiRadius) Bondi Radius [m]: 6.287324e+08 
(HEscapeRegime) Integer flag for H envelope escape regime []: 8.000000 
(RRCriticalFlux) Critical XUV Flux that separates RR and energy-limited escape [W/m^2]: 54.340256 
(CrossoverMass) Crossover mass, defines oxygen is escaping if mc > mo [kg]: 0.000000 
(WaterEscapeRegime) What water escape regime the code is currently in []: 8.000000 
(FXUVCRITDRAG) Critical Drag XUV flux [W/m^2]: 0.456082 
(HREFFLUX) The Hydrogen Reference Flux (m^-2 s^-1) [m^-2 s^-1]: 4.287484e+18 
(XO2) Molecular oxygen mixing ratio in atmosphere []: 0.000000 
(XH2O) Water mixing ratio in upper atmosphere []: 0.000000 
(HDiffFlux) The Hydrogen Diffusion Flux (m^-2 s^-1) [m^-2 s^-1]: 2.296764e+17 
(HRefODragMod) Multiply by H ref flux to get flux with drag []: 1.000000 
(KTide) Mass loss enhancement due to stellar gravity []: 0.768698 
(CumulativeXUVFlux) Cumulative XUV flux [W/m^2]: 5.807758e+18 
(RunawayGreenhouseFlux) Incident flux that triggers runaway greenhouse [kg/sec^3]: 1294.648607 
(RGDuration) Runaway Greenhouse Duration [years]: 0.00000e+00

Output Order: Time[year] CumulativeXUVFlux[W/m^2]
Grid Output Order:
