-------- Log file gj1132.log -------

Executable: /home/vplanet/.local/bin/vplanet
Version: Unknown
System Name: gj1132
Primary Input File: vpl.in
Body File #1: star.in
Body File #2: b.in
Allow files to be overwitten: Yes
Mass Units: Grams
Length Units: Meters
Time Units: Seconds
Angle Units: Radians

------- FORMATTING -----
Verbosity Level: 5
Crossover Decade for Scientific Notation: 4
Number of Digits After Decimal: 6
Integration Method: Runge-Kutta4
Direction: Forward
Time Step: 3.155760e+07
Stop Time: 2.636928e+17
Output Interval: 3.155760e+13
Use Variable Timestep: Yes
dEta: 0.010000
Minimum Value of ecc and obl: 1.000000e-10


---- INITIAL SYSTEM PROPERTIES ----
(Age) System Age [sec]: 2.375567e+14 
(Time) Simulation Time [sec]: 0.000000 
(TotAngMom) Total Angular Momentum [kg*m^2/sec]: 1.186141e+42 
(TotEnergy) Total System Energy [kg*m^2/sec^2]: -1.355290e+40 
(PotEnergy) Body's non-orbital Potential Energy [kg*m^2/sec^2]: -1.359588e+40 
(KinEnergy) Body's non-orbital Kinetic Energy [kg*m^2/sec^2]: 4.304013e+37 
(DeltaTime) Average Timestep Over Last Output Interval [sec]: 0.000000 

----- BODY: star ----
Active Modules: FLARE STELLAR
Module Bit Sum: 577
Color: 000000
(Mass) Mass [kg]: 3.895523e+29 
(Radius) Radius [m]: 4.469716e+08 
(RadGyra) Radius of Gyration/Moment of Inertia Constant []: 0.457323 
(RotAngMom) Rotational Angular Momentum [kg*m^2/sec]: 1.183689e+42 
(RotVel) Rotational Velocity [m/sec]: 3.250469e+04 
(BodyType) Type of Body (0 == planet) []: 0.000000 
(RotRate) Rotational Frequency [/sec]: 7.272205e-05 
(RotPer) Rotational Period [sec]: 8.640000e+04 
(Density) Average Density [kg/m^3]: 1041.447431 
(HZLimitDryRunaway) Semi-major axis of Dry Runaway HZ Limit [m]: 2.718112e+10 
(HZLimRecVenus) Recent Venus HZ Limit [m]: 2.434557e+10 
(HZLimRunaway) Runaway Greenhouse HZ Limit [m]: 3.211159e+10 
(HZLimMoistGreenhouse) Moist Greenhouse HZ Limit [m]: 3.221318e+10 
(HZLimMaxGreenhouse) Maximum Greenhouse HZ Limit [m]: 6.119491e+10 
(HZLimEarlyMars) Early Mars HZ Limit [m]: 6.673972e+10 
(Instellation) Orbit-averaged INcident STELLar radiATION [kg/sec^3]: -1.000000 
(CriticalSemiMajorAxis) Holman & Wiegert (1999) P-type Critical Semi-major Axis [m]: -1.000000 
(LXUVTot) Total XUV Luminosity [LSUN]: 1.806382e-05 
(LostEnergy) Body's Total Lost Energy [kg*m^2/sec^2]: 5.562685e-309 
(LostAngMom) Lost Angular Momentum due to Magnetic Braking [kg*m^2/sec]: 5.562685e-309 
(EscapeVelocity) Escape Velocity [m/sec]: 3.410830e+05 
----- STELLAR PARAMETERS (star)------
(Luminosity) Luminosity [LSUN]: 0.040072 
(LXUVStellar) Base X-ray/XUV Luminosity [LSUN]: 1.729830e-05 
(Temperature) Effective Temperature [K]: 3221.793638 
(LXUVFrac) Fraction of luminosity in XUV []: 0.000432 
(RossbyNumber) Rossby Number []: 0.016571 
(DRotPerDtStellar) Time Rate of Change of Rotation Period in STELLAR []: -6.408006e-11 
(WindTorque) Stellar Wind Torque []: 2.296138e+27 
----- FLARE PARAMETERS (star)------
(LXUVFlare) XUV Luminosity from flares [LSUN]: 7.655258e-07 
(FlareFreq1) First value of flare frequency range [/sec]: 3.352567e-05 
(FlareFreq2) Second value of flare frequency range [/sec]: 2.889737e-05 
(FlareFreq3) Third value of flare frequency range [/sec]: 2.490803e-05 
(FlareFreq4) Fourth value of flare frequency range [/sec]: 2.146942e-05 
(FlareFreqMin) Frequency of the flares with the lowest energy [/sec]: 3.352567e-05 
(FlareFreqMid) Frequency of the flares with the middle energy in the energy range [/sec]: 7.589036e-06 
(FlareFreqMax) Frequency of the flares with the highest energy [/sec]: 1.717891e-06 
(FlareEnergy1) First value of flare energy range [kg*m^2/sec^2]: 5.334000e+23 
(FlareEnergy2) Second value of flare energy range [kg*m^2/sec^2]: 6.715108e+23 
(FlareEnergy3) Third value of flare energy range [kg*m^2/sec^2]: 8.453820e+23 
(FlareEnergy4) Fourth value of flare energy range [kg*m^2/sec^2]: 1.064273e+24 
(FlareEnergyMin) Minimum flare energy [kg*m^2/sec^2]: 5.334000e+23 
(FlareEnergyMid) Middle flare energy in the range of energy values [kg*m^2/sec^2]: 5.334000e+24 
(FlareEnergyMax) Maximum flare energy [kg*m^2/sec^2]: 5.334000e+25 
(FlareYIntOUT) Instantaneous Davenport FFD y-intercept at current age and mass []: 20.286706 
(FlareSlopeOUT) Instantaneous Davenport FFD slope at current age and mass []: -0.645191 

Output Order: Time[year] Luminosity[LSUN] LXUVStellar[LSUN] LXUVFlare[LSUN] LXUVTot[LSUN]
Grid Output Order:

----- BODY: b ----
Active Modules: AtmEsc
Module Bit Sum: 9
Color: 000000
(Mass) Mass [kg]: 9.914089e+24 
(Radius) Radius [m]: 7.131857e+06 
(RadGyra) Radius of Gyration/Moment of Inertia Constant []: 0.500000 
(BodyType) Type of Body (0 == planet) []: 0.000000 
(Density) Average Density [kg/m^3]: 6524.635156 
(HZLimitDryRunaway) Semi-major axis of Dry Runaway HZ Limit [m]: 2.718243e+10 
(HZLimRecVenus) Recent Venus HZ Limit [m]: 2.434557e+10 
(HZLimRunaway) Runaway Greenhouse HZ Limit [m]: 3.211159e+10 
(HZLimMoistGreenhouse) Moist Greenhouse HZ Limit [m]: 3.221318e+10 
(HZLimMaxGreenhouse) Maximum Greenhouse HZ Limit [m]: 6.119491e+10 
(HZLimEarlyMars) Early Mars HZ Limit [m]: 6.673972e+10 
(Instellation) Orbit-averaged INcident STELLar radiATION [kg/sec^3]: 2.213178e+05 
(MeanMotion) Orbital Mean Motion [/sec]: 4.464318e-05 
(OrbPeriod) Orbital Period [sec]: 1.407423e+05 
(SemiMajorAxis) Semi-major Axis [m]: 2.354093e+09 
(LXUVTot) Total XUV Luminosity [kg/sec^3]: -1.000000 
(EscapeVelocity) Escape Velocity [m/sec]: 1.362204e+04 
----- ATMESC PARAMETERS (b)------
(SurfWaterMass) Surface water mass [kg]: 0.000000 
(EnvelopeMass) Envelope mass [kg]: 0.000000 
(OxygenMass) Oxygen mass in the atmosphere [kg]: 0.000000 
(RGLimit) Runaway greenhouse semi-major axis [m]: 3.077707e+10 
(XO) Atomic oxygen mixing ratio in upper atmosphere []: 0.000000 
(EtaO) Oxygen eta parameter (Luger and Barnes 2015) []: 0.000000 
(PlanetRadius) Planet radius [m]: 7.131857e+06 
(OxygenMantleMass) Mass of oxygen in mantle [kg]: 0.000000 
(RadXUV) XUV radius separating hydro. dyn. escape and equilibrium [m]: -1.000000 
(RadSolid) Radius to the solid surface [m]: -1.000000 
(PresXUV) Pressure at base of thermosphere [(null)]: 5.000000 
(ScaleHeight) Scale height in Lehmer & Catling (2016) model [m]: -1.000000 
(ThermTemp) Isothermal atmospheric temperature [K]: 400.000000 
(AtmGasConst) Atmospheric gas constant [(null)]: 4124.000000 
(PresSurf) Surface pressure due to atmosphere [Pa]: -1.000000 
(DEnvMassDt) Envelope Mass Loss Rate [kg/s]: 0.000000 
(FXUV) XUV flux [W/m^2]: 99.766018 
(AtmXAbsEffH2O) XUV atmospheric escape efficiency for H2O []: 0.300000 
(RocheRadius) Roche Lobe Radius [m]: 4.801153e+07 
(BondiRadius) Bondi Radius [m]: 3.540982e+08 
(HEscapeRegime) Integer flag for H envelope escape regime []: 8.000000 
(RRCriticalFlux) Critical XUV Flux that separates RR and energy-limited escape [W/m^2]: 64.212430 
(CrossoverMass) Crossover mass, defines oxygen is escaping if mc > mo [kg]: 0.000000 
(WaterEscapeRegime) What water escape regime the code is currently in []: 8.000000 
(FXUVCRITDRAG) Critical Drag XUV flux [W/m^2]: 0.525019 
(HREFFLUX) The Hydrogen Reference Flux (m^-2 s^-1) [m^-2 s^-1]: 6.235943e+19 
(XO2) Molecular oxygen mixing ratio in atmosphere []: 0.000000 
(XH2O) Water mixing ratio in upper atmosphere []: 0.000000 
(HDiffFlux) The Hydrogen Diffusion Flux (m^-2 s^-1) [m^-2 s^-1]: 2.519042e+17 
(HRefODragMod) Multiply by H ref flux to get flux with drag []: 1.000000 
(KTide) Mass loss enhancement due to stellar gravity []: 0.778822 
(CumulativeXUVFlux) Cumulative XUV flux [W/m^2]: 0.000000 
(RunawayGreenhouseFlux) Incident flux that triggers runaway greenhouse [kg/sec^3]: 1294.694717 
(RGDuration) Runaway Greenhouse Duration [years]: 0.00000e+00

Output Order: Time[year] CumulativeXUVFlux[W/m^2]
Grid Output Order:



---- FINAL SYSTEM PROPERTIES ----
(Age) System Age [sec]: 2.639329e+17 
(Time) Simulation Time [sec]: 2.636953e+17 
(TotAngMom) Total Angular Momentum [kg*m^2/sec]: 1.182314e+42 
(TotEnergy) Total System Energy [kg*m^2/sec^2]: -1.358321e+40 
(PotEnergy) Body's non-orbital Potential Energy [kg*m^2/sec^2]: -4.111709e+40 
(KinEnergy) Body's non-orbital Kinetic Energy [kg*m^2/sec^2]: 5.322973e+32 
(DeltaTime) Average Timestep Over Last Output Interval [sec]: 1.577880e+13 

----- BODY: star ----
Active Modules: FLARE STELLAR
Module Bit Sum: 577
Color: 000000
(Mass) Mass [kg]: 3.895523e+29 
(Radius) Radius [m]: 1.477967e+08 
(RadGyra) Radius of Gyration/Moment of Inertia Constant []: 0.460299 
(RotAngMom) Rotational Angular Momentum [kg*m^2/sec]: 1.385415e+39 
(RotVel) Rotational Velocity [m/sec]: 113.571479 
(BodyType) Type of Body (0 == planet) []: 0.000000 
(RotRate) Rotational Frequency [/sec]: 7.684302e-07 
(RotPer) Rotational Period [sec]: 8.176651e+06 
(Density) Average Density [kg/m^3]: 2.880597e+04 
(HZLimitDryRunaway) Semi-major axis of Dry Runaway HZ Limit [m]: 9.166683e+09 
(HZLimRecVenus) Recent Venus HZ Limit [m]: 8.205845e+09 
(HZLimRunaway) Runaway Greenhouse HZ Limit [m]: 1.082621e+10 
(HZLimMoistGreenhouse) Moist Greenhouse HZ Limit [m]: 1.085768e+10 
(HZLimMaxGreenhouse) Maximum Greenhouse HZ Limit [m]: 2.060374e+10 
(HZLimEarlyMars) Early Mars HZ Limit [m]: 2.247067e+10 
(Instellation) Orbit-averaged INcident STELLar radiATION [kg/sec^3]: -1.000000 
(CriticalSemiMajorAxis) Holman & Wiegert (1999) P-type Critical Semi-major Axis [m]: -1.000000 
(LXUVTot) Total XUV Luminosity [LSUN]: 8.264325e-07 
(LostEnergy) Body's Total Lost Energy [kg*m^2/sec^2]: 2.753393e+40 
(LostAngMom) Lost Angular Momentum due to Magnetic Braking [kg*m^2/sec]: 1.178476e+42 
(EscapeVelocity) Escape Velocity [m/sec]: 5.931543e+05 
----- STELLAR PARAMETERS (star)------
(Luminosity) Luminosity [LSUN]: 0.004558 
(LXUVStellar) Base X-ray/XUV Luminosity [LSUN]: 4.498919e-07 
(Temperature) Effective Temperature [K]: 3250.297853 
(LXUVFrac) Fraction of luminosity in XUV []: 9.871317e-05 
(RossbyNumber) Rossby Number []: 1.591302 
(DRotPerDtStellar) Time Rate of Change of Rotation Period in STELLAR []: 1.243895e-11 
(WindTorque) Stellar Wind Torque []: 2.107599e+21 
----- FLARE PARAMETERS (star)------
(LXUVFlare) XUV Luminosity from flares [LSUN]: 3.765371e-07 
(FlareFreq1) First value of flare frequency range [/sec]: 8.457702e-05 
(FlareFreq2) Second value of flare frequency range [/sec]: 6.572982e-05 
(FlareFreq3) Third value of flare frequency range [/sec]: 5.108255e-05 
(FlareFreq4) Fourth value of flare frequency range [/sec]: 3.969928e-05 
(FlareFreqMin) Frequency of the flares with the lowest energy [/sec]: 8.457702e-05 
(FlareFreqMid) Frequency of the flares with the middle energy in the energy range [/sec]: 6.797566e-06 
(FlareFreqMax) Frequency of the flares with the highest energy [/sec]: 5.463293e-07 
(FlareEnergy1) First value of flare energy range [kg*m^2/sec^2]: 5.334000e+23 
(FlareEnergy2) Second value of flare energy range [kg*m^2/sec^2]: 6.715108e+23 
(FlareEnergy3) Third value of flare energy range [kg*m^2/sec^2]: 8.453820e+23 
(FlareEnergy4) Fourth value of flare energy range [kg*m^2/sec^2]: 1.064273e+24 
(FlareEnergyMin) Minimum flare energy [kg*m^2/sec^2]: 5.334000e+23 
(FlareEnergyMid) Middle flare energy in the range of energy values [kg*m^2/sec^2]: 5.334000e+24 
(FlareEnergyMax) Maximum flare energy [kg*m^2/sec^2]: 5.334000e+25 
(FlareYIntOUT) Instantaneous Davenport FFD y-intercept at current age and mass []: 34.506784 
(FlareSlopeOUT) Instantaneous Davenport FFD slope at current age and mass []: -1.094899 

Output Order: Time[year] Luminosity[LSUN] LXUVStellar[LSUN] LXUVFlare[LSUN] LXUVTot[LSUN]
Grid Output Order:

----- BODY: b ----
Active Modules: AtmEsc
Module Bit Sum: 9
Color: 000000
(Mass) Mass [kg]: 9.914089e+24 
(Radius) Radius [m]: 7.131857e+06 
(RadGyra) Radius of Gyration/Moment of Inertia Constant []: 0.500000 
(BodyType) Type of Body (0 == planet) []: 0.000000 
(Density) Average Density [kg/m^3]: 6524.635156 
(HZLimitDryRunaway) Semi-major axis of Dry Runaway HZ Limit [m]: 9.167123e+09 
(HZLimRecVenus) Recent Venus HZ Limit [m]: 8.205845e+09 
(HZLimRunaway) Runaway Greenhouse HZ Limit [m]: 1.082621e+10 
(HZLimMoistGreenhouse) Moist Greenhouse HZ Limit [m]: 1.085768e+10 
(HZLimMaxGreenhouse) Maximum Greenhouse HZ Limit [m]: 2.060374e+10 
(HZLimEarlyMars) Early Mars HZ Limit [m]: 2.247067e+10 
(Instellation) Orbit-averaged INcident STELLar radiATION [kg/sec^3]: 2.517132e+04 
(MeanMotion) Orbital Mean Motion [/sec]: 4.464318e-05 
(OrbPeriod) Orbital Period [sec]: 1.407423e+05 
(SemiMajorAxis) Semi-major Axis [m]: 2.354093e+09 
(LXUVTot) Total XUV Luminosity [kg/sec^3]: -1.000000 
(EscapeVelocity) Escape Velocity [m/sec]: 1.362204e+04 
----- ATMESC PARAMETERS (b)------
(SurfWaterMass) Surface water mass [kg]: 0.000000 
(EnvelopeMass) Envelope mass [kg]: 0.000000 
(OxygenMass) Oxygen mass in the atmosphere [kg]: 0.000000 
(RGLimit) Runaway greenhouse semi-major axis [m]: 1.037642e+10 
(XO) Atomic oxygen mixing ratio in upper atmosphere []: 0.000000 
(EtaO) Oxygen eta parameter (Luger and Barnes 2015) []: 0.000000 
(PlanetRadius) Planet radius [m]: 7.131857e+06 
(OxygenMantleMass) Mass of oxygen in mantle [kg]: 0.000000 
(RadXUV) XUV radius separating hydro. dyn. escape and equilibrium [m]: -1.000000 
(RadSolid) Radius to the solid surface [m]: -1.000000 
(PresXUV) Pressure at base of thermosphere [(null)]: 5.000000 
(ScaleHeight) Scale height in Lehmer & Catling (2016) model [m]: -1.000000 
(ThermTemp) Isothermal atmospheric temperature [K]: 400.000000 
(AtmGasConst) Atmospheric gas constant [(null)]: 4124.000000 
(PresSurf) Surface pressure due to atmosphere [Pa]: -1.000000 
(DEnvMassDt) Envelope Mass Loss Rate [kg/s]: 0.000000 
(FXUV) XUV flux [W/m^2]: 4.564365 
(AtmXAbsEffH2O) XUV atmospheric escape efficiency for H2O []: 0.300000 
(RocheRadius) Roche Lobe Radius [m]: 4.801153e+07 
(BondiRadius) Bondi Radius [m]: 6.103878e+08 
(HEscapeRegime) Integer flag for H envelope escape regime []: 8.000000 
(RRCriticalFlux) Critical XUV Flux that separates RR and energy-limited escape [W/m^2]: 64.212430 
(CrossoverMass) Crossover mass, defines oxygen is escaping if mc > mo [kg]: 0.000000 
(WaterEscapeRegime) What water escape regime the code is currently in []: 8.000000 
(FXUVCRITDRAG) Critical Drag XUV flux [W/m^2]: 0.525019 
(HREFFLUX) The Hydrogen Reference Flux (m^-2 s^-1) [m^-2 s^-1]: 2.852988e+18 
(XO2) Molecular oxygen mixing ratio in atmosphere []: 0.000000 
(XH2O) Water mixing ratio in upper atmosphere []: 0.000000 
(HDiffFlux) The Hydrogen Diffusion Flux (m^-2 s^-1) [m^-2 s^-1]: 2.519042e+17 
(HRefODragMod) Multiply by H ref flux to get flux with drag []: 1.000000 
(KTide) Mass loss enhancement due to stellar gravity []: 0.778822 
(CumulativeXUVFlux) Cumulative XUV flux [W/m^2]: 2.173608e+18 
(RunawayGreenhouseFlux) Incident flux that triggers runaway greenhouse [kg/sec^3]: 1295.438456 
(RGDuration) Runaway Greenhouse Duration [years]: 0.00000e+00

Output Order: Time[year] CumulativeXUVFlux[W/m^2]
Grid Output Order:
