-------- Log file gj1132.log -------

Executable: /home/vplanet/.local/bin/vplanet
Version: Unknown
System Name: gj1132
Primary Input File: vpl.in
Body File #1: star.in
Body File #2: b.in
Allow files to be overwitten: Yes
Mass Units: Grams
Length Units: Meters
Time Units: Seconds
Angle Units: Radians

------- FORMATTING -----
Verbosity Level: 5
Crossover Decade for Scientific Notation: 4
Number of Digits After Decimal: 6
Integration Method: Runge-Kutta4
Direction: Forward
Time Step: 3.155760e+07
Stop Time: 2.271898e+17
Output Interval: 3.155760e+13
Use Variable Timestep: Yes
dEta: 0.010000
Minimum Value of ecc and obl: 1.000000e-10


---- INITIAL SYSTEM PROPERTIES ----
(Age) System Age [sec]: 9.691752e+13 
(Time) Simulation Time [sec]: 0.000000 
(TotAngMom) Total Angular Momentum [kg*m^2/sec]: 2.349894e+42 
(TotEnergy) Total System Energy [kg*m^2/sec^2]: -9.789395e+39 
(PotEnergy) Body's non-orbital Potential Energy [kg*m^2/sec^2]: -9.874694e+39 
(KinEnergy) Body's non-orbital Kinetic Energy [kg*m^2/sec^2]: 8.535496e+37 
(DeltaTime) Average Timestep Over Last Output Interval [sec]: 0.000000 

----- BODY: star ----
Active Modules: FLARE STELLAR
Module Bit Sum: 577
Color: 000000
(Mass) Mass [kg]: 3.945751e+29 
(Radius) Radius [m]: 6.313809e+08 
(RadGyra) Radius of Gyration/Moment of Inertia Constant []: 0.453009 
(RotAngMom) Rotational Angular Momentum [kg*m^2/sec]: 2.347430e+42 
(RotVel) Rotational Velocity [m/sec]: 4.591531e+04 
(BodyType) Type of Body (0 == planet) []: 0.000000 
(RotRate) Rotational Frequency [/sec]: 7.272205e-05 
(RotPer) Rotational Period [sec]: 8.640000e+04 
(Density) Average Density [kg/m^3]: 374.254319 
(HZLimitDryRunaway) Semi-major axis of Dry Runaway HZ Limit [m]: 3.760683e+10 
(HZLimRecVenus) Recent Venus HZ Limit [m]: 3.370437e+10 
(HZLimRunaway) Runaway Greenhouse HZ Limit [m]: 4.444307e+10 
(HZLimMoistGreenhouse) Moist Greenhouse HZ Limit [m]: 4.459642e+10 
(HZLimMaxGreenhouse) Maximum Greenhouse HZ Limit [m]: 8.482244e+10 
(HZLimEarlyMars) Early Mars HZ Limit [m]: 9.250795e+10 
(Instellation) Orbit-averaged INcident STELLar radiATION [kg/sec^3]: -1.000000 
(CriticalSemiMajorAxis) Holman & Wiegert (1999) P-type Critical Semi-major Axis [m]: -1.000000 
(LXUVTot) Total XUV Luminosity [LSUN]: 0.000409 
(LostEnergy) Body's Total Lost Energy [kg*m^2/sec^2]: 5.562685e-309 
(LostAngMom) Lost Angular Momentum due to Magnetic Braking [kg*m^2/sec]: 5.562685e-309 
(EscapeVelocity) Escape Velocity [m/sec]: 2.888260e+05 
----- STELLAR PARAMETERS (star)------
(Luminosity) Luminosity [LSUN]: 0.076708 
(LXUVStellar) Base X-ray/XUV Luminosity [LSUN]: 0.000393 
(Temperature) Effective Temperature [K]: 3189.779389 
(LXUVFrac) Fraction of luminosity in XUV []: 0.005120 
(RossbyNumber) Rossby Number []: 0.016302 
(DRotPerDtStellar) Time Rate of Change of Rotation Period in STELLAR []: -1.485022e-10 
(WindTorque) Stellar Wind Torque []: 1.436647e+28 
----- FLARE PARAMETERS (star)------
(LXUVFlare) XUV Luminosity from flares [LSUN]: 1.595922e-05 
(FlareFreq1) First value of flare frequency range [/sec]: 2.011270e-06 
(FlareFreq2) Second value of flare frequency range [/sec]: 1.641463e-06 
(FlareFreq3) Third value of flare frequency range [/sec]: 1.339652e-06 
(FlareFreq4) Fourth value of flare frequency range [/sec]: 1.093334e-06 
(FlareFreqMin) Frequency of the flares with the lowest energy [/sec]: 2.011270e-06 
(FlareFreqMid) Frequency of the flares with the middle energy in the energy range [/sec]: 2.636809e-07 
(FlareFreqMax) Frequency of the flares with the highest energy [/sec]: 3.456900e-08 
(FlareEnergy1) First value of flare energy range [kg*m^2/sec^2]: 5.334000e+25 
(FlareEnergy2) Second value of flare energy range [kg*m^2/sec^2]: 7.534475e+25 
(FlareEnergy3) Third value of flare energy range [kg*m^2/sec^2]: 1.064273e+26 
(FlareEnergy4) Fourth value of flare energy range [kg*m^2/sec^2]: 1.503325e+26 
(FlareEnergyMin) Minimum flare energy [kg*m^2/sec^2]: 5.334000e+25 
(FlareEnergyMid) Middle flare energy in the range of energy values [kg*m^2/sec^2]: 1.686759e+27 
(FlareEnergyMax) Maximum flare energy [kg*m^2/sec^2]: 5.334000e+28 
(FlareYIntOUT) Instantaneous Davenport FFD y-intercept at current age and mass []: 18.492040 
(FlareSlopeOUT) Instantaneous Davenport FFD slope at current age and mass []: -0.588261 

Output Order: Time[year] Luminosity[LSUN] LXUVStellar[LSUN] LXUVFlare[LSUN] LXUVTot[LSUN]
Grid Output Order:

----- BODY: b ----
Active Modules: AtmEsc
Module Bit Sum: 9
Color: 000000
(Mass) Mass [kg]: 9.875022e+24 
(Radius) Radius [m]: 7.248735e+06 
(RadGyra) Radius of Gyration/Moment of Inertia Constant []: 0.500000 
(BodyType) Type of Body (0 == planet) []: 0.000000 
(Density) Average Density [kg/m^3]: 6189.601583 
(HZLimitDryRunaway) Semi-major axis of Dry Runaway HZ Limit [m]: 3.760691e+10 
(HZLimRecVenus) Recent Venus HZ Limit [m]: 3.370437e+10 
(HZLimRunaway) Runaway Greenhouse HZ Limit [m]: 4.444307e+10 
(HZLimMoistGreenhouse) Moist Greenhouse HZ Limit [m]: 4.459642e+10 
(HZLimMaxGreenhouse) Maximum Greenhouse HZ Limit [m]: 8.482244e+10 
(HZLimEarlyMars) Early Mars HZ Limit [m]: 9.250795e+10 
(Instellation) Orbit-averaged INcident STELLar radiATION [kg/sec^3]: 4.200476e+05 
(MeanMotion) Orbital Mean Motion [/sec]: 4.464415e-05 
(OrbPeriod) Orbital Period [sec]: 1.407393e+05 
(SemiMajorAxis) Semi-major Axis [m]: 2.364133e+09 
(LXUVTot) Total XUV Luminosity [kg/sec^3]: -1.000000 
(EscapeVelocity) Escape Velocity [m/sec]: 1.348513e+04 
----- ATMESC PARAMETERS (b)------
(SurfWaterMass) Surface water mass [kg]: 0.000000 
(EnvelopeMass) Envelope mass [kg]: 0.000000 
(OxygenMass) Oxygen mass in the atmosphere [kg]: 0.000000 
(RGLimit) Runaway greenhouse semi-major axis [m]: 4.260050e+10 
(XO) Atomic oxygen mixing ratio in upper atmosphere []: 0.000000 
(EtaO) Oxygen eta parameter (Luger and Barnes 2015) []: 0.000000 
(PlanetRadius) Planet radius [m]: 7.248735e+06 
(OxygenMantleMass) Mass of oxygen in mantle [kg]: 0.000000 
(RadXUV) XUV radius separating hydro. dyn. escape and equilibrium [m]: -1.000000 
(RadSolid) Radius to the solid surface [m]: -1.000000 
(PresXUV) Pressure at base of thermosphere [(null)]: 5.000000 
(ScaleHeight) Scale height in Lehmer & Catling (2016) model [m]: -1.000000 
(ThermTemp) Isothermal atmospheric temperature [K]: 400.000000 
(AtmGasConst) Atmospheric gas constant [(null)]: 4124.000000 
(PresSurf) Surface pressure due to atmosphere [Pa]: -1.000000 
(DEnvMassDt) Envelope Mass Loss Rate [kg/s]: 0.000000 
(FXUV) XUV flux [W/m^2]: 2237.835356 
(AtmXAbsEffH2O) XUV atmospheric escape efficiency for H2O []: 0.300000 
(RocheRadius) Roche Lobe Radius [m]: 4.794769e+07 
(BondiRadius) Bondi Radius [m]: 2.990998e+08 
(HEscapeRegime) Integer flag for H envelope escape regime []: 8.000000 
(RRCriticalFlux) Critical XUV Flux that separates RR and energy-limited escape [W/m^2]: 60.074528 
(CrossoverMass) Crossover mass, defines oxygen is escaping if mc > mo [kg]: 0.000000 
(WaterEscapeRegime) What water escape regime the code is currently in []: 8.000000 
(FXUVCRITDRAG) Critical Drag XUV flux [W/m^2]: 0.496097 
(HREFFLUX) The Hydrogen Reference Flux (m^-2 s^-1) [m^-2 s^-1]: 1.434439e+21 
(XO2) Molecular oxygen mixing ratio in atmosphere []: 0.000000 
(XH2O) Water mixing ratio in upper atmosphere []: 0.000000 
(HDiffFlux) The Hydrogen Diffusion Flux (m^-2 s^-1) [m^-2 s^-1]: 2.428854e+17 
(HRefODragMod) Multiply by H ref flux to get flux with drag []: 1.000000 
(KTide) Mass loss enhancement due to stellar gravity []: 0.774958 
(CumulativeXUVFlux) Cumulative XUV flux [W/m^2]: 0.000000 
(RunawayGreenhouseFlux) Incident flux that triggers runaway greenhouse [kg/sec^3]: 1293.633858 
(RGDuration) Runaway Greenhouse Duration [years]: 0.00000e+00

Output Order: Time[year] CumulativeXUVFlux[W/m^2]
Grid Output Order:



---- FINAL SYSTEM PROPERTIES ----
(Age) System Age [sec]: 2.273116e+17 
(Time) Simulation Time [sec]: 2.272147e+17 
(TotAngMom) Total Angular Momentum [kg*m^2/sec]: 2.355168e+42 
(TotEnergy) Total System Energy [kg*m^2/sec^2]: -9.782759e+39 
(PotEnergy) Body's non-orbital Potential Energy [kg*m^2/sec^2]: -4.142902e+40 
(KinEnergy) Body's non-orbital Kinetic Energy [kg*m^2/sec^2]: 6.204572e+32 
(DeltaTime) Average Timestep Over Last Output Interval [sec]: 1.577880e+13 

----- BODY: star ----
Active Modules: FLARE STELLAR
Module Bit Sum: 577
Color: 000000
(Mass) Mass [kg]: 3.945751e+29 
(Radius) Radius [m]: 1.504910e+08 
(RadGyra) Radius of Gyration/Moment of Inertia Constant []: 0.460180 
(RotAngMom) Rotational Angular Momentum [kg*m^2/sec]: 1.532408e+39 
(RotVel) Rotational Velocity [m/sec]: 121.864690 
(BodyType) Type of Body (0 == planet) []: 0.000000 
(RotRate) Rotational Frequency [/sec]: 8.097807e-07 
(RotPer) Rotational Period [sec]: 7.759120e+06 
(Density) Average Density [kg/m^3]: 2.763820e+04 
(HZLimitDryRunaway) Semi-major axis of Dry Runaway HZ Limit [m]: 9.340191e+09 
(HZLimRecVenus) Recent Venus HZ Limit [m]: 8.359988e+09 
(HZLimRunaway) Runaway Greenhouse HZ Limit [m]: 1.103029e+10 
(HZLimMoistGreenhouse) Moist Greenhouse HZ Limit [m]: 1.106164e+10 
(HZLimMaxGreenhouse) Maximum Greenhouse HZ Limit [m]: 2.098502e+10 
(HZLimEarlyMars) Early Mars HZ Limit [m]: 2.288651e+10 
(Instellation) Orbit-averaged INcident STELLar radiATION [kg/sec^3]: -1.000000 
(CriticalSemiMajorAxis) Holman & Wiegert (1999) P-type Critical Semi-major Axis [m]: -1.000000 
(LXUVTot) Total XUV Luminosity [LSUN]: 9.560375e-07 
(LostEnergy) Body's Total Lost Energy [kg*m^2/sec^2]: 3.164631e+40 
(LostAngMom) Lost Angular Momentum due to Magnetic Braking [kg*m^2/sec]: 2.351172e+42 
(EscapeVelocity) Escape Velocity [m/sec]: 5.915982e+05 
----- STELLAR PARAMETERS (star)------
(Luminosity) Luminosity [LSUN]: 0.004732 
(LXUVStellar) Base X-ray/XUV Luminosity [LSUN]: 5.938000e-07 
(Temperature) Effective Temperature [K]: 3257.463620 
(LXUVFrac) Fraction of luminosity in XUV []: 0.000125 
(RossbyNumber) Rossby Number []: 1.515596 
(DRotPerDtStellar) Time Rate of Change of Rotation Period in STELLAR []: 1.563565e-11 
(WindTorque) Stellar Wind Torque []: 2.990453e+21 
----- FLARE PARAMETERS (star)------
(LXUVFlare) XUV Luminosity from flares [LSUN]: 3.622158e-07 
(FlareFreq1) First value of flare frequency range [/sec]: 5.694394e-07 
(FlareFreq2) Second value of flare frequency range [/sec]: 3.912179e-07 
(FlareFreq3) Third value of flare frequency range [/sec]: 2.687757e-07 
(FlareFreq4) Fourth value of flare frequency range [/sec]: 1.846551e-07 
(FlareFreqMin) Frequency of the flares with the lowest energy [/sec]: 5.694394e-07 
(FlareFreqMid) Frequency of the flares with the middle energy in the energy range [/sec]: 1.334013e-08 
(FlareFreqMax) Frequency of the flares with the highest energy [/sec]: 3.125161e-10 
(FlareEnergy1) First value of flare energy range [kg*m^2/sec^2]: 5.334000e+25 
(FlareEnergy2) Second value of flare energy range [kg*m^2/sec^2]: 7.534475e+25 
(FlareEnergy3) Third value of flare energy range [kg*m^2/sec^2]: 1.064273e+26 
(FlareEnergy4) Fourth value of flare energy range [kg*m^2/sec^2]: 1.503325e+26 
(FlareEnergyMin) Minimum flare energy [kg*m^2/sec^2]: 5.334000e+25 
(FlareEnergyMid) Middle flare energy in the range of energy values [kg*m^2/sec^2]: 1.686759e+27 
(FlareEnergyMax) Maximum flare energy [kg*m^2/sec^2]: 5.334000e+28 
(FlareYIntOUT) Instantaneous Davenport FFD y-intercept at current age and mass []: 34.261632 
(FlareSlopeOUT) Instantaneous Davenport FFD slope at current age and mass []: -1.086858 

Output Order: Time[year] Luminosity[LSUN] LXUVStellar[LSUN] LXUVFlare[LSUN] LXUVTot[LSUN]
Grid Output Order:

----- BODY: b ----
Active Modules: AtmEsc
Module Bit Sum: 9
Color: 000000
(Mass) Mass [kg]: 9.875022e+24 
(Radius) Radius [m]: 7.248735e+06 
(RadGyra) Radius of Gyration/Moment of Inertia Constant []: 0.500000 
(BodyType) Type of Body (0 == planet) []: 0.000000 
(Density) Average Density [kg/m^3]: 6189.601583 
(HZLimitDryRunaway) Semi-major axis of Dry Runaway HZ Limit [m]: 9.340209e+09 
(HZLimRecVenus) Recent Venus HZ Limit [m]: 8.359988e+09 
(HZLimRunaway) Runaway Greenhouse HZ Limit [m]: 1.103029e+10 
(HZLimMoistGreenhouse) Moist Greenhouse HZ Limit [m]: 1.106164e+10 
(HZLimMaxGreenhouse) Maximum Greenhouse HZ Limit [m]: 2.098502e+10 
(HZLimEarlyMars) Early Mars HZ Limit [m]: 2.288651e+10 
(Instellation) Orbit-averaged INcident STELLar radiATION [kg/sec^3]: 2.591054e+04 
(MeanMotion) Orbital Mean Motion [/sec]: 4.464415e-05 
(OrbPeriod) Orbital Period [sec]: 1.407393e+05 
(SemiMajorAxis) Semi-major Axis [m]: 2.364133e+09 
(LXUVTot) Total XUV Luminosity [kg/sec^3]: -1.000000 
(EscapeVelocity) Escape Velocity [m/sec]: 1.348513e+04 
----- ATMESC PARAMETERS (b)------
(SurfWaterMass) Surface water mass [kg]: 0.000000 
(EnvelopeMass) Envelope mass [kg]: 0.000000 
(OxygenMass) Oxygen mass in the atmosphere [kg]: 0.000000 
(RGLimit) Runaway greenhouse semi-major axis [m]: 1.057326e+10 
(XO) Atomic oxygen mixing ratio in upper atmosphere []: 0.000000 
(EtaO) Oxygen eta parameter (Luger and Barnes 2015) []: 0.000000 
(PlanetRadius) Planet radius [m]: 7.248735e+06 
(OxygenMantleMass) Mass of oxygen in mantle [kg]: 0.000000 
(RadXUV) XUV radius separating hydro. dyn. escape and equilibrium [m]: -1.000000 
(RadSolid) Radius to the solid surface [m]: -1.000000 
(PresXUV) Pressure at base of thermosphere [(null)]: 5.000000 
(ScaleHeight) Scale height in Lehmer & Catling (2016) model [m]: -1.000000 
(ThermTemp) Isothermal atmospheric temperature [K]: 400.000000 
(AtmGasConst) Atmospheric gas constant [(null)]: 4124.000000 
(PresSurf) Surface pressure due to atmosphere [Pa]: -1.000000 
(DEnvMassDt) Envelope Mass Loss Rate [kg/s]: 0.000000 
(FXUV) XUV flux [W/m^2]: 5.235176 
(AtmXAbsEffH2O) XUV atmospheric escape efficiency for H2O []: 0.300000 
(RocheRadius) Roche Lobe Radius [m]: 4.794769e+07 
(BondiRadius) Bondi Radius [m]: 5.999122e+08 
(HEscapeRegime) Integer flag for H envelope escape regime []: 8.000000 
(RRCriticalFlux) Critical XUV Flux that separates RR and energy-limited escape [W/m^2]: 60.074528 
(CrossoverMass) Crossover mass, defines oxygen is escaping if mc > mo [kg]: 0.000000 
(WaterEscapeRegime) What water escape regime the code is currently in []: 8.000000 
(FXUVCRITDRAG) Critical Drag XUV flux [W/m^2]: 0.496097 
(HREFFLUX) The Hydrogen Reference Flux (m^-2 s^-1) [m^-2 s^-1]: 3.355717e+18 
(XO2) Molecular oxygen mixing ratio in atmosphere []: 0.000000 
(XH2O) Water mixing ratio in upper atmosphere []: 0.000000 
(HDiffFlux) The Hydrogen Diffusion Flux (m^-2 s^-1) [m^-2 s^-1]: 2.428854e+17 
(HRefODragMod) Multiply by H ref flux to get flux with drag []: 1.000000 
(KTide) Mass loss enhancement due to stellar gravity []: 0.774958 
(CumulativeXUVFlux) Cumulative XUV flux [W/m^2]: 7.207697e+18 
(RunawayGreenhouseFlux) Incident flux that triggers runaway greenhouse [kg/sec^3]: 1295.391179 
(RGDuration) Runaway Greenhouse Duration [years]: 0.00000e+00

Output Order: Time[year] CumulativeXUVFlux[W/m^2]
Grid Output Order:
