-------- Log file gj1132.log -------

Executable: /home/vplanet/.local/bin/vplanet
Version: Unknown
System Name: gj1132
Primary Input File: vpl.in
Body File #1: star.in
Body File #2: b.in
Allow files to be overwitten: Yes
Mass Units: Grams
Length Units: Meters
Time Units: Seconds
Angle Units: Radians

------- FORMATTING -----
Verbosity Level: 5
Crossover Decade for Scientific Notation: 4
Number of Digits After Decimal: 6
Integration Method: Runge-Kutta4
Direction: Forward
Time Step: 3.155760e+07
Stop Time: 2.335827e+17
Output Interval: 3.155760e+13
Use Variable Timestep: Yes
dEta: 0.010000
Minimum Value of ecc and obl: 1.000000e-10


---- INITIAL SYSTEM PROPERTIES ----
(Age) System Age [sec]: 1.574943e+14 
(Time) Simulation Time [sec]: 0.000000 
(TotAngMom) Total Angular Momentum [kg*m^2/sec]: 1.546558e+42 
(TotEnergy) Total System Energy [kg*m^2/sec^2]: -1.131416e+40 
(PotEnergy) Body's non-orbital Potential Energy [kg*m^2/sec^2]: -1.137025e+40 
(KinEnergy) Body's non-orbital Kinetic Energy [kg*m^2/sec^2]: 5.614647e+37 
(DeltaTime) Average Timestep Over Last Output Interval [sec]: 0.000000 

----- BODY: star ----
Active Modules: FLARE STELLAR
Module Bit Sum: 577
Color: 000000
(Mass) Mass [kg]: 3.829901e+29 
(Radius) Radius [m]: 5.166073e+08 
(RadGyra) Radius of Gyration/Moment of Inertia Constant []: 0.455781 
(RotAngMom) Rotational Angular Momentum [kg*m^2/sec]: 1.544139e+42 
(RotVel) Rotational Velocity [m/sec]: 3.756874e+04 
(BodyType) Type of Body (0 == planet) []: 0.000000 
(RotRate) Rotational Frequency [/sec]: 7.272205e-05 
(RotPer) Rotational Period [sec]: 8.640000e+04 
(Density) Average Density [kg/m^3]: 663.158427 
(HZLimitDryRunaway) Semi-major axis of Dry Runaway HZ Limit [m]: 3.094976e+10 
(HZLimRecVenus) Recent Venus HZ Limit [m]: 2.773325e+10 
(HZLimRunaway) Runaway Greenhouse HZ Limit [m]: 3.657244e+10 
(HZLimMoistGreenhouse) Moist Greenhouse HZ Limit [m]: 3.669565e+10 
(HZLimMaxGreenhouse) Maximum Greenhouse HZ Limit [m]: 6.977089e+10 
(HZLimEarlyMars) Early Mars HZ Limit [m]: 7.609266e+10 
(Instellation) Orbit-averaged INcident STELLar radiATION [kg/sec^3]: -1.000000 
(CriticalSemiMajorAxis) Holman & Wiegert (1999) P-type Critical Semi-major Axis [m]: -1.000000 
(LXUVTot) Total XUV Luminosity [LSUN]: 0.000251 
(LostEnergy) Body's Total Lost Energy [kg*m^2/sec^2]: 5.562685e-309 
(LostAngMom) Lost Angular Momentum due to Magnetic Braking [kg*m^2/sec]: 5.562685e-309 
(EscapeVelocity) Escape Velocity [m/sec]: 3.145797e+05 
----- STELLAR PARAMETERS (star)------
(Luminosity) Luminosity [LSUN]: 0.051954 
(LXUVStellar) Base X-ray/XUV Luminosity [LSUN]: 0.000239 
(Temperature) Effective Temperature [K]: 3198.931018 
(LXUVFrac) Fraction of luminosity in XUV []: 0.004607 
(RossbyNumber) Rossby Number []: 0.016378 
(DRotPerDtStellar) Time Rate of Change of Rotation Period in STELLAR []: -1.258591e-10 
(WindTorque) Stellar Wind Torque []: 5.026666e+27 
----- FLARE PARAMETERS (star)------
(LXUVFlare) XUV Luminosity from flares [LSUN]: 1.196181e-05 
(FlareFreq1) First value of flare frequency range [/sec]: 1.834826e-06 
(FlareFreq2) Second value of flare frequency range [/sec]: 1.480030e-06 
(FlareFreq3) Third value of flare frequency range [/sec]: 1.193840e-06 
(FlareFreq4) Fourth value of flare frequency range [/sec]: 9.629897e-07 
(FlareFreqMin) Frequency of the flares with the lowest energy [/sec]: 1.834826e-06 
(FlareFreqMid) Frequency of the flares with the middle energy in the energy range [/sec]: 2.139688e-07 
(FlareFreqMax) Frequency of the flares with the highest energy [/sec]: 2.495204e-08 
(FlareEnergy1) First value of flare energy range [kg*m^2/sec^2]: 5.334000e+25 
(FlareEnergy2) Second value of flare energy range [kg*m^2/sec^2]: 7.534475e+25 
(FlareEnergy3) Third value of flare energy range [kg*m^2/sec^2]: 1.064273e+26 
(FlareEnergy4) Fourth value of flare energy range [kg*m^2/sec^2]: 1.503325e+26 
(FlareEnergyMin) Minimum flare energy [kg*m^2/sec^2]: 5.334000e+25 
(FlareEnergyMid) Middle flare energy in the range of energy values [kg*m^2/sec^2]: 1.686759e+27 
(FlareEnergyMax) Maximum flare energy [kg*m^2/sec^2]: 5.334000e+28 
(FlareYIntOUT) Instantaneous Davenport FFD y-intercept at current age and mass []: 19.561670 
(FlareSlopeOUT) Instantaneous Davenport FFD slope at current age and mass []: -0.622163 

Output Order: Time[year] Luminosity[LSUN] LXUVStellar[LSUN] LXUVFlare[LSUN] LXUVTot[LSUN]
Grid Output Order:

----- BODY: b ----
Active Modules: AtmEsc
Module Bit Sum: 9
Color: 000000
(Mass) Mass [kg]: 9.887941e+24 
(Radius) Radius [m]: 7.147810e+06 
(RadGyra) Radius of Gyration/Moment of Inertia Constant []: 0.500000 
(BodyType) Type of Body (0 == planet) []: 0.000000 
(Density) Average Density [kg/m^3]: 6463.953554 
(HZLimitDryRunaway) Semi-major axis of Dry Runaway HZ Limit [m]: 3.094986e+10 
(HZLimRecVenus) Recent Venus HZ Limit [m]: 2.773325e+10 
(HZLimRunaway) Runaway Greenhouse HZ Limit [m]: 3.657244e+10 
(HZLimMoistGreenhouse) Moist Greenhouse HZ Limit [m]: 3.669565e+10 
(HZLimMaxGreenhouse) Maximum Greenhouse HZ Limit [m]: 6.977089e+10 
(HZLimEarlyMars) Early Mars HZ Limit [m]: 7.609266e+10 
(Instellation) Orbit-averaged INcident STELLar radiATION [kg/sec^3]: 2.902051e+05 
(MeanMotion) Orbital Mean Motion [/sec]: 4.464392e-05 
(OrbPeriod) Orbital Period [sec]: 1.407400e+05 
(SemiMajorAxis) Semi-major Axis [m]: 2.340774e+09 
(LXUVTot) Total XUV Luminosity [kg/sec^3]: -1.000000 
(EscapeVelocity) Escape Velocity [m/sec]: 1.358888e+04 
----- ATMESC PARAMETERS (b)------
(SurfWaterMass) Surface water mass [kg]: 0.000000 
(EnvelopeMass) Envelope mass [kg]: 0.000000 
(OxygenMass) Oxygen mass in the atmosphere [kg]: 0.000000 
(RGLimit) Runaway greenhouse semi-major axis [m]: 3.505519e+10 
(XO) Atomic oxygen mixing ratio in upper atmosphere []: 0.000000 
(EtaO) Oxygen eta parameter (Luger and Barnes 2015) []: 0.000000 
(PlanetRadius) Planet radius [m]: 7.147810e+06 
(OxygenMantleMass) Mass of oxygen in mantle [kg]: 0.000000 
(RadXUV) XUV radius separating hydro. dyn. escape and equilibrium [m]: -1.000000 
(RadSolid) Radius to the solid surface [m]: -1.000000 
(PresXUV) Pressure at base of thermosphere [(null)]: 5.000000 
(ScaleHeight) Scale height in Lehmer & Catling (2016) model [m]: -1.000000 
(ThermTemp) Isothermal atmospheric temperature [K]: 400.000000 
(AtmGasConst) Atmospheric gas constant [(null)]: 4124.000000 
(PresSurf) Surface pressure due to atmosphere [Pa]: -1.000000 
(DEnvMassDt) Envelope Mass Loss Rate [kg/s]: 0.000000 
(FXUV) XUV flux [W/m^2]: 1403.789656 
(AtmXAbsEffH2O) XUV atmospheric escape efficiency for H2O []: 0.300000 
(RocheRadius) Roche Lobe Radius [m]: 4.796876e+07 
(BondiRadius) Bondi Radius [m]: 3.317886e+08 
(HEscapeRegime) Integer flag for H envelope escape regime []: 8.000000 
(RRCriticalFlux) Critical XUV Flux that separates RR and energy-limited escape [W/m^2]: 63.336366 
(CrossoverMass) Crossover mass, defines oxygen is escaping if mc > mo [kg]: 0.000000 
(WaterEscapeRegime) What water escape regime the code is currently in []: 8.000000 
(FXUVCRITDRAG) Critical Drag XUV flux [W/m^2]: 0.518764 
(HREFFLUX) The Hydrogen Reference Flux (m^-2 s^-1) [m^-2 s^-1]: 8.825094e+20 
(XO2) Molecular oxygen mixing ratio in atmosphere []: 0.000000 
(XH2O) Water mixing ratio in upper atmosphere []: 0.000000 
(HDiffFlux) The Hydrogen Diffusion Flux (m^-2 s^-1) [m^-2 s^-1]: 2.501196e+17 
(HRefODragMod) Multiply by H ref flux to get flux with drag []: 1.000000 
(KTide) Mass loss enhancement due to stellar gravity []: 0.778140 
(CumulativeXUVFlux) Cumulative XUV flux [W/m^2]: 0.000000 
(RunawayGreenhouseFlux) Incident flux that triggers runaway greenhouse [kg/sec^3]: 1293.946845 
(RGDuration) Runaway Greenhouse Duration [years]: 0.00000e+00

Output Order: Time[year] CumulativeXUVFlux[W/m^2]
Grid Output Order:



---- FINAL SYSTEM PROPERTIES ----
(Age) System Age [sec]: 2.337468e+17 
(Time) Simulation Time [sec]: 2.335894e+17 
(TotAngMom) Total Angular Momentum [kg*m^2/sec]: 1.545074e+42 
(TotEnergy) Total System Energy [kg*m^2/sec^2]: -1.132227e+40 
(PotEnergy) Body's non-orbital Potential Energy [kg*m^2/sec^2]: -4.050962e+40 
(KinEnergy) Body's non-orbital Kinetic Energy [kg*m^2/sec^2]: 5.820972e+32 
(DeltaTime) Average Timestep Over Last Output Interval [sec]: 1.577880e+13 

----- BODY: star ----
Active Modules: FLARE STELLAR
Module Bit Sum: 577
Color: 000000
(Mass) Mass [kg]: 3.829901e+29 
(Radius) Radius [m]: 1.450015e+08 
(RadGyra) Radius of Gyration/Moment of Inertia Constant []: 0.460435 
(RotAngMom) Rotational Angular Momentum [kg*m^2/sec]: 1.409767e+39 
(RotVel) Rotational Velocity [m/sec]: 119.743191 
(BodyType) Type of Body (0 == planet) []: 0.000000 
(RotRate) Rotational Frequency [/sec]: 8.258064e-07 
(RotPer) Rotational Period [sec]: 7.608545e+06 
(Density) Average Density [kg/m^3]: 2.999033e+04 
(HZLimitDryRunaway) Semi-major axis of Dry Runaway HZ Limit [m]: 8.930513e+09 
(HZLimRecVenus) Recent Venus HZ Limit [m]: 7.996049e+09 
(HZLimRunaway) Runaway Greenhouse HZ Limit [m]: 1.054844e+10 
(HZLimMoistGreenhouse) Moist Greenhouse HZ Limit [m]: 1.058009e+10 
(HZLimMaxGreenhouse) Maximum Greenhouse HZ Limit [m]: 2.008490e+10 
(HZLimEarlyMars) Early Mars HZ Limit [m]: 2.190481e+10 
(Instellation) Orbit-averaged INcident STELLar radiATION [kg/sec^3]: -1.000000 
(CriticalSemiMajorAxis) Holman & Wiegert (1999) P-type Critical Semi-major Axis [m]: -1.000000 
(LXUVTot) Total XUV Luminosity [LSUN]: 8.900211e-07 
(LostEnergy) Body's Total Lost Energy [kg*m^2/sec^2]: 2.918740e+40 
(LostAngMom) Lost Angular Momentum due to Magnetic Braking [kg*m^2/sec]: 1.541246e+42 
(EscapeVelocity) Escape Velocity [m/sec]: 5.937788e+05 
----- STELLAR PARAMETERS (star)------
(Luminosity) Luminosity [LSUN]: 0.004326 
(LXUVStellar) Base X-ray/XUV Luminosity [LSUN]: 5.416039e-07 
(Temperature) Effective Temperature [K]: 3239.963086 
(LXUVFrac) Fraction of luminosity in XUV []: 0.000125 
(RossbyNumber) Rossby Number []: 1.472922 
(DRotPerDtStellar) Time Rate of Change of Rotation Period in STELLAR []: 1.489377e-11 
(WindTorque) Stellar Wind Torque []: 2.759627e+21 
----- FLARE PARAMETERS (star)------
(LXUVFlare) XUV Luminosity from flares [LSUN]: 3.483970e-07 
(FlareFreq1) First value of flare frequency range [/sec]: 5.544037e-07 
(FlareFreq2) Second value of flare frequency range [/sec]: 3.805073e-07 
(FlareFreq3) Third value of flare frequency range [/sec]: 2.611559e-07 
(FlareFreq4) Fourth value of flare frequency range [/sec]: 1.792408e-07 
(FlareFreqMin) Frequency of the flares with the lowest energy [/sec]: 5.544037e-07 
(FlareFreqMid) Frequency of the flares with the middle energy in the energy range [/sec]: 1.285864e-08 
(FlareFreqMax) Frequency of the flares with the highest energy [/sec]: 2.982388e-10 
(FlareEnergy1) First value of flare energy range [kg*m^2/sec^2]: 5.334000e+25 
(FlareEnergy2) Second value of flare energy range [kg*m^2/sec^2]: 7.534475e+25 
(FlareEnergy3) Third value of flare energy range [kg*m^2/sec^2]: 1.064273e+26 
(FlareEnergy4) Fourth value of flare energy range [kg*m^2/sec^2]: 1.503325e+26 
(FlareEnergyMin) Minimum flare energy [kg*m^2/sec^2]: 5.334000e+25 
(FlareEnergyMid) Middle flare energy in the range of energy values [kg*m^2/sec^2]: 1.686759e+27 
(FlareEnergyMax) Maximum flare energy [kg*m^2/sec^2]: 5.334000e+28 
(FlareYIntOUT) Instantaneous Davenport FFD y-intercept at current age and mass []: 34.344776 
(FlareSlopeOUT) Instantaneous Davenport FFD slope at current age and mass []: -1.089754 

Output Order: Time[year] Luminosity[LSUN] LXUVStellar[LSUN] LXUVFlare[LSUN] LXUVTot[LSUN]
Grid Output Order:

----- BODY: b ----
Active Modules: AtmEsc
Module Bit Sum: 9
Color: 000000
(Mass) Mass [kg]: 9.887941e+24 
(Radius) Radius [m]: 7.147810e+06 
(RadGyra) Radius of Gyration/Moment of Inertia Constant []: 0.500000 
(BodyType) Type of Body (0 == planet) []: 0.000000 
(Density) Average Density [kg/m^3]: 6463.953554 
(HZLimitDryRunaway) Semi-major axis of Dry Runaway HZ Limit [m]: 8.930543e+09 
(HZLimRecVenus) Recent Venus HZ Limit [m]: 7.996049e+09 
(HZLimRunaway) Runaway Greenhouse HZ Limit [m]: 1.054844e+10 
(HZLimMoistGreenhouse) Moist Greenhouse HZ Limit [m]: 1.058009e+10 
(HZLimMaxGreenhouse) Maximum Greenhouse HZ Limit [m]: 2.008490e+10 
(HZLimEarlyMars) Early Mars HZ Limit [m]: 2.190481e+10 
(Instellation) Orbit-averaged INcident STELLar radiATION [kg/sec^3]: 2.416258e+04 
(MeanMotion) Orbital Mean Motion [/sec]: 4.464392e-05 
(OrbPeriod) Orbital Period [sec]: 1.407400e+05 
(SemiMajorAxis) Semi-major Axis [m]: 2.340774e+09 
(LXUVTot) Total XUV Luminosity [kg/sec^3]: -1.000000 
(EscapeVelocity) Escape Velocity [m/sec]: 1.358888e+04 
----- ATMESC PARAMETERS (b)------
(SurfWaterMass) Surface water mass [kg]: 0.000000 
(EnvelopeMass) Envelope mass [kg]: 0.000000 
(OxygenMass) Oxygen mass in the atmosphere [kg]: 0.000000 
(RGLimit) Runaway greenhouse semi-major axis [m]: 1.011098e+10 
(XO) Atomic oxygen mixing ratio in upper atmosphere []: 0.000000 
(EtaO) Oxygen eta parameter (Luger and Barnes 2015) []: 0.000000 
(PlanetRadius) Planet radius [m]: 7.147810e+06 
(OxygenMantleMass) Mass of oxygen in mantle [kg]: 0.000000 
(RadXUV) XUV radius separating hydro. dyn. escape and equilibrium [m]: -1.000000 
(RadSolid) Radius to the solid surface [m]: -1.000000 
(PresXUV) Pressure at base of thermosphere [(null)]: 5.000000 
(ScaleHeight) Scale height in Lehmer & Catling (2016) model [m]: -1.000000 
(ThermTemp) Isothermal atmospheric temperature [K]: 400.000000 
(AtmGasConst) Atmospheric gas constant [(null)]: 4124.000000 
(PresSurf) Surface pressure due to atmosphere [Pa]: -1.000000 
(DEnvMassDt) Envelope Mass Loss Rate [kg/s]: 0.000000 
(FXUV) XUV flux [W/m^2]: 4.971440 
(AtmXAbsEffH2O) XUV atmospheric escape efficiency for H2O []: 0.300000 
(RocheRadius) Roche Lobe Radius [m]: 4.796876e+07 
(BondiRadius) Bondi Radius [m]: 6.183298e+08 
(HEscapeRegime) Integer flag for H envelope escape regime []: 8.000000 
(RRCriticalFlux) Critical XUV Flux that separates RR and energy-limited escape [W/m^2]: 63.336366 
(CrossoverMass) Crossover mass, defines oxygen is escaping if mc > mo [kg]: 0.000000 
(WaterEscapeRegime) What water escape regime the code is currently in []: 8.000000 
(FXUVCRITDRAG) Critical Drag XUV flux [W/m^2]: 0.518764 
(HREFFLUX) The Hydrogen Reference Flux (m^-2 s^-1) [m^-2 s^-1]: 3.125356e+18 
(XO2) Molecular oxygen mixing ratio in atmosphere []: 0.000000 
(XH2O) Water mixing ratio in upper atmosphere []: 0.000000 
(HDiffFlux) The Hydrogen Diffusion Flux (m^-2 s^-1) [m^-2 s^-1]: 2.501196e+17 
(HRefODragMod) Multiply by H ref flux to get flux with drag []: 1.000000 
(KTide) Mass loss enhancement due to stellar gravity []: 0.778140 
(CumulativeXUVFlux) Cumulative XUV flux [W/m^2]: 4.863184e+18 
(RunawayGreenhouseFlux) Incident flux that triggers runaway greenhouse [kg/sec^3]: 1295.009908 
(RGDuration) Runaway Greenhouse Duration [years]: 0.00000e+00

Output Order: Time[year] CumulativeXUVFlux[W/m^2]
Grid Output Order:
