-------- Log file gj1132.log -------

Executable: /home/vplanet/.local/bin/vplanet
Version: Unknown
System Name: gj1132
Primary Input File: vpl.in
Body File #1: star.in
Body File #2: b.in
Allow files to be overwitten: Yes
Mass Units: Grams
Length Units: Meters
Time Units: Seconds
Angle Units: Radians

------- FORMATTING -----
Verbosity Level: 5
Crossover Decade for Scientific Notation: 4
Number of Digits After Decimal: 6
Integration Method: Runge-Kutta4
Direction: Forward
Time Step: 3.155760e+07
Stop Time: 1.908663e+17
Output Interval: 3.155760e+13
Use Variable Timestep: Yes
dEta: 0.010000
Minimum Value of ecc and obl: 1.000000e-10


---- INITIAL SYSTEM PROPERTIES ----
(Age) System Age [sec]: 9.880488e+13 
(Time) Simulation Time [sec]: 0.000000 
(TotAngMom) Total Angular Momentum [kg*m^2/sec]: 2.239098e+42 
(TotEnergy) Total System Energy [kg*m^2/sec^2]: -9.627128e+39 
(PotEnergy) Body's non-orbital Potential Energy [kg*m^2/sec^2]: -9.708405e+39 
(KinEnergy) Body's non-orbital Kinetic Energy [kg*m^2/sec^2]: 8.133032e+37 
(DeltaTime) Average Timestep Over Last Output Interval [sec]: 0.000000 

----- BODY: star ----
Active Modules: FLARE STELLAR
Module Bit Sum: 577
Color: 000000
(Mass) Mass [kg]: 3.881031e+29 
(Radius) Radius [m]: 6.213008e+08 
(RadGyra) Radius of Gyration/Moment of Inertia Constant []: 0.453106 
(RotAngMom) Rotational Angular Momentum [kg*m^2/sec]: 2.236744e+42 
(RotVel) Rotational Velocity [m/sec]: 4.518227e+04 
(BodyType) Type of Body (0 == planet) []: 0.000000 
(RotRate) Rotational Frequency [/sec]: 7.272205e-05 
(RotPer) Rotational Period [sec]: 8.640000e+04 
(Density) Average Density [kg/m^3]: 386.324925 
(HZLimitDryRunaway) Semi-major axis of Dry Runaway HZ Limit [m]: 3.674979e+10 
(HZLimRecVenus) Recent Venus HZ Limit [m]: 3.294349e+10 
(HZLimRunaway) Runaway Greenhouse HZ Limit [m]: 4.343532e+10 
(HZLimMoistGreenhouse) Moist Greenhouse HZ Limit [m]: 4.358966e+10 
(HZLimMaxGreenhouse) Maximum Greenhouse HZ Limit [m]: 8.294398e+10 
(HZLimEarlyMars) Early Mars HZ Limit [m]: 9.045923e+10 
(Instellation) Orbit-averaged INcident STELLar radiATION [kg/sec^3]: -1.000000 
(CriticalSemiMajorAxis) Holman & Wiegert (1999) P-type Critical Semi-major Axis [m]: -1.000000 
(LXUVTot) Total XUV Luminosity [LSUN]: 0.000204 
(LostEnergy) Body's Total Lost Energy [kg*m^2/sec^2]: 5.562685e-309 
(LostAngMom) Lost Angular Momentum due to Magnetic Braking [kg*m^2/sec]: 5.562685e-309 
(EscapeVelocity) Escape Velocity [m/sec]: 2.887618e+05 
----- STELLAR PARAMETERS (star)------
(Luminosity) Luminosity [LSUN]: 0.073252 
(LXUVStellar) Base X-ray/XUV Luminosity [LSUN]: 0.000204 
(Temperature) Effective Temperature [K]: 3178.220863 
(LXUVFrac) Fraction of luminosity in XUV []: 0.002778 
(RossbyNumber) Rossby Number []: 0.016205 
(DRotPerDtStellar) Time Rate of Change of Rotation Period in STELLAR []: -1.611801e-10 
(WindTorque) Stellar Wind Torque []: 1.333095e+28 
----- FLARE PARAMETERS (star)------
(LXUVFlare) XUV Luminosity from flares [LSUN]: 8.518122e-07 
(FlareFreq1) First value of flare frequency range [/sec]: 2.995503e-05 
(FlareFreq2) Second value of flare frequency range [/sec]: 2.614642e-05 
(FlareFreq3) Third value of flare frequency range [/sec]: 2.282206e-05 
(FlareFreq4) Fourth value of flare frequency range [/sec]: 1.992037e-05 
(FlareFreqMin) Frequency of the flares with the lowest energy [/sec]: 2.995503e-05 
(FlareFreqMid) Frequency of the flares with the middle energy in the energy range [/sec]: 7.689451e-06 
(FlareFreqMax) Frequency of the flares with the highest energy [/sec]: 1.973881e-06 
(FlareEnergy1) First value of flare energy range [kg*m^2/sec^2]: 5.334000e+23 
(FlareEnergy2) Second value of flare energy range [kg*m^2/sec^2]: 6.715108e+23 
(FlareEnergy3) Third value of flare energy range [kg*m^2/sec^2]: 8.453820e+23 
(FlareEnergy4) Fourth value of flare energy range [kg*m^2/sec^2]: 1.064273e+24 
(FlareEnergyMin) Minimum flare energy [kg*m^2/sec^2]: 5.334000e+23 
(FlareEnergyMid) Middle flare energy in the range of energy values [kg*m^2/sec^2]: 5.334000e+24 
(FlareEnergyMax) Maximum flare energy [kg*m^2/sec^2]: 5.334000e+25 
(FlareYIntOUT) Instantaneous Davenport FFD y-intercept at current age and mass []: 18.559592 
(FlareSlopeOUT) Instantaneous Davenport FFD slope at current age and mass []: -0.590574 

Output Order: Time[year] Luminosity[LSUN] LXUVStellar[LSUN] LXUVFlare[LSUN] LXUVTot[LSUN]
Grid Output Order:

----- BODY: b ----
Active Modules: AtmEsc
Module Bit Sum: 9
Color: 000000
(Mass) Mass [kg]: 9.536530e+24 
(Radius) Radius [m]: 7.384540e+06 
(RadGyra) Radius of Gyration/Moment of Inertia Constant []: 0.500000 
(BodyType) Type of Body (0 == planet) []: 0.000000 
(Density) Average Density [kg/m^3]: 5653.682292 
(HZLimitDryRunaway) Semi-major axis of Dry Runaway HZ Limit [m]: 3.674983e+10 
(HZLimRecVenus) Recent Venus HZ Limit [m]: 3.294349e+10 
(HZLimRunaway) Runaway Greenhouse HZ Limit [m]: 4.343532e+10 
(HZLimMoistGreenhouse) Moist Greenhouse HZ Limit [m]: 4.358966e+10 
(HZLimMaxGreenhouse) Maximum Greenhouse HZ Limit [m]: 8.294398e+10 
(HZLimEarlyMars) Early Mars HZ Limit [m]: 9.045923e+10 
(Instellation) Orbit-averaged INcident STELLar radiATION [kg/sec^3]: 4.055828e+05 
(MeanMotion) Orbital Mean Motion [/sec]: 4.464543e-05 
(OrbPeriod) Orbital Period [sec]: 1.407352e+05 
(SemiMajorAxis) Semi-major Axis [m]: 2.351091e+09 
(LXUVTot) Total XUV Luminosity [kg/sec^3]: -1.000000 
(EscapeVelocity) Escape Velocity [m/sec]: 1.312958e+04 
----- ATMESC PARAMETERS (b)------
(SurfWaterMass) Surface water mass [kg]: 0.000000 
(EnvelopeMass) Envelope mass [kg]: 0.000000 
(OxygenMass) Oxygen mass in the atmosphere [kg]: 0.000000 
(RGLimit) Runaway greenhouse semi-major axis [m]: 4.166799e+10 
(XO) Atomic oxygen mixing ratio in upper atmosphere []: 0.000000 
(EtaO) Oxygen eta parameter (Luger and Barnes 2015) []: 0.000000 
(PlanetRadius) Planet radius [m]: 7.384540e+06 
(OxygenMantleMass) Mass of oxygen in mantle [kg]: 0.000000 
(RadXUV) XUV radius separating hydro. dyn. escape and equilibrium [m]: -1.000000 
(RadSolid) Radius to the solid surface [m]: -1.000000 
(PresXUV) Pressure at base of thermosphere [(null)]: 5.000000 
(ScaleHeight) Scale height in Lehmer & Catling (2016) model [m]: -1.000000 
(ThermTemp) Isothermal atmospheric temperature [K]: 400.000000 
(AtmGasConst) Atmospheric gas constant [(null)]: 4124.000000 
(PresSurf) Surface pressure due to atmosphere [Pa]: -1.000000 
(DEnvMassDt) Envelope Mass Loss Rate [kg/s]: 0.000000 
(FXUV) XUV flux [W/m^2]: 1131.570063 
(AtmXAbsEffH2O) XUV atmospheric escape efficiency for H2O []: 0.300000 
(RocheRadius) Roche Lobe Radius [m]: 4.739255e+07 
(BondiRadius) Bondi Radius [m]: 2.930496e+08 
(HEscapeRegime) Integer flag for H envelope escape regime []: 8.000000 
(RRCriticalFlux) Critical XUV Flux that separates RR and energy-limited escape [W/m^2]: 52.067497 
(CrossoverMass) Crossover mass, defines oxygen is escaping if mc > mo [kg]: 0.000000 
(WaterEscapeRegime) What water escape regime the code is currently in []: 8.000000 
(FXUVCRITDRAG) Critical Drag XUV flux [W/m^2]: 0.437611 
(HREFFLUX) The Hydrogen Reference Flux (m^-2 s^-1) [m^-2 s^-1]: 7.719102e+20 
(XO2) Molecular oxygen mixing ratio in atmosphere []: 0.000000 
(XH2O) Water mixing ratio in upper atmosphere []: 0.000000 
(HDiffFlux) The Hydrogen Diffusion Flux (m^-2 s^-1) [m^-2 s^-1]: 2.260119e+17 
(HRefODragMod) Multiply by H ref flux to get flux with drag []: 1.000000 
(KTide) Mass loss enhancement due to stellar gravity []: 0.768167 
(CumulativeXUVFlux) Cumulative XUV flux [W/m^2]: 0.000000 
(RunawayGreenhouseFlux) Incident flux that triggers runaway greenhouse [kg/sec^3]: 1291.255621 
(RGDuration) Runaway Greenhouse Duration [years]: 0.00000e+00

Output Order: Time[year] CumulativeXUVFlux[W/m^2]
Grid Output Order:



---- FINAL SYSTEM PROPERTIES ----
(Age) System Age [sec]: 1.909901e+17 
(Time) Simulation Time [sec]: 1.908913e+17 
(TotAngMom) Total Angular Momentum [kg*m^2/sec]: 2.244683e+42 
(TotEnergy) Total System Energy [kg*m^2/sec^2]: -9.620730e+39 
(PotEnergy) Body's non-orbital Potential Energy [kg*m^2/sec^2]: -4.117913e+40 
(KinEnergy) Body's non-orbital Kinetic Energy [kg*m^2/sec^2]: 7.384003e+32 
(DeltaTime) Average Timestep Over Last Output Interval [sec]: 3.155760e+13 

----- BODY: star ----
Active Modules: FLARE STELLAR
Module Bit Sum: 577
Color: 000000
(Mass) Mass [kg]: 3.881031e+29 
(Radius) Radius [m]: 1.464781e+08 
(RadGyra) Radius of Gyration/Moment of Inertia Constant []: 0.460425 
(RotAngMom) Rotational Angular Momentum [kg*m^2/sec]: 1.614603e+39 
(RotVel) Rotational Velocity [m/sec]: 133.976513 
(BodyType) Type of Body (0 == planet) []: 0.000000 
(RotRate) Rotational Frequency [/sec]: 9.146524e-07 
(RotPer) Rotational Period [sec]: 6.869479e+06 
(Density) Average Density [kg/m^3]: 2.948090e+04 
(HZLimitDryRunaway) Semi-major axis of Dry Runaway HZ Limit [m]: 9.069450e+09 
(HZLimRecVenus) Recent Venus HZ Limit [m]: 8.119310e+09 
(HZLimRunaway) Runaway Greenhouse HZ Limit [m]: 1.071174e+10 
(HZLimMoistGreenhouse) Moist Greenhouse HZ Limit [m]: 1.074318e+10 
(HZLimMaxGreenhouse) Maximum Greenhouse HZ Limit [m]: 2.038894e+10 
(HZLimEarlyMars) Early Mars HZ Limit [m]: 2.223640e+10 
(Instellation) Orbit-averaged INcident STELLar radiATION [kg/sec^3]: -1.000000 
(CriticalSemiMajorAxis) Holman & Wiegert (1999) P-type Critical Semi-major Axis [m]: -1.000000 
(LXUVTot) Total XUV Luminosity [LSUN]: 7.117725e-07 
(LostEnergy) Body's Total Lost Energy [kg*m^2/sec^2]: 3.155846e+40 
(LostAngMom) Lost Angular Momentum due to Magnetic Braking [kg*m^2/sec]: 2.240715e+42 
(EscapeVelocity) Escape Velocity [m/sec]: 5.947089e+05 
----- STELLAR PARAMETERS (star)------
(Luminosity) Luminosity [LSUN]: 0.004461 
(LXUVStellar) Base X-ray/XUV Luminosity [LSUN]: 3.223158e-07 
(Temperature) Effective Temperature [K]: 3247.125539 
(LXUVFrac) Fraction of luminosity in XUV []: 7.224554e-05 
(RossbyNumber) Rossby Number []: 1.334736 
(DRotPerDtStellar) Time Rate of Change of Rotation Period in STELLAR []: 2.006223e-11 
(WindTorque) Stellar Wind Torque []: 4.812455e+21 
----- FLARE PARAMETERS (star)------
(LXUVFlare) XUV Luminosity from flares [LSUN]: 3.894517e-07 
(FlareFreq1) First value of flare frequency range [/sec]: 8.251867e-05 
(FlareFreq2) Second value of flare frequency range [/sec]: 6.439234e-05 
(FlareFreq3) Third value of flare frequency range [/sec]: 5.024771e-05 
(FlareFreq4) Fourth value of flare frequency range [/sec]: 3.921013e-05 
(FlareFreqMin) Frequency of the flares with the lowest energy [/sec]: 8.251867e-05 
(FlareFreqMid) Frequency of the flares with the middle energy in the energy range [/sec]: 6.908317e-06 
(FlareFreqMax) Frequency of the flares with the highest energy [/sec]: 5.783521e-07 
(FlareEnergy1) First value of flare energy range [kg*m^2/sec^2]: 5.334000e+23 
(FlareEnergy2) Second value of flare energy range [kg*m^2/sec^2]: 6.715108e+23 
(FlareEnergy3) Third value of flare energy range [kg*m^2/sec^2]: 8.453820e+23 
(FlareEnergy4) Fourth value of flare energy range [kg*m^2/sec^2]: 1.064273e+24 
(FlareEnergyMin) Minimum flare energy [kg*m^2/sec^2]: 5.334000e+23 
(FlareEnergyMid) Middle flare energy in the range of energy values [kg*m^2/sec^2]: 5.334000e+24 
(FlareEnergyMax) Maximum flare energy [kg*m^2/sec^2]: 5.334000e+25 
(FlareYIntOUT) Instantaneous Davenport FFD y-intercept at current age and mass []: 33.951632 
(FlareSlopeOUT) Instantaneous Davenport FFD slope at current age and mass []: -1.077180 

Output Order: Time[year] Luminosity[LSUN] LXUVStellar[LSUN] LXUVFlare[LSUN] LXUVTot[LSUN]
Grid Output Order:

----- BODY: b ----
Active Modules: AtmEsc
Module Bit Sum: 9
Color: 000000
(Mass) Mass [kg]: 9.536530e+24 
(Radius) Radius [m]: 7.384540e+06 
(RadGyra) Radius of Gyration/Moment of Inertia Constant []: 0.500000 
(BodyType) Type of Body (0 == planet) []: 0.000000 
(Density) Average Density [kg/m^3]: 5653.682292 
(HZLimitDryRunaway) Semi-major axis of Dry Runaway HZ Limit [m]: 9.069461e+09 
(HZLimRecVenus) Recent Venus HZ Limit [m]: 8.119310e+09 
(HZLimRunaway) Runaway Greenhouse HZ Limit [m]: 1.071174e+10 
(HZLimMoistGreenhouse) Moist Greenhouse HZ Limit [m]: 1.074318e+10 
(HZLimMaxGreenhouse) Maximum Greenhouse HZ Limit [m]: 2.038894e+10 
(HZLimEarlyMars) Early Mars HZ Limit [m]: 2.223640e+10 
(Instellation) Orbit-averaged INcident STELLar radiATION [kg/sec^3]: 2.470198e+04 
(MeanMotion) Orbital Mean Motion [/sec]: 4.464543e-05 
(OrbPeriod) Orbital Period [sec]: 1.407352e+05 
(SemiMajorAxis) Semi-major Axis [m]: 2.351091e+09 
(LXUVTot) Total XUV Luminosity [kg/sec^3]: -1.000000 
(EscapeVelocity) Escape Velocity [m/sec]: 1.312958e+04 
----- ATMESC PARAMETERS (b)------
(SurfWaterMass) Surface water mass [kg]: 0.000000 
(EnvelopeMass) Envelope mass [kg]: 0.000000 
(OxygenMass) Oxygen mass in the atmosphere [kg]: 0.000000 
(RGLimit) Runaway greenhouse semi-major axis [m]: 1.027613e+10 
(XO) Atomic oxygen mixing ratio in upper atmosphere []: 0.000000 
(EtaO) Oxygen eta parameter (Luger and Barnes 2015) []: 0.000000 
(PlanetRadius) Planet radius [m]: 7.384540e+06 
(OxygenMantleMass) Mass of oxygen in mantle [kg]: 0.000000 
(RadXUV) XUV radius separating hydro. dyn. escape and equilibrium [m]: -1.000000 
(RadSolid) Radius to the solid surface [m]: -1.000000 
(PresXUV) Pressure at base of thermosphere [(null)]: 5.000000 
(ScaleHeight) Scale height in Lehmer & Catling (2016) model [m]: -1.000000 
(ThermTemp) Isothermal atmospheric temperature [K]: 400.000000 
(AtmGasConst) Atmospheric gas constant [(null)]: 4124.000000 
(PresSurf) Surface pressure due to atmosphere [Pa]: -1.000000 
(DEnvMassDt) Envelope Mass Loss Rate [kg/s]: 0.000000 
(FXUV) XUV flux [W/m^2]: 3.940963 
(AtmXAbsEffH2O) XUV atmospheric escape efficiency for H2O []: 0.300000 
(RocheRadius) Roche Lobe Radius [m]: 4.739255e+07 
(BondiRadius) Bondi Radius [m]: 5.907324e+08 
(HEscapeRegime) Integer flag for H envelope escape regime []: 8.000000 
(RRCriticalFlux) Critical XUV Flux that separates RR and energy-limited escape [W/m^2]: 52.067497 
(CrossoverMass) Crossover mass, defines oxygen is escaping if mc > mo [kg]: 0.000000 
(WaterEscapeRegime) What water escape regime the code is currently in []: 8.000000 
(FXUVCRITDRAG) Critical Drag XUV flux [W/m^2]: 0.437611 
(HREFFLUX) The Hydrogen Reference Flux (m^-2 s^-1) [m^-2 s^-1]: 2.688361e+18 
(XO2) Molecular oxygen mixing ratio in atmosphere []: 0.000000 
(XH2O) Water mixing ratio in upper atmosphere []: 0.000000 
(HDiffFlux) The Hydrogen Diffusion Flux (m^-2 s^-1) [m^-2 s^-1]: 2.260119e+17 
(HRefODragMod) Multiply by H ref flux to get flux with drag []: 1.000000 
(KTide) Mass loss enhancement due to stellar gravity []: 0.768167 
(CumulativeXUVFlux) Cumulative XUV flux [W/m^2]: 3.303009e+18 
(RunawayGreenhouseFlux) Incident flux that triggers runaway greenhouse [kg/sec^3]: 1293.035840 
(RGDuration) Runaway Greenhouse Duration [years]: 0.00000e+00

Output Order: Time[year] CumulativeXUVFlux[W/m^2]
Grid Output Order:
