-------- Log file gj1132.log -------

Executable: /home/vplanet/.local/bin/vplanet
Version: Unknown
System Name: gj1132
Primary Input File: vpl.in
Body File #1: star.in
Body File #2: b.in
Allow files to be overwitten: Yes
Mass Units: Grams
Length Units: Meters
Time Units: Seconds
Angle Units: Radians

------- FORMATTING -----
Verbosity Level: 5
Crossover Decade for Scientific Notation: 4
Number of Digits After Decimal: 6
Integration Method: Runge-Kutta4
Direction: Forward
Time Step: 3.155760e+07
Stop Time: 1.596490e+17
Output Interval: 3.155760e+13
Use Variable Timestep: Yes
dEta: 0.010000
Minimum Value of ecc and obl: 1.000000e-10


---- INITIAL SYSTEM PROPERTIES ----
(Age) System Age [sec]: 1.498935e+14 
(Time) Simulation Time [sec]: 0.000000 
(TotAngMom) Total Angular Momentum [kg*m^2/sec]: 1.712265e+42 
(TotEnergy) Total System Energy [kg*m^2/sec^2]: -1.160237e+40 
(PotEnergy) Body's non-orbital Potential Energy [kg*m^2/sec^2]: -1.166448e+40 
(KinEnergy) Body's non-orbital Kinetic Energy [kg*m^2/sec^2]: 6.216977e+37 
(DeltaTime) Average Timestep Over Last Output Interval [sec]: 0.000000 

----- BODY: star ----
Active Modules: FLARE STELLAR
Module Bit Sum: 577
Color: 000000
(Mass) Mass [kg]: 3.950076e+29 
(Radius) Radius [m]: 5.356748e+08 
(RadGyra) Radius of Gyration/Moment of Inertia Constant []: 0.455444 
(RotAngMom) Rotational Angular Momentum [kg*m^2/sec]: 1.709791e+42 
(RotVel) Rotational Velocity [m/sec]: 3.895537e+04 
(BodyType) Type of Body (0 == planet) []: 0.000000 
(RotRate) Rotational Frequency [/sec]: 7.272205e-05 
(RotPer) Rotational Period [sec]: 8.640000e+04 
(Density) Average Density [kg/m^3]: 613.497996 
(HZLimitDryRunaway) Semi-major axis of Dry Runaway HZ Limit [m]: 3.234071e+10 
(HZLimRecVenus) Recent Venus HZ Limit [m]: 2.897267e+10 
(HZLimRunaway) Runaway Greenhouse HZ Limit [m]: 3.821117e+10 
(HZLimMoistGreenhouse) Moist Greenhouse HZ Limit [m]: 3.833561e+10 
(HZLimMaxGreenhouse) Maximum Greenhouse HZ Limit [m]: 7.285423e+10 
(HZLimEarlyMars) Early Mars HZ Limit [m]: 7.945543e+10 
(Instellation) Orbit-averaged INcident STELLar radiATION [kg/sec^3]: -1.000000 
(CriticalSemiMajorAxis) Holman & Wiegert (1999) P-type Critical Semi-major Axis [m]: -1.000000 
(LXUVTot) Total XUV Luminosity [LSUN]: 4.153208e-05 
(LostEnergy) Body's Total Lost Energy [kg*m^2/sec^2]: 5.562685e-309 
(LostAngMom) Lost Angular Momentum due to Magnetic Braking [kg*m^2/sec]: 5.562685e-309 
(EscapeVelocity) Escape Velocity [m/sec]: 3.137396e+05 
----- STELLAR PARAMETERS (star)------
(Luminosity) Luminosity [LSUN]: 0.056729 
(LXUVStellar) Base X-ray/XUV Luminosity [LSUN]: 4.072265e-05 
(Temperature) Effective Temperature [K]: 3211.473099 
(LXUVFrac) Fraction of luminosity in XUV []: 0.000718 
(RossbyNumber) Rossby Number []: 0.016484 
(DRotPerDtStellar) Time Rate of Change of Rotation Period in STELLAR []: -1.477661e-10 
(WindTorque) Stellar Wind Torque []: 5.974273e+27 
----- FLARE PARAMETERS (star)------
(LXUVFlare) XUV Luminosity from flares [LSUN]: 8.094245e-07 
(FlareFreq1) First value of flare frequency range [/sec]: 3.116906e-05 
(FlareFreq2) Second value of flare frequency range [/sec]: 2.706571e-05 
(FlareFreq3) Third value of flare frequency range [/sec]: 2.350256e-05 
(FlareFreq4) Fourth value of flare frequency range [/sec]: 2.040849e-05 
(FlareFreqMin) Frequency of the flares with the lowest energy [/sec]: 3.116906e-05 
(FlareFreqMid) Frequency of the flares with the middle energy in the energy range [/sec]: 7.597678e-06 
(FlareFreqMax) Frequency of the flares with the highest energy [/sec]: 1.851988e-06 
(FlareEnergy1) First value of flare energy range [kg*m^2/sec^2]: 5.334000e+23 
(FlareEnergy2) Second value of flare energy range [kg*m^2/sec^2]: 6.715108e+23 
(FlareEnergy3) Third value of flare energy range [kg*m^2/sec^2]: 8.453820e+23 
(FlareEnergy4) Fourth value of flare energy range [kg*m^2/sec^2]: 1.064273e+24 
(FlareEnergyMin) Minimum flare energy [kg*m^2/sec^2]: 5.334000e+23 
(FlareEnergyMid) Middle flare energy in the range of energy values [kg*m^2/sec^2]: 5.334000e+24 
(FlareEnergyMax) Maximum flare energy [kg*m^2/sec^2]: 5.334000e+25 
(FlareYIntOUT) Instantaneous Davenport FFD y-intercept at current age and mass []: 19.267234 
(FlareSlopeOUT) Instantaneous Davenport FFD slope at current age and mass []: -0.613043 

Output Order: Time[year] Luminosity[LSUN] LXUVStellar[LSUN] LXUVFlare[LSUN] LXUVTot[LSUN]
Grid Output Order:

----- BODY: b ----
Active Modules: AtmEsc
Module Bit Sum: 9
Color: 000000
(Mass) Mass [kg]: 9.904343e+24 
(Radius) Radius [m]: 7.158860e+06 
(RadGyra) Radius of Gyration/Moment of Inertia Constant []: 0.500000 
(BodyType) Type of Body (0 == planet) []: 0.000000 
(Density) Average Density [kg/m^3]: 6444.739539 
(HZLimitDryRunaway) Semi-major axis of Dry Runaway HZ Limit [m]: 3.234125e+10 
(HZLimRecVenus) Recent Venus HZ Limit [m]: 2.897267e+10 
(HZLimRunaway) Runaway Greenhouse HZ Limit [m]: 3.821117e+10 
(HZLimMoistGreenhouse) Moist Greenhouse HZ Limit [m]: 3.833561e+10 
(HZLimMaxGreenhouse) Maximum Greenhouse HZ Limit [m]: 7.285423e+10 
(HZLimEarlyMars) Early Mars HZ Limit [m]: 7.945543e+10 
(Instellation) Orbit-averaged INcident STELLar radiATION [kg/sec^3]: 3.104253e+05 
(MeanMotion) Orbital Mean Motion [/sec]: 4.464444e-05 
(OrbPeriod) Orbital Period [sec]: 1.407384e+05 
(SemiMajorAxis) Semi-major Axis [m]: 2.364987e+09 
(LXUVTot) Total XUV Luminosity [kg/sec^3]: -1.000000 
(EscapeVelocity) Escape Velocity [m/sec]: 1.358964e+04 
----- ATMESC PARAMETERS (b)------
(SurfWaterMass) Surface water mass [kg]: 0.000000 
(EnvelopeMass) Envelope mass [kg]: 0.000000 
(OxygenMass) Oxygen mass in the atmosphere [kg]: 0.000000 
(RGLimit) Runaway greenhouse semi-major axis [m]: 3.662443e+10 
(XO) Atomic oxygen mixing ratio in upper atmosphere []: 0.000000 
(EtaO) Oxygen eta parameter (Luger and Barnes 2015) []: 0.000000 
(PlanetRadius) Planet radius [m]: 7.158860e+06 
(OxygenMantleMass) Mass of oxygen in mantle [kg]: 0.000000 
(RadXUV) XUV radius separating hydro. dyn. escape and equilibrium [m]: -1.000000 
(RadSolid) Radius to the solid surface [m]: -1.000000 
(PresXUV) Pressure at base of thermosphere [(null)]: 5.000000 
(ScaleHeight) Scale height in Lehmer & Catling (2016) model [m]: -1.000000 
(ThermTemp) Isothermal atmospheric temperature [K]: 400.000000 
(AtmGasConst) Atmospheric gas constant [(null)]: 4124.000000 
(PresSurf) Surface pressure due to atmosphere [Pa]: -1.000000 
(DEnvMassDt) Envelope Mass Loss Rate [kg/s]: 0.000000 
(FXUV) XUV flux [W/m^2]: 227.265220 
(AtmXAbsEffH2O) XUV atmospheric escape efficiency for H2O []: 0.300000 
(RocheRadius) Roche Lobe Radius [m]: 4.799489e+07 
(BondiRadius) Bondi Radius [m]: 3.234275e+08 
(HEscapeRegime) Integer flag for H envelope escape regime []: 8.000000 
(RRCriticalFlux) Critical XUV Flux that separates RR and energy-limited escape [W/m^2]: 63.217297 
(CrossoverMass) Crossover mass, defines oxygen is escaping if mc > mo [kg]: 0.000000 
(WaterEscapeRegime) What water escape regime the code is currently in []: 8.000000 
(FXUVCRITDRAG) Critical Drag XUV flux [W/m^2]: 0.518080 
(HREFFLUX) The Hydrogen Reference Flux (m^-2 s^-1) [m^-2 s^-1]: 1.428971e+20 
(XO2) Molecular oxygen mixing ratio in atmosphere []: 0.000000 
(XH2O) Water mixing ratio in upper atmosphere []: 0.000000 
(HDiffFlux) The Hydrogen Diffusion Flux (m^-2 s^-1) [m^-2 s^-1]: 2.497616e+17 
(HRefODragMod) Multiply by H ref flux to get flux with drag []: 1.000000 
(KTide) Mass loss enhancement due to stellar gravity []: 0.777921 
(CumulativeXUVFlux) Cumulative XUV flux [W/m^2]: 0.000000 
(RunawayGreenhouseFlux) Incident flux that triggers runaway greenhouse [kg/sec^3]: 1294.368950 
(RGDuration) Runaway Greenhouse Duration [years]: 0.00000e+00

Output Order: Time[year] CumulativeXUVFlux[W/m^2]
Grid Output Order:



---- FINAL SYSTEM PROPERTIES ----
(Age) System Age [sec]: 1.597998e+17 
(Time) Simulation Time [sec]: 1.596499e+17 
(TotAngMom) Total Angular Momentum [kg*m^2/sec]: 1.718997e+42 
(TotEnergy) Total System Energy [kg*m^2/sec^2]: -1.155771e+40 
(PotEnergy) Body's non-orbital Potential Energy [kg*m^2/sec^2]: -4.163847e+40 
(KinEnergy) Body's non-orbital Kinetic Energy [kg*m^2/sec^2]: 9.063906e+32 
(DeltaTime) Average Timestep Over Last Output Interval [sec]: 4.508229e+12 

----- BODY: star ----
Active Modules: FLARE STELLAR
Module Bit Sum: 577
Color: 000000
(Mass) Mass [kg]: 3.950076e+29 
(Radius) Radius [m]: 1.500624e+08 
(RadGyra) Radius of Gyration/Moment of Inertia Constant []: 0.460269 
(RotAngMom) Rotational Angular Momentum [kg*m^2/sec]: 1.848243e+39 
(RotVel) Rotational Velocity [m/sec]: 147.183166 
(BodyType) Type of Body (0 == planet) []: 0.000000 
(RotRate) Rotational Frequency [/sec]: 9.808131e-07 
(RotPer) Rotational Period [sec]: 6.406098e+06 
(Density) Average Density [kg/m^3]: 2.790623e+04 
(HZLimitDryRunaway) Semi-major axis of Dry Runaway HZ Limit [m]: 9.320325e+09 
(HZLimRecVenus) Recent Venus HZ Limit [m]: 8.342251e+09 
(HZLimRunaway) Runaway Greenhouse HZ Limit [m]: 1.100686e+10 
(HZLimMoistGreenhouse) Moist Greenhouse HZ Limit [m]: 1.103817e+10 
(HZLimMaxGreenhouse) Maximum Greenhouse HZ Limit [m]: 2.094072e+10 
(HZLimEarlyMars) Early Mars HZ Limit [m]: 2.283819e+10 
(Instellation) Orbit-averaged INcident STELLar radiATION [kg/sec^3]: -1.000000 
(CriticalSemiMajorAxis) Holman & Wiegert (1999) P-type Critical Semi-major Axis [m]: -1.000000 
(LXUVTot) Total XUV Luminosity [LSUN]: 8.554749e-07 
(LostEnergy) Body's Total Lost Energy [kg*m^2/sec^2]: 3.008081e+40 
(LostAngMom) Lost Angular Momentum due to Magnetic Braking [kg*m^2/sec]: 1.714676e+42 
(EscapeVelocity) Escape Velocity [m/sec]: 5.927670e+05 
----- STELLAR PARAMETERS (star)------
(Luminosity) Luminosity [LSUN]: 0.004712 
(LXUVStellar) Base X-ray/XUV Luminosity [LSUN]: 4.594742e-07 
(Temperature) Effective Temperature [K]: 3257.191568 
(LXUVFrac) Fraction of luminosity in XUV []: 9.751925e-05 
(RossbyNumber) Rossby Number []: 1.251135 
(DRotPerDtStellar) Time Rate of Change of Rotation Period in STELLAR []: 2.658878e-11 
(WindTorque) Stellar Wind Torque []: 7.671992e+21 
----- FLARE PARAMETERS (star)------
(LXUVFlare) XUV Luminosity from flares [LSUN]: 3.959999e-07 
(FlareFreq1) First value of flare frequency range [/sec]: 8.007644e-05 
(FlareFreq2) Second value of flare frequency range [/sec]: 6.268943e-05 
(FlareFreq3) Third value of flare frequency range [/sec]: 4.907766e-05 
(FlareFreq4) Fourth value of flare frequency range [/sec]: 3.842142e-05 
(FlareFreqMin) Frequency of the flares with the lowest energy [/sec]: 8.007644e-05 
(FlareFreqMid) Frequency of the flares with the middle energy in the energy range [/sec]: 6.924689e-06 
(FlareFreqMax) Frequency of the flares with the highest energy [/sec]: 5.988193e-07 
(FlareEnergy1) First value of flare energy range [kg*m^2/sec^2]: 5.334000e+23 
(FlareEnergy2) Second value of flare energy range [kg*m^2/sec^2]: 6.715108e+23 
(FlareEnergy3) Third value of flare energy range [kg*m^2/sec^2]: 8.453820e+23 
(FlareEnergy4) Fourth value of flare energy range [kg*m^2/sec^2]: 1.064273e+24 
(FlareEnergyMin) Minimum flare energy [kg*m^2/sec^2]: 5.334000e+23 
(FlareEnergyMid) Middle flare energy in the range of energy values [kg*m^2/sec^2]: 5.334000e+24 
(FlareEnergyMax) Maximum flare energy [kg*m^2/sec^2]: 5.334000e+25 
(FlareYIntOUT) Instantaneous Davenport FFD y-intercept at current age and mass []: 33.506086 
(FlareSlopeOUT) Instantaneous Davenport FFD slope at current age and mass []: -1.063104 

Output Order: Time[year] Luminosity[LSUN] LXUVStellar[LSUN] LXUVFlare[LSUN] LXUVTot[LSUN]
Grid Output Order:

----- BODY: b ----
Active Modules: AtmEsc
Module Bit Sum: 9
Color: 000000
(Mass) Mass [kg]: 9.904343e+24 
(Radius) Radius [m]: 7.158860e+06 
(RadGyra) Radius of Gyration/Moment of Inertia Constant []: 0.500000 
(BodyType) Type of Body (0 == planet) []: 0.000000 
(Density) Average Density [kg/m^3]: 6444.739539 
(HZLimitDryRunaway) Semi-major axis of Dry Runaway HZ Limit [m]: 9.320481e+09 
(HZLimRecVenus) Recent Venus HZ Limit [m]: 8.342251e+09 
(HZLimRunaway) Runaway Greenhouse HZ Limit [m]: 1.100686e+10 
(HZLimMoistGreenhouse) Moist Greenhouse HZ Limit [m]: 1.103817e+10 
(HZLimMaxGreenhouse) Maximum Greenhouse HZ Limit [m]: 2.094072e+10 
(HZLimEarlyMars) Early Mars HZ Limit [m]: 2.283819e+10 
(Instellation) Orbit-averaged INcident STELLar radiATION [kg/sec^3]: 2.578221e+04 
(MeanMotion) Orbital Mean Motion [/sec]: 4.464444e-05 
(OrbPeriod) Orbital Period [sec]: 1.407384e+05 
(SemiMajorAxis) Semi-major Axis [m]: 2.364987e+09 
(LXUVTot) Total XUV Luminosity [kg/sec^3]: -1.000000 
(EscapeVelocity) Escape Velocity [m/sec]: 1.358964e+04 
----- ATMESC PARAMETERS (b)------
(SurfWaterMass) Surface water mass [kg]: 0.000000 
(EnvelopeMass) Envelope mass [kg]: 0.000000 
(OxygenMass) Oxygen mass in the atmosphere [kg]: 0.000000 
(RGLimit) Runaway greenhouse semi-major axis [m]: 1.055000e+10 
(XO) Atomic oxygen mixing ratio in upper atmosphere []: 0.000000 
(EtaO) Oxygen eta parameter (Luger and Barnes 2015) []: 0.000000 
(PlanetRadius) Planet radius [m]: 7.158860e+06 
(OxygenMantleMass) Mass of oxygen in mantle [kg]: 0.000000 
(RadXUV) XUV radius separating hydro. dyn. escape and equilibrium [m]: -1.000000 
(RadSolid) Radius to the solid surface [m]: -1.000000 
(PresXUV) Pressure at base of thermosphere [(null)]: 5.000000 
(ScaleHeight) Scale height in Lehmer & Catling (2016) model [m]: -1.000000 
(ThermTemp) Isothermal atmospheric temperature [K]: 400.000000 
(AtmGasConst) Atmospheric gas constant [(null)]: 4124.000000 
(PresSurf) Surface pressure due to atmosphere [Pa]: -1.000000 
(DEnvMassDt) Envelope Mass Loss Rate [kg/s]: 0.000000 
(FXUV) XUV flux [W/m^2]: 4.681194 
(AtmXAbsEffH2O) XUV atmospheric escape efficiency for H2O []: 0.300000 
(RocheRadius) Roche Lobe Radius [m]: 4.799489e+07 
(BondiRadius) Bondi Radius [m]: 6.024937e+08 
(HEscapeRegime) Integer flag for H envelope escape regime []: 8.000000 
(RRCriticalFlux) Critical XUV Flux that separates RR and energy-limited escape [W/m^2]: 63.217297 
(CrossoverMass) Crossover mass, defines oxygen is escaping if mc > mo [kg]: 0.000000 
(WaterEscapeRegime) What water escape regime the code is currently in []: 8.000000 
(FXUVCRITDRAG) Critical Drag XUV flux [W/m^2]: 0.518080 
(HREFFLUX) The Hydrogen Reference Flux (m^-2 s^-1) [m^-2 s^-1]: 2.943385e+18 
(XO2) Molecular oxygen mixing ratio in atmosphere []: 0.000000 
(XH2O) Water mixing ratio in upper atmosphere []: 0.000000 
(HDiffFlux) The Hydrogen Diffusion Flux (m^-2 s^-1) [m^-2 s^-1]: 2.497616e+17 
(HRefODragMod) Multiply by H ref flux to get flux with drag []: 1.000000 
(KTide) Mass loss enhancement due to stellar gravity []: 0.777921 
(CumulativeXUVFlux) Cumulative XUV flux [W/m^2]: 2.133158e+18 
(RunawayGreenhouseFlux) Incident flux that triggers runaway greenhouse [kg/sec^3]: 1295.561125 
(RGDuration) Runaway Greenhouse Duration [years]: 0.00000e+00

Output Order: Time[year] CumulativeXUVFlux[W/m^2]
Grid Output Order:
