-------- Log file gj1132.log -------

Executable: /home/vplanet/.local/bin/vplanet
Version: Unknown
System Name: gj1132
Primary Input File: vpl.in
Body File #1: star.in
Body File #2: b.in
Allow files to be overwitten: Yes
Mass Units: Grams
Length Units: Meters
Time Units: Seconds
Angle Units: Radians

------- FORMATTING -----
Verbosity Level: 5
Crossover Decade for Scientific Notation: 4
Number of Digits After Decimal: 6
Integration Method: Runge-Kutta4
Direction: Forward
Time Step: 3.155760e+07
Stop Time: 2.169830e+17
Output Interval: 3.155760e+13
Use Variable Timestep: Yes
dEta: 0.010000
Minimum Value of ecc and obl: 1.000000e-10


---- INITIAL SYSTEM PROPERTIES ----
(Age) System Age [sec]: 1.670167e+14 
(Time) Simulation Time [sec]: 0.000000 
(TotAngMom) Total Angular Momentum [kg*m^2/sec]: 1.525567e+42 
(TotEnergy) Total System Energy [kg*m^2/sec^2]: -1.185291e+40 
(PotEnergy) Body's non-orbital Potential Energy [kg*m^2/sec^2]: -1.190823e+40 
(KinEnergy) Body's non-orbital Kinetic Energy [kg*m^2/sec^2]: 5.538045e+37 
(DeltaTime) Average Timestep Over Last Output Interval [sec]: 0.000000 

----- BODY: star ----
Active Modules: FLARE STELLAR
Module Bit Sum: 577
Color: 000000
(Mass) Mass [kg]: 3.890102e+29 
(Radius) Radius [m]: 5.088975e+08 
(RadGyra) Radius of Gyration/Moment of Inertia Constant []: 0.455949 
(RotAngMom) Rotational Angular Momentum [kg*m^2/sec]: 1.523072e+42 
(RotVel) Rotational Velocity [m/sec]: 3.700807e+04 
(BodyType) Type of Body (0 == planet) []: 0.000000 
(RotRate) Rotational Frequency [/sec]: 7.272205e-05 
(RotPer) Rotational Period [sec]: 8.640000e+04 
(Density) Average Density [kg/m^3]: 704.662888 
(HZLimitDryRunaway) Semi-major axis of Dry Runaway HZ Limit [m]: 3.075497e+10 
(HZLimRecVenus) Recent Venus HZ Limit [m]: 2.755198e+10 
(HZLimRunaway) Runaway Greenhouse HZ Limit [m]: 3.633752e+10 
(HZLimMoistGreenhouse) Moist Greenhouse HZ Limit [m]: 3.645579e+10 
(HZLimMaxGreenhouse) Maximum Greenhouse HZ Limit [m]: 6.928126e+10 
(HZLimEarlyMars) Early Mars HZ Limit [m]: 7.555872e+10 
(Instellation) Orbit-averaged INcident STELLar radiATION [kg/sec^3]: -1.000000 
(CriticalSemiMajorAxis) Holman & Wiegert (1999) P-type Critical Semi-major Axis [m]: -1.000000 
(LXUVTot) Total XUV Luminosity [LSUN]: 2.756841e-05 
(LostEnergy) Body's Total Lost Energy [kg*m^2/sec^2]: 5.562685e-309 
(LostAngMom) Lost Angular Momentum due to Magnetic Braking [kg*m^2/sec]: 5.562685e-309 
(EscapeVelocity) Escape Velocity [m/sec]: 3.194350e+05 
----- STELLAR PARAMETERS (star)------
(Luminosity) Luminosity [LSUN]: 0.051303 
(LXUVStellar) Base X-ray/XUV Luminosity [LSUN]: 2.676884e-05 
(Temperature) Effective Temperature [K]: 3211.665699 
(LXUVFrac) Fraction of luminosity in XUV []: 0.000522 
(RossbyNumber) Rossby Number []: 0.016485 
(DRotPerDtStellar) Time Rate of Change of Rotation Period in STELLAR []: -1.055375e-10 
(WindTorque) Stellar Wind Torque []: 4.591309e+27 
----- FLARE PARAMETERS (star)------
(LXUVFlare) XUV Luminosity from flares [LSUN]: 7.995730e-07 
(FlareFreq1) First value of flare frequency range [/sec]: 3.206558e-05 
(FlareFreq2) Second value of flare frequency range [/sec]: 2.777948e-05 
(FlareFreq3) Third value of flare frequency range [/sec]: 2.406629e-05 
(FlareFreq4) Fourth value of flare frequency range [/sec]: 2.084943e-05 
(FlareFreqMin) Frequency of the flares with the lowest energy [/sec]: 3.206558e-05 
(FlareFreqMid) Frequency of the flares with the middle energy in the energy range [/sec]: 7.636408e-06 
(FlareFreqMax) Frequency of the flares with the highest energy [/sec]: 1.818608e-06 
(FlareEnergy1) First value of flare energy range [kg*m^2/sec^2]: 5.334000e+23 
(FlareEnergy2) Second value of flare energy range [kg*m^2/sec^2]: 6.715108e+23 
(FlareEnergy3) Third value of flare energy range [kg*m^2/sec^2]: 8.453820e+23 
(FlareEnergy4) Fourth value of flare energy range [kg*m^2/sec^2]: 1.064273e+24 
(FlareEnergyMin) Minimum flare energy [kg*m^2/sec^2]: 5.334000e+23 
(FlareEnergyMid) Middle flare energy in the range of energy values [kg*m^2/sec^2]: 5.334000e+24 
(FlareEnergyMax) Maximum flare energy [kg*m^2/sec^2]: 5.334000e+25 
(FlareYIntOUT) Instantaneous Davenport FFD y-intercept at current age and mass []: 19.590115 
(FlareSlopeOUT) Instantaneous Davenport FFD slope at current age and mass []: -0.623150 

Output Order: Time[year] Luminosity[LSUN] LXUVStellar[LSUN] LXUVFlare[LSUN] LXUVTot[LSUN]
Grid Output Order:

----- BODY: b ----
Active Modules: AtmEsc
Module Bit Sum: 9
Color: 000000
(Mass) Mass [kg]: 1.009659e+25 
(Radius) Radius [m]: 7.305963e+06 
(RadGyra) Radius of Gyration/Moment of Inertia Constant []: 0.500000 
(BodyType) Type of Body (0 == planet) []: 0.000000 
(Density) Average Density [kg/m^3]: 6180.929038 
(HZLimitDryRunaway) Semi-major axis of Dry Runaway HZ Limit [m]: 3.075584e+10 
(HZLimRecVenus) Recent Venus HZ Limit [m]: 2.755198e+10 
(HZLimRunaway) Runaway Greenhouse HZ Limit [m]: 3.633752e+10 
(HZLimMoistGreenhouse) Moist Greenhouse HZ Limit [m]: 3.645579e+10 
(HZLimMaxGreenhouse) Maximum Greenhouse HZ Limit [m]: 6.928126e+10 
(HZLimEarlyMars) Early Mars HZ Limit [m]: 7.555872e+10 
(Instellation) Orbit-averaged INcident STELLar radiATION [kg/sec^3]: 2.836051e+05 
(MeanMotion) Orbital Mean Motion [/sec]: 4.464373e-05 
(OrbPeriod) Orbital Period [sec]: 1.407406e+05 
(SemiMajorAxis) Semi-major Axis [m]: 2.352982e+09 
(LXUVTot) Total XUV Luminosity [kg/sec^3]: -1.000000 
(EscapeVelocity) Escape Velocity [m/sec]: 1.358207e+04 
----- ATMESC PARAMETERS (b)------
(SurfWaterMass) Surface water mass [kg]: 0.000000 
(EnvelopeMass) Envelope mass [kg]: 0.000000 
(OxygenMass) Oxygen mass in the atmosphere [kg]: 0.000000 
(RGLimit) Runaway greenhouse semi-major axis [m]: 3.481295e+10 
(XO) Atomic oxygen mixing ratio in upper atmosphere []: 0.000000 
(EtaO) Oxygen eta parameter (Luger and Barnes 2015) []: 0.000000 
(PlanetRadius) Planet radius [m]: 7.305963e+06 
(OxygenMantleMass) Mass of oxygen in mantle [kg]: 0.000000 
(RadXUV) XUV radius separating hydro. dyn. escape and equilibrium [m]: -1.000000 
(RadSolid) Radius to the solid surface [m]: -1.000000 
(PresXUV) Pressure at base of thermosphere [(null)]: 5.000000 
(ScaleHeight) Scale height in Lehmer & Catling (2016) model [m]: -1.000000 
(ThermTemp) Isothermal atmospheric temperature [K]: 400.000000 
(AtmGasConst) Atmospheric gas constant [(null)]: 4124.000000 
(PresSurf) Surface pressure due to atmosphere [Pa]: -1.000000 
(DEnvMassDt) Envelope Mass Loss Rate [kg/s]: 0.000000 
(FXUV) XUV flux [W/m^2]: 152.400487 
(AtmXAbsEffH2O) XUV atmospheric escape efficiency for H2O []: 0.300000 
(RocheRadius) Roche Lobe Radius [m]: 4.830396e+07 
(BondiRadius) Bondi Radius [m]: 3.391100e+08 
(HEscapeRegime) Integer flag for H envelope escape regime []: 8.000000 
(RRCriticalFlux) Critical XUV Flux that separates RR and energy-limited escape [W/m^2]: 61.320225 
(CrossoverMass) Crossover mass, defines oxygen is escaping if mc > mo [kg]: 0.000000 
(WaterEscapeRegime) What water escape regime the code is currently in []: 8.000000 
(FXUVCRITDRAG) Critical Drag XUV flux [W/m^2]: 0.506518 
(HREFFLUX) The Hydrogen Reference Flux (m^-2 s^-1) [m^-2 s^-1]: 9.631105e+19 
(XO2) Molecular oxygen mixing ratio in atmosphere []: 0.000000 
(XH2O) Water mixing ratio in upper atmosphere []: 0.000000 
(HDiffFlux) The Hydrogen Diffusion Flux (m^-2 s^-1) [m^-2 s^-1]: 2.444599e+17 
(HRefODragMod) Multiply by H ref flux to get flux with drag []: 1.000000 
(KTide) Mass loss enhancement due to stellar gravity []: 0.774855 
(CumulativeXUVFlux) Cumulative XUV flux [W/m^2]: 0.000000 
(RunawayGreenhouseFlux) Incident flux that triggers runaway greenhouse [kg/sec^3]: 1295.522012 
(RGDuration) Runaway Greenhouse Duration [years]: 0.00000e+00

Output Order: Time[year] CumulativeXUVFlux[W/m^2]
Grid Output Order:



---- FINAL SYSTEM PROPERTIES ----
(Age) System Age [sec]: 2.171571e+17 
(Time) Simulation Time [sec]: 2.169901e+17 
(TotAngMom) Total Angular Momentum [kg*m^2/sec]: 1.526232e+42 
(TotEnergy) Total System Energy [kg*m^2/sec^2]: -1.184453e+40 
(PotEnergy) Body's non-orbital Potential Energy [kg*m^2/sec^2]: -4.126096e+40 
(KinEnergy) Body's non-orbital Kinetic Energy [kg*m^2/sec^2]: 6.398358e+32 
(DeltaTime) Average Timestep Over Last Output Interval [sec]: 1.051920e+13 

----- BODY: star ----
Active Modules: FLARE STELLAR
Module Bit Sum: 577
Color: 000000
(Mass) Mass [kg]: 3.890102e+29 
(Radius) Radius [m]: 1.468718e+08 
(RadGyra) Radius of Gyration/Moment of Inertia Constant []: 0.460309 
(RotAngMom) Rotational Angular Momentum [kg*m^2/sec]: 1.508405e+39 
(RotVel) Rotational Velocity [m/sec]: 124.600238 
(BodyType) Type of Body (0 == planet) []: 0.000000 
(RotRate) Rotational Frequency [/sec]: 8.483608e-07 
(RotPer) Rotational Period [sec]: 7.406265e+06 
(Density) Average Density [kg/m^3]: 2.931282e+04 
(HZLimitDryRunaway) Semi-major axis of Dry Runaway HZ Limit [m]: 9.117083e+09 
(HZLimRecVenus) Recent Venus HZ Limit [m]: 8.161734e+09 
(HZLimRunaway) Runaway Greenhouse HZ Limit [m]: 1.076784e+10 
(HZLimMoistGreenhouse) Moist Greenhouse HZ Limit [m]: 1.079931e+10 
(HZLimMaxGreenhouse) Maximum Greenhouse HZ Limit [m]: 2.049440e+10 
(HZLimEarlyMars) Early Mars HZ Limit [m]: 2.235142e+10 
(Instellation) Orbit-averaged INcident STELLar radiATION [kg/sec^3]: -1.000000 
(CriticalSemiMajorAxis) Holman & Wiegert (1999) P-type Critical Semi-major Axis [m]: -1.000000 
(LXUVTot) Total XUV Luminosity [LSUN]: 5.129809e-07 
(LostEnergy) Body's Total Lost Energy [kg*m^2/sec^2]: 2.941649e+40 
(LostAngMom) Lost Angular Momentum due to Magnetic Braking [kg*m^2/sec]: 1.522228e+42 
(EscapeVelocity) Escape Velocity [m/sec]: 5.946050e+05 
----- STELLAR PARAMETERS (star)------
(Luminosity) Luminosity [LSUN]: 0.004508 
(LXUVStellar) Base X-ray/XUV Luminosity [LSUN]: 1.269410e-07 
(Temperature) Effective Temperature [K]: 3248.491306 
(LXUVFrac) Fraction of luminosity in XUV []: 2.815669e-05 
(RossbyNumber) Rossby Number []: 1.440040 
(DRotPerDtStellar) Time Rate of Change of Rotation Period in STELLAR []: 1.841193e-11 
(WindTorque) Stellar Wind Torque []: 3.346033e+21 
----- FLARE PARAMETERS (star)------
(LXUVFlare) XUV Luminosity from flares [LSUN]: 3.860377e-07 
(FlareFreq1) First value of flare frequency range [/sec]: 8.409752e-05 
(FlareFreq2) Second value of flare frequency range [/sec]: 6.549745e-05 
(FlareFreq3) Third value of flare frequency range [/sec]: 5.101120e-05 
(FlareFreq4) Fourth value of flare frequency range [/sec]: 3.972891e-05 
(FlareFreqMin) Frequency of the flares with the lowest energy [/sec]: 8.409752e-05 
(FlareFreqMid) Frequency of the flares with the middle energy in the energy range [/sec]: 6.905495e-06 
(FlareFreqMax) Frequency of the flares with the highest energy [/sec]: 5.670305e-07 
(FlareEnergy1) First value of flare energy range [kg*m^2/sec^2]: 5.334000e+23 
(FlareEnergy2) Second value of flare energy range [kg*m^2/sec^2]: 6.715108e+23 
(FlareEnergy3) Third value of flare energy range [kg*m^2/sec^2]: 8.453820e+23 
(FlareEnergy4) Fourth value of flare energy range [kg*m^2/sec^2]: 1.064273e+24 
(FlareEnergyMin) Minimum flare energy [kg*m^2/sec^2]: 5.334000e+23 
(FlareEnergyMid) Middle flare energy in the range of energy values [kg*m^2/sec^2]: 5.334000e+24 
(FlareEnergyMax) Maximum flare energy [kg*m^2/sec^2]: 5.334000e+25 
(FlareYIntOUT) Instantaneous Davenport FFD y-intercept at current age and mass []: 34.218229 
(FlareSlopeOUT) Instantaneous Davenport FFD slope at current age and mass []: -1.085588 

Output Order: Time[year] Luminosity[LSUN] LXUVStellar[LSUN] LXUVFlare[LSUN] LXUVTot[LSUN]
Grid Output Order:

----- BODY: b ----
Active Modules: AtmEsc
Module Bit Sum: 9
Color: 000000
(Mass) Mass [kg]: 1.009659e+25 
(Radius) Radius [m]: 7.305963e+06 
(RadGyra) Radius of Gyration/Moment of Inertia Constant []: 0.500000 
(BodyType) Type of Body (0 == planet) []: 0.000000 
(Density) Average Density [kg/m^3]: 6180.929038 
(HZLimitDryRunaway) Semi-major axis of Dry Runaway HZ Limit [m]: 9.117341e+09 
(HZLimRecVenus) Recent Venus HZ Limit [m]: 8.161734e+09 
(HZLimRunaway) Runaway Greenhouse HZ Limit [m]: 1.076784e+10 
(HZLimMoistGreenhouse) Moist Greenhouse HZ Limit [m]: 1.079931e+10 
(HZLimMaxGreenhouse) Maximum Greenhouse HZ Limit [m]: 2.049440e+10 
(HZLimEarlyMars) Early Mars HZ Limit [m]: 2.235142e+10 
(Instellation) Orbit-averaged INcident STELLar radiATION [kg/sec^3]: 2.492270e+04 
(MeanMotion) Orbital Mean Motion [/sec]: 4.464373e-05 
(OrbPeriod) Orbital Period [sec]: 1.407406e+05 
(SemiMajorAxis) Semi-major Axis [m]: 2.352982e+09 
(LXUVTot) Total XUV Luminosity [kg/sec^3]: -1.000000 
(EscapeVelocity) Escape Velocity [m/sec]: 1.358207e+04 
----- ATMESC PARAMETERS (b)------
(SurfWaterMass) Surface water mass [kg]: 0.000000 
(EnvelopeMass) Envelope mass [kg]: 0.000000 
(OxygenMass) Oxygen mass in the atmosphere [kg]: 0.000000 
(RGLimit) Runaway greenhouse semi-major axis [m]: 1.031622e+10 
(XO) Atomic oxygen mixing ratio in upper atmosphere []: 0.000000 
(EtaO) Oxygen eta parameter (Luger and Barnes 2015) []: 0.000000 
(PlanetRadius) Planet radius [m]: 7.305963e+06 
(OxygenMantleMass) Mass of oxygen in mantle [kg]: 0.000000 
(RadXUV) XUV radius separating hydro. dyn. escape and equilibrium [m]: -1.000000 
(RadSolid) Radius to the solid surface [m]: -1.000000 
(PresXUV) Pressure at base of thermosphere [(null)]: 5.000000 
(ScaleHeight) Scale height in Lehmer & Catling (2016) model [m]: -1.000000 
(ThermTemp) Isothermal atmospheric temperature [K]: 400.000000 
(AtmGasConst) Atmospheric gas constant [(null)]: 4124.000000 
(PresSurf) Surface pressure due to atmosphere [Pa]: -1.000000 
(DEnvMassDt) Envelope Mass Loss Rate [kg/s]: 0.000000 
(FXUV) XUV flux [W/m^2]: 2.835801 
(AtmXAbsEffH2O) XUV atmospheric escape efficiency for H2O []: 0.300000 
(RocheRadius) Roche Lobe Radius [m]: 4.830396e+07 
(BondiRadius) Bondi Radius [m]: 6.240727e+08 
(HEscapeRegime) Integer flag for H envelope escape regime []: 8.000000 
(RRCriticalFlux) Critical XUV Flux that separates RR and energy-limited escape [W/m^2]: 61.320225 
(CrossoverMass) Crossover mass, defines oxygen is escaping if mc > mo [kg]: 0.000000 
(WaterEscapeRegime) What water escape regime the code is currently in []: 8.000000 
(FXUVCRITDRAG) Critical Drag XUV flux [W/m^2]: 0.506518 
(HREFFLUX) The Hydrogen Reference Flux (m^-2 s^-1) [m^-2 s^-1]: 1.792114e+18 
(XO2) Molecular oxygen mixing ratio in atmosphere []: 0.000000 
(XH2O) Water mixing ratio in upper atmosphere []: 0.000000 
(HDiffFlux) The Hydrogen Diffusion Flux (m^-2 s^-1) [m^-2 s^-1]: 2.444599e+17 
(HRefODragMod) Multiply by H ref flux to get flux with drag []: 1.000000 
(KTide) Mass loss enhancement due to stellar gravity []: 0.774855 
(CumulativeXUVFlux) Cumulative XUV flux [W/m^2]: 1.289694e+18 
(RunawayGreenhouseFlux) Incident flux that triggers runaway greenhouse [kg/sec^3]: 1296.480674 
(RGDuration) Runaway Greenhouse Duration [years]: 0.00000e+00

Output Order: Time[year] CumulativeXUVFlux[W/m^2]
Grid Output Order:
