-------- Log file gj1132.log -------

Executable: /home/vplanet/.local/bin/vplanet
Version: Unknown
System Name: gj1132
Primary Input File: vpl.in
Body File #1: star.in
Body File #2: b.in
Allow files to be overwitten: Yes
Mass Units: Grams
Length Units: Meters
Time Units: Seconds
Angle Units: Radians

------- FORMATTING -----
Verbosity Level: 5
Crossover Decade for Scientific Notation: 4
Number of Digits After Decimal: 6
Integration Method: Runge-Kutta4
Direction: Forward
Time Step: 3.155760e+07
Stop Time: 2.221041e+17
Output Interval: 3.155760e+13
Use Variable Timestep: Yes
dEta: 0.010000
Minimum Value of ecc and obl: 1.000000e-10


---- INITIAL SYSTEM PROPERTIES ----
(Age) System Age [sec]: 1.390402e+14 
(Time) Simulation Time [sec]: 0.000000 
(TotAngMom) Total Angular Momentum [kg*m^2/sec]: 1.779675e+42 
(TotEnergy) Total System Energy [kg*m^2/sec^2]: -1.117296e+40 
(PotEnergy) Body's non-orbital Potential Energy [kg*m^2/sec^2]: -1.123753e+40 
(KinEnergy) Body's non-orbital Kinetic Energy [kg*m^2/sec^2]: 6.461963e+37 
(DeltaTime) Average Timestep Over Last Output Interval [sec]: 0.000000 

----- BODY: star ----
Active Modules: FLARE STELLAR
Module Bit Sum: 577
Color: 000000
(Mass) Mass [kg]: 3.923114e+29 
(Radius) Radius [m]: 5.484622e+08 
(RadGyra) Radius of Gyration/Moment of Inertia Constant []: 0.455060 
(RotAngMom) Rotational Angular Momentum [kg*m^2/sec]: 1.777167e+42 
(RotVel) Rotational Velocity [m/sec]: 3.988530e+04 
(BodyType) Type of Body (0 == planet) []: 0.000000 
(RotRate) Rotational Frequency [/sec]: 7.272205e-05 
(RotPer) Rotational Period [sec]: 8.640000e+04 
(Density) Average Density [kg/m^3]: 567.678119 
(HZLimitDryRunaway) Semi-major axis of Dry Runaway HZ Limit [m]: 3.291485e+10 
(HZLimRecVenus) Recent Venus HZ Limit [m]: 2.949266e+10 
(HZLimRunaway) Runaway Greenhouse HZ Limit [m]: 3.889351e+10 
(HZLimMoistGreenhouse) Moist Greenhouse HZ Limit [m]: 3.902363e+10 
(HZLimMaxGreenhouse) Maximum Greenhouse HZ Limit [m]: 7.418983e+10 
(HZLimEarlyMars) Early Mars HZ Limit [m]: 8.091201e+10 
(Instellation) Orbit-averaged INcident STELLar radiATION [kg/sec^3]: -1.000000 
(CriticalSemiMajorAxis) Holman & Wiegert (1999) P-type Critical Semi-major Axis [m]: -1.000000 
(LXUVTot) Total XUV Luminosity [LSUN]: 0.000434 
(LostEnergy) Body's Total Lost Energy [kg*m^2/sec^2]: 5.562685e-309 
(LostAngMom) Lost Angular Momentum due to Magnetic Braking [kg*m^2/sec]: 5.562685e-309 
(EscapeVelocity) Escape Velocity [m/sec]: 3.090006e+05 
----- STELLAR PARAMETERS (star)------
(Luminosity) Luminosity [LSUN]: 0.058761 
(LXUVStellar) Base X-ray/XUV Luminosity [LSUN]: 0.000421 
(Temperature) Effective Temperature [K]: 3201.530787 
(LXUVFrac) Fraction of luminosity in XUV []: 0.007170 
(RossbyNumber) Rossby Number []: 0.016400 
(DRotPerDtStellar) Time Rate of Change of Rotation Period in STELLAR []: -1.824210e-10 
(WindTorque) Stellar Wind Torque []: 6.806293e+27 
----- FLARE PARAMETERS (star)------
(LXUVFlare) XUV Luminosity from flares [LSUN]: 1.306395e-05 
(FlareFreq1) First value of flare frequency range [/sec]: 1.888525e-06 
(FlareFreq2) Second value of flare frequency range [/sec]: 1.528766e-06 
(FlareFreq3) Third value of flare frequency range [/sec]: 1.237540e-06 
(FlareFreq4) Fourth value of flare frequency range [/sec]: 1.001792e-06 
(FlareFreqMin) Frequency of the flares with the lowest energy [/sec]: 1.888525e-06 
(FlareFreqMid) Frequency of the flares with the middle energy in the energy range [/sec]: 2.281950e-07 
(FlareFreqMax) Frequency of the flares with the highest energy [/sec]: 2.757334e-08 
(FlareEnergy1) First value of flare energy range [kg*m^2/sec^2]: 5.334000e+25 
(FlareEnergy2) Second value of flare energy range [kg*m^2/sec^2]: 7.534475e+25 
(FlareEnergy3) Third value of flare energy range [kg*m^2/sec^2]: 1.064273e+26 
(FlareEnergy4) Fourth value of flare energy range [kg*m^2/sec^2]: 1.503325e+26 
(FlareEnergyMin) Minimum flare energy [kg*m^2/sec^2]: 5.334000e+25 
(FlareEnergyMid) Middle flare energy in the range of energy values [kg*m^2/sec^2]: 1.686759e+27 
(FlareEnergyMax) Maximum flare energy [kg*m^2/sec^2]: 5.334000e+28 
(FlareYIntOUT) Instantaneous Davenport FFD y-intercept at current age and mass []: 19.237593 
(FlareSlopeOUT) Instantaneous Davenport FFD slope at current age and mass []: -0.611878 

Output Order: Time[year] Luminosity[LSUN] LXUVStellar[LSUN] LXUVFlare[LSUN] LXUVTot[LSUN]
Grid Output Order:

----- BODY: b ----
Active Modules: AtmEsc
Module Bit Sum: 9
Color: 000000
(Mass) Mass [kg]: 1.009009e+25 
(Radius) Radius [m]: 7.132372e+06 
(RadGyra) Radius of Gyration/Moment of Inertia Constant []: 0.500000 
(BodyType) Type of Body (0 == planet) []: 0.000000 
(Density) Average Density [kg/m^3]: 6639.026217 
(HZLimitDryRunaway) Semi-major axis of Dry Runaway HZ Limit [m]: 3.291491e+10 
(HZLimRecVenus) Recent Venus HZ Limit [m]: 2.949266e+10 
(HZLimRunaway) Runaway Greenhouse HZ Limit [m]: 3.889351e+10 
(HZLimMoistGreenhouse) Moist Greenhouse HZ Limit [m]: 3.902363e+10 
(HZLimMaxGreenhouse) Maximum Greenhouse HZ Limit [m]: 7.418983e+10 
(HZLimEarlyMars) Early Mars HZ Limit [m]: 8.091201e+10 
(Instellation) Orbit-averaged INcident STELLar radiATION [kg/sec^3]: 3.230016e+05 
(MeanMotion) Orbital Mean Motion [/sec]: 4.464340e-05 
(OrbPeriod) Orbital Period [sec]: 1.407416e+05 
(SemiMajorAxis) Semi-major Axis [m]: 2.359630e+09 
(LXUVTot) Total XUV Luminosity [kg/sec^3]: -1.000000 
(EscapeVelocity) Escape Velocity [m/sec]: 1.374193e+04 
----- ATMESC PARAMETERS (b)------
(SurfWaterMass) Surface water mass [kg]: 0.000000 
(EnvelopeMass) Envelope mass [kg]: 0.000000 
(OxygenMass) Oxygen mass in the atmosphere [kg]: 0.000000 
(RGLimit) Runaway greenhouse semi-major axis [m]: 3.726263e+10 
(XO) Atomic oxygen mixing ratio in upper atmosphere []: 0.000000 
(EtaO) Oxygen eta parameter (Luger and Barnes 2015) []: 0.000000 
(PlanetRadius) Planet radius [m]: 7.132372e+06 
(OxygenMantleMass) Mass of oxygen in mantle [kg]: 0.000000 
(RadXUV) XUV radius separating hydro. dyn. escape and equilibrium [m]: -1.000000 
(RadSolid) Radius to the solid surface [m]: -1.000000 
(PresXUV) Pressure at base of thermosphere [(null)]: 5.000000 
(ScaleHeight) Scale height in Lehmer & Catling (2016) model [m]: -1.000000 
(ThermTemp) Isothermal atmospheric temperature [K]: 400.000000 
(AtmGasConst) Atmospheric gas constant [(null)]: 4124.000000 
(PresSurf) Surface pressure due to atmosphere [Pa]: -1.000000 
(DEnvMassDt) Envelope Mass Loss Rate [kg/s]: 0.000000 
(FXUV) XUV flux [W/m^2]: 2387.776452 
(AtmXAbsEffH2O) XUV atmospheric escape efficiency for H2O []: 0.300000 
(RocheRadius) Roche Lobe Radius [m]: 4.829382e+07 
(BondiRadius) Bondi Radius [m]: 3.270111e+08 
(HEscapeRegime) Integer flag for H envelope escape regime []: 8.000000 
(RRCriticalFlux) Critical XUV Flux that separates RR and energy-limited escape [W/m^2]: 66.713167 
(CrossoverMass) Crossover mass, defines oxygen is escaping if mc > mo [kg]: 0.000000 
(WaterEscapeRegime) What water escape regime the code is currently in []: 8.000000 
(FXUVCRITDRAG) Critical Drag XUV flux [W/m^2]: 0.543708 
(HREFFLUX) The Hydrogen Reference Flux (m^-2 s^-1) [m^-2 s^-1]: 1.464203e+21 
(XO2) Molecular oxygen mixing ratio in atmosphere []: 0.000000 
(XH2O) Water mixing ratio in upper atmosphere []: 0.000000 
(HDiffFlux) The Hydrogen Diffusion Flux (m^-2 s^-1) [m^-2 s^-1]: 2.563391e+17 
(HRefODragMod) Multiply by H ref flux to get flux with drag []: 1.000000 
(KTide) Mass loss enhancement due to stellar gravity []: 0.780080 
(CumulativeXUVFlux) Cumulative XUV flux [W/m^2]: 0.000000 
(RunawayGreenhouseFlux) Incident flux that triggers runaway greenhouse [kg/sec^3]: 1295.222205 
(RGDuration) Runaway Greenhouse Duration [years]: 0.00000e+00

Output Order: Time[year] CumulativeXUVFlux[W/m^2]
Grid Output Order:



---- FINAL SYSTEM PROPERTIES ----
(Age) System Age [sec]: 2.222730e+17 
(Time) Simulation Time [sec]: 2.221339e+17 
(TotAngMom) Total Angular Momentum [kg*m^2/sec]: 1.786350e+42 
(TotEnergy) Total System Energy [kg*m^2/sec^2]: -1.114024e+40 
(PotEnergy) Body's non-orbital Potential Energy [kg*m^2/sec^2]: -4.134393e+40 
(KinEnergy) Body's non-orbital Kinetic Energy [kg*m^2/sec^2]: 6.284644e+32 
(DeltaTime) Average Timestep Over Last Output Interval [sec]: 3.155760e+13 

----- BODY: star ----
Active Modules: FLARE STELLAR
Module Bit Sum: 577
Color: 000000
(Mass) Mass [kg]: 3.923114e+29 
(Radius) Radius [m]: 1.490753e+08 
(RadGyra) Radius of Gyration/Moment of Inertia Constant []: 0.460236 
(RotAngMom) Rotational Angular Momentum [kg*m^2/sec]: 1.523550e+39 
(RotVel) Rotational Velocity [m/sec]: 122.987159 
(BodyType) Type of Body (0 == planet) []: 0.000000 
(RotRate) Rotational Frequency [/sec]: 8.250003e-07 
(RotPer) Rotational Period [sec]: 7.615979e+06 
(Density) Average Density [kg/m^3]: 2.826997e+04 
(HZLimitDryRunaway) Semi-major axis of Dry Runaway HZ Limit [m]: 9.240711e+09 
(HZLimRecVenus) Recent Venus HZ Limit [m]: 8.271564e+09 
(HZLimRunaway) Runaway Greenhouse HZ Limit [m]: 1.091325e+10 
(HZLimMoistGreenhouse) Moist Greenhouse HZ Limit [m]: 1.094464e+10 
(HZLimMaxGreenhouse) Maximum Greenhouse HZ Limit [m]: 2.076607e+10 
(HZLimEarlyMars) Early Mars HZ Limit [m]: 2.264772e+10 
(Instellation) Orbit-averaged INcident STELLar radiATION [kg/sec^3]: -1.000000 
(CriticalSemiMajorAxis) Holman & Wiegert (1999) P-type Critical Semi-major Axis [m]: -1.000000 
(LXUVTot) Total XUV Luminosity [LSUN]: 2.032769e-06 
(LostEnergy) Body's Total Lost Energy [kg*m^2/sec^2]: 3.020375e+40 
(LostAngMom) Lost Angular Momentum due to Magnetic Braking [kg*m^2/sec]: 1.782318e+42 
(EscapeVelocity) Escape Velocity [m/sec]: 5.926930e+05 
----- STELLAR PARAMETERS (star)------
(Luminosity) Luminosity [LSUN]: 0.004631 
(LXUVStellar) Base X-ray/XUV Luminosity [LSUN]: 1.670947e-06 
(Temperature) Effective Temperature [K]: 3253.675371 
(LXUVFrac) Fraction of luminosity in XUV []: 0.000361 
(RossbyNumber) Rossby Number []: 1.484753 
(DRotPerDtStellar) Time Rate of Change of Rotation Period in STELLAR []: 2.390174e-11 
(WindTorque) Stellar Wind Torque []: 3.132881e+21 
----- FLARE PARAMETERS (star)------
(LXUVFlare) XUV Luminosity from flares [LSUN]: 3.617995e-07 
(FlareFreq1) First value of flare frequency range [/sec]: 5.703147e-07 
(FlareFreq2) Second value of flare frequency range [/sec]: 3.917327e-07 
(FlareFreq3) Third value of flare frequency range [/sec]: 2.690698e-07 
(FlareFreq4) Fourth value of flare frequency range [/sec]: 1.848163e-07 
(FlareFreqMin) Frequency of the flares with the lowest energy [/sec]: 5.703147e-07 
(FlareFreqMid) Frequency of the flares with the middle energy in the energy range [/sec]: 1.333113e-08 
(FlareFreqMax) Frequency of the flares with the highest energy [/sec]: 3.116155e-10 
(FlareEnergy1) First value of flare energy range [kg*m^2/sec^2]: 5.334000e+25 
(FlareEnergy2) Second value of flare energy range [kg*m^2/sec^2]: 7.534475e+25 
(FlareEnergy3) Third value of flare energy range [kg*m^2/sec^2]: 1.064273e+26 
(FlareEnergy4) Fourth value of flare energy range [kg*m^2/sec^2]: 1.503325e+26 
(FlareEnergyMin) Minimum flare energy [kg*m^2/sec^2]: 5.334000e+25 
(FlareEnergyMid) Middle flare energy in the range of energy values [kg*m^2/sec^2]: 1.686759e+27 
(FlareEnergyMax) Maximum flare energy [kg*m^2/sec^2]: 5.334000e+28 
(FlareYIntOUT) Instantaneous Davenport FFD y-intercept at current age and mass []: 34.283249 
(FlareSlopeOUT) Instantaneous Davenport FFD slope at current age and mass []: -1.087498 

Output Order: Time[year] Luminosity[LSUN] LXUVStellar[LSUN] LXUVFlare[LSUN] LXUVTot[LSUN]
Grid Output Order:

----- BODY: b ----
Active Modules: AtmEsc
Module Bit Sum: 9
Color: 000000
(Mass) Mass [kg]: 1.009009e+25 
(Radius) Radius [m]: 7.132372e+06 
(RadGyra) Radius of Gyration/Moment of Inertia Constant []: 0.500000 
(BodyType) Type of Body (0 == planet) []: 0.000000 
(Density) Average Density [kg/m^3]: 6639.026217 
(HZLimitDryRunaway) Semi-major axis of Dry Runaway HZ Limit [m]: 9.240725e+09 
(HZLimRecVenus) Recent Venus HZ Limit [m]: 8.271564e+09 
(HZLimRunaway) Runaway Greenhouse HZ Limit [m]: 1.091325e+10 
(HZLimMoistGreenhouse) Moist Greenhouse HZ Limit [m]: 1.094464e+10 
(HZLimMaxGreenhouse) Maximum Greenhouse HZ Limit [m]: 2.076607e+10 
(HZLimEarlyMars) Early Mars HZ Limit [m]: 2.264772e+10 
(Instellation) Orbit-averaged INcident STELLar radiATION [kg/sec^3]: 2.545843e+04 
(MeanMotion) Orbital Mean Motion [/sec]: 4.464340e-05 
(OrbPeriod) Orbital Period [sec]: 1.407416e+05 
(SemiMajorAxis) Semi-major Axis [m]: 2.359630e+09 
(LXUVTot) Total XUV Luminosity [kg/sec^3]: -1.000000 
(EscapeVelocity) Escape Velocity [m/sec]: 1.374193e+04 
----- ATMESC PARAMETERS (b)------
(SurfWaterMass) Surface water mass [kg]: 0.000000 
(EnvelopeMass) Envelope mass [kg]: 0.000000 
(OxygenMass) Oxygen mass in the atmosphere [kg]: 0.000000 
(RGLimit) Runaway greenhouse semi-major axis [m]: 1.045586e+10 
(XO) Atomic oxygen mixing ratio in upper atmosphere []: 0.000000 
(EtaO) Oxygen eta parameter (Luger and Barnes 2015) []: 0.000000 
(PlanetRadius) Planet radius [m]: 7.132372e+06 
(OxygenMantleMass) Mass of oxygen in mantle [kg]: 0.000000 
(RadXUV) XUV radius separating hydro. dyn. escape and equilibrium [m]: -1.000000 
(RadSolid) Radius to the solid surface [m]: -1.000000 
(PresXUV) Pressure at base of thermosphere [(null)]: 5.000000 
(ScaleHeight) Scale height in Lehmer & Catling (2016) model [m]: -1.000000 
(ThermTemp) Isothermal atmospheric temperature [K]: 400.000000 
(AtmGasConst) Atmospheric gas constant [(null)]: 4124.000000 
(PresSurf) Surface pressure due to atmosphere [Pa]: -1.000000 
(DEnvMassDt) Envelope Mass Loss Rate [kg/s]: 0.000000 
(FXUV) XUV flux [W/m^2]: 11.173782 
(AtmXAbsEffH2O) XUV atmospheric escape efficiency for H2O []: 0.300000 
(RocheRadius) Roche Lobe Radius [m]: 4.829382e+07 
(BondiRadius) Bondi Radius [m]: 6.171865e+08 
(HEscapeRegime) Integer flag for H envelope escape regime []: 8.000000 
(RRCriticalFlux) Critical XUV Flux that separates RR and energy-limited escape [W/m^2]: 66.713167 
(CrossoverMass) Crossover mass, defines oxygen is escaping if mc > mo [kg]: 0.000000 
(WaterEscapeRegime) What water escape regime the code is currently in []: 8.000000 
(FXUVCRITDRAG) Critical Drag XUV flux [W/m^2]: 0.543708 
(HREFFLUX) The Hydrogen Reference Flux (m^-2 s^-1) [m^-2 s^-1]: 6.851850e+18 
(XO2) Molecular oxygen mixing ratio in atmosphere []: 0.000000 
(XH2O) Water mixing ratio in upper atmosphere []: 0.000000 
(HDiffFlux) The Hydrogen Diffusion Flux (m^-2 s^-1) [m^-2 s^-1]: 2.563391e+17 
(HRefODragMod) Multiply by H ref flux to get flux with drag []: 1.000000 
(KTide) Mass loss enhancement due to stellar gravity []: 0.780080 
(CumulativeXUVFlux) Cumulative XUV flux [W/m^2]: 1.119138e+19 
(RunawayGreenhouseFlux) Incident flux that triggers runaway greenhouse [kg/sec^3]: 1296.578463 
(RGDuration) Runaway Greenhouse Duration [years]: 0.00000e+00

Output Order: Time[year] CumulativeXUVFlux[W/m^2]
Grid Output Order:
