-------- Log file gj1132.log -------

Executable: /home/vplanet/.local/bin/vplanet
Version: Unknown
System Name: gj1132
Primary Input File: vpl.in
Body File #1: star.in
Body File #2: b.in
Allow files to be overwitten: Yes
Mass Units: Grams
Length Units: Meters
Time Units: Seconds
Angle Units: Radians

------- FORMATTING -----
Verbosity Level: 5
Crossover Decade for Scientific Notation: 4
Number of Digits After Decimal: 6
Integration Method: Runge-Kutta4
Direction: Forward
Time Step: 3.155760e+07
Stop Time: 2.370949e+17
Output Interval: 3.155760e+13
Use Variable Timestep: Yes
dEta: 0.010000
Minimum Value of ecc and obl: 1.000000e-10


---- INITIAL SYSTEM PROPERTIES ----
(Age) System Age [sec]: 1.623038e+14 
(Time) Simulation Time [sec]: 0.000000 
(TotAngMom) Total Angular Momentum [kg*m^2/sec]: 1.444102e+42 
(TotEnergy) Total System Energy [kg*m^2/sec^2]: -1.099287e+40 
(PotEnergy) Body's non-orbital Potential Energy [kg*m^2/sec^2]: -1.104524e+40 
(KinEnergy) Body's non-orbital Kinetic Energy [kg*m^2/sec^2]: 5.242442e+37 
(DeltaTime) Average Timestep Over Last Output Interval [sec]: 0.000000 

----- BODY: star ----
Active Modules: FLARE STELLAR
Module Bit Sum: 577
Color: 000000
(Mass) Mass [kg]: 3.733529e+29 
(Radius) Radius [m]: 5.053816e+08 
(RadGyra) Radius of Gyration/Moment of Inertia Constant []: 0.455970 
(RotAngMom) Rotational Angular Momentum [kg*m^2/sec]: 1.441775e+42 
(RotVel) Rotational Velocity [m/sec]: 3.675239e+04 
(BodyType) Type of Body (0 == planet) []: 0.000000 
(RotRate) Rotational Frequency [/sec]: 7.272205e-05 
(RotPer) Rotational Period [sec]: 8.640000e+04 
(Density) Average Density [kg/m^3]: 690.514312 
(HZLimitDryRunaway) Semi-major axis of Dry Runaway HZ Limit [m]: 3.020438e+10 
(HZLimRecVenus) Recent Venus HZ Limit [m]: 2.706831e+10 
(HZLimRunaway) Runaway Greenhouse HZ Limit [m]: 3.569375e+10 
(HZLimMoistGreenhouse) Moist Greenhouse HZ Limit [m]: 3.581582e+10 
(HZLimMaxGreenhouse) Maximum Greenhouse HZ Limit [m]: 6.811288e+10 
(HZLimEarlyMars) Early Mars HZ Limit [m]: 7.428440e+10 
(Instellation) Orbit-averaged INcident STELLar radiATION [kg/sec^3]: -1.000000 
(CriticalSemiMajorAxis) Holman & Wiegert (1999) P-type Critical Semi-major Axis [m]: -1.000000 
(LXUVTot) Total XUV Luminosity [LSUN]: 6.897028e-05 
(LostEnergy) Body's Total Lost Energy [kg*m^2/sec^2]: 5.562685e-309 
(LostAngMom) Lost Angular Momentum due to Magnetic Braking [kg*m^2/sec]: 5.562685e-309 
(EscapeVelocity) Escape Velocity [m/sec]: 3.140272e+05 
----- STELLAR PARAMETERS (star)------
(Luminosity) Luminosity [LSUN]: 0.049482 
(LXUVStellar) Base X-ray/XUV Luminosity [LSUN]: 6.816808e-05 
(Temperature) Effective Temperature [K]: 3193.199182 
(LXUVFrac) Fraction of luminosity in XUV []: 0.001378 
(RossbyNumber) Rossby Number []: 0.016330 
(DRotPerDtStellar) Time Rate of Change of Rotation Period in STELLAR []: -1.710682e-10 
(WindTorque) Stellar Wind Torque []: 4.547499e+27 
----- FLARE PARAMETERS (star)------
(LXUVFlare) XUV Luminosity from flares [LSUN]: 8.021962e-07 
(FlareFreq1) First value of flare frequency range [/sec]: 3.276663e-05 
(FlareFreq2) Second value of flare frequency range [/sec]: 2.835690e-05 
(FlareFreq3) Third value of flare frequency range [/sec]: 2.454063e-05 
(FlareFreq4) Fourth value of flare frequency range [/sec]: 2.123796e-05 
(FlareFreqMin) Frequency of the flares with the lowest energy [/sec]: 3.276663e-05 
(FlareFreqMid) Frequency of the flares with the middle energy in the energy range [/sec]: 7.721500e-06 
(FlareFreqMax) Frequency of the flares with the highest energy [/sec]: 1.819582e-06 
(FlareEnergy1) First value of flare energy range [kg*m^2/sec^2]: 5.334000e+23 
(FlareEnergy2) Second value of flare energy range [kg*m^2/sec^2]: 6.715108e+23 
(FlareEnergy3) Third value of flare energy range [kg*m^2/sec^2]: 8.453820e+23 
(FlareEnergy4) Fourth value of flare energy range [kg*m^2/sec^2]: 1.064273e+24 
(FlareEnergyMin) Minimum flare energy [kg*m^2/sec^2]: 5.334000e+23 
(FlareEnergyMid) Middle flare energy in the range of energy values [kg*m^2/sec^2]: 5.334000e+24 
(FlareEnergyMax) Maximum flare energy [kg*m^2/sec^2]: 5.334000e+25 
(FlareYIntOUT) Instantaneous Davenport FFD y-intercept at current age and mass []: 19.740242 
(FlareSlopeOUT) Instantaneous Davenport FFD slope at current age and mass []: -0.627730 

Output Order: Time[year] Luminosity[LSUN] LXUVStellar[LSUN] LXUVFlare[LSUN] LXUVTot[LSUN]
Grid Output Order:

----- BODY: b ----
Active Modules: AtmEsc
Module Bit Sum: 9
Color: 000000
(Mass) Mass [kg]: 9.677125e+24 
(Radius) Radius [m]: 7.236566e+06 
(RadGyra) Radius of Gyration/Moment of Inertia Constant []: 0.500000 
(BodyType) Type of Body (0 == planet) []: 0.000000 
(Density) Average Density [kg/m^3]: 6096.213999 
(HZLimitDryRunaway) Semi-major axis of Dry Runaway HZ Limit [m]: 3.020439e+10 
(HZLimRecVenus) Recent Venus HZ Limit [m]: 2.706831e+10 
(HZLimRunaway) Runaway Greenhouse HZ Limit [m]: 3.569375e+10 
(HZLimMoistGreenhouse) Moist Greenhouse HZ Limit [m]: 3.581582e+10 
(HZLimMaxGreenhouse) Maximum Greenhouse HZ Limit [m]: 6.811288e+10 
(HZLimEarlyMars) Early Mars HZ Limit [m]: 7.428440e+10 
(Instellation) Orbit-averaged INcident STELLar radiATION [kg/sec^3]: 2.811375e+05 
(MeanMotion) Orbital Mean Motion [/sec]: 4.464477e-05 
(OrbPeriod) Orbital Period [sec]: 1.407373e+05 
(SemiMajorAxis) Semi-major Axis [m]: 2.320944e+09 
(LXUVTot) Total XUV Luminosity [kg/sec^3]: -1.000000 
(EscapeVelocity) Escape Velocity [m/sec]: 1.336054e+04 
----- ATMESC PARAMETERS (b)------
(SurfWaterMass) Surface water mass [kg]: 0.000000 
(EnvelopeMass) Envelope mass [kg]: 0.000000 
(OxygenMass) Oxygen mass in the atmosphere [kg]: 0.000000 
(RGLimit) Runaway greenhouse semi-major axis [m]: 3.422997e+10 
(XO) Atomic oxygen mixing ratio in upper atmosphere []: 0.000000 
(EtaO) Oxygen eta parameter (Luger and Barnes 2015) []: 0.000000 
(PlanetRadius) Planet radius [m]: 7.236566e+06 
(OxygenMantleMass) Mass of oxygen in mantle [kg]: 0.000000 
(RadXUV) XUV radius separating hydro. dyn. escape and equilibrium [m]: -1.000000 
(RadSolid) Radius to the solid surface [m]: -1.000000 
(PresXUV) Pressure at base of thermosphere [(null)]: 5.000000 
(ScaleHeight) Scale height in Lehmer & Catling (2016) model [m]: -1.000000 
(ThermTemp) Isothermal atmospheric temperature [K]: 400.000000 
(AtmGasConst) Atmospheric gas constant [(null)]: 4124.000000 
(PresSurf) Surface pressure due to atmosphere [Pa]: -1.000000 
(DEnvMassDt) Envelope Mass Loss Rate [kg/s]: 0.000000 
(FXUV) XUV flux [W/m^2]: 391.861098 
(AtmXAbsEffH2O) XUV atmospheric escape efficiency for H2O []: 0.300000 
(RocheRadius) Roche Lobe Radius [m]: 4.762480e+07 
(BondiRadius) Bondi Radius [m]: 3.302925e+08 
(HEscapeRegime) Integer flag for H envelope escape regime []: 8.000000 
(RRCriticalFlux) Critical XUV Flux that separates RR and energy-limited escape [W/m^2]: 57.813782 
(CrossoverMass) Crossover mass, defines oxygen is escaping if mc > mo [kg]: 0.000000 
(WaterEscapeRegime) What water escape regime the code is currently in []: 8.000000 
(FXUVCRITDRAG) Critical Drag XUV flux [W/m^2]: 0.478820 
(HREFFLUX) The Hydrogen Reference Flux (m^-2 s^-1) [m^-2 s^-1]: 2.562599e+20 
(XO2) Molecular oxygen mixing ratio in atmosphere []: 0.000000 
(XH2O) Water mixing ratio in upper atmosphere []: 0.000000 
(HDiffFlux) The Hydrogen Diffusion Flux (m^-2 s^-1) [m^-2 s^-1]: 2.388192e+17 
(HRefODragMod) Multiply by H ref flux to get flux with drag []: 1.000000 
(KTide) Mass loss enhancement due to stellar gravity []: 0.773830 
(CumulativeXUVFlux) Cumulative XUV flux [W/m^2]: 0.000000 
(RunawayGreenhouseFlux) Incident flux that triggers runaway greenhouse [kg/sec^3]: 1292.512789 
(RGDuration) Runaway Greenhouse Duration [years]: 0.00000e+00

Output Order: Time[year] CumulativeXUVFlux[W/m^2]
Grid Output Order:



---- FINAL SYSTEM PROPERTIES ----
(Age) System Age [sec]: 2.372861e+17 
(Time) Simulation Time [sec]: 2.371238e+17 
(TotAngMom) Total Angular Momentum [kg*m^2/sec]: 1.448317e+42 
(TotEnergy) Total System Energy [kg*m^2/sec^2]: -1.097645e+40 
(PotEnergy) Body's non-orbital Potential Energy [kg*m^2/sec^2]: -3.934601e+40 
(KinEnergy) Body's non-orbital Kinetic Energy [kg*m^2/sec^2]: 5.521855e+32 
(DeltaTime) Average Timestep Over Last Output Interval [sec]: 1.577880e+13 

----- BODY: star ----
Active Modules: FLARE STELLAR
Module Bit Sum: 577
Color: 000000
(Mass) Mass [kg]: 3.733529e+29 
(Radius) Radius [m]: 1.418711e+08 
(RadGyra) Radius of Gyration/Moment of Inertia Constant []: 0.460604 
(RotAngMom) Rotational Angular Momentum [kg*m^2/sec]: 1.326901e+39 
(RotVel) Rotational Velocity [m/sec]: 118.078410 
(BodyType) Type of Body (0 == planet) []: 0.000000 
(RotRate) Rotational Frequency [/sec]: 8.322935e-07 
(RotPer) Rotational Period [sec]: 7.549243e+06 
(Density) Average Density [kg/m^3]: 3.121396e+04 
(HZLimitDryRunaway) Semi-major axis of Dry Runaway HZ Limit [m]: 8.676198e+09 
(HZLimRecVenus) Recent Venus HZ Limit [m]: 7.770114e+09 
(HZLimRunaway) Runaway Greenhouse HZ Limit [m]: 1.024931e+10 
(HZLimMoistGreenhouse) Moist Greenhouse HZ Limit [m]: 1.028114e+10 
(HZLimMaxGreenhouse) Maximum Greenhouse HZ Limit [m]: 1.952610e+10 
(HZLimEarlyMars) Early Mars HZ Limit [m]: 2.129535e+10 
(Instellation) Orbit-averaged INcident STELLar radiATION [kg/sec^3]: -1.000000 
(CriticalSemiMajorAxis) Holman & Wiegert (1999) P-type Critical Semi-major Axis [m]: -1.000000 
(LXUVTot) Total XUV Luminosity [LSUN]: 5.184147e-07 
(LostEnergy) Body's Total Lost Energy [kg*m^2/sec^2]: 2.836961e+40 
(LostAngMom) Lost Angular Momentum due to Magnetic Braking [kg*m^2/sec]: 1.444663e+42 
(EscapeVelocity) Escape Velocity [m/sec]: 5.926932e+05 
----- STELLAR PARAMETERS (star)------
(Luminosity) Luminosity [LSUN]: 0.004083 
(LXUVStellar) Base X-ray/XUV Luminosity [LSUN]: 1.350941e-07 
(Temperature) Effective Temperature [K]: 3228.274281 
(LXUVFrac) Fraction of luminosity in XUV []: 3.308788e-05 
(RossbyNumber) Rossby Number []: 1.452719 
(DRotPerDtStellar) Time Rate of Change of Rotation Period in STELLAR []: 1.478199e-11 
(WindTorque) Stellar Wind Torque []: 2.598172e+21 
----- FLARE PARAMETERS (star)------
(LXUVFlare) XUV Luminosity from flares [LSUN]: 3.833166e-07 
(FlareFreq1) First value of flare frequency range [/sec]: 8.659253e-05 
(FlareFreq2) Second value of flare frequency range [/sec]: 6.726923e-05 
(FlareFreq3) Third value of flare frequency range [/sec]: 5.225797e-05 
(FlareFreq4) Fourth value of flare frequency range [/sec]: 4.059650e-05 
(FlareFreqMin) Frequency of the flares with the lowest energy [/sec]: 8.659253e-05 
(FlareFreqMid) Frequency of the flares with the middle energy in the energy range [/sec]: 6.931717e-06 
(FlareFreqMax) Frequency of the flares with the highest energy [/sec]: 5.548827e-07 
(FlareEnergy1) First value of flare energy range [kg*m^2/sec^2]: 5.334000e+23 
(FlareEnergy2) Second value of flare energy range [kg*m^2/sec^2]: 6.715108e+23 
(FlareEnergy3) Third value of flare energy range [kg*m^2/sec^2]: 8.453820e+23 
(FlareEnergy4) Fourth value of flare energy range [kg*m^2/sec^2]: 1.064273e+24 
(FlareEnergyMin) Minimum flare energy [kg*m^2/sec^2]: 5.334000e+23 
(FlareEnergyMid) Middle flare energy in the range of energy values [kg*m^2/sec^2]: 5.334000e+24 
(FlareEnergyMax) Maximum flare energy [kg*m^2/sec^2]: 5.334000e+25 
(FlareYIntOUT) Instantaneous Davenport FFD y-intercept at current age and mass []: 34.570498 
(FlareSlopeOUT) Instantaneous Davenport FFD slope at current age and mass []: -1.096640 

Output Order: Time[year] Luminosity[LSUN] LXUVStellar[LSUN] LXUVFlare[LSUN] LXUVTot[LSUN]
Grid Output Order:

----- BODY: b ----
Active Modules: AtmEsc
Module Bit Sum: 9
Color: 000000
(Mass) Mass [kg]: 9.677125e+24 
(Radius) Radius [m]: 7.236566e+06 
(RadGyra) Radius of Gyration/Moment of Inertia Constant []: 0.500000 
(BodyType) Type of Body (0 == planet) []: 0.000000 
(Density) Average Density [kg/m^3]: 6096.213999 
(HZLimitDryRunaway) Semi-major axis of Dry Runaway HZ Limit [m]: 8.676200e+09 
(HZLimRecVenus) Recent Venus HZ Limit [m]: 7.770114e+09 
(HZLimRunaway) Runaway Greenhouse HZ Limit [m]: 1.024931e+10 
(HZLimMoistGreenhouse) Moist Greenhouse HZ Limit [m]: 1.028114e+10 
(HZLimMaxGreenhouse) Maximum Greenhouse HZ Limit [m]: 1.952610e+10 
(HZLimEarlyMars) Early Mars HZ Limit [m]: 2.129535e+10 
(Instellation) Orbit-averaged INcident STELLar radiATION [kg/sec^3]: 2.319732e+04 
(MeanMotion) Orbital Mean Motion [/sec]: 4.464477e-05 
(OrbPeriod) Orbital Period [sec]: 1.407373e+05 
(SemiMajorAxis) Semi-major Axis [m]: 2.320944e+09 
(LXUVTot) Total XUV Luminosity [kg/sec^3]: -1.000000 
(EscapeVelocity) Escape Velocity [m/sec]: 1.336054e+04 
----- ATMESC PARAMETERS (b)------
(SurfWaterMass) Surface water mass [kg]: 0.000000 
(EnvelopeMass) Envelope mass [kg]: 0.000000 
(OxygenMass) Oxygen mass in the atmosphere [kg]: 0.000000 
(RGLimit) Runaway greenhouse semi-major axis [m]: 9.829105e+09 
(XO) Atomic oxygen mixing ratio in upper atmosphere []: 0.000000 
(EtaO) Oxygen eta parameter (Luger and Barnes 2015) []: 0.000000 
(PlanetRadius) Planet radius [m]: 7.236566e+06 
(OxygenMantleMass) Mass of oxygen in mantle [kg]: 0.000000 
(RadXUV) XUV radius separating hydro. dyn. escape and equilibrium [m]: -1.000000 
(RadSolid) Radius to the solid surface [m]: -1.000000 
(PresXUV) Pressure at base of thermosphere [(null)]: 5.000000 
(ScaleHeight) Scale height in Lehmer & Catling (2016) model [m]: -1.000000 
(ThermTemp) Isothermal atmospheric temperature [K]: 400.000000 
(AtmGasConst) Atmospheric gas constant [(null)]: 4124.000000 
(PresSurf) Surface pressure due to atmosphere [Pa]: -1.000000 
(DEnvMassDt) Envelope Mass Loss Rate [kg/s]: 0.000000 
(FXUV) XUV flux [W/m^2]: 2.945422 
(AtmXAbsEffH2O) XUV atmospheric escape efficiency for H2O []: 0.300000 
(RocheRadius) Roche Lobe Radius [m]: 4.762480e+07 
(BondiRadius) Bondi Radius [m]: 6.166192e+08 
(HEscapeRegime) Integer flag for H envelope escape regime []: 8.000000 
(RRCriticalFlux) Critical XUV Flux that separates RR and energy-limited escape [W/m^2]: 57.813782 
(CrossoverMass) Crossover mass, defines oxygen is escaping if mc > mo [kg]: 0.000000 
(WaterEscapeRegime) What water escape regime the code is currently in []: 8.000000 
(FXUVCRITDRAG) Critical Drag XUV flux [W/m^2]: 0.478820 
(HREFFLUX) The Hydrogen Reference Flux (m^-2 s^-1) [m^-2 s^-1]: 1.926176e+18 
(XO2) Molecular oxygen mixing ratio in atmosphere []: 0.000000 
(XH2O) Water mixing ratio in upper atmosphere []: 0.000000 
(HDiffFlux) The Hydrogen Diffusion Flux (m^-2 s^-1) [m^-2 s^-1]: 2.388192e+17 
(HRefODragMod) Multiply by H ref flux to get flux with drag []: 1.000000 
(KTide) Mass loss enhancement due to stellar gravity []: 0.773830 
(CumulativeXUVFlux) Cumulative XUV flux [W/m^2]: 1.774722e+18 
(RunawayGreenhouseFlux) Incident flux that triggers runaway greenhouse [kg/sec^3]: 1293.418060 
(RGDuration) Runaway Greenhouse Duration [years]: 0.00000e+00

Output Order: Time[year] CumulativeXUVFlux[W/m^2]
Grid Output Order:
