-------- Log file gj1132.log -------

Executable: /home/vplanet/.local/bin/vplanet
Version: Unknown
System Name: gj1132
Primary Input File: vpl.in
Body File #1: star.in
Body File #2: b.in
Allow files to be overwitten: Yes
Mass Units: Grams
Length Units: Meters
Time Units: Seconds
Angle Units: Radians

------- FORMATTING -----
Verbosity Level: 5
Crossover Decade for Scientific Notation: 4
Number of Digits After Decimal: 6
Integration Method: Runge-Kutta4
Direction: Forward
Time Step: 3.155760e+07
Stop Time: 3.274978e+17
Output Interval: 3.155760e+13
Use Variable Timestep: Yes
dEta: 0.010000
Minimum Value of ecc and obl: 1.000000e-10


---- INITIAL SYSTEM PROPERTIES ----
(Age) System Age [sec]: 1.638616e+14 
(Time) Simulation Time [sec]: 0.000000 
(TotAngMom) Total Angular Momentum [kg*m^2/sec]: 1.414866e+42 
(TotEnergy) Total System Energy [kg*m^2/sec^2]: -1.088565e+40 
(PotEnergy) Body's non-orbital Potential Energy [kg*m^2/sec^2]: -1.093695e+40 
(KinEnergy) Body's non-orbital Kinetic Energy [kg*m^2/sec^2]: 5.135820e+37 
(DeltaTime) Average Timestep Over Last Output Interval [sec]: 0.000000 

----- BODY: star ----
Active Modules: FLARE STELLAR
Module Bit Sum: 577
Color: 000000
(Mass) Mass [kg]: 3.703437e+29 
(Radius) Radius [m]: 5.021915e+08 
(RadGyra) Radius of Gyration/Moment of Inertia Constant []: 0.456018 
(RotAngMom) Rotational Angular Momentum [kg*m^2/sec]: 1.412452e+42 
(RotVel) Rotational Velocity [m/sec]: 3.652039e+04 
(BodyType) Type of Body (0 == planet) []: 0.000000 
(RotRate) Rotational Frequency [/sec]: 7.272205e-05 
(RotPer) Rotational Period [sec]: 8.640000e+04 
(Density) Average Density [kg/m^3]: 698.085177 
(HZLimitDryRunaway) Semi-major axis of Dry Runaway HZ Limit [m]: 2.999712e+10 
(HZLimRecVenus) Recent Venus HZ Limit [m]: 2.688320e+10 
(HZLimRunaway) Runaway Greenhouse HZ Limit [m]: 3.544926e+10 
(HZLimMoistGreenhouse) Moist Greenhouse HZ Limit [m]: 3.557089e+10 
(HZLimMaxGreenhouse) Maximum Greenhouse HZ Limit [m]: 6.765025e+10 
(HZLimEarlyMars) Early Mars HZ Limit [m]: 7.377985e+10 
(Instellation) Orbit-averaged INcident STELLar radiATION [kg/sec^3]: -1.000000 
(CriticalSemiMajorAxis) Holman & Wiegert (1999) P-type Critical Semi-major Axis [m]: -1.000000 
(LXUVTot) Total XUV Luminosity [LSUN]: 9.447461e-06 
(LostEnergy) Body's Total Lost Energy [kg*m^2/sec^2]: 5.562685e-309 
(LostAngMom) Lost Angular Momentum due to Magnetic Braking [kg*m^2/sec]: 5.562685e-309 
(EscapeVelocity) Escape Velocity [m/sec]: 3.137509e+05 
----- STELLAR PARAMETERS (star)------
(Luminosity) Luminosity [LSUN]: 0.048805 
(LXUVStellar) Base X-ray/XUV Luminosity [LSUN]: 8.646677e-06 
(Temperature) Effective Temperature [K]: 3191.964392 
(LXUVFrac) Fraction of luminosity in XUV []: 0.000177 
(RossbyNumber) Rossby Number []: 0.016320 
(DRotPerDtStellar) Time Rate of Change of Rotation Period in STELLAR []: -1.402982e-10 
(WindTorque) Stellar Wind Torque []: 4.420267e+27 
----- FLARE PARAMETERS (star)------
(LXUVFlare) XUV Luminosity from flares [LSUN]: 8.007841e-07 
(FlareFreq1) First value of flare frequency range [/sec]: 3.282842e-05 
(FlareFreq2) Second value of flare frequency range [/sec]: 2.840442e-05 
(FlareFreq3) Third value of flare frequency range [/sec]: 2.457660e-05 
(FlareFreq4) Fourth value of flare frequency range [/sec]: 2.126462e-05 
(FlareFreqMin) Frequency of the flares with the lowest energy [/sec]: 3.282842e-05 
(FlareFreqMid) Frequency of the flares with the middle energy in the energy range [/sec]: 7.719855e-06 
(FlareFreqMax) Frequency of the flares with the highest energy [/sec]: 1.815383e-06 
(FlareEnergy1) First value of flare energy range [kg*m^2/sec^2]: 5.334000e+23 
(FlareEnergy2) Second value of flare energy range [kg*m^2/sec^2]: 6.715108e+23 
(FlareEnergy3) Third value of flare energy range [kg*m^2/sec^2]: 8.453820e+23 
(FlareEnergy4) Fourth value of flare energy range [kg*m^2/sec^2]: 1.064273e+24 
(FlareEnergyMin) Minimum flare energy [kg*m^2/sec^2]: 5.334000e+23 
(FlareEnergyMid) Middle flare energy in the range of energy values [kg*m^2/sec^2]: 5.334000e+24 
(FlareEnergyMax) Maximum flare energy [kg*m^2/sec^2]: 5.334000e+25 
(FlareYIntOUT) Instantaneous Davenport FFD y-intercept at current age and mass []: 19.769045 
(FlareSlopeOUT) Instantaneous Davenport FFD slope at current age and mass []: -0.628641 

Output Order: Time[year] Luminosity[LSUN] LXUVStellar[LSUN] LXUVFlare[LSUN] LXUVTot[LSUN]
Grid Output Order:

----- BODY: b ----
Active Modules: AtmEsc
Module Bit Sum: 9
Color: 000000
(Mass) Mass [kg]: 1.009426e+25 
(Radius) Radius [m]: 7.172170e+06 
(RadGyra) Radius of Gyration/Moment of Inertia Constant []: 0.500000 
(BodyType) Type of Body (0 == planet) []: 0.000000 
(Density) Average Density [kg/m^3]: 6531.820953 
(HZLimitDryRunaway) Semi-major axis of Dry Runaway HZ Limit [m]: 2.999749e+10 
(HZLimRecVenus) Recent Venus HZ Limit [m]: 2.688320e+10 
(HZLimRunaway) Runaway Greenhouse HZ Limit [m]: 3.544926e+10 
(HZLimMoistGreenhouse) Moist Greenhouse HZ Limit [m]: 3.557089e+10 
(HZLimMaxGreenhouse) Maximum Greenhouse HZ Limit [m]: 6.765025e+10 
(HZLimEarlyMars) Early Mars HZ Limit [m]: 7.377985e+10 
(Instellation) Orbit-averaged INcident STELLar radiATION [kg/sec^3]: 2.787963e+05 
(MeanMotion) Orbital Mean Motion [/sec]: 4.464486e-05 
(OrbPeriod) Orbital Period [sec]: 1.407370e+05 
(SemiMajorAxis) Semi-major Axis [m]: 2.314690e+09 
(LXUVTot) Total XUV Luminosity [kg/sec^3]: -1.000000 
(EscapeVelocity) Escape Velocity [m/sec]: 1.370658e+04 
----- ATMESC PARAMETERS (b)------
(SurfWaterMass) Surface water mass [kg]: 0.000000 
(EnvelopeMass) Envelope mass [kg]: 0.000000 
(OxygenMass) Oxygen mass in the atmosphere [kg]: 0.000000 
(RGLimit) Runaway greenhouse semi-major axis [m]: 3.396220e+10 
(XO) Atomic oxygen mixing ratio in upper atmosphere []: 0.000000 
(EtaO) Oxygen eta parameter (Luger and Barnes 2015) []: 0.000000 
(PlanetRadius) Planet radius [m]: 7.172170e+06 
(OxygenMantleMass) Mass of oxygen in mantle [kg]: 0.000000 
(RadXUV) XUV radius separating hydro. dyn. escape and equilibrium [m]: -1.000000 
(RadSolid) Radius to the solid surface [m]: -1.000000 
(PresXUV) Pressure at base of thermosphere [(null)]: 5.000000 
(ScaleHeight) Scale height in Lehmer & Catling (2016) model [m]: -1.000000 
(ThermTemp) Isothermal atmospheric temperature [K]: 400.000000 
(AtmGasConst) Atmospheric gas constant [(null)]: 4124.000000 
(PresSurf) Surface pressure due to atmosphere [Pa]: -1.000000 
(DEnvMassDt) Envelope Mass Loss Rate [kg/s]: 0.000000 
(FXUV) XUV flux [W/m^2]: 53.967761 
(AtmXAbsEffH2O) XUV atmospheric escape efficiency for H2O []: 0.300000 
(RocheRadius) Roche Lobe Radius [m]: 4.829946e+07 
(BondiRadius) Bondi Radius [m]: 3.462231e+08 
(HEscapeRegime) Integer flag for H envelope escape regime []: 8.000000 
(RRCriticalFlux) Critical XUV Flux that separates RR and energy-limited escape [W/m^2]: 65.463955 
(CrossoverMass) Crossover mass, defines oxygen is escaping if mc > mo [kg]: 0.000000 
(WaterEscapeRegime) What water escape regime the code is currently in []: 8.000000 
(FXUVCRITDRAG) Critical Drag XUV flux [W/m^2]: 0.535149 
(HREFFLUX) The Hydrogen Reference Flux (m^-2 s^-1) [m^-2 s^-1]: 3.331489e+19 
(XO2) Molecular oxygen mixing ratio in atmosphere []: 0.000000 
(XH2O) Water mixing ratio in upper atmosphere []: 0.000000 
(HDiffFlux) The Hydrogen Diffusion Flux (m^-2 s^-1) [m^-2 s^-1]: 2.536071e+17 
(HRefODragMod) Multiply by H ref flux to get flux with drag []: 1.000000 
(KTide) Mass loss enhancement due to stellar gravity []: 0.778896 
(CumulativeXUVFlux) Cumulative XUV flux [W/m^2]: 0.000000 
(RunawayGreenhouseFlux) Incident flux that triggers runaway greenhouse [kg/sec^3]: 1295.001068 
(RGDuration) Runaway Greenhouse Duration [years]: 0.00000e+00

Output Order: Time[year] CumulativeXUVFlux[W/m^2]
Grid Output Order:



---- FINAL SYSTEM PROPERTIES ----
(Age) System Age [sec]: 3.276686e+17 
(Time) Simulation Time [sec]: 3.275048e+17 
(TotAngMom) Total Angular Momentum [kg*m^2/sec]: 1.418531e+42 
(TotEnergy) Total System Energy [kg*m^2/sec^2]: -1.005441e+40 
(PotEnergy) Body's non-orbital Potential Energy [kg*m^2/sec^2]: -3.802444e+40 
(KinEnergy) Body's non-orbital Kinetic Energy [kg*m^2/sec^2]: 4.304251e+32 
(DeltaTime) Average Timestep Over Last Output Interval [sec]: 3.155760e+13 

----- BODY: star ----
Active Modules: FLARE STELLAR
Module Bit Sum: 577
Color: 000000
(Mass) Mass [kg]: 3.703437e+29 
(Radius) Radius [m]: 1.444451e+08 
(RadGyra) Radius of Gyration/Moment of Inertia Constant []: 0.460558 
(RotAngMom) Rotational Angular Momentum [kg*m^2/sec]: 1.187828e+39 
(RotVel) Rotational Velocity [m/sec]: 104.683120 
(BodyType) Type of Body (0 == planet) []: 0.000000 
(RotRate) Rotational Frequency [/sec]: 7.247260e-07 
(RotPer) Rotational Period [sec]: 8.669739e+06 
(Density) Average Density [kg/m^3]: 2.933647e+04 
(HZLimitDryRunaway) Semi-major axis of Dry Runaway HZ Limit [m]: 8.805261e+09 
(HZLimRecVenus) Recent Venus HZ Limit [m]: 7.885152e+09 
(HZLimRunaway) Runaway Greenhouse HZ Limit [m]: 1.040138e+10 
(HZLimMoistGreenhouse) Moist Greenhouse HZ Limit [m]: 1.043335e+10 
(HZLimMaxGreenhouse) Maximum Greenhouse HZ Limit [m]: 1.981249e+10 
(HZLimEarlyMars) Early Mars HZ Limit [m]: 2.160770e+10 
(Instellation) Orbit-averaged INcident STELLar radiATION [kg/sec^3]: -1.000000 
(CriticalSemiMajorAxis) Holman & Wiegert (1999) P-type Critical Semi-major Axis [m]: -1.000000 
(LXUVTot) Total XUV Luminosity [LSUN]: 5.505047e-07 
(LostEnergy) Body's Total Lost Energy [kg*m^2/sec^2]: 2.797009e+40 
(LostAngMom) Lost Angular Momentum due to Magnetic Braking [kg*m^2/sec]: 1.414929e+42 
(EscapeVelocity) Escape Velocity [m/sec]: 5.850167e+05 
----- STELLAR PARAMETERS (star)------
(Luminosity) Luminosity [LSUN]: 0.004205 
(LXUVStellar) Base X-ray/XUV Luminosity [LSUN]: 1.814120e-07 
(Temperature) Effective Temperature [K]: 3231.837672 
(LXUVFrac) Fraction of luminosity in XUV []: 4.313928e-05 
(RossbyNumber) Rossby Number []: 1.671387 
(DRotPerDtStellar) Time Rate of Change of Rotation Period in STELLAR []: 1.050502e-11 
(WindTorque) Stellar Wind Torque []: 1.439278e+21 
----- FLARE PARAMETERS (star)------
(LXUVFlare) XUV Luminosity from flares [LSUN]: 3.690899e-07 
(FlareFreq1) First value of flare frequency range [/sec]: 8.819710e-05 
(FlareFreq2) Second value of flare frequency range [/sec]: 6.824466e-05 
(FlareFreq3) Third value of flare frequency range [/sec]: 5.280597e-05 
(FlareFreq4) Fourth value of flare frequency range [/sec]: 4.085990e-05 
(FlareFreqMin) Frequency of the flares with the lowest energy [/sec]: 8.819710e-05 
(FlareFreqMid) Frequency of the flares with the middle energy in the energy range [/sec]: 6.785749e-06 
(FlareFreqMax) Frequency of the flares with the highest energy [/sec]: 5.220850e-07 
(FlareEnergy1) First value of flare energy range [kg*m^2/sec^2]: 5.334000e+23 
(FlareEnergy2) Second value of flare energy range [kg*m^2/sec^2]: 6.715108e+23 
(FlareEnergy3) Third value of flare energy range [kg*m^2/sec^2]: 8.453820e+23 
(FlareEnergy4) Fourth value of flare energy range [kg*m^2/sec^2]: 1.064273e+24 
(FlareEnergyMin) Minimum flare energy [kg*m^2/sec^2]: 5.334000e+23 
(FlareEnergyMid) Middle flare energy in the range of energy values [kg*m^2/sec^2]: 5.334000e+24 
(FlareEnergyMax) Maximum flare energy [kg*m^2/sec^2]: 5.334000e+25 
(FlareYIntOUT) Instantaneous Davenport FFD y-intercept at current age and mass []: 35.107497 
(FlareSlopeOUT) Instantaneous Davenport FFD slope at current age and mass []: -1.113857 

Output Order: Time[year] Luminosity[LSUN] LXUVStellar[LSUN] LXUVFlare[LSUN] LXUVTot[LSUN]
Grid Output Order:

----- BODY: b ----
Active Modules: AtmEsc
Module Bit Sum: 9
Color: 000000
(Mass) Mass [kg]: 1.009426e+25 
(Radius) Radius [m]: 7.172170e+06 
(RadGyra) Radius of Gyration/Moment of Inertia Constant []: 0.500000 
(BodyType) Type of Body (0 == planet) []: 0.000000 
(Density) Average Density [kg/m^3]: 6531.820953 
(HZLimitDryRunaway) Semi-major axis of Dry Runaway HZ Limit [m]: 8.805370e+09 
(HZLimRecVenus) Recent Venus HZ Limit [m]: 7.885152e+09 
(HZLimRunaway) Runaway Greenhouse HZ Limit [m]: 1.040138e+10 
(HZLimMoistGreenhouse) Moist Greenhouse HZ Limit [m]: 1.043335e+10 
(HZLimMaxGreenhouse) Maximum Greenhouse HZ Limit [m]: 1.981249e+10 
(HZLimEarlyMars) Early Mars HZ Limit [m]: 2.160770e+10 
(Instellation) Orbit-averaged INcident STELLar radiATION [kg/sec^3]: 2.402218e+04 
(MeanMotion) Orbital Mean Motion [/sec]: 4.464486e-05 
(OrbPeriod) Orbital Period [sec]: 1.407370e+05 
(SemiMajorAxis) Semi-major Axis [m]: 2.314690e+09 
(LXUVTot) Total XUV Luminosity [kg/sec^3]: -1.000000 
(EscapeVelocity) Escape Velocity [m/sec]: 1.370658e+04 
----- ATMESC PARAMETERS (b)------
(SurfWaterMass) Surface water mass [kg]: 0.000000 
(EnvelopeMass) Envelope mass [kg]: 0.000000 
(OxygenMass) Oxygen mass in the atmosphere [kg]: 0.000000 
(RGLimit) Runaway greenhouse semi-major axis [m]: 9.965195e+09 
(XO) Atomic oxygen mixing ratio in upper atmosphere []: 0.000000 
(EtaO) Oxygen eta parameter (Luger and Barnes 2015) []: 0.000000 
(PlanetRadius) Planet radius [m]: 7.172170e+06 
(OxygenMantleMass) Mass of oxygen in mantle [kg]: 0.000000 
(RadXUV) XUV radius separating hydro. dyn. escape and equilibrium [m]: -1.000000 
(RadSolid) Radius to the solid surface [m]: -1.000000 
(PresXUV) Pressure at base of thermosphere [(null)]: 5.000000 
(ScaleHeight) Scale height in Lehmer & Catling (2016) model [m]: -1.000000 
(ThermTemp) Isothermal atmospheric temperature [K]: 400.000000 
(AtmGasConst) Atmospheric gas constant [(null)]: 4124.000000 
(PresSurf) Surface pressure due to atmosphere [Pa]: -1.000000 
(DEnvMassDt) Envelope Mass Loss Rate [kg/s]: 0.000000 
(FXUV) XUV flux [W/m^2]: 3.144708 
(AtmXAbsEffH2O) XUV atmospheric escape efficiency for H2O []: 0.300000 
(RocheRadius) Roche Lobe Radius [m]: 4.829946e+07 
(BondiRadius) Bondi Radius [m]: 6.375993e+08 
(HEscapeRegime) Integer flag for H envelope escape regime []: 8.000000 
(RRCriticalFlux) Critical XUV Flux that separates RR and energy-limited escape [W/m^2]: 65.463955 
(CrossoverMass) Crossover mass, defines oxygen is escaping if mc > mo [kg]: 0.000000 
(WaterEscapeRegime) What water escape regime the code is currently in []: 8.000000 
(FXUVCRITDRAG) Critical Drag XUV flux [W/m^2]: 0.535149 
(HREFFLUX) The Hydrogen Reference Flux (m^-2 s^-1) [m^-2 s^-1]: 1.941262e+18 
(XO2) Molecular oxygen mixing ratio in atmosphere []: 0.000000 
(XH2O) Water mixing ratio in upper atmosphere []: 0.000000 
(HDiffFlux) The Hydrogen Diffusion Flux (m^-2 s^-1) [m^-2 s^-1]: 2.536071e+17 
(HRefODragMod) Multiply by H ref flux to get flux with drag []: 1.000000 
(KTide) Mass loss enhancement due to stellar gravity []: 0.778896 
(CumulativeXUVFlux) Cumulative XUV flux [W/m^2]: 1.739940e+18 
(RunawayGreenhouseFlux) Incident flux that triggers runaway greenhouse [kg/sec^3]: 1296.031428 
(RGDuration) Runaway Greenhouse Duration [years]: 0.00000e+00

Output Order: Time[year] CumulativeXUVFlux[W/m^2]
Grid Output Order:
