-------- Log file gj1132.log -------

Executable: /home/vplanet/.local/bin/vplanet
Version: Unknown
System Name: gj1132
Primary Input File: vpl.in
Body File #1: star.in
Body File #2: b.in
Allow files to be overwitten: Yes
Mass Units: Grams
Length Units: Meters
Time Units: Seconds
Angle Units: Radians

------- FORMATTING -----
Verbosity Level: 5
Crossover Decade for Scientific Notation: 4
Number of Digits After Decimal: 6
Integration Method: Runge-Kutta4
Direction: Forward
Time Step: 3.155760e+07
Stop Time: 2.461354e+17
Output Interval: 3.155760e+13
Use Variable Timestep: Yes
dEta: 0.010000
Minimum Value of ecc and obl: 1.000000e-10


---- INITIAL SYSTEM PROPERTIES ----
(Age) System Age [sec]: 2.064162e+14 
(Time) Simulation Time [sec]: 0.000000 
(TotAngMom) Total Angular Momentum [kg*m^2/sec]: 1.335879e+42 
(TotEnergy) Total System Energy [kg*m^2/sec^2]: -1.298215e+40 
(PotEnergy) Body's non-orbital Potential Energy [kg*m^2/sec^2]: -1.303059e+40 
(KinEnergy) Body's non-orbital Kinetic Energy [kg*m^2/sec^2]: 4.848587e+37 
(DeltaTime) Average Timestep Over Last Output Interval [sec]: 0.000000 

----- BODY: star ----
Active Modules: FLARE STELLAR
Module Bit Sum: 577
Color: 000000
(Mass) Mass [kg]: 3.923974e+29 
(Radius) Radius [m]: 4.731993e+08 
(RadGyra) Radius of Gyration/Moment of Inertia Constant []: 0.456824 
(RotAngMom) Rotational Angular Momentum [kg*m^2/sec]: 1.333457e+42 
(RotVel) Rotational Velocity [m/sec]: 3.441202e+04 
(BodyType) Type of Body (0 == planet) []: 0.000000 
(RotRate) Rotational Frequency [/sec]: 7.272205e-05 
(RotPer) Rotational Period [sec]: 8.640000e+04 
(Density) Average Density [kg/m^3]: 884.107985 
(HZLimitDryRunaway) Semi-major axis of Dry Runaway HZ Limit [m]: 2.874336e+10 
(HZLimRecVenus) Recent Venus HZ Limit [m]: 2.574510e+10 
(HZLimRunaway) Runaway Greenhouse HZ Limit [m]: 3.395740e+10 
(HZLimMoistGreenhouse) Moist Greenhouse HZ Limit [m]: 3.406500e+10 
(HZLimMaxGreenhouse) Maximum Greenhouse HZ Limit [m]: 6.471410e+10 
(HZLimEarlyMars) Early Mars HZ Limit [m]: 7.057779e+10 
(Instellation) Orbit-averaged INcident STELLar radiATION [kg/sec^3]: -1.000000 
(CriticalSemiMajorAxis) Holman & Wiegert (1999) P-type Critical Semi-major Axis [m]: -1.000000 
(LXUVTot) Total XUV Luminosity [LSUN]: 2.516539e-05 
(LostEnergy) Body's Total Lost Energy [kg*m^2/sec^2]: 5.562685e-309 
(LostAngMom) Lost Angular Momentum due to Magnetic Braking [kg*m^2/sec]: 5.562685e-309 
(EscapeVelocity) Escape Velocity [m/sec]: 3.327042e+05 
----- STELLAR PARAMETERS (star)------
(Luminosity) Luminosity [LSUN]: 0.044811 
(LXUVStellar) Base X-ray/XUV Luminosity [LSUN]: 2.438563e-05 
(Temperature) Effective Temperature [K]: 3221.254518 
(LXUVFrac) Fraction of luminosity in XUV []: 0.000544 
(RossbyNumber) Rossby Number []: 0.016566 
(DRotPerDtStellar) Time Rate of Change of Rotation Period in STELLAR []: -1.302154e-10 
(WindTorque) Stellar Wind Torque []: 3.097180e+27 
----- FLARE PARAMETERS (star)------
(LXUVFlare) XUV Luminosity from flares [LSUN]: 7.797693e-07 
(FlareFreq1) First value of flare frequency range [/sec]: 3.287434e-05 
(FlareFreq2) Second value of flare frequency range [/sec]: 2.839833e-05 
(FlareFreq3) Third value of flare frequency range [/sec]: 2.453174e-05 
(FlareFreq4) Fourth value of flare frequency range [/sec]: 2.119162e-05 
(FlareFreqMin) Frequency of the flares with the lowest energy [/sec]: 3.287434e-05 
(FlareFreqMid) Frequency of the flares with the middle energy in the energy range [/sec]: 7.607008e-06 
(FlareFreqMax) Frequency of the flares with the highest energy [/sec]: 1.760235e-06 
(FlareEnergy1) First value of flare energy range [kg*m^2/sec^2]: 5.334000e+23 
(FlareEnergy2) Second value of flare energy range [kg*m^2/sec^2]: 6.715108e+23 
(FlareEnergy3) Third value of flare energy range [kg*m^2/sec^2]: 8.453820e+23 
(FlareEnergy4) Fourth value of flare energy range [kg*m^2/sec^2]: 1.064273e+24 
(FlareEnergyMin) Minimum flare energy [kg*m^2/sec^2]: 5.334000e+23 
(FlareEnergyMid) Middle flare energy in the range of energy values [kg*m^2/sec^2]: 5.334000e+24 
(FlareEnergyMax) Maximum flare energy [kg*m^2/sec^2]: 5.334000e+25 
(FlareYIntOUT) Instantaneous Davenport FFD y-intercept at current age and mass []: 19.984812 
(FlareSlopeOUT) Instantaneous Davenport FFD slope at current age and mass []: -0.635643 

Output Order: Time[year] Luminosity[LSUN] LXUVStellar[LSUN] LXUVFlare[LSUN] LXUVTot[LSUN]
Grid Output Order:

----- BODY: b ----
Active Modules: AtmEsc
Module Bit Sum: 9
Color: 000000
(Mass) Mass [kg]: 9.741612e+24 
(Radius) Radius [m]: 7.145114e+06 
(RadGyra) Radius of Gyration/Moment of Inertia Constant []: 0.500000 
(BodyType) Type of Body (0 == planet) []: 0.000000 
(Density) Average Density [kg/m^3]: 6375.507671 
(HZLimitDryRunaway) Semi-major axis of Dry Runaway HZ Limit [m]: 2.874462e+10 
(HZLimRecVenus) Recent Venus HZ Limit [m]: 2.574510e+10 
(HZLimRunaway) Runaway Greenhouse HZ Limit [m]: 3.395740e+10 
(HZLimMoistGreenhouse) Moist Greenhouse HZ Limit [m]: 3.406500e+10 
(HZLimMaxGreenhouse) Maximum Greenhouse HZ Limit [m]: 6.471410e+10 
(HZLimEarlyMars) Early Mars HZ Limit [m]: 7.057779e+10 
(Instellation) Orbit-averaged INcident STELLar radiATION [kg/sec^3]: 2.462938e+05 
(MeanMotion) Orbital Mean Motion [/sec]: 4.464358e-05 
(OrbPeriod) Orbital Period [sec]: 1.407411e+05 
(SemiMajorAxis) Semi-major Axis [m]: 2.359796e+09 
(LXUVTot) Total XUV Luminosity [kg/sec^3]: -1.000000 
(EscapeVelocity) Escape Velocity [m/sec]: 1.349050e+04 
----- ATMESC PARAMETERS (b)------
(SurfWaterMass) Surface water mass [kg]: 0.000000 
(EnvelopeMass) Envelope mass [kg]: 0.000000 
(OxygenMass) Oxygen mass in the atmosphere [kg]: 0.000000 
(RGLimit) Runaway greenhouse semi-major axis [m]: 3.255942e+10 
(XO) Atomic oxygen mixing ratio in upper atmosphere []: 0.000000 
(EtaO) Oxygen eta parameter (Luger and Barnes 2015) []: 0.000000 
(PlanetRadius) Planet radius [m]: 7.145114e+06 
(OxygenMantleMass) Mass of oxygen in mantle [kg]: 0.000000 
(RadXUV) XUV radius separating hydro. dyn. escape and equilibrium [m]: -1.000000 
(RadSolid) Radius to the solid surface [m]: -1.000000 
(PresXUV) Pressure at base of thermosphere [(null)]: 5.000000 
(ScaleHeight) Scale height in Lehmer & Catling (2016) model [m]: -1.000000 
(ThermTemp) Isothermal atmospheric temperature [K]: 400.000000 
(AtmGasConst) Atmospheric gas constant [(null)]: 4124.000000 
(PresSurf) Surface pressure due to atmosphere [Pa]: -1.000000 
(DEnvMassDt) Envelope Mass Loss Rate [kg/s]: 0.000000 
(FXUV) XUV flux [W/m^2]: 138.316289 
(AtmXAbsEffH2O) XUV atmospheric escape efficiency for H2O []: 0.300000 
(RocheRadius) Roche Lobe Radius [m]: 4.773119e+07 
(BondiRadius) Bondi Radius [m]: 3.378057e+08 
(HEscapeRegime) Integer flag for H envelope escape regime []: 8.000000 
(RRCriticalFlux) Critical XUV Flux that separates RR and energy-limited escape [W/m^2]: 61.386415 
(CrossoverMass) Crossover mass, defines oxygen is escaping if mc > mo [kg]: 0.000000 
(WaterEscapeRegime) What water escape regime the code is currently in []: 8.000000 
(FXUVCRITDRAG) Critical Drag XUV flux [W/m^2]: 0.504094 
(HREFFLUX) The Hydrogen Reference Flux (m^-2 s^-1) [m^-2 s^-1]: 8.834114e+19 
(XO2) Molecular oxygen mixing ratio in atmosphere []: 0.000000 
(XH2O) Water mixing ratio in upper atmosphere []: 0.000000 
(HDiffFlux) The Hydrogen Diffusion Flux (m^-2 s^-1) [m^-2 s^-1]: 2.466041e+17 
(HRefODragMod) Multiply by H ref flux to get flux with drag []: 1.000000 
(KTide) Mass loss enhancement due to stellar gravity []: 0.777135 
(CumulativeXUVFlux) Cumulative XUV flux [W/m^2]: 0.000000 
(RunawayGreenhouseFlux) Incident flux that triggers runaway greenhouse [kg/sec^3]: 1293.632575 
(RGDuration) Runaway Greenhouse Duration [years]: 0.00000e+00

Output Order: Time[year] CumulativeXUVFlux[W/m^2]
Grid Output Order:



---- FINAL SYSTEM PROPERTIES ----
(Age) System Age [sec]: 2.463557e+17 
(Time) Simulation Time [sec]: 2.461493e+17 
(TotAngMom) Total Angular Momentum [kg*m^2/sec]: 1.340269e+42 
(TotEnergy) Total System Energy [kg*m^2/sec^2]: -1.294922e+40 
(PotEnergy) Body's non-orbital Potential Energy [kg*m^2/sec^2]: -4.130878e+40 
(KinEnergy) Body's non-orbital Kinetic Energy [kg*m^2/sec^2]: 5.696507e+32 
(DeltaTime) Average Timestep Over Last Output Interval [sec]: 1.577880e+13 

----- BODY: star ----
Active Modules: FLARE STELLAR
Module Bit Sum: 577
Color: 000000
(Mass) Mass [kg]: 3.923974e+29 
(Radius) Radius [m]: 1.492676e+08 
(RadGyra) Radius of Gyration/Moment of Inertia Constant []: 0.460233 
(RotAngMom) Rotational Angular Momentum [kg*m^2/sec]: 1.452534e+39 
(RotVel) Rotational Velocity [m/sec]: 117.078732 
(BodyType) Type of Body (0 == planet) []: 0.000000 
(RotRate) Rotational Frequency [/sec]: 7.843545e-07 
(RotPer) Rotational Period [sec]: 8.010645e+06 
(Density) Average Density [kg/m^3]: 2.816701e+04 
(HZLimitDryRunaway) Semi-major axis of Dry Runaway HZ Limit [m]: 9.263277e+09 
(HZLimRecVenus) Recent Venus HZ Limit [m]: 8.291593e+09 
(HZLimRunaway) Runaway Greenhouse HZ Limit [m]: 1.093978e+10 
(HZLimMoistGreenhouse) Moist Greenhouse HZ Limit [m]: 1.097114e+10 
(HZLimMaxGreenhouse) Maximum Greenhouse HZ Limit [m]: 2.081552e+10 
(HZLimEarlyMars) Early Mars HZ Limit [m]: 2.270165e+10 
(Instellation) Orbit-averaged INcident STELLar radiATION [kg/sec^3]: -1.000000 
(CriticalSemiMajorAxis) Holman & Wiegert (1999) P-type Critical Semi-major Axis [m]: -1.000000 
(LXUVTot) Total XUV Luminosity [LSUN]: 5.418160e-07 
(LostEnergy) Body's Total Lost Energy [kg*m^2/sec^2]: 2.835962e+40 
(LostAngMom) Lost Angular Momentum due to Magnetic Braking [kg*m^2/sec]: 1.336394e+42 
(EscapeVelocity) Escape Velocity [m/sec]: 5.923760e+05 
----- STELLAR PARAMETERS (star)------
(Luminosity) Luminosity [LSUN]: 0.004654 
(LXUVStellar) Base X-ray/XUV Luminosity [LSUN]: 1.605982e-07 
(Temperature) Effective Temperature [K]: 3254.719958 
(LXUVFrac) Fraction of luminosity in XUV []: 3.450665e-05 
(RossbyNumber) Rossby Number []: 1.562530 
(DRotPerDtStellar) Time Rate of Change of Rotation Period in STELLAR []: 1.307082e-11 
(WindTorque) Stellar Wind Torque []: 2.449956e+21 
----- FLARE PARAMETERS (star)------
(LXUVFlare) XUV Luminosity from flares [LSUN]: 3.812140e-07 
(FlareFreq1) First value of flare frequency range [/sec]: 8.452859e-05 
(FlareFreq2) Second value of flare frequency range [/sec]: 6.575174e-05 
(FlareFreq3) Third value of flare frequency range [/sec]: 5.114590e-05 
(FlareFreq4) Fourth value of flare frequency range [/sec]: 3.978455e-05 
(FlareFreqMin) Frequency of the flares with the lowest energy [/sec]: 8.452859e-05 
(FlareFreqMid) Frequency of the flares with the middle energy in the energy range [/sec]: 6.855506e-06 
(FlareFreqMax) Frequency of the flares with the highest energy [/sec]: 5.560008e-07 
(FlareEnergy1) First value of flare energy range [kg*m^2/sec^2]: 5.334000e+23 
(FlareEnergy2) Second value of flare energy range [kg*m^2/sec^2]: 6.715108e+23 
(FlareEnergy3) Third value of flare energy range [kg*m^2/sec^2]: 8.453820e+23 
(FlareEnergy4) Fourth value of flare energy range [kg*m^2/sec^2]: 1.064273e+24 
(FlareEnergyMin) Minimum flare energy [kg*m^2/sec^2]: 5.334000e+23 
(FlareEnergyMid) Middle flare energy in the range of energy values [kg*m^2/sec^2]: 5.334000e+24 
(FlareEnergyMax) Maximum flare energy [kg*m^2/sec^2]: 5.334000e+25 
(FlareYIntOUT) Instantaneous Davenport FFD y-intercept at current age and mass []: 34.385630 
(FlareSlopeOUT) Instantaneous Davenport FFD slope at current age and mass []: -1.090964 

Output Order: Time[year] Luminosity[LSUN] LXUVStellar[LSUN] LXUVFlare[LSUN] LXUVTot[LSUN]
Grid Output Order:

----- BODY: b ----
Active Modules: AtmEsc
Module Bit Sum: 9
Color: 000000
(Mass) Mass [kg]: 9.741612e+24 
(Radius) Radius [m]: 7.145114e+06 
(RadGyra) Radius of Gyration/Moment of Inertia Constant []: 0.500000 
(BodyType) Type of Body (0 == planet) []: 0.000000 
(Density) Average Density [kg/m^3]: 6375.507671 
(HZLimitDryRunaway) Semi-major axis of Dry Runaway HZ Limit [m]: 9.263683e+09 
(HZLimRecVenus) Recent Venus HZ Limit [m]: 8.291593e+09 
(HZLimRunaway) Runaway Greenhouse HZ Limit [m]: 1.093978e+10 
(HZLimMoistGreenhouse) Moist Greenhouse HZ Limit [m]: 1.097114e+10 
(HZLimMaxGreenhouse) Maximum Greenhouse HZ Limit [m]: 2.081552e+10 
(HZLimEarlyMars) Early Mars HZ Limit [m]: 2.270165e+10 
(Instellation) Orbit-averaged INcident STELLar radiATION [kg/sec^3]: 2.558041e+04 
(MeanMotion) Orbital Mean Motion [/sec]: 4.464358e-05 
(OrbPeriod) Orbital Period [sec]: 1.407411e+05 
(SemiMajorAxis) Semi-major Axis [m]: 2.359796e+09 
(LXUVTot) Total XUV Luminosity [kg/sec^3]: -1.000000 
(EscapeVelocity) Escape Velocity [m/sec]: 1.349050e+04 
----- ATMESC PARAMETERS (b)------
(SurfWaterMass) Surface water mass [kg]: 0.000000 
(EnvelopeMass) Envelope mass [kg]: 0.000000 
(OxygenMass) Oxygen mass in the atmosphere [kg]: 0.000000 
(RGLimit) Runaway greenhouse semi-major axis [m]: 1.048956e+10 
(XO) Atomic oxygen mixing ratio in upper atmosphere []: 0.000000 
(EtaO) Oxygen eta parameter (Luger and Barnes 2015) []: 0.000000 
(PlanetRadius) Planet radius [m]: 7.145114e+06 
(OxygenMantleMass) Mass of oxygen in mantle [kg]: 0.000000 
(RadXUV) XUV radius separating hydro. dyn. escape and equilibrium [m]: -1.000000 
(RadSolid) Radius to the solid surface [m]: -1.000000 
(PresXUV) Pressure at base of thermosphere [(null)]: 5.000000 
(ScaleHeight) Scale height in Lehmer & Catling (2016) model [m]: -1.000000 
(ThermTemp) Isothermal atmospheric temperature [K]: 400.000000 
(AtmGasConst) Atmospheric gas constant [(null)]: 4124.000000 
(PresSurf) Surface pressure due to atmosphere [Pa]: -1.000000 
(DEnvMassDt) Envelope Mass Loss Rate [kg/s]: 0.000000 
(FXUV) XUV flux [W/m^2]: 2.977978 
(AtmXAbsEffH2O) XUV atmospheric escape efficiency for H2O []: 0.300000 
(RocheRadius) Roche Lobe Radius [m]: 4.773119e+07 
(BondiRadius) Bondi Radius [m]: 5.952750e+08 
(HEscapeRegime) Integer flag for H envelope escape regime []: 8.000000 
(RRCriticalFlux) Critical XUV Flux that separates RR and energy-limited escape [W/m^2]: 61.386415 
(CrossoverMass) Crossover mass, defines oxygen is escaping if mc > mo [kg]: 0.000000 
(WaterEscapeRegime) What water escape regime the code is currently in []: 8.000000 
(FXUVCRITDRAG) Critical Drag XUV flux [W/m^2]: 0.504094 
(HREFFLUX) The Hydrogen Reference Flux (m^-2 s^-1) [m^-2 s^-1]: 1.902003e+18 
(XO2) Molecular oxygen mixing ratio in atmosphere []: 0.000000 
(XH2O) Water mixing ratio in upper atmosphere []: 0.000000 
(HDiffFlux) The Hydrogen Diffusion Flux (m^-2 s^-1) [m^-2 s^-1]: 2.466041e+17 
(HRefODragMod) Multiply by H ref flux to get flux with drag []: 1.000000 
(KTide) Mass loss enhancement due to stellar gravity []: 0.777135 
(CumulativeXUVFlux) Cumulative XUV flux [W/m^2]: 1.677142e+18 
(RunawayGreenhouseFlux) Incident flux that triggers runaway greenhouse [kg/sec^3]: 1294.506329 
(RGDuration) Runaway Greenhouse Duration [years]: 0.00000e+00

Output Order: Time[year] CumulativeXUVFlux[W/m^2]
Grid Output Order:
