-------- Log file gj1132.log -------

Executable: /home/vplanet/.local/bin/vplanet
Version: Unknown
System Name: gj1132
Primary Input File: vpl.in
Body File #1: star.in
Body File #2: b.in
Allow files to be overwitten: Yes
Mass Units: Grams
Length Units: Meters
Time Units: Seconds
Angle Units: Radians

------- FORMATTING -----
Verbosity Level: 5
Crossover Decade for Scientific Notation: 4
Number of Digits After Decimal: 6
Integration Method: Runge-Kutta4
Direction: Forward
Time Step: 3.155760e+07
Stop Time: 2.132396e+17
Output Interval: 3.155760e+13
Use Variable Timestep: Yes
dEta: 0.010000
Minimum Value of ecc and obl: 1.000000e-10


---- INITIAL SYSTEM PROPERTIES ----
(Age) System Age [sec]: 1.881990e+14 
(Time) Simulation Time [sec]: 0.000000 
(TotAngMom) Total Angular Momentum [kg*m^2/sec]: 1.344710e+42 
(TotEnergy) Total System Energy [kg*m^2/sec^2]: -1.204424e+40 
(PotEnergy) Body's non-orbital Potential Energy [kg*m^2/sec^2]: -1.209299e+40 
(KinEnergy) Body's non-orbital Kinetic Energy [kg*m^2/sec^2]: 4.880717e+37 
(DeltaTime) Average Timestep Over Last Output Interval [sec]: 0.000000 

----- BODY: star ----
Active Modules: FLARE STELLAR
Module Bit Sum: 577
Color: 000000
(Mass) Mass [kg]: 3.814553e+29 
(Radius) Radius [m]: 4.818470e+08 
(RadGyra) Radius of Gyration/Moment of Inertia Constant []: 0.456520 
(RotAngMom) Rotational Angular Momentum [kg*m^2/sec]: 1.342293e+42 
(RotVel) Rotational Velocity [m/sec]: 3.504091e+04 
(BodyType) Type of Body (0 == planet) []: 0.000000 
(RotRate) Rotational Frequency [/sec]: 7.272205e-05 
(RotPer) Rotational Period [sec]: 8.640000e+04 
(Density) Average Density [kg/m^3]: 814.005757 
(HZLimitDryRunaway) Semi-major axis of Dry Runaway HZ Limit [m]: 2.905367e+10 
(HZLimRecVenus) Recent Venus HZ Limit [m]: 2.602963e+10 
(HZLimRunaway) Runaway Greenhouse HZ Limit [m]: 3.432865e+10 
(HZLimMoistGreenhouse) Moist Greenhouse HZ Limit [m]: 3.444148e+10 
(HZLimMaxGreenhouse) Maximum Greenhouse HZ Limit [m]: 6.546206e+10 
(HZLimEarlyMars) Early Mars HZ Limit [m]: 7.139346e+10 
(Instellation) Orbit-averaged INcident STELLar radiATION [kg/sec^3]: -1.000000 
(CriticalSemiMajorAxis) Holman & Wiegert (1999) P-type Critical Semi-major Axis [m]: -1.000000 
(LXUVTot) Total XUV Luminosity [LSUN]: 9.938063e-06 
(LostEnergy) Body's Total Lost Energy [kg*m^2/sec^2]: 5.562685e-309 
(LostAngMom) Lost Angular Momentum due to Magnetic Braking [kg*m^2/sec]: 5.562685e-309 
(EscapeVelocity) Escape Velocity [m/sec]: 3.250757e+05 
----- STELLAR PARAMETERS (star)------
(Luminosity) Luminosity [LSUN]: 0.045784 
(LXUVStellar) Base X-ray/XUV Luminosity [LSUN]: 9.149147e-06 
(Temperature) Effective Temperature [K]: 3208.116456 
(LXUVFrac) Fraction of luminosity in XUV []: 0.000200 
(RossbyNumber) Rossby Number []: 0.016455 
(DRotPerDtStellar) Time Rate of Change of Rotation Period in STELLAR []: -1.336086e-10 
(WindTorque) Stellar Wind Torque []: 3.476179e+27 
----- FLARE PARAMETERS (star)------
(LXUVFlare) XUV Luminosity from flares [LSUN]: 7.889157e-07 
(FlareFreq1) First value of flare frequency range [/sec]: 3.309047e-05 
(FlareFreq2) Second value of flare frequency range [/sec]: 2.859345e-05 
(FlareFreq3) Third value of flare frequency range [/sec]: 2.470758e-05 
(FlareFreq4) Fourth value of flare frequency range [/sec]: 2.134980e-05 
(FlareFreqMin) Frequency of the flares with the lowest energy [/sec]: 3.309047e-05 
(FlareFreqMid) Frequency of the flares with the middle energy in the energy range [/sec]: 7.679608e-06 
(FlareFreqMax) Frequency of the flares with the highest energy [/sec]: 1.782277e-06 
(FlareEnergy1) First value of flare energy range [kg*m^2/sec^2]: 5.334000e+23 
(FlareEnergy2) Second value of flare energy range [kg*m^2/sec^2]: 6.715108e+23 
(FlareEnergy3) Third value of flare energy range [kg*m^2/sec^2]: 8.453820e+23 
(FlareEnergy4) Fourth value of flare energy range [kg*m^2/sec^2]: 1.064273e+24 
(FlareEnergyMin) Minimum flare energy [kg*m^2/sec^2]: 5.334000e+23 
(FlareEnergyMid) Middle flare energy in the range of energy values [kg*m^2/sec^2]: 5.334000e+24 
(FlareEnergyMax) Maximum flare energy [kg*m^2/sec^2]: 5.334000e+25 
(FlareYIntOUT) Instantaneous Davenport FFD y-intercept at current age and mass []: 19.948350 
(FlareSlopeOUT) Instantaneous Davenport FFD slope at current age and mass []: -0.634364 

Output Order: Time[year] Luminosity[LSUN] LXUVStellar[LSUN] LXUVFlare[LSUN] LXUVTot[LSUN]
Grid Output Order:

----- BODY: b ----
Active Modules: AtmEsc
Module Bit Sum: 9
Color: 000000
(Mass) Mass [kg]: 9.903840e+24 
(Radius) Radius [m]: 7.260555e+06 
(RadGyra) Radius of Gyration/Moment of Inertia Constant []: 0.500000 
(BodyType) Type of Body (0 == planet) []: 0.000000 
(Density) Average Density [kg/m^3]: 6177.396530 
(HZLimitDryRunaway) Semi-major axis of Dry Runaway HZ Limit [m]: 2.905371e+10 
(HZLimRecVenus) Recent Venus HZ Limit [m]: 2.602963e+10 
(HZLimRunaway) Runaway Greenhouse HZ Limit [m]: 3.432865e+10 
(HZLimMoistGreenhouse) Moist Greenhouse HZ Limit [m]: 3.444148e+10 
(HZLimMaxGreenhouse) Maximum Greenhouse HZ Limit [m]: 6.546206e+10 
(HZLimEarlyMars) Early Mars HZ Limit [m]: 7.139346e+10 
(Instellation) Orbit-averaged INcident STELLar radiATION [kg/sec^3]: 2.564210e+05 
(MeanMotion) Orbital Mean Motion [/sec]: 4.464388e-05 
(OrbPeriod) Orbital Period [sec]: 1.407401e+05 
(SemiMajorAxis) Semi-major Axis [m]: 2.337645e+09 
(LXUVTot) Total XUV Luminosity [kg/sec^3]: -1.000000 
(EscapeVelocity) Escape Velocity [m/sec]: 1.349379e+04 
----- ATMESC PARAMETERS (b)------
(SurfWaterMass) Surface water mass [kg]: 0.000000 
(EnvelopeMass) Envelope mass [kg]: 0.000000 
(OxygenMass) Oxygen mass in the atmosphere [kg]: 0.000000 
(RGLimit) Runaway greenhouse semi-major axis [m]: 3.290339e+10 
(XO) Atomic oxygen mixing ratio in upper atmosphere []: 0.000000 
(EtaO) Oxygen eta parameter (Luger and Barnes 2015) []: 0.000000 
(PlanetRadius) Planet radius [m]: 7.260555e+06 
(OxygenMantleMass) Mass of oxygen in mantle [kg]: 0.000000 
(RadXUV) XUV radius separating hydro. dyn. escape and equilibrium [m]: -1.000000 
(RadSolid) Radius to the solid surface [m]: -1.000000 
(PresXUV) Pressure at base of thermosphere [(null)]: 5.000000 
(ScaleHeight) Scale height in Lehmer & Catling (2016) model [m]: -1.000000 
(ThermTemp) Isothermal atmospheric temperature [K]: 400.000000 
(AtmGasConst) Atmospheric gas constant [(null)]: 4124.000000 
(PresSurf) Surface pressure due to atmosphere [Pa]: -1.000000 
(DEnvMassDt) Envelope Mass Loss Rate [kg/s]: 0.000000 
(FXUV) XUV flux [W/m^2]: 55.660207 
(AtmXAbsEffH2O) XUV atmospheric escape efficiency for H2O []: 0.300000 
(RocheRadius) Roche Lobe Radius [m]: 4.799449e+07 
(BondiRadius) Bondi Radius [m]: 3.433445e+08 
(HEscapeRegime) Integer flag for H envelope escape regime []: 8.000000 
(RRCriticalFlux) Critical XUV Flux that separates RR and energy-limited escape [W/m^2]: 60.108559 
(CrossoverMass) Crossover mass, defines oxygen is escaping if mc > mo [kg]: 0.000000 
(WaterEscapeRegime) What water escape regime the code is currently in []: 8.000000 
(FXUVCRITDRAG) Critical Drag XUV flux [W/m^2]: 0.496564 
(HREFFLUX) The Hydrogen Reference Flux (m^-2 s^-1) [m^-2 s^-1]: 3.563872e+19 
(XO2) Molecular oxygen mixing ratio in atmosphere []: 0.000000 
(XH2O) Water mixing ratio in upper atmosphere []: 0.000000 
(HDiffFlux) The Hydrogen Diffusion Flux (m^-2 s^-1) [m^-2 s^-1]: 2.428017e+17 
(HRefODragMod) Multiply by H ref flux to get flux with drag []: 1.000000 
(KTide) Mass loss enhancement due to stellar gravity []: 0.774813 
(CumulativeXUVFlux) Cumulative XUV flux [W/m^2]: 0.000000 
(RunawayGreenhouseFlux) Incident flux that triggers runaway greenhouse [kg/sec^3]: 1294.279297 
(RGDuration) Runaway Greenhouse Duration [years]: 0.00000e+00

Output Order: Time[year] CumulativeXUVFlux[W/m^2]
Grid Output Order:



---- FINAL SYSTEM PROPERTIES ----
(Age) System Age [sec]: 2.134545e+17 
(Time) Simulation Time [sec]: 2.132663e+17 
(TotAngMom) Total Angular Momentum [kg*m^2/sec]: 1.346482e+42 
(TotEnergy) Total System Energy [kg*m^2/sec^2]: -1.203742e+40 
(PotEnergy) Body's non-orbital Potential Energy [kg*m^2/sec^2]: -4.053867e+40 
(KinEnergy) Body's non-orbital Kinetic Energy [kg*m^2/sec^2]: 6.354021e+32 
(DeltaTime) Average Timestep Over Last Output Interval [sec]: 1.577880e+13 

----- BODY: star ----
Active Modules: FLARE STELLAR
Module Bit Sum: 577
Color: 000000
(Mass) Mass [kg]: 3.814553e+29 
(Radius) Radius [m]: 1.437386e+08 
(RadGyra) Radius of Gyration/Moment of Inertia Constant []: 0.460471 
(RotAngMom) Rotational Angular Momentum [kg*m^2/sec]: 1.457260e+39 
(RotVel) Rotational Velocity [m/sec]: 125.347363 
(BodyType) Type of Body (0 == planet) []: 0.000000 
(RotRate) Rotational Frequency [/sec]: 8.720505e-07 
(RotPer) Rotational Period [sec]: 7.205070e+06 
(Density) Average Density [kg/m^3]: 3.066440e+04 
(HZLimitDryRunaway) Semi-major axis of Dry Runaway HZ Limit [m]: 8.875109e+09 
(HZLimRecVenus) Recent Venus HZ Limit [m]: 7.946753e+09 
(HZLimRunaway) Runaway Greenhouse HZ Limit [m]: 1.048322e+10 
(HZLimMoistGreenhouse) Moist Greenhouse HZ Limit [m]: 1.051486e+10 
(HZLimMaxGreenhouse) Maximum Greenhouse HZ Limit [m]: 1.996261e+10 
(HZLimEarlyMars) Early Mars HZ Limit [m]: 2.177143e+10 
(Instellation) Orbit-averaged INcident STELLar radiATION [kg/sec^3]: -1.000000 
(CriticalSemiMajorAxis) Holman & Wiegert (1999) P-type Critical Semi-major Axis [m]: -1.000000 
(LXUVTot) Total XUV Luminosity [LSUN]: 6.053629e-07 
(LostEnergy) Body's Total Lost Energy [kg*m^2/sec^2]: 2.850130e+40 
(LostAngMom) Lost Angular Momentum due to Magnetic Braking [kg*m^2/sec]: 1.342609e+42 
(EscapeVelocity) Escape Velocity [m/sec]: 5.951854e+05 
----- STELLAR PARAMETERS (star)------
(Luminosity) Luminosity [LSUN]: 0.004272 
(LXUVStellar) Base X-ray/XUV Luminosity [LSUN]: 2.204262e-07 
(Temperature) Effective Temperature [K]: 3237.958393 
(LXUVFrac) Fraction of luminosity in XUV []: 5.159495e-05 
(RossbyNumber) Rossby Number []: 1.393383 
(DRotPerDtStellar) Time Rate of Change of Rotation Period in STELLAR []: 1.807717e-11 
(WindTorque) Stellar Wind Torque []: 3.467916e+21 
----- FLARE PARAMETERS (star)------
(LXUVFlare) XUV Luminosity from flares [LSUN]: 3.849322e-07 
(FlareFreq1) First value of flare frequency range [/sec]: 8.403248e-05 
(FlareFreq2) Second value of flare frequency range [/sec]: 6.543721e-05 
(FlareFreq3) Third value of flare frequency range [/sec]: 5.095682e-05 
(FlareFreq4) Fourth value of flare frequency range [/sec]: 3.968075e-05 
(FlareFreqMin) Frequency of the flares with the lowest energy [/sec]: 8.403248e-05 
(FlareFreqMid) Frequency of the flares with the middle energy in the energy range [/sec]: 6.890060e-06 
(FlareFreqMax) Frequency of the flares with the highest energy [/sec]: 5.649354e-07 
(FlareEnergy1) First value of flare energy range [kg*m^2/sec^2]: 5.334000e+23 
(FlareEnergy2) Second value of flare energy range [kg*m^2/sec^2]: 6.715108e+23 
(FlareEnergy3) Third value of flare energy range [kg*m^2/sec^2]: 8.453820e+23 
(FlareEnergy4) Fourth value of flare energy range [kg*m^2/sec^2]: 1.064273e+24 
(FlareEnergyMin) Minimum flare energy [kg*m^2/sec^2]: 5.334000e+23 
(FlareEnergyMid) Middle flare energy in the range of energy values [kg*m^2/sec^2]: 5.334000e+24 
(FlareEnergyMax) Maximum flare energy [kg*m^2/sec^2]: 5.334000e+25 
(FlareYIntOUT) Instantaneous Davenport FFD y-intercept at current age and mass []: 34.237429 
(FlareSlopeOUT) Instantaneous Davenport FFD slope at current age and mass []: -1.086224 

Output Order: Time[year] Luminosity[LSUN] LXUVStellar[LSUN] LXUVFlare[LSUN] LXUVTot[LSUN]
Grid Output Order:

----- BODY: b ----
Active Modules: AtmEsc
Module Bit Sum: 9
Color: 000000
(Mass) Mass [kg]: 9.903840e+24 
(Radius) Radius [m]: 7.260555e+06 
(RadGyra) Radius of Gyration/Moment of Inertia Constant []: 0.500000 
(BodyType) Type of Body (0 == planet) []: 0.000000 
(Density) Average Density [kg/m^3]: 6177.396530 
(HZLimitDryRunaway) Semi-major axis of Dry Runaway HZ Limit [m]: 8.875122e+09 
(HZLimRecVenus) Recent Venus HZ Limit [m]: 7.946753e+09 
(HZLimRunaway) Runaway Greenhouse HZ Limit [m]: 1.048322e+10 
(HZLimMoistGreenhouse) Moist Greenhouse HZ Limit [m]: 1.051486e+10 
(HZLimMaxGreenhouse) Maximum Greenhouse HZ Limit [m]: 1.996261e+10 
(HZLimEarlyMars) Early Mars HZ Limit [m]: 2.177143e+10 
(Instellation) Orbit-averaged INcident STELLar radiATION [kg/sec^3]: 2.392760e+04 
(MeanMotion) Orbital Mean Motion [/sec]: 4.464388e-05 
(OrbPeriod) Orbital Period [sec]: 1.407401e+05 
(SemiMajorAxis) Semi-major Axis [m]: 2.337645e+09 
(LXUVTot) Total XUV Luminosity [kg/sec^3]: -1.000000 
(EscapeVelocity) Escape Velocity [m/sec]: 1.349379e+04 
----- ATMESC PARAMETERS (b)------
(SurfWaterMass) Surface water mass [kg]: 0.000000 
(EnvelopeMass) Envelope mass [kg]: 0.000000 
(OxygenMass) Oxygen mass in the atmosphere [kg]: 0.000000 
(RGLimit) Runaway greenhouse semi-major axis [m]: 1.004809e+10 
(XO) Atomic oxygen mixing ratio in upper atmosphere []: 0.000000 
(EtaO) Oxygen eta parameter (Luger and Barnes 2015) []: 0.000000 
(PlanetRadius) Planet radius [m]: 7.260555e+06 
(OxygenMantleMass) Mass of oxygen in mantle [kg]: 0.000000 
(RadXUV) XUV radius separating hydro. dyn. escape and equilibrium [m]: -1.000000 
(RadSolid) Radius to the solid surface [m]: -1.000000 
(PresXUV) Pressure at base of thermosphere [(null)]: 5.000000 
(ScaleHeight) Scale height in Lehmer & Catling (2016) model [m]: -1.000000 
(ThermTemp) Isothermal atmospheric temperature [K]: 400.000000 
(AtmGasConst) Atmospheric gas constant [(null)]: 4124.000000 
(PresSurf) Surface pressure due to atmosphere [Pa]: -1.000000 
(DEnvMassDt) Envelope Mass Loss Rate [kg/s]: 0.000000 
(FXUV) XUV flux [W/m^2]: 3.390462 
(AtmXAbsEffH2O) XUV atmospheric escape efficiency for H2O []: 0.300000 
(RocheRadius) Roche Lobe Radius [m]: 4.799449e+07 
(BondiRadius) Bondi Radius [m]: 6.228404e+08 
(HEscapeRegime) Integer flag for H envelope escape regime []: 8.000000 
(RRCriticalFlux) Critical XUV Flux that separates RR and energy-limited escape [W/m^2]: 60.108559 
(CrossoverMass) Crossover mass, defines oxygen is escaping if mc > mo [kg]: 0.000000 
(WaterEscapeRegime) What water escape regime the code is currently in []: 8.000000 
(FXUVCRITDRAG) Critical Drag XUV flux [W/m^2]: 0.496564 
(HREFFLUX) The Hydrogen Reference Flux (m^-2 s^-1) [m^-2 s^-1]: 2.170882e+18 
(XO2) Molecular oxygen mixing ratio in atmosphere []: 0.000000 
(XH2O) Water mixing ratio in upper atmosphere []: 0.000000 
(HDiffFlux) The Hydrogen Diffusion Flux (m^-2 s^-1) [m^-2 s^-1]: 2.428017e+17 
(HRefODragMod) Multiply by H ref flux to get flux with drag []: 1.000000 
(KTide) Mass loss enhancement due to stellar gravity []: 0.774813 
(CumulativeXUVFlux) Cumulative XUV flux [W/m^2]: 1.078375e+18 
(RunawayGreenhouseFlux) Incident flux that triggers runaway greenhouse [kg/sec^3]: 1295.053508 
(RGDuration) Runaway Greenhouse Duration [years]: 0.00000e+00

Output Order: Time[year] CumulativeXUVFlux[W/m^2]
Grid Output Order:
