-------- Log file gj1132.log -------

Executable: /home/vplanet/.local/bin/vplanet
Version: Unknown
System Name: gj1132
Primary Input File: vpl.in
Body File #1: star.in
Body File #2: b.in
Allow files to be overwitten: Yes
Mass Units: Grams
Length Units: Meters
Time Units: Seconds
Angle Units: Radians

------- FORMATTING -----
Verbosity Level: 5
Crossover Decade for Scientific Notation: 4
Number of Digits After Decimal: 6
Integration Method: Runge-Kutta4
Direction: Forward
Time Step: 3.155760e+07
Stop Time: 2.307370e+17
Output Interval: 3.155760e+13
Use Variable Timestep: Yes
dEta: 0.010000
Minimum Value of ecc and obl: 1.000000e-10


---- INITIAL SYSTEM PROPERTIES ----
(Age) System Age [sec]: 1.940115e+14 
(Time) Simulation Time [sec]: 0.000000 
(TotAngMom) Total Angular Momentum [kg*m^2/sec]: 1.405011e+42 
(TotEnergy) Total System Energy [kg*m^2/sec^2]: -1.272783e+40 
(PotEnergy) Body's non-orbital Potential Energy [kg*m^2/sec^2]: -1.277877e+40 
(KinEnergy) Body's non-orbital Kinetic Energy [kg*m^2/sec^2]: 5.099726e+37 
(DeltaTime) Average Timestep Over Last Output Interval [sec]: 0.000000 

----- BODY: star ----
Active Modules: FLARE STELLAR
Module Bit Sum: 577
Color: 000000
(Mass) Mass [kg]: 3.934029e+29 
(Radius) Radius [m]: 4.850000e+08 
(RadGyra) Radius of Gyration/Moment of Inertia Constant []: 0.456522 
(RotAngMom) Rotational Angular Momentum [kg*m^2/sec]: 1.402525e+42 
(RotVel) Rotational Velocity [m/sec]: 3.527020e+04 
(BodyType) Type of Body (0 == planet) []: 0.000000 
(RotRate) Rotational Frequency [/sec]: 7.272205e-05 
(RotPer) Rotational Period [sec]: 8.640000e+04 
(Density) Average Density [kg/m^3]: 823.234694 
(HZLimitDryRunaway) Semi-major axis of Dry Runaway HZ Limit [m]: 2.947553e+10 
(HZLimRecVenus) Recent Venus HZ Limit [m]: 2.640079e+10 
(HZLimRunaway) Runaway Greenhouse HZ Limit [m]: 3.482231e+10 
(HZLimMoistGreenhouse) Moist Greenhouse HZ Limit [m]: 3.493259e+10 
(HZLimMaxGreenhouse) Maximum Greenhouse HZ Limit [m]: 6.636178e+10 
(HZLimEarlyMars) Early Mars HZ Limit [m]: 7.237476e+10 
(Instellation) Orbit-averaged INcident STELLar radiATION [kg/sec^3]: -1.000000 
(CriticalSemiMajorAxis) Holman & Wiegert (1999) P-type Critical Semi-major Axis [m]: -1.000000 
(LXUVTot) Total XUV Luminosity [LSUN]: 5.226586e-05 
(LostEnergy) Body's Total Lost Energy [kg*m^2/sec^2]: 5.562685e-309 
(LostAngMom) Lost Angular Momentum due to Magnetic Braking [kg*m^2/sec]: 5.562685e-309 
(EscapeVelocity) Escape Velocity [m/sec]: 3.290524e+05 
----- STELLAR PARAMETERS (star)------
(Luminosity) Luminosity [LSUN]: 0.047123 
(LXUVStellar) Base X-ray/XUV Luminosity [LSUN]: 5.147645e-05 
(Temperature) Effective Temperature [K]: 3221.453592 
(LXUVFrac) Fraction of luminosity in XUV []: 0.001092 
(RossbyNumber) Rossby Number []: 0.016568 
(DRotPerDtStellar) Time Rate of Change of Rotation Period in STELLAR []: -1.161445e-10 
(WindTorque) Stellar Wind Torque []: 3.525979e+27 
----- FLARE PARAMETERS (star)------
(LXUVFlare) XUV Luminosity from flares [LSUN]: 7.894102e-07 
(FlareFreq1) First value of flare frequency range [/sec]: 3.294521e-05 
(FlareFreq2) Second value of flare frequency range [/sec]: 2.847618e-05 
(FlareFreq3) Third value of flare frequency range [/sec]: 2.461337e-05 
(FlareFreq4) Fourth value of flare frequency range [/sec]: 2.127456e-05 
(FlareFreqMin) Frequency of the flares with the lowest energy [/sec]: 3.294521e-05 
(FlareFreqMid) Frequency of the flares with the middle energy in the energy range [/sec]: 7.668076e-06 
(FlareFreqMax) Frequency of the flares with the highest energy [/sec]: 1.784763e-06 
(FlareEnergy1) First value of flare energy range [kg*m^2/sec^2]: 5.334000e+23 
(FlareEnergy2) Second value of flare energy range [kg*m^2/sec^2]: 6.715108e+23 
(FlareEnergy3) Third value of flare energy range [kg*m^2/sec^2]: 8.453820e+23 
(FlareEnergy4) Fourth value of flare energy range [kg*m^2/sec^2]: 1.064273e+24 
(FlareEnergyMin) Minimum flare energy [kg*m^2/sec^2]: 5.334000e+23 
(FlareEnergyMid) Middle flare energy in the range of energy values [kg*m^2/sec^2]: 5.334000e+24 
(FlareEnergyMax) Maximum flare energy [kg*m^2/sec^2]: 5.334000e+25 
(FlareYIntOUT) Instantaneous Davenport FFD y-intercept at current age and mass []: 19.907783 
(FlareSlopeOUT) Instantaneous Davenport FFD slope at current age and mass []: -0.633106 

Output Order: Time[year] Luminosity[LSUN] LXUVStellar[LSUN] LXUVFlare[LSUN] LXUVTot[LSUN]
Grid Output Order:

----- BODY: b ----
Active Modules: AtmEsc
Module Bit Sum: 9
Color: 000000
(Mass) Mass [kg]: 9.984124e+24 
(Radius) Radius [m]: 7.049773e+06 
(RadGyra) Radius of Gyration/Moment of Inertia Constant []: 0.500000 
(BodyType) Type of Body (0 == planet) []: 0.000000 
(Density) Average Density [kg/m^3]: 6802.929404 
(HZLimitDryRunaway) Semi-major axis of Dry Runaway HZ Limit [m]: 2.947677e+10 
(HZLimRecVenus) Recent Venus HZ Limit [m]: 2.640079e+10 
(HZLimRunaway) Runaway Greenhouse HZ Limit [m]: 3.482231e+10 
(HZLimMoistGreenhouse) Moist Greenhouse HZ Limit [m]: 3.493259e+10 
(HZLimMaxGreenhouse) Maximum Greenhouse HZ Limit [m]: 6.636178e+10 
(HZLimEarlyMars) Early Mars HZ Limit [m]: 7.237476e+10 
(Instellation) Orbit-averaged INcident STELLar radiATION [kg/sec^3]: 2.585672e+05 
(MeanMotion) Orbital Mean Motion [/sec]: 4.464463e-05 
(OrbPeriod) Orbital Period [sec]: 1.407378e+05 
(SemiMajorAxis) Semi-major Axis [m]: 2.361773e+09 
(LXUVTot) Total XUV Luminosity [kg/sec^3]: -1.000000 
(EscapeVelocity) Escape Velocity [m/sec]: 1.374943e+04 
----- ATMESC PARAMETERS (b)------
(SurfWaterMass) Surface water mass [kg]: 0.000000 
(EnvelopeMass) Envelope mass [kg]: 0.000000 
(OxygenMass) Oxygen mass in the atmosphere [kg]: 0.000000 
(RGLimit) Runaway greenhouse semi-major axis [m]: 3.336982e+10 
(XO) Atomic oxygen mixing ratio in upper atmosphere []: 0.000000 
(EtaO) Oxygen eta parameter (Luger and Barnes 2015) []: 0.000000 
(PlanetRadius) Planet radius [m]: 7.049773e+06 
(OxygenMantleMass) Mass of oxygen in mantle [kg]: 0.000000 
(RadXUV) XUV radius separating hydro. dyn. escape and equilibrium [m]: -1.000000 
(RadSolid) Radius to the solid surface [m]: -1.000000 
(PresXUV) Pressure at base of thermosphere [(null)]: 5.000000 
(ScaleHeight) Scale height in Lehmer & Catling (2016) model [m]: -1.000000 
(ThermTemp) Isothermal atmospheric temperature [K]: 400.000000 
(AtmGasConst) Atmospheric gas constant [(null)]: 4124.000000 
(PresSurf) Surface pressure due to atmosphere [Pa]: -1.000000 
(DEnvMassDt) Envelope Mass Loss Rate [kg/s]: 0.000000 
(FXUV) XUV flux [W/m^2]: 286.787062 
(AtmXAbsEffH2O) XUV atmospheric escape efficiency for H2O []: 0.300000 
(RocheRadius) Roche Lobe Radius [m]: 4.812328e+07 
(BondiRadius) Bondi Radius [m]: 3.418130e+08 
(HEscapeRegime) Integer flag for H envelope escape regime []: 8.000000 
(RRCriticalFlux) Critical XUV Flux that separates RR and energy-limited escape [W/m^2]: 67.946235 
(CrossoverMass) Crossover mass, defines oxygen is escaping if mc > mo [kg]: 0.000000 
(WaterEscapeRegime) What water escape regime the code is currently in []: 8.000000 
(FXUVCRITDRAG) Critical Drag XUV flux [W/m^2]: 0.551280 
(HREFFLUX) The Hydrogen Reference Flux (m^-2 s^-1) [m^-2 s^-1]: 1.752749e+20 
(XO2) Molecular oxygen mixing ratio in atmosphere []: 0.000000 
(XH2O) Water mixing ratio in upper atmosphere []: 0.000000 
(HDiffFlux) The Hydrogen Diffusion Flux (m^-2 s^-1) [m^-2 s^-1]: 2.596256e+17 
(HRefODragMod) Multiply by H ref flux to get flux with drag []: 1.000000 
(KTide) Mass loss enhancement due to stellar gravity []: 0.781831 
(CumulativeXUVFlux) Cumulative XUV flux [W/m^2]: 0.000000 
(RunawayGreenhouseFlux) Incident flux that triggers runaway greenhouse [kg/sec^3]: 1295.106320 
(RGDuration) Runaway Greenhouse Duration [years]: 0.00000e+00

Output Order: Time[year] CumulativeXUVFlux[W/m^2]
Grid Output Order:



---- FINAL SYSTEM PROPERTIES ----
(Age) System Age [sec]: 2.309432e+17 
(Time) Simulation Time [sec]: 2.307492e+17 
(TotAngMom) Total Angular Momentum [kg*m^2/sec]: 1.407360e+42 
(TotEnergy) Total System Energy [kg*m^2/sec^2]: -1.271861e+40 
(PotEnergy) Body's non-orbital Potential Energy [kg*m^2/sec^2]: -4.136732e+40 
(KinEnergy) Body's non-orbital Kinetic Energy [kg*m^2/sec^2]: 6.037282e+32 
(DeltaTime) Average Timestep Over Last Output Interval [sec]: 1.577880e+13 

----- BODY: star ----
Active Modules: FLARE STELLAR
Module Bit Sum: 577
Color: 000000
(Mass) Mass [kg]: 3.934029e+29 
(Radius) Radius [m]: 1.498212e+08 
(RadGyra) Radius of Gyration/Moment of Inertia Constant []: 0.460209 
(RotAngMom) Rotational Angular Momentum [kg*m^2/sec]: 1.502738e+39 
(RotVel) Rotational Velocity [m/sec]: 120.381999 
(BodyType) Type of Body (0 == planet) []: 0.000000 
(RotRate) Rotational Frequency [/sec]: 8.035043e-07 
(RotPer) Rotational Period [sec]: 7.819728e+06 
(Density) Average Density [kg/m^3]: 2.792729e+04 
(HZLimitDryRunaway) Semi-major axis of Dry Runaway HZ Limit [m]: 9.294783e+09 
(HZLimRecVenus) Recent Venus HZ Limit [m]: 8.319670e+09 
(HZLimRunaway) Runaway Greenhouse HZ Limit [m]: 1.097690e+10 
(HZLimMoistGreenhouse) Moist Greenhouse HZ Limit [m]: 1.100829e+10 
(HZLimMaxGreenhouse) Maximum Greenhouse HZ Limit [m]: 2.088540e+10 
(HZLimEarlyMars) Early Mars HZ Limit [m]: 2.277786e+10 
(Instellation) Orbit-averaged INcident STELLar radiATION [kg/sec^3]: -1.000000 
(CriticalSemiMajorAxis) Holman & Wiegert (1999) P-type Critical Semi-major Axis [m]: -1.000000 
(LXUVTot) Total XUV Luminosity [LSUN]: 5.623571e-07 
(LostEnergy) Body's Total Lost Energy [kg*m^2/sec^2]: 2.864877e+40 
(LostAngMom) Lost Angular Momentum due to Magnetic Braking [kg*m^2/sec]: 1.403372e+42 
(EscapeVelocity) Escape Velocity [m/sec]: 5.920376e+05 
----- STELLAR PARAMETERS (star)------
(Luminosity) Luminosity [LSUN]: 0.004686 
(LXUVStellar) Base X-ray/XUV Luminosity [LSUN]: 1.740275e-07 
(Temperature) Effective Temperature [K]: 3255.477243 
(LXUVFrac) Fraction of luminosity in XUV []: 3.713905e-05 
(RossbyNumber) Rossby Number []: 1.525882 
(DRotPerDtStellar) Time Rate of Change of Rotation Period in STELLAR []: 1.464466e-11 
(WindTorque) Stellar Wind Torque []: 2.814304e+21 
----- FLARE PARAMETERS (star)------
(LXUVFlare) XUV Luminosity from flares [LSUN]: 3.883255e-07 
(FlareFreq1) First value of flare frequency range [/sec]: 8.584676e-05 
(FlareFreq2) Second value of flare frequency range [/sec]: 6.679117e-05 
(FlareFreq3) Third value of flare frequency range [/sec]: 5.196539e-05 
(FlareFreq4) Fourth value of flare frequency range [/sec]: 4.043052e-05 
(FlareFreqMin) Frequency of the flares with the lowest energy [/sec]: 8.584676e-05 
(FlareFreqMid) Frequency of the flares with the middle energy in the energy range [/sec]: 6.977106e-06 
(FlareFreqMax) Frequency of the flares with the highest energy [/sec]: 5.670570e-07 
(FlareEnergy1) First value of flare energy range [kg*m^2/sec^2]: 5.334000e+23 
(FlareEnergy2) Second value of flare energy range [kg*m^2/sec^2]: 6.715108e+23 
(FlareEnergy3) Third value of flare energy range [kg*m^2/sec^2]: 8.453820e+23 
(FlareEnergy4) Fourth value of flare energy range [kg*m^2/sec^2]: 1.064273e+24 
(FlareEnergyMin) Minimum flare energy [kg*m^2/sec^2]: 5.334000e+23 
(FlareEnergyMid) Middle flare energy in the range of energy values [kg*m^2/sec^2]: 5.334000e+24 
(FlareEnergyMax) Maximum flare energy [kg*m^2/sec^2]: 5.334000e+25 
(FlareYIntOUT) Instantaneous Davenport FFD y-intercept at current age and mass []: 34.364219 
(FlareSlopeOUT) Instantaneous Davenport FFD slope at current age and mass []: -1.090049 

Output Order: Time[year] Luminosity[LSUN] LXUVStellar[LSUN] LXUVFlare[LSUN] LXUVTot[LSUN]
Grid Output Order:

----- BODY: b ----
Active Modules: AtmEsc
Module Bit Sum: 9
Color: 000000
(Mass) Mass [kg]: 9.984124e+24 
(Radius) Radius [m]: 7.049773e+06 
(RadGyra) Radius of Gyration/Moment of Inertia Constant []: 0.500000 
(BodyType) Type of Body (0 == planet) []: 0.000000 
(Density) Average Density [kg/m^3]: 6802.929404 
(HZLimitDryRunaway) Semi-major axis of Dry Runaway HZ Limit [m]: 9.295174e+09 
(HZLimRecVenus) Recent Venus HZ Limit [m]: 8.319670e+09 
(HZLimRunaway) Runaway Greenhouse HZ Limit [m]: 1.097690e+10 
(HZLimMoistGreenhouse) Moist Greenhouse HZ Limit [m]: 1.100829e+10 
(HZLimMaxGreenhouse) Maximum Greenhouse HZ Limit [m]: 2.088540e+10 
(HZLimEarlyMars) Early Mars HZ Limit [m]: 2.277786e+10 
(Instellation) Orbit-averaged INcident STELLar radiATION [kg/sec^3]: 2.571157e+04 
(MeanMotion) Orbital Mean Motion [/sec]: 4.464463e-05 
(OrbPeriod) Orbital Period [sec]: 1.407378e+05 
(SemiMajorAxis) Semi-major Axis [m]: 2.361773e+09 
(LXUVTot) Total XUV Luminosity [kg/sec^3]: -1.000000 
(EscapeVelocity) Escape Velocity [m/sec]: 1.374943e+04 
----- ATMESC PARAMETERS (b)------
(SurfWaterMass) Surface water mass [kg]: 0.000000 
(EnvelopeMass) Envelope mass [kg]: 0.000000 
(OxygenMass) Oxygen mass in the atmosphere [kg]: 0.000000 
(RGLimit) Runaway greenhouse semi-major axis [m]: 1.051919e+10 
(XO) Atomic oxygen mixing ratio in upper atmosphere []: 0.000000 
(EtaO) Oxygen eta parameter (Luger and Barnes 2015) []: 0.000000 
(PlanetRadius) Planet radius [m]: 7.049773e+06 
(OxygenMantleMass) Mass of oxygen in mantle [kg]: 0.000000 
(RadXUV) XUV radius separating hydro. dyn. escape and equilibrium [m]: -1.000000 
(RadSolid) Radius to the solid surface [m]: -1.000000 
(PresXUV) Pressure at base of thermosphere [(null)]: 5.000000 
(ScaleHeight) Scale height in Lehmer & Catling (2016) model [m]: -1.000000 
(ThermTemp) Isothermal atmospheric temperature [K]: 400.000000 
(AtmGasConst) Atmospheric gas constant [(null)]: 4124.000000 
(PresSurf) Surface pressure due to atmosphere [Pa]: -1.000000 
(DEnvMassDt) Envelope Mass Loss Rate [kg/s]: 0.000000 
(FXUV) XUV flux [W/m^2]: 3.085699 
(AtmXAbsEffH2O) XUV atmospheric escape efficiency for H2O []: 0.300000 
(RocheRadius) Roche Lobe Radius [m]: 4.812328e+07 
(BondiRadius) Bondi Radius [m]: 6.085693e+08 
(HEscapeRegime) Integer flag for H envelope escape regime []: 8.000000 
(RRCriticalFlux) Critical XUV Flux that separates RR and energy-limited escape [W/m^2]: 67.946235 
(CrossoverMass) Crossover mass, defines oxygen is escaping if mc > mo [kg]: 0.000000 
(WaterEscapeRegime) What water escape regime the code is currently in []: 8.000000 
(FXUVCRITDRAG) Critical Drag XUV flux [W/m^2]: 0.551280 
(HREFFLUX) The Hydrogen Reference Flux (m^-2 s^-1) [m^-2 s^-1]: 1.885879e+18 
(XO2) Molecular oxygen mixing ratio in atmosphere []: 0.000000 
(XH2O) Water mixing ratio in upper atmosphere []: 0.000000 
(HDiffFlux) The Hydrogen Diffusion Flux (m^-2 s^-1) [m^-2 s^-1]: 2.596256e+17 
(HRefODragMod) Multiply by H ref flux to get flux with drag []: 1.000000 
(KTide) Mass loss enhancement due to stellar gravity []: 0.781831 
(CumulativeXUVFlux) Cumulative XUV flux [W/m^2]: 2.198503e+18 
(RunawayGreenhouseFlux) Incident flux that triggers runaway greenhouse [kg/sec^3]: 1295.995227 
(RGDuration) Runaway Greenhouse Duration [years]: 0.00000e+00

Output Order: Time[year] CumulativeXUVFlux[W/m^2]
Grid Output Order:
