-------- Log file gj1132.log -------

Executable: /home/vplanet/.local/bin/vplanet
Version: Unknown
System Name: gj1132
Primary Input File: vpl.in
Body File #1: star.in
Body File #2: b.in
Allow files to be overwitten: Yes
Mass Units: Grams
Length Units: Meters
Time Units: Seconds
Angle Units: Radians

------- FORMATTING -----
Verbosity Level: 5
Crossover Decade for Scientific Notation: 4
Number of Digits After Decimal: 6
Integration Method: Runge-Kutta4
Direction: Forward
Time Step: 3.155760e+07
Stop Time: 1.881118e+17
Output Interval: 3.155760e+13
Use Variable Timestep: Yes
dEta: 0.010000
Minimum Value of ecc and obl: 1.000000e-10


---- INITIAL SYSTEM PROPERTIES ----
(Age) System Age [sec]: 1.635711e+14 
(Time) Simulation Time [sec]: 0.000000 
(TotAngMom) Total Angular Momentum [kg*m^2/sec]: 1.543238e+42 
(TotEnergy) Total System Energy [kg*m^2/sec^2]: -1.173131e+40 
(PotEnergy) Body's non-orbital Potential Energy [kg*m^2/sec^2]: -1.178728e+40 
(KinEnergy) Body's non-orbital Kinetic Energy [kg*m^2/sec^2]: 5.602469e+37 
(DeltaTime) Average Timestep Over Last Output Interval [sec]: 0.000000 

----- BODY: star ----
Active Modules: FLARE STELLAR
Module Bit Sum: 577
Color: 000000
(Mass) Mass [kg]: 3.883395e+29 
(Radius) Radius [m]: 5.123482e+08 
(RadGyra) Radius of Gyration/Moment of Inertia Constant []: 0.455898 
(RotAngMom) Rotational Angular Momentum [kg*m^2/sec]: 1.540790e+42 
(RotVel) Rotational Velocity [m/sec]: 3.725901e+04 
(BodyType) Type of Body (0 == planet) []: 0.000000 
(RotRate) Rotational Frequency [/sec]: 7.272205e-05 
(RotPer) Rotational Period [sec]: 8.640000e+04 
(Density) Average Density [kg/m^3]: 689.330187 
(HZLimitDryRunaway) Semi-major axis of Dry Runaway HZ Limit [m]: 3.091866e+10 
(HZLimRecVenus) Recent Venus HZ Limit [m]: 2.769988e+10 
(HZLimRunaway) Runaway Greenhouse HZ Limit [m]: 3.653181e+10 
(HZLimMoistGreenhouse) Moist Greenhouse HZ Limit [m]: 3.665150e+10 
(HZLimMaxGreenhouse) Maximum Greenhouse HZ Limit [m]: 6.965950e+10 
(HZLimEarlyMars) Early Mars HZ Limit [m]: 7.597122e+10 
(Instellation) Orbit-averaged INcident STELLar radiATION [kg/sec^3]: -1.000000 
(CriticalSemiMajorAxis) Holman & Wiegert (1999) P-type Critical Semi-major Axis [m]: -1.000000 
(LXUVTot) Total XUV Luminosity [LSUN]: 5.613256e-05 
(LostEnergy) Body's Total Lost Energy [kg*m^2/sec^2]: 5.562685e-309 
(LostAngMom) Lost Angular Momentum due to Magnetic Braking [kg*m^2/sec]: 5.562685e-309 
(EscapeVelocity) Escape Velocity [m/sec]: 3.180829e+05 
----- STELLAR PARAMETERS (star)------
(Luminosity) Luminosity [LSUN]: 0.051850 
(LXUVStellar) Base X-ray/XUV Luminosity [LSUN]: 5.532938e-05 
(Temperature) Effective Temperature [K]: 3209.282523 
(LXUVFrac) Fraction of luminosity in XUV []: 0.001067 
(RossbyNumber) Rossby Number []: 0.016465 
(DRotPerDtStellar) Time Rate of Change of Rotation Period in STELLAR []: -1.340326e-10 
(WindTorque) Stellar Wind Torque []: 4.765286e+27 
----- FLARE PARAMETERS (star)------
(LXUVFlare) XUV Luminosity from flares [LSUN]: 8.031767e-07 
(FlareFreq1) First value of flare frequency range [/sec]: 3.207795e-05 
(FlareFreq2) Second value of flare frequency range [/sec]: 2.779676e-05 
(FlareFreq3) Third value of flare frequency range [/sec]: 2.408694e-05 
(FlareFreq4) Fourth value of flare frequency range [/sec]: 2.087224e-05 
(FlareFreqMin) Frequency of the flares with the lowest energy [/sec]: 3.207795e-05 
(FlareFreqMid) Frequency of the flares with the middle energy in the energy range [/sec]: 7.657405e-06 
(FlareFreqMax) Frequency of the flares with the highest energy [/sec]: 1.827918e-06 
(FlareEnergy1) First value of flare energy range [kg*m^2/sec^2]: 5.334000e+23 
(FlareEnergy2) Second value of flare energy range [kg*m^2/sec^2]: 6.715108e+23 
(FlareEnergy3) Third value of flare energy range [kg*m^2/sec^2]: 8.453820e+23 
(FlareEnergy4) Fourth value of flare energy range [kg*m^2/sec^2]: 1.064273e+24 
(FlareEnergyMin) Minimum flare energy [kg*m^2/sec^2]: 5.334000e+23 
(FlareEnergyMid) Middle flare energy in the range of energy values [kg*m^2/sec^2]: 5.334000e+24 
(FlareEnergyMax) Maximum flare energy [kg*m^2/sec^2]: 5.334000e+25 
(FlareYIntOUT) Instantaneous Davenport FFD y-intercept at current age and mass []: 19.558788 
(FlareSlopeOUT) Instantaneous Davenport FFD slope at current age and mass []: -0.622125 

Output Order: Time[year] Luminosity[LSUN] LXUVStellar[LSUN] LXUVFlare[LSUN] LXUVTot[LSUN]
Grid Output Order:

----- BODY: b ----
Active Modules: AtmEsc
Module Bit Sum: 9
Color: 000000
(Mass) Mass [kg]: 9.915828e+24 
(Radius) Radius [m]: 7.042745e+06 
(RadGyra) Radius of Gyration/Moment of Inertia Constant []: 0.500000 
(BodyType) Type of Body (0 == planet) []: 0.000000 
(Density) Average Density [kg/m^3]: 6776.642624 
(HZLimitDryRunaway) Semi-major axis of Dry Runaway HZ Limit [m]: 3.091866e+10 
(HZLimRecVenus) Recent Venus HZ Limit [m]: 2.769988e+10 
(HZLimRunaway) Runaway Greenhouse HZ Limit [m]: 3.653181e+10 
(HZLimMoistGreenhouse) Moist Greenhouse HZ Limit [m]: 3.665150e+10 
(HZLimMaxGreenhouse) Maximum Greenhouse HZ Limit [m]: 6.965950e+10 
(HZLimEarlyMars) Early Mars HZ Limit [m]: 7.597122e+10 
(Instellation) Orbit-averaged INcident STELLar radiATION [kg/sec^3]: 2.869475e+05 
(MeanMotion) Orbital Mean Motion [/sec]: 4.464300e-05 
(OrbPeriod) Orbital Period [sec]: 1.407429e+05 
(SemiMajorAxis) Semi-major Axis [m]: 2.351654e+09 
(LXUVTot) Total XUV Luminosity [kg/sec^3]: -1.000000 
(EscapeVelocity) Escape Velocity [m/sec]: 1.370916e+04 
----- ATMESC PARAMETERS (b)------
(SurfWaterMass) Surface water mass [kg]: 0.000000 
(EnvelopeMass) Envelope mass [kg]: 0.000000 
(OxygenMass) Oxygen mass in the atmosphere [kg]: 0.000000 
(RGLimit) Runaway greenhouse semi-major axis [m]: 3.501414e+10 
(XO) Atomic oxygen mixing ratio in upper atmosphere []: 0.000000 
(EtaO) Oxygen eta parameter (Luger and Barnes 2015) []: 0.000000 
(PlanetRadius) Planet radius [m]: 7.042745e+06 
(OxygenMantleMass) Mass of oxygen in mantle [kg]: 0.000000 
(RadXUV) XUV radius separating hydro. dyn. escape and equilibrium [m]: -1.000000 
(RadSolid) Radius to the solid surface [m]: -1.000000 
(PresXUV) Pressure at base of thermosphere [(null)]: 5.000000 
(ScaleHeight) Scale height in Lehmer & Catling (2016) model [m]: -1.000000 
(ThermTemp) Isothermal atmospheric temperature [K]: 400.000000 
(AtmGasConst) Atmospheric gas constant [(null)]: 4124.000000 
(PresSurf) Surface pressure due to atmosphere [Pa]: -1.000000 
(DEnvMassDt) Envelope Mass Loss Rate [kg/s]: 0.000000 
(FXUV) XUV flux [W/m^2]: 310.647149 
(AtmXAbsEffH2O) XUV atmospheric escape efficiency for H2O []: 0.300000 
(RocheRadius) Roche Lobe Radius [m]: 4.801448e+07 
(BondiRadius) Bondi Radius [m]: 3.322555e+08 
(HEscapeRegime) Integer flag for H envelope escape regime []: 8.000000 
(RRCriticalFlux) Critical XUV Flux that separates RR and energy-limited escape [W/m^2]: 67.173871 
(CrossoverMass) Crossover mass, defines oxygen is escaping if mc > mo [kg]: 0.000000 
(WaterEscapeRegime) What water escape regime the code is currently in []: 8.000000 
(FXUVCRITDRAG) Critical Drag XUV flux [W/m^2]: 0.545393 
(HREFFLUX) The Hydrogen Reference Flux (m^-2 s^-1) [m^-2 s^-1]: 1.910410e+20 
(XO2) Molecular oxygen mixing ratio in atmosphere []: 0.000000 
(XH2O) Water mixing ratio in upper atmosphere []: 0.000000 
(HDiffFlux) The Hydrogen Diffusion Flux (m^-2 s^-1) [m^-2 s^-1]: 2.583646e+17 
(HRefODragMod) Multiply by H ref flux to get flux with drag []: 1.000000 
(KTide) Mass loss enhancement due to stellar gravity []: 0.781558 
(CumulativeXUVFlux) Cumulative XUV flux [W/m^2]: 0.000000 
(RunawayGreenhouseFlux) Incident flux that triggers runaway greenhouse [kg/sec^3]: 1294.381619 
(RGDuration) Runaway Greenhouse Duration [years]: 0.00000e+00

Output Order: Time[year] CumulativeXUVFlux[W/m^2]
Grid Output Order:



---- FINAL SYSTEM PROPERTIES ----
(Age) System Age [sec]: 1.882771e+17 
(Time) Simulation Time [sec]: 1.881135e+17 
(TotAngMom) Total Angular Momentum [kg*m^2/sec]: 1.546528e+42 
(TotEnergy) Total System Energy [kg*m^2/sec^2]: -1.173246e+40 
(PotEnergy) Body's non-orbital Potential Energy [kg*m^2/sec^2]: -4.119664e+40 
(KinEnergy) Body's non-orbital Kinetic Energy [kg*m^2/sec^2]: 7.410024e+32 
(DeltaTime) Average Timestep Over Last Output Interval [sec]: 3.155760e+12 

----- BODY: star ----
Active Modules: FLARE STELLAR
Module Bit Sum: 577
Color: 000000
(Mass) Mass [kg]: 3.883395e+29 
(Radius) Radius [m]: 1.465943e+08 
(RadGyra) Radius of Gyration/Moment of Inertia Constant []: 0.460420 
(RotAngMom) Rotational Angular Momentum [kg*m^2/sec]: 1.619205e+39 
(RotVel) Rotational Velocity [m/sec]: 134.172915 
(BodyType) Type of Body (0 == planet) []: 0.000000 
(RotRate) Rotational Frequency [/sec]: 9.152671e-07 
(RotPer) Rotational Period [sec]: 6.864865e+06 
(Density) Average Density [kg/m^3]: 2.942876e+04 
(HZLimitDryRunaway) Semi-major axis of Dry Runaway HZ Limit [m]: 9.075613e+09 
(HZLimRecVenus) Recent Venus HZ Limit [m]: 8.124777e+09 
(HZLimRunaway) Runaway Greenhouse HZ Limit [m]: 1.071898e+10 
(HZLimMoistGreenhouse) Moist Greenhouse HZ Limit [m]: 1.075041e+10 
(HZLimMaxGreenhouse) Maximum Greenhouse HZ Limit [m]: 2.040242e+10 
(HZLimEarlyMars) Early Mars HZ Limit [m]: 2.225111e+10 
(Instellation) Orbit-averaged INcident STELLar radiATION [kg/sec^3]: -1.000000 
(CriticalSemiMajorAxis) Holman & Wiegert (1999) P-type Critical Semi-major Axis [m]: -1.000000 
(LXUVTot) Total XUV Luminosity [LSUN]: 6.022792e-07 
(LostEnergy) Body's Total Lost Energy [kg*m^2/sec^2]: 2.946423e+40 
(LostAngMom) Lost Angular Momentum due to Magnetic Braking [kg*m^2/sec]: 1.542460e+42 
(EscapeVelocity) Escape Velocity [m/sec]: 5.946542e+05 
----- STELLAR PARAMETERS (star)------
(Luminosity) Luminosity [LSUN]: 0.004467 
(LXUVStellar) Base X-ray/XUV Luminosity [LSUN]: 2.120573e-07 
(Temperature) Effective Temperature [K]: 3247.435095 
(LXUVFrac) Fraction of luminosity in XUV []: 4.746709e-05 
(RossbyNumber) Rossby Number []: 1.334051 
(DRotPerDtStellar) Time Rate of Change of Rotation Period in STELLAR []: 2.039831e-11 
(WindTorque) Stellar Wind Torque []: 4.847145e+21 
----- FLARE PARAMETERS (star)------
(LXUVFlare) XUV Luminosity from flares [LSUN]: 3.902210e-07 
(FlareFreq1) First value of flare frequency range [/sec]: 8.222948e-05 
(FlareFreq2) Second value of flare frequency range [/sec]: 6.419117e-05 
(FlareFreq3) Third value of flare frequency range [/sec]: 5.010984e-05 
(FlareFreq4) Fourth value of flare frequency range [/sec]: 3.911747e-05 
(FlareFreqMin) Frequency of the flares with the lowest energy [/sec]: 8.222948e-05 
(FlareFreqMid) Frequency of the flares with the middle energy in the energy range [/sec]: 6.910427e-06 
(FlareFreqMax) Frequency of the flares with the highest energy [/sec]: 5.807406e-07 
(FlareEnergy1) First value of flare energy range [kg*m^2/sec^2]: 5.334000e+23 
(FlareEnergy2) Second value of flare energy range [kg*m^2/sec^2]: 6.715108e+23 
(FlareEnergy3) Third value of flare energy range [kg*m^2/sec^2]: 8.453820e+23 
(FlareEnergy4) Fourth value of flare energy range [kg*m^2/sec^2]: 1.064273e+24 
(FlareEnergyMin) Minimum flare energy [kg*m^2/sec^2]: 5.334000e+23 
(FlareEnergyMid) Middle flare energy in the range of energy values [kg*m^2/sec^2]: 5.334000e+24 
(FlareEnergyMax) Maximum flare energy [kg*m^2/sec^2]: 5.334000e+25 
(FlareYIntOUT) Instantaneous Davenport FFD y-intercept at current age and mass []: 33.899184 
(FlareSlopeOUT) Instantaneous Davenport FFD slope at current age and mass []: -1.075523 

Output Order: Time[year] Luminosity[LSUN] LXUVStellar[LSUN] LXUVFlare[LSUN] LXUVTot[LSUN]
Grid Output Order:

----- BODY: b ----
Active Modules: AtmEsc
Module Bit Sum: 9
Color: 000000
(Mass) Mass [kg]: 9.915828e+24 
(Radius) Radius [m]: 7.042745e+06 
(RadGyra) Radius of Gyration/Moment of Inertia Constant []: 0.500000 
(BodyType) Type of Body (0 == planet) []: 0.000000 
(Density) Average Density [kg/m^3]: 6776.642624 
(HZLimitDryRunaway) Semi-major axis of Dry Runaway HZ Limit [m]: 9.075614e+09 
(HZLimRecVenus) Recent Venus HZ Limit [m]: 8.124777e+09 
(HZLimRunaway) Runaway Greenhouse HZ Limit [m]: 1.071898e+10 
(HZLimMoistGreenhouse) Moist Greenhouse HZ Limit [m]: 1.075041e+10 
(HZLimMaxGreenhouse) Maximum Greenhouse HZ Limit [m]: 2.040242e+10 
(HZLimEarlyMars) Early Mars HZ Limit [m]: 2.225111e+10 
(Instellation) Orbit-averaged INcident STELLar radiATION [kg/sec^3]: 2.472368e+04 
(MeanMotion) Orbital Mean Motion [/sec]: 4.464300e-05 
(OrbPeriod) Orbital Period [sec]: 1.407429e+05 
(SemiMajorAxis) Semi-major Axis [m]: 2.351654e+09 
(LXUVTot) Total XUV Luminosity [kg/sec^3]: -1.000000 
(EscapeVelocity) Escape Velocity [m/sec]: 1.370916e+04 
----- ATMESC PARAMETERS (b)------
(SurfWaterMass) Surface water mass [kg]: 0.000000 
(EnvelopeMass) Envelope mass [kg]: 0.000000 
(OxygenMass) Oxygen mass in the atmosphere [kg]: 0.000000 
(RGLimit) Runaway greenhouse semi-major axis [m]: 1.027383e+10 
(XO) Atomic oxygen mixing ratio in upper atmosphere []: 0.000000 
(EtaO) Oxygen eta parameter (Luger and Barnes 2015) []: 0.000000 
(PlanetRadius) Planet radius [m]: 7.042745e+06 
(OxygenMantleMass) Mass of oxygen in mantle [kg]: 0.000000 
(RadXUV) XUV radius separating hydro. dyn. escape and equilibrium [m]: -1.000000 
(RadSolid) Radius to the solid surface [m]: -1.000000 
(PresXUV) Pressure at base of thermosphere [(null)]: 5.000000 
(ScaleHeight) Scale height in Lehmer & Catling (2016) model [m]: -1.000000 
(ThermTemp) Isothermal atmospheric temperature [K]: 400.000000 
(AtmGasConst) Atmospheric gas constant [(null)]: 4124.000000 
(PresSurf) Surface pressure due to atmosphere [Pa]: -1.000000 
(DEnvMassDt) Envelope Mass Loss Rate [kg/s]: 0.000000 
(FXUV) XUV flux [W/m^2]: 3.333116 
(AtmXAbsEffH2O) XUV atmospheric escape efficiency for H2O []: 0.300000 
(RocheRadius) Roche Lobe Radius [m]: 4.801448e+07 
(BondiRadius) Bondi Radius [m]: 6.138521e+08 
(HEscapeRegime) Integer flag for H envelope escape regime []: 8.000000 
(RRCriticalFlux) Critical XUV Flux that separates RR and energy-limited escape [W/m^2]: 67.173871 
(CrossoverMass) Crossover mass, defines oxygen is escaping if mc > mo [kg]: 0.000000 
(WaterEscapeRegime) What water escape regime the code is currently in []: 8.000000 
(FXUVCRITDRAG) Critical Drag XUV flux [W/m^2]: 0.545393 
(HREFFLUX) The Hydrogen Reference Flux (m^-2 s^-1) [m^-2 s^-1]: 2.049791e+18 
(XO2) Molecular oxygen mixing ratio in atmosphere []: 0.000000 
(XH2O) Water mixing ratio in upper atmosphere []: 0.000000 
(HDiffFlux) The Hydrogen Diffusion Flux (m^-2 s^-1) [m^-2 s^-1]: 2.583646e+17 
(HRefODragMod) Multiply by H ref flux to get flux with drag []: 1.000000 
(KTide) Mass loss enhancement due to stellar gravity []: 0.781558 
(CumulativeXUVFlux) Cumulative XUV flux [W/m^2]: 2.342053e+18 
(RunawayGreenhouseFlux) Incident flux that triggers runaway greenhouse [kg/sec^3]: 1295.373787 
(RGDuration) Runaway Greenhouse Duration [years]: 0.00000e+00

Output Order: Time[year] CumulativeXUVFlux[W/m^2]
Grid Output Order:
