-------- Log file gj1132.log -------

Executable: /home/vplanet/.local/bin/vplanet
Version: Unknown
System Name: gj1132
Primary Input File: vpl.in
Body File #1: star.in
Body File #2: b.in
Allow files to be overwitten: Yes
Mass Units: Grams
Length Units: Meters
Time Units: Seconds
Angle Units: Radians

------- FORMATTING -----
Verbosity Level: 5
Crossover Decade for Scientific Notation: 4
Number of Digits After Decimal: 6
Integration Method: Runge-Kutta4
Direction: Forward
Time Step: 3.155760e+07
Stop Time: 2.329523e+17
Output Interval: 3.155760e+13
Use Variable Timestep: Yes
dEta: 0.010000
Minimum Value of ecc and obl: 1.000000e-10


---- INITIAL SYSTEM PROPERTIES ----
(Age) System Age [sec]: 1.787441e+14 
(Time) Simulation Time [sec]: 0.000000 
(TotAngMom) Total Angular Momentum [kg*m^2/sec]: 1.491490e+42 
(TotEnergy) Total System Energy [kg*m^2/sec^2]: -1.235364e+40 
(PotEnergy) Body's non-orbital Potential Energy [kg*m^2/sec^2]: -1.240772e+40 
(KinEnergy) Body's non-orbital Kinetic Energy [kg*m^2/sec^2]: 5.414133e+37 
(DeltaTime) Average Timestep Over Last Output Interval [sec]: 0.000000 

----- BODY: star ----
Active Modules: FLARE STELLAR
Module Bit Sum: 577
Color: 000000
(Mass) Mass [kg]: 3.935939e+29 
(Radius) Radius [m]: 4.999890e+08 
(RadGyra) Radius of Gyration/Moment of Inertia Constant []: 0.456172 
(RotAngMom) Rotational Angular Momentum [kg*m^2/sec]: 1.488994e+42 
(RotVel) Rotational Velocity [m/sec]: 3.636023e+04 
(BodyType) Type of Body (0 == planet) []: 0.000000 
(RotRate) Rotational Frequency [/sec]: 7.272205e-05 
(RotPer) Rotational Period [sec]: 8.640000e+04 
(Density) Average Density [kg/m^3]: 751.758557 
(HZLimitDryRunaway) Semi-major axis of Dry Runaway HZ Limit [m]: 3.037680e+10 
(HZLimRecVenus) Recent Venus HZ Limit [m]: 2.720881e+10 
(HZLimRunaway) Runaway Greenhouse HZ Limit [m]: 3.588761e+10 
(HZLimMoistGreenhouse) Moist Greenhouse HZ Limit [m]: 3.600173e+10 
(HZLimMaxGreenhouse) Maximum Greenhouse HZ Limit [m]: 6.839661e+10 
(HZLimEarlyMars) Early Mars HZ Limit [m]: 7.459396e+10 
(Instellation) Orbit-averaged INcident STELLar radiATION [kg/sec^3]: -1.000000 
(CriticalSemiMajorAxis) Holman & Wiegert (1999) P-type Critical Semi-major Axis [m]: -1.000000 
(LXUVTot) Total XUV Luminosity [LSUN]: 5.040644e-05 
(LostEnergy) Body's Total Lost Energy [kg*m^2/sec^2]: 5.562685e-309 
(LostAngMom) Lost Angular Momentum due to Magnetic Braking [kg*m^2/sec]: 5.562685e-309 
(EscapeVelocity) Escape Velocity [m/sec]: 3.241613e+05 
----- STELLAR PARAMETERS (star)------
(Luminosity) Luminosity [LSUN]: 0.050049 
(LXUVStellar) Base X-ray/XUV Luminosity [LSUN]: 4.962490e-05 
(Temperature) Effective Temperature [K]: 3220.005689 
(LXUVFrac) Fraction of luminosity in XUV []: 0.000992 
(RossbyNumber) Rossby Number []: 0.016556 
(DRotPerDtStellar) Time Rate of Change of Rotation Period in STELLAR []: -9.291380e-11 
(WindTorque) Stellar Wind Torque []: 4.146093e+27 
----- FLARE PARAMETERS (star)------
(LXUVFlare) XUV Luminosity from flares [LSUN]: 7.815460e-07 
(FlareFreq1) First value of flare frequency range [/sec]: 3.119351e-05 
(FlareFreq2) Second value of flare frequency range [/sec]: 2.703138e-05 
(FlareFreq3) Third value of flare frequency range [/sec]: 2.342459e-05 
(FlareFreq4) Fourth value of flare frequency range [/sec]: 2.029906e-05 
(FlareFreqMin) Frequency of the flares with the lowest energy [/sec]: 3.119351e-05 
(FlareFreqMid) Frequency of the flares with the middle energy in the energy range [/sec]: 7.449092e-06 
(FlareFreqMax) Frequency of the flares with the highest energy [/sec]: 1.778863e-06 
(FlareEnergy1) First value of flare energy range [kg*m^2/sec^2]: 5.334000e+23 
(FlareEnergy2) Second value of flare energy range [kg*m^2/sec^2]: 6.715108e+23 
(FlareEnergy3) Third value of flare energy range [kg*m^2/sec^2]: 8.453820e+23 
(FlareEnergy4) Fourth value of flare energy range [kg*m^2/sec^2]: 1.064273e+24 
(FlareEnergyMin) Minimum flare energy [kg*m^2/sec^2]: 5.334000e+23 
(FlareEnergyMid) Middle flare energy in the range of energy values [kg*m^2/sec^2]: 5.334000e+24 
(FlareEnergyMax) Maximum flare energy [kg*m^2/sec^2]: 5.334000e+25 
(FlareYIntOUT) Instantaneous Davenport FFD y-intercept at current age and mass []: 19.541604 
(FlareSlopeOUT) Instantaneous Davenport FFD slope at current age and mass []: -0.621961 

Output Order: Time[year] Luminosity[LSUN] LXUVStellar[LSUN] LXUVFlare[LSUN] LXUVTot[LSUN]
Grid Output Order:

----- BODY: b ----
Active Modules: AtmEsc
Module Bit Sum: 9
Color: 000000
(Mass) Mass [kg]: 1.002070e+25 
(Radius) Radius [m]: 7.290185e+06 
(RadGyra) Radius of Gyration/Moment of Inertia Constant []: 0.500000 
(BodyType) Type of Body (0 == planet) []: 0.000000 
(Density) Average Density [kg/m^3]: 6174.383504 
(HZLimitDryRunaway) Semi-major axis of Dry Runaway HZ Limit [m]: 3.037688e+10 
(HZLimRecVenus) Recent Venus HZ Limit [m]: 2.720881e+10 
(HZLimRunaway) Runaway Greenhouse HZ Limit [m]: 3.588761e+10 
(HZLimMoistGreenhouse) Moist Greenhouse HZ Limit [m]: 3.600173e+10 
(HZLimMaxGreenhouse) Maximum Greenhouse HZ Limit [m]: 6.839661e+10 
(HZLimEarlyMars) Early Mars HZ Limit [m]: 7.459396e+10 
(Instellation) Orbit-averaged INcident STELLar radiATION [kg/sec^3]: 2.745251e+05 
(MeanMotion) Orbital Mean Motion [/sec]: 4.464506e-05 
(OrbPeriod) Orbital Period [sec]: 1.407364e+05 
(SemiMajorAxis) Semi-major Axis [m]: 2.362140e+09 
(LXUVTot) Total XUV Luminosity [kg/sec^3]: -1.000000 
(EscapeVelocity) Escape Velocity [m/sec]: 1.354556e+04 
----- ATMESC PARAMETERS (b)------
(SurfWaterMass) Surface water mass [kg]: 0.000000 
(EnvelopeMass) Envelope mass [kg]: 0.000000 
(OxygenMass) Oxygen mass in the atmosphere [kg]: 0.000000 
(RGLimit) Runaway greenhouse semi-major axis [m]: 3.438845e+10 
(XO) Atomic oxygen mixing ratio in upper atmosphere []: 0.000000 
(EtaO) Oxygen eta parameter (Luger and Barnes 2015) []: 0.000000 
(PlanetRadius) Planet radius [m]: 7.290185e+06 
(OxygenMantleMass) Mass of oxygen in mantle [kg]: 0.000000 
(RadXUV) XUV radius separating hydro. dyn. escape and equilibrium [m]: -1.000000 
(RadSolid) Radius to the solid surface [m]: -1.000000 
(PresXUV) Pressure at base of thermosphere [(null)]: 5.000000 
(ScaleHeight) Scale height in Lehmer & Catling (2016) model [m]: -1.000000 
(ThermTemp) Isothermal atmospheric temperature [K]: 400.000000 
(AtmGasConst) Atmospheric gas constant [(null)]: 4124.000000 
(PresSurf) Surface pressure due to atmosphere [Pa]: -1.000000 
(DEnvMassDt) Envelope Mass Loss Rate [kg/s]: 0.000000 
(FXUV) XUV flux [W/m^2]: 276.487328 
(AtmXAbsEffH2O) XUV atmospheric escape efficiency for H2O []: 0.300000 
(RocheRadius) Roche Lobe Radius [m]: 4.818166e+07 
(BondiRadius) Bondi Radius [m]: 3.380093e+08 
(HEscapeRegime) Integer flag for H envelope escape regime []: 8.000000 
(RRCriticalFlux) Critical XUV Flux that separates RR and energy-limited escape [W/m^2]: 60.781840 
(CrossoverMass) Crossover mass, defines oxygen is escaping if mc > mo [kg]: 0.000000 
(WaterEscapeRegime) What water escape regime the code is currently in []: 8.000000 
(FXUVCRITDRAG) Critical Drag XUV flux [W/m^2]: 0.502178 
(HREFFLUX) The Hydrogen Reference Flux (m^-2 s^-1) [m^-2 s^-1]: 1.756910e+20 
(XO2) Molecular oxygen mixing ratio in atmosphere []: 0.000000 
(XH2O) Water mixing ratio in upper atmosphere []: 0.000000 
(HDiffFlux) The Hydrogen Diffusion Flux (m^-2 s^-1) [m^-2 s^-1]: 2.436737e+17 
(HRefODragMod) Multiply by H ref flux to get flux with drag []: 1.000000 
(KTide) Mass loss enhancement due to stellar gravity []: 0.774773 
(CumulativeXUVFlux) Cumulative XUV flux [W/m^2]: 0.000000 
(RunawayGreenhouseFlux) Incident flux that triggers runaway greenhouse [kg/sec^3]: 1295.287157 
(RGDuration) Runaway Greenhouse Duration [years]: 0.00000e+00

Output Order: Time[year] CumulativeXUVFlux[W/m^2]
Grid Output Order:



---- FINAL SYSTEM PROPERTIES ----
(Age) System Age [sec]: 2.331369e+17 
(Time) Simulation Time [sec]: 2.329582e+17 
(TotAngMom) Total Angular Momentum [kg*m^2/sec]: 1.493559e+42 
(TotEnergy) Total System Energy [kg*m^2/sec^2]: -1.234843e+40 
(PotEnergy) Body's non-orbital Potential Energy [kg*m^2/sec^2]: -4.137832e+40 
(KinEnergy) Body's non-orbital Kinetic Energy [kg*m^2/sec^2]: 5.999390e+32 
(DeltaTime) Average Timestep Over Last Output Interval [sec]: 3.155760e+13 

----- BODY: star ----
Active Modules: FLARE STELLAR
Module Bit Sum: 577
Color: 000000
(Mass) Mass [kg]: 3.935939e+29 
(Radius) Radius [m]: 1.499269e+08 
(RadGyra) Radius of Gyration/Moment of Inertia Constant []: 0.460205 
(RotAngMom) Rotational Angular Momentum [kg*m^2/sec]: 1.499420e+39 
(RotVel) Rotational Velocity [m/sec]: 119.975705 
(BodyType) Type of Body (0 == planet) []: 0.000000 
(RotRate) Rotational Frequency [/sec]: 8.002280e-07 
(RotPer) Rotational Period [sec]: 7.851744e+06 
(Density) Average Density [kg/m^3]: 2.788181e+04 
(HZLimitDryRunaway) Semi-major axis of Dry Runaway HZ Limit [m]: 9.302524e+09 
(HZLimRecVenus) Recent Venus HZ Limit [m]: 8.326547e+09 
(HZLimRunaway) Runaway Greenhouse HZ Limit [m]: 1.098600e+10 
(HZLimMoistGreenhouse) Moist Greenhouse HZ Limit [m]: 1.101739e+10 
(HZLimMaxGreenhouse) Maximum Greenhouse HZ Limit [m]: 2.090241e+10 
(HZLimEarlyMars) Early Mars HZ Limit [m]: 2.279641e+10 
(Instellation) Orbit-averaged INcident STELLar radiATION [kg/sec^3]: -1.000000 
(CriticalSemiMajorAxis) Holman & Wiegert (1999) P-type Critical Semi-major Axis [m]: -1.000000 
(LXUVTot) Total XUV Luminosity [LSUN]: 6.870856e-07 
(LostEnergy) Body's Total Lost Energy [kg*m^2/sec^2]: 2.902995e+40 
(LostAngMom) Lost Angular Momentum due to Magnetic Braking [kg*m^2/sec]: 1.489564e+42 
(EscapeVelocity) Escape Velocity [m/sec]: 5.919726e+05 
----- STELLAR PARAMETERS (star)------
(Luminosity) Luminosity [LSUN]: 0.004694 
(LXUVStellar) Base X-ray/XUV Luminosity [LSUN]: 3.039188e-07 
(Temperature) Effective Temperature [K]: 3255.797350 
(LXUVFrac) Fraction of luminosity in XUV []: 6.475112e-05 
(RossbyNumber) Rossby Number []: 1.532380 
(DRotPerDtStellar) Time Rate of Change of Rotation Period in STELLAR []: 1.448886e-11 
(WindTorque) Stellar Wind Torque []: 2.766886e+21 
----- FLARE PARAMETERS (star)------
(LXUVFlare) XUV Luminosity from flares [LSUN]: 3.831629e-07 
(FlareFreq1) First value of flare frequency range [/sec]: 8.386365e-05 
(FlareFreq2) Second value of flare frequency range [/sec]: 6.529388e-05 
(FlareFreq3) Third value of flare frequency range [/sec]: 5.083598e-05 
(FlareFreq4) Fourth value of flare frequency range [/sec]: 3.957947e-05 
(FlareFreqMin) Frequency of the flares with the lowest energy [/sec]: 8.386365e-05 
(FlareFreqMid) Frequency of the flares with the middle energy in the energy range [/sec]: 6.863746e-06 
(FlareFreqMax) Frequency of the flares with the highest energy [/sec]: 5.617573e-07 
(FlareEnergy1) First value of flare energy range [kg*m^2/sec^2]: 5.334000e+23 
(FlareEnergy2) Second value of flare energy range [kg*m^2/sec^2]: 6.715108e+23 
(FlareEnergy3) Third value of flare energy range [kg*m^2/sec^2]: 8.453820e+23 
(FlareEnergy4) Fourth value of flare energy range [kg*m^2/sec^2]: 1.064273e+24 
(FlareEnergyMin) Minimum flare energy [kg*m^2/sec^2]: 5.334000e+23 
(FlareEnergyMid) Middle flare energy in the range of energy values [kg*m^2/sec^2]: 5.334000e+24 
(FlareEnergyMax) Maximum flare energy [kg*m^2/sec^2]: 5.334000e+25 
(FlareYIntOUT) Instantaneous Davenport FFD y-intercept at current age and mass []: 34.260779 
(FlareSlopeOUT) Instantaneous Davenport FFD slope at current age and mass []: -1.087013 

Output Order: Time[year] Luminosity[LSUN] LXUVStellar[LSUN] LXUVFlare[LSUN] LXUVTot[LSUN]
Grid Output Order:

----- BODY: b ----
Active Modules: AtmEsc
Module Bit Sum: 9
Color: 000000
(Mass) Mass [kg]: 1.002070e+25 
(Radius) Radius [m]: 7.290185e+06 
(RadGyra) Radius of Gyration/Moment of Inertia Constant []: 0.500000 
(BodyType) Type of Body (0 == planet) []: 0.000000 
(Density) Average Density [kg/m^3]: 6174.383504 
(HZLimitDryRunaway) Semi-major axis of Dry Runaway HZ Limit [m]: 9.302548e+09 
(HZLimRecVenus) Recent Venus HZ Limit [m]: 8.326547e+09 
(HZLimRunaway) Runaway Greenhouse HZ Limit [m]: 1.098600e+10 
(HZLimMoistGreenhouse) Moist Greenhouse HZ Limit [m]: 1.101739e+10 
(HZLimMaxGreenhouse) Maximum Greenhouse HZ Limit [m]: 2.090241e+10 
(HZLimEarlyMars) Early Mars HZ Limit [m]: 2.279641e+10 
(Instellation) Orbit-averaged INcident STELLar radiATION [kg/sec^3]: 2.574539e+04 
(MeanMotion) Orbital Mean Motion [/sec]: 4.464506e-05 
(OrbPeriod) Orbital Period [sec]: 1.407364e+05 
(SemiMajorAxis) Semi-major Axis [m]: 2.362140e+09 
(LXUVTot) Total XUV Luminosity [kg/sec^3]: -1.000000 
(EscapeVelocity) Escape Velocity [m/sec]: 1.354556e+04 
----- ATMESC PARAMETERS (b)------
(SurfWaterMass) Surface water mass [kg]: 0.000000 
(EnvelopeMass) Envelope mass [kg]: 0.000000 
(OxygenMass) Oxygen mass in the atmosphere [kg]: 0.000000 
(RGLimit) Runaway greenhouse semi-major axis [m]: 1.052724e+10 
(XO) Atomic oxygen mixing ratio in upper atmosphere []: 0.000000 
(EtaO) Oxygen eta parameter (Luger and Barnes 2015) []: 0.000000 
(PlanetRadius) Planet radius [m]: 7.290185e+06 
(OxygenMantleMass) Mass of oxygen in mantle [kg]: 0.000000 
(RadXUV) XUV radius separating hydro. dyn. escape and equilibrium [m]: -1.000000 
(RadSolid) Radius to the solid surface [m]: -1.000000 
(PresXUV) Pressure at base of thermosphere [(null)]: 5.000000 
(ScaleHeight) Scale height in Lehmer & Catling (2016) model [m]: -1.000000 
(ThermTemp) Isothermal atmospheric temperature [K]: 400.000000 
(AtmGasConst) Atmospheric gas constant [(null)]: 4124.000000 
(PresSurf) Surface pressure due to atmosphere [Pa]: -1.000000 
(DEnvMassDt) Envelope Mass Loss Rate [kg/s]: 0.000000 
(FXUV) XUV flux [W/m^2]: 3.768774 
(AtmXAbsEffH2O) XUV atmospheric escape efficiency for H2O []: 0.300000 
(RocheRadius) Roche Lobe Radius [m]: 4.818166e+07 
(BondiRadius) Bondi Radius [m]: 6.104756e+08 
(HEscapeRegime) Integer flag for H envelope escape regime []: 8.000000 
(RRCriticalFlux) Critical XUV Flux that separates RR and energy-limited escape [W/m^2]: 60.781840 
(CrossoverMass) Crossover mass, defines oxygen is escaping if mc > mo [kg]: 0.000000 
(WaterEscapeRegime) What water escape regime the code is currently in []: 8.000000 
(FXUVCRITDRAG) Critical Drag XUV flux [W/m^2]: 0.502178 
(HREFFLUX) The Hydrogen Reference Flux (m^-2 s^-1) [m^-2 s^-1]: 2.394828e+18 
(XO2) Molecular oxygen mixing ratio in atmosphere []: 0.000000 
(XH2O) Water mixing ratio in upper atmosphere []: 0.000000 
(HDiffFlux) The Hydrogen Diffusion Flux (m^-2 s^-1) [m^-2 s^-1]: 2.436737e+17 
(HRefODragMod) Multiply by H ref flux to get flux with drag []: 1.000000 
(KTide) Mass loss enhancement due to stellar gravity []: 0.774773 
(CumulativeXUVFlux) Cumulative XUV flux [W/m^2]: 2.482665e+18 
(RunawayGreenhouseFlux) Incident flux that triggers runaway greenhouse [kg/sec^3]: 1296.222086 
(RGDuration) Runaway Greenhouse Duration [years]: 0.00000e+00

Output Order: Time[year] CumulativeXUVFlux[W/m^2]
Grid Output Order:
