-------- Log file gj1132.log -------

Executable: /home/vplanet/.local/bin/vplanet
Version: Unknown
System Name: gj1132
Primary Input File: vpl.in
Body File #1: star.in
Body File #2: b.in
Allow files to be overwitten: Yes
Mass Units: Grams
Length Units: Meters
Time Units: Seconds
Angle Units: Radians

------- FORMATTING -----
Verbosity Level: 5
Crossover Decade for Scientific Notation: 4
Number of Digits After Decimal: 6
Integration Method: Runge-Kutta4
Direction: Forward
Time Step: 3.155760e+07
Stop Time: 2.197214e+17
Output Interval: 3.155760e+13
Use Variable Timestep: Yes
dEta: 0.010000
Minimum Value of ecc and obl: 1.000000e-10


---- INITIAL SYSTEM PROPERTIES ----
(Age) System Age [sec]: 1.792328e+14 
(Time) Simulation Time [sec]: 0.000000 
(TotAngMom) Total Angular Momentum [kg*m^2/sec]: 1.406793e+42 
(TotEnergy) Total System Energy [kg*m^2/sec^2]: -1.192376e+40 
(PotEnergy) Body's non-orbital Potential Energy [kg*m^2/sec^2]: -1.197477e+40 
(KinEnergy) Body's non-orbital Kinetic Energy [kg*m^2/sec^2]: 5.106696e+37 
(DeltaTime) Average Timestep Over Last Output Interval [sec]: 0.000000 

----- BODY: star ----
Active Modules: FLARE STELLAR
Module Bit Sum: 577
Color: 000000
(Mass) Mass [kg]: 3.834884e+29 
(Radius) Radius [m]: 4.918048e+08 
(RadGyra) Radius of Gyration/Moment of Inertia Constant []: 0.456299 
(RotAngMom) Rotational Angular Momentum [kg*m^2/sec]: 1.404442e+42 
(RotVel) Rotational Velocity [m/sec]: 3.576506e+04 
(BodyType) Type of Body (0 == planet) []: 0.000000 
(RotRate) Rotational Frequency [/sec]: 7.272205e-05 
(RotPer) Rotational Period [sec]: 8.640000e+04 
(Density) Average Density [kg/m^3]: 769.635765 
(HZLimitDryRunaway) Semi-major axis of Dry Runaway HZ Limit [m]: 2.968269e+10 
(HZLimRecVenus) Recent Venus HZ Limit [m]: 2.659292e+10 
(HZLimRunaway) Runaway Greenhouse HZ Limit [m]: 3.507170e+10 
(HZLimMoistGreenhouse) Moist Greenhouse HZ Limit [m]: 3.518681e+10 
(HZLimMaxGreenhouse) Maximum Greenhouse HZ Limit [m]: 6.687739e+10 
(HZLimEarlyMars) Early Mars HZ Limit [m]: 7.293704e+10 
(Instellation) Orbit-averaged INcident STELLar radiATION [kg/sec^3]: -1.000000 
(CriticalSemiMajorAxis) Holman & Wiegert (1999) P-type Critical Semi-major Axis [m]: -1.000000 
(LXUVTot) Total XUV Luminosity [LSUN]: 0.000186 
(LostEnergy) Body's Total Lost Energy [kg*m^2/sec^2]: 5.562685e-309 
(LostAngMom) Lost Angular Momentum due to Magnetic Braking [kg*m^2/sec]: 5.562685e-309 
(EscapeVelocity) Escape Velocity [m/sec]: 3.226242e+05 
----- STELLAR PARAMETERS (star)------
(Luminosity) Luminosity [LSUN]: 0.047788 
(LXUVStellar) Base X-ray/XUV Luminosity [LSUN]: 0.000175 
(Temperature) Effective Temperature [K]: 3208.625508 
(LXUVFrac) Fraction of luminosity in XUV []: 0.003654 
(RossbyNumber) Rossby Number []: 0.016460 
(DRotPerDtStellar) Time Rate of Change of Rotation Period in STELLAR []: -8.751363e-11 
(WindTorque) Stellar Wind Torque []: 3.863156e+27 
----- FLARE PARAMETERS (star)------
(LXUVFlare) XUV Luminosity from flares [LSUN]: 1.110366e-05 
(FlareFreq1) First value of flare frequency range [/sec]: 1.804566e-06 
(FlareFreq2) Second value of flare frequency range [/sec]: 1.450563e-06 
(FlareFreq3) Third value of flare frequency range [/sec]: 1.166006e-06 
(FlareFreq4) Fourth value of flare frequency range [/sec]: 9.372695e-07 
(FlareFreqMin) Frequency of the flares with the lowest energy [/sec]: 1.804566e-06 
(FlareFreqMid) Frequency of the flares with the middle energy in the energy range [/sec]: 2.032412e-07 
(FlareFreqMax) Frequency of the flares with the highest energy [/sec]: 2.289025e-08 
(FlareEnergy1) First value of flare energy range [kg*m^2/sec^2]: 5.334000e+25 
(FlareEnergy2) Second value of flare energy range [kg*m^2/sec^2]: 7.534475e+25 
(FlareEnergy3) Third value of flare energy range [kg*m^2/sec^2]: 1.064273e+26 
(FlareEnergy4) Fourth value of flare energy range [kg*m^2/sec^2]: 1.503325e+26 
(FlareEnergyMin) Minimum flare energy [kg*m^2/sec^2]: 5.334000e+25 
(FlareEnergyMid) Middle flare energy in the range of energy values [kg*m^2/sec^2]: 1.686759e+27 
(FlareEnergyMax) Maximum flare energy [kg*m^2/sec^2]: 5.334000e+28 
(FlareYIntOUT) Instantaneous Davenport FFD y-intercept at current age and mass []: 19.884264 
(FlareSlopeOUT) Instantaneous Davenport FFD slope at current age and mass []: -0.632241 

Output Order: Time[year] Luminosity[LSUN] LXUVStellar[LSUN] LXUVFlare[LSUN] LXUVTot[LSUN]
Grid Output Order:

----- BODY: b ----
Active Modules: AtmEsc
Module Bit Sum: 9
Color: 000000
(Mass) Mass [kg]: 9.603423e+24 
(Radius) Radius [m]: 7.071090e+06 
(RadGyra) Radius of Gyration/Moment of Inertia Constant []: 0.500000 
(BodyType) Type of Body (0 == planet) []: 0.000000 
(Density) Average Density [kg/m^3]: 6484.526902 
(HZLimitDryRunaway) Semi-major axis of Dry Runaway HZ Limit [m]: 2.968384e+10 
(HZLimRecVenus) Recent Venus HZ Limit [m]: 2.659292e+10 
(HZLimRunaway) Runaway Greenhouse HZ Limit [m]: 3.507170e+10 
(HZLimMoistGreenhouse) Moist Greenhouse HZ Limit [m]: 3.518681e+10 
(HZLimMaxGreenhouse) Maximum Greenhouse HZ Limit [m]: 6.687739e+10 
(HZLimEarlyMars) Early Mars HZ Limit [m]: 7.293704e+10 
(Instellation) Orbit-averaged INcident STELLar radiATION [kg/sec^3]: 2.667074e+05 
(MeanMotion) Orbital Mean Motion [/sec]: 4.464383e-05 
(OrbPeriod) Orbital Period [sec]: 1.407403e+05 
(SemiMajorAxis) Semi-major Axis [m]: 2.341791e+09 
(LXUVTot) Total XUV Luminosity [kg/sec^3]: -1.000000 
(EscapeVelocity) Escape Velocity [m/sec]: 1.346440e+04 
----- ATMESC PARAMETERS (b)------
(SurfWaterMass) Surface water mass [kg]: 0.000000 
(EnvelopeMass) Envelope mass [kg]: 0.000000 
(OxygenMass) Oxygen mass in the atmosphere [kg]: 0.000000 
(RGLimit) Runaway greenhouse semi-major axis [m]: 3.363888e+10 
(XO) Atomic oxygen mixing ratio in upper atmosphere []: 0.000000 
(EtaO) Oxygen eta parameter (Luger and Barnes 2015) []: 0.000000 
(PlanetRadius) Planet radius [m]: 7.071090e+06 
(OxygenMantleMass) Mass of oxygen in mantle [kg]: 0.000000 
(RadXUV) XUV radius separating hydro. dyn. escape and equilibrium [m]: -1.000000 
(RadSolid) Radius to the solid surface [m]: -1.000000 
(PresXUV) Pressure at base of thermosphere [(null)]: 5.000000 
(ScaleHeight) Scale height in Lehmer & Catling (2016) model [m]: -1.000000 
(ThermTemp) Isothermal atmospheric temperature [K]: 400.000000 
(AtmGasConst) Atmospheric gas constant [(null)]: 4124.000000 
(PresSurf) Surface pressure due to atmosphere [Pa]: -1.000000 
(DEnvMassDt) Envelope Mass Loss Rate [kg/s]: 0.000000 
(FXUV) XUV flux [W/m^2]: 1036.511599 
(AtmXAbsEffH2O) XUV atmospheric escape efficiency for H2O []: 0.300000 
(RocheRadius) Roche Lobe Radius [m]: 4.750424e+07 
(BondiRadius) Bondi Radius [m]: 3.291979e+08 
(HEscapeRegime) Integer flag for H envelope escape regime []: 8.000000 
(RRCriticalFlux) Critical XUV Flux that separates RR and energy-limited escape [W/m^2]: 61.746441 
(CrossoverMass) Crossover mass, defines oxygen is escaping if mc > mo [kg]: 0.000000 
(WaterEscapeRegime) What water escape regime the code is currently in []: 8.000000 
(FXUVCRITDRAG) Critical Drag XUV flux [W/m^2]: 0.505441 
(HREFFLUX) The Hydrogen Reference Flux (m^-2 s^-1) [m^-2 s^-1]: 6.635221e+20 
(XO2) Molecular oxygen mixing ratio in atmosphere []: 0.000000 
(XH2O) Water mixing ratio in upper atmosphere []: 0.000000 
(HDiffFlux) The Hydrogen Diffusion Flux (m^-2 s^-1) [m^-2 s^-1]: 2.482225e+17 
(HRefODragMod) Multiply by H ref flux to get flux with drag []: 1.000000 
(KTide) Mass loss enhancement due to stellar gravity []: 0.778371 
(CumulativeXUVFlux) Cumulative XUV flux [W/m^2]: 0.000000 
(RunawayGreenhouseFlux) Incident flux that triggers runaway greenhouse [kg/sec^3]: 1292.452935 
(RGDuration) Runaway Greenhouse Duration [years]: 0.00000e+00

Output Order: Time[year] CumulativeXUVFlux[W/m^2]
Grid Output Order:



---- FINAL SYSTEM PROPERTIES ----
(Age) System Age [sec]: 2.199009e+17 
(Time) Simulation Time [sec]: 2.197217e+17 
(TotAngMom) Total Angular Momentum [kg*m^2/sec]: 1.405700e+42 
(TotEnergy) Total System Energy [kg*m^2/sec^2]: -1.193258e+40 
(PotEnergy) Body's non-orbital Potential Energy [kg*m^2/sec^2]: -4.067834e+40 
(KinEnergy) Body's non-orbital Kinetic Energy [kg*m^2/sec^2]: 6.190921e+32 
(DeltaTime) Average Timestep Over Last Output Interval [sec]: 1.127057e+12 

----- BODY: star ----
Active Modules: FLARE STELLAR
Module Bit Sum: 577
Color: 000000
(Mass) Mass [kg]: 3.834884e+29 
(Radius) Radius [m]: 1.447761e+08 
(RadGyra) Radius of Gyration/Moment of Inertia Constant []: 0.460425 
(RotAngMom) Rotational Angular Momentum [kg*m^2/sec]: 1.452529e+39 
(RotVel) Rotational Velocity [m/sec]: 123.412014 
(BodyType) Type of Body (0 == planet) []: 0.000000 
(RotRate) Rotational Frequency [/sec]: 8.524336e-07 
(RotPer) Rotational Period [sec]: 7.370880e+06 
(Density) Average Density [kg/m^3]: 3.016983e+04 
(HZLimitDryRunaway) Semi-major axis of Dry Runaway HZ Limit [m]: 8.935890e+09 
(HZLimRecVenus) Recent Venus HZ Limit [m]: 8.000760e+09 
(HZLimRunaway) Runaway Greenhouse HZ Limit [m]: 1.055472e+10 
(HZLimMoistGreenhouse) Moist Greenhouse HZ Limit [m]: 1.058632e+10 
(HZLimMaxGreenhouse) Maximum Greenhouse HZ Limit [m]: 2.009623e+10 
(HZLimEarlyMars) Early Mars HZ Limit [m]: 2.191715e+10 
(Instellation) Orbit-averaged INcident STELLar radiATION [kg/sec^3]: -1.000000 
(CriticalSemiMajorAxis) Holman & Wiegert (1999) P-type Critical Semi-major Axis [m]: -1.000000 
(LXUVTot) Total XUV Luminosity [LSUN]: 8.569700e-07 
(LostEnergy) Body's Total Lost Energy [kg*m^2/sec^2]: 2.874581e+40 
(LostAngMom) Lost Angular Momentum due to Magnetic Braking [kg*m^2/sec]: 1.401896e+42 
(EscapeVelocity) Escape Velocity [m/sec]: 5.946273e+05 
----- STELLAR PARAMETERS (star)------
(Luminosity) Luminosity [LSUN]: 0.004331 
(LXUVStellar) Base X-ray/XUV Luminosity [LSUN]: 5.026795e-07 
(Temperature) Effective Temperature [K]: 3240.627822 
(LXUVFrac) Fraction of luminosity in XUV []: 0.000116 
(RossbyNumber) Rossby Number []: 1.427399 
(DRotPerDtStellar) Time Rate of Change of Rotation Period in STELLAR []: 3.002320e-11 
(WindTorque) Stellar Wind Torque []: 3.204659e+21 
----- FLARE PARAMETERS (star)------
(LXUVFlare) XUV Luminosity from flares [LSUN]: 3.542903e-07 
(FlareFreq1) First value of flare frequency range [/sec]: 5.679561e-07 
(FlareFreq2) Second value of flare frequency range [/sec]: 3.895715e-07 
(FlareFreq3) Third value of flare frequency range [/sec]: 2.672142e-07 
(FlareFreq4) Fourth value of flare frequency range [/sec]: 1.832871e-07 
(FlareFreqMin) Frequency of the flares with the lowest energy [/sec]: 5.679561e-07 
(FlareFreqMid) Frequency of the flares with the middle energy in the energy range [/sec]: 1.309299e-08 
(FlareFreqMax) Frequency of the flares with the highest energy [/sec]: 3.018303e-10 
(FlareEnergy1) First value of flare energy range [kg*m^2/sec^2]: 5.334000e+25 
(FlareEnergy2) Second value of flare energy range [kg*m^2/sec^2]: 7.534475e+25 
(FlareEnergy3) Third value of flare energy range [kg*m^2/sec^2]: 1.064273e+26 
(FlareEnergy4) Fourth value of flare energy range [kg*m^2/sec^2]: 1.503325e+26 
(FlareEnergyMin) Minimum flare energy [kg*m^2/sec^2]: 5.334000e+25 
(FlareEnergyMid) Middle flare energy in the range of energy values [kg*m^2/sec^2]: 1.686759e+27 
(FlareEnergyMax) Maximum flare energy [kg*m^2/sec^2]: 5.334000e+28 
(FlareYIntOUT) Instantaneous Davenport FFD y-intercept at current age and mass []: 34.412973 
(FlareSlopeOUT) Instantaneous Davenport FFD slope at current age and mass []: -1.091517 

Output Order: Time[year] Luminosity[LSUN] LXUVStellar[LSUN] LXUVFlare[LSUN] LXUVTot[LSUN]
Grid Output Order:

----- BODY: b ----
Active Modules: AtmEsc
Module Bit Sum: 9
Color: 000000
(Mass) Mass [kg]: 9.603423e+24 
(Radius) Radius [m]: 7.071090e+06 
(RadGyra) Radius of Gyration/Moment of Inertia Constant []: 0.500000 
(BodyType) Type of Body (0 == planet) []: 0.000000 
(Density) Average Density [kg/m^3]: 6484.526902 
(HZLimitDryRunaway) Semi-major axis of Dry Runaway HZ Limit [m]: 8.936238e+09 
(HZLimRecVenus) Recent Venus HZ Limit [m]: 8.000760e+09 
(HZLimRunaway) Runaway Greenhouse HZ Limit [m]: 1.055472e+10 
(HZLimMoistGreenhouse) Moist Greenhouse HZ Limit [m]: 1.058632e+10 
(HZLimMaxGreenhouse) Maximum Greenhouse HZ Limit [m]: 2.009623e+10 
(HZLimEarlyMars) Early Mars HZ Limit [m]: 2.191715e+10 
(Instellation) Orbit-averaged INcident STELLar radiATION [kg/sec^3]: 2.417154e+04 
(MeanMotion) Orbital Mean Motion [/sec]: 4.464383e-05 
(OrbPeriod) Orbital Period [sec]: 1.407403e+05 
(SemiMajorAxis) Semi-major Axis [m]: 2.341791e+09 
(LXUVTot) Total XUV Luminosity [kg/sec^3]: -1.000000 
(EscapeVelocity) Escape Velocity [m/sec]: 1.346440e+04 
----- ATMESC PARAMETERS (b)------
(SurfWaterMass) Surface water mass [kg]: 0.000000 
(EnvelopeMass) Envelope mass [kg]: 0.000000 
(OxygenMass) Oxygen mass in the atmosphere [kg]: 0.000000 
(RGLimit) Runaway greenhouse semi-major axis [m]: 1.012364e+10 
(XO) Atomic oxygen mixing ratio in upper atmosphere []: 0.000000 
(EtaO) Oxygen eta parameter (Luger and Barnes 2015) []: 0.000000 
(PlanetRadius) Planet radius [m]: 7.071090e+06 
(OxygenMantleMass) Mass of oxygen in mantle [kg]: 0.000000 
(RadXUV) XUV radius separating hydro. dyn. escape and equilibrium [m]: -1.000000 
(RadSolid) Radius to the solid surface [m]: -1.000000 
(PresXUV) Pressure at base of thermosphere [(null)]: 5.000000 
(ScaleHeight) Scale height in Lehmer & Catling (2016) model [m]: -1.000000 
(ThermTemp) Isothermal atmospheric temperature [K]: 400.000000 
(AtmGasConst) Atmospheric gas constant [(null)]: 4124.000000 
(PresSurf) Surface pressure due to atmosphere [Pa]: -1.000000 
(DEnvMassDt) Envelope Mass Loss Rate [kg/s]: 0.000000 
(FXUV) XUV flux [W/m^2]: 4.782837 
(AtmXAbsEffH2O) XUV atmospheric escape efficiency for H2O []: 0.300000 
(RocheRadius) Roche Lobe Radius [m]: 4.750424e+07 
(BondiRadius) Bondi Radius [m]: 6.007515e+08 
(HEscapeRegime) Integer flag for H envelope escape regime []: 8.000000 
(RRCriticalFlux) Critical XUV Flux that separates RR and energy-limited escape [W/m^2]: 61.746441 
(CrossoverMass) Crossover mass, defines oxygen is escaping if mc > mo [kg]: 0.000000 
(WaterEscapeRegime) What water escape regime the code is currently in []: 8.000000 
(FXUVCRITDRAG) Critical Drag XUV flux [W/m^2]: 0.505441 
(HREFFLUX) The Hydrogen Reference Flux (m^-2 s^-1) [m^-2 s^-1]: 3.061729e+18 
(XO2) Molecular oxygen mixing ratio in atmosphere []: 0.000000 
(XH2O) Water mixing ratio in upper atmosphere []: 0.000000 
(HDiffFlux) The Hydrogen Diffusion Flux (m^-2 s^-1) [m^-2 s^-1]: 2.482225e+17 
(HRefODragMod) Multiply by H ref flux to get flux with drag []: 1.000000 
(KTide) Mass loss enhancement due to stellar gravity []: 0.778371 
(CumulativeXUVFlux) Cumulative XUV flux [W/m^2]: 4.739022e+18 
(RunawayGreenhouseFlux) Incident flux that triggers runaway greenhouse [kg/sec^3]: 1293.283326 
(RGDuration) Runaway Greenhouse Duration [years]: 0.00000e+00

Output Order: Time[year] CumulativeXUVFlux[W/m^2]
Grid Output Order:
