-------- Log file gj1132.log -------

Executable: /home/vplanet/.local/bin/vplanet
Version: Unknown
System Name: gj1132
Primary Input File: vpl.in
Body File #1: star.in
Body File #2: b.in
Allow files to be overwitten: Yes
Mass Units: Grams
Length Units: Meters
Time Units: Seconds
Angle Units: Radians

------- FORMATTING -----
Verbosity Level: 5
Crossover Decade for Scientific Notation: 4
Number of Digits After Decimal: 6
Integration Method: Runge-Kutta4
Direction: Forward
Time Step: 3.155760e+07
Stop Time: 2.148275e+17
Output Interval: 3.155760e+13
Use Variable Timestep: Yes
dEta: 0.010000
Minimum Value of ecc and obl: 1.000000e-10


---- INITIAL SYSTEM PROPERTIES ----
(Age) System Age [sec]: 1.361307e+14 
(Time) Simulation Time [sec]: 0.000000 
(TotAngMom) Total Angular Momentum [kg*m^2/sec]: 1.824917e+42 
(TotEnergy) Total System Energy [kg*m^2/sec^2]: -1.113473e+40 
(PotEnergy) Body's non-orbital Potential Energy [kg*m^2/sec^2]: -1.120094e+40 
(KinEnergy) Body's non-orbital Kinetic Energy [kg*m^2/sec^2]: 6.626586e+37 
(DeltaTime) Average Timestep Over Last Output Interval [sec]: 0.000000 

----- BODY: star ----
Active Modules: FLARE STELLAR
Module Bit Sum: 577
Color: 000000
(Mass) Mass [kg]: 3.938099e+29 
(Radius) Radius [m]: 5.544656e+08 
(RadGyra) Radius of Gyration/Moment of Inertia Constant []: 0.454963 
(RotAngMom) Rotational Angular Momentum [kg*m^2/sec]: 1.822442e+42 
(RotVel) Rotational Velocity [m/sec]: 4.032188e+04 
(BodyType) Type of Body (0 == planet) []: 0.000000 
(RotRate) Rotational Frequency [/sec]: 7.272205e-05 
(RotPer) Rotational Period [sec]: 8.640000e+04 
(Density) Average Density [kg/m^3]: 551.536381 
(HZLimitDryRunaway) Semi-major axis of Dry Runaway HZ Limit [m]: 3.326118e+10 
(HZLimRecVenus) Recent Venus HZ Limit [m]: 2.980242e+10 
(HZLimRunaway) Runaway Greenhouse HZ Limit [m]: 3.930235e+10 
(HZLimMoistGreenhouse) Moist Greenhouse HZ Limit [m]: 3.943350e+10 
(HZLimMaxGreenhouse) Maximum Greenhouse HZ Limit [m]: 7.496632e+10 
(HZLimEarlyMars) Early Mars HZ Limit [m]: 8.175886e+10 
(Instellation) Orbit-averaged INcident STELLar radiATION [kg/sec^3]: -1.000000 
(CriticalSemiMajorAxis) Holman & Wiegert (1999) P-type Critical Semi-major Axis [m]: -1.000000 
(LXUVTot) Total XUV Luminosity [LSUN]: 0.002043 
(LostEnergy) Body's Total Lost Energy [kg*m^2/sec^2]: 5.562685e-309 
(LostAngMom) Lost Angular Momentum due to Magnetic Braking [kg*m^2/sec]: 5.562685e-309 
(EscapeVelocity) Escape Velocity [m/sec]: 3.079096e+05 
----- STELLAR PARAMETERS (star)------
(Luminosity) Luminosity [LSUN]: 0.060005 
(LXUVStellar) Base X-ray/XUV Luminosity [LSUN]: 0.002029 
(Temperature) Effective Temperature [K]: 3202.490419 
(LXUVFrac) Fraction of luminosity in XUV []: 0.033822 
(RossbyNumber) Rossby Number []: 0.016408 
(DRotPerDtStellar) Time Rate of Change of Rotation Period in STELLAR []: -1.242980e-10 
(WindTorque) Stellar Wind Torque []: 7.194860e+27 
----- FLARE PARAMETERS (star)------
(LXUVFlare) XUV Luminosity from flares [LSUN]: 1.317244e-05 
(FlareFreq1) First value of flare frequency range [/sec]: 1.899469e-06 
(FlareFreq2) Second value of flare frequency range [/sec]: 1.537855e-06 
(FlareFreq3) Third value of flare frequency range [/sec]: 1.245083e-06 
(FlareFreq4) Fourth value of flare frequency range [/sec]: 1.008048e-06 
(FlareFreqMin) Frequency of the flares with the lowest energy [/sec]: 1.899469e-06 
(FlareFreqMid) Frequency of the flares with the middle energy in the energy range [/sec]: 2.298595e-07 
(FlareFreqMax) Frequency of the flares with the highest energy [/sec]: 2.781587e-08 
(FlareEnergy1) First value of flare energy range [kg*m^2/sec^2]: 5.334000e+25 
(FlareEnergy2) Second value of flare energy range [kg*m^2/sec^2]: 7.534475e+25 
(FlareEnergy3) Third value of flare energy range [kg*m^2/sec^2]: 1.064273e+26 
(FlareEnergy4) Fourth value of flare energy range [kg*m^2/sec^2]: 1.503325e+26 
(FlareEnergyMin) Minimum flare energy [kg*m^2/sec^2]: 5.334000e+25 
(FlareEnergyMid) Middle flare energy in the range of energy values [kg*m^2/sec^2]: 1.686759e+27 
(FlareEnergyMax) Maximum flare energy [kg*m^2/sec^2]: 5.334000e+28 
(FlareYIntOUT) Instantaneous Davenport FFD y-intercept at current age and mass []: 19.225989 
(FlareSlopeOUT) Instantaneous Davenport FFD slope at current age and mass []: -0.611447 

Output Order: Time[year] Luminosity[LSUN] LXUVStellar[LSUN] LXUVFlare[LSUN] LXUVTot[LSUN]
Grid Output Order:

----- BODY: b ----
Active Modules: AtmEsc
Module Bit Sum: 9
Color: 000000
(Mass) Mass [kg]: 9.933500e+24 
(Radius) Radius [m]: 7.297397e+06 
(RadGyra) Radius of Gyration/Moment of Inertia Constant []: 0.500000 
(BodyType) Type of Body (0 == planet) []: 0.000000 
(Density) Average Density [kg/m^3]: 6102.528840 
(HZLimitDryRunaway) Semi-major axis of Dry Runaway HZ Limit [m]: 3.326257e+10 
(HZLimRecVenus) Recent Venus HZ Limit [m]: 2.980242e+10 
(HZLimRunaway) Runaway Greenhouse HZ Limit [m]: 3.930235e+10 
(HZLimMoistGreenhouse) Moist Greenhouse HZ Limit [m]: 3.943350e+10 
(HZLimMaxGreenhouse) Maximum Greenhouse HZ Limit [m]: 7.496632e+10 
(HZLimEarlyMars) Early Mars HZ Limit [m]: 8.175886e+10 
(Instellation) Orbit-averaged INcident STELLar radiATION [kg/sec^3]: 3.290164e+05 
(MeanMotion) Orbital Mean Motion [/sec]: 4.464400e-05 
(OrbPeriod) Orbital Period [sec]: 1.407397e+05 
(SemiMajorAxis) Semi-major Axis [m]: 2.362609e+09 
(LXUVTot) Total XUV Luminosity [kg/sec^3]: -1.000000 
(EscapeVelocity) Escape Velocity [m/sec]: 1.347983e+04 
----- ATMESC PARAMETERS (b)------
(SurfWaterMass) Surface water mass [kg]: 0.000000 
(EnvelopeMass) Envelope mass [kg]: 0.000000 
(OxygenMass) Oxygen mass in the atmosphere [kg]: 0.000000 
(RGLimit) Runaway greenhouse semi-major axis [m]: 3.766716e+10 
(XO) Atomic oxygen mixing ratio in upper atmosphere []: 0.000000 
(EtaO) Oxygen eta parameter (Luger and Barnes 2015) []: 0.000000 
(PlanetRadius) Planet radius [m]: 7.297397e+06 
(OxygenMantleMass) Mass of oxygen in mantle [kg]: 0.000000 
(RadXUV) XUV radius separating hydro. dyn. escape and equilibrium [m]: -1.000000 
(RadSolid) Radius to the solid surface [m]: -1.000000 
(PresXUV) Pressure at base of thermosphere [(null)]: 5.000000 
(ScaleHeight) Scale height in Lehmer & Catling (2016) model [m]: -1.000000 
(ThermTemp) Isothermal atmospheric temperature [K]: 400.000000 
(AtmGasConst) Atmospheric gas constant [(null)]: 4124.000000 
(PresSurf) Surface pressure due to atmosphere [Pa]: -1.000000 
(DEnvMassDt) Envelope Mass Loss Rate [kg/s]: 0.000000 
(FXUV) XUV flux [W/m^2]: 1.120006e+04 
(AtmXAbsEffH2O) XUV atmospheric escape efficiency for H2O []: 0.300000 
(RocheRadius) Roche Lobe Radius [m]: 4.804226e+07 
(BondiRadius) Bondi Radius [m]: 3.198907e+08 
(HEscapeRegime) Integer flag for H envelope escape regime []: 8.000000 
(RRCriticalFlux) Critical XUV Flux that separates RR and energy-limited escape [W/m^2]: 59.419092 
(CrossoverMass) Crossover mass, defines oxygen is escaping if mc > mo [kg]: 0.000000 
(WaterEscapeRegime) What water escape regime the code is currently in []: 8.000000 
(FXUVCRITDRAG) Critical Drag XUV flux [W/m^2]: 0.492015 
(HREFFLUX) The Hydrogen Reference Flux (m^-2 s^-1) [m^-2 s^-1]: 7.194554e+21 
(XO2) Molecular oxygen mixing ratio in atmosphere []: 0.000000 
(XH2O) Water mixing ratio in upper atmosphere []: 0.000000 
(HDiffFlux) The Hydrogen Diffusion Flux (m^-2 s^-1) [m^-2 s^-1]: 2.410762e+17 
(HRefODragMod) Multiply by H ref flux to get flux with drag []: 1.000000 
(KTide) Mass loss enhancement due to stellar gravity []: 0.773909 
(CumulativeXUVFlux) Cumulative XUV flux [W/m^2]: 0.000000 
(RunawayGreenhouseFlux) Incident flux that triggers runaway greenhouse [kg/sec^3]: 1294.312915 
(RGDuration) Runaway Greenhouse Duration [years]: 0.00000e+00

Output Order: Time[year] CumulativeXUVFlux[W/m^2]
Grid Output Order:



---- FINAL SYSTEM PROPERTIES ----
(Age) System Age [sec]: 2.149649e+17 
(Time) Simulation Time [sec]: 2.148287e+17 
(TotAngMom) Total Angular Momentum [kg*m^2/sec]: 1.825397e+42 
(TotEnergy) Total System Energy [kg*m^2/sec^2]: -1.113633e+40 
(PotEnergy) Body's non-orbital Potential Energy [kg*m^2/sec^2]: -4.158450e+40 
(KinEnergy) Body's non-orbital Kinetic Energy [kg*m^2/sec^2]: 6.549801e+32 
(DeltaTime) Average Timestep Over Last Output Interval [sec]: 3.155760e+13 

----- BODY: star ----
Active Modules: FLARE STELLAR
Module Bit Sum: 577
Color: 000000
(Mass) Mass [kg]: 3.938099e+29 
(Radius) Radius [m]: 1.493473e+08 
(RadGyra) Radius of Gyration/Moment of Inertia Constant []: 0.460196 
(RotAngMom) Rotational Angular Momentum [kg*m^2/sec]: 1.561034e+39 
(RotVel) Rotational Velocity [m/sec]: 125.326628 
(BodyType) Type of Body (0 == planet) []: 0.000000 
(RotRate) Rotational Frequency [/sec]: 8.391621e-07 
(RotPer) Rotational Period [sec]: 7.487451e+06 
(Density) Average Density [kg/m^3]: 2.822316e+04 
(HZLimitDryRunaway) Semi-major axis of Dry Runaway HZ Limit [m]: 9.301119e+09 
(HZLimRecVenus) Recent Venus HZ Limit [m]: 8.325230e+09 
(HZLimRunaway) Runaway Greenhouse HZ Limit [m]: 1.098430e+10 
(HZLimMoistGreenhouse) Moist Greenhouse HZ Limit [m]: 1.101565e+10 
(HZLimMaxGreenhouse) Maximum Greenhouse HZ Limit [m]: 2.089881e+10 
(HZLimEarlyMars) Early Mars HZ Limit [m]: 2.279249e+10 
(Instellation) Orbit-averaged INcident STELLar radiATION [kg/sec^3]: -1.000000 
(CriticalSemiMajorAxis) Holman & Wiegert (1999) P-type Critical Semi-major Axis [m]: -1.000000 
(LXUVTot) Total XUV Luminosity [LSUN]: 1.216339e-05 
(LostEnergy) Body's Total Lost Energy [kg*m^2/sec^2]: 3.044823e+40 
(LostAngMom) Lost Angular Momentum due to Magnetic Braking [kg*m^2/sec]: 1.821361e+42 
(EscapeVelocity) Escape Velocity [m/sec]: 5.932828e+05 
----- STELLAR PARAMETERS (star)------
(Luminosity) Luminosity [LSUN]: 0.004692 
(LXUVStellar) Base X-ray/XUV Luminosity [LSUN]: 1.179674e-05 
(Temperature) Effective Temperature [K]: 3256.160859 
(LXUVFrac) Fraction of luminosity in XUV []: 0.002514 
(RossbyNumber) Rossby Number []: 1.461555 
(DRotPerDtStellar) Time Rate of Change of Rotation Period in STELLAR []: 1.470738e-11 
(WindTorque) Stellar Wind Torque []: 3.435753e+21 
----- FLARE PARAMETERS (star)------
(LXUVFlare) XUV Luminosity from flares [LSUN]: 3.666359e-07 
(FlareFreq1) First value of flare frequency range [/sec]: 5.782436e-07 
(FlareFreq2) Second value of flare frequency range [/sec]: 3.971616e-07 
(FlareFreq3) Third value of flare frequency range [/sec]: 2.727869e-07 
(FlareFreq4) Fourth value of flare frequency range [/sec]: 1.873613e-07 
(FlareFreqMin) Frequency of the flares with the lowest energy [/sec]: 5.782436e-07 
(FlareFreqMid) Frequency of the flares with the middle energy in the energy range [/sec]: 1.351059e-08 
(FlareFreqMax) Frequency of the flares with the highest energy [/sec]: 3.156733e-10 
(FlareEnergy1) First value of flare energy range [kg*m^2/sec^2]: 5.334000e+25 
(FlareEnergy2) Second value of flare energy range [kg*m^2/sec^2]: 7.534475e+25 
(FlareEnergy3) Third value of flare energy range [kg*m^2/sec^2]: 1.064273e+26 
(FlareEnergy4) Fourth value of flare energy range [kg*m^2/sec^2]: 1.503325e+26 
(FlareEnergyMin) Minimum flare energy [kg*m^2/sec^2]: 5.334000e+25 
(FlareEnergyMid) Middle flare energy in the range of energy values [kg*m^2/sec^2]: 1.686759e+27 
(FlareEnergyMax) Maximum flare energy [kg*m^2/sec^2]: 5.334000e+28 
(FlareYIntOUT) Instantaneous Davenport FFD y-intercept at current age and mass []: 34.293364 
(FlareSlopeOUT) Instantaneous Davenport FFD slope at current age and mass []: -1.087624 

Output Order: Time[year] Luminosity[LSUN] LXUVStellar[LSUN] LXUVFlare[LSUN] LXUVTot[LSUN]
Grid Output Order:

----- BODY: b ----
Active Modules: AtmEsc
Module Bit Sum: 9
Color: 000000
(Mass) Mass [kg]: 9.933500e+24 
(Radius) Radius [m]: 7.297397e+06 
(RadGyra) Radius of Gyration/Moment of Inertia Constant []: 0.500000 
(BodyType) Type of Body (0 == planet) []: 0.000000 
(Density) Average Density [kg/m^3]: 6102.528840 
(HZLimitDryRunaway) Semi-major axis of Dry Runaway HZ Limit [m]: 9.301509e+09 
(HZLimRecVenus) Recent Venus HZ Limit [m]: 8.325230e+09 
(HZLimRunaway) Runaway Greenhouse HZ Limit [m]: 1.098430e+10 
(HZLimMoistGreenhouse) Moist Greenhouse HZ Limit [m]: 1.101565e+10 
(HZLimMaxGreenhouse) Maximum Greenhouse HZ Limit [m]: 2.089881e+10 
(HZLimEarlyMars) Early Mars HZ Limit [m]: 2.279249e+10 
(Instellation) Orbit-averaged INcident STELLar radiATION [kg/sec^3]: 2.572841e+04 
(MeanMotion) Orbital Mean Motion [/sec]: 4.464400e-05 
(OrbPeriod) Orbital Period [sec]: 1.407397e+05 
(SemiMajorAxis) Semi-major Axis [m]: 2.362609e+09 
(LXUVTot) Total XUV Luminosity [kg/sec^3]: -1.000000 
(EscapeVelocity) Escape Velocity [m/sec]: 1.347983e+04 
----- ATMESC PARAMETERS (b)------
(SurfWaterMass) Surface water mass [kg]: 0.000000 
(EnvelopeMass) Envelope mass [kg]: 0.000000 
(OxygenMass) Oxygen mass in the atmosphere [kg]: 0.000000 
(RGLimit) Runaway greenhouse semi-major axis [m]: 1.052753e+10 
(XO) Atomic oxygen mixing ratio in upper atmosphere []: 0.000000 
(EtaO) Oxygen eta parameter (Luger and Barnes 2015) []: 0.000000 
(PlanetRadius) Planet radius [m]: 7.297397e+06 
(OxygenMantleMass) Mass of oxygen in mantle [kg]: 0.000000 
(RadXUV) XUV radius separating hydro. dyn. escape and equilibrium [m]: -1.000000 
(RadSolid) Radius to the solid surface [m]: -1.000000 
(PresXUV) Pressure at base of thermosphere [(null)]: 5.000000 
(ScaleHeight) Scale height in Lehmer & Catling (2016) model [m]: -1.000000 
(ThermTemp) Isothermal atmospheric temperature [K]: 400.000000 
(AtmGasConst) Atmospheric gas constant [(null)]: 4124.000000 
(PresSurf) Surface pressure due to atmosphere [Pa]: -1.000000 
(DEnvMassDt) Envelope Mass Loss Rate [kg/s]: 0.000000 
(FXUV) XUV flux [W/m^2]: 66.694225 
(AtmXAbsEffH2O) XUV atmospheric escape efficiency for H2O []: 0.300000 
(RocheRadius) Roche Lobe Radius [m]: 4.804226e+07 
(BondiRadius) Bondi Radius [m]: 6.062088e+08 
(HEscapeRegime) Integer flag for H envelope escape regime []: 8.000000 
(RRCriticalFlux) Critical XUV Flux that separates RR and energy-limited escape [W/m^2]: 59.419092 
(CrossoverMass) Crossover mass, defines oxygen is escaping if mc > mo [kg]: 0.000000 
(WaterEscapeRegime) What water escape regime the code is currently in []: 8.000000 
(FXUVCRITDRAG) Critical Drag XUV flux [W/m^2]: 0.492015 
(HREFFLUX) The Hydrogen Reference Flux (m^-2 s^-1) [m^-2 s^-1]: 4.284219e+19 
(XO2) Molecular oxygen mixing ratio in atmosphere []: 0.000000 
(XH2O) Water mixing ratio in upper atmosphere []: 0.000000 
(HDiffFlux) The Hydrogen Diffusion Flux (m^-2 s^-1) [m^-2 s^-1]: 2.410762e+17 
(HRefODragMod) Multiply by H ref flux to get flux with drag []: 1.000000 
(KTide) Mass loss enhancement due to stellar gravity []: 0.773909 
(CumulativeXUVFlux) Cumulative XUV flux [W/m^2]: 7.511070e+19 
(RunawayGreenhouseFlux) Incident flux that triggers runaway greenhouse [kg/sec^3]: 1295.709565 
(RGDuration) Runaway Greenhouse Duration [years]: 0.00000e+00

Output Order: Time[year] CumulativeXUVFlux[W/m^2]
Grid Output Order:
