-------- Log file gj1132.log -------

Executable: /home/vplanet/.local/bin/vplanet
Version: Unknown
System Name: gj1132
Primary Input File: vpl.in
Body File #1: star.in
Body File #2: b.in
Allow files to be overwitten: Yes
Mass Units: Grams
Length Units: Meters
Time Units: Seconds
Angle Units: Radians

------- FORMATTING -----
Verbosity Level: 5
Crossover Decade for Scientific Notation: 4
Number of Digits After Decimal: 6
Integration Method: Runge-Kutta4
Direction: Forward
Time Step: 3.155760e+07
Stop Time: 2.517307e+17
Output Interval: 3.155760e+13
Use Variable Timestep: Yes
dEta: 0.010000
Minimum Value of ecc and obl: 1.000000e-10


---- INITIAL SYSTEM PROPERTIES ----
(Age) System Age [sec]: 1.650685e+14 
(Time) Simulation Time [sec]: 0.000000 
(TotAngMom) Total Angular Momentum [kg*m^2/sec]: 1.568998e+42 
(TotEnergy) Total System Energy [kg*m^2/sec^2]: -1.194227e+40 
(PotEnergy) Body's non-orbital Potential Energy [kg*m^2/sec^2]: -1.199917e+40 
(KinEnergy) Body's non-orbital Kinetic Energy [kg*m^2/sec^2]: 5.696033e+37 
(DeltaTime) Average Timestep Over Last Output Interval [sec]: 0.000000 

----- BODY: star ----
Active Modules: FLARE STELLAR
Module Bit Sum: 577
Color: 000000
(Mass) Mass [kg]: 3.924255e+29 
(Radius) Radius [m]: 5.139475e+08 
(RadGyra) Radius of Gyration/Moment of Inertia Constant []: 0.455867 
(RotAngMom) Rotational Angular Momentum [kg*m^2/sec]: 1.566522e+42 
(RotVel) Rotational Velocity [m/sec]: 3.737532e+04 
(BodyType) Type of Body (0 == planet) []: 0.000000 
(RotRate) Rotational Frequency [/sec]: 7.272205e-05 
(RotPer) Rotational Period [sec]: 8.640000e+04 
(Density) Average Density [kg/m^3]: 690.100403 
(HZLimitDryRunaway) Semi-major axis of Dry Runaway HZ Limit [m]: 3.112699e+10 
(HZLimRecVenus) Recent Venus HZ Limit [m]: 2.788317e+10 
(HZLimRunaway) Runaway Greenhouse HZ Limit [m]: 3.677559e+10 
(HZLimMoistGreenhouse) Moist Greenhouse HZ Limit [m]: 3.689402e+10 
(HZLimMaxGreenhouse) Maximum Greenhouse HZ Limit [m]: 7.010371e+10 
(HZLimEarlyMars) Early Mars HZ Limit [m]: 7.645571e+10 
(Instellation) Orbit-averaged INcident STELLar radiATION [kg/sec^3]: -1.000000 
(CriticalSemiMajorAxis) Holman & Wiegert (1999) P-type Critical Semi-major Axis [m]: -1.000000 
(LXUVTot) Total XUV Luminosity [LSUN]: 1.985453e-05 
(LostEnergy) Body's Total Lost Energy [kg*m^2/sec^2]: 5.562685e-309 
(LostAngMom) Lost Angular Momentum due to Magnetic Braking [kg*m^2/sec]: 5.562685e-309 
(EscapeVelocity) Escape Velocity [m/sec]: 3.192541e+05 
----- STELLAR PARAMETERS (star)------
(Luminosity) Luminosity [LSUN]: 0.052551 
(LXUVStellar) Base X-ray/XUV Luminosity [LSUN]: 1.904943e-05 
(Temperature) Effective Temperature [K]: 3215.542746 
(LXUVFrac) Fraction of luminosity in XUV []: 0.000362 
(RossbyNumber) Rossby Number []: 0.016518 
(DRotPerDtStellar) Time Rate of Change of Rotation Period in STELLAR []: -1.161299e-10 
(WindTorque) Stellar Wind Torque []: 4.811466e+27 
----- FLARE PARAMETERS (star)------
(LXUVFlare) XUV Luminosity from flares [LSUN]: 8.050991e-07 
(FlareFreq1) First value of flare frequency range [/sec]: 3.225678e-05 
(FlareFreq2) Second value of flare frequency range [/sec]: 2.794663e-05 
(FlareFreq3) Third value of flare frequency range [/sec]: 2.421241e-05 
(FlareFreq4) Fourth value of flare frequency range [/sec]: 2.097715e-05 
(FlareFreqMin) Frequency of the flares with the lowest energy [/sec]: 3.225678e-05 
(FlareFreqMid) Frequency of the flares with the middle energy in the energy range [/sec]: 7.686100e-06 
(FlareFreqMax) Frequency of the flares with the highest energy [/sec]: 1.831433e-06 
(FlareEnergy1) First value of flare energy range [kg*m^2/sec^2]: 5.334000e+23 
(FlareEnergy2) Second value of flare energy range [kg*m^2/sec^2]: 6.715108e+23 
(FlareEnergy3) Third value of flare energy range [kg*m^2/sec^2]: 8.453820e+23 
(FlareEnergy4) Fourth value of flare energy range [kg*m^2/sec^2]: 1.064273e+24 
(FlareEnergyMin) Minimum flare energy [kg*m^2/sec^2]: 5.334000e+23 
(FlareEnergyMid) Middle flare energy in the range of energy values [kg*m^2/sec^2]: 5.334000e+24 
(FlareEnergyMax) Maximum flare energy [kg*m^2/sec^2]: 5.334000e+25 
(FlareYIntOUT) Instantaneous Davenport FFD y-intercept at current age and mass []: 19.585476 
(FlareSlopeOUT) Instantaneous Davenport FFD slope at current age and mass []: -0.622915 

Output Order: Time[year] Luminosity[LSUN] LXUVStellar[LSUN] LXUVFlare[LSUN] LXUVTot[LSUN]
Grid Output Order:

----- BODY: b ----
Active Modules: AtmEsc
Module Bit Sum: 9
Color: 000000
(Mass) Mass [kg]: 9.963243e+24 
(Radius) Radius [m]: 7.069868e+06 
(RadGyra) Radius of Gyration/Moment of Inertia Constant []: 0.500000 
(BodyType) Type of Body (0 == planet) []: 0.000000 
(Density) Average Density [kg/m^3]: 6730.977957 
(HZLimitDryRunaway) Semi-major axis of Dry Runaway HZ Limit [m]: 3.112816e+10 
(HZLimRecVenus) Recent Venus HZ Limit [m]: 2.788317e+10 
(HZLimRunaway) Runaway Greenhouse HZ Limit [m]: 3.677559e+10 
(HZLimMoistGreenhouse) Moist Greenhouse HZ Limit [m]: 3.689402e+10 
(HZLimMaxGreenhouse) Maximum Greenhouse HZ Limit [m]: 7.010371e+10 
(HZLimEarlyMars) Early Mars HZ Limit [m]: 7.645571e+10 
(Instellation) Orbit-averaged INcident STELLar radiATION [kg/sec^3]: 2.888170e+05 
(MeanMotion) Orbital Mean Motion [/sec]: 4.464310e-05 
(OrbPeriod) Orbital Period [sec]: 1.407426e+05 
(SemiMajorAxis) Semi-major Axis [m]: 2.359869e+09 
(LXUVTot) Total XUV Luminosity [kg/sec^3]: -1.000000 
(EscapeVelocity) Escape Velocity [m/sec]: 1.371551e+04 
----- ATMESC PARAMETERS (b)------
(SurfWaterMass) Surface water mass [kg]: 0.000000 
(EnvelopeMass) Envelope mass [kg]: 0.000000 
(OxygenMass) Oxygen mass in the atmosphere [kg]: 0.000000 
(RGLimit) Runaway greenhouse semi-major axis [m]: 3.524333e+10 
(XO) Atomic oxygen mixing ratio in upper atmosphere []: 0.000000 
(EtaO) Oxygen eta parameter (Luger and Barnes 2015) []: 0.000000 
(PlanetRadius) Planet radius [m]: 7.069868e+06 
(OxygenMantleMass) Mass of oxygen in mantle [kg]: 0.000000 
(RadXUV) XUV radius separating hydro. dyn. escape and equilibrium [m]: -1.000000 
(RadSolid) Radius to the solid surface [m]: -1.000000 
(PresXUV) Pressure at base of thermosphere [(null)]: 5.000000 
(ScaleHeight) Scale height in Lehmer & Catling (2016) model [m]: -1.000000 
(ThermTemp) Isothermal atmospheric temperature [K]: 400.000000 
(AtmGasConst) Atmospheric gas constant [(null)]: 4124.000000 
(PresSurf) Surface pressure due to atmosphere [Pa]: -1.000000 
(DEnvMassDt) Envelope Mass Loss Rate [kg/s]: 0.000000 
(FXUV) XUV flux [W/m^2]: 109.118747 
(AtmXAbsEffH2O) XUV atmospheric escape efficiency for H2O []: 0.300000 
(RocheRadius) Roche Lobe Radius [m]: 4.809081e+07 
(BondiRadius) Bondi Radius [m]: 3.320959e+08 
(HEscapeRegime) Integer flag for H envelope escape regime []: 8.000000 
(RRCriticalFlux) Critical XUV Flux that separates RR and energy-limited escape [W/m^2]: 66.956898 
(CrossoverMass) Crossover mass, defines oxygen is escaping if mc > mo [kg]: 0.000000 
(WaterEscapeRegime) What water escape regime the code is currently in []: 8.000000 
(FXUVCRITDRAG) Critical Drag XUV flux [W/m^2]: 0.544308 
(HREFFLUX) The Hydrogen Reference Flux (m^-2 s^-1) [m^-2 s^-1]: 6.708516e+19 
(XO2) Molecular oxygen mixing ratio in atmosphere []: 0.000000 
(XH2O) Water mixing ratio in upper atmosphere []: 0.000000 
(HDiffFlux) The Hydrogen Diffusion Flux (m^-2 s^-1) [m^-2 s^-1]: 2.576119e+17 
(HRefODragMod) Multiply by H ref flux to get flux with drag []: 1.000000 
(KTide) Mass loss enhancement due to stellar gravity []: 0.781072 
(CumulativeXUVFlux) Cumulative XUV flux [W/m^2]: 0.000000 
(RunawayGreenhouseFlux) Incident flux that triggers runaway greenhouse [kg/sec^3]: 1294.828222 
(RGDuration) Runaway Greenhouse Duration [years]: 0.00000e+00

Output Order: Time[year] CumulativeXUVFlux[W/m^2]
Grid Output Order:



---- FINAL SYSTEM PROPERTIES ----
(Age) System Age [sec]: 2.519000e+17 
(Time) Simulation Time [sec]: 2.517350e+17 
(TotAngMom) Total Angular Momentum [kg*m^2/sec]: 1.571122e+42 
(TotEnergy) Total System Energy [kg*m^2/sec^2]: -1.194581e+40 
(PotEnergy) Body's non-orbital Potential Energy [kg*m^2/sec^2]: -4.131483e+40 
(KinEnergy) Body's non-orbital Kinetic Energy [kg*m^2/sec^2]: 5.613342e+32 
(DeltaTime) Average Timestep Over Last Output Interval [sec]: 1.577880e+13 

----- BODY: star ----
Active Modules: FLARE STELLAR
Module Bit Sum: 577
Color: 000000
(Mass) Mass [kg]: 3.924255e+29 
(Radius) Radius [m]: 1.492671e+08 
(RadGyra) Radius of Gyration/Moment of Inertia Constant []: 0.460233 
(RotAngMom) Rotational Angular Momentum [kg*m^2/sec]: 1.441936e+39 
(RotVel) Rotational Velocity [m/sec]: 116.216975 
(BodyType) Type of Body (0 == planet) []: 0.000000 
(RotRate) Rotational Frequency [/sec]: 7.785840e-07 
(RotPer) Rotational Period [sec]: 8.070016e+06 
(Density) Average Density [kg/m^3]: 2.816932e+04 
(HZLimitDryRunaway) Semi-major axis of Dry Runaway HZ Limit [m]: 9.264817e+09 
(HZLimRecVenus) Recent Venus HZ Limit [m]: 8.292951e+09 
(HZLimRunaway) Runaway Greenhouse HZ Limit [m]: 1.094158e+10 
(HZLimMoistGreenhouse) Moist Greenhouse HZ Limit [m]: 1.097294e+10 
(HZLimMaxGreenhouse) Maximum Greenhouse HZ Limit [m]: 2.081883e+10 
(HZLimEarlyMars) Early Mars HZ Limit [m]: 2.270526e+10 
(Instellation) Orbit-averaged INcident STELLar radiATION [kg/sec^3]: -1.000000 
(CriticalSemiMajorAxis) Holman & Wiegert (1999) P-type Critical Semi-major Axis [m]: -1.000000 
(LXUVTot) Total XUV Luminosity [LSUN]: 7.699447e-07 
(LostEnergy) Body's Total Lost Energy [kg*m^2/sec^2]: 2.936908e+40 
(LostAngMom) Lost Angular Momentum due to Magnetic Braking [kg*m^2/sec]: 1.567203e+42 
(EscapeVelocity) Escape Velocity [m/sec]: 5.923982e+05 
----- STELLAR PARAMETERS (star)------
(Luminosity) Luminosity [LSUN]: 0.004656 
(LXUVStellar) Base X-ray/XUV Luminosity [LSUN]: 3.887263e-07 
(Temperature) Effective Temperature [K]: 3254.845007 
(LXUVFrac) Fraction of luminosity in XUV []: 8.349520e-05 
(RossbyNumber) Rossby Number []: 1.574211 
(DRotPerDtStellar) Time Rate of Change of Rotation Period in STELLAR []: 1.303704e-11 
(WindTorque) Stellar Wind Torque []: 2.360994e+21 
----- FLARE PARAMETERS (star)------
(LXUVFlare) XUV Luminosity from flares [LSUN]: 3.812148e-07 
(FlareFreq1) First value of flare frequency range [/sec]: 8.556310e-05 
(FlareFreq2) Second value of flare frequency range [/sec]: 6.649969e-05 
(FlareFreq3) Third value of flare frequency range [/sec]: 5.168360e-05 
(FlareFreq4) Fourth value of flare frequency range [/sec]: 4.016852e-05 
(FlareFreqMin) Frequency of the flares with the lowest energy [/sec]: 8.556310e-05 
(FlareFreqMid) Frequency of the flares with the middle energy in the energy range [/sec]: 6.880463e-06 
(FlareFreqMax) Frequency of the flares with the highest energy [/sec]: 5.532850e-07 
(FlareEnergy1) First value of flare energy range [kg*m^2/sec^2]: 5.334000e+23 
(FlareEnergy2) Second value of flare energy range [kg*m^2/sec^2]: 6.715108e+23 
(FlareEnergy3) Third value of flare energy range [kg*m^2/sec^2]: 8.453820e+23 
(FlareEnergy4) Fourth value of flare energy range [kg*m^2/sec^2]: 1.064273e+24 
(FlareEnergyMin) Minimum flare energy [kg*m^2/sec^2]: 5.334000e+23 
(FlareEnergyMid) Middle flare energy in the range of energy values [kg*m^2/sec^2]: 5.334000e+24 
(FlareEnergyMax) Maximum flare energy [kg*m^2/sec^2]: 5.334000e+25 
(FlareYIntOUT) Instantaneous Davenport FFD y-intercept at current age and mass []: 34.504747 
(FlareSlopeOUT) Instantaneous Davenport FFD slope at current age and mass []: -1.094669 

Output Order: Time[year] Luminosity[LSUN] LXUVStellar[LSUN] LXUVFlare[LSUN] LXUVTot[LSUN]
Grid Output Order:

----- BODY: b ----
Active Modules: AtmEsc
Module Bit Sum: 9
Color: 000000
(Mass) Mass [kg]: 9.963243e+24 
(Radius) Radius [m]: 7.069868e+06 
(RadGyra) Radius of Gyration/Moment of Inertia Constant []: 0.500000 
(BodyType) Type of Body (0 == planet) []: 0.000000 
(Density) Average Density [kg/m^3]: 6730.977957 
(HZLimitDryRunaway) Semi-major axis of Dry Runaway HZ Limit [m]: 9.265165e+09 
(HZLimRecVenus) Recent Venus HZ Limit [m]: 8.292951e+09 
(HZLimRunaway) Runaway Greenhouse HZ Limit [m]: 1.094158e+10 
(HZLimMoistGreenhouse) Moist Greenhouse HZ Limit [m]: 1.097294e+10 
(HZLimMaxGreenhouse) Maximum Greenhouse HZ Limit [m]: 2.081883e+10 
(HZLimEarlyMars) Early Mars HZ Limit [m]: 2.270526e+10 
(Instellation) Orbit-averaged INcident STELLar radiATION [kg/sec^3]: 2.558716e+04 
(MeanMotion) Orbital Mean Motion [/sec]: 4.464310e-05 
(OrbPeriod) Orbital Period [sec]: 1.407426e+05 
(SemiMajorAxis) Semi-major Axis [m]: 2.359869e+09 
(LXUVTot) Total XUV Luminosity [kg/sec^3]: -1.000000 
(EscapeVelocity) Escape Velocity [m/sec]: 1.371551e+04 
----- ATMESC PARAMETERS (b)------
(SurfWaterMass) Surface water mass [kg]: 0.000000 
(EnvelopeMass) Envelope mass [kg]: 0.000000 
(OxygenMass) Oxygen mass in the atmosphere [kg]: 0.000000 
(RGLimit) Runaway greenhouse semi-major axis [m]: 1.048588e+10 
(XO) Atomic oxygen mixing ratio in upper atmosphere []: 0.000000 
(EtaO) Oxygen eta parameter (Luger and Barnes 2015) []: 0.000000 
(PlanetRadius) Planet radius [m]: 7.069868e+06 
(OxygenMantleMass) Mass of oxygen in mantle [kg]: 0.000000 
(RadXUV) XUV radius separating hydro. dyn. escape and equilibrium [m]: -1.000000 
(RadSolid) Radius to the solid surface [m]: -1.000000 
(PresXUV) Pressure at base of thermosphere [(null)]: 5.000000 
(ScaleHeight) Scale height in Lehmer & Catling (2016) model [m]: -1.000000 
(ThermTemp) Isothermal atmospheric temperature [K]: 400.000000 
(AtmGasConst) Atmospheric gas constant [(null)]: 4124.000000 
(PresSurf) Surface pressure due to atmosphere [Pa]: -1.000000 
(DEnvMassDt) Envelope Mass Loss Rate [kg/s]: 0.000000 
(FXUV) XUV flux [W/m^2]: 4.231548 
(AtmXAbsEffH2O) XUV atmospheric escape efficiency for H2O []: 0.300000 
(RocheRadius) Roche Lobe Radius [m]: 4.809081e+07 
(BondiRadius) Bondi Radius [m]: 6.087863e+08 
(HEscapeRegime) Integer flag for H envelope escape regime []: 8.000000 
(RRCriticalFlux) Critical XUV Flux that separates RR and energy-limited escape [W/m^2]: 66.956898 
(CrossoverMass) Crossover mass, defines oxygen is escaping if mc > mo [kg]: 0.000000 
(WaterEscapeRegime) What water escape regime the code is currently in []: 8.000000 
(FXUVCRITDRAG) Critical Drag XUV flux [W/m^2]: 0.544308 
(HREFFLUX) The Hydrogen Reference Flux (m^-2 s^-1) [m^-2 s^-1]: 2.601515e+18 
(XO2) Molecular oxygen mixing ratio in atmosphere []: 0.000000 
(XH2O) Water mixing ratio in upper atmosphere []: 0.000000 
(HDiffFlux) The Hydrogen Diffusion Flux (m^-2 s^-1) [m^-2 s^-1]: 2.576119e+17 
(HRefODragMod) Multiply by H ref flux to get flux with drag []: 1.000000 
(KTide) Mass loss enhancement due to stellar gravity []: 0.781072 
(CumulativeXUVFlux) Cumulative XUV flux [W/m^2]: 2.028143e+18 
(RunawayGreenhouseFlux) Incident flux that triggers runaway greenhouse [kg/sec^3]: 1295.853507 
(RGDuration) Runaway Greenhouse Duration [years]: 0.00000e+00

Output Order: Time[year] CumulativeXUVFlux[W/m^2]
Grid Output Order:
