-------- Log file gj1132.log -------

Executable: /home/vplanet/.local/bin/vplanet
Version: Unknown
System Name: gj1132
Primary Input File: vpl.in
Body File #1: star.in
Body File #2: b.in
Allow files to be overwitten: Yes
Mass Units: Grams
Length Units: Meters
Time Units: Seconds
Angle Units: Radians

------- FORMATTING -----
Verbosity Level: 5
Crossover Decade for Scientific Notation: 4
Number of Digits After Decimal: 6
Integration Method: Runge-Kutta4
Direction: Forward
Time Step: 3.155760e+07
Stop Time: 2.178019e+17
Output Interval: 3.155760e+13
Use Variable Timestep: Yes
dEta: 0.010000
Minimum Value of ecc and obl: 1.000000e-10


---- INITIAL SYSTEM PROPERTIES ----
(Age) System Age [sec]: 1.875643e+14 
(Time) Simulation Time [sec]: 0.000000 
(TotAngMom) Total Angular Momentum [kg*m^2/sec]: 1.340293e+42 
(TotEnergy) Total System Energy [kg*m^2/sec^2]: -1.197037e+40 
(PotEnergy) Body's non-orbital Potential Energy [kg*m^2/sec^2]: -1.201896e+40 
(KinEnergy) Body's non-orbital Kinetic Energy [kg*m^2/sec^2]: 4.864574e+37 
(DeltaTime) Average Timestep Over Last Output Interval [sec]: 0.000000 

----- BODY: star ----
Active Modules: FLARE STELLAR
Module Bit Sum: 577
Color: 000000
(Mass) Mass [kg]: 3.802677e+29 
(Radius) Radius [m]: 4.818009e+08 
(RadGyra) Radius of Gyration/Moment of Inertia Constant []: 0.456519 
(RotAngMom) Rotational Angular Momentum [kg*m^2/sec]: 1.337854e+42 
(RotVel) Rotational Velocity [m/sec]: 3.503755e+04 
(BodyType) Type of Body (0 == planet) []: 0.000000 
(RotRate) Rotational Frequency [/sec]: 7.272205e-05 
(RotPer) Rotational Period [sec]: 8.640000e+04 
(Density) Average Density [kg/m^3]: 811.704674 
(HZLimitDryRunaway) Semi-major axis of Dry Runaway HZ Limit [m]: 2.902983e+10 
(HZLimRecVenus) Recent Venus HZ Limit [m]: 2.600879e+10 
(HZLimRunaway) Runaway Greenhouse HZ Limit [m]: 3.430085e+10 
(HZLimMoistGreenhouse) Moist Greenhouse HZ Limit [m]: 3.441390e+10 
(HZLimMaxGreenhouse) Maximum Greenhouse HZ Limit [m]: 6.541219e+10 
(HZLimEarlyMars) Early Mars HZ Limit [m]: 7.133906e+10 
(Instellation) Orbit-averaged INcident STELLar radiATION [kg/sec^3]: -1.000000 
(CriticalSemiMajorAxis) Holman & Wiegert (1999) P-type Critical Semi-major Axis [m]: -1.000000 
(LXUVTot) Total XUV Luminosity [LSUN]: 0.000134 
(LostEnergy) Body's Total Lost Energy [kg*m^2/sec^2]: 5.562685e-309 
(LostAngMom) Lost Angular Momentum due to Magnetic Braking [kg*m^2/sec]: 5.562685e-309 
(EscapeVelocity) Escape Velocity [m/sec]: 3.245848e+05 
----- STELLAR PARAMETERS (star)------
(Luminosity) Luminosity [LSUN]: 0.045709 
(LXUVStellar) Base X-ray/XUV Luminosity [LSUN]: 0.000123 
(Temperature) Effective Temperature [K]: 3207.093530 
(LXUVFrac) Fraction of luminosity in XUV []: 0.002695 
(RossbyNumber) Rossby Number []: 0.016447 
(DRotPerDtStellar) Time Rate of Change of Rotation Period in STELLAR []: -1.332228e-10 
(WindTorque) Stellar Wind Torque []: 3.481633e+27 
----- FLARE PARAMETERS (star)------
(LXUVFlare) XUV Luminosity from flares [LSUN]: 1.073521e-05 
(FlareFreq1) First value of flare frequency range [/sec]: 1.784204e-06 
(FlareFreq2) Second value of flare frequency range [/sec]: 1.432256e-06 
(FlareFreq3) Third value of flare frequency range [/sec]: 1.149733e-06 
(FlareFreq4) Fourth value of flare frequency range [/sec]: 9.229397e-07 
(FlareFreqMin) Frequency of the flares with the lowest energy [/sec]: 1.784204e-06 
(FlareFreqMid) Frequency of the flares with the middle energy in the energy range [/sec]: 1.982473e-07 
(FlareFreqMax) Frequency of the flares with the highest energy [/sec]: 2.202775e-08 
(FlareEnergy1) First value of flare energy range [kg*m^2/sec^2]: 5.334000e+25 
(FlareEnergy2) Second value of flare energy range [kg*m^2/sec^2]: 7.534475e+25 
(FlareEnergy3) Third value of flare energy range [kg*m^2/sec^2]: 1.064273e+26 
(FlareEnergy4) Fourth value of flare energy range [kg*m^2/sec^2]: 1.503325e+26 
(FlareEnergyMin) Minimum flare energy [kg*m^2/sec^2]: 5.334000e+25 
(FlareEnergyMid) Middle flare energy in the range of energy values [kg*m^2/sec^2]: 1.686759e+27 
(FlareEnergyMax) Maximum flare energy [kg*m^2/sec^2]: 5.334000e+28 
(FlareYIntOUT) Instantaneous Davenport FFD y-intercept at current age and mass []: 20.007540 
(FlareSlopeOUT) Instantaneous Davenport FFD slope at current age and mass []: -0.636158 

Output Order: Time[year] Luminosity[LSUN] LXUVStellar[LSUN] LXUVFlare[LSUN] LXUVTot[LSUN]
Grid Output Order:

----- BODY: b ----
Active Modules: AtmEsc
Module Bit Sum: 9
Color: 000000
(Mass) Mass [kg]: 1.001931e+25 
(Radius) Radius [m]: 7.210901e+06 
(RadGyra) Radius of Gyration/Moment of Inertia Constant []: 0.500000 
(BodyType) Type of Body (0 == planet) []: 0.000000 
(Density) Average Density [kg/m^3]: 6379.410087 
(HZLimitDryRunaway) Semi-major axis of Dry Runaway HZ Limit [m]: 2.903045e+10 
(HZLimRecVenus) Recent Venus HZ Limit [m]: 2.600879e+10 
(HZLimRunaway) Runaway Greenhouse HZ Limit [m]: 3.430085e+10 
(HZLimMoistGreenhouse) Moist Greenhouse HZ Limit [m]: 3.441390e+10 
(HZLimMaxGreenhouse) Maximum Greenhouse HZ Limit [m]: 6.541219e+10 
(HZLimEarlyMars) Early Mars HZ Limit [m]: 7.133906e+10 
(Instellation) Orbit-averaged INcident STELLar radiATION [kg/sec^3]: 2.565366e+05 
(MeanMotion) Orbital Mean Motion [/sec]: 4.464367e-05 
(OrbPeriod) Orbital Period [sec]: 1.407408e+05 
(SemiMajorAxis) Semi-major Axis [m]: 2.335224e+09 
(LXUVTot) Total XUV Luminosity [kg/sec^3]: -1.000000 
(EscapeVelocity) Escape Velocity [m/sec]: 1.361888e+04 
----- ATMESC PARAMETERS (b)------
(SurfWaterMass) Surface water mass [kg]: 0.000000 
(EnvelopeMass) Envelope mass [kg]: 0.000000 
(OxygenMass) Oxygen mass in the atmosphere [kg]: 0.000000 
(RGLimit) Runaway greenhouse semi-major axis [m]: 3.286762e+10 
(XO) Atomic oxygen mixing ratio in upper atmosphere []: 0.000000 
(EtaO) Oxygen eta parameter (Luger and Barnes 2015) []: 0.000000 
(PlanetRadius) Planet radius [m]: 7.210901e+06 
(OxygenMantleMass) Mass of oxygen in mantle [kg]: 0.000000 
(RadXUV) XUV radius separating hydro. dyn. escape and equilibrium [m]: -1.000000 
(RadSolid) Radius to the solid surface [m]: -1.000000 
(PresXUV) Pressure at base of thermosphere [(null)]: 5.000000 
(ScaleHeight) Scale height in Lehmer & Catling (2016) model [m]: -1.000000 
(ThermTemp) Isothermal atmospheric temperature [K]: 400.000000 
(AtmGasConst) Atmospheric gas constant [(null)]: 4124.000000 
(PresSurf) Surface pressure due to atmosphere [Pa]: -1.000000 
(DEnvMassDt) Envelope Mass Loss Rate [kg/s]: 0.000000 
(FXUV) XUV flux [W/m^2]: 751.508284 
(AtmXAbsEffH2O) XUV atmospheric escape efficiency for H2O []: 0.300000 
(RocheRadius) Roche Lobe Radius [m]: 4.818045e+07 
(BondiRadius) Bondi Radius [m]: 3.476551e+08 
(HEscapeRegime) Integer flag for H envelope escape regime []: 8.000000 
(RRCriticalFlux) Critical XUV Flux that separates RR and energy-limited escape [W/m^2]: 63.182215 
(CrossoverMass) Crossover mass, defines oxygen is escaping if mc > mo [kg]: 0.000000 
(WaterEscapeRegime) What water escape regime the code is currently in []: 8.000000 
(FXUVCRITDRAG) Critical Drag XUV flux [W/m^2]: 0.518781 
(HREFFLUX) The Hydrogen Reference Flux (m^-2 s^-1) [m^-2 s^-1]: 4.709469e+20 
(XO2) Molecular oxygen mixing ratio in atmosphere []: 0.000000 
(XH2O) Water mixing ratio in upper atmosphere []: 0.000000 
(HDiffFlux) The Hydrogen Diffusion Flux (m^-2 s^-1) [m^-2 s^-1]: 2.490271e+17 
(HRefODragMod) Multiply by H ref flux to get flux with drag []: 1.000000 
(KTide) Mass loss enhancement due to stellar gravity []: 0.777180 
(CumulativeXUVFlux) Cumulative XUV flux [W/m^2]: 0.000000 
(RunawayGreenhouseFlux) Incident flux that triggers runaway greenhouse [kg/sec^3]: 1294.945144 
(RGDuration) Runaway Greenhouse Duration [years]: 0.00000e+00

Output Order: Time[year] CumulativeXUVFlux[W/m^2]
Grid Output Order:



---- FINAL SYSTEM PROPERTIES ----
(Age) System Age [sec]: 2.179905e+17 
(Time) Simulation Time [sec]: 2.178030e+17 
(TotAngMom) Total Angular Momentum [kg*m^2/sec]: 1.341946e+42 
(TotEnergy) Total System Energy [kg*m^2/sec^2]: -1.196723e+40 
(PotEnergy) Body's non-orbital Potential Energy [kg*m^2/sec^2]: -4.037424e+40 
(KinEnergy) Body's non-orbital Kinetic Energy [kg*m^2/sec^2]: 6.187019e+32 
(DeltaTime) Average Timestep Over Last Output Interval [sec]: 1.660926e+12 

----- BODY: star ----
Active Modules: FLARE STELLAR
Module Bit Sum: 577
Color: 000000
(Mass) Mass [kg]: 3.802677e+29 
(Radius) Radius [m]: 1.434268e+08 
(RadGyra) Radius of Gyration/Moment of Inertia Constant []: 0.460486 
(RotAngMom) Rotational Angular Momentum [kg*m^2/sec]: 1.432672e+39 
(RotVel) Rotational Velocity [m/sec]: 123.878178 
(BodyType) Type of Body (0 == planet) []: 0.000000 
(RotRate) Rotational Frequency [/sec]: 8.637034e-07 
(RotPer) Rotational Period [sec]: 7.274702e+06 
(Density) Average Density [kg/m^3]: 3.076878e+04 
(HZLimitDryRunaway) Semi-major axis of Dry Runaway HZ Limit [m]: 8.842400e+09 
(HZLimRecVenus) Recent Venus HZ Limit [m]: 7.917699e+09 
(HZLimRunaway) Runaway Greenhouse HZ Limit [m]: 1.044475e+10 
(HZLimMoistGreenhouse) Moist Greenhouse HZ Limit [m]: 1.047642e+10 
(HZLimMaxGreenhouse) Maximum Greenhouse HZ Limit [m]: 1.989077e+10 
(HZLimEarlyMars) Early Mars HZ Limit [m]: 2.169307e+10 
(Instellation) Orbit-averaged INcident STELLar radiATION [kg/sec^3]: -1.000000 
(CriticalSemiMajorAxis) Holman & Wiegert (1999) P-type Critical Semi-major Axis [m]: -1.000000 
(LXUVTot) Total XUV Luminosity [LSUN]: 7.619242e-07 
(LostEnergy) Body's Total Lost Energy [kg*m^2/sec^2]: 2.840707e+40 
(LostAngMom) Lost Angular Momentum due to Magnetic Braking [kg*m^2/sec]: 1.338074e+42 
(EscapeVelocity) Escape Velocity [m/sec]: 5.949039e+05 
----- STELLAR PARAMETERS (star)------
(Luminosity) Luminosity [LSUN]: 0.004241 
(LXUVStellar) Base X-ray/XUV Luminosity [LSUN]: 4.065262e-07 
(Temperature) Effective Temperature [K]: 3236.449510 
(LXUVFrac) Fraction of luminosity in XUV []: 9.586046e-05 
(RossbyNumber) Rossby Number []: 1.405762 
(DRotPerDtStellar) Time Rate of Change of Rotation Period in STELLAR []: 2.295667e-11 
(WindTorque) Stellar Wind Torque []: 3.273821e+21 
----- FLARE PARAMETERS (star)------
(LXUVFlare) XUV Luminosity from flares [LSUN]: 3.553966e-07 
(FlareFreq1) First value of flare frequency range [/sec]: 5.615827e-07 
(FlareFreq2) Second value of flare frequency range [/sec]: 3.856578e-07 
(FlareFreq3) Third value of flare frequency range [/sec]: 2.648443e-07 
(FlareFreq4) Fourth value of flare frequency range [/sec]: 1.818775e-07 
(FlareFreqMin) Frequency of the flares with the lowest energy [/sec]: 5.615827e-07 
(FlareFreqMid) Frequency of the flares with the middle energy in the energy range [/sec]: 1.310081e-08 
(FlareFreqMax) Frequency of the flares with the highest energy [/sec]: 3.056204e-10 
(FlareEnergy1) First value of flare energy range [kg*m^2/sec^2]: 5.334000e+25 
(FlareEnergy2) Second value of flare energy range [kg*m^2/sec^2]: 7.534475e+25 
(FlareEnergy3) Third value of flare energy range [kg*m^2/sec^2]: 1.064273e+26 
(FlareEnergy4) Fourth value of flare energy range [kg*m^2/sec^2]: 1.503325e+26 
(FlareEnergyMin) Minimum flare energy [kg*m^2/sec^2]: 5.334000e+25 
(FlareEnergyMid) Middle flare energy in the range of energy values [kg*m^2/sec^2]: 1.686759e+27 
(FlareEnergyMax) Maximum flare energy [kg*m^2/sec^2]: 5.334000e+28 
(FlareYIntOUT) Instantaneous Davenport FFD y-intercept at current age and mass []: 34.295486 
(FlareSlopeOUT) Instantaneous Davenport FFD slope at current age and mass []: -1.088077 

Output Order: Time[year] Luminosity[LSUN] LXUVStellar[LSUN] LXUVFlare[LSUN] LXUVTot[LSUN]
Grid Output Order:

----- BODY: b ----
Active Modules: AtmEsc
Module Bit Sum: 9
Color: 000000
(Mass) Mass [kg]: 1.001931e+25 
(Radius) Radius [m]: 7.210901e+06 
(RadGyra) Radius of Gyration/Moment of Inertia Constant []: 0.500000 
(BodyType) Type of Body (0 == planet) []: 0.000000 
(Density) Average Density [kg/m^3]: 6379.410087 
(HZLimitDryRunaway) Semi-major axis of Dry Runaway HZ Limit [m]: 8.842590e+09 
(HZLimRecVenus) Recent Venus HZ Limit [m]: 7.917699e+09 
(HZLimRunaway) Runaway Greenhouse HZ Limit [m]: 1.044475e+10 
(HZLimMoistGreenhouse) Moist Greenhouse HZ Limit [m]: 1.047642e+10 
(HZLimMaxGreenhouse) Maximum Greenhouse HZ Limit [m]: 1.989077e+10 
(HZLimEarlyMars) Early Mars HZ Limit [m]: 2.169307e+10 
(Instellation) Orbit-averaged INcident STELLar radiATION [kg/sec^3]: 2.380130e+04 
(MeanMotion) Orbital Mean Motion [/sec]: 4.464367e-05 
(OrbPeriod) Orbital Period [sec]: 1.407408e+05 
(SemiMajorAxis) Semi-major Axis [m]: 2.335224e+09 
(LXUVTot) Total XUV Luminosity [kg/sec^3]: -1.000000 
(EscapeVelocity) Escape Velocity [m/sec]: 1.361888e+04 
----- ATMESC PARAMETERS (b)------
(SurfWaterMass) Surface water mass [kg]: 0.000000 
(EnvelopeMass) Envelope mass [kg]: 0.000000 
(OxygenMass) Oxygen mass in the atmosphere [kg]: 0.000000 
(RGLimit) Runaway greenhouse semi-major axis [m]: 1.000844e+10 
(XO) Atomic oxygen mixing ratio in upper atmosphere []: 0.000000 
(EtaO) Oxygen eta parameter (Luger and Barnes 2015) []: 0.000000 
(PlanetRadius) Planet radius [m]: 7.210901e+06 
(OxygenMantleMass) Mass of oxygen in mantle [kg]: 0.000000 
(RadXUV) XUV radius separating hydro. dyn. escape and equilibrium [m]: -1.000000 
(RadSolid) Radius to the solid surface [m]: -1.000000 
(PresXUV) Pressure at base of thermosphere [(null)]: 5.000000 
(ScaleHeight) Scale height in Lehmer & Catling (2016) model [m]: -1.000000 
(ThermTemp) Isothermal atmospheric temperature [K]: 400.000000 
(AtmGasConst) Atmospheric gas constant [(null)]: 4124.000000 
(PresSurf) Surface pressure due to atmosphere [Pa]: -1.000000 
(DEnvMassDt) Envelope Mass Loss Rate [kg/s]: 0.000000 
(FXUV) XUV flux [W/m^2]: 4.276254 
(AtmXAbsEffH2O) XUV atmospheric escape efficiency for H2O []: 0.300000 
(RocheRadius) Roche Lobe Radius [m]: 4.818045e+07 
(BondiRadius) Bondi Radius [m]: 6.314080e+08 
(HEscapeRegime) Integer flag for H envelope escape regime []: 8.000000 
(RRCriticalFlux) Critical XUV Flux that separates RR and energy-limited escape [W/m^2]: 63.182215 
(CrossoverMass) Crossover mass, defines oxygen is escaping if mc > mo [kg]: 0.000000 
(WaterEscapeRegime) What water escape regime the code is currently in []: 8.000000 
(FXUVCRITDRAG) Critical Drag XUV flux [W/m^2]: 0.518781 
(HREFFLUX) The Hydrogen Reference Flux (m^-2 s^-1) [m^-2 s^-1]: 2.679796e+18 
(XO2) Molecular oxygen mixing ratio in atmosphere []: 0.000000 
(XH2O) Water mixing ratio in upper atmosphere []: 0.000000 
(HDiffFlux) The Hydrogen Diffusion Flux (m^-2 s^-1) [m^-2 s^-1]: 2.490271e+17 
(HRefODragMod) Multiply by H ref flux to get flux with drag []: 1.000000 
(KTide) Mass loss enhancement due to stellar gravity []: 0.777180 
(CumulativeXUVFlux) Cumulative XUV flux [W/m^2]: 4.156742e+18 
(RunawayGreenhouseFlux) Incident flux that triggers runaway greenhouse [kg/sec^3]: 1295.706496 
(RGDuration) Runaway Greenhouse Duration [years]: 0.00000e+00

Output Order: Time[year] CumulativeXUVFlux[W/m^2]
Grid Output Order:
