-------- Log file gj1132.log -------

Executable: /home/vplanet/.local/bin/vplanet
Version: Unknown
System Name: gj1132
Primary Input File: vpl.in
Body File #1: star.in
Body File #2: b.in
Allow files to be overwitten: Yes
Mass Units: Grams
Length Units: Meters
Time Units: Seconds
Angle Units: Radians

------- FORMATTING -----
Verbosity Level: 5
Crossover Decade for Scientific Notation: 4
Number of Digits After Decimal: 6
Integration Method: Runge-Kutta4
Direction: Forward
Time Step: 3.155760e+07
Stop Time: 2.312816e+17
Output Interval: 3.155760e+13
Use Variable Timestep: Yes
dEta: 0.010000
Minimum Value of ecc and obl: 1.000000e-10


---- INITIAL SYSTEM PROPERTIES ----
(Age) System Age [sec]: 1.233657e+14 
(Time) Simulation Time [sec]: 0.000000 
(TotAngMom) Total Angular Momentum [kg*m^2/sec]: 1.778763e+42 
(TotEnergy) Total System Energy [kg*m^2/sec^2]: -9.880568e+39 
(PotEnergy) Body's non-orbital Potential Energy [kg*m^2/sec^2]: -9.945102e+39 
(KinEnergy) Body's non-orbital Kinetic Energy [kg*m^2/sec^2]: 6.458890e+37 
(DeltaTime) Average Timestep Over Last Output Interval [sec]: 0.000000 

----- BODY: star ----
Active Modules: FLARE STELLAR
Module Bit Sum: 577
Color: 000000
(Mass) Mass [kg]: 3.737544e+29 
(Radius) Radius [m]: 5.624955e+08 
(RadGyra) Radius of Gyration/Moment of Inertia Constant []: 0.454481 
(RotAngMom) Rotational Angular Momentum [kg*m^2/sec]: 1.776322e+42 
(RotVel) Rotational Velocity [m/sec]: 4.090583e+04 
(BodyType) Type of Body (0 == planet) []: 0.000000 
(RotRate) Rotational Frequency [/sec]: 7.272205e-05 
(RotPer) Rotational Period [sec]: 8.640000e+04 
(Density) Average Density [kg/m^3]: 501.349514 
(HZLimitDryRunaway) Semi-major axis of Dry Runaway HZ Limit [m]: 3.310584e+10 
(HZLimRecVenus) Recent Venus HZ Limit [m]: 2.968171e+10 
(HZLimRunaway) Runaway Greenhouse HZ Limit [m]: 3.913180e+10 
(HZLimMoistGreenhouse) Moist Greenhouse HZ Limit [m]: 3.927379e+10 
(HZLimMaxGreenhouse) Maximum Greenhouse HZ Limit [m]: 7.475563e+10 
(HZLimEarlyMars) Early Mars HZ Limit [m]: 8.152893e+10 
(Instellation) Orbit-averaged INcident STELLar radiATION [kg/sec^3]: -1.000000 
(CriticalSemiMajorAxis) Holman & Wiegert (1999) P-type Critical Semi-major Axis [m]: -1.000000 
(LXUVTot) Total XUV Luminosity [LSUN]: 0.000246 
(LostEnergy) Body's Total Lost Energy [kg*m^2/sec^2]: 5.562685e-309 
(LostAngMom) Lost Angular Momentum due to Magnetic Braking [kg*m^2/sec]: 5.562685e-309 
(EscapeVelocity) Escape Velocity [m/sec]: 2.978179e+05 
----- STELLAR PARAMETERS (star)------
(Luminosity) Luminosity [LSUN]: 0.059445 
(LXUVStellar) Base X-ray/XUV Luminosity [LSUN]: 0.000233 
(Temperature) Effective Temperature [K]: 3169.741778 
(LXUVFrac) Fraction of luminosity in XUV []: 0.003918 
(RossbyNumber) Rossby Number []: 0.016135 
(DRotPerDtStellar) Time Rate of Change of Rotation Period in STELLAR []: -1.153460e-10 
(WindTorque) Stellar Wind Torque []: 8.043766e+27 
----- FLARE PARAMETERS (star)------
(LXUVFlare) XUV Luminosity from flares [LSUN]: 1.341741e-05 
(FlareFreq1) First value of flare frequency range [/sec]: 1.888195e-06 
(FlareFreq2) Second value of flare frequency range [/sec]: 1.530953e-06 
(FlareFreq3) Third value of flare frequency range [/sec]: 1.241301e-06 
(FlareFreq4) Fourth value of flare frequency range [/sec]: 1.006450e-06 
(FlareFreqMin) Frequency of the flares with the lowest energy [/sec]: 1.888195e-06 
(FlareFreqMid) Frequency of the flares with the middle energy in the energy range [/sec]: 2.318452e-07 
(FlareFreqMax) Frequency of the flares with the highest energy [/sec]: 2.846750e-08 
(FlareEnergy1) First value of flare energy range [kg*m^2/sec^2]: 5.334000e+25 
(FlareEnergy2) Second value of flare energy range [kg*m^2/sec^2]: 7.534475e+25 
(FlareEnergy3) Third value of flare energy range [kg*m^2/sec^2]: 1.064273e+26 
(FlareEnergy4) Fourth value of flare energy range [kg*m^2/sec^2]: 1.503325e+26 
(FlareEnergyMin) Minimum flare energy [kg*m^2/sec^2]: 5.334000e+25 
(FlareEnergyMid) Middle flare energy in the range of energy values [kg*m^2/sec^2]: 1.686759e+27 
(FlareEnergyMax) Maximum flare energy [kg*m^2/sec^2]: 5.334000e+28 
(FlareYIntOUT) Instantaneous Davenport FFD y-intercept at current age and mass []: 19.085490 
(FlareSlopeOUT) Instantaneous Davenport FFD slope at current age and mass []: -0.607232 

Output Order: Time[year] Luminosity[LSUN] LXUVStellar[LSUN] LXUVFlare[LSUN] LXUVTot[LSUN]
Grid Output Order:

----- BODY: b ----
Active Modules: AtmEsc
Module Bit Sum: 9
Color: 000000
(Mass) Mass [kg]: 1.014123e+25 
(Radius) Radius [m]: 7.365644e+06 
(RadGyra) Radius of Gyration/Moment of Inertia Constant []: 0.500000 
(BodyType) Type of Body (0 == planet) []: 0.000000 
(Density) Average Density [kg/m^3]: 6058.568048 
(HZLimitDryRunaway) Semi-major axis of Dry Runaway HZ Limit [m]: 3.310584e+10 
(HZLimRecVenus) Recent Venus HZ Limit [m]: 2.968171e+10 
(HZLimRunaway) Runaway Greenhouse HZ Limit [m]: 3.913180e+10 
(HZLimMoistGreenhouse) Moist Greenhouse HZ Limit [m]: 3.927379e+10 
(HZLimMaxGreenhouse) Maximum Greenhouse HZ Limit [m]: 7.475563e+10 
(HZLimEarlyMars) Early Mars HZ Limit [m]: 8.152893e+10 
(Instellation) Orbit-averaged INcident STELLar radiATION [kg/sec^3]: 3.374900e+05 
(MeanMotion) Orbital Mean Motion [/sec]: 4.464358e-05 
(OrbPeriod) Orbital Period [sec]: 1.407411e+05 
(SemiMajorAxis) Semi-major Axis [m]: 2.321818e+09 
(LXUVTot) Total XUV Luminosity [kg/sec^3]: -1.000000 
(EscapeVelocity) Escape Velocity [m/sec]: 1.355680e+04 
----- ATMESC PARAMETERS (b)------
(SurfWaterMass) Surface water mass [kg]: 0.000000 
(EnvelopeMass) Envelope mass [kg]: 0.000000 
(OxygenMass) Oxygen mass in the atmosphere [kg]: 0.000000 
(RGLimit) Runaway greenhouse semi-major axis [m]: 3.748629e+10 
(XO) Atomic oxygen mixing ratio in upper atmosphere []: 0.000000 
(EtaO) Oxygen eta parameter (Luger and Barnes 2015) []: 0.000000 
(PlanetRadius) Planet radius [m]: 7.365644e+06 
(OxygenMantleMass) Mass of oxygen in mantle [kg]: 0.000000 
(RadXUV) XUV radius separating hydro. dyn. escape and equilibrium [m]: -1.000000 
(RadSolid) Radius to the solid surface [m]: -1.000000 
(PresXUV) Pressure at base of thermosphere [(null)]: 5.000000 
(ScaleHeight) Scale height in Lehmer & Catling (2016) model [m]: -1.000000 
(ThermTemp) Isothermal atmospheric temperature [K]: 400.000000 
(AtmGasConst) Atmospheric gas constant [(null)]: 4124.000000 
(PresSurf) Surface pressure due to atmosphere [Pa]: -1.000000 
(DEnvMassDt) Envelope Mass Loss Rate [kg/s]: 0.000000 
(FXUV) XUV flux [W/m^2]: 1398.605303 
(AtmXAbsEffH2O) XUV atmospheric escape efficiency for H2O []: 0.300000 
(RocheRadius) Roche Lobe Radius [m]: 4.837518e+07 
(BondiRadius) Bondi Radius [m]: 3.304561e+08 
(HEscapeRegime) Integer flag for H envelope escape regime []: 8.000000 
(RRCriticalFlux) Critical XUV Flux that separates RR and energy-limited escape [W/m^2]: 60.141394 
(CrossoverMass) Crossover mass, defines oxygen is escaping if mc > mo [kg]: 0.000000 
(WaterEscapeRegime) What water escape regime the code is currently in []: 8.000000 
(FXUVCRITDRAG) Critical Drag XUV flux [W/m^2]: 0.498686 
(HREFFLUX) The Hydrogen Reference Flux (m^-2 s^-1) [m^-2 s^-1]: 8.888602e+20 
(XO2) Molecular oxygen mixing ratio in atmosphere []: 0.000000 
(XH2O) Water mixing ratio in upper atmosphere []: 0.000000 
(HDiffFlux) The Hydrogen Diffusion Flux (m^-2 s^-1) [m^-2 s^-1]: 2.415779e+17 
(HRefODragMod) Multiply by H ref flux to get flux with drag []: 1.000000 
(KTide) Mass loss enhancement due to stellar gravity []: 0.773374 
(CumulativeXUVFlux) Cumulative XUV flux [W/m^2]: 0.000000 
(RunawayGreenhouseFlux) Incident flux that triggers runaway greenhouse [kg/sec^3]: 1294.709721 
(RGDuration) Runaway Greenhouse Duration [years]: 0.00000e+00

Output Order: Time[year] CumulativeXUVFlux[W/m^2]
Grid Output Order:



---- FINAL SYSTEM PROPERTIES ----
(Age) System Age [sec]: 2.314090e+17 
(Time) Simulation Time [sec]: 2.312857e+17 
(TotAngMom) Total Angular Momentum [kg*m^2/sec]: 1.780149e+42 
(TotEnergy) Total System Energy [kg*m^2/sec^2]: -9.880496e+39 
(PotEnergy) Body's non-orbital Potential Energy [kg*m^2/sec^2]: -3.939993e+40 
(KinEnergy) Body's non-orbital Kinetic Energy [kg*m^2/sec^2]: 5.694565e+32 
(DeltaTime) Average Timestep Over Last Output Interval [sec]: 1.051920e+13 

----- BODY: star ----
Active Modules: FLARE STELLAR
Module Bit Sum: 577
Color: 000000
(Mass) Mass [kg]: 3.737544e+29 
(Radius) Radius [m]: 1.419819e+08 
(RadGyra) Radius of Gyration/Moment of Inertia Constant []: 0.460597 
(RotAngMom) Rotational Angular Momentum [kg*m^2/sec]: 1.349250e+39 
(RotVel) Rotational Velocity [m/sec]: 119.848034 
(BodyType) Type of Body (0 == planet) []: 0.000000 
(RotRate) Rotational Frequency [/sec]: 8.441080e-07 
(RotPer) Rotational Period [sec]: 7.443580e+06 
(Density) Average Density [kg/m^3]: 3.117447e+04 
(HZLimitDryRunaway) Semi-major axis of Dry Runaway HZ Limit [m]: 8.686875e+09 
(HZLimRecVenus) Recent Venus HZ Limit [m]: 7.779604e+09 
(HZLimRunaway) Runaway Greenhouse HZ Limit [m]: 1.026187e+10 
(HZLimMoistGreenhouse) Moist Greenhouse HZ Limit [m]: 1.029369e+10 
(HZLimMaxGreenhouse) Maximum Greenhouse HZ Limit [m]: 1.954959e+10 
(HZLimEarlyMars) Early Mars HZ Limit [m]: 2.132097e+10 
(Instellation) Orbit-averaged INcident STELLar radiATION [kg/sec^3]: -1.000000 
(CriticalSemiMajorAxis) Holman & Wiegert (1999) P-type Critical Semi-major Axis [m]: -1.000000 
(LXUVTot) Total XUV Luminosity [LSUN]: 8.884408e-07 
(LostEnergy) Body's Total Lost Energy [kg*m^2/sec^2]: 2.951948e+40 
(LostAngMom) Lost Angular Momentum due to Magnetic Braking [kg*m^2/sec]: 1.776359e+42 
(EscapeVelocity) Escape Velocity [m/sec]: 5.927805e+05 
----- STELLAR PARAMETERS (star)------
(Luminosity) Luminosity [LSUN]: 0.004093 
(LXUVStellar) Base X-ray/XUV Luminosity [LSUN]: 5.420551e-07 
(Temperature) Effective Temperature [K]: 3228.753430 
(LXUVFrac) Fraction of luminosity in XUV []: 0.000132 
(RossbyNumber) Rossby Number []: 1.432738 
(DRotPerDtStellar) Time Rate of Change of Rotation Period in STELLAR []: 1.543338e-11 
(WindTorque) Stellar Wind Torque []: 2.797511e+21 
----- FLARE PARAMETERS (star)------
(LXUVFlare) XUV Luminosity from flares [LSUN]: 3.463809e-07 
(FlareFreq1) First value of flare frequency range [/sec]: 5.573619e-07 
(FlareFreq2) Second value of flare frequency range [/sec]: 3.821863e-07 
(FlareFreq3) Third value of flare frequency range [/sec]: 2.620674e-07 
(FlareFreq4) Fourth value of flare frequency range [/sec]: 1.797011e-07 
(FlareFreqMin) Frequency of the flares with the lowest energy [/sec]: 5.573619e-07 
(FlareFreqMid) Frequency of the flares with the middle energy in the energy range [/sec]: 1.280902e-08 
(FlareFreqMax) Frequency of the flares with the highest energy [/sec]: 2.943707e-10 
(FlareEnergy1) First value of flare energy range [kg*m^2/sec^2]: 5.334000e+25 
(FlareEnergy2) Second value of flare energy range [kg*m^2/sec^2]: 7.534475e+25 
(FlareEnergy3) Third value of flare energy range [kg*m^2/sec^2]: 1.064273e+26 
(FlareEnergy4) Fourth value of flare energy range [kg*m^2/sec^2]: 1.503325e+26 
(FlareEnergyMin) Minimum flare energy [kg*m^2/sec^2]: 5.334000e+25 
(FlareEnergyMid) Middle flare energy in the range of energy values [kg*m^2/sec^2]: 1.686759e+27 
(FlareEnergyMax) Maximum flare energy [kg*m^2/sec^2]: 5.334000e+28 
(FlareYIntOUT) Instantaneous Davenport FFD y-intercept at current age and mass []: 34.434150 
(FlareSlopeOUT) Instantaneous Davenport FFD slope at current age and mass []: -1.092414 

Output Order: Time[year] Luminosity[LSUN] LXUVStellar[LSUN] LXUVFlare[LSUN] LXUVTot[LSUN]
Grid Output Order:

----- BODY: b ----
Active Modules: AtmEsc
Module Bit Sum: 9
Color: 000000
(Mass) Mass [kg]: 1.014123e+25 
(Radius) Radius [m]: 7.365644e+06 
(RadGyra) Radius of Gyration/Moment of Inertia Constant []: 0.500000 
(BodyType) Type of Body (0 == planet) []: 0.000000 
(Density) Average Density [kg/m^3]: 6058.568048 
(HZLimitDryRunaway) Semi-major axis of Dry Runaway HZ Limit [m]: 8.686875e+09 
(HZLimRecVenus) Recent Venus HZ Limit [m]: 7.779604e+09 
(HZLimRunaway) Runaway Greenhouse HZ Limit [m]: 1.026187e+10 
(HZLimMoistGreenhouse) Moist Greenhouse HZ Limit [m]: 1.029369e+10 
(HZLimMaxGreenhouse) Maximum Greenhouse HZ Limit [m]: 1.954959e+10 
(HZLimEarlyMars) Early Mars HZ Limit [m]: 2.132097e+10 
(Instellation) Orbit-averaged INcident STELLar radiATION [kg/sec^3]: 2.323694e+04 
(MeanMotion) Orbital Mean Motion [/sec]: 4.464358e-05 
(OrbPeriod) Orbital Period [sec]: 1.407411e+05 
(SemiMajorAxis) Semi-major Axis [m]: 2.321818e+09 
(LXUVTot) Total XUV Luminosity [kg/sec^3]: -1.000000 
(EscapeVelocity) Escape Velocity [m/sec]: 1.355680e+04 
----- ATMESC PARAMETERS (b)------
(SurfWaterMass) Surface water mass [kg]: 0.000000 
(EnvelopeMass) Envelope mass [kg]: 0.000000 
(OxygenMass) Oxygen mass in the atmosphere [kg]: 0.000000 
(RGLimit) Runaway greenhouse semi-major axis [m]: 9.830528e+09 
(XO) Atomic oxygen mixing ratio in upper atmosphere []: 0.000000 
(EtaO) Oxygen eta parameter (Luger and Barnes 2015) []: 0.000000 
(PlanetRadius) Planet radius [m]: 7.365644e+06 
(OxygenMantleMass) Mass of oxygen in mantle [kg]: 0.000000 
(RadXUV) XUV radius separating hydro. dyn. escape and equilibrium [m]: -1.000000 
(RadSolid) Radius to the solid surface [m]: -1.000000 
(PresXUV) Pressure at base of thermosphere [(null)]: 5.000000 
(ScaleHeight) Scale height in Lehmer & Catling (2016) model [m]: -1.000000 
(ThermTemp) Isothermal atmospheric temperature [K]: 400.000000 
(AtmGasConst) Atmospheric gas constant [(null)]: 4124.000000 
(PresSurf) Surface pressure due to atmosphere [Pa]: -1.000000 
(DEnvMassDt) Envelope Mass Loss Rate [kg/s]: 0.000000 
(FXUV) XUV flux [W/m^2]: 5.043959 
(AtmXAbsEffH2O) XUV atmospheric escape efficiency for H2O []: 0.300000 
(RocheRadius) Roche Lobe Radius [m]: 4.837518e+07 
(BondiRadius) Bondi Radius [m]: 6.457224e+08 
(HEscapeRegime) Integer flag for H envelope escape regime []: 8.000000 
(RRCriticalFlux) Critical XUV Flux that separates RR and energy-limited escape [W/m^2]: 60.141394 
(CrossoverMass) Crossover mass, defines oxygen is escaping if mc > mo [kg]: 0.000000 
(WaterEscapeRegime) What water escape regime the code is currently in []: 8.000000 
(FXUVCRITDRAG) Critical Drag XUV flux [W/m^2]: 0.498686 
(HREFFLUX) The Hydrogen Reference Flux (m^-2 s^-1) [m^-2 s^-1]: 3.205603e+18 
(XO2) Molecular oxygen mixing ratio in atmosphere []: 0.000000 
(XH2O) Water mixing ratio in upper atmosphere []: 0.000000 
(HDiffFlux) The Hydrogen Diffusion Flux (m^-2 s^-1) [m^-2 s^-1]: 2.415779e+17 
(HRefODragMod) Multiply by H ref flux to get flux with drag []: 1.000000 
(KTide) Mass loss enhancement due to stellar gravity []: 0.773374 
(CumulativeXUVFlux) Cumulative XUV flux [W/m^2]: 4.842843e+18 
(RunawayGreenhouseFlux) Incident flux that triggers runaway greenhouse [kg/sec^3]: 1296.228418 
(RGDuration) Runaway Greenhouse Duration [years]: 0.00000e+00

Output Order: Time[year] CumulativeXUVFlux[W/m^2]
Grid Output Order:
