-------- Log file gj1132.log -------

Executable: /home/vplanet/.local/bin/vplanet
Version: Unknown
System Name: gj1132
Primary Input File: vpl.in
Body File #1: star.in
Body File #2: b.in
Allow files to be overwitten: Yes
Mass Units: Grams
Length Units: Meters
Time Units: Seconds
Angle Units: Radians

------- FORMATTING -----
Verbosity Level: 5
Crossover Decade for Scientific Notation: 4
Number of Digits After Decimal: 6
Integration Method: Runge-Kutta4
Direction: Forward
Time Step: 3.155760e+07
Stop Time: 2.286500e+17
Output Interval: 3.155760e+13
Use Variable Timestep: Yes
dEta: 0.010000
Minimum Value of ecc and obl: 1.000000e-10


---- INITIAL SYSTEM PROPERTIES ----
(Age) System Age [sec]: 1.547555e+14 
(Time) Simulation Time [sec]: 0.000000 
(TotAngMom) Total Angular Momentum [kg*m^2/sec]: 1.458390e+42 
(TotEnergy) Total System Energy [kg*m^2/sec^2]: -1.045689e+40 
(PotEnergy) Body's non-orbital Potential Energy [kg*m^2/sec^2]: -1.050978e+40 
(KinEnergy) Body's non-orbital Kinetic Energy [kg*m^2/sec^2]: 5.294441e+37 
(DeltaTime) Average Timestep Over Last Output Interval [sec]: 0.000000 

----- BODY: star ----
Active Modules: FLARE STELLAR
Module Bit Sum: 577
Color: 000000
(Mass) Mass [kg]: 3.667951e+29 
(Radius) Radius [m]: 5.126360e+08 
(RadGyra) Radius of Gyration/Moment of Inertia Constant []: 0.455762 
(RotAngMom) Rotational Angular Momentum [kg*m^2/sec]: 1.456076e+42 
(RotVel) Rotational Velocity [m/sec]: 3.727994e+04 
(BodyType) Type of Body (0 == planet) []: 0.000000 
(RotRate) Rotational Frequency [/sec]: 7.272205e-05 
(RotPer) Rotational Period [sec]: 8.640000e+04 
(Density) Average Density [kg/m^3]: 649.991534 
(HZLimitDryRunaway) Semi-major axis of Dry Runaway HZ Limit [m]: 3.041741e+10 
(HZLimRecVenus) Recent Venus HZ Limit [m]: 2.726455e+10 
(HZLimRunaway) Runaway Greenhouse HZ Limit [m]: 3.594924e+10 
(HZLimMoistGreenhouse) Moist Greenhouse HZ Limit [m]: 3.607549e+10 
(HZLimMaxGreenhouse) Maximum Greenhouse HZ Limit [m]: 6.863349e+10 
(HZLimEarlyMars) Early Mars HZ Limit [m]: 7.485214e+10 
(Instellation) Orbit-averaged INcident STELLar radiATION [kg/sec^3]: -1.000000 
(CriticalSemiMajorAxis) Holman & Wiegert (1999) P-type Critical Semi-major Axis [m]: -1.000000 
(LXUVTot) Total XUV Luminosity [LSUN]: 2.727481e-05 
(LostEnergy) Body's Total Lost Energy [kg*m^2/sec^2]: 5.562685e-309 
(LostAngMom) Lost Angular Momentum due to Magnetic Braking [kg*m^2/sec]: 5.562685e-309 
(EscapeVelocity) Escape Velocity [m/sec]: 3.090469e+05 
----- STELLAR PARAMETERS (star)------
(Luminosity) Luminosity [LSUN]: 0.050183 
(LXUVStellar) Base X-ray/XUV Luminosity [LSUN]: 2.647726e-05 
(Temperature) Effective Temperature [K]: 3182.919876 
(LXUVFrac) Fraction of luminosity in XUV []: 0.000528 
(RossbyNumber) Rossby Number []: 0.016244 
(DRotPerDtStellar) Time Rate of Change of Rotation Period in STELLAR []: -1.186917e-10 
(WindTorque) Stellar Wind Torque []: 4.964949e+27 
----- FLARE PARAMETERS (star)------
(LXUVFlare) XUV Luminosity from flares [LSUN]: 7.975467e-07 
(FlareFreq1) First value of flare frequency range [/sec]: 3.210442e-05 
(FlareFreq2) Second value of flare frequency range [/sec]: 2.780714e-05 
(FlareFreq3) Third value of flare frequency range [/sec]: 2.408507e-05 
(FlareFreq4) Fourth value of flare frequency range [/sec]: 2.086121e-05 
(FlareFreqMin) Frequency of the flares with the lowest energy [/sec]: 3.210442e-05 
(FlareFreqMid) Frequency of the flares with the middle energy in the energy range [/sec]: 7.629219e-06 
(FlareFreqMax) Frequency of the flares with the highest energy [/sec]: 1.812990e-06 
(FlareEnergy1) First value of flare energy range [kg*m^2/sec^2]: 5.334000e+23 
(FlareEnergy2) Second value of flare energy range [kg*m^2/sec^2]: 6.715108e+23 
(FlareEnergy3) Third value of flare energy range [kg*m^2/sec^2]: 8.453820e+23 
(FlareEnergy4) Fourth value of flare energy range [kg*m^2/sec^2]: 1.064273e+24 
(FlareEnergyMin) Minimum flare energy [kg*m^2/sec^2]: 5.334000e+23 
(FlareEnergyMid) Middle flare energy in the range of energy values [kg*m^2/sec^2]: 5.334000e+24 
(FlareEnergyMax) Maximum flare energy [kg*m^2/sec^2]: 5.334000e+25 
(FlareYIntOUT) Instantaneous Davenport FFD y-intercept at current age and mass []: 19.619364 
(FlareSlopeOUT) Instantaneous Davenport FFD slope at current age and mass []: -0.624085 

Output Order: Time[year] Luminosity[LSUN] LXUVStellar[LSUN] LXUVFlare[LSUN] LXUVTot[LSUN]
Grid Output Order:

----- BODY: b ----
Active Modules: AtmEsc
Module Bit Sum: 9
Color: 000000
(Mass) Mass [kg]: 9.738018e+24 
(Radius) Radius [m]: 7.134860e+06 
(RadGyra) Radius of Gyration/Moment of Inertia Constant []: 0.500000 
(BodyType) Type of Body (0 == planet) []: 0.000000 
(Density) Average Density [kg/m^3]: 6400.671662 
(HZLimitDryRunaway) Semi-major axis of Dry Runaway HZ Limit [m]: 3.041749e+10 
(HZLimRecVenus) Recent Venus HZ Limit [m]: 2.726455e+10 
(HZLimRunaway) Runaway Greenhouse HZ Limit [m]: 3.594924e+10 
(HZLimMoistGreenhouse) Moist Greenhouse HZ Limit [m]: 3.607549e+10 
(HZLimMaxGreenhouse) Maximum Greenhouse HZ Limit [m]: 6.863349e+10 
(HZLimEarlyMars) Early Mars HZ Limit [m]: 7.485214e+10 
(Instellation) Orbit-averaged INcident STELLar radiATION [kg/sec^3]: 2.884852e+05 
(MeanMotion) Orbital Mean Motion [/sec]: 4.464236e-05 
(OrbPeriod) Orbital Period [sec]: 1.407449e+05 
(SemiMajorAxis) Semi-major Axis [m]: 2.307358e+09 
(LXUVTot) Total XUV Luminosity [kg/sec^3]: -1.000000 
(EscapeVelocity) Escape Velocity [m/sec]: 1.349770e+04 
----- ATMESC PARAMETERS (b)------
(SurfWaterMass) Surface water mass [kg]: 0.000000 
(EnvelopeMass) Envelope mass [kg]: 0.000000 
(OxygenMass) Oxygen mass in the atmosphere [kg]: 0.000000 
(RGLimit) Runaway greenhouse semi-major axis [m]: 3.446987e+10 
(XO) Atomic oxygen mixing ratio in upper atmosphere []: 0.000000 
(EtaO) Oxygen eta parameter (Luger and Barnes 2015) []: 0.000000 
(PlanetRadius) Planet radius [m]: 7.134860e+06 
(OxygenMantleMass) Mass of oxygen in mantle [kg]: 0.000000 
(RadXUV) XUV radius separating hydro. dyn. escape and equilibrium [m]: -1.000000 
(RadSolid) Radius to the solid surface [m]: -1.000000 
(PresXUV) Pressure at base of thermosphere [(null)]: 5.000000 
(ScaleHeight) Scale height in Lehmer & Catling (2016) model [m]: -1.000000 
(ThermTemp) Isothermal atmospheric temperature [K]: 400.000000 
(AtmGasConst) Atmospheric gas constant [(null)]: 4124.000000 
(PresSurf) Surface pressure due to atmosphere [Pa]: -1.000000 
(DEnvMassDt) Envelope Mass Loss Rate [kg/s]: 0.000000 
(FXUV) XUV flux [W/m^2]: 156.794924 
(AtmXAbsEffH2O) XUV atmospheric escape efficiency for H2O []: 0.300000 
(RocheRadius) Roche Lobe Radius [m]: 4.772621e+07 
(BondiRadius) Bondi Radius [m]: 3.320498e+08 
(HEscapeRegime) Integer flag for H envelope escape regime []: 8.000000 
(RRCriticalFlux) Critical XUV Flux that separates RR and energy-limited escape [W/m^2]: 61.652300 
(CrossoverMass) Crossover mass, defines oxygen is escaping if mc > mo [kg]: 0.000000 
(WaterEscapeRegime) What water escape regime the code is currently in []: 8.000000 
(FXUVCRITDRAG) Critical Drag XUV flux [W/m^2]: 0.505897 
(HREFFLUX) The Hydrogen Reference Flux (m^-2 s^-1) [m^-2 s^-1]: 9.999885e+19 
(XO2) Molecular oxygen mixing ratio in atmosphere []: 0.000000 
(XH2O) Water mixing ratio in upper atmosphere []: 0.000000 
(HDiffFlux) The Hydrogen Diffusion Flux (m^-2 s^-1) [m^-2 s^-1]: 2.472222e+17 
(HRefODragMod) Multiply by H ref flux to get flux with drag []: 1.000000 
(KTide) Mass loss enhancement due to stellar gravity []: 0.777427 
(CumulativeXUVFlux) Cumulative XUV flux [W/m^2]: 0.000000 
(RunawayGreenhouseFlux) Incident flux that triggers runaway greenhouse [kg/sec^3]: 1292.624035 
(RGDuration) Runaway Greenhouse Duration [years]: 0.00000e+00

Output Order: Time[year] CumulativeXUVFlux[W/m^2]
Grid Output Order:



---- FINAL SYSTEM PROPERTIES ----
(Age) System Age [sec]: 2.288211e+17 
(Time) Simulation Time [sec]: 2.286664e+17 
(TotAngMom) Total Angular Momentum [kg*m^2/sec]: 1.457393e+42 
(TotEnergy) Total System Energy [kg*m^2/sec^2]: -1.046550e+40 
(PotEnergy) Body's non-orbital Potential Energy [kg*m^2/sec^2]: -3.841498e+40 
(KinEnergy) Body's non-orbital Kinetic Energy [kg*m^2/sec^2]: 5.542654e+32 
(DeltaTime) Average Timestep Over Last Output Interval [sec]: 1.577880e+13 

----- BODY: star ----
Active Modules: FLARE STELLAR
Module Bit Sum: 577
Color: 000000
(Mass) Mass [kg]: 3.667951e+29 
(Radius) Radius [m]: 1.402497e+08 
(RadGyra) Radius of Gyration/Moment of Inertia Constant []: 0.460703 
(RotAngMom) Rotational Angular Momentum [kg*m^2/sec]: 1.302893e+39 
(RotVel) Rotational Velocity [m/sec]: 119.327653 
(BodyType) Type of Body (0 == planet) []: 0.000000 
(RotRate) Rotational Frequency [/sec]: 8.508227e-07 
(RotPer) Rotational Period [sec]: 7.384835e+06 
(Density) Average Density [kg/m^3]: 3.174160e+04 
(HZLimitDryRunaway) Semi-major axis of Dry Runaway HZ Limit [m]: 8.534954e+09 
(HZLimRecVenus) Recent Venus HZ Limit [m]: 7.644642e+09 
(HZLimRunaway) Runaway Greenhouse HZ Limit [m]: 1.008318e+10 
(HZLimMoistGreenhouse) Moist Greenhouse HZ Limit [m]: 1.011512e+10 
(HZLimMaxGreenhouse) Maximum Greenhouse HZ Limit [m]: 1.921584e+10 
(HZLimEarlyMars) Early Mars HZ Limit [m]: 2.095697e+10 
(Instellation) Orbit-averaged INcident STELLar radiATION [kg/sec^3]: -1.000000 
(CriticalSemiMajorAxis) Holman & Wiegert (1999) P-type Critical Semi-major Axis [m]: -1.000000 
(LXUVTot) Total XUV Luminosity [LSUN]: 5.583471e-07 
(LostEnergy) Body's Total Lost Energy [kg*m^2/sec^2]: 2.794954e+40 
(LostAngMom) Lost Angular Momentum due to Magnetic Braking [kg*m^2/sec]: 1.453776e+42 
(EscapeVelocity) Escape Velocity [m/sec]: 5.908510e+05 
----- STELLAR PARAMETERS (star)------
(Luminosity) Luminosity [LSUN]: 0.003951 
(LXUVStellar) Base X-ray/XUV Luminosity [LSUN]: 1.761274e-07 
(Temperature) Effective Temperature [K]: 3221.380286 
(LXUVFrac) Fraction of luminosity in XUV []: 4.457752e-05 
(RossbyNumber) Rossby Number []: 1.416073 
(DRotPerDtStellar) Time Rate of Change of Rotation Period in STELLAR []: 1.531307e-11 
(WindTorque) Stellar Wind Torque []: 2.760499e+21 
----- FLARE PARAMETERS (star)------
(LXUVFlare) XUV Luminosity from flares [LSUN]: 3.822157e-07 
(FlareFreq1) First value of flare frequency range [/sec]: 8.602806e-05 
(FlareFreq2) Second value of flare frequency range [/sec]: 6.684793e-05 
(FlareFreq3) Third value of flare frequency range [/sec]: 5.194405e-05 
(FlareFreq4) Fourth value of flare frequency range [/sec]: 4.036301e-05 
(FlareFreqMin) Frequency of the flares with the lowest energy [/sec]: 8.602806e-05 
(FlareFreqMid) Frequency of the flares with the middle energy in the energy range [/sec]: 6.904278e-06 
(FlareFreqMax) Frequency of the flares with the highest energy [/sec]: 5.541106e-07 
(FlareEnergy1) First value of flare energy range [kg*m^2/sec^2]: 5.334000e+23 
(FlareEnergy2) Second value of flare energy range [kg*m^2/sec^2]: 6.715108e+23 
(FlareEnergy3) Third value of flare energy range [kg*m^2/sec^2]: 8.453820e+23 
(FlareEnergy4) Fourth value of flare energy range [kg*m^2/sec^2]: 1.064273e+24 
(FlareEnergyMin) Minimum flare energy [kg*m^2/sec^2]: 5.334000e+23 
(FlareEnergyMid) Middle flare energy in the range of energy values [kg*m^2/sec^2]: 5.334000e+24 
(FlareEnergyMax) Maximum flare energy [kg*m^2/sec^2]: 5.334000e+25 
(FlareYIntOUT) Instantaneous Davenport FFD y-intercept at current age and mass []: 34.533312 
(FlareSlopeOUT) Instantaneous Davenport FFD slope at current age and mass []: -1.095522 

Output Order: Time[year] Luminosity[LSUN] LXUVStellar[LSUN] LXUVFlare[LSUN] LXUVTot[LSUN]
Grid Output Order:

----- BODY: b ----
Active Modules: AtmEsc
Module Bit Sum: 9
Color: 000000
(Mass) Mass [kg]: 9.738018e+24 
(Radius) Radius [m]: 7.134860e+06 
(RadGyra) Radius of Gyration/Moment of Inertia Constant []: 0.500000 
(BodyType) Type of Body (0 == planet) []: 0.000000 
(Density) Average Density [kg/m^3]: 6400.671662 
(HZLimitDryRunaway) Semi-major axis of Dry Runaway HZ Limit [m]: 8.534975e+09 
(HZLimRecVenus) Recent Venus HZ Limit [m]: 7.644642e+09 
(HZLimRunaway) Runaway Greenhouse HZ Limit [m]: 1.008318e+10 
(HZLimMoistGreenhouse) Moist Greenhouse HZ Limit [m]: 1.011512e+10 
(HZLimMaxGreenhouse) Maximum Greenhouse HZ Limit [m]: 1.921584e+10 
(HZLimEarlyMars) Early Mars HZ Limit [m]: 2.095697e+10 
(Instellation) Orbit-averaged INcident STELLar radiATION [kg/sec^3]: 2.271336e+04 
(MeanMotion) Orbital Mean Motion [/sec]: 4.464236e-05 
(OrbPeriod) Orbital Period [sec]: 1.407449e+05 
(SemiMajorAxis) Semi-major Axis [m]: 2.307358e+09 
(LXUVTot) Total XUV Luminosity [kg/sec^3]: -1.000000 
(EscapeVelocity) Escape Velocity [m/sec]: 1.349770e+04 
----- ATMESC PARAMETERS (b)------
(SurfWaterMass) Surface water mass [kg]: 0.000000 
(EnvelopeMass) Envelope mass [kg]: 0.000000 
(OxygenMass) Oxygen mass in the atmosphere [kg]: 0.000000 
(RGLimit) Runaway greenhouse semi-major axis [m]: 9.668351e+09 
(XO) Atomic oxygen mixing ratio in upper atmosphere []: 0.000000 
(EtaO) Oxygen eta parameter (Luger and Barnes 2015) []: 0.000000 
(PlanetRadius) Planet radius [m]: 7.134860e+06 
(OxygenMantleMass) Mass of oxygen in mantle [kg]: 0.000000 
(RadXUV) XUV radius separating hydro. dyn. escape and equilibrium [m]: -1.000000 
(RadSolid) Radius to the solid surface [m]: -1.000000 
(PresXUV) Pressure at base of thermosphere [(null)]: 5.000000 
(ScaleHeight) Scale height in Lehmer & Catling (2016) model [m]: -1.000000 
(ThermTemp) Isothermal atmospheric temperature [K]: 400.000000 
(AtmGasConst) Atmospheric gas constant [(null)]: 4124.000000 
(PresSurf) Surface pressure due to atmosphere [Pa]: -1.000000 
(DEnvMassDt) Envelope Mass Loss Rate [kg/s]: 0.000000 
(FXUV) XUV flux [W/m^2]: 3.209775 
(AtmXAbsEffH2O) XUV atmospheric escape efficiency for H2O []: 0.300000 
(RocheRadius) Roche Lobe Radius [m]: 4.772621e+07 
(BondiRadius) Bondi Radius [m]: 6.272497e+08 
(HEscapeRegime) Integer flag for H envelope escape regime []: 8.000000 
(RRCriticalFlux) Critical XUV Flux that separates RR and energy-limited escape [W/m^2]: 61.652300 
(CrossoverMass) Crossover mass, defines oxygen is escaping if mc > mo [kg]: 0.000000 
(WaterEscapeRegime) What water escape regime the code is currently in []: 8.000000 
(FXUVCRITDRAG) Critical Drag XUV flux [W/m^2]: 0.505897 
(HREFFLUX) The Hydrogen Reference Flux (m^-2 s^-1) [m^-2 s^-1]: 2.047093e+18 
(XO2) Molecular oxygen mixing ratio in atmosphere []: 0.000000 
(XH2O) Water mixing ratio in upper atmosphere []: 0.000000 
(HDiffFlux) The Hydrogen Diffusion Flux (m^-2 s^-1) [m^-2 s^-1]: 2.472222e+17 
(HRefODragMod) Multiply by H ref flux to get flux with drag []: 1.000000 
(KTide) Mass loss enhancement due to stellar gravity []: 0.777427 
(CumulativeXUVFlux) Cumulative XUV flux [W/m^2]: 1.521941e+18 
(RunawayGreenhouseFlux) Incident flux that triggers runaway greenhouse [kg/sec^3]: 1293.613795 
(RGDuration) Runaway Greenhouse Duration [years]: 0.00000e+00

Output Order: Time[year] CumulativeXUVFlux[W/m^2]
Grid Output Order:
