-------- Log file gj1132.log -------

Executable: /home/vplanet/.local/bin/vplanet
Version: Unknown
System Name: gj1132
Primary Input File: vpl.in
Body File #1: star.in
Body File #2: b.in
Allow files to be overwitten: Yes
Mass Units: Grams
Length Units: Meters
Time Units: Seconds
Angle Units: Radians

------- FORMATTING -----
Verbosity Level: 5
Crossover Decade for Scientific Notation: 4
Number of Digits After Decimal: 6
Integration Method: Runge-Kutta4
Direction: Forward
Time Step: 3.155760e+07
Stop Time: 2.610699e+17
Output Interval: 3.155760e+13
Use Variable Timestep: Yes
dEta: 0.010000
Minimum Value of ecc and obl: 1.000000e-10


---- INITIAL SYSTEM PROPERTIES ----
(Age) System Age [sec]: 1.593629e+14 
(Time) Simulation Time [sec]: 0.000000 
(TotAngMom) Total Angular Momentum [kg*m^2/sec]: 1.548269e+42 
(TotEnergy) Total System Energy [kg*m^2/sec^2]: -1.145802e+40 
(PotEnergy) Body's non-orbital Potential Energy [kg*m^2/sec^2]: -1.151417e+40 
(KinEnergy) Body's non-orbital Kinetic Energy [kg*m^2/sec^2]: 5.620815e+37 
(DeltaTime) Average Timestep Over Last Output Interval [sec]: 0.000000 

----- BODY: star ----
Active Modules: FLARE STELLAR
Module Bit Sum: 577
Color: 000000
(Mass) Mass [kg]: 3.849894e+29 
(Radius) Radius [m]: 5.154901e+08 
(RadGyra) Radius of Gyration/Moment of Inertia Constant []: 0.455831 
(RotAngMom) Rotational Angular Momentum [kg*m^2/sec]: 1.545835e+42 
(RotVel) Rotational Velocity [m/sec]: 3.748750e+04 
(BodyType) Type of Body (0 == planet) []: 0.000000 
(RotRate) Rotational Frequency [/sec]: 7.272205e-05 
(RotPer) Rotational Period [sec]: 8.640000e+04 
(Density) Average Density [kg/m^3]: 670.963769 
(HZLimitDryRunaway) Semi-major axis of Dry Runaway HZ Limit [m]: 3.095360e+10 
(HZLimRecVenus) Recent Venus HZ Limit [m]: 2.773487e+10 
(HZLimRunaway) Runaway Greenhouse HZ Limit [m]: 3.657570e+10 
(HZLimMoistGreenhouse) Moist Greenhouse HZ Limit [m]: 3.669779e+10 
(HZLimMaxGreenhouse) Maximum Greenhouse HZ Limit [m]: 6.976581e+10 
(HZLimEarlyMars) Early Mars HZ Limit [m]: 7.608714e+10 
(Instellation) Orbit-averaged INcident STELLar radiATION [kg/sec^3]: -1.000000 
(CriticalSemiMajorAxis) Holman & Wiegert (1999) P-type Critical Semi-major Axis [m]: -1.000000 
(LXUVTot) Total XUV Luminosity [LSUN]: 3.650305e-05 
(LostEnergy) Body's Total Lost Energy [kg*m^2/sec^2]: 5.562685e-309 
(LostAngMom) Lost Angular Momentum due to Magnetic Braking [kg*m^2/sec]: 5.562685e-309 
(EscapeVelocity) Escape Velocity [m/sec]: 3.157413e+05 
----- STELLAR PARAMETERS (star)------
(Luminosity) Luminosity [LSUN]: 0.051967 
(LXUVStellar) Base X-ray/XUV Luminosity [LSUN]: 2.456723e-05 
(Temperature) Effective Temperature [K]: 3202.378482 
(LXUVFrac) Fraction of luminosity in XUV []: 0.000473 
(RossbyNumber) Rossby Number []: 0.016407 
(DRotPerDtStellar) Time Rate of Change of Rotation Period in STELLAR []: -1.468499e-10 
(WindTorque) Stellar Wind Torque []: 4.951744e+27 
----- FLARE PARAMETERS (star)------
(LXUVFlare) XUV Luminosity from flares [LSUN]: 1.193581e-05 
(FlareFreq1) First value of flare frequency range [/sec]: 1.829426e-06 
(FlareFreq2) Second value of flare frequency range [/sec]: 1.475742e-06 
(FlareFreq3) Third value of flare frequency range [/sec]: 1.190436e-06 
(FlareFreq4) Fourth value of flare frequency range [/sec]: 9.602886e-07 
(FlareFreqMin) Frequency of the flares with the lowest energy [/sec]: 1.829426e-06 
(FlareFreqMid) Frequency of the flares with the middle energy in the energy range [/sec]: 2.134379e-07 
(FlareFreqMax) Frequency of the flares with the highest energy [/sec]: 2.490167e-08 
(FlareEnergy1) First value of flare energy range [kg*m^2/sec^2]: 5.334000e+25 
(FlareEnergy2) Second value of flare energy range [kg*m^2/sec^2]: 7.534475e+25 
(FlareEnergy3) Third value of flare energy range [kg*m^2/sec^2]: 1.064273e+26 
(FlareEnergy4) Fourth value of flare energy range [kg*m^2/sec^2]: 1.503325e+26 
(FlareEnergyMin) Minimum flare energy [kg*m^2/sec^2]: 5.334000e+25 
(FlareEnergyMid) Middle flare energy in the range of energy values [kg*m^2/sec^2]: 1.686759e+27 
(FlareEnergyMax) Maximum flare energy [kg*m^2/sec^2]: 5.334000e+28 
(FlareYIntOUT) Instantaneous Davenport FFD y-intercept at current age and mass []: 19.555998 
(FlareSlopeOUT) Instantaneous Davenport FFD slope at current age and mass []: -0.622029 

Output Order: Time[year] Luminosity[LSUN] LXUVStellar[LSUN] LXUVFlare[LSUN] LXUVTot[LSUN]
Grid Output Order:

----- BODY: b ----
Active Modules: AtmEsc
Module Bit Sum: 9
Color: 000000
(Mass) Mass [kg]: 9.915973e+24 
(Radius) Radius [m]: 7.241395e+06 
(RadGyra) Radius of Gyration/Moment of Inertia Constant []: 0.500000 
(BodyType) Type of Body (0 == planet) []: 0.000000 
(Density) Average Density [kg/m^3]: 6234.188568 
(HZLimitDryRunaway) Semi-major axis of Dry Runaway HZ Limit [m]: 3.095365e+10 
(HZLimRecVenus) Recent Venus HZ Limit [m]: 2.773487e+10 
(HZLimRunaway) Runaway Greenhouse HZ Limit [m]: 3.657570e+10 
(HZLimMoistGreenhouse) Moist Greenhouse HZ Limit [m]: 3.669779e+10 
(HZLimMaxGreenhouse) Maximum Greenhouse HZ Limit [m]: 6.976581e+10 
(HZLimEarlyMars) Early Mars HZ Limit [m]: 7.608714e+10 
(Instellation) Orbit-averaged INcident STELLar radiATION [kg/sec^3]: 2.892715e+05 
(MeanMotion) Orbital Mean Motion [/sec]: 4.464399e-05 
(OrbPeriod) Orbital Period [sec]: 1.407398e+05 
(SemiMajorAxis) Semi-major Axis [m]: 2.344838e+09 
(LXUVTot) Total XUV Luminosity [kg/sec^3]: -1.000000 
(EscapeVelocity) Escape Velocity [m/sec]: 1.351991e+04 
----- ATMESC PARAMETERS (b)------
(SurfWaterMass) Surface water mass [kg]: 0.000000 
(EnvelopeMass) Envelope mass [kg]: 0.000000 
(OxygenMass) Oxygen mass in the atmosphere [kg]: 0.000000 
(RGLimit) Runaway greenhouse semi-major axis [m]: 3.505609e+10 
(XO) Atomic oxygen mixing ratio in upper atmosphere []: 0.000000 
(EtaO) Oxygen eta parameter (Luger and Barnes 2015) []: 0.000000 
(PlanetRadius) Planet radius [m]: 7.241395e+06 
(OxygenMantleMass) Mass of oxygen in mantle [kg]: 0.000000 
(RadXUV) XUV radius separating hydro. dyn. escape and equilibrium [m]: -1.000000 
(RadSolid) Radius to the solid surface [m]: -1.000000 
(PresXUV) Pressure at base of thermosphere [(null)]: 5.000000 
(ScaleHeight) Scale height in Lehmer & Catling (2016) model [m]: -1.000000 
(ThermTemp) Isothermal atmospheric temperature [K]: 400.000000 
(AtmGasConst) Atmospheric gas constant [(null)]: 4124.000000 
(PresSurf) Surface pressure due to atmosphere [Pa]: -1.000000 
(DEnvMassDt) Envelope Mass Loss Rate [kg/s]: 0.000000 
(FXUV) XUV flux [W/m^2]: 203.190602 
(AtmXAbsEffH2O) XUV atmospheric escape efficiency for H2O []: 0.300000 
(RocheRadius) Roche Lobe Radius [m]: 4.801400e+07 
(BondiRadius) Bondi Radius [m]: 3.324425e+08 
(HEscapeRegime) Integer flag for H envelope escape regime []: 8.000000 
(RRCriticalFlux) Critical XUV Flux that separates RR and energy-limited escape [W/m^2]: 60.841351 
(CrossoverMass) Crossover mass, defines oxygen is escaping if mc > mo [kg]: 0.000000 
(WaterEscapeRegime) What water escape regime the code is currently in []: 8.000000 
(FXUVCRITDRAG) Critical Drag XUV flux [W/m^2]: 0.501743 
(HREFFLUX) The Hydrogen Reference Flux (m^-2 s^-1) [m^-2 s^-1]: 1.294862e+20 
(XO2) Molecular oxygen mixing ratio in atmosphere []: 0.000000 
(XH2O) Water mixing ratio in upper atmosphere []: 0.000000 
(HDiffFlux) The Hydrogen Diffusion Flux (m^-2 s^-1) [m^-2 s^-1]: 2.443873e+17 
(HRefODragMod) Multiply by H ref flux to get flux with drag []: 1.000000 
(KTide) Mass loss enhancement due to stellar gravity []: 0.775488 
(CumulativeXUVFlux) Cumulative XUV flux [W/m^2]: 0.000000 
(RunawayGreenhouseFlux) Incident flux that triggers runaway greenhouse [kg/sec^3]: 1294.204574 
(RGDuration) Runaway Greenhouse Duration [years]: 0.00000e+00

Output Order: Time[year] CumulativeXUVFlux[W/m^2]
Grid Output Order:



---- FINAL SYSTEM PROPERTIES ----
(Age) System Age [sec]: 2.612354e+17 
(Time) Simulation Time [sec]: 2.610760e+17 
(TotAngMom) Total Angular Momentum [kg*m^2/sec]: 1.548981e+42 
(TotEnergy) Total System Energy [kg*m^2/sec^2]: -1.145676e+40 
(PotEnergy) Body's non-orbital Potential Energy [kg*m^2/sec^2]: -4.072358e+40 
(KinEnergy) Body's non-orbital Kinetic Energy [kg*m^2/sec^2]: 5.322314e+32 
(DeltaTime) Average Timestep Over Last Output Interval [sec]: 1.577880e+13 

----- BODY: star ----
Active Modules: FLARE STELLAR
Module Bit Sum: 577
Color: 000000
(Mass) Mass [kg]: 3.849894e+29 
(Radius) Radius [m]: 1.457495e+08 
(RadGyra) Radius of Gyration/Moment of Inertia Constant []: 0.460395 
(RotAngMom) Rotational Angular Momentum [kg*m^2/sec]: 1.358401e+39 
(RotVel) Rotational Velocity [m/sec]: 114.211491 
(BodyType) Type of Body (0 == planet) []: 0.000000 
(RotRate) Rotational Frequency [/sec]: 7.836148e-07 
(RotPer) Rotational Period [sec]: 8.018207e+06 
(Density) Average Density [kg/m^3]: 2.968511e+04 
(HZLimitDryRunaway) Semi-major axis of Dry Runaway HZ Limit [m]: 9.008651e+09 
(HZLimRecVenus) Recent Venus HZ Limit [m]: 8.065443e+09 
(HZLimRunaway) Runaway Greenhouse HZ Limit [m]: 1.064033e+10 
(HZLimMoistGreenhouse) Moist Greenhouse HZ Limit [m]: 1.067190e+10 
(HZLimMaxGreenhouse) Maximum Greenhouse HZ Limit [m]: 2.025642e+10 
(HZLimEarlyMars) Early Mars HZ Limit [m]: 2.209187e+10 
(Instellation) Orbit-averaged INcident STELLar radiATION [kg/sec^3]: -1.000000 
(CriticalSemiMajorAxis) Holman & Wiegert (1999) P-type Critical Semi-major Axis [m]: -1.000000 
(LXUVTot) Total XUV Luminosity [LSUN]: 4.055776e-07 
(LostEnergy) Body's Total Lost Energy [kg*m^2/sec^2]: 2.926688e+40 
(LostAngMom) Lost Angular Momentum due to Magnetic Braking [kg*m^2/sec]: 1.545189e+42 
(EscapeVelocity) Escape Velocity [m/sec]: 5.937970e+05 
----- STELLAR PARAMETERS (star)------
(Luminosity) Luminosity [LSUN]: 0.004402 
(LXUVStellar) Base X-ray/XUV Luminosity [LSUN]: 7.328276e-08 
(Temperature) Effective Temperature [K]: 3243.566185 
(LXUVFrac) Fraction of luminosity in XUV []: 1.664844e-05 
(RossbyNumber) Rossby Number []: 1.555095 
(DRotPerDtStellar) Time Rate of Change of Rotation Period in STELLAR []: 1.283607e-11 
(WindTorque) Stellar Wind Torque []: 2.174617e+21 
----- FLARE PARAMETERS (star)------
(LXUVFlare) XUV Luminosity from flares [LSUN]: 3.322776e-07 
(FlareFreq1) First value of flare frequency range [/sec]: 5.480026e-07 
(FlareFreq2) Second value of flare frequency range [/sec]: 3.750021e-07 
(FlareFreq3) Third value of flare frequency range [/sec]: 2.566166e-07 
(FlareFreq4) Fourth value of flare frequency range [/sec]: 1.756046e-07 
(FlareFreqMin) Frequency of the flares with the lowest energy [/sec]: 5.480026e-07 
(FlareFreqMid) Frequency of the flares with the middle energy in the energy range [/sec]: 1.233939e-08 
(FlareFreqMax) Frequency of the flares with the highest energy [/sec]: 2.778464e-10 
(FlareEnergy1) First value of flare energy range [kg*m^2/sec^2]: 5.334000e+25 
(FlareEnergy2) Second value of flare energy range [kg*m^2/sec^2]: 7.534475e+25 
(FlareEnergy3) Third value of flare energy range [kg*m^2/sec^2]: 1.064273e+26 
(FlareEnergy4) Fourth value of flare energy range [kg*m^2/sec^2]: 1.503325e+26 
(FlareEnergyMin) Minimum flare energy [kg*m^2/sec^2]: 5.334000e+25 
(FlareEnergyMid) Middle flare energy in the range of energy values [kg*m^2/sec^2]: 1.686759e+27 
(FlareEnergyMax) Maximum flare energy [kg*m^2/sec^2]: 5.334000e+28 
(FlareYIntOUT) Instantaneous Davenport FFD y-intercept at current age and mass []: 34.620267 
(FlareSlopeOUT) Instantaneous Davenport FFD slope at current age and mass []: -1.098326 

Output Order: Time[year] Luminosity[LSUN] LXUVStellar[LSUN] LXUVFlare[LSUN] LXUVTot[LSUN]
Grid Output Order:

----- BODY: b ----
Active Modules: AtmEsc
Module Bit Sum: 9
Color: 000000
(Mass) Mass [kg]: 9.915973e+24 
(Radius) Radius [m]: 7.241395e+06 
(RadGyra) Radius of Gyration/Moment of Inertia Constant []: 0.500000 
(BodyType) Type of Body (0 == planet) []: 0.000000 
(Density) Average Density [kg/m^3]: 6234.188568 
(HZLimitDryRunaway) Semi-major axis of Dry Runaway HZ Limit [m]: 9.008664e+09 
(HZLimRecVenus) Recent Venus HZ Limit [m]: 8.065443e+09 
(HZLimRunaway) Runaway Greenhouse HZ Limit [m]: 1.064033e+10 
(HZLimMoistGreenhouse) Moist Greenhouse HZ Limit [m]: 1.067190e+10 
(HZLimMaxGreenhouse) Maximum Greenhouse HZ Limit [m]: 2.025642e+10 
(HZLimEarlyMars) Early Mars HZ Limit [m]: 2.209187e+10 
(Instellation) Orbit-averaged INcident STELLar radiATION [kg/sec^3]: 2.450207e+04 
(MeanMotion) Orbital Mean Motion [/sec]: 4.464399e-05 
(OrbPeriod) Orbital Period [sec]: 1.407398e+05 
(SemiMajorAxis) Semi-major Axis [m]: 2.344838e+09 
(LXUVTot) Total XUV Luminosity [kg/sec^3]: -1.000000 
(EscapeVelocity) Escape Velocity [m/sec]: 1.351991e+04 
----- ATMESC PARAMETERS (b)------
(SurfWaterMass) Surface water mass [kg]: 0.000000 
(EnvelopeMass) Envelope mass [kg]: 0.000000 
(OxygenMass) Oxygen mass in the atmosphere [kg]: 0.000000 
(RGLimit) Runaway greenhouse semi-major axis [m]: 1.019842e+10 
(XO) Atomic oxygen mixing ratio in upper atmosphere []: 0.000000 
(EtaO) Oxygen eta parameter (Luger and Barnes 2015) []: 0.000000 
(PlanetRadius) Planet radius [m]: 7.241395e+06 
(OxygenMantleMass) Mass of oxygen in mantle [kg]: 0.000000 
(RadXUV) XUV radius separating hydro. dyn. escape and equilibrium [m]: -1.000000 
(RadSolid) Radius to the solid surface [m]: -1.000000 
(PresXUV) Pressure at base of thermosphere [(null)]: 5.000000 
(ScaleHeight) Scale height in Lehmer & Catling (2016) model [m]: -1.000000 
(ThermTemp) Isothermal atmospheric temperature [K]: 400.000000 
(AtmGasConst) Atmospheric gas constant [(null)]: 4124.000000 
(PresSurf) Surface pressure due to atmosphere [Pa]: -1.000000 
(DEnvMassDt) Envelope Mass Loss Rate [kg/s]: 0.000000 
(FXUV) XUV flux [W/m^2]: 2.257608 
(AtmXAbsEffH2O) XUV atmospheric escape efficiency for H2O []: 0.300000 
(RocheRadius) Roche Lobe Radius [m]: 4.801400e+07 
(BondiRadius) Bondi Radius [m]: 6.172670e+08 
(HEscapeRegime) Integer flag for H envelope escape regime []: 8.000000 
(RRCriticalFlux) Critical XUV Flux that separates RR and energy-limited escape [W/m^2]: 60.841351 
(CrossoverMass) Crossover mass, defines oxygen is escaping if mc > mo [kg]: 0.000000 
(WaterEscapeRegime) What water escape regime the code is currently in []: 8.000000 
(FXUVCRITDRAG) Critical Drag XUV flux [W/m^2]: 0.501743 
(HREFFLUX) The Hydrogen Reference Flux (m^-2 s^-1) [m^-2 s^-1]: 1.438694e+18 
(XO2) Molecular oxygen mixing ratio in atmosphere []: 0.000000 
(XH2O) Water mixing ratio in upper atmosphere []: 0.000000 
(HDiffFlux) The Hydrogen Diffusion Flux (m^-2 s^-1) [m^-2 s^-1]: 2.443873e+17 
(HRefODragMod) Multiply by H ref flux to get flux with drag []: 1.000000 
(KTide) Mass loss enhancement due to stellar gravity []: 0.775488 
(CumulativeXUVFlux) Cumulative XUV flux [W/m^2]: 1.607456e+18 
(RunawayGreenhouseFlux) Incident flux that triggers runaway greenhouse [kg/sec^3]: 1295.273263 
(RGDuration) Runaway Greenhouse Duration [years]: 0.00000e+00

Output Order: Time[year] CumulativeXUVFlux[W/m^2]
Grid Output Order:
