-------- Log file gj1132.log -------

Executable: /home/vplanet/.local/bin/vplanet
Version: Unknown
System Name: gj1132
Primary Input File: vpl.in
Body File #1: star.in
Body File #2: b.in
Allow files to be overwitten: Yes
Mass Units: Grams
Length Units: Meters
Time Units: Seconds
Angle Units: Radians

------- FORMATTING -----
Verbosity Level: 5
Crossover Decade for Scientific Notation: 4
Number of Digits After Decimal: 6
Integration Method: Runge-Kutta4
Direction: Forward
Time Step: 3.155760e+07
Stop Time: 2.469626e+17
Output Interval: 3.155760e+13
Use Variable Timestep: Yes
dEta: 0.010000
Minimum Value of ecc and obl: 1.000000e-10


---- INITIAL SYSTEM PROPERTIES ----
(Age) System Age [sec]: 1.303743e+14 
(Time) Simulation Time [sec]: 0.000000 
(TotAngMom) Total Angular Momentum [kg*m^2/sec]: 1.971011e+42 
(TotEnergy) Total System Energy [kg*m^2/sec^2]: -1.140391e+40 
(PotEnergy) Body's non-orbital Potential Energy [kg*m^2/sec^2]: -1.147543e+40 
(KinEnergy) Body's non-orbital Kinetic Energy [kg*m^2/sec^2]: 7.157587e+37 
(DeltaTime) Average Timestep Over Last Output Interval [sec]: 0.000000 

----- BODY: star ----
Active Modules: FLARE STELLAR
Module Bit Sum: 577
Color: 000000
(Mass) Mass [kg]: 4.039337e+29 
(Radius) Radius [m]: 5.693862e+08 
(RadGyra) Radius of Gyration/Moment of Inertia Constant []: 0.454643 
(RotAngMom) Rotational Angular Momentum [kg*m^2/sec]: 1.968478e+42 
(RotVel) Rotational Velocity [m/sec]: 4.140694e+04 
(BodyType) Type of Body (0 == planet) []: 0.000000 
(RotRate) Rotational Frequency [/sec]: 7.272205e-05 
(RotPer) Rotational Period [sec]: 8.640000e+04 
(Density) Average Density [kg/m^3]: 522.396900 
(HZLimitDryRunaway) Semi-major axis of Dry Runaway HZ Limit [m]: 3.433732e+10 
(HZLimRecVenus) Recent Venus HZ Limit [m]: 3.076158e+10 
(HZLimRunaway) Runaway Greenhouse HZ Limit [m]: 4.057037e+10 
(HZLimMoistGreenhouse) Moist Greenhouse HZ Limit [m]: 4.070263e+10 
(HZLimMaxGreenhouse) Maximum Greenhouse HZ Limit [m]: 7.735371e+10 
(HZLimEarlyMars) Early Mars HZ Limit [m]: 8.436261e+10 
(Instellation) Orbit-averaged INcident STELLar radiATION [kg/sec^3]: -1.000000 
(CriticalSemiMajorAxis) Holman & Wiegert (1999) P-type Critical Semi-major Axis [m]: -1.000000 
(LXUVTot) Total XUV Luminosity [LSUN]: 0.000179 
(LostEnergy) Body's Total Lost Energy [kg*m^2/sec^2]: 5.562685e-309 
(LostAngMom) Lost Angular Momentum due to Magnetic Braking [kg*m^2/sec]: 5.562685e-309 
(EscapeVelocity) Escape Velocity [m/sec]: 3.077293e+05 
----- STELLAR PARAMETERS (star)------
(Luminosity) Luminosity [LSUN]: 0.063950 
(LXUVStellar) Base X-ray/XUV Luminosity [LSUN]: 0.000166 
(Temperature) Effective Temperature [K]: 3211.090810 
(LXUVFrac) Fraction of luminosity in XUV []: 0.002590 
(RossbyNumber) Rossby Number []: 0.016480 
(DRotPerDtStellar) Time Rate of Change of Rotation Period in STELLAR []: -1.273976e-10 
(WindTorque) Stellar Wind Torque []: 8.150406e+27 
----- FLARE PARAMETERS (star)------
(LXUVFlare) XUV Luminosity from flares [LSUN]: 1.384519e-05 
(FlareFreq1) First value of flare frequency range [/sec]: 1.918284e-06 
(FlareFreq2) Second value of flare frequency range [/sec]: 1.556794e-06 
(FlareFreq3) Third value of flare frequency range [/sec]: 1.263425e-06 
(FlareFreq4) Fourth value of flare frequency range [/sec]: 1.025340e-06 
(FlareFreqMin) Frequency of the flares with the lowest energy [/sec]: 1.918284e-06 
(FlareFreqMid) Frequency of the flares with the middle energy in the energy range [/sec]: 2.377366e-07 
(FlareFreqMax) Frequency of the flares with the highest energy [/sec]: 2.946314e-08 
(FlareEnergy1) First value of flare energy range [kg*m^2/sec^2]: 5.334000e+25 
(FlareEnergy2) Second value of flare energy range [kg*m^2/sec^2]: 7.534475e+25 
(FlareEnergy3) Third value of flare energy range [kg*m^2/sec^2]: 1.064273e+26 
(FlareEnergy4) Fourth value of flare energy range [kg*m^2/sec^2]: 1.503325e+26 
(FlareEnergyMin) Minimum flare energy [kg*m^2/sec^2]: 5.334000e+25 
(FlareEnergyMid) Middle flare energy in the range of energy values [kg*m^2/sec^2]: 1.686759e+27 
(FlareEnergyMax) Maximum flare energy [kg*m^2/sec^2]: 5.334000e+28 
(FlareYIntOUT) Instantaneous Davenport FFD y-intercept at current age and mass []: 19.004392 
(FlareSlopeOUT) Instantaneous Davenport FFD slope at current age and mass []: -0.604545 

Output Order: Time[year] Luminosity[LSUN] LXUVStellar[LSUN] LXUVFlare[LSUN] LXUVTot[LSUN]
Grid Output Order:

----- BODY: b ----
Active Modules: AtmEsc
Module Bit Sum: 9
Color: 000000
(Mass) Mass [kg]: 9.996037e+24 
(Radius) Radius [m]: 7.227456e+06 
(RadGyra) Radius of Gyration/Moment of Inertia Constant []: 0.500000 
(BodyType) Type of Body (0 == planet) []: 0.000000 
(Density) Average Density [kg/m^3]: 6320.957110 
(HZLimitDryRunaway) Semi-major axis of Dry Runaway HZ Limit [m]: 3.433743e+10 
(HZLimRecVenus) Recent Venus HZ Limit [m]: 3.076158e+10 
(HZLimRunaway) Runaway Greenhouse HZ Limit [m]: 4.057037e+10 
(HZLimMoistGreenhouse) Moist Greenhouse HZ Limit [m]: 4.070263e+10 
(HZLimMaxGreenhouse) Maximum Greenhouse HZ Limit [m]: 7.735371e+10 
(HZLimEarlyMars) Early Mars HZ Limit [m]: 8.436261e+10 
(Instellation) Orbit-averaged INcident STELLar radiATION [kg/sec^3]: 3.447568e+05 
(MeanMotion) Orbital Mean Motion [/sec]: 4.464424e-05 
(OrbPeriod) Orbital Period [sec]: 1.407390e+05 
(SemiMajorAxis) Semi-major Axis [m]: 2.382675e+09 
(LXUVTot) Total XUV Luminosity [kg/sec^3]: -1.000000 
(EscapeVelocity) Escape Velocity [m/sec]: 1.358746e+04 
----- ATMESC PARAMETERS (b)------
(SurfWaterMass) Surface water mass [kg]: 0.000000 
(EnvelopeMass) Envelope mass [kg]: 0.000000 
(OxygenMass) Oxygen mass in the atmosphere [kg]: 0.000000 
(RGLimit) Runaway greenhouse semi-major axis [m]: 3.887766e+10 
(XO) Atomic oxygen mixing ratio in upper atmosphere []: 0.000000 
(EtaO) Oxygen eta parameter (Luger and Barnes 2015) []: 0.000000 
(PlanetRadius) Planet radius [m]: 7.227456e+06 
(OxygenMantleMass) Mass of oxygen in mantle [kg]: 0.000000 
(RadXUV) XUV radius separating hydro. dyn. escape and equilibrium [m]: -1.000000 
(RadSolid) Radius to the solid surface [m]: -1.000000 
(PresXUV) Pressure at base of thermosphere [(null)]: 5.000000 
(ScaleHeight) Scale height in Lehmer & Catling (2016) model [m]: -1.000000 
(ThermTemp) Isothermal atmospheric temperature [K]: 400.000000 
(AtmGasConst) Atmospheric gas constant [(null)]: 4124.000000 
(PresSurf) Surface pressure due to atmosphere [Pa]: -1.000000 
(DEnvMassDt) Envelope Mass Loss Rate [kg/s]: 0.000000 
(FXUV) XUV flux [W/m^2]: 967.411224 
(AtmXAbsEffH2O) XUV atmospheric escape efficiency for H2O []: 0.300000 
(RocheRadius) Roche Lobe Radius [m]: 4.814268e+07 
(BondiRadius) Bondi Radius [m]: 3.154713e+08 
(HEscapeRegime) Integer flag for H envelope escape regime []: 8.000000 
(RRCriticalFlux) Critical XUV Flux that separates RR and energy-limited escape [W/m^2]: 62.349209 
(CrossoverMass) Crossover mass, defines oxygen is escaping if mc > mo [kg]: 0.000000 
(WaterEscapeRegime) What water escape regime the code is currently in []: 8.000000 
(FXUVCRITDRAG) Critical Drag XUV flux [W/m^2]: 0.512834 
(HREFFLUX) The Hydrogen Reference Flux (m^-2 s^-1) [m^-2 s^-1]: 6.095836e+20 
(XO2) Molecular oxygen mixing ratio in atmosphere []: 0.000000 
(XH2O) Water mixing ratio in upper atmosphere []: 0.000000 
(HDiffFlux) The Hydrogen Diffusion Flux (m^-2 s^-1) [m^-2 s^-1]: 2.473118e+17 
(HRefODragMod) Multiply by H ref flux to get flux with drag []: 1.000000 
(KTide) Mass loss enhancement due to stellar gravity []: 0.776503 
(CumulativeXUVFlux) Cumulative XUV flux [W/m^2]: 0.000000 
(RunawayGreenhouseFlux) Incident flux that triggers runaway greenhouse [kg/sec^3]: 1294.909415 
(RGDuration) Runaway Greenhouse Duration [years]: 0.00000e+00

Output Order: Time[year] CumulativeXUVFlux[W/m^2]
Grid Output Order:



---- FINAL SYSTEM PROPERTIES ----
(Age) System Age [sec]: 2.471002e+17 
(Time) Simulation Time [sec]: 2.469698e+17 
(TotAngMom) Total Angular Momentum [kg*m^2/sec]: 1.976231e+42 
(TotEnergy) Total System Energy [kg*m^2/sec^2]: -1.139751e+40 
(PotEnergy) Body's non-orbital Potential Energy [kg*m^2/sec^2]: -4.253976e+40 
(KinEnergy) Body's non-orbital Kinetic Energy [kg*m^2/sec^2]: 5.981246e+32 
(DeltaTime) Average Timestep Over Last Output Interval [sec]: 1.577880e+13 

----- BODY: star ----
Active Modules: FLARE STELLAR
Module Bit Sum: 577
Color: 000000
(Mass) Mass [kg]: 4.039337e+29 
(Radius) Radius [m]: 1.535963e+08 
(RadGyra) Radius of Gyration/Moment of Inertia Constant []: 0.460052 
(RotAngMom) Rotational Angular Momentum [kg*m^2/sec]: 1.553293e+39 
(RotVel) Rotational Velocity [m/sec]: 118.290287 
(BodyType) Type of Body (0 == planet) []: 0.000000 
(RotRate) Rotational Frequency [/sec]: 7.701375e-07 
(RotPer) Rotational Period [sec]: 8.158524e+06 
(Density) Average Density [kg/m^3]: 2.661209e+04 
(HZLimitDryRunaway) Semi-major axis of Dry Runaway HZ Limit [m]: 9.582045e+09 
(HZLimRecVenus) Recent Venus HZ Limit [m]: 8.574755e+09 
(HZLimRunaway) Runaway Greenhouse HZ Limit [m]: 1.131468e+10 
(HZLimMoistGreenhouse) Moist Greenhouse HZ Limit [m]: 1.134581e+10 
(HZLimMaxGreenhouse) Maximum Greenhouse HZ Limit [m]: 2.151584e+10 
(HZLimEarlyMars) Early Mars HZ Limit [m]: 2.346544e+10 
(Instellation) Orbit-averaged INcident STELLar radiATION [kg/sec^3]: -1.000000 
(CriticalSemiMajorAxis) Holman & Wiegert (1999) P-type Critical Semi-major Axis [m]: -1.000000 
(LXUVTot) Total XUV Luminosity [LSUN]: 9.431641e-07 
(LostEnergy) Body's Total Lost Energy [kg*m^2/sec^2]: 3.114231e+40 
(LostAngMom) Lost Angular Momentum due to Magnetic Braking [kg*m^2/sec]: 1.972144e+42 
(EscapeVelocity) Escape Velocity [m/sec]: 5.924911e+05 
----- STELLAR PARAMETERS (star)------
(Luminosity) Luminosity [LSUN]: 0.004980 
(LXUVStellar) Base X-ray/XUV Luminosity [LSUN]: 5.911721e-07 
(Temperature) Effective Temperature [K]: 3267.520654 
(LXUVFrac) Fraction of luminosity in XUV []: 0.000119 
(RossbyNumber) Rossby Number []: 1.601843 
(DRotPerDtStellar) Time Rate of Change of Rotation Period in STELLAR []: 1.361455e-11 
(WindTorque) Stellar Wind Torque []: 2.554246e+21 
----- FLARE PARAMETERS (star)------
(LXUVFlare) XUV Luminosity from flares [LSUN]: 3.519727e-07 
(FlareFreq1) First value of flare frequency range [/sec]: 5.634825e-07 
(FlareFreq2) Second value of flare frequency range [/sec]: 3.865459e-07 
(FlareFreq3) Third value of flare frequency range [/sec]: 2.651684e-07 
(FlareFreq4) Fourth value of flare frequency range [/sec]: 1.819041e-07 
(FlareFreqMin) Frequency of the flares with the lowest energy [/sec]: 5.634825e-07 
(FlareFreqMid) Frequency of the flares with the middle energy in the energy range [/sec]: 1.300430e-08 
(FlareFreqMax) Frequency of the flares with the highest energy [/sec]: 3.001190e-10 
(FlareEnergy1) First value of flare energy range [kg*m^2/sec^2]: 5.334000e+25 
(FlareEnergy2) Second value of flare energy range [kg*m^2/sec^2]: 7.534475e+25 
(FlareEnergy3) Third value of flare energy range [kg*m^2/sec^2]: 1.064273e+26 
(FlareEnergy4) Fourth value of flare energy range [kg*m^2/sec^2]: 1.503325e+26 
(FlareEnergyMin) Minimum flare energy [kg*m^2/sec^2]: 5.334000e+25 
(FlareEnergyMid) Middle flare energy in the range of energy values [kg*m^2/sec^2]: 1.686759e+27 
(FlareEnergyMax) Maximum flare energy [kg*m^2/sec^2]: 5.334000e+28 
(FlareYIntOUT) Instantaneous Davenport FFD y-intercept at current age and mass []: 34.399013 
(FlareSlopeOUT) Instantaneous Davenport FFD slope at current age and mass []: -1.091196 

Output Order: Time[year] Luminosity[LSUN] LXUVStellar[LSUN] LXUVFlare[LSUN] LXUVTot[LSUN]
Grid Output Order:

----- BODY: b ----
Active Modules: AtmEsc
Module Bit Sum: 9
Color: 000000
(Mass) Mass [kg]: 9.996037e+24 
(Radius) Radius [m]: 7.227456e+06 
(RadGyra) Radius of Gyration/Moment of Inertia Constant []: 0.500000 
(BodyType) Type of Body (0 == planet) []: 0.000000 
(Density) Average Density [kg/m^3]: 6320.957110 
(HZLimitDryRunaway) Semi-major axis of Dry Runaway HZ Limit [m]: 9.582075e+09 
(HZLimRecVenus) Recent Venus HZ Limit [m]: 8.574755e+09 
(HZLimRunaway) Runaway Greenhouse HZ Limit [m]: 1.131468e+10 
(HZLimMoistGreenhouse) Moist Greenhouse HZ Limit [m]: 1.134581e+10 
(HZLimMaxGreenhouse) Maximum Greenhouse HZ Limit [m]: 2.151584e+10 
(HZLimEarlyMars) Early Mars HZ Limit [m]: 2.346544e+10 
(Instellation) Orbit-averaged INcident STELLar radiATION [kg/sec^3]: 2.684703e+04 
(MeanMotion) Orbital Mean Motion [/sec]: 4.464424e-05 
(OrbPeriod) Orbital Period [sec]: 1.407390e+05 
(SemiMajorAxis) Semi-major Axis [m]: 2.382675e+09 
(LXUVTot) Total XUV Luminosity [kg/sec^3]: -1.000000 
(EscapeVelocity) Escape Velocity [m/sec]: 1.358746e+04 
----- ATMESC PARAMETERS (b)------
(SurfWaterMass) Surface water mass [kg]: 0.000000 
(EnvelopeMass) Envelope mass [kg]: 0.000000 
(OxygenMass) Oxygen mass in the atmosphere [kg]: 0.000000 
(RGLimit) Runaway greenhouse semi-major axis [m]: 1.084288e+10 
(XO) Atomic oxygen mixing ratio in upper atmosphere []: 0.000000 
(EtaO) Oxygen eta parameter (Luger and Barnes 2015) []: 0.000000 
(PlanetRadius) Planet radius [m]: 7.227456e+06 
(OxygenMantleMass) Mass of oxygen in mantle [kg]: 0.000000 
(RadXUV) XUV radius separating hydro. dyn. escape and equilibrium [m]: -1.000000 
(RadSolid) Radius to the solid surface [m]: -1.000000 
(PresXUV) Pressure at base of thermosphere [(null)]: 5.000000 
(ScaleHeight) Scale height in Lehmer & Catling (2016) model [m]: -1.000000 
(ThermTemp) Isothermal atmospheric temperature [K]: 400.000000 
(AtmGasConst) Atmospheric gas constant [(null)]: 4124.000000 
(PresSurf) Surface pressure due to atmosphere [Pa]: -1.000000 
(DEnvMassDt) Envelope Mass Loss Rate [kg/s]: 0.000000 
(FXUV) XUV flux [W/m^2]: 5.084620 
(AtmXAbsEffH2O) XUV atmospheric escape efficiency for H2O []: 0.300000 
(RocheRadius) Roche Lobe Radius [m]: 4.814268e+07 
(BondiRadius) Bondi Radius [m]: 5.969077e+08 
(HEscapeRegime) Integer flag for H envelope escape regime []: 8.000000 
(RRCriticalFlux) Critical XUV Flux that separates RR and energy-limited escape [W/m^2]: 62.349209 
(CrossoverMass) Crossover mass, defines oxygen is escaping if mc > mo [kg]: 0.000000 
(WaterEscapeRegime) What water escape regime the code is currently in []: 8.000000 
(FXUVCRITDRAG) Critical Drag XUV flux [W/m^2]: 0.512834 
(HREFFLUX) The Hydrogen Reference Flux (m^-2 s^-1) [m^-2 s^-1]: 3.203913e+18 
(XO2) Molecular oxygen mixing ratio in atmosphere []: 0.000000 
(XH2O) Water mixing ratio in upper atmosphere []: 0.000000 
(HDiffFlux) The Hydrogen Diffusion Flux (m^-2 s^-1) [m^-2 s^-1]: 2.473118e+17 
(HRefODragMod) Multiply by H ref flux to get flux with drag []: 1.000000 
(KTide) Mass loss enhancement due to stellar gravity []: 0.776503 
(CumulativeXUVFlux) Cumulative XUV flux [W/m^2]: 5.780225e+18 
(RunawayGreenhouseFlux) Incident flux that triggers runaway greenhouse [kg/sec^3]: 1296.384778 
(RGDuration) Runaway Greenhouse Duration [years]: 0.00000e+00

Output Order: Time[year] CumulativeXUVFlux[W/m^2]
Grid Output Order:
