-------- Log file gj1132.log -------

Executable: /home/vplanet/.local/bin/vplanet
Version: Unknown
System Name: gj1132
Primary Input File: vpl.in
Body File #1: star.in
Body File #2: b.in
Allow files to be overwitten: Yes
Mass Units: Grams
Length Units: Meters
Time Units: Seconds
Angle Units: Radians

------- FORMATTING -----
Verbosity Level: 5
Crossover Decade for Scientific Notation: 4
Number of Digits After Decimal: 6
Integration Method: Runge-Kutta4
Direction: Forward
Time Step: 3.155760e+07
Stop Time: 2.163751e+17
Output Interval: 3.155760e+13
Use Variable Timestep: Yes
dEta: 0.010000
Minimum Value of ecc and obl: 1.000000e-10


---- INITIAL SYSTEM PROPERTIES ----
(Age) System Age [sec]: 1.667362e+14 
(Time) Simulation Time [sec]: 0.000000 
(TotAngMom) Total Angular Momentum [kg*m^2/sec]: 1.461383e+42 
(TotEnergy) Total System Energy [kg*m^2/sec^2]: -1.145869e+40 
(PotEnergy) Body's non-orbital Potential Energy [kg*m^2/sec^2]: -1.151168e+40 
(KinEnergy) Body's non-orbital Kinetic Energy [kg*m^2/sec^2]: 5.304844e+37 
(DeltaTime) Average Timestep Over Last Output Interval [sec]: 0.000000 

----- BODY: star ----
Active Modules: FLARE STELLAR
Module Bit Sum: 577
Color: 000000
(Mass) Mass [kg]: 3.804648e+29 
(Radius) Radius [m]: 5.035537e+08 
(RadGyra) Radius of Gyration/Moment of Inertia Constant []: 0.456018 
(RotAngMom) Rotational Angular Momentum [kg*m^2/sec]: 1.458937e+42 
(RotVel) Rotational Velocity [m/sec]: 3.661946e+04 
(BodyType) Type of Body (0 == planet) []: 0.000000 
(RotRate) Rotational Frequency [/sec]: 7.272205e-05 
(RotPer) Rotational Period [sec]: 8.640000e+04 
(Density) Average Density [kg/m^3]: 711.358218 
(HZLimitDryRunaway) Semi-major axis of Dry Runaway HZ Limit [m]: 3.026522e+10 
(HZLimRecVenus) Recent Venus HZ Limit [m]: 2.711819e+10 
(HZLimRunaway) Runaway Greenhouse HZ Limit [m]: 3.576237e+10 
(HZLimMoistGreenhouse) Moist Greenhouse HZ Limit [m]: 3.588183e+10 
(HZLimMaxGreenhouse) Maximum Greenhouse HZ Limit [m]: 6.821520e+10 
(HZLimEarlyMars) Early Mars HZ Limit [m]: 7.439603e+10 
(Instellation) Orbit-averaged INcident STELLar radiATION [kg/sec^3]: -1.000000 
(CriticalSemiMajorAxis) Holman & Wiegert (1999) P-type Critical Semi-major Axis [m]: -1.000000 
(LXUVTot) Total XUV Luminosity [LSUN]: 5.285547e-05 
(LostEnergy) Body's Total Lost Energy [kg*m^2/sec^2]: 5.562685e-309 
(LostAngMom) Lost Angular Momentum due to Magnetic Braking [kg*m^2/sec]: 5.562685e-309 
(EscapeVelocity) Escape Velocity [m/sec]: 3.175788e+05 
----- STELLAR PARAMETERS (star)------
(Luminosity) Luminosity [LSUN]: 0.049682 
(LXUVStellar) Base X-ray/XUV Luminosity [LSUN]: 5.204875e-05 
(Temperature) Effective Temperature [K]: 3202.142119 
(LXUVFrac) Fraction of luminosity in XUV []: 0.001048 
(RossbyNumber) Rossby Number []: 0.016405 
(DRotPerDtStellar) Time Rate of Change of Rotation Period in STELLAR []: -1.088031e-10 
(WindTorque) Stellar Wind Torque []: 4.404706e+27 
----- FLARE PARAMETERS (star)------
(LXUVFlare) XUV Luminosity from flares [LSUN]: 8.067201e-07 
(FlareFreq1) First value of flare frequency range [/sec]: 3.323997e-05 
(FlareFreq2) Second value of flare frequency range [/sec]: 2.875211e-05 
(FlareFreq3) Third value of flare frequency range [/sec]: 2.487018e-05 
(FlareFreq4) Fourth value of flare frequency range [/sec]: 2.151236e-05 
(FlareFreqMin) Frequency of the flares with the lowest energy [/sec]: 3.323997e-05 
(FlareFreqMid) Frequency of the flares with the middle energy in the energy range [/sec]: 7.793849e-06 
(FlareFreqMax) Frequency of the flares with the highest energy [/sec]: 1.827441e-06 
(FlareEnergy1) First value of flare energy range [kg*m^2/sec^2]: 5.334000e+23 
(FlareEnergy2) Second value of flare energy range [kg*m^2/sec^2]: 6.715108e+23 
(FlareEnergy3) Third value of flare energy range [kg*m^2/sec^2]: 8.453820e+23 
(FlareEnergy4) Fourth value of flare energy range [kg*m^2/sec^2]: 1.064273e+24 
(FlareEnergyMin) Minimum flare energy [kg*m^2/sec^2]: 5.334000e+23 
(FlareEnergyMid) Middle flare energy in the range of energy values [kg*m^2/sec^2]: 5.334000e+24 
(FlareEnergyMax) Maximum flare energy [kg*m^2/sec^2]: 5.334000e+25 
(FlareYIntOUT) Instantaneous Davenport FFD y-intercept at current age and mass []: 19.813411 
(FlareSlopeOUT) Instantaneous Davenport FFD slope at current age and mass []: -0.629909 

Output Order: Time[year] Luminosity[LSUN] LXUVStellar[LSUN] LXUVFlare[LSUN] LXUVTot[LSUN]
Grid Output Order:

----- BODY: b ----
Active Modules: AtmEsc
Module Bit Sum: 9
Color: 000000
(Mass) Mass [kg]: 1.004493e+25 
(Radius) Radius [m]: 7.292285e+06 
(RadGyra) Radius of Gyration/Moment of Inertia Constant []: 0.500000 
(BodyType) Type of Body (0 == planet) []: 0.000000 
(Density) Average Density [kg/m^3]: 6183.972234 
(HZLimitDryRunaway) Semi-major axis of Dry Runaway HZ Limit [m]: 3.026523e+10 
(HZLimRecVenus) Recent Venus HZ Limit [m]: 2.711819e+10 
(HZLimRunaway) Runaway Greenhouse HZ Limit [m]: 3.576237e+10 
(HZLimMoistGreenhouse) Moist Greenhouse HZ Limit [m]: 3.588183e+10 
(HZLimMaxGreenhouse) Maximum Greenhouse HZ Limit [m]: 6.821520e+10 
(HZLimEarlyMars) Early Mars HZ Limit [m]: 7.439603e+10 
(Instellation) Orbit-averaged INcident STELLar radiATION [kg/sec^3]: 2.787358e+05 
(MeanMotion) Orbital Mean Motion [/sec]: 4.464397e-05 
(OrbPeriod) Orbital Period [sec]: 1.407398e+05 
(SemiMajorAxis) Semi-major Axis [m]: 2.335617e+09 
(LXUVTot) Total XUV Luminosity [kg/sec^3]: -1.000000 
(EscapeVelocity) Escape Velocity [m/sec]: 1.355998e+04 
----- ATMESC PARAMETERS (b)------
(SurfWaterMass) Surface water mass [kg]: 0.000000 
(EnvelopeMass) Envelope mass [kg]: 0.000000 
(OxygenMass) Oxygen mass in the atmosphere [kg]: 0.000000 
(RGLimit) Runaway greenhouse semi-major axis [m]: 3.426636e+10 
(XO) Atomic oxygen mixing ratio in upper atmosphere []: 0.000000 
(EtaO) Oxygen eta parameter (Luger and Barnes 2015) []: 0.000000 
(PlanetRadius) Planet radius [m]: 7.292285e+06 
(OxygenMantleMass) Mass of oxygen in mantle [kg]: 0.000000 
(RadXUV) XUV radius separating hydro. dyn. escape and equilibrium [m]: -1.000000 
(RadSolid) Radius to the solid surface [m]: -1.000000 
(PresXUV) Pressure at base of thermosphere [(null)]: 5.000000 
(ScaleHeight) Scale height in Lehmer & Catling (2016) model [m]: -1.000000 
(ThermTemp) Isothermal atmospheric temperature [K]: 400.000000 
(AtmGasConst) Atmospheric gas constant [(null)]: 4124.000000 
(PresSurf) Surface pressure due to atmosphere [Pa]: -1.000000 
(DEnvMassDt) Envelope Mass Loss Rate [kg/s]: 0.000000 
(FXUV) XUV flux [W/m^2]: 296.542074 
(AtmXAbsEffH2O) XUV atmospheric escape efficiency for H2O []: 0.300000 
(RocheRadius) Roche Lobe Radius [m]: 4.822128e+07 
(BondiRadius) Bondi Radius [m]: 3.414313e+08 
(HEscapeRegime) Integer flag for H envelope escape regime []: 8.000000 
(RRCriticalFlux) Critical XUV Flux that separates RR and energy-limited escape [W/m^2]: 61.042134 
(CrossoverMass) Crossover mass, defines oxygen is escaping if mc > mo [kg]: 0.000000 
(WaterEscapeRegime) What water escape regime the code is currently in []: 8.000000 
(FXUVCRITDRAG) Critical Drag XUV flux [W/m^2]: 0.504174 
(HREFFLUX) The Hydrogen Reference Flux (m^-2 s^-1) [m^-2 s^-1]: 1.880053e+20 
(XO2) Molecular oxygen mixing ratio in atmosphere []: 0.000000 
(XH2O) Water mixing ratio in upper atmosphere []: 0.000000 
(HDiffFlux) The Hydrogen Diffusion Flux (m^-2 s^-1) [m^-2 s^-1]: 2.441224e+17 
(HRefODragMod) Multiply by H ref flux to get flux with drag []: 1.000000 
(KTide) Mass loss enhancement due to stellar gravity []: 0.774891 
(CumulativeXUVFlux) Cumulative XUV flux [W/m^2]: 0.000000 
(RunawayGreenhouseFlux) Incident flux that triggers runaway greenhouse [kg/sec^3]: 1294.970111 
(RGDuration) Runaway Greenhouse Duration [years]: 0.00000e+00

Output Order: Time[year] CumulativeXUVFlux[W/m^2]
Grid Output Order:



---- FINAL SYSTEM PROPERTIES ----
(Age) System Age [sec]: 2.165438e+17 
(Time) Simulation Time [sec]: 2.163771e+17 
(TotAngMom) Total Angular Momentum [kg*m^2/sec]: 1.461443e+42 
(TotEnergy) Total System Energy [kg*m^2/sec^2]: -1.145699e+40 
(PotEnergy) Body's non-orbital Potential Energy [kg*m^2/sec^2]: -4.041406e+40 
(KinEnergy) Body's non-orbital Kinetic Energy [kg*m^2/sec^2]: 6.255012e+32 
(DeltaTime) Average Timestep Over Last Output Interval [sec]: 3.155760e+12 

----- BODY: star ----
Active Modules: FLARE STELLAR
Module Bit Sum: 577
Color: 000000
(Mass) Mass [kg]: 3.804648e+29 
(Radius) Radius [m]: 1.434340e+08 
(RadGyra) Radius of Gyration/Moment of Inertia Constant []: 0.460480 
(RotAngMom) Rotational Angular Momentum [kg*m^2/sec]: 1.440950e+39 
(RotVel) Rotational Velocity [m/sec]: 124.526385 
(BodyType) Type of Body (0 == planet) []: 0.000000 
(RotRate) Rotational Frequency [/sec]: 8.681791e-07 
(RotPer) Rotational Period [sec]: 7.237199e+06 
(Density) Average Density [kg/m^3]: 3.078008e+04 
(HZLimitDryRunaway) Semi-major axis of Dry Runaway HZ Limit [m]: 8.847982e+09 
(HZLimRecVenus) Recent Venus HZ Limit [m]: 7.922659e+09 
(HZLimRunaway) Runaway Greenhouse HZ Limit [m]: 1.045132e+10 
(HZLimMoistGreenhouse) Moist Greenhouse HZ Limit [m]: 1.048298e+10 
(HZLimMaxGreenhouse) Maximum Greenhouse HZ Limit [m]: 1.990304e+10 
(HZLimEarlyMars) Early Mars HZ Limit [m]: 2.170646e+10 
(Instellation) Orbit-averaged INcident STELLar radiATION [kg/sec^3]: -1.000000 
(CriticalSemiMajorAxis) Holman & Wiegert (1999) P-type Critical Semi-major Axis [m]: -1.000000 
(LXUVTot) Total XUV Luminosity [LSUN]: 5.731754e-07 
(LostEnergy) Body's Total Lost Energy [kg*m^2/sec^2]: 2.895713e+40 
(LostAngMom) Lost Angular Momentum due to Magnetic Braking [kg*m^2/sec]: 1.457555e+42 
(EscapeVelocity) Escape Velocity [m/sec]: 5.950431e+05 
----- STELLAR PARAMETERS (star)------
(Luminosity) Luminosity [LSUN]: 0.004246 
(LXUVStellar) Base X-ray/XUV Luminosity [LSUN]: 1.871384e-07 
(Temperature) Effective Temperature [K]: 3236.697431 
(LXUVFrac) Fraction of luminosity in XUV []: 4.407231e-05 
(RossbyNumber) Rossby Number []: 1.398693 
(DRotPerDtStellar) Time Rate of Change of Rotation Period in STELLAR []: 1.935846e-11 
(WindTorque) Stellar Wind Torque []: 3.359271e+21 
----- FLARE PARAMETERS (star)------
(LXUVFlare) XUV Luminosity from flares [LSUN]: 3.860366e-07 
(FlareFreq1) First value of flare frequency range [/sec]: 8.489508e-05 
(FlareFreq2) Second value of flare frequency range [/sec]: 6.607496e-05 
(FlareFreq3) Third value of flare frequency range [/sec]: 5.142701e-05 
(FlareFreq4) Fourth value of flare frequency range [/sec]: 4.002631e-05 
(FlareFreqMin) Frequency of the flares with the lowest energy [/sec]: 8.489508e-05 
(FlareFreqMid) Frequency of the flares with the middle energy in the energy range [/sec]: 6.925100e-06 
(FlareFreqMax) Frequency of the flares with the highest energy [/sec]: 5.648975e-07 
(FlareEnergy1) First value of flare energy range [kg*m^2/sec^2]: 5.334000e+23 
(FlareEnergy2) Second value of flare energy range [kg*m^2/sec^2]: 6.715108e+23 
(FlareEnergy3) Third value of flare energy range [kg*m^2/sec^2]: 8.453820e+23 
(FlareEnergy4) Fourth value of flare energy range [kg*m^2/sec^2]: 1.064273e+24 
(FlareEnergyMin) Minimum flare energy [kg*m^2/sec^2]: 5.334000e+23 
(FlareEnergyMid) Middle flare energy in the range of energy values [kg*m^2/sec^2]: 5.334000e+24 
(FlareEnergyMax) Maximum flare energy [kg*m^2/sec^2]: 5.334000e+25 
(FlareYIntOUT) Instantaneous Davenport FFD y-intercept at current age and mass []: 34.310455 
(FlareSlopeOUT) Instantaneous Davenport FFD slope at current age and mass []: -1.088456 

Output Order: Time[year] Luminosity[LSUN] LXUVStellar[LSUN] LXUVFlare[LSUN] LXUVTot[LSUN]
Grid Output Order:

----- BODY: b ----
Active Modules: AtmEsc
Module Bit Sum: 9
Color: 000000
(Mass) Mass [kg]: 1.004493e+25 
(Radius) Radius [m]: 7.292285e+06 
(RadGyra) Radius of Gyration/Moment of Inertia Constant []: 0.500000 
(BodyType) Type of Body (0 == planet) []: 0.000000 
(Density) Average Density [kg/m^3]: 6183.972234 
(HZLimitDryRunaway) Semi-major axis of Dry Runaway HZ Limit [m]: 8.847984e+09 
(HZLimRecVenus) Recent Venus HZ Limit [m]: 7.922659e+09 
(HZLimRunaway) Runaway Greenhouse HZ Limit [m]: 1.045132e+10 
(HZLimMoistGreenhouse) Moist Greenhouse HZ Limit [m]: 1.048298e+10 
(HZLimMaxGreenhouse) Maximum Greenhouse HZ Limit [m]: 1.990304e+10 
(HZLimEarlyMars) Early Mars HZ Limit [m]: 2.170646e+10 
(Instellation) Orbit-averaged INcident STELLar radiATION [kg/sec^3]: 2.382284e+04 
(MeanMotion) Orbital Mean Motion [/sec]: 4.464397e-05 
(OrbPeriod) Orbital Period [sec]: 1.407398e+05 
(SemiMajorAxis) Semi-major Axis [m]: 2.335617e+09 
(LXUVTot) Total XUV Luminosity [kg/sec^3]: -1.000000 
(EscapeVelocity) Escape Velocity [m/sec]: 1.355998e+04 
----- ATMESC PARAMETERS (b)------
(SurfWaterMass) Surface water mass [kg]: 0.000000 
(EnvelopeMass) Envelope mass [kg]: 0.000000 
(OxygenMass) Oxygen mass in the atmosphere [kg]: 0.000000 
(RGLimit) Runaway greenhouse semi-major axis [m]: 1.001425e+10 
(XO) Atomic oxygen mixing ratio in upper atmosphere []: 0.000000 
(EtaO) Oxygen eta parameter (Luger and Barnes 2015) []: 0.000000 
(PlanetRadius) Planet radius [m]: 7.292285e+06 
(OxygenMantleMass) Mass of oxygen in mantle [kg]: 0.000000 
(RadXUV) XUV radius separating hydro. dyn. escape and equilibrium [m]: -1.000000 
(RadSolid) Radius to the solid surface [m]: -1.000000 
(PresXUV) Pressure at base of thermosphere [(null)]: 5.000000 
(ScaleHeight) Scale height in Lehmer & Catling (2016) model [m]: -1.000000 
(ThermTemp) Isothermal atmospheric temperature [K]: 400.000000 
(AtmGasConst) Atmospheric gas constant [(null)]: 4124.000000 
(PresSurf) Surface pressure due to atmosphere [Pa]: -1.000000 
(DEnvMassDt) Envelope Mass Loss Rate [kg/s]: 0.000000 
(FXUV) XUV flux [W/m^2]: 3.215762 
(AtmXAbsEffH2O) XUV atmospheric escape efficiency for H2O []: 0.300000 
(RocheRadius) Roche Lobe Radius [m]: 4.822128e+07 
(BondiRadius) Bondi Radius [m]: 6.329052e+08 
(HEscapeRegime) Integer flag for H envelope escape regime []: 8.000000 
(RRCriticalFlux) Critical XUV Flux that separates RR and energy-limited escape [W/m^2]: 61.042134 
(CrossoverMass) Crossover mass, defines oxygen is escaping if mc > mo [kg]: 0.000000 
(WaterEscapeRegime) What water escape regime the code is currently in []: 8.000000 
(FXUVCRITDRAG) Critical Drag XUV flux [W/m^2]: 0.504174 
(HREFFLUX) The Hydrogen Reference Flux (m^-2 s^-1) [m^-2 s^-1]: 2.038767e+18 
(XO2) Molecular oxygen mixing ratio in atmosphere []: 0.000000 
(XH2O) Water mixing ratio in upper atmosphere []: 0.000000 
(HDiffFlux) The Hydrogen Diffusion Flux (m^-2 s^-1) [m^-2 s^-1]: 2.441224e+17 
(HRefODragMod) Multiply by H ref flux to get flux with drag []: 1.000000 
(KTide) Mass loss enhancement due to stellar gravity []: 0.774891 
(CumulativeXUVFlux) Cumulative XUV flux [W/m^2]: 2.041660e+18 
(RunawayGreenhouseFlux) Incident flux that triggers runaway greenhouse [kg/sec^3]: 1295.865537 
(RGDuration) Runaway Greenhouse Duration [years]: 0.00000e+00

Output Order: Time[year] CumulativeXUVFlux[W/m^2]
Grid Output Order:
