-------- Log file gj1132.log -------

Executable: /home/vplanet/.local/bin/vplanet
Version: Unknown
System Name: gj1132
Primary Input File: vpl.in
Body File #1: star.in
Body File #2: b.in
Allow files to be overwitten: Yes
Mass Units: Grams
Length Units: Meters
Time Units: Seconds
Angle Units: Radians

------- FORMATTING -----
Verbosity Level: 5
Crossover Decade for Scientific Notation: 4
Number of Digits After Decimal: 6
Integration Method: Runge-Kutta4
Direction: Forward
Time Step: 3.155760e+07
Stop Time: 2.101057e+17
Output Interval: 3.155760e+13
Use Variable Timestep: Yes
dEta: 0.010000
Minimum Value of ecc and obl: 1.000000e-10


---- INITIAL SYSTEM PROPERTIES ----
(Age) System Age [sec]: 1.540510e+14 
(Time) Simulation Time [sec]: 0.000000 
(TotAngMom) Total Angular Momentum [kg*m^2/sec]: 1.692401e+42 
(TotEnergy) Total System Energy [kg*m^2/sec^2]: -1.177456e+40 
(PotEnergy) Body's non-orbital Potential Energy [kg*m^2/sec^2]: -1.183595e+40 
(KinEnergy) Body's non-orbital Kinetic Energy [kg*m^2/sec^2]: 6.144756e+37 
(DeltaTime) Average Timestep Over Last Output Interval [sec]: 0.000000 

----- BODY: star ----
Active Modules: FLARE STELLAR
Module Bit Sum: 577
Color: 000000
(Mass) Mass [kg]: 3.963506e+29 
(Radius) Radius [m]: 5.315101e+08 
(RadGyra) Radius of Gyration/Moment of Inertia Constant []: 0.455565 
(RotAngMom) Rotational Angular Momentum [kg*m^2/sec]: 1.689929e+42 
(RotVel) Rotational Velocity [m/sec]: 3.865251e+04 
(BodyType) Type of Body (0 == planet) []: 0.000000 
(RotRate) Rotational Frequency [/sec]: 7.272205e-05 
(RotPer) Rotational Period [sec]: 8.640000e+04 
(Density) Average Density [kg/m^3]: 630.167951 
(HZLimitDryRunaway) Semi-major axis of Dry Runaway HZ Limit [m]: 3.216504e+10 
(HZLimRecVenus) Recent Venus HZ Limit [m]: 2.881297e+10 
(HZLimRunaway) Runaway Greenhouse HZ Limit [m]: 3.800196e+10 
(HZLimMoistGreenhouse) Moist Greenhouse HZ Limit [m]: 3.812429e+10 
(HZLimMaxGreenhouse) Maximum Greenhouse HZ Limit [m]: 7.244102e+10 
(HZLimEarlyMars) Early Mars HZ Limit [m]: 7.900481e+10 
(Instellation) Orbit-averaged INcident STELLar radiATION [kg/sec^3]: -1.000000 
(CriticalSemiMajorAxis) Holman & Wiegert (1999) P-type Critical Semi-major Axis [m]: -1.000000 
(LXUVTot) Total XUV Luminosity [LSUN]: 0.000253 
(LostEnergy) Body's Total Lost Energy [kg*m^2/sec^2]: 5.562685e-309 
(LostAngMom) Lost Angular Momentum due to Magnetic Braking [kg*m^2/sec]: 5.562685e-309 
(EscapeVelocity) Escape Velocity [m/sec]: 3.155013e+05 
----- STELLAR PARAMETERS (star)------
(Luminosity) Luminosity [LSUN]: 0.056115 
(LXUVStellar) Base X-ray/XUV Luminosity [LSUN]: 0.000240 
(Temperature) Effective Temperature [K]: 3215.678157 
(LXUVFrac) Fraction of luminosity in XUV []: 0.004285 
(RossbyNumber) Rossby Number []: 0.016519 
(DRotPerDtStellar) Time Rate of Change of Rotation Period in STELLAR []: -1.019959e-10 
(WindTorque) Stellar Wind Torque []: 5.717735e+27 
----- FLARE PARAMETERS (star)------
(LXUVFlare) XUV Luminosity from flares [LSUN]: 1.250432e-05 
(FlareFreq1) First value of flare frequency range [/sec]: 1.864512e-06 
(FlareFreq2) Second value of flare frequency range [/sec]: 1.506531e-06 
(FlareFreq3) Third value of flare frequency range [/sec]: 1.217282e-06 
(FlareFreq4) Fourth value of flare frequency range [/sec]: 9.835675e-07 
(FlareFreqMin) Frequency of the flares with the lowest energy [/sec]: 1.864512e-06 
(FlareFreqMid) Frequency of the flares with the middle energy in the energy range [/sec]: 2.211542e-07 
(FlareFreqMax) Frequency of the flares with the highest energy [/sec]: 2.623163e-08 
(FlareEnergy1) First value of flare energy range [kg*m^2/sec^2]: 5.334000e+25 
(FlareEnergy2) Second value of flare energy range [kg*m^2/sec^2]: 7.534475e+25 
(FlareEnergy3) Third value of flare energy range [kg*m^2/sec^2]: 1.064273e+26 
(FlareEnergy4) Fourth value of flare energy range [kg*m^2/sec^2]: 1.503325e+26 
(FlareEnergyMin) Minimum flare energy [kg*m^2/sec^2]: 5.334000e+25 
(FlareEnergyMid) Middle flare energy in the range of energy values [kg*m^2/sec^2]: 1.686759e+27 
(FlareEnergyMax) Maximum flare energy [kg*m^2/sec^2]: 5.334000e+28 
(FlareYIntOUT) Instantaneous Davenport FFD y-intercept at current age and mass []: 19.407742 
(FlareSlopeOUT) Instantaneous Davenport FFD slope at current age and mass []: -0.617247 

Output Order: Time[year] Luminosity[LSUN] LXUVStellar[LSUN] LXUVFlare[LSUN] LXUVTot[LSUN]
Grid Output Order:

----- BODY: b ----
Active Modules: AtmEsc
Module Bit Sum: 9
Color: 000000
(Mass) Mass [kg]: 9.878231e+24 
(Radius) Radius [m]: 7.260048e+06 
(RadGyra) Radius of Gyration/Moment of Inertia Constant []: 0.500000 
(BodyType) Type of Body (0 == planet) []: 0.000000 
(Density) Average Density [kg/m^3]: 6162.714490 
(HZLimitDryRunaway) Semi-major axis of Dry Runaway HZ Limit [m]: 3.216644e+10 
(HZLimRecVenus) Recent Venus HZ Limit [m]: 2.881297e+10 
(HZLimRunaway) Runaway Greenhouse HZ Limit [m]: 3.800196e+10 
(HZLimMoistGreenhouse) Moist Greenhouse HZ Limit [m]: 3.812429e+10 
(HZLimMaxGreenhouse) Maximum Greenhouse HZ Limit [m]: 7.244102e+10 
(HZLimEarlyMars) Early Mars HZ Limit [m]: 7.900481e+10 
(Instellation) Orbit-averaged INcident STELLar radiATION [kg/sec^3]: 3.063763e+05 
(MeanMotion) Orbital Mean Motion [/sec]: 4.464443e-05 
(OrbPeriod) Orbital Period [sec]: 1.407384e+05 
(SemiMajorAxis) Semi-major Axis [m]: 2.367664e+09 
(LXUVTot) Total XUV Luminosity [kg/sec^3]: -1.000000 
(EscapeVelocity) Escape Velocity [m/sec]: 1.347681e+04 
----- ATMESC PARAMETERS (b)------
(SurfWaterMass) Surface water mass [kg]: 0.000000 
(EnvelopeMass) Envelope mass [kg]: 0.000000 
(OxygenMass) Oxygen mass in the atmosphere [kg]: 0.000000 
(RGLimit) Runaway greenhouse semi-major axis [m]: 3.642570e+10 
(XO) Atomic oxygen mixing ratio in upper atmosphere []: 0.000000 
(EtaO) Oxygen eta parameter (Luger and Barnes 2015) []: 0.000000 
(PlanetRadius) Planet radius [m]: 7.260048e+06 
(OxygenMantleMass) Mass of oxygen in mantle [kg]: 0.000000 
(RadXUV) XUV radius separating hydro. dyn. escape and equilibrium [m]: -1.000000 
(RadSolid) Radius to the solid surface [m]: -1.000000 
(PresXUV) Pressure at base of thermosphere [(null)]: 5.000000 
(ScaleHeight) Scale height in Lehmer & Catling (2016) model [m]: -1.000000 
(ThermTemp) Isothermal atmospheric temperature [K]: 400.000000 
(AtmGasConst) Atmospheric gas constant [(null)]: 4124.000000 
(PresSurf) Surface pressure due to atmosphere [Pa]: -1.000000 
(DEnvMassDt) Envelope Mass Loss Rate [kg/s]: 0.000000 
(FXUV) XUV flux [W/m^2]: 1381.115226 
(AtmXAbsEffH2O) XUV atmospheric escape efficiency for H2O []: 0.300000 
(RocheRadius) Roche Lobe Radius [m]: 4.795267e+07 
(BondiRadius) Bondi Radius [m]: 3.232297e+08 
(HEscapeRegime) Integer flag for H envelope escape regime []: 8.000000 
(RRCriticalFlux) Critical XUV Flux that separates RR and energy-limited escape [W/m^2]: 59.783183 
(CrossoverMass) Crossover mass, defines oxygen is escaping if mc > mo [kg]: 0.000000 
(WaterEscapeRegime) What water escape regime the code is currently in []: 8.000000 
(FXUVCRITDRAG) Critical Drag XUV flux [W/m^2]: 0.494103 
(HREFFLUX) The Hydrogen Reference Flux (m^-2 s^-1) [m^-2 s^-1]: 8.867497e+20 
(XO2) Molecular oxygen mixing ratio in atmosphere []: 0.000000 
(XH2O) Water mixing ratio in upper atmosphere []: 0.000000 
(HDiffFlux) The Hydrogen Diffusion Flux (m^-2 s^-1) [m^-2 s^-1]: 2.422077e+17 
(HRefODragMod) Multiply by H ref flux to get flux with drag []: 1.000000 
(KTide) Mass loss enhancement due to stellar gravity []: 0.774635 
(CumulativeXUVFlux) Cumulative XUV flux [W/m^2]: 0.000000 
(RunawayGreenhouseFlux) Incident flux that triggers runaway greenhouse [kg/sec^3]: 1294.319960 
(RGDuration) Runaway Greenhouse Duration [years]: 0.00000e+00

Output Order: Time[year] CumulativeXUVFlux[W/m^2]
Grid Output Order:



---- FINAL SYSTEM PROPERTIES ----
(Age) System Age [sec]: 2.102646e+17 
(Time) Simulation Time [sec]: 2.101105e+17 
(TotAngMom) Total Angular Momentum [kg*m^2/sec]: 1.691401e+42 
(TotEnergy) Total System Energy [kg*m^2/sec^2]: -1.178786e+40 
(PotEnergy) Body's non-orbital Potential Energy [kg*m^2/sec^2]: -4.170773e+40 
(KinEnergy) Body's non-orbital Kinetic Energy [kg*m^2/sec^2]: 6.692966e+32 
(DeltaTime) Average Timestep Over Last Output Interval [sec]: 1.577880e+13 

----- BODY: star ----
Active Modules: FLARE STELLAR
Module Bit Sum: 577
Color: 000000
(Mass) Mass [kg]: 3.963506e+29 
(Radius) Radius [m]: 1.508336e+08 
(RadGyra) Radius of Gyration/Moment of Inertia Constant []: 0.460197 
(RotAngMom) Rotational Angular Momentum [kg*m^2/sec]: 1.598845e+39 
(RotVel) Rotational Velocity [m/sec]: 126.281671 
(BodyType) Type of Body (0 == planet) []: 0.000000 
(RotRate) Rotational Frequency [/sec]: 8.372248e-07 
(RotPer) Rotational Period [sec]: 7.504777e+06 
(Density) Average Density [kg/m^3]: 2.757378e+04 
(HZLimitDryRunaway) Semi-major axis of Dry Runaway HZ Limit [m]: 9.402730e+09 
(HZLimRecVenus) Recent Venus HZ Limit [m]: 8.415447e+09 
(HZLimRunaway) Runaway Greenhouse HZ Limit [m]: 1.110377e+10 
(HZLimMoistGreenhouse) Moist Greenhouse HZ Limit [m]: 1.113502e+10 
(HZLimMaxGreenhouse) Maximum Greenhouse HZ Limit [m]: 2.112171e+10 
(HZLimEarlyMars) Early Mars HZ Limit [m]: 2.303560e+10 
(Instellation) Orbit-averaged INcident STELLar radiATION [kg/sec^3]: -1.000000 
(CriticalSemiMajorAxis) Holman & Wiegert (1999) P-type Critical Semi-major Axis [m]: -1.000000 
(LXUVTot) Total XUV Luminosity [LSUN]: 1.155341e-06 
(LostEnergy) Body's Total Lost Energy [kg*m^2/sec^2]: 2.991993e+40 
(LostAngMom) Lost Angular Momentum due to Magnetic Braking [kg*m^2/sec]: 1.687330e+42 
(EscapeVelocity) Escape Velocity [m/sec]: 5.922538e+05 
----- STELLAR PARAMETERS (star)------
(Luminosity) Luminosity [LSUN]: 0.004795 
(LXUVStellar) Base X-ray/XUV Luminosity [LSUN]: 7.826764e-07 
(Temperature) Effective Temperature [K]: 3260.576863 
(LXUVFrac) Fraction of luminosity in XUV []: 0.000163 
(RossbyNumber) Rossby Number []: 1.468255 
(DRotPerDtStellar) Time Rate of Change of Rotation Period in STELLAR []: 1.633049e-11 
(WindTorque) Stellar Wind Torque []: 3.565155e+21 
----- FLARE PARAMETERS (star)------
(LXUVFlare) XUV Luminosity from flares [LSUN]: 3.726401e-07 
(FlareFreq1) First value of flare frequency range [/sec]: 5.721771e-07 
(FlareFreq2) Second value of flare frequency range [/sec]: 3.938604e-07 
(FlareFreq3) Third value of flare frequency range [/sec]: 2.711154e-07 
(FlareFreq4) Fourth value of flare frequency range [/sec]: 1.866234e-07 
(FlareFreqMin) Frequency of the flares with the lowest energy [/sec]: 5.721771e-07 
(FlareFreqMid) Frequency of the flares with the middle energy in the energy range [/sec]: 1.366624e-08 
(FlareFreqMax) Frequency of the flares with the highest energy [/sec]: 3.264132e-10 
(FlareEnergy1) First value of flare energy range [kg*m^2/sec^2]: 5.334000e+25 
(FlareEnergy2) Second value of flare energy range [kg*m^2/sec^2]: 7.534475e+25 
(FlareEnergy3) Third value of flare energy range [kg*m^2/sec^2]: 1.064273e+26 
(FlareEnergy4) Fourth value of flare energy range [kg*m^2/sec^2]: 1.503325e+26 
(FlareEnergyMin) Minimum flare energy [kg*m^2/sec^2]: 5.334000e+25 
(FlareEnergyMid) Middle flare energy in the range of energy values [kg*m^2/sec^2]: 1.686759e+27 
(FlareEnergyMax) Maximum flare energy [kg*m^2/sec^2]: 5.334000e+28 
(FlareYIntOUT) Instantaneous Davenport FFD y-intercept at current age and mass []: 34.080310 
(FlareSlopeOUT) Instantaneous Davenport FFD slope at current age and mass []: -1.081254 

Output Order: Time[year] Luminosity[LSUN] LXUVStellar[LSUN] LXUVFlare[LSUN] LXUVTot[LSUN]
Grid Output Order:

----- BODY: b ----
Active Modules: AtmEsc
Module Bit Sum: 9
Color: 000000
(Mass) Mass [kg]: 9.878231e+24 
(Radius) Radius [m]: 7.260048e+06 
(RadGyra) Radius of Gyration/Moment of Inertia Constant []: 0.500000 
(BodyType) Type of Body (0 == planet) []: 0.000000 
(Density) Average Density [kg/m^3]: 6162.714490 
(HZLimitDryRunaway) Semi-major axis of Dry Runaway HZ Limit [m]: 9.403137e+09 
(HZLimRecVenus) Recent Venus HZ Limit [m]: 8.415447e+09 
(HZLimRunaway) Runaway Greenhouse HZ Limit [m]: 1.110377e+10 
(HZLimMoistGreenhouse) Moist Greenhouse HZ Limit [m]: 1.113502e+10 
(HZLimMaxGreenhouse) Maximum Greenhouse HZ Limit [m]: 2.112171e+10 
(HZLimEarlyMars) Early Mars HZ Limit [m]: 2.303560e+10 
(Instellation) Orbit-averaged INcident STELLar radiATION [kg/sec^3]: 2.618151e+04 
(MeanMotion) Orbital Mean Motion [/sec]: 4.464443e-05 
(OrbPeriod) Orbital Period [sec]: 1.407384e+05 
(SemiMajorAxis) Semi-major Axis [m]: 2.367664e+09 
(LXUVTot) Total XUV Luminosity [kg/sec^3]: -1.000000 
(EscapeVelocity) Escape Velocity [m/sec]: 1.347681e+04 
----- ATMESC PARAMETERS (b)------
(SurfWaterMass) Surface water mass [kg]: 0.000000 
(EnvelopeMass) Envelope mass [kg]: 0.000000 
(OxygenMass) Oxygen mass in the atmosphere [kg]: 0.000000 
(RGLimit) Runaway greenhouse semi-major axis [m]: 1.064342e+10 
(XO) Atomic oxygen mixing ratio in upper atmosphere []: 0.000000 
(EtaO) Oxygen eta parameter (Luger and Barnes 2015) []: 0.000000 
(PlanetRadius) Planet radius [m]: 7.260048e+06 
(OxygenMantleMass) Mass of oxygen in mantle [kg]: 0.000000 
(RadXUV) XUV radius separating hydro. dyn. escape and equilibrium [m]: -1.000000 
(RadSolid) Radius to the solid surface [m]: -1.000000 
(PresXUV) Pressure at base of thermosphere [(null)]: 5.000000 
(ScaleHeight) Scale height in Lehmer & Catling (2016) model [m]: -1.000000 
(ThermTemp) Isothermal atmospheric temperature [K]: 400.000000 
(AtmGasConst) Atmospheric gas constant [(null)]: 4124.000000 
(PresSurf) Surface pressure due to atmosphere [Pa]: -1.000000 
(DEnvMassDt) Envelope Mass Loss Rate [kg/s]: 0.000000 
(FXUV) XUV flux [W/m^2]: 6.307950 
(AtmXAbsEffH2O) XUV atmospheric escape efficiency for H2O []: 0.300000 
(RocheRadius) Roche Lobe Radius [m]: 4.795267e+07 
(BondiRadius) Bondi Radius [m]: 5.984061e+08 
(HEscapeRegime) Integer flag for H envelope escape regime []: 8.000000 
(RRCriticalFlux) Critical XUV Flux that separates RR and energy-limited escape [W/m^2]: 59.783183 
(CrossoverMass) Crossover mass, defines oxygen is escaping if mc > mo [kg]: 0.000000 
(WaterEscapeRegime) What water escape regime the code is currently in []: 8.000000 
(FXUVCRITDRAG) Critical Drag XUV flux [W/m^2]: 0.494103 
(HREFFLUX) The Hydrogen Reference Flux (m^-2 s^-1) [m^-2 s^-1]: 4.050041e+18 
(XO2) Molecular oxygen mixing ratio in atmosphere []: 0.000000 
(XH2O) Water mixing ratio in upper atmosphere []: 0.000000 
(HDiffFlux) The Hydrogen Diffusion Flux (m^-2 s^-1) [m^-2 s^-1]: 2.422077e+17 
(HRefODragMod) Multiply by H ref flux to get flux with drag []: 1.000000 
(KTide) Mass loss enhancement due to stellar gravity []: 0.774635 
(CumulativeXUVFlux) Cumulative XUV flux [W/m^2]: 7.014741e+18 
(RunawayGreenhouseFlux) Incident flux that triggers runaway greenhouse [kg/sec^3]: 1295.492744 
(RGDuration) Runaway Greenhouse Duration [years]: 0.00000e+00

Output Order: Time[year] CumulativeXUVFlux[W/m^2]
Grid Output Order:
