-------- Log file gj1132.log -------

Executable: /home/vplanet/.local/bin/vplanet
Version: v1.0.0-10152-g6bccf9cc92a813bfdb457599676b24250ebfa7a1
System Name: gj1132
Primary Input File: vpl.in
Body File #1: star.in
Body File #2: b.in
Allow files to be overwitten: Yes
Mass Units: Grams
Length Units: Meters
Time Units: Seconds
Angle Units: Radians

------- FORMATTING -----
Verbosity Level: 5
Crossover Decade for Scientific Notation: 4
Number of Digits After Decimal: 6
Integration Method: Runge-Kutta4
Direction: Forward
Time Step: 3.155760e+07
Stop Time: 2.050509e+17
Output Interval: 3.155760e+13
Use Variable Timestep: Yes
dEta: 0.010000
Minimum Value of ecc and obl: 1.000000e-10


---- INITIAL SYSTEM PROPERTIES ----
(Age) System Age [sec]: 1.827172e+14 
(Time) Simulation Time [sec]: 0.000000 
(TotAngMom) Total Angular Momentum [kg*m^2/sec]: 1.462463e+42 
(TotEnergy) Total System Energy [kg*m^2/sec^2]: -1.240953e+40 
(PotEnergy) Body's non-orbital Potential Energy [kg*m^2/sec^2]: -1.246256e+40 
(KinEnergy) Body's non-orbital Kinetic Energy [kg*m^2/sec^2]: 5.308517e+37 
(DeltaTime) Average Timestep Over Last Output Interval [sec]: 0.000000 

----- BODY: star ----
Active Modules: FLARE STELLAR
Module Bit Sum: 577
Color: 000000
(Mass) Mass [kg]: 3.926866e+29 
(TimeStepVar) Number of variable responsible for setting timestep []: 0.000000 
(Radius) Radius [m]: 4.954964e+08 
(RadGyra) Radius of Gyration/Moment of Inertia Constant []: 0.456323 
(RotAngMom) Rotational Angular Momentum [kg*m^2/sec]: 1.459947e+42 
(RotVel) Rotational Velocity [m/sec]: 3.603352e+04 
(BodyType) Type of Body (0 == planet) []: 0.000000 
(RotRate) Rotational Frequency [/sec]: 7.272205e-05 
(RotPer) Rotational Period [sec]: 8.640000e+04 
(Density) Average Density [kg/m^3]: 770.612254 
(HZLimitDryRunaway) Semi-major axis of Dry Runaway HZ Limit [m]: 3.005080e+10 
(HZLimRecVenus) Recent Venus HZ Limit [m]: 2.691736e+10 
(HZLimRunaway) Runaway Greenhouse HZ Limit [m]: 3.550285e+10 
(HZLimMoistGreenhouse) Moist Greenhouse HZ Limit [m]: 3.561609e+10 
(HZLimMaxGreenhouse) Maximum Greenhouse HZ Limit [m]: 6.766670e+10 
(HZLimEarlyMars) Early Mars HZ Limit [m]: 7.379790e+10 
(Instellation) Orbit-averaged INcident STELLar radiATION [kg/sec^3]: -1.000000 
(CriticalSemiMajorAxis) Holman & Wiegert (1999) P-type Critical Semi-major Axis [m]: -1.000000 
(LXUVTot) Total XUV Luminosity [LSUN]: 0.000102 
(LostEnergy) Body's Total Lost Energy [kg*m^2/sec^2]: 5.562685e-309 
(LostAngMom) Lost Angular Momentum due to Magnetic Braking [kg*m^2/sec]: 5.562685e-309 
(EscapeVelocity) Escape Velocity [m/sec]: 3.252520e+05 
(CassiniL) Correia (2015)'s Cassini state angular momnetum invariant []: -1.000000 
(CassiniG1) Correia (2015)'s Cassini state G1 parameter []: -1.000000 
(CassiniG2) Correia (2015)'s Cassini state G2 parameter []: -1.000000 
(CassiniAlpha1) Correia (2015)'s Cassini state alpha1 parameter []: -1.000000 
(CassiniAlpha2) Correia (2015)'s Cassini state alpha2 parameter []: -1.000000 
(CassiniGamma) Correia (2015)'s Cassini state gamma parameter []: -1.000000 
----- STELLAR PARAMETERS (star)------
(Luminosity) Luminosity [LSUN]: 0.048980 
(LXUVStellar) Quiescent XUV Luminosity [LSUN]: 9.094174e-05 
(Temperature) Effective Temperature [K]: 3218.944220 
(LXUVFrac) Fraction of luminosity in XUV []: 0.001857 
(RossbyNumber) Rossby Number []: 0.016547 
(DRotPerDtStellar) Time Rate of Change of Rotation Period in STELLAR []: -8.821200e-11 
(WindTorque) Stellar Wind Torque []: 3.957317e+27 
----- FLARE PARAMETERS (star)------
(LXUVFlare) XUV Luminosity from flares [LSUN]: 1.135299e-05 
(FlareFreq1) First value of flare frequency range [/sec]: 8.172039e-07 
(FlareFreq2) Second value of flare frequency range [/sec]: 6.578881e-07 
(FlareFreq3) Third value of flare frequency range [/sec]: 5.296313e-07 
(FlareFreq4) Fourth value of flare frequency range [/sec]: 4.263784e-07 
(FlareFreqMin) Frequency of the flares with the lowest energy [/sec]: 8.172039e-07 
(FlareFreqMid) Frequency of the flares with the middle energy in the energy range [/sec]: 9.344289e-08 
(FlareFreqMax) Frequency of the flares with the highest energy [/sec]: 1.068469e-08 
(FlareEnergy1) First value of flare energy range [kg*m^2/sec^2]: 1.000000e+26 
(FlareEnergy2) Second value of flare energy range [kg*m^2/sec^2]: 1.412538e+26 
(FlareEnergy3) Third value of flare energy range [kg*m^2/sec^2]: 1.995262e+26 
(FlareEnergy4) Fourth value of flare energy range [kg*m^2/sec^2]: 2.818383e+26 
(FlareEnergyMin) Minimum flare energy [kg*m^2/sec^2]: 1.000000e+26 
(FlareEnergyMid) Middle flare energy in the range of energy values [kg*m^2/sec^2]: 3.162278e+27 
(FlareEnergyMax) Maximum flare energy [kg*m^2/sec^2]: 1.000000e+29 
(FlareEnergyXUV1) First value of flare energy range in XUV [kg*m^2/sec^2]: 1.875000e+26 
(FlareEnergyXUV2) Second value of flare energy range in XUV [kg*m^2/sec^2]: 2.648508e+26 
(FlareEnergyXUV3) Third value of flare energy range in XUV [kg*m^2/sec^2]: 3.741117e+26 
(FlareEnergyXUV4) Fourth value of flare energy range in XUV [kg*m^2/sec^2]: 5.284468e+26 
(FlareEnergyXUVMin) Minimum flare energy in the XUV range [kg*m^2/sec^2]: 1.875000e+26 
(FlareEnergyXUVMid) Middle flare energy in the range of energy values of XUV [kg*m^2/sec^2]: 5.929271e+27 
(FlareEnergyXUVMax) Maximum flare energy in the XUV range [kg*m^2/sec^2]: 1.875000e+29 
(FlareYIntOUT) FFD Y-Intercept [/sec]: 19.739502 
(FlareSlopeOUT) FFD slope [kg*m^2/sec^3]: -0.627856 
(CMEFluence30MeV) Particle flux of 30 MeV protons due to CMEs at the stellar surface [m^-2 sec^-1]: 1.579388e+21 
(FlareFreqKepler1) First Kepler-band flare frequency [/sec]: 1.212651e-06 
(FlareFreqKepler2) Second Kepler-band flare frequency [/sec]: 9.762422e-07 
(FlareFreqKepler3) Third Kepler-band flare frequency [/sec]: 7.859214e-07 
(FlareFreqKepler4) Fourth Kepler-band flare frequency [/sec]: 6.327042e-07 

Output Order: Time[year] Luminosity[LSUN] LXUVStellar[LSUN] LXUVFlare[LSUN] LXUVTot[LSUN]
Grid Output Order:

----- BODY: b ----
Active Modules: AtmEsc
Module Bit Sum: 9
Color: 000000
(Mass) Mass [kg]: 1.011770e+25 
(TimeStepVar) Number of variable responsible for setting timestep []: 0.000000 
(Radius) Radius [m]: 7.213890e+06 
(RadGyra) Radius of Gyration/Moment of Inertia Constant []: 0.500000 
(BodyType) Type of Body (0 == planet) []: 0.000000 
(Density) Average Density [kg/m^3]: 6434.051648 
(SurfWaterMass) Surface water mass [kg]: 0.000000 
(HZLimitDryRunaway) Semi-major axis of Dry Runaway HZ Limit [m]: 3.005113e+10 
(HZLimRecVenus) Recent Venus HZ Limit [m]: 2.691736e+10 
(HZLimRunaway) Runaway Greenhouse HZ Limit [m]: 3.550285e+10 
(HZLimMoistGreenhouse) Moist Greenhouse HZ Limit [m]: 3.561609e+10 
(HZLimMaxGreenhouse) Maximum Greenhouse HZ Limit [m]: 6.766670e+10 
(HZLimEarlyMars) Early Mars HZ Limit [m]: 7.379790e+10 
(Instellation) Orbit-averaged INcident STELLar radiATION [kg/sec^3]: 2.690765e+05 
(MeanMotion) Orbital Mean Motion [/sec]: 4.464460e-05 
(OrbPeriod) Orbital Period [sec]: 1.407378e+05 
(SemiMajorAxis) Semi-major Axis [m]: 2.360340e+09 
(LXUVTot) Total XUV Luminosity [kg/sec^3]: -1.000000 
(EscapeVelocity) Escape Velocity [m/sec]: 1.368275e+04 
(CassiniL) Correia (2015)'s Cassini state angular momnetum invariant []: -1.000000 
(CassiniG1) Correia (2015)'s Cassini state G1 parameter []: -1.000000 
(CassiniG2) Correia (2015)'s Cassini state G2 parameter []: -1.000000 
(CassiniAlpha1) Correia (2015)'s Cassini state alpha1 parameter []: -1.000000 
(CassiniAlpha2) Correia (2015)'s Cassini state alpha2 parameter []: -1.000000 
(CassiniGamma) Correia (2015)'s Cassini state gamma parameter []: -1.000000 
----- ATMESC PARAMETERS (b)------
(OceanMassLost) Ocean Mass Lost [kg]: 0.000000 
(WaterLossRate) Water Loss Rate [kg/sec]: 5.562685e-309 
(EnvelopeMass) Envelope mass [kg]: 0.000000 
(OxygenMass) Oxygen mass in the atmosphere [kg]: 0.000000 
(RGLimit) Runaway greenhouse semi-major axis [m]: 3.401205e+10 
(XO) Atomic oxygen mixing ratio in upper atmosphere []: 0.000000 
(EtaO) Oxygen eta parameter (Luger and Barnes 2015) []: 0.000000 
(PlanetRadius) Planet radius [m]: 7.213890e+06 
(OxygenMantleMass) Mass of oxygen in mantle [kg]: 0.000000 
(RadXUV) XUV radius separating hydro. dyn. escape and equilibrium [m]: -1.000000 
(RadSolid) Radius to the solid surface [m]: -1.000000 
(PresXUV) Pressure at base of thermosphere [kg/m/sec^2]: 5.000000 
(ScaleHeight) Scale height in Lehmer & Catling (2016) model [m]: -1.000000 
(ThermTemp) Isothermal atmospheric temperature [K]: 400.000000 
(AtmGasConst) Atmospheric gas constant [kg*m^2/sec^2/K/kg]: 1.700738e+04 
(PresSurf) Surface pressure due to atmosphere [kg/m/sec^2]: -1.000000 
(DEnvMassDt) Envelope Mass Loss Rate [kg/sec]: 0.000000 
(FXUV) XUV flux [W/m^2]: 561.963841 
(AtmXAbsEffH2O) XUV atmospheric escape efficiency for H2O []: 0.300000 
(RocheRadius) Roche Lobe Radius [m]: 4.833697e+07 
(BondiRadius) Bondi Radius [m]: 3.430688e+08 
(HEscapeRegime) Integer flag for H envelope escape regime []: 8.000000 
(RRCriticalFlux) Critical XUV Flux that separates RR and energy-limited escape [W/m^2]: 64.451859 
(CrossoverMass) Crossover mass, defines oxygen is escaping if mc > mo [kg]: 0.000000 
(WaterEscapeRegime) What water escape regime the code is currently in []: 8.000000 
(FXUVCRITDRAG) Critical Drag XUV flux [W/m^2]: -0.000000 
(HREFFLUX) The Hydrogen Reference Flux [m^-2 sec^-1]: 3.486071e+20 
(XO2) Molecular oxygen mixing ratio in atmosphere []: 0.000000 
(XH2O) Water mixing ratio in upper atmosphere []: 0.000000 
(HDiffFlux) The Hydrogen Diffusion Flux [m^-2 sec^-1]: -0.000000 
(HRefODragMod) Multiply by H ref flux to get flux with drag []: 1.000000 
(KTide) Mass loss enhancement due to stellar gravity []: 0.777800 
(CumulativeXUVFlux) Cumulative XUV flux [W/m^2]: 0.000000 
(CMELossHydrogen) Mass of hydrogen lost due to CME stripping [kg]: 0.000000 
(CMELossWater) Mass of water lost due to CME stripping [kg]: 0.000000 
(CMELossOxygen) Mass of oxygen lost due to CME stripping [kg]: 0.000000 
(CMELossCO2) Mass of carbon dioxide lost due to CME stripping [kg]: 0.000000 
(DEnvMassDtCME) Envelope Mass Loss Rate due to CMEs [kg/sec]: 0.000000 
(DWaterMassDtCME) Water Mass Loss Rate due to CMEs [kg/sec]: 0.000000 
(DCO2MassDtCME) CO2 Mass Loss Rate due to CMEs [kg/sec]: 0.000000 
(DOxygenMassDtCME) Oxygen Mass Loss Rate due to CMEs [kg/sec]: 0.000000 
(RGDuration) Runaway Greenhouse Duration [years]: 0.00000e+00

Output Order: Time[year] CumulativeXUVFlux[W/m^2]
Grid Output Order:



---- FINAL SYSTEM PROPERTIES ----
(Age) System Age [sec]: 2.052428e+17 
(Time) Simulation Time [sec]: 2.050601e+17 
(TotAngMom) Total Angular Momentum [kg*m^2/sec]: 1.461038e+42 
(TotEnergy) Total System Energy [kg*m^2/sec^2]: -1.241641e+40 
(PotEnergy) Body's non-orbital Potential Energy [kg*m^2/sec^2]: -4.151834e+40 
(KinEnergy) Body's non-orbital Kinetic Energy [kg*m^2/sec^2]: 6.790352e+32 
(DeltaTime) Average Timestep Over Last Output Interval [sec]: 3.155760e+13 

----- BODY: star ----
Active Modules: FLARE STELLAR
Module Bit Sum: 577
Color: 000000
(Mass) Mass [kg]: 3.926866e+29 
(TimeStepVar) Number of variable responsible for setting timestep []: 1502.000000 
(Radius) Radius [m]: 1.487331e+08 
(RadGyra) Radius of Gyration/Moment of Inertia Constant []: 0.460328 
(RotAngMom) Rotational Angular Momentum [kg*m^2/sec]: 1.581099e+39 
(RotVel) Rotational Velocity [m/sec]: 127.752973 
(BodyType) Type of Body (0 == planet) []: 0.000000 
(RotRate) Rotational Frequency [/sec]: 8.589409e-07 
(RotPer) Rotational Period [sec]: 7.315038e+06 
(Density) Average Density [kg/m^3]: 2.849274e+04 
(HZLimitDryRunaway) Semi-major axis of Dry Runaway HZ Limit [m]: 9.244918e+09 
(HZLimRecVenus) Recent Venus HZ Limit [m]: 8.275230e+09 
(HZLimRunaway) Runaway Greenhouse HZ Limit [m]: 1.091814e+10 
(HZLimMoistGreenhouse) Moist Greenhouse HZ Limit [m]: 1.094949e+10 
(HZLimMaxGreenhouse) Maximum Greenhouse HZ Limit [m]: 2.077479e+10 
(HZLimEarlyMars) Early Mars HZ Limit [m]: 2.265722e+10 
(Instellation) Orbit-averaged INcident STELLar radiATION [kg/sec^3]: -1.000000 
(CriticalSemiMajorAxis) Holman & Wiegert (1999) P-type Critical Semi-major Axis [m]: -1.000000 
(LXUVTot) Total XUV Luminosity [LSUN]: 6.605754e-07 
(LostEnergy) Body's Total Lost Energy [kg*m^2/sec^2]: 2.910199e+40 
(LostAngMom) Lost Angular Momentum due to Magnetic Braking [kg*m^2/sec]: 1.456941e+42 
(EscapeVelocity) Escape Velocity [m/sec]: 5.936580e+05 
(CassiniL) Correia (2015)'s Cassini state angular momnetum invariant []: -1.000000 
(CassiniG1) Correia (2015)'s Cassini state G1 parameter []: -1.000000 
(CassiniG2) Correia (2015)'s Cassini state G2 parameter []: -1.000000 
(CassiniAlpha1) Correia (2015)'s Cassini state alpha1 parameter []: -1.000000 
(CassiniAlpha2) Correia (2015)'s Cassini state alpha2 parameter []: -1.000000 
(CassiniGamma) Correia (2015)'s Cassini state gamma parameter []: -1.000000 
----- STELLAR PARAMETERS (star)------
(Luminosity) Luminosity [LSUN]: 0.004636 
(LXUVStellar) Quiescent XUV Luminosity [LSUN]: 2.833592e-07 
(Temperature) Effective Temperature [K]: 3254.289668 
(LXUVFrac) Fraction of luminosity in XUV []: 6.112552e-05 
(RossbyNumber) Rossby Number []: 1.426533 
(DRotPerDtStellar) Time Rate of Change of Rotation Period in STELLAR []: 1.749677e-11 
(WindTorque) Stellar Wind Torque []: 3.783474e+21 
----- FLARE PARAMETERS (star)------
(LXUVFlare) XUV Luminosity from flares [LSUN]: 3.771920e-07 
(FlareFreq1) First value of flare frequency range [/sec]: 1.483437e-07 
(FlareFreq2) Second value of flare frequency range [/sec]: 1.021466e-07 
(FlareFreq3) Third value of flare frequency range [/sec]: 7.033615e-08 
(FlareFreq4) Fourth value of flare frequency range [/sec]: 4.843211e-08 
(FlareFreqMin) Frequency of the flares with the lowest energy [/sec]: 1.483437e-07 
(FlareFreqMid) Frequency of the flares with the middle energy in the energy range [/sec]: 3.554813e-09 
(FlareFreqMax) Frequency of the flares with the highest energy [/sec]: 8.518528e-11 
(FlareEnergy1) First value of flare energy range [kg*m^2/sec^2]: 1.000000e+26 
(FlareEnergy2) Second value of flare energy range [kg*m^2/sec^2]: 1.412538e+26 
(FlareEnergy3) Third value of flare energy range [kg*m^2/sec^2]: 1.995262e+26 
(FlareEnergy4) Fourth value of flare energy range [kg*m^2/sec^2]: 2.818383e+26 
(FlareEnergyMin) Minimum flare energy [kg*m^2/sec^2]: 1.000000e+26 
(FlareEnergyMid) Middle flare energy in the range of energy values [kg*m^2/sec^2]: 3.162278e+27 
(FlareEnergyMax) Maximum flare energy [kg*m^2/sec^2]: 1.000000e+29 
(FlareEnergyXUV1) First value of flare energy range in XUV [kg*m^2/sec^2]: 1.875000e+26 
(FlareEnergyXUV2) Second value of flare energy range in XUV [kg*m^2/sec^2]: 2.648508e+26 
(FlareEnergyXUV3) Third value of flare energy range in XUV [kg*m^2/sec^2]: 3.741117e+26 
(FlareEnergyXUV4) Fourth value of flare energy range in XUV [kg*m^2/sec^2]: 5.284468e+26 
(FlareEnergyXUVMin) Minimum flare energy in the XUV range [kg*m^2/sec^2]: 1.875000e+26 
(FlareEnergyXUVMid) Middle flare energy in the range of energy values of XUV [kg*m^2/sec^2]: 5.929271e+27 
(FlareEnergyXUVMax) Maximum flare energy in the XUV range [kg*m^2/sec^2]: 1.875000e+29 
(FlareYIntOUT) FFD Y-Intercept [/sec]: 34.052656 
(FlareSlopeOUT) FFD slope [kg*m^2/sec^3]: -1.080302 
(CMEFluence30MeV) Particle flux of 30 MeV protons due to CMEs at the stellar surface [m^-2 sec^-1]: 5.824175e+20 
(FlareFreqKepler1) First Kepler-band flare frequency [/sec]: 2.925451e-07 
(FlareFreqKepler2) Second Kepler-band flare frequency [/sec]: 2.014408e-07 
(FlareFreqKepler3) Third Kepler-band flare frequency [/sec]: 1.387083e-07 
(FlareFreqKepler4) Fourth Kepler-band flare frequency [/sec]: 9.551181e-08 

Output Order: Time[year] Luminosity[LSUN] LXUVStellar[LSUN] LXUVFlare[LSUN] LXUVTot[LSUN]
Grid Output Order:

----- BODY: b ----
Active Modules: AtmEsc
Module Bit Sum: 9
Color: 000000
(Mass) Mass [kg]: 1.011770e+25 
(TimeStepVar) Number of variable responsible for setting timestep []: 1502.000000 
(Radius) Radius [m]: 7.213890e+06 
(RadGyra) Radius of Gyration/Moment of Inertia Constant []: 0.500000 
(BodyType) Type of Body (0 == planet) []: 0.000000 
(Density) Average Density [kg/m^3]: 6434.051648 
(SurfWaterMass) Surface water mass [kg]: 0.000000 
(HZLimitDryRunaway) Semi-major axis of Dry Runaway HZ Limit [m]: 9.245021e+09 
(HZLimRecVenus) Recent Venus HZ Limit [m]: 8.275230e+09 
(HZLimRunaway) Runaway Greenhouse HZ Limit [m]: 1.091814e+10 
(HZLimMoistGreenhouse) Moist Greenhouse HZ Limit [m]: 1.094949e+10 
(HZLimMaxGreenhouse) Maximum Greenhouse HZ Limit [m]: 2.077479e+10 
(HZLimEarlyMars) Early Mars HZ Limit [m]: 2.265722e+10 
(Instellation) Orbit-averaged INcident STELLar radiATION [kg/sec^3]: 2.546654e+04 
(MeanMotion) Orbital Mean Motion [/sec]: 4.464460e-05 
(OrbPeriod) Orbital Period [sec]: 1.407378e+05 
(SemiMajorAxis) Semi-major Axis [m]: 2.360340e+09 
(LXUVTot) Total XUV Luminosity [kg/sec^3]: -1.000000 
(EscapeVelocity) Escape Velocity [m/sec]: 1.368275e+04 
(CassiniL) Correia (2015)'s Cassini state angular momnetum invariant []: -1.000000 
(CassiniG1) Correia (2015)'s Cassini state G1 parameter []: -1.000000 
(CassiniG2) Correia (2015)'s Cassini state G2 parameter []: -1.000000 
(CassiniAlpha1) Correia (2015)'s Cassini state alpha1 parameter []: -1.000000 
(CassiniAlpha2) Correia (2015)'s Cassini state alpha2 parameter []: -1.000000 
(CassiniGamma) Correia (2015)'s Cassini state gamma parameter []: -1.000000 
----- ATMESC PARAMETERS (b)------
(OceanMassLost) Ocean Mass Lost [kg]: 0.000000 
(WaterLossRate) Water Loss Rate [kg/sec]: 5.562685e-309 
(EnvelopeMass) Envelope mass [kg]: 0.000000 
(OxygenMass) Oxygen mass in the atmosphere [kg]: 0.000000 
(RGLimit) Runaway greenhouse semi-major axis [m]: 1.045984e+10 
(XO) Atomic oxygen mixing ratio in upper atmosphere []: 0.000000 
(EtaO) Oxygen eta parameter (Luger and Barnes 2015) []: 0.000000 
(PlanetRadius) Planet radius [m]: 7.213890e+06 
(OxygenMantleMass) Mass of oxygen in mantle [kg]: 0.000000 
(RadXUV) XUV radius separating hydro. dyn. escape and equilibrium [m]: -1.000000 
(RadSolid) Radius to the solid surface [m]: -1.000000 
(PresXUV) Pressure at base of thermosphere [kg/m/sec^2]: 5.000000 
(ScaleHeight) Scale height in Lehmer & Catling (2016) model [m]: -1.000000 
(ThermTemp) Isothermal atmospheric temperature [K]: 400.000000 
(AtmGasConst) Atmospheric gas constant [kg*m^2/sec^2/K/kg]: 1.700738e+04 
(PresSurf) Surface pressure due to atmosphere [kg/m/sec^2]: -1.000000 
(DEnvMassDt) Envelope Mass Loss Rate [kg/sec]: 0.000000 
(FXUV) XUV flux [W/m^2]: 3.628921 
(AtmXAbsEffH2O) XUV atmospheric escape efficiency for H2O []: 0.300000 
(RocheRadius) Roche Lobe Radius [m]: 4.833697e+07 
(BondiRadius) Bondi Radius [m]: 6.193767e+08 
(HEscapeRegime) Integer flag for H envelope escape regime []: 8.000000 
(RRCriticalFlux) Critical XUV Flux that separates RR and energy-limited escape [W/m^2]: 64.451859 
(CrossoverMass) Crossover mass, defines oxygen is escaping if mc > mo [kg]: 0.000000 
(WaterEscapeRegime) What water escape regime the code is currently in []: 8.000000 
(FXUVCRITDRAG) Critical Drag XUV flux [W/m^2]: -0.000000 
(HREFFLUX) The Hydrogen Reference Flux [m^-2 sec^-1]: 2.251155e+18 
(XO2) Molecular oxygen mixing ratio in atmosphere []: 0.000000 
(XH2O) Water mixing ratio in upper atmosphere []: 0.000000 
(HDiffFlux) The Hydrogen Diffusion Flux [m^-2 sec^-1]: -0.000000 
(HRefODragMod) Multiply by H ref flux to get flux with drag []: 1.000000 
(KTide) Mass loss enhancement due to stellar gravity []: 0.777800 
(CumulativeXUVFlux) Cumulative XUV flux [W/m^2]: 3.307972e+18 
(CMELossHydrogen) Mass of hydrogen lost due to CME stripping [kg]: 0.000000 
(CMELossWater) Mass of water lost due to CME stripping [kg]: 0.000000 
(CMELossOxygen) Mass of oxygen lost due to CME stripping [kg]: 0.000000 
(CMELossCO2) Mass of carbon dioxide lost due to CME stripping [kg]: 0.000000 
(DEnvMassDtCME) Envelope Mass Loss Rate due to CMEs [kg/sec]: 0.000000 
(DWaterMassDtCME) Water Mass Loss Rate due to CMEs [kg/sec]: 0.000000 
(DCO2MassDtCME) CO2 Mass Loss Rate due to CMEs [kg/sec]: 0.000000 
(DOxygenMassDtCME) Oxygen Mass Loss Rate due to CMEs [kg/sec]: 0.000000 
(RGDuration) Runaway Greenhouse Duration [years]: 0.00000e+00

Output Order: Time[year] CumulativeXUVFlux[W/m^2]
Grid Output Order:
