-------- Log file gj1132.log -------

Executable: /home/vplanet/.local/bin/vplanet
Version: Unknown
System Name: gj1132
Primary Input File: vpl.in
Body File #1: star.in
Body File #2: b.in
Allow files to be overwitten: Yes
Mass Units: Grams
Length Units: Meters
Time Units: Seconds
Angle Units: Radians

------- FORMATTING -----
Verbosity Level: 5
Crossover Decade for Scientific Notation: 4
Number of Digits After Decimal: 6
Integration Method: Runge-Kutta4
Direction: Forward
Time Step: 3.155760e+07
Stop Time: 2.230985e+17
Output Interval: 3.155760e+13
Use Variable Timestep: Yes
dEta: 0.010000
Minimum Value of ecc and obl: 1.000000e-10


---- INITIAL SYSTEM PROPERTIES ----
(Age) System Age [sec]: 1.343232e+14 
(Time) Simulation Time [sec]: 0.000000 
(TotAngMom) Total Angular Momentum [kg*m^2/sec]: 1.916621e+42 
(TotEnergy) Total System Energy [kg*m^2/sec^2]: -1.143992e+40 
(PotEnergy) Body's non-orbital Potential Energy [kg*m^2/sec^2]: -1.150946e+40 
(KinEnergy) Body's non-orbital Kinetic Energy [kg*m^2/sec^2]: 6.959916e+37 
(DeltaTime) Average Timestep Over Last Output Interval [sec]: 0.000000 

----- BODY: star ----
Active Modules: FLARE STELLAR
Module Bit Sum: 577
Color: 000000
(Mass) Mass [kg]: 4.020813e+29 
(Radius) Radius [m]: 5.625075e+08 
(RadGyra) Radius of Gyration/Moment of Inertia Constant []: 0.454847 
(RotAngMom) Rotational Angular Momentum [kg*m^2/sec]: 1.914114e+42 
(RotVel) Rotational Velocity [m/sec]: 4.090670e+04 
(BodyType) Type of Body (0 == planet) []: 0.000000 
(RotRate) Rotational Frequency [/sec]: 7.272205e-05 
(RotPer) Rotational Period [sec]: 8.640000e+04 
(Density) Average Density [kg/m^3]: 539.312362 
(HZLimitDryRunaway) Semi-major axis of Dry Runaway HZ Limit [m]: 3.393478e+10 
(HZLimRecVenus) Recent Venus HZ Limit [m]: 3.040089e+10 
(HZLimRunaway) Runaway Greenhouse HZ Limit [m]: 4.009471e+10 
(HZLimMoistGreenhouse) Moist Greenhouse HZ Limit [m]: 4.022538e+10 
(HZLimMaxGreenhouse) Maximum Greenhouse HZ Limit [m]: 7.644639e+10 
(HZLimEarlyMars) Early Mars HZ Limit [m]: 8.337308e+10 
(Instellation) Orbit-averaged INcident STELLar radiATION [kg/sec^3]: -1.000000 
(CriticalSemiMajorAxis) Holman & Wiegert (1999) P-type Critical Semi-major Axis [m]: -1.000000 
(LXUVTot) Total XUV Luminosity [LSUN]: 0.000679 
(LostEnergy) Body's Total Lost Energy [kg*m^2/sec^2]: 5.562685e-309 
(LostAngMom) Lost Angular Momentum due to Magnetic Braking [kg*m^2/sec]: 5.562685e-309 
(EscapeVelocity) Escape Velocity [m/sec]: 3.088944e+05 
----- STELLAR PARAMETERS (star)------
(Luminosity) Luminosity [LSUN]: 0.062460 
(LXUVStellar) Base X-ray/XUV Luminosity [LSUN]: 0.000665 
(Temperature) Effective Temperature [K]: 3211.203338 
(LXUVFrac) Fraction of luminosity in XUV []: 0.010648 
(RossbyNumber) Rossby Number []: 0.016481 
(DRotPerDtStellar) Time Rate of Change of Rotation Period in STELLAR []: -7.493821e-11 
(WindTorque) Stellar Wind Torque []: 7.662264e+27 
----- FLARE PARAMETERS (star)------
(LXUVFlare) XUV Luminosity from flares [LSUN]: 1.369304e-05 
(FlareFreq1) First value of flare frequency range [/sec]: 1.907997e-06 
(FlareFreq2) Second value of flare frequency range [/sec]: 1.547922e-06 
(FlareFreq3) Third value of flare frequency range [/sec]: 1.255800e-06 
(FlareFreq4) Fourth value of flare frequency range [/sec]: 1.018808e-06 
(FlareFreqMin) Frequency of the flares with the lowest energy [/sec]: 1.907997e-06 
(FlareFreqMid) Frequency of the flares with the middle energy in the energy range [/sec]: 2.356637e-07 
(FlareFreqMax) Frequency of the flares with the highest energy [/sec]: 2.910770e-08 
(FlareEnergy1) First value of flare energy range [kg*m^2/sec^2]: 5.334000e+25 
(FlareEnergy2) Second value of flare energy range [kg*m^2/sec^2]: 7.534475e+25 
(FlareEnergy3) Third value of flare energy range [kg*m^2/sec^2]: 1.064273e+26 
(FlareEnergy4) Fourth value of flare energy range [kg*m^2/sec^2]: 1.503325e+26 
(FlareEnergyMin) Minimum flare energy [kg*m^2/sec^2]: 5.334000e+25 
(FlareEnergyMid) Middle flare energy in the range of energy values [kg*m^2/sec^2]: 1.686759e+27 
(FlareEnergyMax) Maximum flare energy [kg*m^2/sec^2]: 5.334000e+28 
(FlareYIntOUT) Instantaneous Davenport FFD y-intercept at current age and mass []: 19.034082 
(FlareSlopeOUT) Instantaneous Davenport FFD slope at current age and mass []: -0.605523 

Output Order: Time[year] Luminosity[LSUN] LXUVStellar[LSUN] LXUVFlare[LSUN] LXUVTot[LSUN]
Grid Output Order:

----- BODY: b ----
Active Modules: AtmEsc
Module Bit Sum: 9
Color: 000000
(Mass) Mass [kg]: 9.919298e+24 
(Radius) Radius [m]: 7.085120e+06 
(RadGyra) Radius of Gyration/Moment of Inertia Constant []: 0.500000 
(BodyType) Type of Body (0 == planet) []: 0.000000 
(Density) Average Density [kg/m^3]: 6658.105237 
(HZLimitDryRunaway) Semi-major axis of Dry Runaway HZ Limit [m]: 3.393639e+10 
(HZLimRecVenus) Recent Venus HZ Limit [m]: 3.040089e+10 
(HZLimRunaway) Runaway Greenhouse HZ Limit [m]: 4.009471e+10 
(HZLimMoistGreenhouse) Moist Greenhouse HZ Limit [m]: 4.022538e+10 
(HZLimMaxGreenhouse) Maximum Greenhouse HZ Limit [m]: 7.644639e+10 
(HZLimEarlyMars) Early Mars HZ Limit [m]: 8.337308e+10 
(Instellation) Orbit-averaged INcident STELLar radiATION [kg/sec^3]: 3.377590e+05 
(MeanMotion) Orbital Mean Motion [/sec]: 4.464322e-05 
(OrbPeriod) Orbital Period [sec]: 1.407422e+05 
(SemiMajorAxis) Semi-major Axis [m]: 2.379063e+09 
(LXUVTot) Total XUV Luminosity [kg/sec^3]: -1.000000 
(EscapeVelocity) Escape Velocity [m/sec]: 1.367049e+04 
----- ATMESC PARAMETERS (b)------
(SurfWaterMass) Surface water mass [kg]: 0.000000 
(EnvelopeMass) Envelope mass [kg]: 0.000000 
(OxygenMass) Oxygen mass in the atmosphere [kg]: 0.000000 
(RGLimit) Runaway greenhouse semi-major axis [m]: 3.842783e+10 
(XO) Atomic oxygen mixing ratio in upper atmosphere []: 0.000000 
(EtaO) Oxygen eta parameter (Luger and Barnes 2015) []: 0.000000 
(PlanetRadius) Planet radius [m]: 7.085120e+06 
(OxygenMantleMass) Mass of oxygen in mantle [kg]: 0.000000 
(RadXUV) XUV radius separating hydro. dyn. escape and equilibrium [m]: -1.000000 
(RadSolid) Radius to the solid surface [m]: -1.000000 
(PresXUV) Pressure at base of thermosphere [(null)]: 5.000000 
(ScaleHeight) Scale height in Lehmer & Catling (2016) model [m]: -1.000000 
(ThermTemp) Isothermal atmospheric temperature [K]: 400.000000 
(AtmGasConst) Atmospheric gas constant [(null)]: 4124.000000 
(PresSurf) Surface pressure due to atmosphere [Pa]: -1.000000 
(DEnvMassDt) Envelope Mass Loss Rate [kg/s]: 0.000000 
(FXUV) XUV flux [W/m^2]: 3670.410475 
(AtmXAbsEffH2O) XUV atmospheric escape efficiency for H2O []: 0.300000 
(RocheRadius) Roche Lobe Radius [m]: 4.801990e+07 
(BondiRadius) Bondi Radius [m]: 3.151857e+08 
(HEscapeRegime) Integer flag for H envelope escape regime []: 8.000000 
(RRCriticalFlux) Critical XUV Flux that separates RR and energy-limited escape [W/m^2]: 65.807444 
(CrossoverMass) Crossover mass, defines oxygen is escaping if mc > mo [kg]: 0.000000 
(WaterEscapeRegime) What water escape regime the code is currently in []: 8.000000 
(FXUVCRITDRAG) Critical Drag XUV flux [W/m^2]: 0.536041 
(HREFFLUX) The Hydrogen Reference Flux (m^-2 s^-1) [m^-2 s^-1]: 2.273704e+21 
(XO2) Molecular oxygen mixing ratio in atmosphere []: 0.000000 
(XH2O) Water mixing ratio in upper atmosphere []: 0.000000 
(HDiffFlux) The Hydrogen Diffusion Flux (m^-2 s^-1) [m^-2 s^-1]: 2.553726e+17 
(HRefODragMod) Multiply by H ref flux to get flux with drag []: 1.000000 
(KTide) Mass loss enhancement due to stellar gravity []: 0.780288 
(CumulativeXUVFlux) Cumulative XUV flux [W/m^2]: 0.000000 
(RunawayGreenhouseFlux) Incident flux that triggers runaway greenhouse [kg/sec^3]: 1294.452093 
(RGDuration) Runaway Greenhouse Duration [years]: 0.00000e+00

Output Order: Time[year] CumulativeXUVFlux[W/m^2]
Grid Output Order:



---- FINAL SYSTEM PROPERTIES ----
(Age) System Age [sec]: 2.232466e+17 
(Time) Simulation Time [sec]: 2.231122e+17 
(TotAngMom) Total Angular Momentum [kg*m^2/sec]: 1.912563e+42 
(TotEnergy) Total System Energy [kg*m^2/sec^2]: -1.145668e+40 
(PotEnergy) Body's non-orbital Potential Energy [kg*m^2/sec^2]: -4.228010e+40 
(KinEnergy) Body's non-orbital Kinetic Energy [kg*m^2/sec^2]: 6.456141e+32 
(DeltaTime) Average Timestep Over Last Output Interval [sec]: 1.577880e+13 

----- BODY: star ----
Active Modules: FLARE STELLAR
Module Bit Sum: 577
Color: 000000
(Mass) Mass [kg]: 4.020813e+29 
(Radius) Radius [m]: 1.531255e+08 
(RadGyra) Radius of Gyration/Moment of Inertia Constant []: 0.460066 
(RotAngMom) Rotational Angular Momentum [kg*m^2/sec]: 1.605187e+39 
(RotVel) Rotational Velocity [m/sec]: 123.175643 
(BodyType) Type of Body (0 == planet) []: 0.000000 
(RotRate) Rotational Frequency [/sec]: 8.044100e-07 
(RotPer) Rotational Period [sec]: 7.810924e+06 
(Density) Average Density [kg/m^3]: 2.673518e+04 
(HZLimitDryRunaway) Semi-major axis of Dry Runaway HZ Limit [m]: 9.533800e+09 
(HZLimRecVenus) Recent Venus HZ Limit [m]: 8.531926e+09 
(HZLimRunaway) Runaway Greenhouse HZ Limit [m]: 1.125796e+10 
(HZLimMoistGreenhouse) Moist Greenhouse HZ Limit [m]: 1.128914e+10 
(HZLimMaxGreenhouse) Maximum Greenhouse HZ Limit [m]: 2.141004e+10 
(HZLimEarlyMars) Early Mars HZ Limit [m]: 2.335005e+10 
(Instellation) Orbit-averaged INcident STELLar radiATION [kg/sec^3]: -1.000000 
(CriticalSemiMajorAxis) Holman & Wiegert (1999) P-type Critical Semi-major Axis [m]: -1.000000 
(LXUVTot) Total XUV Luminosity [LSUN]: 1.170334e-06 
(LostEnergy) Body's Total Lost Energy [kg*m^2/sec^2]: 3.082347e+40 
(LostAngMom) Lost Angular Momentum due to Magnetic Braking [kg*m^2/sec]: 1.908451e+42 
(EscapeVelocity) Escape Velocity [m/sec]: 5.920392e+05 
----- STELLAR PARAMETERS (star)------
(Luminosity) Luminosity [LSUN]: 0.004930 
(LXUVStellar) Base X-ray/XUV Luminosity [LSUN]: 8.004462e-07 
(Temperature) Effective Temperature [K]: 3265.486588 
(LXUVFrac) Fraction of luminosity in XUV []: 0.000162 
(RossbyNumber) Rossby Number []: 1.531998 
(DRotPerDtStellar) Time Rate of Change of Rotation Period in STELLAR []: 2.069653e-11 
(WindTorque) Stellar Wind Torque []: 3.133487e+21 
----- FLARE PARAMETERS (star)------
(LXUVFlare) XUV Luminosity from flares [LSUN]: 3.698655e-07 
(FlareFreq1) First value of flare frequency range [/sec]: 5.661117e-07 
(FlareFreq2) Second value of flare frequency range [/sec]: 3.897869e-07 
(FlareFreq3) Third value of flare frequency range [/sec]: 2.683813e-07 
(FlareFreq4) Fourth value of flare frequency range [/sec]: 1.847895e-07 
(FlareFreqMin) Frequency of the flares with the lowest energy [/sec]: 5.661117e-07 
(FlareFreqMid) Frequency of the flares with the middle energy in the energy range [/sec]: 1.355666e-08 
(FlareFreqMax) Frequency of the flares with the highest energy [/sec]: 3.246410e-10 
(FlareEnergy1) First value of flare energy range [kg*m^2/sec^2]: 5.334000e+25 
(FlareEnergy2) Second value of flare energy range [kg*m^2/sec^2]: 7.534475e+25 
(FlareEnergy3) Third value of flare energy range [kg*m^2/sec^2]: 1.064273e+26 
(FlareEnergy4) Fourth value of flare energy range [kg*m^2/sec^2]: 1.503325e+26 
(FlareEnergyMin) Minimum flare energy [kg*m^2/sec^2]: 5.334000e+25 
(FlareEnergyMid) Middle flare energy in the range of energy values [kg*m^2/sec^2]: 1.686759e+27 
(FlareEnergyMax) Maximum flare energy [kg*m^2/sec^2]: 5.334000e+28 
(FlareYIntOUT) Instantaneous Davenport FFD y-intercept at current age and mass []: 34.050983 
(FlareSlopeOUT) Instantaneous Davenport FFD slope at current age and mass []: -1.080500 

Output Order: Time[year] Luminosity[LSUN] LXUVStellar[LSUN] LXUVFlare[LSUN] LXUVTot[LSUN]
Grid Output Order:

----- BODY: b ----
Active Modules: AtmEsc
Module Bit Sum: 9
Color: 000000
(Mass) Mass [kg]: 9.919298e+24 
(Radius) Radius [m]: 7.085120e+06 
(RadGyra) Radius of Gyration/Moment of Inertia Constant []: 0.500000 
(BodyType) Type of Body (0 == planet) []: 0.000000 
(Density) Average Density [kg/m^3]: 6658.105237 
(HZLimitDryRunaway) Semi-major axis of Dry Runaway HZ Limit [m]: 9.534251e+09 
(HZLimRecVenus) Recent Venus HZ Limit [m]: 8.531926e+09 
(HZLimRunaway) Runaway Greenhouse HZ Limit [m]: 1.125796e+10 
(HZLimMoistGreenhouse) Moist Greenhouse HZ Limit [m]: 1.128914e+10 
(HZLimMaxGreenhouse) Maximum Greenhouse HZ Limit [m]: 2.141004e+10 
(HZLimEarlyMars) Early Mars HZ Limit [m]: 2.335005e+10 
(Instellation) Orbit-averaged INcident STELLar radiATION [kg/sec^3]: 2.665930e+04 
(MeanMotion) Orbital Mean Motion [/sec]: 4.464322e-05 
(OrbPeriod) Orbital Period [sec]: 1.407422e+05 
(SemiMajorAxis) Semi-major Axis [m]: 2.379063e+09 
(LXUVTot) Total XUV Luminosity [kg/sec^3]: -1.000000 
(EscapeVelocity) Escape Velocity [m/sec]: 1.367049e+04 
----- ATMESC PARAMETERS (b)------
(SurfWaterMass) Surface water mass [kg]: 0.000000 
(EnvelopeMass) Envelope mass [kg]: 0.000000 
(OxygenMass) Oxygen mass in the atmosphere [kg]: 0.000000 
(RGLimit) Runaway greenhouse semi-major axis [m]: 1.079019e+10 
(XO) Atomic oxygen mixing ratio in upper atmosphere []: 0.000000 
(EtaO) Oxygen eta parameter (Luger and Barnes 2015) []: 0.000000 
(PlanetRadius) Planet radius [m]: 7.085120e+06 
(OxygenMantleMass) Mass of oxygen in mantle [kg]: 0.000000 
(RadXUV) XUV radius separating hydro. dyn. escape and equilibrium [m]: -1.000000 
(RadSolid) Radius to the solid surface [m]: -1.000000 
(PresXUV) Pressure at base of thermosphere [(null)]: 5.000000 
(ScaleHeight) Scale height in Lehmer & Catling (2016) model [m]: -1.000000 
(ThermTemp) Isothermal atmospheric temperature [K]: 400.000000 
(AtmGasConst) Atmospheric gas constant [(null)]: 4124.000000 
(PresSurf) Surface pressure due to atmosphere [Pa]: -1.000000 
(DEnvMassDt) Envelope Mass Loss Rate [kg/s]: 0.000000 
(FXUV) XUV flux [W/m^2]: 6.328751 
(AtmXAbsEffH2O) XUV atmospheric escape efficiency for H2O []: 0.300000 
(RocheRadius) Roche Lobe Radius [m]: 4.801990e+07 
(BondiRadius) Bondi Radius [m]: 5.940552e+08 
(HEscapeRegime) Integer flag for H envelope escape regime []: 8.000000 
(RRCriticalFlux) Critical XUV Flux that separates RR and energy-limited escape [W/m^2]: 65.807444 
(CrossoverMass) Crossover mass, defines oxygen is escaping if mc > mo [kg]: 0.000000 
(WaterEscapeRegime) What water escape regime the code is currently in []: 8.000000 
(FXUVCRITDRAG) Critical Drag XUV flux [W/m^2]: 0.536041 
(HREFFLUX) The Hydrogen Reference Flux (m^-2 s^-1) [m^-2 s^-1]: 3.920462e+18 
(XO2) Molecular oxygen mixing ratio in atmosphere []: 0.000000 
(XH2O) Water mixing ratio in upper atmosphere []: 0.000000 
(HDiffFlux) The Hydrogen Diffusion Flux (m^-2 s^-1) [m^-2 s^-1]: 2.553726e+17 
(HRefODragMod) Multiply by H ref flux to get flux with drag []: 1.000000 
(KTide) Mass loss enhancement due to stellar gravity []: 0.780288 
(CumulativeXUVFlux) Cumulative XUV flux [W/m^2]: 9.984772e+18 
(RunawayGreenhouseFlux) Incident flux that triggers runaway greenhouse [kg/sec^3]: 1295.870453 
(RGDuration) Runaway Greenhouse Duration [years]: 0.00000e+00

Output Order: Time[year] CumulativeXUVFlux[W/m^2]
Grid Output Order:
