-------- Log file gj1132.log -------

Executable: /home/vplanet/.local/bin/vplanet
Version: Unknown
System Name: gj1132
Primary Input File: vpl.in
Body File #1: star.in
Body File #2: b.in
Allow files to be overwitten: Yes
Mass Units: Grams
Length Units: Meters
Time Units: Seconds
Angle Units: Radians

------- FORMATTING -----
Verbosity Level: 5
Crossover Decade for Scientific Notation: 4
Number of Digits After Decimal: 6
Integration Method: Runge-Kutta4
Direction: Forward
Time Step: 3.155760e+07
Stop Time: 2.317772e+17
Output Interval: 3.155760e+13
Use Variable Timestep: Yes
dEta: 0.010000
Minimum Value of ecc and obl: 1.000000e-10


---- INITIAL SYSTEM PROPERTIES ----
(Age) System Age [sec]: 1.617630e+14 
(Time) Simulation Time [sec]: 0.000000 
(TotAngMom) Total Angular Momentum [kg*m^2/sec]: 1.551119e+42 
(TotEnergy) Total System Energy [kg*m^2/sec^2]: -1.164685e+40 
(PotEnergy) Body's non-orbital Potential Energy [kg*m^2/sec^2]: -1.170310e+40 
(KinEnergy) Body's non-orbital Kinetic Energy [kg*m^2/sec^2]: 5.631072e+37 
(DeltaTime) Average Timestep Over Last Output Interval [sec]: 0.000000 

----- BODY: star ----
Active Modules: FLARE STELLAR
Module Bit Sum: 577
Color: 000000
(Mass) Mass [kg]: 3.876310e+29 
(Radius) Radius [m]: 5.141522e+08 
(RadGyra) Radius of Gyration/Moment of Inertia Constant []: 0.455873 
(RotAngMom) Rotational Angular Momentum [kg*m^2/sec]: 1.548656e+42 
(RotVel) Rotational Velocity [m/sec]: 3.739021e+04 
(BodyType) Type of Body (0 == planet) []: 0.000000 
(RotRate) Rotational Frequency [/sec]: 7.272205e-05 
(RotPer) Rotational Period [sec]: 8.640000e+04 
(Density) Average Density [kg/m^3]: 680.855139 
(HZLimitDryRunaway) Semi-major axis of Dry Runaway HZ Limit [m]: 3.097872e+10 
(HZLimRecVenus) Recent Venus HZ Limit [m]: 2.775480e+10 
(HZLimRunaway) Runaway Greenhouse HZ Limit [m]: 3.660356e+10 
(HZLimMoistGreenhouse) Moist Greenhouse HZ Limit [m]: 3.672416e+10 
(HZLimMaxGreenhouse) Maximum Greenhouse HZ Limit [m]: 6.980307e+10 
(HZLimEarlyMars) Early Mars HZ Limit [m]: 7.612780e+10 
(Instellation) Orbit-averaged INcident STELLar radiATION [kg/sec^3]: -1.000000 
(CriticalSemiMajorAxis) Holman & Wiegert (1999) P-type Critical Semi-major Axis [m]: -1.000000 
(LXUVTot) Total XUV Luminosity [LSUN]: 0.000197 
(LostEnergy) Body's Total Lost Energy [kg*m^2/sec^2]: 5.562685e-309 
(LostAngMom) Lost Angular Momentum due to Magnetic Braking [kg*m^2/sec]: 5.562685e-309 
(EscapeVelocity) Escape Velocity [m/sec]: 3.172346e+05 
----- STELLAR PARAMETERS (star)------
(Luminosity) Luminosity [LSUN]: 0.052052 
(LXUVStellar) Base X-ray/XUV Luminosity [LSUN]: 0.000185 
(Temperature) Effective Temperature [K]: 3207.218321 
(LXUVFrac) Fraction of luminosity in XUV []: 0.003562 
(RossbyNumber) Rossby Number []: 0.016448 
(DRotPerDtStellar) Time Rate of Change of Rotation Period in STELLAR []: -1.739334e-10 
(WindTorque) Stellar Wind Torque []: 4.861374e+27 
----- FLARE PARAMETERS (star)------
(LXUVFlare) XUV Luminosity from flares [LSUN]: 1.186541e-05 
(FlareFreq1) First value of flare frequency range [/sec]: 1.828791e-06 
(FlareFreq2) Second value of flare frequency range [/sec]: 1.474737e-06 
(FlareFreq3) Third value of flare frequency range [/sec]: 1.189227e-06 
(FlareFreq4) Fourth value of flare frequency range [/sec]: 9.589927e-07 
(FlareFreqMin) Frequency of the flares with the lowest energy [/sec]: 1.828791e-06 
(FlareFreqMid) Frequency of the flares with the middle energy in the energy range [/sec]: 2.126513e-07 
(FlareFreqMax) Frequency of the flares with the highest energy [/sec]: 2.472704e-08 
(FlareEnergy1) First value of flare energy range [kg*m^2/sec^2]: 5.334000e+25 
(FlareEnergy2) Second value of flare energy range [kg*m^2/sec^2]: 7.534475e+25 
(FlareEnergy3) Third value of flare energy range [kg*m^2/sec^2]: 1.064273e+26 
(FlareEnergy4) Fourth value of flare energy range [kg*m^2/sec^2]: 1.503325e+26 
(FlareEnergyMin) Minimum flare energy [kg*m^2/sec^2]: 5.334000e+25 
(FlareEnergyMid) Middle flare energy in the range of energy values [kg*m^2/sec^2]: 1.686759e+27 
(FlareEnergyMax) Maximum flare energy [kg*m^2/sec^2]: 5.334000e+28 
(FlareYIntOUT) Instantaneous Davenport FFD y-intercept at current age and mass []: 19.587544 
(FlareSlopeOUT) Instantaneous Davenport FFD slope at current age and mass []: -0.622997 

Output Order: Time[year] Luminosity[LSUN] LXUVStellar[LSUN] LXUVFlare[LSUN] LXUVTot[LSUN]
Grid Output Order:

----- BODY: b ----
Active Modules: AtmEsc
Module Bit Sum: 9
Color: 000000
(Mass) Mass [kg]: 9.989175e+24 
(Radius) Radius [m]: 7.197585e+06 
(RadGyra) Radius of Gyration/Moment of Inertia Constant []: 0.500000 
(BodyType) Type of Body (0 == planet) []: 0.000000 
(Density) Average Density [kg/m^3]: 6395.590944 
(HZLimitDryRunaway) Semi-major axis of Dry Runaway HZ Limit [m]: 3.097881e+10 
(HZLimRecVenus) Recent Venus HZ Limit [m]: 2.775480e+10 
(HZLimRunaway) Runaway Greenhouse HZ Limit [m]: 3.660356e+10 
(HZLimMoistGreenhouse) Moist Greenhouse HZ Limit [m]: 3.672416e+10 
(HZLimMaxGreenhouse) Maximum Greenhouse HZ Limit [m]: 6.980307e+10 
(HZLimEarlyMars) Early Mars HZ Limit [m]: 7.612780e+10 
(Instellation) Orbit-averaged INcident STELLar radiATION [kg/sec^3]: 2.884285e+05 
(MeanMotion) Orbital Mean Motion [/sec]: 4.464455e-05 
(OrbPeriod) Orbital Period [sec]: 1.407380e+05 
(SemiMajorAxis) Semi-major Axis [m]: 2.350169e+09 
(LXUVTot) Total XUV Luminosity [kg/sec^3]: -1.000000 
(EscapeVelocity) Escape Velocity [m/sec]: 1.361096e+04 
----- ATMESC PARAMETERS (b)------
(SurfWaterMass) Surface water mass [kg]: 0.000000 
(EnvelopeMass) Envelope mass [kg]: 0.000000 
(OxygenMass) Oxygen mass in the atmosphere [kg]: 0.000000 
(RGLimit) Runaway greenhouse semi-major axis [m]: 3.507687e+10 
(XO) Atomic oxygen mixing ratio in upper atmosphere []: 0.000000 
(EtaO) Oxygen eta parameter (Luger and Barnes 2015) []: 0.000000 
(PlanetRadius) Planet radius [m]: 7.197585e+06 
(OxygenMantleMass) Mass of oxygen in mantle [kg]: 0.000000 
(RadXUV) XUV radius separating hydro. dyn. escape and equilibrium [m]: -1.000000 
(RadSolid) Radius to the solid surface [m]: -1.000000 
(PresXUV) Pressure at base of thermosphere [(null)]: 5.000000 
(ScaleHeight) Scale height in Lehmer & Catling (2016) model [m]: -1.000000 
(ThermTemp) Isothermal atmospheric temperature [K]: 400.000000 
(AtmGasConst) Atmospheric gas constant [(null)]: 4124.000000 
(PresSurf) Surface pressure due to atmosphere [Pa]: -1.000000 
(DEnvMassDt) Envelope Mass Loss Rate [kg/s]: 0.000000 
(FXUV) XUV flux [W/m^2]: 1093.170683 
(AtmXAbsEffH2O) XUV atmospheric escape efficiency for H2O []: 0.300000 
(RocheRadius) Roche Lobe Radius [m]: 4.813146e+07 
(BondiRadius) Bondi Radius [m]: 3.344461e+08 
(HEscapeRegime) Integer flag for H envelope escape regime []: 8.000000 
(RRCriticalFlux) Critical XUV Flux that separates RR and energy-limited escape [W/m^2]: 63.181588 
(CrossoverMass) Crossover mass, defines oxygen is escaping if mc > mo [kg]: 0.000000 
(WaterEscapeRegime) What water escape regime the code is currently in []: 8.000000 
(FXUVCRITDRAG) Critical Drag XUV flux [W/m^2]: 0.518533 
(HREFFLUX) The Hydrogen Reference Flux (m^-2 s^-1) [m^-2 s^-1]: 6.856930e+20 
(XO2) Molecular oxygen mixing ratio in atmosphere []: 0.000000 
(XH2O) Water mixing ratio in upper atmosphere []: 0.000000 
(HDiffFlux) The Hydrogen Diffusion Flux (m^-2 s^-1) [m^-2 s^-1]: 2.491976e+17 
(HRefODragMod) Multiply by H ref flux to get flux with drag []: 1.000000 
(KTide) Mass loss enhancement due to stellar gravity []: 0.777362 
(CumulativeXUVFlux) Cumulative XUV flux [W/m^2]: 0.000000 
(RunawayGreenhouseFlux) Incident flux that triggers runaway greenhouse [kg/sec^3]: 1294.768479 
(RGDuration) Runaway Greenhouse Duration [years]: 0.00000e+00

Output Order: Time[year] CumulativeXUVFlux[W/m^2]
Grid Output Order:



---- FINAL SYSTEM PROPERTIES ----
(Age) System Age [sec]: 2.319412e+17 
(Time) Simulation Time [sec]: 2.317794e+17 
(TotAngMom) Total Angular Momentum [kg*m^2/sec]: 1.555565e+42 
(TotEnergy) Total System Energy [kg*m^2/sec^2]: -1.162870e+40 
(PotEnergy) Body's non-orbital Potential Energy [kg*m^2/sec^2]: -4.095141e+40 
(KinEnergy) Body's non-orbital Kinetic Energy [kg*m^2/sec^2]: 5.947198e+32 
(DeltaTime) Average Timestep Over Last Output Interval [sec]: 6.311520e+12 

----- BODY: star ----
Active Modules: FLARE STELLAR
Module Bit Sum: 577
Color: 000000
(Mass) Mass [kg]: 3.876310e+29 
(Radius) Radius [m]: 1.469345e+08 
(RadGyra) Radius of Gyration/Moment of Inertia Constant []: 0.460341 
(RotAngMom) Rotational Angular Momentum [kg*m^2/sec]: 1.452392e+39 
(RotVel) Rotational Velocity [m/sec]: 120.332373 
(BodyType) Type of Body (0 == planet) []: 0.000000 
(RotRate) Rotational Frequency [/sec]: 8.189524e-07 
(RotPer) Rotational Period [sec]: 7.672223e+06 
(Density) Average Density [kg/m^3]: 2.917148e+04 
(HZLimitDryRunaway) Semi-major axis of Dry Runaway HZ Limit [m]: 9.079341e+09 
(HZLimRecVenus) Recent Venus HZ Limit [m]: 8.128274e+09 
(HZLimRunaway) Runaway Greenhouse HZ Limit [m]: 1.072350e+10 
(HZLimMoistGreenhouse) Moist Greenhouse HZ Limit [m]: 1.075504e+10 
(HZLimMaxGreenhouse) Maximum Greenhouse HZ Limit [m]: 2.041199e+10 
(HZLimEarlyMars) Early Mars HZ Limit [m]: 2.226153e+10 
(Instellation) Orbit-averaged INcident STELLar radiATION [kg/sec^3]: -1.000000 
(CriticalSemiMajorAxis) Holman & Wiegert (1999) P-type Critical Semi-major Axis [m]: -1.000000 
(LXUVTot) Total XUV Luminosity [LSUN]: 1.188668e-06 
(LostEnergy) Body's Total Lost Energy [kg*m^2/sec^2]: 2.932277e+40 
(LostAngMom) Lost Angular Momentum due to Magnetic Braking [kg*m^2/sec]: 1.551650e+42 
(EscapeVelocity) Escape Velocity [m/sec]: 5.934232e+05 
----- STELLAR PARAMETERS (star)------
(Luminosity) Luminosity [LSUN]: 0.004471 
(LXUVStellar) Base X-ray/XUV Luminosity [LSUN]: 8.352433e-07 
(Temperature) Effective Temperature [K]: 3246.437160 
(LXUVFrac) Fraction of luminosity in XUV []: 0.000187 
(RossbyNumber) Rossby Number []: 1.490183 
(DRotPerDtStellar) Time Rate of Change of Rotation Period in STELLAR []: 1.488593e-11 
(WindTorque) Stellar Wind Torque []: 2.817984e+21 
----- FLARE PARAMETERS (star)------
(LXUVFlare) XUV Luminosity from flares [LSUN]: 3.534217e-07 
(FlareFreq1) First value of flare frequency range [/sec]: 5.593229e-07 
(FlareFreq2) Second value of flare frequency range [/sec]: 3.840572e-07 
(FlareFreq3) Third value of flare frequency range [/sec]: 2.637116e-07 
(FlareFreq4) Fourth value of flare frequency range [/sec]: 1.810767e-07 
(FlareFreqMin) Frequency of the flares with the lowest energy [/sec]: 5.593229e-07 
(FlareFreqMid) Frequency of the flares with the middle energy in the energy range [/sec]: 1.303154e-08 
(FlareFreqMax) Frequency of the flares with the highest energy [/sec]: 3.036190e-10 
(FlareEnergy1) First value of flare energy range [kg*m^2/sec^2]: 5.334000e+25 
(FlareEnergy2) Second value of flare energy range [kg*m^2/sec^2]: 7.534475e+25 
(FlareEnergy3) Third value of flare energy range [kg*m^2/sec^2]: 1.064273e+26 
(FlareEnergy4) Fourth value of flare energy range [kg*m^2/sec^2]: 1.503325e+26 
(FlareEnergyMin) Minimum flare energy [kg*m^2/sec^2]: 5.334000e+25 
(FlareEnergyMid) Middle flare energy in the range of energy values [kg*m^2/sec^2]: 1.686759e+27 
(FlareEnergyMax) Maximum flare energy [kg*m^2/sec^2]: 5.334000e+28 
(FlareYIntOUT) Instantaneous Davenport FFD y-intercept at current age and mass []: 34.305760 
(FlareSlopeOUT) Instantaneous Davenport FFD slope at current age and mass []: -1.088445 

Output Order: Time[year] Luminosity[LSUN] LXUVStellar[LSUN] LXUVFlare[LSUN] LXUVTot[LSUN]
Grid Output Order:

----- BODY: b ----
Active Modules: AtmEsc
Module Bit Sum: 9
Color: 000000
(Mass) Mass [kg]: 9.989175e+24 
(Radius) Radius [m]: 7.197585e+06 
(RadGyra) Radius of Gyration/Moment of Inertia Constant []: 0.500000 
(BodyType) Type of Body (0 == planet) []: 0.000000 
(Density) Average Density [kg/m^3]: 6395.590944 
(HZLimitDryRunaway) Semi-major axis of Dry Runaway HZ Limit [m]: 9.079368e+09 
(HZLimRecVenus) Recent Venus HZ Limit [m]: 8.128274e+09 
(HZLimRunaway) Runaway Greenhouse HZ Limit [m]: 1.072350e+10 
(HZLimMoistGreenhouse) Moist Greenhouse HZ Limit [m]: 1.075504e+10 
(HZLimMaxGreenhouse) Maximum Greenhouse HZ Limit [m]: 2.041199e+10 
(HZLimEarlyMars) Early Mars HZ Limit [m]: 2.226153e+10 
(Instellation) Orbit-averaged INcident STELLar radiATION [kg/sec^3]: 2.477536e+04 
(MeanMotion) Orbital Mean Motion [/sec]: 4.464455e-05 
(OrbPeriod) Orbital Period [sec]: 1.407380e+05 
(SemiMajorAxis) Semi-major Axis [m]: 2.350169e+09 
(LXUVTot) Total XUV Luminosity [kg/sec^3]: -1.000000 
(EscapeVelocity) Escape Velocity [m/sec]: 1.361096e+04 
----- ATMESC PARAMETERS (b)------
(SurfWaterMass) Surface water mass [kg]: 0.000000 
(EnvelopeMass) Envelope mass [kg]: 0.000000 
(OxygenMass) Oxygen mass in the atmosphere [kg]: 0.000000 
(RGLimit) Runaway greenhouse semi-major axis [m]: 1.027640e+10 
(XO) Atomic oxygen mixing ratio in upper atmosphere []: 0.000000 
(EtaO) Oxygen eta parameter (Luger and Barnes 2015) []: 0.000000 
(PlanetRadius) Planet radius [m]: 7.197585e+06 
(OxygenMantleMass) Mass of oxygen in mantle [kg]: 0.000000 
(RadXUV) XUV radius separating hydro. dyn. escape and equilibrium [m]: -1.000000 
(RadSolid) Radius to the solid surface [m]: -1.000000 
(PresXUV) Pressure at base of thermosphere [(null)]: 5.000000 
(ScaleHeight) Scale height in Lehmer & Catling (2016) model [m]: -1.000000 
(ThermTemp) Isothermal atmospheric temperature [K]: 400.000000 
(AtmGasConst) Atmospheric gas constant [(null)]: 4124.000000 
(PresSurf) Surface pressure due to atmosphere [Pa]: -1.000000 
(DEnvMassDt) Envelope Mass Loss Rate [kg/s]: 0.000000 
(FXUV) XUV flux [W/m^2]: 6.586628 
(AtmXAbsEffH2O) XUV atmospheric escape efficiency for H2O []: 0.300000 
(RocheRadius) Roche Lobe Radius [m]: 4.813146e+07 
(BondiRadius) Bondi Radius [m]: 6.180614e+08 
(HEscapeRegime) Integer flag for H envelope escape regime []: 8.000000 
(RRCriticalFlux) Critical XUV Flux that separates RR and energy-limited escape [W/m^2]: 63.181588 
(CrossoverMass) Crossover mass, defines oxygen is escaping if mc > mo [kg]: 0.000000 
(WaterEscapeRegime) What water escape regime the code is currently in []: 8.000000 
(FXUVCRITDRAG) Critical Drag XUV flux [W/m^2]: 0.518533 
(HREFFLUX) The Hydrogen Reference Flux (m^-2 s^-1) [m^-2 s^-1]: 4.131473e+18 
(XO2) Molecular oxygen mixing ratio in atmosphere []: 0.000000 
(XH2O) Water mixing ratio in upper atmosphere []: 0.000000 
(HDiffFlux) The Hydrogen Diffusion Flux (m^-2 s^-1) [m^-2 s^-1]: 2.491976e+17 
(HRefODragMod) Multiply by H ref flux to get flux with drag []: 1.000000 
(KTide) Mass loss enhancement due to stellar gravity []: 0.777362 
(CumulativeXUVFlux) Cumulative XUV flux [W/m^2]: 6.386101e+18 
(RunawayGreenhouseFlux) Incident flux that triggers runaway greenhouse [kg/sec^3]: 1295.787843 
(RGDuration) Runaway Greenhouse Duration [years]: 0.00000e+00

Output Order: Time[year] CumulativeXUVFlux[W/m^2]
Grid Output Order:
