-------- Log file gj1132.log -------

Executable: /home/vplanet/.local/bin/vplanet
Version: Unknown
System Name: gj1132
Primary Input File: vpl.in
Body File #1: star.in
Body File #2: b.in
Allow files to be overwitten: Yes
Mass Units: Grams
Length Units: Meters
Time Units: Seconds
Angle Units: Radians

------- FORMATTING -----
Verbosity Level: 5
Crossover Decade for Scientific Notation: 4
Number of Digits After Decimal: 6
Integration Method: Runge-Kutta4
Direction: Forward
Time Step: 3.155760e+07
Stop Time: 2.550101e+17
Output Interval: 3.155760e+13
Use Variable Timestep: Yes
dEta: 0.010000
Minimum Value of ecc and obl: 1.000000e-10


---- INITIAL SYSTEM PROPERTIES ----
(Age) System Age [sec]: 1.083710e+14 
(Time) Simulation Time [sec]: 0.000000 
(TotAngMom) Total Angular Momentum [kg*m^2/sec]: 2.082194e+42 
(TotEnergy) Total System Energy [kg*m^2/sec^2]: -9.956706e+39 
(PotEnergy) Body's non-orbital Potential Energy [kg*m^2/sec^2]: -1.003227e+40 
(KinEnergy) Body's non-orbital Kinetic Energy [kg*m^2/sec^2]: 7.562302e+37 
(DeltaTime) Average Timestep Over Last Output Interval [sec]: 0.000000 

----- BODY: star ----
Active Modules: FLARE STELLAR
Module Bit Sum: 577
Color: 000000
(Mass) Mass [kg]: 3.873565e+29 
(Radius) Radius [m]: 5.989327e+08 
(RadGyra) Radius of Gyration/Moment of Inertia Constant []: 0.453672 
(RotAngMom) Rotational Angular Momentum [kg*m^2/sec]: 2.079782e+42 
(RotVel) Rotational Velocity [m/sec]: 4.355562e+04 
(BodyType) Type of Body (0 == planet) []: 0.000000 
(RotRate) Rotational Frequency [/sec]: 7.272205e-05 
(RotPer) Rotational Period [sec]: 8.640000e+04 
(Density) Average Density [kg/m^3]: 430.415705 
(HZLimitDryRunaway) Semi-major axis of Dry Runaway HZ Limit [m]: 3.546554e+10 
(HZLimRecVenus) Recent Venus HZ Limit [m]: 3.179112e+10 
(HZLimRunaway) Runaway Greenhouse HZ Limit [m]: 4.191664e+10 
(HZLimMoistGreenhouse) Moist Greenhouse HZ Limit [m]: 4.206489e+10 
(HZLimMaxGreenhouse) Maximum Greenhouse HZ Limit [m]: 8.003688e+10 
(HZLimEarlyMars) Early Mars HZ Limit [m]: 8.728874e+10 
(Instellation) Orbit-averaged INcident STELLar radiATION [kg/sec^3]: -1.000000 
(CriticalSemiMajorAxis) Holman & Wiegert (1999) P-type Critical Semi-major Axis [m]: -1.000000 
(LXUVTot) Total XUV Luminosity [LSUN]: 6.959325e-05 
(LostEnergy) Body's Total Lost Energy [kg*m^2/sec^2]: 5.562685e-309 
(LostAngMom) Lost Angular Momentum due to Magnetic Braking [kg*m^2/sec]: 5.562685e-309 
(EscapeVelocity) Escape Velocity [m/sec]: 2.938215e+05 
----- STELLAR PARAMETERS (star)------
(Luminosity) Luminosity [LSUN]: 0.068222 
(LXUVStellar) Base X-ray/XUV Luminosity [LSUN]: 6.874137e-05 
(Temperature) Effective Temperature [K]: 3180.099198 
(LXUVFrac) Fraction of luminosity in XUV []: 0.001008 
(RossbyNumber) Rossby Number []: 0.016221 
(DRotPerDtStellar) Time Rate of Change of Rotation Period in STELLAR []: -1.576852e-10 
(WindTorque) Stellar Wind Torque []: 1.097719e+28 
----- FLARE PARAMETERS (star)------
(LXUVFlare) XUV Luminosity from flares [LSUN]: 8.518878e-07 
(FlareFreq1) First value of flare frequency range [/sec]: 3.102522e-05 
(FlareFreq2) Second value of flare frequency range [/sec]: 2.702669e-05 
(FlareFreq3) Third value of flare frequency range [/sec]: 2.354348e-05 
(FlareFreq4) Fourth value of flare frequency range [/sec]: 2.050920e-05 
(FlareFreqMin) Frequency of the flares with the lowest energy [/sec]: 3.102522e-05 
(FlareFreqMid) Frequency of the flares with the middle energy in the energy range [/sec]: 7.807176e-06 
(FlareFreqMax) Frequency of the flares with the highest energy [/sec]: 1.964595e-06 
(FlareEnergy1) First value of flare energy range [kg*m^2/sec^2]: 5.334000e+23 
(FlareEnergy2) Second value of flare energy range [kg*m^2/sec^2]: 6.715108e+23 
(FlareEnergy3) Third value of flare energy range [kg*m^2/sec^2]: 8.453820e+23 
(FlareEnergy4) Fourth value of flare energy range [kg*m^2/sec^2]: 1.064273e+24 
(FlareEnergyMin) Minimum flare energy [kg*m^2/sec^2]: 5.334000e+23 
(FlareEnergyMid) Middle flare energy in the range of energy values [kg*m^2/sec^2]: 5.334000e+24 
(FlareEnergyMax) Maximum flare energy [kg*m^2/sec^2]: 5.334000e+25 
(FlareYIntOUT) Instantaneous Davenport FFD y-intercept at current age and mass []: 18.840522 
(FlareSlopeOUT) Instantaneous Davenport FFD slope at current age and mass []: -0.599221 

Output Order: Time[year] Luminosity[LSUN] LXUVStellar[LSUN] LXUVFlare[LSUN] LXUVTot[LSUN]
Grid Output Order:

----- BODY: b ----
Active Modules: AtmEsc
Module Bit Sum: 9
Color: 000000
(Mass) Mass [kg]: 9.786737e+24 
(Radius) Radius [m]: 7.112173e+06 
(RadGyra) Radius of Gyration/Moment of Inertia Constant []: 0.500000 
(BodyType) Type of Body (0 == planet) []: 0.000000 
(Density) Average Density [kg/m^3]: 6494.448901 
(HZLimitDryRunaway) Semi-major axis of Dry Runaway HZ Limit [m]: 3.546605e+10 
(HZLimRecVenus) Recent Venus HZ Limit [m]: 3.179112e+10 
(HZLimRunaway) Runaway Greenhouse HZ Limit [m]: 4.191664e+10 
(HZLimMoistGreenhouse) Moist Greenhouse HZ Limit [m]: 4.206489e+10 
(HZLimMaxGreenhouse) Maximum Greenhouse HZ Limit [m]: 8.003688e+10 
(HZLimEarlyMars) Early Mars HZ Limit [m]: 8.728874e+10 
(Instellation) Orbit-averaged INcident STELLar radiATION [kg/sec^3]: 3.782090e+05 
(MeanMotion) Orbital Mean Motion [/sec]: 4.464434e-05 
(OrbPeriod) Orbital Period [sec]: 1.407387e+05 
(SemiMajorAxis) Semi-major Axis [m]: 2.349621e+09 
(LXUVTot) Total XUV Luminosity [kg/sec^3]: -1.000000 
(EscapeVelocity) Escape Velocity [m/sec]: 1.355299e+04 
----- ATMESC PARAMETERS (b)------
(SurfWaterMass) Surface water mass [kg]: 0.000000 
(EnvelopeMass) Envelope mass [kg]: 0.000000 
(OxygenMass) Oxygen mass in the atmosphere [kg]: 0.000000 
(RGLimit) Runaway greenhouse semi-major axis [m]: 4.018681e+10 
(XO) Atomic oxygen mixing ratio in upper atmosphere []: 0.000000 
(EtaO) Oxygen eta parameter (Luger and Barnes 2015) []: 0.000000 
(PlanetRadius) Planet radius [m]: 7.112173e+06 
(OxygenMantleMass) Mass of oxygen in mantle [kg]: 0.000000 
(RadXUV) XUV radius separating hydro. dyn. escape and equilibrium [m]: -1.000000 
(RadSolid) Radius to the solid surface [m]: -1.000000 
(PresXUV) Pressure at base of thermosphere [(null)]: 5.000000 
(ScaleHeight) Scale height in Lehmer & Catling (2016) model [m]: -1.000000 
(ThermTemp) Isothermal atmospheric temperature [K]: 400.000000 
(AtmGasConst) Atmospheric gas constant [(null)]: 4124.000000 
(PresSurf) Surface pressure due to atmosphere [Pa]: -1.000000 
(DEnvMassDt) Envelope Mass Loss Rate [kg/s]: 0.000000 
(FXUV) XUV flux [W/m^2]: 385.813228 
(AtmXAbsEffH2O) XUV atmospheric escape efficiency for H2O []: 0.300000 
(RocheRadius) Roche Lobe Radius [m]: 4.780424e+07 
(BondiRadius) Bondi Radius [m]: 3.062173e+08 
(HEscapeRegime) Integer flag for H envelope escape regime []: 8.000000 
(RRCriticalFlux) Critical XUV Flux that separates RR and energy-limited escape [W/m^2]: 63.039110 
(CrossoverMass) Crossover mass, defines oxygen is escaping if mc > mo [kg]: 0.000000 
(WaterEscapeRegime) What water escape regime the code is currently in []: 8.000000 
(FXUVCRITDRAG) Critical Drag XUV flux [W/m^2]: 0.515877 
(HREFFLUX) The Hydrogen Reference Flux (m^-2 s^-1) [m^-2 s^-1]: 2.437257e+20 
(XO2) Molecular oxygen mixing ratio in atmosphere []: 0.000000 
(XH2O) Water mixing ratio in upper atmosphere []: 0.000000 
(HDiffFlux) The Hydrogen Diffusion Flux (m^-2 s^-1) [m^-2 s^-1]: 2.500467e+17 
(HRefODragMod) Multiply by H ref flux to get flux with drag []: 1.000000 
(KTide) Mass loss enhancement due to stellar gravity []: 0.778481 
(CumulativeXUVFlux) Cumulative XUV flux [W/m^2]: 0.000000 
(RunawayGreenhouseFlux) Incident flux that triggers runaway greenhouse [kg/sec^3]: 1292.849876 
(RGDuration) Runaway Greenhouse Duration [years]: 0.00000e+00

Output Order: Time[year] CumulativeXUVFlux[W/m^2]
Grid Output Order:



---- FINAL SYSTEM PROPERTIES ----
(Age) System Age [sec]: 2.551253e+17 
(Time) Simulation Time [sec]: 2.550170e+17 
(TotAngMom) Total Angular Momentum [kg*m^2/sec]: 2.088314e+42 
(TotEnergy) Total System Energy [kg*m^2/sec^2]: -9.951464e+39 
(PotEnergy) Body's non-orbital Potential Energy [kg*m^2/sec^2]: -4.093957e+40 
(KinEnergy) Body's non-orbital Kinetic Energy [kg*m^2/sec^2]: 5.505480e+32 
(DeltaTime) Average Timestep Over Last Output Interval [sec]: 3.155760e+13 

----- BODY: star ----
Active Modules: FLARE STELLAR
Module Bit Sum: 577
Color: 000000
(Mass) Mass [kg]: 3.873565e+29 
(Radius) Radius [m]: 1.467689e+08 
(RadGyra) Radius of Gyration/Moment of Inertia Constant []: 0.460347 
(RotAngMom) Rotational Angular Momentum [kg*m^2/sec]: 1.395363e+39 
(RotVel) Rotational Velocity [m/sec]: 115.816970 
(BodyType) Type of Body (0 == planet) []: 0.000000 
(RotRate) Rotational Frequency [/sec]: 7.891109e-07 
(RotPer) Rotational Period [sec]: 7.962360e+06 
(Density) Average Density [kg/m^3]: 2.924959e+04 
(HZLimitDryRunaway) Semi-major axis of Dry Runaway HZ Limit [m]: 9.078392e+09 
(HZLimRecVenus) Recent Venus HZ Limit [m]: 8.127341e+09 
(HZLimRunaway) Runaway Greenhouse HZ Limit [m]: 1.072232e+10 
(HZLimMoistGreenhouse) Moist Greenhouse HZ Limit [m]: 1.075381e+10 
(HZLimMaxGreenhouse) Maximum Greenhouse HZ Limit [m]: 2.040923e+10 
(HZLimEarlyMars) Early Mars HZ Limit [m]: 2.225853e+10 
(Instellation) Orbit-averaged INcident STELLar radiATION [kg/sec^3]: -1.000000 
(CriticalSemiMajorAxis) Holman & Wiegert (1999) P-type Critical Semi-major Axis [m]: -1.000000 
(LXUVTot) Total XUV Luminosity [LSUN]: 9.145638e-07 
(LostEnergy) Body's Total Lost Energy [kg*m^2/sec^2]: 3.098817e+40 
(LostAngMom) Lost Angular Momentum due to Magnetic Braking [kg*m^2/sec]: 2.084506e+42 
(EscapeVelocity) Escape Velocity [m/sec]: 5.935476e+05 
----- STELLAR PARAMETERS (star)------
(Luminosity) Luminosity [LSUN]: 0.004470 
(LXUVStellar) Base X-ray/XUV Luminosity [LSUN]: 5.332662e-07 
(Temperature) Effective Temperature [K]: 3246.962812 
(LXUVFrac) Fraction of luminosity in XUV []: 0.000119 
(RossbyNumber) Rossby Number []: 1.546953 
(DRotPerDtStellar) Time Rate of Change of Rotation Period in STELLAR []: 1.332377e-11 
(WindTorque) Stellar Wind Torque []: 2.327710e+21 
----- FLARE PARAMETERS (star)------
(LXUVFlare) XUV Luminosity from flares [LSUN]: 3.812939e-07 
(FlareFreq1) First value of flare frequency range [/sec]: 8.599159e-05 
(FlareFreq2) Second value of flare frequency range [/sec]: 6.681025e-05 
(FlareFreq3) Third value of flare frequency range [/sec]: 5.190751e-05 
(FlareFreq4) Fourth value of flare frequency range [/sec]: 4.032898e-05 
(FlareFreqMin) Frequency of the flares with the lowest energy [/sec]: 8.599159e-05 
(FlareFreqMid) Frequency of the flares with the middle energy in the energy range [/sec]: 6.891709e-06 
(FlareFreqMax) Frequency of the flares with the highest energy [/sec]: 5.523290e-07 
(FlareEnergy1) First value of flare energy range [kg*m^2/sec^2]: 5.334000e+23 
(FlareEnergy2) Second value of flare energy range [kg*m^2/sec^2]: 6.715108e+23 
(FlareEnergy3) Third value of flare energy range [kg*m^2/sec^2]: 8.453820e+23 
(FlareEnergy4) Fourth value of flare energy range [kg*m^2/sec^2]: 1.064273e+24 
(FlareEnergyMin) Minimum flare energy [kg*m^2/sec^2]: 5.334000e+23 
(FlareEnergyMid) Middle flare energy in the range of energy values [kg*m^2/sec^2]: 5.334000e+24 
(FlareEnergyMax) Maximum flare energy [kg*m^2/sec^2]: 5.334000e+25 
(FlareYIntOUT) Instantaneous Davenport FFD y-intercept at current age and mass []: 34.551786 
(FlareSlopeOUT) Instantaneous Davenport FFD slope at current age and mass []: -1.096129 

Output Order: Time[year] Luminosity[LSUN] LXUVStellar[LSUN] LXUVFlare[LSUN] LXUVTot[LSUN]
Grid Output Order:

----- BODY: b ----
Active Modules: AtmEsc
Module Bit Sum: 9
Color: 000000
(Mass) Mass [kg]: 9.786737e+24 
(Radius) Radius [m]: 7.112173e+06 
(RadGyra) Radius of Gyration/Moment of Inertia Constant []: 0.500000 
(BodyType) Type of Body (0 == planet) []: 0.000000 
(Density) Average Density [kg/m^3]: 6494.448901 
(HZLimitDryRunaway) Semi-major axis of Dry Runaway HZ Limit [m]: 9.078521e+09 
(HZLimRecVenus) Recent Venus HZ Limit [m]: 8.127341e+09 
(HZLimRunaway) Runaway Greenhouse HZ Limit [m]: 1.072232e+10 
(HZLimMoistGreenhouse) Moist Greenhouse HZ Limit [m]: 1.075381e+10 
(HZLimMaxGreenhouse) Maximum Greenhouse HZ Limit [m]: 2.040923e+10 
(HZLimEarlyMars) Early Mars HZ Limit [m]: 2.225853e+10 
(Instellation) Orbit-averaged INcident STELLar radiATION [kg/sec^3]: 2.478201e+04 
(MeanMotion) Orbital Mean Motion [/sec]: 4.464434e-05 
(OrbPeriod) Orbital Period [sec]: 1.407387e+05 
(SemiMajorAxis) Semi-major Axis [m]: 2.349621e+09 
(LXUVTot) Total XUV Luminosity [kg/sec^3]: -1.000000 
(EscapeVelocity) Escape Velocity [m/sec]: 1.355299e+04 
----- ATMESC PARAMETERS (b)------
(SurfWaterMass) Surface water mass [kg]: 0.000000 
(EnvelopeMass) Envelope mass [kg]: 0.000000 
(OxygenMass) Oxygen mass in the atmosphere [kg]: 0.000000 
(RGLimit) Runaway greenhouse semi-major axis [m]: 1.028006e+10 
(XO) Atomic oxygen mixing ratio in upper atmosphere []: 0.000000 
(EtaO) Oxygen eta parameter (Luger and Barnes 2015) []: 0.000000 
(PlanetRadius) Planet radius [m]: 7.112173e+06 
(OxygenMantleMass) Mass of oxygen in mantle [kg]: 0.000000 
(RadXUV) XUV radius separating hydro. dyn. escape and equilibrium [m]: -1.000000 
(RadSolid) Radius to the solid surface [m]: -1.000000 
(PresXUV) Pressure at base of thermosphere [(null)]: 5.000000 
(ScaleHeight) Scale height in Lehmer & Catling (2016) model [m]: -1.000000 
(ThermTemp) Isothermal atmospheric temperature [K]: 400.000000 
(AtmGasConst) Atmospheric gas constant [(null)]: 4124.000000 
(PresSurf) Surface pressure due to atmosphere [Pa]: -1.000000 
(DEnvMassDt) Envelope Mass Loss Rate [kg/s]: 0.000000 
(FXUV) XUV flux [W/m^2]: 5.070187 
(AtmXAbsEffH2O) XUV atmospheric escape efficiency for H2O []: 0.300000 
(RocheRadius) Roche Lobe Radius [m]: 4.780424e+07 
(BondiRadius) Bondi Radius [m]: 6.058499e+08 
(HEscapeRegime) Integer flag for H envelope escape regime []: 8.000000 
(RRCriticalFlux) Critical XUV Flux that separates RR and energy-limited escape [W/m^2]: 63.039110 
(CrossoverMass) Crossover mass, defines oxygen is escaping if mc > mo [kg]: 0.000000 
(WaterEscapeRegime) What water escape regime the code is currently in []: 8.000000 
(FXUVCRITDRAG) Critical Drag XUV flux [W/m^2]: 0.515877 
(HREFFLUX) The Hydrogen Reference Flux (m^-2 s^-1) [m^-2 s^-1]: 3.202935e+18 
(XO2) Molecular oxygen mixing ratio in atmosphere []: 0.000000 
(XH2O) Water mixing ratio in upper atmosphere []: 0.000000 
(HDiffFlux) The Hydrogen Diffusion Flux (m^-2 s^-1) [m^-2 s^-1]: 2.500467e+17 
(HRefODragMod) Multiply by H ref flux to get flux with drag []: 1.000000 
(KTide) Mass loss enhancement due to stellar gravity []: 0.778481 
(CumulativeXUVFlux) Cumulative XUV flux [W/m^2]: 3.126977e+18 
(RunawayGreenhouseFlux) Incident flux that triggers runaway greenhouse [kg/sec^3]: 1294.578617 
(RGDuration) Runaway Greenhouse Duration [years]: 0.00000e+00

Output Order: Time[year] CumulativeXUVFlux[W/m^2]
Grid Output Order:
