-------- Log file gj1132.log -------

Executable: /home/vplanet/.local/bin/vplanet
Version: Unknown
System Name: gj1132
Primary Input File: vpl.in
Body File #1: star.in
Body File #2: b.in
Allow files to be overwitten: Yes
Mass Units: Grams
Length Units: Meters
Time Units: Seconds
Angle Units: Radians

------- FORMATTING -----
Verbosity Level: 5
Crossover Decade for Scientific Notation: 4
Number of Digits After Decimal: 6
Integration Method: Runge-Kutta4
Direction: Forward
Time Step: 3.155760e+07
Stop Time: 2.948613e+17
Output Interval: 3.155760e+13
Use Variable Timestep: Yes
dEta: 0.010000
Minimum Value of ecc and obl: 1.000000e-10


---- INITIAL SYSTEM PROPERTIES ----
(Age) System Age [sec]: 1.301326e+14 
(Time) Simulation Time [sec]: 0.000000 
(TotAngMom) Total Angular Momentum [kg*m^2/sec]: 1.847354e+42 
(TotEnergy) Total System Energy [kg*m^2/sec^2]: -1.081245e+40 
(PotEnergy) Body's non-orbital Potential Energy [kg*m^2/sec^2]: -1.087947e+40 
(KinEnergy) Body's non-orbital Kinetic Energy [kg*m^2/sec^2]: 6.708225e+37 
(DeltaTime) Average Timestep Over Last Output Interval [sec]: 0.000000 

----- BODY: star ----
Active Modules: FLARE STELLAR
Module Bit Sum: 577
Color: 000000
(Mass) Mass [kg]: 3.902915e+29 
(Radius) Radius [m]: 5.606939e+08 
(RadGyra) Radius of Gyration/Moment of Inertia Constant []: 0.454708 
(RotAngMom) Rotational Angular Momentum [kg*m^2/sec]: 1.844894e+42 
(RotVel) Rotational Velocity [m/sec]: 4.077481e+04 
(BodyType) Type of Body (0 == planet) []: 0.000000 
(RotRate) Rotational Frequency [/sec]: 7.272205e-05 
(RotPer) Rotational Period [sec]: 8.640000e+04 
(Density) Average Density [kg/m^3]: 528.594756 
(HZLimitDryRunaway) Semi-major axis of Dry Runaway HZ Limit [m]: 3.348330e+10 
(HZLimRecVenus) Recent Venus HZ Limit [m]: 3.000629e+10 
(HZLimRunaway) Runaway Greenhouse HZ Limit [m]: 3.956823e+10 
(HZLimMoistGreenhouse) Moist Greenhouse HZ Limit [m]: 3.970326e+10 
(HZLimMaxGreenhouse) Maximum Greenhouse HZ Limit [m]: 7.550337e+10 
(HZLimEarlyMars) Early Mars HZ Limit [m]: 8.234452e+10 
(Instellation) Orbit-averaged INcident STELLar radiATION [kg/sec^3]: -1.000000 
(CriticalSemiMajorAxis) Holman & Wiegert (1999) P-type Critical Semi-major Axis [m]: -1.000000 
(LXUVTot) Total XUV Luminosity [LSUN]: 6.774225e-05 
(LostEnergy) Body's Total Lost Energy [kg*m^2/sec^2]: 5.562685e-309 
(LostAngMom) Lost Angular Momentum due to Magnetic Braking [kg*m^2/sec]: 5.562685e-309 
(EscapeVelocity) Escape Velocity [m/sec]: 3.048238e+05 
----- STELLAR PARAMETERS (star)------
(Luminosity) Luminosity [LSUN]: 0.060809 
(LXUVStellar) Base X-ray/XUV Luminosity [LSUN]: 6.692676e-05 
(Temperature) Effective Temperature [K]: 3194.052678 
(LXUVFrac) Fraction of luminosity in XUV []: 0.001101 
(RossbyNumber) Rossby Number []: 0.016337 
(DRotPerDtStellar) Time Rate of Change of Rotation Period in STELLAR []: -1.367470e-10 
(WindTorque) Stellar Wind Torque []: 7.682350e+27 
----- FLARE PARAMETERS (star)------
(LXUVFlare) XUV Luminosity from flares [LSUN]: 8.154881e-07 
(FlareFreq1) First value of flare frequency range [/sec]: 2.997509e-05 
(FlareFreq2) Second value of flare frequency range [/sec]: 2.609816e-05 
(FlareFreq3) Third value of flare frequency range [/sec]: 2.272267e-05 
(FlareFreq4) Fourth value of flare frequency range [/sec]: 1.978376e-05 
(FlareFreqMin) Frequency of the flares with the lowest energy [/sec]: 2.997509e-05 
(FlareFreqMid) Frequency of the flares with the middle energy in the energy range [/sec]: 7.503347e-06 
(FlareFreqMax) Frequency of the flares with the highest energy [/sec]: 1.878233e-06 
(FlareEnergy1) First value of flare energy range [kg*m^2/sec^2]: 5.334000e+23 
(FlareEnergy2) Second value of flare energy range [kg*m^2/sec^2]: 6.715108e+23 
(FlareEnergy3) Third value of flare energy range [kg*m^2/sec^2]: 8.453820e+23 
(FlareEnergy4) Fourth value of flare energy range [kg*m^2/sec^2]: 1.064273e+24 
(FlareEnergyMin) Minimum flare energy [kg*m^2/sec^2]: 5.334000e+23 
(FlareEnergyMid) Middle flare energy in the range of energy values [kg*m^2/sec^2]: 5.334000e+24 
(FlareEnergyMax) Maximum flare energy [kg*m^2/sec^2]: 5.334000e+25 
(FlareYIntOUT) Instantaneous Davenport FFD y-intercept at current age and mass []: 18.895765 
(FlareSlopeOUT) Instantaneous Davenport FFD slope at current age and mass []: -0.601505 

Output Order: Time[year] Luminosity[LSUN] LXUVStellar[LSUN] LXUVFlare[LSUN] LXUVTot[LSUN]
Grid Output Order:

----- BODY: b ----
Active Modules: AtmEsc
Module Bit Sum: 9
Color: 000000
(Mass) Mass [kg]: 9.930752e+24 
(Radius) Radius [m]: 7.139864e+06 
(RadGyra) Radius of Gyration/Moment of Inertia Constant []: 0.500000 
(BodyType) Type of Body (0 == planet) []: 0.000000 
(Density) Average Density [kg/m^3]: 6513.639742 
(HZLimitDryRunaway) Semi-major axis of Dry Runaway HZ Limit [m]: 3.348357e+10 
(HZLimRecVenus) Recent Venus HZ Limit [m]: 3.000629e+10 
(HZLimRunaway) Runaway Greenhouse HZ Limit [m]: 3.956823e+10 
(HZLimMoistGreenhouse) Moist Greenhouse HZ Limit [m]: 3.970326e+10 
(HZLimMaxGreenhouse) Maximum Greenhouse HZ Limit [m]: 7.550337e+10 
(HZLimEarlyMars) Early Mars HZ Limit [m]: 8.234452e+10 
(Instellation) Orbit-averaged INcident STELLar radiATION [kg/sec^3]: 3.354019e+05 
(MeanMotion) Orbital Mean Motion [/sec]: 4.464270e-05 
(OrbPeriod) Orbital Period [sec]: 1.407439e+05 
(SemiMajorAxis) Semi-major Axis [m]: 2.355598e+09 
(LXUVTot) Total XUV Luminosity [kg/sec^3]: -1.000000 
(EscapeVelocity) Escape Velocity [m/sec]: 1.362584e+04 
----- ATMESC PARAMETERS (b)------
(SurfWaterMass) Surface water mass [kg]: 0.000000 
(EnvelopeMass) Envelope mass [kg]: 0.000000 
(OxygenMass) Oxygen mass in the atmosphere [kg]: 0.000000 
(RGLimit) Runaway greenhouse semi-major axis [m]: 3.792277e+10 
(XO) Atomic oxygen mixing ratio in upper atmosphere []: 0.000000 
(EtaO) Oxygen eta parameter (Luger and Barnes 2015) []: 0.000000 
(PlanetRadius) Planet radius [m]: 7.139864e+06 
(OxygenMantleMass) Mass of oxygen in mantle [kg]: 0.000000 
(RadXUV) XUV radius separating hydro. dyn. escape and equilibrium [m]: -1.000000 
(RadSolid) Radius to the solid surface [m]: -1.000000 
(PresXUV) Pressure at base of thermosphere [(null)]: 5.000000 
(ScaleHeight) Scale height in Lehmer & Catling (2016) model [m]: -1.000000 
(ThermTemp) Isothermal atmospheric temperature [K]: 400.000000 
(AtmGasConst) Atmospheric gas constant [(null)]: 4124.000000 
(PresSurf) Surface pressure due to atmosphere [Pa]: -1.000000 
(DEnvMassDt) Envelope Mass Loss Rate [kg/s]: 0.000000 
(FXUV) XUV flux [W/m^2]: 373.645710 
(AtmXAbsEffH2O) XUV atmospheric escape efficiency for H2O []: 0.300000 
(RocheRadius) Roche Lobe Radius [m]: 4.803876e+07 
(BondiRadius) Bondi Radius [m]: 3.193353e+08 
(HEscapeRegime) Integer flag for H envelope escape regime []: 8.000000 
(RRCriticalFlux) Critical XUV Flux that separates RR and energy-limited escape [W/m^2]: 64.192020 
(CrossoverMass) Crossover mass, defines oxygen is escaping if mc > mo [kg]: 0.000000 
(WaterEscapeRegime) What water escape regime the code is currently in []: 8.000000 
(FXUVCRITDRAG) Critical Drag XUV flux [W/m^2]: 0.525015 
(HREFFLUX) The Hydrogen Reference Flux (m^-2 s^-1) [m^-2 s^-1]: 2.334559e+20 
(XO2) Molecular oxygen mixing ratio in atmosphere []: 0.000000 
(XH2O) Water mixing ratio in upper atmosphere []: 0.000000 
(HDiffFlux) The Hydrogen Diffusion Flux (m^-2 s^-1) [m^-2 s^-1]: 2.517620e+17 
(HRefODragMod) Multiply by H ref flux to get flux with drag []: 1.000000 
(KTide) Mass loss enhancement due to stellar gravity []: 0.778701 
(CumulativeXUVFlux) Cumulative XUV flux [W/m^2]: 0.000000 
(RunawayGreenhouseFlux) Incident flux that triggers runaway greenhouse [kg/sec^3]: 1294.079507 
(RGDuration) Runaway Greenhouse Duration [years]: 0.00000e+00

Output Order: Time[year] CumulativeXUVFlux[W/m^2]
Grid Output Order:



---- FINAL SYSTEM PROPERTIES ----
(Age) System Age [sec]: 2.949920e+17 
(Time) Simulation Time [sec]: 2.948618e+17 
(TotAngMom) Total Angular Momentum [kg*m^2/sec]: 1.852793e+42 
(TotEnergy) Total System Energy [kg*m^2/sec^2]: -1.079330e+40 
(PotEnergy) Body's non-orbital Potential Energy [kg*m^2/sec^2]: -4.114939e+40 
(KinEnergy) Body's non-orbital Kinetic Energy [kg*m^2/sec^2]: 4.929977e+32 
(DeltaTime) Average Timestep Over Last Output Interval [sec]: 1.314900e+12 

----- BODY: star ----
Active Modules: FLARE STELLAR
Module Bit Sum: 577
Color: 000000
(Mass) Mass [kg]: 3.902915e+29 
(Radius) Radius [m]: 1.482417e+08 
(RadGyra) Radius of Gyration/Moment of Inertia Constant []: 0.460282 
(RotAngMom) Rotational Angular Momentum [kg*m^2/sec]: 1.338526e+39 
(RotVel) Rotational Velocity [m/sec]: 109.198989 
(BodyType) Type of Body (0 == planet) []: 0.000000 
(RotRate) Rotational Frequency [/sec]: 7.366279e-07 
(RotPer) Rotational Period [sec]: 8.529660e+06 
(Density) Average Density [kg/m^3]: 2.860152e+04 
(HZLimitDryRunaway) Semi-major axis of Dry Runaway HZ Limit [m]: 9.212744e+09 
(HZLimRecVenus) Recent Venus HZ Limit [m]: 8.246883e+09 
(HZLimRunaway) Runaway Greenhouse HZ Limit [m]: 1.088047e+10 
(HZLimMoistGreenhouse) Moist Greenhouse HZ Limit [m]: 1.091198e+10 
(HZLimMaxGreenhouse) Maximum Greenhouse HZ Limit [m]: 2.070583e+10 
(HZLimEarlyMars) Early Mars HZ Limit [m]: 2.258201e+10 
(Instellation) Orbit-averaged INcident STELLar radiATION [kg/sec^3]: -1.000000 
(CriticalSemiMajorAxis) Holman & Wiegert (1999) P-type Critical Semi-major Axis [m]: -1.000000 
(LXUVTot) Total XUV Luminosity [LSUN]: 7.848420e-07 
(LostEnergy) Body's Total Lost Energy [kg*m^2/sec^2]: 3.035614e+40 
(LostAngMom) Lost Angular Momentum due to Magnetic Braking [kg*m^2/sec]: 1.848994e+42 
(EscapeVelocity) Escape Velocity [m/sec]: 5.928250e+05 
----- STELLAR PARAMETERS (star)------
(Luminosity) Luminosity [LSUN]: 0.004603 
(LXUVStellar) Base X-ray/XUV Luminosity [LSUN]: 4.111618e-07 
(Temperature) Effective Temperature [K]: 3251.502130 
(LXUVFrac) Fraction of luminosity in XUV []: 8.931535e-05 
(RossbyNumber) Rossby Number []: 1.661027 
(DRotPerDtStellar) Time Rate of Change of Rotation Period in STELLAR []: 2.011224e-11 
(WindTorque) Stellar Wind Torque []: 1.731494e+21 
----- FLARE PARAMETERS (star)------
(LXUVFlare) XUV Luminosity from flares [LSUN]: 3.736801e-07 
(FlareFreq1) First value of flare frequency range [/sec]: 8.513005e-05 
(FlareFreq2) Second value of flare frequency range [/sec]: 6.609393e-05 
(FlareFreq3) Third value of flare frequency range [/sec]: 5.131452e-05 
(FlareFreq4) Fourth value of flare frequency range [/sec]: 3.983997e-05 
(FlareFreqMin) Frequency of the flares with the lowest energy [/sec]: 8.513005e-05 
(FlareFreqMid) Frequency of the flares with the middle energy in the energy range [/sec]: 6.774383e-06 
(FlareFreqMax) Frequency of the flares with the highest energy [/sec]: 5.390841e-07 
(FlareEnergy1) First value of flare energy range [kg*m^2/sec^2]: 5.334000e+23 
(FlareEnergy2) Second value of flare energy range [kg*m^2/sec^2]: 6.715108e+23 
(FlareEnergy3) Third value of flare energy range [kg*m^2/sec^2]: 8.453820e+23 
(FlareEnergy4) Fourth value of flare energy range [kg*m^2/sec^2]: 1.064273e+24 
(FlareEnergyMin) Minimum flare energy [kg*m^2/sec^2]: 5.334000e+23 
(FlareEnergyMid) Middle flare energy in the range of energy values [kg*m^2/sec^2]: 5.334000e+24 
(FlareEnergyMax) Maximum flare energy [kg*m^2/sec^2]: 5.334000e+25 
(FlareYIntOUT) Instantaneous Davenport FFD y-intercept at current age and mass []: 34.642178 
(FlareSlopeOUT) Instantaneous Davenport FFD slope at current age and mass []: -1.099213 

Output Order: Time[year] Luminosity[LSUN] LXUVStellar[LSUN] LXUVFlare[LSUN] LXUVTot[LSUN]
Grid Output Order:

----- BODY: b ----
Active Modules: AtmEsc
Module Bit Sum: 9
Color: 000000
(Mass) Mass [kg]: 9.930752e+24 
(Radius) Radius [m]: 7.139864e+06 
(RadGyra) Radius of Gyration/Moment of Inertia Constant []: 0.500000 
(BodyType) Type of Body (0 == planet) []: 0.000000 
(Density) Average Density [kg/m^3]: 6513.639742 
(HZLimitDryRunaway) Semi-major axis of Dry Runaway HZ Limit [m]: 9.212817e+09 
(HZLimRecVenus) Recent Venus HZ Limit [m]: 8.246883e+09 
(HZLimRunaway) Runaway Greenhouse HZ Limit [m]: 1.088047e+10 
(HZLimMoistGreenhouse) Moist Greenhouse HZ Limit [m]: 1.091198e+10 
(HZLimMaxGreenhouse) Maximum Greenhouse HZ Limit [m]: 2.070583e+10 
(HZLimEarlyMars) Early Mars HZ Limit [m]: 2.258201e+10 
(Instellation) Orbit-averaged INcident STELLar radiATION [kg/sec^3]: 2.539142e+04 
(MeanMotion) Orbital Mean Motion [/sec]: 4.464270e-05 
(OrbPeriod) Orbital Period [sec]: 1.407439e+05 
(SemiMajorAxis) Semi-major Axis [m]: 2.355598e+09 
(LXUVTot) Total XUV Luminosity [kg/sec^3]: -1.000000 
(EscapeVelocity) Escape Velocity [m/sec]: 1.362584e+04 
----- ATMESC PARAMETERS (b)------
(SurfWaterMass) Surface water mass [kg]: 0.000000 
(EnvelopeMass) Envelope mass [kg]: 0.000000 
(OxygenMass) Oxygen mass in the atmosphere [kg]: 0.000000 
(RGLimit) Runaway greenhouse semi-major axis [m]: 1.042823e+10 
(XO) Atomic oxygen mixing ratio in upper atmosphere []: 0.000000 
(EtaO) Oxygen eta parameter (Luger and Barnes 2015) []: 0.000000 
(PlanetRadius) Planet radius [m]: 7.139864e+06 
(OxygenMantleMass) Mass of oxygen in mantle [kg]: 0.000000 
(RadXUV) XUV radius separating hydro. dyn. escape and equilibrium [m]: -1.000000 
(RadSolid) Radius to the solid surface [m]: -1.000000 
(PresXUV) Pressure at base of thermosphere [(null)]: 5.000000 
(ScaleHeight) Scale height in Lehmer & Catling (2016) model [m]: -1.000000 
(ThermTemp) Isothermal atmospheric temperature [K]: 400.000000 
(AtmGasConst) Atmospheric gas constant [(null)]: 4124.000000 
(PresSurf) Surface pressure due to atmosphere [Pa]: -1.000000 
(DEnvMassDt) Envelope Mass Loss Rate [kg/s]: 0.000000 
(FXUV) XUV flux [W/m^2]: 4.328951 
(AtmXAbsEffH2O) XUV atmospheric escape efficiency for H2O []: 0.300000 
(RocheRadius) Roche Lobe Radius [m]: 4.803876e+07 
(BondiRadius) Bondi Radius [m]: 6.100743e+08 
(HEscapeRegime) Integer flag for H envelope escape regime []: 8.000000 
(RRCriticalFlux) Critical XUV Flux that separates RR and energy-limited escape [W/m^2]: 64.192020 
(CrossoverMass) Crossover mass, defines oxygen is escaping if mc > mo [kg]: 0.000000 
(WaterEscapeRegime) What water escape regime the code is currently in []: 8.000000 
(FXUVCRITDRAG) Critical Drag XUV flux [W/m^2]: 0.525015 
(HREFFLUX) The Hydrogen Reference Flux (m^-2 s^-1) [m^-2 s^-1]: 2.704752e+18 
(XO2) Molecular oxygen mixing ratio in atmosphere []: 0.000000 
(XH2O) Water mixing ratio in upper atmosphere []: 0.000000 
(HDiffFlux) The Hydrogen Diffusion Flux (m^-2 s^-1) [m^-2 s^-1]: 2.517620e+17 
(HRefODragMod) Multiply by H ref flux to get flux with drag []: 1.000000 
(KTide) Mass loss enhancement due to stellar gravity []: 0.778701 
(CumulativeXUVFlux) Cumulative XUV flux [W/m^2]: 4.364876e+18 
(RunawayGreenhouseFlux) Incident flux that triggers runaway greenhouse [kg/sec^3]: 1295.570423 
(RGDuration) Runaway Greenhouse Duration [years]: 0.00000e+00

Output Order: Time[year] CumulativeXUVFlux[W/m^2]
Grid Output Order:
