-------- Log file gj1132.log -------

Executable: /home/vplanet/.local/bin/vplanet
Version: Unknown
System Name: gj1132
Primary Input File: vpl.in
Body File #1: star.in
Body File #2: b.in
Allow files to be overwitten: Yes
Mass Units: Grams
Length Units: Meters
Time Units: Seconds
Angle Units: Radians

------- FORMATTING -----
Verbosity Level: 5
Crossover Decade for Scientific Notation: 4
Number of Digits After Decimal: 6
Integration Method: Runge-Kutta4
Direction: Forward
Time Step: 3.155760e+07
Stop Time: 2.148037e+17
Output Interval: 3.155760e+13
Use Variable Timestep: Yes
dEta: 0.010000
Minimum Value of ecc and obl: 1.000000e-10


---- INITIAL SYSTEM PROPERTIES ----
(Age) System Age [sec]: 1.553242e+14 
(Time) Simulation Time [sec]: 0.000000 
(TotAngMom) Total Angular Momentum [kg*m^2/sec]: 1.616214e+42 
(TotEnergy) Total System Energy [kg*m^2/sec^2]: -1.154079e+40 
(PotEnergy) Body's non-orbital Potential Energy [kg*m^2/sec^2]: -1.159941e+40 
(KinEnergy) Body's non-orbital Kinetic Energy [kg*m^2/sec^2]: 5.867859e+37 
(DeltaTime) Average Timestep Over Last Output Interval [sec]: 0.000000 

----- BODY: star ----
Active Modules: FLARE STELLAR
Module Bit Sum: 577
Color: 000000
(Mass) Mass [kg]: 3.895199e+29 
(Radius) Radius [m]: 5.238163e+08 
(RadGyra) Radius of Gyration/Moment of Inertia Constant []: 0.455664 
(RotAngMom) Rotational Angular Momentum [kg*m^2/sec]: 1.613777e+42 
(RotVel) Rotational Velocity [m/sec]: 3.809299e+04 
(BodyType) Type of Body (0 == planet) []: 0.000000 
(RotRate) Rotational Frequency [/sec]: 7.272205e-05 
(RotPer) Rotational Period [sec]: 8.640000e+04 
(Density) Average Density [kg/m^3]: 646.999697 
(HZLimitDryRunaway) Semi-major axis of Dry Runaway HZ Limit [m]: 3.151451e+10 
(HZLimRecVenus) Recent Venus HZ Limit [m]: 2.823561e+10 
(HZLimRunaway) Runaway Greenhouse HZ Limit [m]: 3.723718e+10 
(HZLimMoistGreenhouse) Moist Greenhouse HZ Limit [m]: 3.736035e+10 
(HZLimMaxGreenhouse) Maximum Greenhouse HZ Limit [m]: 7.101623e+10 
(HZLimEarlyMars) Early Mars HZ Limit [m]: 7.745087e+10 
(Instellation) Orbit-averaged INcident STELLar radiATION [kg/sec^3]: -1.000000 
(CriticalSemiMajorAxis) Holman & Wiegert (1999) P-type Critical Semi-major Axis [m]: -1.000000 
(LXUVTot) Total XUV Luminosity [LSUN]: 0.000173 
(LostEnergy) Body's Total Lost Energy [kg*m^2/sec^2]: 5.562685e-309 
(LostAngMom) Lost Angular Momentum due to Magnetic Braking [kg*m^2/sec]: 5.562685e-309 
(EscapeVelocity) Escape Velocity [m/sec]: 3.150595e+05 
----- STELLAR PARAMETERS (star)------
(Luminosity) Luminosity [LSUN]: 0.053868 
(LXUVStellar) Base X-ray/XUV Luminosity [LSUN]: 0.000172 
(Temperature) Effective Temperature [K]: 3205.772669 
(LXUVFrac) Fraction of luminosity in XUV []: 0.003190 
(RossbyNumber) Rossby Number []: 0.016436 
(DRotPerDtStellar) Time Rate of Change of Rotation Period in STELLAR []: -1.008086e-10 
(WindTorque) Stellar Wind Torque []: 5.351600e+27 
----- FLARE PARAMETERS (star)------
(LXUVFlare) XUV Luminosity from flares [LSUN]: 8.151619e-07 
(FlareFreq1) First value of flare frequency range [/sec]: 3.242540e-05 
(FlareFreq2) Second value of flare frequency range [/sec]: 2.810435e-05 
(FlareFreq3) Third value of flare frequency range [/sec]: 2.435912e-05 
(FlareFreq4) Fourth value of flare frequency range [/sec]: 2.111299e-05 
(FlareFreqMin) Frequency of the flares with the lowest energy [/sec]: 3.242540e-05 
(FlareFreqMid) Frequency of the flares with the middle energy in the energy range [/sec]: 7.758308e-06 
(FlareFreqMax) Frequency of the flares with the highest energy [/sec]: 1.856302e-06 
(FlareEnergy1) First value of flare energy range [kg*m^2/sec^2]: 5.334000e+23 
(FlareEnergy2) Second value of flare energy range [kg*m^2/sec^2]: 6.715108e+23 
(FlareEnergy3) Third value of flare energy range [kg*m^2/sec^2]: 8.453820e+23 
(FlareEnergy4) Fourth value of flare energy range [kg*m^2/sec^2]: 1.064273e+24 
(FlareEnergyMin) Minimum flare energy [kg*m^2/sec^2]: 5.334000e+23 
(FlareEnergyMid) Middle flare energy in the range of energy values [kg*m^2/sec^2]: 5.334000e+24 
(FlareEnergyMax) Maximum flare energy [kg*m^2/sec^2]: 5.334000e+25 
(FlareYIntOUT) Instantaneous Davenport FFD y-intercept at current age and mass []: 19.532535 
(FlareSlopeOUT) Instantaneous Davenport FFD slope at current age and mass []: -0.621118 

Output Order: Time[year] Luminosity[LSUN] LXUVStellar[LSUN] LXUVFlare[LSUN] LXUVTot[LSUN]
Grid Output Order:

----- BODY: b ----
Active Modules: AtmEsc
Module Bit Sum: 9
Color: 000000
(Mass) Mass [kg]: 9.849821e+24 
(Radius) Radius [m]: 7.140870e+06 
(RadGyra) Radius of Gyration/Moment of Inertia Constant []: 0.500000 
(BodyType) Type of Body (0 == planet) []: 0.000000 
(Density) Average Density [kg/m^3]: 6457.826484 
(HZLimitDryRunaway) Semi-major axis of Dry Runaway HZ Limit [m]: 3.151459e+10 
(HZLimRecVenus) Recent Venus HZ Limit [m]: 2.823561e+10 
(HZLimRunaway) Runaway Greenhouse HZ Limit [m]: 3.723718e+10 
(HZLimMoistGreenhouse) Moist Greenhouse HZ Limit [m]: 3.736035e+10 
(HZLimMaxGreenhouse) Maximum Greenhouse HZ Limit [m]: 7.101623e+10 
(HZLimEarlyMars) Early Mars HZ Limit [m]: 7.745087e+10 
(Instellation) Orbit-averaged INcident STELLar radiATION [kg/sec^3]: 2.975285e+05 
(MeanMotion) Orbital Mean Motion [/sec]: 4.464484e-05 
(OrbPeriod) Orbital Period [sec]: 1.407371e+05 
(SemiMajorAxis) Semi-major Axis [m]: 2.353970e+09 
(LXUVTot) Total XUV Luminosity [kg/sec^3]: -1.000000 
(EscapeVelocity) Escape Velocity [m/sec]: 1.356925e+04 
----- ATMESC PARAMETERS (b)------
(SurfWaterMass) Surface water mass [kg]: 0.000000 
(EnvelopeMass) Envelope mass [kg]: 0.000000 
(OxygenMass) Oxygen mass in the atmosphere [kg]: 0.000000 
(RGLimit) Runaway greenhouse semi-major axis [m]: 3.569563e+10 
(XO) Atomic oxygen mixing ratio in upper atmosphere []: 0.000000 
(EtaO) Oxygen eta parameter (Luger and Barnes 2015) []: 0.000000 
(PlanetRadius) Planet radius [m]: 7.140870e+06 
(OxygenMantleMass) Mass of oxygen in mantle [kg]: 0.000000 
(RadXUV) XUV radius separating hydro. dyn. escape and equilibrium [m]: -1.000000 
(RadSolid) Radius to the solid surface [m]: -1.000000 
(PresXUV) Pressure at base of thermosphere [(null)]: 5.000000 
(ScaleHeight) Scale height in Lehmer & Catling (2016) model [m]: -1.000000 
(ThermTemp) Isothermal atmospheric temperature [K]: 400.000000 
(AtmGasConst) Atmospheric gas constant [(null)]: 4124.000000 
(PresSurf) Surface pressure due to atmosphere [Pa]: -1.000000 
(DEnvMassDt) Envelope Mass Loss Rate [kg/s]: 0.000000 
(FXUV) XUV flux [W/m^2]: 953.604688 
(AtmXAbsEffH2O) XUV atmospheric escape efficiency for H2O []: 0.300000 
(RocheRadius) Roche Lobe Radius [m]: 4.790638e+07 
(BondiRadius) Bondi Radius [m]: 3.266075e+08 
(HEscapeRegime) Integer flag for H envelope escape regime []: 8.000000 
(RRCriticalFlux) Critical XUV Flux that separates RR and energy-limited escape [W/m^2]: 63.020707 
(CrossoverMass) Crossover mass, defines oxygen is escaping if mc > mo [kg]: 0.000000 
(WaterEscapeRegime) What water escape regime the code is currently in []: 8.000000 
(FXUVCRITDRAG) Critical Drag XUV flux [W/m^2]: 0.516275 
(HREFFLUX) The Hydrogen Reference Flux (m^-2 s^-1) [m^-2 s^-1]: 6.012867e+20 
(XO2) Molecular oxygen mixing ratio in atmosphere []: 0.000000 
(XH2O) Water mixing ratio in upper atmosphere []: 0.000000 
(HDiffFlux) The Hydrogen Diffusion Flux (m^-2 s^-1) [m^-2 s^-1]: 2.496399e+17 
(HRefODragMod) Multiply by H ref flux to get flux with drag []: 1.000000 
(KTide) Mass loss enhancement due to stellar gravity []: 0.778068 
(CumulativeXUVFlux) Cumulative XUV flux [W/m^2]: 0.000000 
(RunawayGreenhouseFlux) Incident flux that triggers runaway greenhouse [kg/sec^3]: 1293.892270 
(RGDuration) Runaway Greenhouse Duration [years]: 0.00000e+00

Output Order: Time[year] CumulativeXUVFlux[W/m^2]
Grid Output Order:



---- FINAL SYSTEM PROPERTIES ----
(Age) System Age [sec]: 2.149611e+17 
(Time) Simulation Time [sec]: 2.148058e+17 
(TotAngMom) Total Angular Momentum [kg*m^2/sec]: 1.612710e+42 
(TotEnergy) Total System Energy [kg*m^2/sec^2]: -1.156639e+40 
(PotEnergy) Body's non-orbital Potential Energy [kg*m^2/sec^2]: -4.129822e+40 
(KinEnergy) Body's non-orbital Kinetic Energy [kg*m^2/sec^2]: 6.477496e+32 
(DeltaTime) Average Timestep Over Last Output Interval [sec]: 3.155760e+12 

----- BODY: star ----
Active Modules: FLARE STELLAR
Module Bit Sum: 577
Color: 000000
(Mass) Mass [kg]: 3.895199e+29 
(Radius) Radius [m]: 1.471241e+08 
(RadGyra) Radius of Gyration/Moment of Inertia Constant []: 0.460296 
(RotAngMom) Rotational Angular Momentum [kg*m^2/sec]: 1.521263e+39 
(RotVel) Rotational Velocity [m/sec]: 125.290069 
(BodyType) Type of Body (0 == planet) []: 0.000000 
(RotRate) Rotational Frequency [/sec]: 8.515947e-07 
(RotPer) Rotational Period [sec]: 7.378140e+06 
(Density) Average Density [kg/m^3]: 2.920048e+04 
(HZLimitDryRunaway) Semi-major axis of Dry Runaway HZ Limit [m]: 9.135603e+09 
(HZLimRecVenus) Recent Venus HZ Limit [m]: 8.178188e+09 
(HZLimRunaway) Runaway Greenhouse HZ Limit [m]: 1.078962e+10 
(HZLimMoistGreenhouse) Moist Greenhouse HZ Limit [m]: 1.082109e+10 
(HZLimMaxGreenhouse) Maximum Greenhouse HZ Limit [m]: 2.053511e+10 
(HZLimEarlyMars) Early Mars HZ Limit [m]: 2.239582e+10 
(Instellation) Orbit-averaged INcident STELLar radiATION [kg/sec^3]: -1.000000 
(CriticalSemiMajorAxis) Holman & Wiegert (1999) P-type Critical Semi-major Axis [m]: -1.000000 
(LXUVTot) Total XUV Luminosity [LSUN]: 5.764097e-07 
(LostEnergy) Body's Total Lost Energy [kg*m^2/sec^2]: 2.973188e+40 
(LostAngMom) Lost Angular Momentum due to Magnetic Braking [kg*m^2/sec]: 1.608752e+42 
(EscapeVelocity) Escape Velocity [m/sec]: 5.944840e+05 
----- STELLAR PARAMETERS (star)------
(Luminosity) Luminosity [LSUN]: 0.004527 
(LXUVStellar) Base X-ray/XUV Luminosity [LSUN]: 1.891554e-07 
(Temperature) Effective Temperature [K]: 3249.266675 
(LXUVFrac) Fraction of luminosity in XUV []: 4.178646e-05 
(RossbyNumber) Rossby Number []: 1.435141 
(DRotPerDtStellar) Time Rate of Change of Rotation Period in STELLAR []: 1.551173e-11 
(WindTorque) Stellar Wind Torque []: 3.438654e+21 
----- FLARE PARAMETERS (star)------
(LXUVFlare) XUV Luminosity from flares [LSUN]: 3.872538e-07 
(FlareFreq1) First value of flare frequency range [/sec]: 8.424080e-05 
(FlareFreq2) Second value of flare frequency range [/sec]: 6.561565e-05 
(FlareFreq3) Third value of flare frequency range [/sec]: 5.110841e-05 
(FlareFreq4) Fourth value of flare frequency range [/sec]: 3.980864e-05 
(FlareFreqMin) Frequency of the flares with the lowest energy [/sec]: 8.424080e-05 
(FlareFreqMid) Frequency of the flares with the middle energy in the energy range [/sec]: 6.924239e-06 
(FlareFreqMax) Frequency of the flares with the highest energy [/sec]: 5.691433e-07 
(FlareEnergy1) First value of flare energy range [kg*m^2/sec^2]: 5.334000e+23 
(FlareEnergy2) Second value of flare energy range [kg*m^2/sec^2]: 6.715108e+23 
(FlareEnergy3) Third value of flare energy range [kg*m^2/sec^2]: 8.453820e+23 
(FlareEnergy4) Fourth value of flare energy range [kg*m^2/sec^2]: 1.064273e+24 
(FlareEnergyMin) Minimum flare energy [kg*m^2/sec^2]: 5.334000e+23 
(FlareEnergyMid) Middle flare energy in the range of energy values [kg*m^2/sec^2]: 5.334000e+24 
(FlareEnergyMax) Maximum flare energy [kg*m^2/sec^2]: 5.334000e+25 
(FlareYIntOUT) Instantaneous Davenport FFD y-intercept at current age and mass []: 34.205511 
(FlareSlopeOUT) Instantaneous Davenport FFD slope at current age and mass []: -1.085150 

Output Order: Time[year] Luminosity[LSUN] LXUVStellar[LSUN] LXUVFlare[LSUN] LXUVTot[LSUN]
Grid Output Order:

----- BODY: b ----
Active Modules: AtmEsc
Module Bit Sum: 9
Color: 000000
(Mass) Mass [kg]: 9.849821e+24 
(Radius) Radius [m]: 7.140870e+06 
(RadGyra) Radius of Gyration/Moment of Inertia Constant []: 0.500000 
(BodyType) Type of Body (0 == planet) []: 0.000000 
(Density) Average Density [kg/m^3]: 6457.826484 
(HZLimitDryRunaway) Semi-major axis of Dry Runaway HZ Limit [m]: 9.135625e+09 
(HZLimRecVenus) Recent Venus HZ Limit [m]: 8.178188e+09 
(HZLimRunaway) Runaway Greenhouse HZ Limit [m]: 1.078962e+10 
(HZLimMoistGreenhouse) Moist Greenhouse HZ Limit [m]: 1.082109e+10 
(HZLimMaxGreenhouse) Maximum Greenhouse HZ Limit [m]: 2.053511e+10 
(HZLimEarlyMars) Early Mars HZ Limit [m]: 2.239582e+10 
(Instellation) Orbit-averaged INcident STELLar radiATION [kg/sec^3]: 2.500241e+04 
(MeanMotion) Orbital Mean Motion [/sec]: 4.464484e-05 
(OrbPeriod) Orbital Period [sec]: 1.407371e+05 
(SemiMajorAxis) Semi-major Axis [m]: 2.353970e+09 
(LXUVTot) Total XUV Luminosity [kg/sec^3]: -1.000000 
(EscapeVelocity) Escape Velocity [m/sec]: 1.356925e+04 
----- ATMESC PARAMETERS (b)------
(SurfWaterMass) Surface water mass [kg]: 0.000000 
(EnvelopeMass) Envelope mass [kg]: 0.000000 
(OxygenMass) Oxygen mass in the atmosphere [kg]: 0.000000 
(RGLimit) Runaway greenhouse semi-major axis [m]: 1.034313e+10 
(XO) Atomic oxygen mixing ratio in upper atmosphere []: 0.000000 
(EtaO) Oxygen eta parameter (Luger and Barnes 2015) []: 0.000000 
(PlanetRadius) Planet radius [m]: 7.140870e+06 
(OxygenMantleMass) Mass of oxygen in mantle [kg]: 0.000000 
(RadXUV) XUV radius separating hydro. dyn. escape and equilibrium [m]: -1.000000 
(RadSolid) Radius to the solid surface [m]: -1.000000 
(PresXUV) Pressure at base of thermosphere [(null)]: 5.000000 
(ScaleHeight) Scale height in Lehmer & Catling (2016) model [m]: -1.000000 
(ThermTemp) Isothermal atmospheric temperature [K]: 400.000000 
(AtmGasConst) Atmospheric gas constant [(null)]: 4124.000000 
(PresSurf) Surface pressure due to atmosphere [Pa]: -1.000000 
(DEnvMassDt) Envelope Mass Loss Rate [kg/s]: 0.000000 
(FXUV) XUV flux [W/m^2]: 3.183685 
(AtmXAbsEffH2O) XUV atmospheric escape efficiency for H2O []: 0.300000 
(RocheRadius) Roche Lobe Radius [m]: 4.790638e+07 
(BondiRadius) Bondi Radius [m]: 6.080246e+08 
(HEscapeRegime) Integer flag for H envelope escape regime []: 8.000000 
(RRCriticalFlux) Critical XUV Flux that separates RR and energy-limited escape [W/m^2]: 63.020707 
(CrossoverMass) Crossover mass, defines oxygen is escaping if mc > mo [kg]: 0.000000 
(WaterEscapeRegime) What water escape regime the code is currently in []: 8.000000 
(FXUVCRITDRAG) Critical Drag XUV flux [W/m^2]: 0.516275 
(HREFFLUX) The Hydrogen Reference Flux (m^-2 s^-1) [m^-2 s^-1]: 2.007443e+18 
(XO2) Molecular oxygen mixing ratio in atmosphere []: 0.000000 
(XH2O) Water mixing ratio in upper atmosphere []: 0.000000 
(HDiffFlux) The Hydrogen Diffusion Flux (m^-2 s^-1) [m^-2 s^-1]: 2.496399e+17 
(HRefODragMod) Multiply by H ref flux to get flux with drag []: 1.000000 
(KTide) Mass loss enhancement due to stellar gravity []: 0.778068 
(CumulativeXUVFlux) Cumulative XUV flux [W/m^2]: 2.869800e+18 
(RunawayGreenhouseFlux) Incident flux that triggers runaway greenhouse [kg/sec^3]: 1295.022878 
(RGDuration) Runaway Greenhouse Duration [years]: 0.00000e+00

Output Order: Time[year] CumulativeXUVFlux[W/m^2]
Grid Output Order:
