-------- Log file gj1132.log -------

Executable: /home/vplanet/.local/bin/vplanet
Version: Unknown
System Name: gj1132
Primary Input File: vpl.in
Body File #1: star.in
Body File #2: b.in
Allow files to be overwitten: Yes
Mass Units: Grams
Length Units: Meters
Time Units: Seconds
Angle Units: Radians

------- FORMATTING -----
Verbosity Level: 5
Crossover Decade for Scientific Notation: 4
Number of Digits After Decimal: 6
Integration Method: Runge-Kutta4
Direction: Forward
Time Step: 3.155760e+07
Stop Time: 2.309891e+17
Output Interval: 3.155760e+13
Use Variable Timestep: Yes
dEta: 0.010000
Minimum Value of ecc and obl: 1.000000e-10


---- INITIAL SYSTEM PROPERTIES ----
(Age) System Age [sec]: 1.494437e+14 
(Time) Simulation Time [sec]: 0.000000 
(TotAngMom) Total Angular Momentum [kg*m^2/sec]: 1.552827e+42 
(TotEnergy) Total System Energy [kg*m^2/sec^2]: -1.073529e+40 
(PotEnergy) Body's non-orbital Potential Energy [kg*m^2/sec^2]: -1.079161e+40 
(KinEnergy) Body's non-orbital Kinetic Energy [kg*m^2/sec^2]: 5.637275e+37 
(DeltaTime) Average Timestep Over Last Output Interval [sec]: 0.000000 

----- BODY: star ----
Active Modules: FLARE STELLAR
Module Bit Sum: 577
Color: 000000
(Mass) Mass [kg]: 3.754491e+29 
(Radius) Radius [m]: 5.230842e+08 
(RadGyra) Radius of Gyration/Moment of Inertia Constant []: 0.455550 
(RotAngMom) Rotational Angular Momentum [kg*m^2/sec]: 1.550362e+42 
(RotVel) Rotational Velocity [m/sec]: 3.803976e+04 
(BodyType) Type of Body (0 == planet) []: 0.000000 
(RotRate) Rotational Frequency [/sec]: 7.272205e-05 
(RotPer) Rotational Period [sec]: 8.640000e+04 
(Density) Average Density [kg/m^3]: 626.249885 
(HZLimitDryRunaway) Semi-major axis of Dry Runaway HZ Limit [m]: 3.111921e+10 
(HZLimRecVenus) Recent Venus HZ Limit [m]: 2.789158e+10 
(HZLimRunaway) Runaway Greenhouse HZ Limit [m]: 3.677725e+10 
(HZLimMoistGreenhouse) Moist Greenhouse HZ Limit [m]: 3.690515e+10 
(HZLimMaxGreenhouse) Maximum Greenhouse HZ Limit [m]: 7.020173e+10 
(HZLimEarlyMars) Early Mars HZ Limit [m]: 7.656249e+10 
(Instellation) Orbit-averaged INcident STELLar radiATION [kg/sec^3]: -1.000000 
(CriticalSemiMajorAxis) Holman & Wiegert (1999) P-type Critical Semi-major Axis [m]: -1.000000 
(LXUVTot) Total XUV Luminosity [LSUN]: 7.074085e-05 
(LostEnergy) Body's Total Lost Energy [kg*m^2/sec^2]: 5.562685e-309 
(LostAngMom) Lost Angular Momentum due to Magnetic Braking [kg*m^2/sec]: 5.562685e-309 
(EscapeVelocity) Escape Velocity [m/sec]: 3.095330e+05 
----- STELLAR PARAMETERS (star)------
(Luminosity) Luminosity [LSUN]: 0.052525 
(LXUVStellar) Base X-ray/XUV Luminosity [LSUN]: 6.992975e-05 
(Temperature) Effective Temperature [K]: 3186.740361 
(LXUVFrac) Fraction of luminosity in XUV []: 0.001331 
(RossbyNumber) Rossby Number []: 0.016276 
(DRotPerDtStellar) Time Rate of Change of Rotation Period in STELLAR []: -1.478435e-10 
(WindTorque) Stellar Wind Torque []: 5.443730e+27 
----- FLARE PARAMETERS (star)------
(LXUVFlare) XUV Luminosity from flares [LSUN]: 8.111046e-07 
(FlareFreq1) First value of flare frequency range [/sec]: 3.225965e-05 
(FlareFreq2) Second value of flare frequency range [/sec]: 2.796091e-05 
(FlareFreq3) Third value of flare frequency range [/sec]: 2.423499e-05 
(FlareFreq4) Fourth value of flare frequency range [/sec]: 2.100556e-05 
(FlareFreqMin) Frequency of the flares with the lowest energy [/sec]: 3.225965e-05 
(FlareFreqMid) Frequency of the flares with the middle energy in the energy range [/sec]: 7.719248e-06 
(FlareFreqMax) Frequency of the flares with the highest energy [/sec]: 1.847099e-06 
(FlareEnergy1) First value of flare energy range [kg*m^2/sec^2]: 5.334000e+23 
(FlareEnergy2) Second value of flare energy range [kg*m^2/sec^2]: 6.715108e+23 
(FlareEnergy3) Third value of flare energy range [kg*m^2/sec^2]: 8.453820e+23 
(FlareEnergy4) Fourth value of flare energy range [kg*m^2/sec^2]: 1.064273e+24 
(FlareEnergyMin) Minimum flare energy [kg*m^2/sec^2]: 5.334000e+23 
(FlareEnergyMid) Middle flare energy in the range of energy values [kg*m^2/sec^2]: 5.334000e+24 
(FlareEnergyMax) Maximum flare energy [kg*m^2/sec^2]: 5.334000e+25 
(FlareYIntOUT) Instantaneous Davenport FFD y-intercept at current age and mass []: 19.529276 
(FlareSlopeOUT) Instantaneous Davenport FFD slope at current age and mass []: -0.621085 

Output Order: Time[year] Luminosity[LSUN] LXUVStellar[LSUN] LXUVFlare[LSUN] LXUVTot[LSUN]
Grid Output Order:

----- BODY: b ----
Active Modules: AtmEsc
Module Bit Sum: 9
Color: 000000
(Mass) Mass [kg]: 1.021460e+25 
(Radius) Radius [m]: 7.375030e+06 
(RadGyra) Radius of Gyration/Moment of Inertia Constant []: 0.500000 
(BodyType) Type of Body (0 == planet) []: 0.000000 
(Density) Average Density [kg/m^3]: 6079.126401 
(HZLimitDryRunaway) Semi-major axis of Dry Runaway HZ Limit [m]: 3.111932e+10 
(HZLimRecVenus) Recent Venus HZ Limit [m]: 2.789158e+10 
(HZLimRunaway) Runaway Greenhouse HZ Limit [m]: 3.677725e+10 
(HZLimMoistGreenhouse) Moist Greenhouse HZ Limit [m]: 3.690515e+10 
(HZLimMaxGreenhouse) Maximum Greenhouse HZ Limit [m]: 7.020173e+10 
(HZLimEarlyMars) Early Mars HZ Limit [m]: 7.656249e+10 
(Instellation) Orbit-averaged INcident STELLar radiATION [kg/sec^3]: 2.973081e+05 
(MeanMotion) Orbital Mean Motion [/sec]: 4.464405e-05 
(OrbPeriod) Orbital Period [sec]: 1.407396e+05 
(SemiMajorAxis) Semi-major Axis [m]: 2.325306e+09 
(LXUVTot) Total XUV Luminosity [kg/sec^3]: -1.000000 
(EscapeVelocity) Escape Velocity [m/sec]: 1.359709e+04 
----- ATMESC PARAMETERS (b)------
(SurfWaterMass) Surface water mass [kg]: 0.000000 
(EnvelopeMass) Envelope mass [kg]: 0.000000 
(OxygenMass) Oxygen mass in the atmosphere [kg]: 0.000000 
(RGLimit) Runaway greenhouse semi-major axis [m]: 3.522497e+10 
(XO) Atomic oxygen mixing ratio in upper atmosphere []: 0.000000 
(EtaO) Oxygen eta parameter (Luger and Barnes 2015) []: 0.000000 
(PlanetRadius) Planet radius [m]: 7.375030e+06 
(OxygenMantleMass) Mass of oxygen in mantle [kg]: 0.000000 
(RadXUV) XUV radius separating hydro. dyn. escape and equilibrium [m]: -1.000000 
(RadSolid) Radius to the solid surface [m]: -1.000000 
(PresXUV) Pressure at base of thermosphere [(null)]: 5.000000 
(ScaleHeight) Scale height in Lehmer & Catling (2016) model [m]: -1.000000 
(ThermTemp) Isothermal atmospheric temperature [K]: 400.000000 
(AtmGasConst) Atmospheric gas constant [(null)]: 4124.000000 
(PresSurf) Surface pressure due to atmosphere [Pa]: -1.000000 
(DEnvMassDt) Envelope Mass Loss Rate [kg/s]: 0.000000 
(FXUV) XUV flux [W/m^2]: 400.415780 
(AtmXAbsEffH2O) XUV atmospheric escape efficiency for H2O []: 0.300000 
(RocheRadius) Roche Lobe Radius [m]: 4.849121e+07 
(BondiRadius) Bondi Radius [m]: 3.430593e+08 
(HEscapeRegime) Integer flag for H envelope escape regime []: 8.000000 
(RRCriticalFlux) Critical XUV Flux that separates RR and energy-limited escape [W/m^2]: 60.821350 
(CrossoverMass) Crossover mass, defines oxygen is escaping if mc > mo [kg]: 0.000000 
(WaterEscapeRegime) What water escape regime the code is currently in []: 8.000000 
(FXUVCRITDRAG) Critical Drag XUV flux [W/m^2]: 0.503998 
(HREFFLUX) The Hydrogen Reference Flux (m^-2 s^-1) [m^-2 s^-1]: 2.528900e+20 
(XO2) Molecular oxygen mixing ratio in atmosphere []: 0.000000 
(XH2O) Water mixing ratio in upper atmosphere []: 0.000000 
(HDiffFlux) The Hydrogen Diffusion Flux (m^-2 s^-1) [m^-2 s^-1]: 2.427065e+17 
(HRefODragMod) Multiply by H ref flux to get flux with drag []: 1.000000 
(KTide) Mass loss enhancement due to stellar gravity []: 0.773624 
(CumulativeXUVFlux) Cumulative XUV flux [W/m^2]: 0.000000 
(RunawayGreenhouseFlux) Incident flux that triggers runaway greenhouse [kg/sec^3]: 1295.574687 
(RGDuration) Runaway Greenhouse Duration [years]: 0.00000e+00

Output Order: Time[year] CumulativeXUVFlux[W/m^2]
Grid Output Order:



---- FINAL SYSTEM PROPERTIES ----
(Age) System Age [sec]: 2.311511e+17 
(Time) Simulation Time [sec]: 2.310016e+17 
(TotAngMom) Total Angular Momentum [kg*m^2/sec]: 1.555729e+42 
(TotEnergy) Total System Energy [kg*m^2/sec^2]: -1.072680e+40 
(PotEnergy) Body's non-orbital Potential Energy [kg*m^2/sec^2]: -3.962293e+40 
(KinEnergy) Body's non-orbital Kinetic Energy [kg*m^2/sec^2]: 5.721889e+32 
(DeltaTime) Average Timestep Over Last Output Interval [sec]: 1.577880e+13 

----- BODY: star ----
Active Modules: FLARE STELLAR
Module Bit Sum: 577
Color: 000000
(Mass) Mass [kg]: 3.754491e+29 
(Radius) Radius [m]: 1.424660e+08 
(RadGyra) Radius of Gyration/Moment of Inertia Constant []: 0.460569 
(RotAngMom) Rotational Angular Momentum [kg*m^2/sec]: 1.360087e+39 
(RotVel) Rotational Velocity [m/sec]: 119.870984 
(BodyType) Type of Body (0 == planet) []: 0.000000 
(RotRate) Rotational Frequency [/sec]: 8.414007e-07 
(RotPer) Rotational Period [sec]: 7.467530e+06 
(Density) Average Density [kg/m^3]: 3.099766e+04 
(HZLimitDryRunaway) Semi-major axis of Dry Runaway HZ Limit [m]: 8.727402e+09 
(HZLimRecVenus) Recent Venus HZ Limit [m]: 7.815607e+09 
(HZLimRunaway) Runaway Greenhouse HZ Limit [m]: 1.030954e+10 
(HZLimMoistGreenhouse) Moist Greenhouse HZ Limit [m]: 1.034133e+10 
(HZLimMaxGreenhouse) Maximum Greenhouse HZ Limit [m]: 1.963863e+10 
(HZLimEarlyMars) Early Mars HZ Limit [m]: 2.141808e+10 
(Instellation) Orbit-averaged INcident STELLar radiATION [kg/sec^3]: -1.000000 
(CriticalSemiMajorAxis) Holman & Wiegert (1999) P-type Critical Semi-major Axis [m]: -1.000000 
(LXUVTot) Total XUV Luminosity [LSUN]: 6.380566e-07 
(LostEnergy) Body's Total Lost Energy [kg*m^2/sec^2]: 2.889618e+40 
(LostAngMom) Lost Angular Momentum due to Magnetic Braking [kg*m^2/sec]: 1.551904e+42 
(EscapeVelocity) Escape Velocity [m/sec]: 5.931126e+05 
----- STELLAR PARAMETERS (star)------
(Luminosity) Luminosity [LSUN]: 0.004131 
(LXUVStellar) Base X-ray/XUV Luminosity [LSUN]: 2.521030e-07 
(Temperature) Effective Temperature [K]: 3230.669935 
(LXUVFrac) Fraction of luminosity in XUV []: 6.102381e-05 
(RossbyNumber) Rossby Number []: 1.438759 
(DRotPerDtStellar) Time Rate of Change of Rotation Period in STELLAR []: 1.534550e-11 
(WindTorque) Stellar Wind Torque []: 2.794927e+21 
----- FLARE PARAMETERS (star)------
(LXUVFlare) XUV Luminosity from flares [LSUN]: 3.859497e-07 
(FlareFreq1) First value of flare frequency range [/sec]: 8.629782e-05 
(FlareFreq2) Second value of flare frequency range [/sec]: 6.708858e-05 
(FlareFreq3) Third value of flare frequency range [/sec]: 5.215517e-05 
(FlareFreq4) Fourth value of flare frequency range [/sec]: 4.054582e-05 
(FlareFreqMin) Frequency of the flares with the lowest energy [/sec]: 8.629782e-05 
(FlareFreqMid) Frequency of the flares with the middle energy in the energy range [/sec]: 6.958047e-06 
(FlareFreqMax) Frequency of the flares with the highest energy [/sec]: 5.610154e-07 
(FlareEnergy1) First value of flare energy range [kg*m^2/sec^2]: 5.334000e+23 
(FlareEnergy2) Second value of flare energy range [kg*m^2/sec^2]: 6.715108e+23 
(FlareEnergy3) Third value of flare energy range [kg*m^2/sec^2]: 8.453820e+23 
(FlareEnergy4) Fourth value of flare energy range [kg*m^2/sec^2]: 1.064273e+24 
(FlareEnergyMin) Minimum flare energy [kg*m^2/sec^2]: 5.334000e+23 
(FlareEnergyMid) Middle flare energy in the range of energy values [kg*m^2/sec^2]: 5.334000e+24 
(FlareEnergyMax) Maximum flare energy [kg*m^2/sec^2]: 5.334000e+25 
(FlareYIntOUT) Instantaneous Davenport FFD y-intercept at current age and mass []: 34.472931 
(FlareSlopeOUT) Instantaneous Davenport FFD slope at current age and mass []: -1.093513 

Output Order: Time[year] Luminosity[LSUN] LXUVStellar[LSUN] LXUVFlare[LSUN] LXUVTot[LSUN]
Grid Output Order:

----- BODY: b ----
Active Modules: AtmEsc
Module Bit Sum: 9
Color: 000000
(Mass) Mass [kg]: 1.021460e+25 
(Radius) Radius [m]: 7.375030e+06 
(RadGyra) Radius of Gyration/Moment of Inertia Constant []: 0.500000 
(BodyType) Type of Body (0 == planet) []: 0.000000 
(Density) Average Density [kg/m^3]: 6079.126401 
(HZLimitDryRunaway) Semi-major axis of Dry Runaway HZ Limit [m]: 8.727434e+09 
(HZLimRecVenus) Recent Venus HZ Limit [m]: 7.815607e+09 
(HZLimRunaway) Runaway Greenhouse HZ Limit [m]: 1.030954e+10 
(HZLimMoistGreenhouse) Moist Greenhouse HZ Limit [m]: 1.034133e+10 
(HZLimMaxGreenhouse) Maximum Greenhouse HZ Limit [m]: 1.963863e+10 
(HZLimEarlyMars) Early Mars HZ Limit [m]: 2.141808e+10 
(Instellation) Orbit-averaged INcident STELLar radiATION [kg/sec^3]: 2.338404e+04 
(MeanMotion) Orbital Mean Motion [/sec]: 4.464405e-05 
(OrbPeriod) Orbital Period [sec]: 1.407396e+05 
(SemiMajorAxis) Semi-major Axis [m]: 2.325306e+09 
(LXUVTot) Total XUV Luminosity [kg/sec^3]: -1.000000 
(EscapeVelocity) Escape Velocity [m/sec]: 1.359709e+04 
----- ATMESC PARAMETERS (b)------
(SurfWaterMass) Surface water mass [kg]: 0.000000 
(EnvelopeMass) Envelope mass [kg]: 0.000000 
(OxygenMass) Oxygen mass in the atmosphere [kg]: 0.000000 
(RGLimit) Runaway greenhouse semi-major axis [m]: 9.874543e+09 
(XO) Atomic oxygen mixing ratio in upper atmosphere []: 0.000000 
(EtaO) Oxygen eta parameter (Luger and Barnes 2015) []: 0.000000 
(PlanetRadius) Planet radius [m]: 7.375030e+06 
(OxygenMantleMass) Mass of oxygen in mantle [kg]: 0.000000 
(RadXUV) XUV radius separating hydro. dyn. escape and equilibrium [m]: -1.000000 
(RadSolid) Radius to the solid surface [m]: -1.000000 
(PresXUV) Pressure at base of thermosphere [(null)]: 5.000000 
(ScaleHeight) Scale height in Lehmer & Catling (2016) model [m]: -1.000000 
(ThermTemp) Isothermal atmospheric temperature [K]: 400.000000 
(AtmGasConst) Atmospheric gas constant [(null)]: 4124.000000 
(PresSurf) Surface pressure due to atmosphere [Pa]: -1.000000 
(DEnvMassDt) Envelope Mass Loss Rate [kg/s]: 0.000000 
(FXUV) XUV flux [W/m^2]: 3.611604 
(AtmXAbsEffH2O) XUV atmospheric escape efficiency for H2O []: 0.300000 
(RocheRadius) Roche Lobe Radius [m]: 4.849121e+07 
(BondiRadius) Bondi Radius [m]: 6.484156e+08 
(HEscapeRegime) Integer flag for H envelope escape regime []: 8.000000 
(RRCriticalFlux) Critical XUV Flux that separates RR and energy-limited escape [W/m^2]: 60.821350 
(CrossoverMass) Crossover mass, defines oxygen is escaping if mc > mo [kg]: 0.000000 
(WaterEscapeRegime) What water escape regime the code is currently in []: 8.000000 
(FXUVCRITDRAG) Critical Drag XUV flux [W/m^2]: 0.503998 
(HREFFLUX) The Hydrogen Reference Flux (m^-2 s^-1) [m^-2 s^-1]: 2.280975e+18 
(XO2) Molecular oxygen mixing ratio in atmosphere []: 0.000000 
(XH2O) Water mixing ratio in upper atmosphere []: 0.000000 
(HDiffFlux) The Hydrogen Diffusion Flux (m^-2 s^-1) [m^-2 s^-1]: 2.427065e+17 
(HRefODragMod) Multiply by H ref flux to get flux with drag []: 1.000000 
(KTide) Mass loss enhancement due to stellar gravity []: 0.773624 
(CumulativeXUVFlux) Cumulative XUV flux [W/m^2]: 2.381128e+18 
(RunawayGreenhouseFlux) Incident flux that triggers runaway greenhouse [kg/sec^3]: 1296.708814 
(RGDuration) Runaway Greenhouse Duration [years]: 0.00000e+00

Output Order: Time[year] CumulativeXUVFlux[W/m^2]
Grid Output Order:
