-------- Log file gj1132.log -------

Executable: /home/vplanet/.local/bin/vplanet
Version: Unknown
System Name: gj1132
Primary Input File: vpl.in
Body File #1: star.in
Body File #2: b.in
Allow files to be overwitten: Yes
Mass Units: Grams
Length Units: Meters
Time Units: Seconds
Angle Units: Radians

------- FORMATTING -----
Verbosity Level: 5
Crossover Decade for Scientific Notation: 4
Number of Digits After Decimal: 6
Integration Method: Runge-Kutta4
Direction: Forward
Time Step: 3.155760e+07
Stop Time: 2.428356e+17
Output Interval: 3.155760e+13
Use Variable Timestep: Yes
dEta: 0.010000
Minimum Value of ecc and obl: 1.000000e-10


---- INITIAL SYSTEM PROPERTIES ----
(Age) System Age [sec]: 2.292370e+14 
(Time) Simulation Time [sec]: 0.000000 
(TotAngMom) Total Angular Momentum [kg*m^2/sec]: 1.301730e+42 
(TotEnergy) Total System Energy [kg*m^2/sec^2]: -1.396064e+40 
(PotEnergy) Body's non-orbital Potential Energy [kg*m^2/sec^2]: -1.400783e+40 
(KinEnergy) Body's non-orbital Kinetic Energy [kg*m^2/sec^2]: 4.724149e+37 
(DeltaTime) Average Timestep Over Last Output Interval [sec]: 0.000000 

----- BODY: star ----
Active Modules: FLARE STELLAR
Module Bit Sum: 577
Color: 000000
(Mass) Mass [kg]: 4.017364e+29 
(Radius) Radius [m]: 4.613889e+08 
(RadGyra) Radius of Gyration/Moment of Inertia Constant []: 0.457060 
(RotAngMom) Rotational Angular Momentum [kg*m^2/sec]: 1.299234e+42 
(RotVel) Rotational Velocity [m/sec]: 3.355314e+04 
(BodyType) Type of Body (0 == planet) []: 0.000000 
(RotRate) Rotational Frequency [/sec]: 7.272205e-05 
(RotPer) Rotational Period [sec]: 8.640000e+04 
(Density) Average Density [kg/m^3]: 976.452720 
(HZLimitDryRunaway) Semi-major axis of Dry Runaway HZ Limit [m]: 2.822784e+10 
(HZLimRecVenus) Recent Venus HZ Limit [m]: 2.527762e+10 
(HZLimRunaway) Runaway Greenhouse HZ Limit [m]: 3.334429e+10 
(HZLimMoistGreenhouse) Moist Greenhouse HZ Limit [m]: 3.344645e+10 
(HZLimMaxGreenhouse) Maximum Greenhouse HZ Limit [m]: 6.351072e+10 
(HZLimEarlyMars) Early Mars HZ Limit [m]: 6.926542e+10 
(Instellation) Orbit-averaged INcident STELLar radiATION [kg/sec^3]: -1.000000 
(CriticalSemiMajorAxis) Holman & Wiegert (1999) P-type Critical Semi-major Axis [m]: -1.000000 
(LXUVTot) Total XUV Luminosity [LSUN]: 2.738165e-05 
(LostEnergy) Body's Total Lost Energy [kg*m^2/sec^2]: 5.562685e-309 
(LostAngMom) Lost Angular Momentum due to Magnetic Braking [kg*m^2/sec]: 5.562685e-309 
(EscapeVelocity) Escape Velocity [m/sec]: 3.409214e+05 
----- STELLAR PARAMETERS (star)------
(Luminosity) Luminosity [LSUN]: 0.043218 
(LXUVStellar) Base X-ray/XUV Luminosity [LSUN]: 1.722352e-05 
(Temperature) Effective Temperature [K]: 3232.936431 
(LXUVFrac) Fraction of luminosity in XUV []: 0.000399 
(RossbyNumber) Rossby Number []: 0.016666 
(DRotPerDtStellar) Time Rate of Change of Rotation Period in STELLAR []: -1.024975e-10 
(WindTorque) Stellar Wind Torque []: 2.664481e+27 
----- FLARE PARAMETERS (star)------
(LXUVFlare) XUV Luminosity from flares [LSUN]: 1.015812e-05 
(FlareFreq1) First value of flare frequency range [/sec]: 1.746407e-06 
(FlareFreq2) Second value of flare frequency range [/sec]: 1.399045e-06 
(FlareFreq3) Third value of flare frequency range [/sec]: 1.120774e-06 
(FlareFreq4) Fourth value of flare frequency range [/sec]: 8.978511e-07 
(FlareFreqMin) Frequency of the flares with the lowest energy [/sec]: 1.746407e-06 
(FlareFreqMid) Frequency of the flares with the middle energy in the energy range [/sec]: 1.901114e-07 
(FlareFreqMax) Frequency of the flares with the highest energy [/sec]: 2.069526e-08 
(FlareEnergy1) First value of flare energy range [kg*m^2/sec^2]: 5.334000e+25 
(FlareEnergy2) Second value of flare energy range [kg*m^2/sec^2]: 7.534475e+25 
(FlareEnergy3) Third value of flare energy range [kg*m^2/sec^2]: 1.064273e+26 
(FlareEnergy4) Fourth value of flare energy range [kg*m^2/sec^2]: 1.503325e+26 
(FlareEnergyMin) Minimum flare energy [kg*m^2/sec^2]: 5.334000e+25 
(FlareEnergyMid) Middle flare energy in the range of energy values [kg*m^2/sec^2]: 1.686759e+27 
(FlareEnergyMax) Maximum flare energy [kg*m^2/sec^2]: 5.334000e+28 
(FlareYIntOUT) Instantaneous Davenport FFD y-intercept at current age and mass []: 20.192423 
(FlareSlopeOUT) Instantaneous Davenport FFD slope at current age and mass []: -0.642092 

Output Order: Time[year] Luminosity[LSUN] LXUVStellar[LSUN] LXUVFlare[LSUN] LXUVTot[LSUN]
Grid Output Order:

----- BODY: b ----
Active Modules: AtmEsc
Module Bit Sum: 9
Color: 000000
(Mass) Mass [kg]: 9.885463e+24 
(Radius) Radius [m]: 7.185918e+06 
(RadGyra) Radius of Gyration/Moment of Inertia Constant []: 0.500000 
(BodyType) Type of Body (0 == planet) []: 0.000000 
(Density) Average Density [kg/m^3]: 6360.066426 
(HZLimitDryRunaway) Semi-major axis of Dry Runaway HZ Limit [m]: 2.822825e+10 
(HZLimRecVenus) Recent Venus HZ Limit [m]: 2.527762e+10 
(HZLimRunaway) Runaway Greenhouse HZ Limit [m]: 3.334429e+10 
(HZLimMoistGreenhouse) Moist Greenhouse HZ Limit [m]: 3.344645e+10 
(HZLimMaxGreenhouse) Maximum Greenhouse HZ Limit [m]: 6.351072e+10 
(HZLimEarlyMars) Early Mars HZ Limit [m]: 6.926542e+10 
(Instellation) Orbit-averaged INcident STELLar radiATION [kg/sec^3]: 2.338340e+05 
(MeanMotion) Orbital Mean Motion [/sec]: 4.464333e-05 
(OrbPeriod) Orbital Period [sec]: 1.407418e+05 
(SemiMajorAxis) Semi-major Axis [m]: 2.378379e+09 
(LXUVTot) Total XUV Luminosity [kg/sec^3]: -1.000000 
(EscapeVelocity) Escape Velocity [m/sec]: 1.355110e+04 
----- ATMESC PARAMETERS (b)------
(SurfWaterMass) Surface water mass [kg]: 0.000000 
(EnvelopeMass) Envelope mass [kg]: 0.000000 
(OxygenMass) Oxygen mass in the atmosphere [kg]: 0.000000 
(RGLimit) Runaway greenhouse semi-major axis [m]: 3.196136e+10 
(XO) Atomic oxygen mixing ratio in upper atmosphere []: 0.000000 
(EtaO) Oxygen eta parameter (Luger and Barnes 2015) []: 0.000000 
(PlanetRadius) Planet radius [m]: 7.185918e+06 
(OxygenMantleMass) Mass of oxygen in mantle [kg]: 0.000000 
(RadXUV) XUV radius separating hydro. dyn. escape and equilibrium [m]: -1.000000 
(RadSolid) Radius to the solid surface [m]: -1.000000 
(PresXUV) Pressure at base of thermosphere [(null)]: 5.000000 
(ScaleHeight) Scale height in Lehmer & Catling (2016) model [m]: -1.000000 
(ThermTemp) Isothermal atmospheric temperature [K]: 400.000000 
(AtmGasConst) Atmospheric gas constant [(null)]: 4124.000000 
(PresSurf) Surface pressure due to atmosphere [Pa]: -1.000000 
(DEnvMassDt) Envelope Mass Loss Rate [kg/s]: 0.000000 
(FXUV) XUV flux [W/m^2]: 148.150523 
(AtmXAbsEffH2O) XUV atmospheric escape efficiency for H2O []: 0.300000 
(RocheRadius) Roche Lobe Radius [m]: 4.796516e+07 
(BondiRadius) Bondi Radius [m]: 3.445452e+08 
(HEscapeRegime) Integer flag for H envelope escape regime []: 8.000000 
(RRCriticalFlux) Critical XUV Flux that separates RR and energy-limited escape [W/m^2]: 62.113759 
(CrossoverMass) Crossover mass, defines oxygen is escaping if mc > mo [kg]: 0.000000 
(WaterEscapeRegime) What water escape regime the code is currently in []: 8.000000 
(FXUVCRITDRAG) Critical Drag XUV flux [W/m^2]: 0.510299 
(HREFFLUX) The Hydrogen Reference Flux (m^-2 s^-1) [m^-2 s^-1]: 9.379907e+19 
(XO2) Molecular oxygen mixing ratio in atmosphere []: 0.000000 
(XH2O) Water mixing ratio in upper atmosphere []: 0.000000 
(HDiffFlux) The Hydrogen Diffusion Flux (m^-2 s^-1) [m^-2 s^-1]: 2.474118e+17 
(HRefODragMod) Multiply by H ref flux to get flux with drag []: 1.000000 
(KTide) Mass loss enhancement due to stellar gravity []: 0.776958 
(CumulativeXUVFlux) Cumulative XUV flux [W/m^2]: 0.000000 
(RunawayGreenhouseFlux) Incident flux that triggers runaway greenhouse [kg/sec^3]: 1294.811593 
(RGDuration) Runaway Greenhouse Duration [years]: 0.00000e+00

Output Order: Time[year] CumulativeXUVFlux[W/m^2]
Grid Output Order:



---- FINAL SYSTEM PROPERTIES ----
(Age) System Age [sec]: 2.430649e+17 
(Time) Simulation Time [sec]: 2.428357e+17 
(TotAngMom) Total Angular Momentum [kg*m^2/sec]: 1.304895e+42 
(TotEnergy) Total System Energy [kg*m^2/sec^2]: -1.394374e+40 
(PotEnergy) Body's non-orbital Potential Energy [kg*m^2/sec^2]: -4.220136e+40 
(KinEnergy) Body's non-orbital Kinetic Energy [kg*m^2/sec^2]: 5.945788e+32 
(DeltaTime) Average Timestep Over Last Output Interval [sec]: 1.314900e+12 

----- BODY: star ----
Active Modules: FLARE STELLAR
Module Bit Sum: 577
Color: 000000
(Mass) Mass [kg]: 4.017364e+29 
(Radius) Radius [m]: 1.531481e+08 
(RadGyra) Radius of Gyration/Moment of Inertia Constant []: 0.460068 
(RotAngMom) Rotational Angular Momentum [kg*m^2/sec]: 1.540012e+39 
(RotVel) Rotational Velocity [m/sec]: 118.257002 
(BodyType) Type of Body (0 == planet) []: 0.000000 
(RotRate) Rotational Frequency [/sec]: 7.721743e-07 
(RotPer) Rotational Period [sec]: 8.137004e+06 
(Density) Average Density [kg/m^3]: 2.670041e+04 
(HZLimitDryRunaway) Semi-major axis of Dry Runaway HZ Limit [m]: 9.545791e+09 
(HZLimRecVenus) Recent Venus HZ Limit [m]: 8.542583e+09 
(HZLimRunaway) Runaway Greenhouse HZ Limit [m]: 1.127207e+10 
(HZLimMoistGreenhouse) Moist Greenhouse HZ Limit [m]: 1.130324e+10 
(HZLimMaxGreenhouse) Maximum Greenhouse HZ Limit [m]: 2.143642e+10 
(HZLimEarlyMars) Early Mars HZ Limit [m]: 2.337883e+10 
(Instellation) Orbit-averaged INcident STELLar radiATION [kg/sec^3]: -1.000000 
(CriticalSemiMajorAxis) Holman & Wiegert (1999) P-type Critical Semi-major Axis [m]: -1.000000 
(LXUVTot) Total XUV Luminosity [LSUN]: 4.667370e-07 
(LostEnergy) Body's Total Lost Energy [kg*m^2/sec^2]: 2.825767e+40 
(LostAngMom) Lost Angular Momentum due to Magnetic Braking [kg*m^2/sec]: 1.300858e+42 
(EscapeVelocity) Escape Velocity [m/sec]: 5.917415e+05 
----- STELLAR PARAMETERS (star)------
(Luminosity) Luminosity [LSUN]: 0.004942 
(LXUVStellar) Base X-ray/XUV Luminosity [LSUN]: 1.141626e-07 
(Temperature) Effective Temperature [K]: 3265.920746 
(LXUVFrac) Fraction of luminosity in XUV []: 2.309891e-05 
(RossbyNumber) Rossby Number []: 1.596309 
(DRotPerDtStellar) Time Rate of Change of Rotation Period in STELLAR []: 1.353996e-11 
(WindTorque) Stellar Wind Torque []: 2.557454e+21 
----- FLARE PARAMETERS (star)------
(LXUVFlare) XUV Luminosity from flares [LSUN]: 3.525729e-07 
(FlareFreq1) First value of flare frequency range [/sec]: 5.568832e-07 
(FlareFreq2) Second value of flare frequency range [/sec]: 3.824440e-07 
(FlareFreq3) Third value of flare frequency range [/sec]: 2.626464e-07 
(FlareFreq4) Fourth value of flare frequency range [/sec]: 1.803745e-07 
(FlareFreqMin) Frequency of the flares with the lowest energy [/sec]: 5.568832e-07 
(FlareFreqMid) Frequency of the flares with the middle energy in the energy range [/sec]: 1.299574e-08 
(FlareFreqMax) Frequency of the flares with the highest energy [/sec]: 3.032760e-10 
(FlareEnergy1) First value of flare energy range [kg*m^2/sec^2]: 5.334000e+25 
(FlareEnergy2) Second value of flare energy range [kg*m^2/sec^2]: 7.534475e+25 
(FlareEnergy3) Third value of flare energy range [kg*m^2/sec^2]: 1.064273e+26 
(FlareEnergy4) Fourth value of flare energy range [kg*m^2/sec^2]: 1.503325e+26 
(FlareEnergyMin) Minimum flare energy [kg*m^2/sec^2]: 5.334000e+25 
(FlareEnergyMid) Middle flare energy in the range of energy values [kg*m^2/sec^2]: 1.686759e+27 
(FlareEnergyMax) Maximum flare energy [kg*m^2/sec^2]: 5.334000e+28 
(FlareYIntOUT) Instantaneous Davenport FFD y-intercept at current age and mass []: 34.288505 
(FlareSlopeOUT) Instantaneous Davenport FFD slope at current age and mass []: -1.087975 

Output Order: Time[year] Luminosity[LSUN] LXUVStellar[LSUN] LXUVFlare[LSUN] LXUVTot[LSUN]
Grid Output Order:

----- BODY: b ----
Active Modules: AtmEsc
Module Bit Sum: 9
Color: 000000
(Mass) Mass [kg]: 9.885463e+24 
(Radius) Radius [m]: 7.185918e+06 
(RadGyra) Radius of Gyration/Moment of Inertia Constant []: 0.500000 
(BodyType) Type of Body (0 == planet) []: 0.000000 
(Density) Average Density [kg/m^3]: 6360.066426 
(HZLimitDryRunaway) Semi-major axis of Dry Runaway HZ Limit [m]: 9.545928e+09 
(HZLimRecVenus) Recent Venus HZ Limit [m]: 8.542583e+09 
(HZLimRunaway) Runaway Greenhouse HZ Limit [m]: 1.127207e+10 
(HZLimMoistGreenhouse) Moist Greenhouse HZ Limit [m]: 1.130324e+10 
(HZLimMaxGreenhouse) Maximum Greenhouse HZ Limit [m]: 2.143642e+10 
(HZLimEarlyMars) Early Mars HZ Limit [m]: 2.337883e+10 
(Instellation) Orbit-averaged INcident STELLar radiATION [kg/sec^3]: 2.674091e+04 
(MeanMotion) Orbital Mean Motion [/sec]: 4.464333e-05 
(OrbPeriod) Orbital Period [sec]: 1.407418e+05 
(SemiMajorAxis) Semi-major Axis [m]: 2.378379e+09 
(LXUVTot) Total XUV Luminosity [kg/sec^3]: -1.000000 
(EscapeVelocity) Escape Velocity [m/sec]: 1.355110e+04 
----- ATMESC PARAMETERS (b)------
(SurfWaterMass) Surface water mass [kg]: 0.000000 
(EnvelopeMass) Envelope mass [kg]: 0.000000 
(OxygenMass) Oxygen mass in the atmosphere [kg]: 0.000000 
(RGLimit) Runaway greenhouse semi-major axis [m]: 1.080474e+10 
(XO) Atomic oxygen mixing ratio in upper atmosphere []: 0.000000 
(EtaO) Oxygen eta parameter (Luger and Barnes 2015) []: 0.000000 
(PlanetRadius) Planet radius [m]: 7.185918e+06 
(OxygenMantleMass) Mass of oxygen in mantle [kg]: 0.000000 
(RadXUV) XUV radius separating hydro. dyn. escape and equilibrium [m]: -1.000000 
(RadSolid) Radius to the solid surface [m]: -1.000000 
(PresXUV) Pressure at base of thermosphere [(null)]: 5.000000 
(ScaleHeight) Scale height in Lehmer & Catling (2016) model [m]: -1.000000 
(ThermTemp) Isothermal atmospheric temperature [K]: 400.000000 
(AtmGasConst) Atmospheric gas constant [(null)]: 4124.000000 
(PresSurf) Surface pressure due to atmosphere [Pa]: -1.000000 
(DEnvMassDt) Envelope Mass Loss Rate [kg/s]: 0.000000 
(FXUV) XUV flux [W/m^2]: 2.525317 
(AtmXAbsEffH2O) XUV atmospheric escape efficiency for H2O []: 0.300000 
(RocheRadius) Roche Lobe Radius [m]: 4.796516e+07 
(BondiRadius) Bondi Radius [m]: 5.919916e+08 
(HEscapeRegime) Integer flag for H envelope escape regime []: 8.000000 
(RRCriticalFlux) Critical XUV Flux that separates RR and energy-limited escape [W/m^2]: 62.113759 
(CrossoverMass) Crossover mass, defines oxygen is escaping if mc > mo [kg]: 0.000000 
(WaterEscapeRegime) What water escape regime the code is currently in []: 8.000000 
(FXUVCRITDRAG) Critical Drag XUV flux [W/m^2]: 0.510299 
(HREFFLUX) The Hydrogen Reference Flux (m^-2 s^-1) [m^-2 s^-1]: 1.598863e+18 
(XO2) Molecular oxygen mixing ratio in atmosphere []: 0.000000 
(XH2O) Water mixing ratio in upper atmosphere []: 0.000000 
(HDiffFlux) The Hydrogen Diffusion Flux (m^-2 s^-1) [m^-2 s^-1]: 2.474118e+17 
(HRefODragMod) Multiply by H ref flux to get flux with drag []: 1.000000 
(KTide) Mass loss enhancement due to stellar gravity []: 0.776958 
(CumulativeXUVFlux) Cumulative XUV flux [W/m^2]: 1.576213e+18 
(RunawayGreenhouseFlux) Incident flux that triggers runaway greenhouse [kg/sec^3]: 1295.677812 
(RGDuration) Runaway Greenhouse Duration [years]: 0.00000e+00

Output Order: Time[year] CumulativeXUVFlux[W/m^2]
Grid Output Order:
