-------- Log file gj1132.log -------

Executable: /home/vplanet/.local/bin/vplanet
Version: Unknown
System Name: gj1132
Primary Input File: vpl.in
Body File #1: star.in
Body File #2: b.in
Allow files to be overwitten: Yes
Mass Units: Grams
Length Units: Meters
Time Units: Seconds
Angle Units: Radians

------- FORMATTING -----
Verbosity Level: 5
Crossover Decade for Scientific Notation: 4
Number of Digits After Decimal: 6
Integration Method: Runge-Kutta4
Direction: Forward
Time Step: 3.155760e+07
Stop Time: 2.309278e+17
Output Interval: 3.155760e+13
Use Variable Timestep: Yes
dEta: 0.010000
Minimum Value of ecc and obl: 1.000000e-10


---- INITIAL SYSTEM PROPERTIES ----
(Age) System Age [sec]: 1.638806e+14 
(Time) Simulation Time [sec]: 0.000000 
(TotAngMom) Total Angular Momentum [kg*m^2/sec]: 1.493255e+42 
(TotEnergy) Total System Energy [kg*m^2/sec^2]: -1.146739e+40 
(PotEnergy) Body's non-orbital Potential Energy [kg*m^2/sec^2]: -1.152154e+40 
(KinEnergy) Body's non-orbital Kinetic Energy [kg*m^2/sec^2]: 5.420506e+37 
(DeltaTime) Average Timestep Over Last Output Interval [sec]: 0.000000 

----- BODY: star ----
Active Modules: FLARE STELLAR
Module Bit Sum: 577
Color: 000000
(Mass) Mass [kg]: 3.822637e+29 
(Radius) Radius [m]: 5.078918e+08 
(RadGyra) Radius of Gyration/Moment of Inertia Constant []: 0.455949 
(RotAngMom) Rotational Angular Momentum [kg*m^2/sec]: 1.490746e+42 
(RotVel) Rotational Velocity [m/sec]: 3.693493e+04 
(BodyType) Type of Body (0 == planet) []: 0.000000 
(RotRate) Rotational Frequency [/sec]: 7.272205e-05 
(RotPer) Rotational Period [sec]: 8.640000e+04 
(Density) Average Density [kg/m^3]: 696.563695 
(HZLimitDryRunaway) Semi-major axis of Dry Runaway HZ Limit [m]: 3.053127e+10 
(HZLimRecVenus) Recent Venus HZ Limit [m]: 2.735642e+10 
(HZLimRunaway) Runaway Greenhouse HZ Limit [m]: 3.607663e+10 
(HZLimMoistGreenhouse) Moist Greenhouse HZ Limit [m]: 3.619704e+10 
(HZLimMaxGreenhouse) Maximum Greenhouse HZ Limit [m]: 6.881369e+10 
(HZLimEarlyMars) Early Mars HZ Limit [m]: 7.504874e+10 
(Instellation) Orbit-averaged INcident STELLar radiATION [kg/sec^3]: -1.000000 
(CriticalSemiMajorAxis) Holman & Wiegert (1999) P-type Critical Semi-major Axis [m]: -1.000000 
(LXUVTot) Total XUV Luminosity [LSUN]: 0.000549 
(LostEnergy) Body's Total Lost Energy [kg*m^2/sec^2]: 5.562685e-309 
(LostAngMom) Lost Angular Momentum due to Magnetic Braking [kg*m^2/sec]: 5.562685e-309 
(EscapeVelocity) Escape Velocity [m/sec]: 3.169663e+05 
----- STELLAR PARAMETERS (star)------
(Luminosity) Luminosity [LSUN]: 0.050559 
(LXUVStellar) Base X-ray/XUV Luminosity [LSUN]: 0.000538 
(Temperature) Effective Temperature [K]: 3202.435457 
(LXUVFrac) Fraction of luminosity in XUV []: 0.010636 
(RossbyNumber) Rossby Number []: 0.016408 
(DRotPerDtStellar) Time Rate of Change of Rotation Period in STELLAR []: -1.345462e-10 
(WindTorque) Stellar Wind Torque []: 4.596422e+27 
----- FLARE PARAMETERS (star)------
(LXUVFlare) XUV Luminosity from flares [LSUN]: 1.166280e-05 
(FlareFreq1) First value of flare frequency range [/sec]: 1.830449e-06 
(FlareFreq2) Second value of flare frequency range [/sec]: 1.474466e-06 
(FlareFreq3) Third value of flare frequency range [/sec]: 1.187713e-06 
(FlareFreq4) Fourth value of flare frequency range [/sec]: 9.567282e-07 
(FlareFreqMin) Frequency of the flares with the lowest energy [/sec]: 1.830449e-06 
(FlareFreqMid) Frequency of the flares with the middle energy in the energy range [/sec]: 2.105365e-07 
(FlareFreqMax) Frequency of the flares with the highest energy [/sec]: 2.421570e-08 
(FlareEnergy1) First value of flare energy range [kg*m^2/sec^2]: 5.334000e+25 
(FlareEnergy2) Second value of flare energy range [kg*m^2/sec^2]: 7.534475e+25 
(FlareEnergy3) Third value of flare energy range [kg*m^2/sec^2]: 1.064273e+26 
(FlareEnergy4) Fourth value of flare energy range [kg*m^2/sec^2]: 1.503325e+26 
(FlareEnergyMin) Minimum flare energy [kg*m^2/sec^2]: 5.334000e+25 
(FlareEnergyMid) Middle flare energy in the range of energy values [kg*m^2/sec^2]: 1.686759e+27 
(FlareEnergyMax) Maximum flare energy [kg*m^2/sec^2]: 5.334000e+28 
(FlareYIntOUT) Instantaneous Davenport FFD y-intercept at current age and mass []: 19.691233 
(FlareSlopeOUT) Instantaneous Davenport FFD slope at current age and mass []: -0.626154 

Output Order: Time[year] Luminosity[LSUN] LXUVStellar[LSUN] LXUVFlare[LSUN] LXUVTot[LSUN]
Grid Output Order:

----- BODY: b ----
Active Modules: AtmEsc
Module Bit Sum: 9
Color: 000000
(Mass) Mass [kg]: 1.027037e+25 
(Radius) Radius [m]: 7.057971e+06 
(RadGyra) Radius of Gyration/Moment of Inertia Constant []: 0.500000 
(BodyType) Type of Body (0 == planet) []: 0.000000 
(Density) Average Density [kg/m^3]: 6973.611513 
(HZLimitDryRunaway) Semi-major axis of Dry Runaway HZ Limit [m]: 3.053131e+10 
(HZLimRecVenus) Recent Venus HZ Limit [m]: 2.735642e+10 
(HZLimRunaway) Runaway Greenhouse HZ Limit [m]: 3.607663e+10 
(HZLimMoistGreenhouse) Moist Greenhouse HZ Limit [m]: 3.619704e+10 
(HZLimMaxGreenhouse) Maximum Greenhouse HZ Limit [m]: 6.881369e+10 
(HZLimEarlyMars) Early Mars HZ Limit [m]: 7.504874e+10 
(Instellation) Orbit-averaged INcident STELLar radiATION [kg/sec^3]: 2.827661e+05 
(MeanMotion) Orbital Mean Motion [/sec]: 4.464382e-05 
(OrbPeriod) Orbital Period [sec]: 1.407403e+05 
(SemiMajorAxis) Semi-major Axis [m]: 2.339298e+09 
(LXUVTot) Total XUV Luminosity [kg/sec^3]: -1.000000 
(EscapeVelocity) Escape Velocity [m/sec]: 1.393703e+04 
----- ATMESC PARAMETERS (b)------
(SurfWaterMass) Surface water mass [kg]: 0.000000 
(EnvelopeMass) Envelope mass [kg]: 0.000000 
(OxygenMass) Oxygen mass in the atmosphere [kg]: 0.000000 
(RGLimit) Runaway greenhouse semi-major axis [m]: 3.454978e+10 
(XO) Atomic oxygen mixing ratio in upper atmosphere []: 0.000000 
(EtaO) Oxygen eta parameter (Luger and Barnes 2015) []: 0.000000 
(PlanetRadius) Planet radius [m]: 7.057971e+06 
(OxygenMantleMass) Mass of oxygen in mantle [kg]: 0.000000 
(RadXUV) XUV radius separating hydro. dyn. escape and equilibrium [m]: -1.000000 
(RadSolid) Radius to the solid surface [m]: -1.000000 
(PresXUV) Pressure at base of thermosphere [(null)]: 5.000000 
(ScaleHeight) Scale height in Lehmer & Catling (2016) model [m]: -1.000000 
(ThermTemp) Isothermal atmospheric temperature [K]: 400.000000 
(AtmGasConst) Atmospheric gas constant [(null)]: 4124.000000 
(PresSurf) Surface pressure due to atmosphere [Pa]: -1.000000 
(DEnvMassDt) Envelope Mass Loss Rate [kg/s]: 0.000000 
(FXUV) XUV flux [W/m^2]: 3072.823876 
(AtmXAbsEffH2O) XUV atmospheric escape efficiency for H2O []: 0.300000 
(RocheRadius) Roche Lobe Radius [m]: 4.857947e+07 
(BondiRadius) Bondi Radius [m]: 3.472944e+08 
(HEscapeRegime) Integer flag for H envelope escape regime []: 8.000000 
(RRCriticalFlux) Critical XUV Flux that separates RR and energy-limited escape [W/m^2]: 71.972971 
(CrossoverMass) Crossover mass, defines oxygen is escaping if mc > mo [kg]: 0.000000 
(WaterEscapeRegime) What water escape regime the code is currently in []: 8.000000 
(FXUVCRITDRAG) Critical Drag XUV flux [W/m^2]: 0.581313 
(HREFFLUX) The Hydrogen Reference Flux (m^-2 s^-1) [m^-2 s^-1]: 1.823658e+21 
(XO2) Molecular oxygen mixing ratio in atmosphere []: 0.000000 
(XH2O) Water mixing ratio in upper atmosphere []: 0.000000 
(HDiffFlux) The Hydrogen Diffusion Flux (m^-2 s^-1) [m^-2 s^-1]: 2.664490e+17 
(HRefODragMod) Multiply by H ref flux to get flux with drag []: 1.000000 
(KTide) Mass loss enhancement due to stellar gravity []: 0.783603 
(CumulativeXUVFlux) Cumulative XUV flux [W/m^2]: 0.000000 
(RunawayGreenhouseFlux) Incident flux that triggers runaway greenhouse [kg/sec^3]: 1296.303006 
(RGDuration) Runaway Greenhouse Duration [years]: 0.00000e+00

Output Order: Time[year] CumulativeXUVFlux[W/m^2]
Grid Output Order:



---- FINAL SYSTEM PROPERTIES ----
(Age) System Age [sec]: 2.311024e+17 
(Time) Simulation Time [sec]: 2.309385e+17 
(TotAngMom) Total Angular Momentum [kg*m^2/sec]: 1.496472e+42 
(TotEnergy) Total System Energy [kg*m^2/sec^2]: -1.145963e+40 
(PotEnergy) Body's non-orbital Potential Energy [kg*m^2/sec^2]: -4.043271e+40 
(KinEnergy) Body's non-orbital Kinetic Energy [kg*m^2/sec^2]: 5.863299e+32 
(DeltaTime) Average Timestep Over Last Output Interval [sec]: 1.577880e+13 

----- BODY: star ----
Active Modules: FLARE STELLAR
Module Bit Sum: 577
Color: 000000
(Mass) Mass [kg]: 3.822637e+29 
(Radius) Radius [m]: 1.447268e+08 
(RadGyra) Radius of Gyration/Moment of Inertia Constant []: 0.460449 
(RotAngMom) Rotational Angular Momentum [kg*m^2/sec]: 1.410905e+39 
(RotVel) Rotational Velocity [m/sec]: 120.288249 
(BodyType) Type of Body (0 == planet) []: 0.000000 
(RotRate) Rotational Frequency [/sec]: 8.311400e-07 
(RotPer) Rotational Period [sec]: 7.559719e+06 
(Density) Average Density [kg/m^3]: 3.010423e+04 
(HZLimitDryRunaway) Semi-major axis of Dry Runaway HZ Limit [m]: 8.909467e+09 
(HZLimRecVenus) Recent Venus HZ Limit [m]: 7.977355e+09 
(HZLimRunaway) Runaway Greenhouse HZ Limit [m]: 1.052369e+10 
(HZLimMoistGreenhouse) Moist Greenhouse HZ Limit [m]: 1.055535e+10 
(HZLimMaxGreenhouse) Maximum Greenhouse HZ Limit [m]: 2.003868e+10 
(HZLimEarlyMars) Early Mars HZ Limit [m]: 2.185439e+10 
(Instellation) Orbit-averaged INcident STELLar radiATION [kg/sec^3]: -1.000000 
(CriticalSemiMajorAxis) Holman & Wiegert (1999) P-type Critical Semi-major Axis [m]: -1.000000 
(LXUVTot) Total XUV Luminosity [LSUN]: 3.379801e-06 
(LostEnergy) Body's Total Lost Energy [kg*m^2/sec^2]: 2.897314e+40 
(LostAngMom) Lost Angular Momentum due to Magnetic Braking [kg*m^2/sec]: 1.492552e+42 
(EscapeVelocity) Escape Velocity [m/sec]: 5.937782e+05 
----- STELLAR PARAMETERS (star)------
(Luminosity) Luminosity [LSUN]: 0.004305 
(LXUVStellar) Base X-ray/XUV Luminosity [LSUN]: 3.027860e-06 
(Temperature) Effective Temperature [K]: 3239.006406 
(LXUVFrac) Fraction of luminosity in XUV []: 0.000703 
(RossbyNumber) Rossby Number []: 1.462753 
(DRotPerDtStellar) Time Rate of Change of Rotation Period in STELLAR []: 1.513545e-11 
(WindTorque) Stellar Wind Torque []: 2.824798e+21 
----- FLARE PARAMETERS (star)------
(LXUVFlare) XUV Luminosity from flares [LSUN]: 3.519206e-07 
(FlareFreq1) First value of flare frequency range [/sec]: 5.614780e-07 
(FlareFreq2) Second value of flare frequency range [/sec]: 3.852795e-07 
(FlareFreq3) Third value of flare frequency range [/sec]: 2.643742e-07 
(FlareFreq4) Fourth value of flare frequency range [/sec]: 1.814104e-07 
(FlareFreqMin) Frequency of the flares with the lowest energy [/sec]: 5.614780e-07 
(FlareFreqMid) Frequency of the flares with the middle energy in the energy range [/sec]: 1.299463e-08 
(FlareFreqMax) Frequency of the flares with the highest energy [/sec]: 3.007428e-10 
(FlareEnergy1) First value of flare energy range [kg*m^2/sec^2]: 5.334000e+25 
(FlareEnergy2) Second value of flare energy range [kg*m^2/sec^2]: 7.534475e+25 
(FlareEnergy3) Third value of flare energy range [kg*m^2/sec^2]: 1.064273e+26 
(FlareEnergy4) Fourth value of flare energy range [kg*m^2/sec^2]: 1.503325e+26 
(FlareEnergyMin) Minimum flare energy [kg*m^2/sec^2]: 5.334000e+25 
(FlareEnergyMid) Middle flare energy in the range of energy values [kg*m^2/sec^2]: 1.686759e+27 
(FlareEnergyMax) Maximum flare energy [kg*m^2/sec^2]: 5.334000e+28 
(FlareYIntOUT) Instantaneous Davenport FFD y-intercept at current age and mass []: 34.370743 
(FlareSlopeOUT) Instantaneous Davenport FFD slope at current age and mass []: -1.090379 

Output Order: Time[year] Luminosity[LSUN] LXUVStellar[LSUN] LXUVFlare[LSUN] LXUVTot[LSUN]
Grid Output Order:

----- BODY: b ----
Active Modules: AtmEsc
Module Bit Sum: 9
Color: 000000
(Mass) Mass [kg]: 1.027037e+25 
(Radius) Radius [m]: 7.057971e+06 
(RadGyra) Radius of Gyration/Moment of Inertia Constant []: 0.500000 
(BodyType) Type of Body (0 == planet) []: 0.000000 
(Density) Average Density [kg/m^3]: 6973.611513 
(HZLimitDryRunaway) Semi-major axis of Dry Runaway HZ Limit [m]: 8.909481e+09 
(HZLimRecVenus) Recent Venus HZ Limit [m]: 7.977355e+09 
(HZLimRunaway) Runaway Greenhouse HZ Limit [m]: 1.052369e+10 
(HZLimMoistGreenhouse) Moist Greenhouse HZ Limit [m]: 1.055535e+10 
(HZLimMaxGreenhouse) Maximum Greenhouse HZ Limit [m]: 2.003868e+10 
(HZLimEarlyMars) Early Mars HZ Limit [m]: 2.185439e+10 
(Instellation) Orbit-averaged INcident STELLar radiATION [kg/sec^3]: 2.407915e+04 
(MeanMotion) Orbital Mean Motion [/sec]: 4.464382e-05 
(OrbPeriod) Orbital Period [sec]: 1.407403e+05 
(SemiMajorAxis) Semi-major Axis [m]: 2.339298e+09 
(LXUVTot) Total XUV Luminosity [kg/sec^3]: -1.000000 
(EscapeVelocity) Escape Velocity [m/sec]: 1.393703e+04 
----- ATMESC PARAMETERS (b)------
(SurfWaterMass) Surface water mass [kg]: 0.000000 
(EnvelopeMass) Envelope mass [kg]: 0.000000 
(OxygenMass) Oxygen mass in the atmosphere [kg]: 0.000000 
(RGLimit) Runaway greenhouse semi-major axis [m]: 1.007844e+10 
(XO) Atomic oxygen mixing ratio in upper atmosphere []: 0.000000 
(EtaO) Oxygen eta parameter (Luger and Barnes 2015) []: 0.000000 
(PlanetRadius) Planet radius [m]: 7.057971e+06 
(OxygenMantleMass) Mass of oxygen in mantle [kg]: 0.000000 
(RadXUV) XUV radius separating hydro. dyn. escape and equilibrium [m]: -1.000000 
(RadSolid) Radius to the solid surface [m]: -1.000000 
(PresXUV) Pressure at base of thermosphere [(null)]: 5.000000 
(ScaleHeight) Scale height in Lehmer & Catling (2016) model [m]: -1.000000 
(ThermTemp) Isothermal atmospheric temperature [K]: 400.000000 
(AtmGasConst) Atmospheric gas constant [(null)]: 4124.000000 
(PresSurf) Surface pressure due to atmosphere [Pa]: -1.000000 
(DEnvMassDt) Envelope Mass Loss Rate [kg/s]: 0.000000 
(FXUV) XUV flux [W/m^2]: 18.902543 
(AtmXAbsEffH2O) XUV atmospheric escape efficiency for H2O []: 0.300000 
(RocheRadius) Roche Lobe Radius [m]: 4.857947e+07 
(BondiRadius) Bondi Radius [m]: 6.432465e+08 
(HEscapeRegime) Integer flag for H envelope escape regime []: 8.000000 
(RRCriticalFlux) Critical XUV Flux that separates RR and energy-limited escape [W/m^2]: 71.972971 
(CrossoverMass) Crossover mass, defines oxygen is escaping if mc > mo [kg]: 0.000000 
(WaterEscapeRegime) What water escape regime the code is currently in []: 8.000000 
(FXUVCRITDRAG) Critical Drag XUV flux [W/m^2]: 0.581313 
(HREFFLUX) The Hydrogen Reference Flux (m^-2 s^-1) [m^-2 s^-1]: 1.121827e+19 
(XO2) Molecular oxygen mixing ratio in atmosphere []: 0.000000 
(XH2O) Water mixing ratio in upper atmosphere []: 0.000000 
(HDiffFlux) The Hydrogen Diffusion Flux (m^-2 s^-1) [m^-2 s^-1]: 2.664490e+17 
(HRefODragMod) Multiply by H ref flux to get flux with drag []: 1.000000 
(KTide) Mass loss enhancement due to stellar gravity []: 0.783603 
(CumulativeXUVFlux) Cumulative XUV flux [W/m^2]: 1.952263e+19 
(RunawayGreenhouseFlux) Incident flux that triggers runaway greenhouse [kg/sec^3]: 1297.251544 
(RGDuration) Runaway Greenhouse Duration [years]: 0.00000e+00

Output Order: Time[year] CumulativeXUVFlux[W/m^2]
Grid Output Order:
