-------- Log file gj1132.log -------

Executable: /home/vplanet/.local/bin/vplanet
Version: Unknown
System Name: gj1132
Primary Input File: vpl.in
Body File #1: star.in
Body File #2: b.in
Allow files to be overwitten: Yes
Mass Units: Grams
Length Units: Meters
Time Units: Seconds
Angle Units: Radians

------- FORMATTING -----
Verbosity Level: 5
Crossover Decade for Scientific Notation: 4
Number of Digits After Decimal: 6
Integration Method: Runge-Kutta4
Direction: Forward
Time Step: 3.155760e+07
Stop Time: 2.130419e+17
Output Interval: 3.155760e+13
Use Variable Timestep: Yes
dEta: 0.010000
Minimum Value of ecc and obl: 1.000000e-10


---- INITIAL SYSTEM PROPERTIES ----
(Age) System Age [sec]: 1.213192e+14 
(Time) Simulation Time [sec]: 0.000000 
(TotAngMom) Total Angular Momentum [kg*m^2/sec]: 1.973997e+42 
(TotEnergy) Total System Energy [kg*m^2/sec^2]: -1.064214e+40 
(PotEnergy) Body's non-orbital Potential Energy [kg*m^2/sec^2]: -1.071378e+40 
(KinEnergy) Body's non-orbital Kinetic Energy [kg*m^2/sec^2]: 7.168939e+37 
(DeltaTime) Average Timestep Over Last Output Interval [sec]: 0.000000 

----- BODY: star ----
Active Modules: FLARE STELLAR
Module Bit Sum: 577
Color: 000000
(Mass) Mass [kg]: 3.932333e+29 
(Radius) Radius [m]: 5.779809e+08 
(RadGyra) Radius of Gyration/Moment of Inertia Constant []: 0.454295 
(RotAngMom) Rotational Angular Momentum [kg*m^2/sec]: 1.971600e+42 
(RotVel) Rotational Velocity [m/sec]: 4.203196e+04 
(BodyType) Type of Body (0 == planet) []: 0.000000 
(RotRate) Rotational Frequency [/sec]: 7.272205e-05 
(RotPer) Rotational Period [sec]: 8.640000e+04 
(Density) Average Density [kg/m^3]: 486.206937 
(HZLimitDryRunaway) Semi-major axis of Dry Runaway HZ Limit [m]: 3.455091e+10 
(HZLimRecVenus) Recent Venus HZ Limit [m]: 3.096244e+10 
(HZLimRunaway) Runaway Greenhouse HZ Limit [m]: 4.082943e+10 
(HZLimMoistGreenhouse) Moist Greenhouse HZ Limit [m]: 4.096840e+10 
(HZLimMaxGreenhouse) Maximum Greenhouse HZ Limit [m]: 7.790629e+10 
(HZLimEarlyMars) Early Mars HZ Limit [m]: 8.496517e+10 
(Instellation) Orbit-averaged INcident STELLar radiATION [kg/sec^3]: -1.000000 
(CriticalSemiMajorAxis) Holman & Wiegert (1999) P-type Critical Semi-major Axis [m]: -1.000000 
(LXUVTot) Total XUV Luminosity [LSUN]: 3.877294e-05 
(LostEnergy) Body's Total Lost Energy [kg*m^2/sec^2]: 5.562685e-309 
(LostAngMom) Lost Angular Momentum due to Magnetic Braking [kg*m^2/sec]: 5.562685e-309 
(EscapeVelocity) Escape Velocity [m/sec]: 3.013600e+05 
----- STELLAR PARAMETERS (star)------
(Luminosity) Luminosity [LSUN]: 0.064748 
(LXUVStellar) Base X-ray/XUV Luminosity [LSUN]: 3.793968e-05 
(Temperature) Effective Temperature [K]: 3195.062393 
(LXUVFrac) Fraction of luminosity in XUV []: 0.000586 
(RossbyNumber) Rossby Number []: 0.016346 
(DRotPerDtStellar) Time Rate of Change of Rotation Period in STELLAR []: -1.422285e-10 
(WindTorque) Stellar Wind Torque []: 8.987812e+27 
----- FLARE PARAMETERS (star)------
(LXUVFlare) XUV Luminosity from flares [LSUN]: 8.332565e-07 
(FlareFreq1) First value of flare frequency range [/sec]: 3.062716e-05 
(FlareFreq2) Second value of flare frequency range [/sec]: 2.666595e-05 
(FlareFreq3) Third value of flare frequency range [/sec]: 2.321707e-05 
(FlareFreq4) Fourth value of flare frequency range [/sec]: 2.021425e-05 
(FlareFreqMin) Frequency of the flares with the lowest energy [/sec]: 3.062716e-05 
(FlareFreqMid) Frequency of the flares with the middle energy in the energy range [/sec]: 7.666722e-06 
(FlareFreqMax) Frequency of the flares with the highest energy [/sec]: 1.919167e-06 
(FlareEnergy1) First value of flare energy range [kg*m^2/sec^2]: 5.334000e+23 
(FlareEnergy2) Second value of flare energy range [kg*m^2/sec^2]: 6.715108e+23 
(FlareEnergy3) Third value of flare energy range [kg*m^2/sec^2]: 8.453820e+23 
(FlareEnergy4) Fourth value of flare energy range [kg*m^2/sec^2]: 1.064273e+24 
(FlareEnergyMin) Minimum flare energy [kg*m^2/sec^2]: 5.334000e+23 
(FlareEnergyMid) Middle flare energy in the range of energy values [kg*m^2/sec^2]: 5.334000e+24 
(FlareEnergyMax) Maximum flare energy [kg*m^2/sec^2]: 5.334000e+25 
(FlareYIntOUT) Instantaneous Davenport FFD y-intercept at current age and mass []: 18.904853 
(FlareSlopeOUT) Instantaneous Davenport FFD slope at current age and mass []: -0.601497 

Output Order: Time[year] Luminosity[LSUN] LXUVStellar[LSUN] LXUVFlare[LSUN] LXUVTot[LSUN]
Grid Output Order:

----- BODY: b ----
Active Modules: AtmEsc
Module Bit Sum: 9
Color: 000000
(Mass) Mass [kg]: 9.628592e+24 
(Radius) Radius [m]: 7.058334e+06 
(RadGyra) Radius of Gyration/Moment of Inertia Constant []: 0.500000 
(BodyType) Type of Body (0 == planet) []: 0.000000 
(Density) Average Density [kg/m^3]: 6536.836834 
(HZLimitDryRunaway) Semi-major axis of Dry Runaway HZ Limit [m]: 3.455096e+10 
(HZLimRecVenus) Recent Venus HZ Limit [m]: 3.096244e+10 
(HZLimRunaway) Runaway Greenhouse HZ Limit [m]: 4.082943e+10 
(HZLimMoistGreenhouse) Moist Greenhouse HZ Limit [m]: 4.096840e+10 
(HZLimMaxGreenhouse) Maximum Greenhouse HZ Limit [m]: 7.790629e+10 
(HZLimEarlyMars) Early Mars HZ Limit [m]: 8.496517e+10 
(Instellation) Orbit-averaged INcident STELLar radiATION [kg/sec^3]: 3.553538e+05 
(MeanMotion) Orbital Mean Motion [/sec]: 4.464344e-05 
(OrbPeriod) Orbital Period [sec]: 1.407415e+05 
(SemiMajorAxis) Semi-major Axis [m]: 2.361475e+09 
(LXUVTot) Total XUV Luminosity [kg/sec^3]: -1.000000 
(EscapeVelocity) Escape Velocity [m/sec]: 1.349421e+04 
----- ATMESC PARAMETERS (b)------
(SurfWaterMass) Surface water mass [kg]: 0.000000 
(EnvelopeMass) Envelope mass [kg]: 0.000000 
(OxygenMass) Oxygen mass in the atmosphere [kg]: 0.000000 
(RGLimit) Runaway greenhouse semi-major axis [m]: 3.915960e+10 
(XO) Atomic oxygen mixing ratio in upper atmosphere []: 0.000000 
(EtaO) Oxygen eta parameter (Luger and Barnes 2015) []: 0.000000 
(PlanetRadius) Planet radius [m]: 7.058334e+06 
(OxygenMantleMass) Mass of oxygen in mantle [kg]: 0.000000 
(RadXUV) XUV radius separating hydro. dyn. escape and equilibrium [m]: -1.000000 
(RadSolid) Radius to the solid surface [m]: -1.000000 
(PresXUV) Pressure at base of thermosphere [(null)]: 5.000000 
(ScaleHeight) Scale height in Lehmer & Catling (2016) model [m]: -1.000000 
(ThermTemp) Isothermal atmospheric temperature [K]: 400.000000 
(AtmGasConst) Atmospheric gas constant [(null)]: 4124.000000 
(PresSurf) Surface pressure due to atmosphere [Pa]: -1.000000 
(DEnvMassDt) Envelope Mass Loss Rate [kg/s]: 0.000000 
(FXUV) XUV flux [W/m^2]: 212.795316 
(AtmXAbsEffH2O) XUV atmospheric escape efficiency for H2O []: 0.300000 
(RocheRadius) Roche Lobe Radius [m]: 4.754597e+07 
(BondiRadius) Bondi Radius [m]: 3.044777e+08 
(HEscapeRegime) Integer flag for H envelope escape regime []: 8.000000 
(RRCriticalFlux) Critical XUV Flux that separates RR and energy-limited escape [W/m^2]: 62.501549 
(CrossoverMass) Crossover mass, defines oxygen is escaping if mc > mo [kg]: 0.000000 
(WaterEscapeRegime) What water escape regime the code is currently in []: 8.000000 
(FXUVCRITDRAG) Critical Drag XUV flux [W/m^2]: 0.510854 
(HREFFLUX) The Hydrogen Reference Flux (m^-2 s^-1) [m^-2 s^-1]: 1.355177e+20 
(XO2) Molecular oxygen mixing ratio in atmosphere []: 0.000000 
(XH2O) Water mixing ratio in upper atmosphere []: 0.000000 
(HDiffFlux) The Hydrogen Diffusion Flux (m^-2 s^-1) [m^-2 s^-1]: 2.497735e+17 
(HRefODragMod) Multiply by H ref flux to get flux with drag []: 1.000000 
(KTide) Mass loss enhancement due to stellar gravity []: 0.778957 
(CumulativeXUVFlux) Cumulative XUV flux [W/m^2]: 0.000000 
(RunawayGreenhouseFlux) Incident flux that triggers runaway greenhouse [kg/sec^3]: 1292.260374 
(RGDuration) Runaway Greenhouse Duration [years]: 0.00000e+00

Output Order: Time[year] CumulativeXUVFlux[W/m^2]
Grid Output Order:



---- FINAL SYSTEM PROPERTIES ----
(Age) System Age [sec]: 2.131637e+17 
(Time) Simulation Time [sec]: 2.130424e+17 
(TotAngMom) Total Angular Momentum [kg*m^2/sec]: 1.982306e+42 
(TotEnergy) Total System Energy [kg*m^2/sec^2]: -1.062292e+40 
(PotEnergy) Body's non-orbital Potential Energy [kg*m^2/sec^2]: -4.155001e+40 
(KinEnergy) Body's non-orbital Kinetic Energy [kg*m^2/sec^2]: 6.610359e+32 
(DeltaTime) Average Timestep Over Last Output Interval [sec]: 1.262304e+12 

----- BODY: star ----
Active Modules: FLARE STELLAR
Module Bit Sum: 577
Color: 000000
(Mass) Mass [kg]: 3.932333e+29 
(Radius) Radius [m]: 1.490339e+08 
(RadGyra) Radius of Gyration/Moment of Inertia Constant []: 0.460225 
(RotAngMom) Rotational Angular Momentum [kg*m^2/sec]: 1.563898e+39 
(RotVel) Rotational Velocity [m/sec]: 125.988736 
(BodyType) Type of Body (0 == planet) []: 0.000000 
(RotRate) Rotational Frequency [/sec]: 8.453696e-07 
(RotPer) Rotational Period [sec]: 7.432471e+06 
(Density) Average Density [kg/m^3]: 2.836001e+04 
(HZLimitDryRunaway) Semi-major axis of Dry Runaway HZ Limit [m]: 9.275954e+09 
(HZLimRecVenus) Recent Venus HZ Limit [m]: 8.302863e+09 
(HZLimRunaway) Runaway Greenhouse HZ Limit [m]: 1.095469e+10 
(HZLimMoistGreenhouse) Moist Greenhouse HZ Limit [m]: 1.098605e+10 
(HZLimMaxGreenhouse) Maximum Greenhouse HZ Limit [m]: 2.084344e+10 
(HZLimEarlyMars) Early Mars HZ Limit [m]: 2.273210e+10 
(Instellation) Orbit-averaged INcident STELLar radiATION [kg/sec^3]: -1.000000 
(CriticalSemiMajorAxis) Holman & Wiegert (1999) P-type Critical Semi-major Axis [m]: -1.000000 
(LXUVTot) Total XUV Luminosity [LSUN]: 7.693483e-07 
(LostEnergy) Body's Total Lost Energy [kg*m^2/sec^2]: 3.092715e+40 
(LostAngMom) Lost Angular Momentum due to Magnetic Braking [kg*m^2/sec]: 1.978345e+42 
(EscapeVelocity) Escape Velocity [m/sec]: 5.934714e+05 
----- STELLAR PARAMETERS (star)------
(Luminosity) Luminosity [LSUN]: 0.004667 
(LXUVStellar) Base X-ray/XUV Luminosity [LSUN]: 3.838272e-07 
(Temperature) Effective Temperature [K]: 3255.194325 
(LXUVFrac) Fraction of luminosity in XUV []: 8.224507e-05 
(RossbyNumber) Rossby Number []: 1.450105 
(DRotPerDtStellar) Time Rate of Change of Rotation Period in STELLAR []: 1.642997e-11 
(WindTorque) Stellar Wind Torque []: 3.528449e+21 
----- FLARE PARAMETERS (star)------
(LXUVFlare) XUV Luminosity from flares [LSUN]: 3.855209e-07 
(FlareFreq1) First value of flare frequency range [/sec]: 8.309902e-05 
(FlareFreq2) Second value of flare frequency range [/sec]: 6.476774e-05 
(FlareFreq3) Third value of flare frequency range [/sec]: 5.048025e-05 
(FlareFreq4) Fourth value of flare frequency range [/sec]: 3.934453e-05 
(FlareFreqMin) Frequency of the flares with the lowest energy [/sec]: 8.309902e-05 
(FlareFreqMid) Frequency of the flares with the middle energy in the energy range [/sec]: 6.874228e-06 
(FlareFreqMax) Frequency of the flares with the highest energy [/sec]: 5.686591e-07 
(FlareEnergy1) First value of flare energy range [kg*m^2/sec^2]: 5.334000e+23 
(FlareEnergy2) Second value of flare energy range [kg*m^2/sec^2]: 6.715108e+23 
(FlareEnergy3) Third value of flare energy range [kg*m^2/sec^2]: 8.453820e+23 
(FlareEnergy4) Fourth value of flare energy range [kg*m^2/sec^2]: 1.064273e+24 
(FlareEnergyMin) Minimum flare energy [kg*m^2/sec^2]: 5.334000e+23 
(FlareEnergyMid) Middle flare energy in the range of energy values [kg*m^2/sec^2]: 5.334000e+24 
(FlareEnergyMax) Maximum flare energy [kg*m^2/sec^2]: 5.334000e+25 
(FlareYIntOUT) Instantaneous Davenport FFD y-intercept at current age and mass []: 34.114211 
(FlareSlopeOUT) Instantaneous Davenport FFD slope at current age and mass []: -1.082372 

Output Order: Time[year] Luminosity[LSUN] LXUVStellar[LSUN] LXUVFlare[LSUN] LXUVTot[LSUN]
Grid Output Order:

----- BODY: b ----
Active Modules: AtmEsc
Module Bit Sum: 9
Color: 000000
(Mass) Mass [kg]: 9.628592e+24 
(Radius) Radius [m]: 7.058334e+06 
(RadGyra) Radius of Gyration/Moment of Inertia Constant []: 0.500000 
(BodyType) Type of Body (0 == planet) []: 0.000000 
(Density) Average Density [kg/m^3]: 6536.836834 
(HZLimitDryRunaway) Semi-major axis of Dry Runaway HZ Limit [m]: 9.275967e+09 
(HZLimRecVenus) Recent Venus HZ Limit [m]: 8.302863e+09 
(HZLimRunaway) Runaway Greenhouse HZ Limit [m]: 1.095469e+10 
(HZLimMoistGreenhouse) Moist Greenhouse HZ Limit [m]: 1.098605e+10 
(HZLimMaxGreenhouse) Maximum Greenhouse HZ Limit [m]: 2.084344e+10 
(HZLimEarlyMars) Early Mars HZ Limit [m]: 2.273210e+10 
(Instellation) Orbit-averaged INcident STELLar radiATION [kg/sec^3]: 2.561293e+04 
(MeanMotion) Orbital Mean Motion [/sec]: 4.464344e-05 
(OrbPeriod) Orbital Period [sec]: 1.407415e+05 
(SemiMajorAxis) Semi-major Axis [m]: 2.361475e+09 
(LXUVTot) Total XUV Luminosity [kg/sec^3]: -1.000000 
(EscapeVelocity) Escape Velocity [m/sec]: 1.349421e+04 
----- ATMESC PARAMETERS (b)------
(SurfWaterMass) Surface water mass [kg]: 0.000000 
(EnvelopeMass) Envelope mass [kg]: 0.000000 
(OxygenMass) Oxygen mass in the atmosphere [kg]: 0.000000 
(RGLimit) Runaway greenhouse semi-major axis [m]: 1.050691e+10 
(XO) Atomic oxygen mixing ratio in upper atmosphere []: 0.000000 
(EtaO) Oxygen eta parameter (Luger and Barnes 2015) []: 0.000000 
(PlanetRadius) Planet radius [m]: 7.058334e+06 
(OxygenMantleMass) Mass of oxygen in mantle [kg]: 0.000000 
(RadXUV) XUV radius separating hydro. dyn. escape and equilibrium [m]: -1.000000 
(RadSolid) Radius to the solid surface [m]: -1.000000 
(PresXUV) Pressure at base of thermosphere [(null)]: 5.000000 
(ScaleHeight) Scale height in Lehmer & Catling (2016) model [m]: -1.000000 
(ThermTemp) Isothermal atmospheric temperature [K]: 400.000000 
(AtmGasConst) Atmospheric gas constant [(null)]: 4124.000000 
(PresSurf) Surface pressure due to atmosphere [Pa]: -1.000000 
(DEnvMassDt) Envelope Mass Loss Rate [kg/s]: 0.000000 
(FXUV) XUV flux [W/m^2]: 4.222371 
(AtmXAbsEffH2O) XUV atmospheric escape efficiency for H2O []: 0.300000 
(RocheRadius) Roche Lobe Radius [m]: 4.754597e+07 
(BondiRadius) Bondi Radius [m]: 5.885348e+08 
(HEscapeRegime) Integer flag for H envelope escape regime []: 8.000000 
(RRCriticalFlux) Critical XUV Flux that separates RR and energy-limited escape [W/m^2]: 62.501549 
(CrossoverMass) Crossover mass, defines oxygen is escaping if mc > mo [kg]: 0.000000 
(WaterEscapeRegime) What water escape regime the code is currently in []: 8.000000 
(FXUVCRITDRAG) Critical Drag XUV flux [W/m^2]: 0.510854 
(HREFFLUX) The Hydrogen Reference Flux (m^-2 s^-1) [m^-2 s^-1]: 2.688997e+18 
(XO2) Molecular oxygen mixing ratio in atmosphere []: 0.000000 
(XH2O) Water mixing ratio in upper atmosphere []: 0.000000 
(HDiffFlux) The Hydrogen Diffusion Flux (m^-2 s^-1) [m^-2 s^-1]: 2.497735e+17 
(HRefODragMod) Multiply by H ref flux to get flux with drag []: 1.000000 
(KTide) Mass loss enhancement due to stellar gravity []: 0.778957 
(CumulativeXUVFlux) Cumulative XUV flux [W/m^2]: 1.857464e+18 
(RunawayGreenhouseFlux) Incident flux that triggers runaway greenhouse [kg/sec^3]: 1293.821690 
(RGDuration) Runaway Greenhouse Duration [years]: 0.00000e+00

Output Order: Time[year] CumulativeXUVFlux[W/m^2]
Grid Output Order:
