-------- Log file gj1132.log -------

Executable: /home/vplanet/.local/bin/vplanet
Version: Unknown
System Name: gj1132
Primary Input File: vpl.in
Body File #1: star.in
Body File #2: b.in
Allow files to be overwitten: Yes
Mass Units: Grams
Length Units: Meters
Time Units: Seconds
Angle Units: Radians

------- FORMATTING -----
Verbosity Level: 5
Crossover Decade for Scientific Notation: 4
Number of Digits After Decimal: 6
Integration Method: Runge-Kutta4
Direction: Forward
Time Step: 3.155760e+07
Stop Time: 2.304330e+17
Output Interval: 3.155760e+13
Use Variable Timestep: Yes
dEta: 0.010000
Minimum Value of ecc and obl: 1.000000e-10


---- INITIAL SYSTEM PROPERTIES ----
(Age) System Age [sec]: 1.846481e+14 
(Time) Simulation Time [sec]: 0.000000 
(TotAngMom) Total Angular Momentum [kg*m^2/sec]: 1.326950e+42 
(TotEnergy) Total System Energy [kg*m^2/sec^2]: -1.167188e+40 
(PotEnergy) Body's non-orbital Potential Energy [kg*m^2/sec^2]: -1.171999e+40 
(KinEnergy) Body's non-orbital Kinetic Energy [kg*m^2/sec^2]: 4.816267e+37 
(DeltaTime) Average Timestep Over Last Output Interval [sec]: 0.000000 

----- BODY: star ----
Active Modules: FLARE STELLAR
Module Bit Sum: 577
Color: 000000
(Mass) Mass [kg]: 3.757096e+29 
(Radius) Radius [m]: 4.823173e+08 
(RadGyra) Radius of Gyration/Moment of Inertia Constant []: 0.456505 
(RotAngMom) Rotational Angular Momentum [kg*m^2/sec]: 1.324568e+42 
(RotVel) Rotational Velocity [m/sec]: 3.507511e+04 
(BodyType) Type of Body (0 == planet) []: 0.000000 
(RotRate) Rotational Frequency [/sec]: 7.272205e-05 
(RotPer) Rotational Period [sec]: 8.640000e+04 
(Density) Average Density [kg/m^3]: 799.401678 
(HZLimitDryRunaway) Semi-major axis of Dry Runaway HZ Limit [m]: 2.898986e+10 
(HZLimRecVenus) Recent Venus HZ Limit [m]: 2.597486e+10 
(HZLimRunaway) Runaway Greenhouse HZ Limit [m]: 3.425495e+10 
(HZLimMoistGreenhouse) Moist Greenhouse HZ Limit [m]: 3.436901e+10 
(HZLimMaxGreenhouse) Maximum Greenhouse HZ Limit [m]: 6.533627e+10 
(HZLimEarlyMars) Early Mars HZ Limit [m]: 7.125625e+10 
(Instellation) Orbit-averaged INcident STELLar radiATION [kg/sec^3]: -1.000000 
(CriticalSemiMajorAxis) Holman & Wiegert (1999) P-type Critical Semi-major Axis [m]: -1.000000 
(LXUVTot) Total XUV Luminosity [LSUN]: 4.709704e-05 
(LostEnergy) Body's Total Lost Energy [kg*m^2/sec^2]: 5.562685e-309 
(LostAngMom) Lost Angular Momentum due to Magnetic Braking [kg*m^2/sec]: 5.562685e-309 
(EscapeVelocity) Escape Velocity [m/sec]: 3.224608e+05 
----- STELLAR PARAMETERS (star)------
(Luminosity) Luminosity [LSUN]: 0.045583 
(LXUVStellar) Base X-ray/XUV Luminosity [LSUN]: 3.625353e-05 
(Temperature) Effective Temperature [K]: 3203.312043 
(LXUVFrac) Fraction of luminosity in XUV []: 0.000795 
(RossbyNumber) Rossby Number []: 0.016415 
(DRotPerDtStellar) Time Rate of Change of Rotation Period in STELLAR []: -1.148891e-10 
(WindTorque) Stellar Wind Torque []: 3.529848e+27 
----- FLARE PARAMETERS (star)------
(LXUVFlare) XUV Luminosity from flares [LSUN]: 1.084351e-05 
(FlareFreq1) First value of flare frequency range [/sec]: 1.790214e-06 
(FlareFreq2) Second value of flare frequency range [/sec]: 1.437661e-06 
(FlareFreq3) Third value of flare frequency range [/sec]: 1.154538e-06 
(FlareFreq4) Fourth value of flare frequency range [/sec]: 9.271705e-07 
(FlareFreqMin) Frequency of the flares with the lowest energy [/sec]: 1.790214e-06 
(FlareFreqMid) Frequency of the flares with the middle energy in the energy range [/sec]: 1.997194e-07 
(FlareFreqMax) Frequency of the flares with the highest energy [/sec]: 2.228104e-08 
(FlareEnergy1) First value of flare energy range [kg*m^2/sec^2]: 5.334000e+25 
(FlareEnergy2) Second value of flare energy range [kg*m^2/sec^2]: 7.534475e+25 
(FlareEnergy3) Third value of flare energy range [kg*m^2/sec^2]: 1.064273e+26 
(FlareEnergy4) Fourth value of flare energy range [kg*m^2/sec^2]: 1.503325e+26 
(FlareEnergyMin) Minimum flare energy [kg*m^2/sec^2]: 5.334000e+25 
(FlareEnergyMid) Middle flare energy in the range of energy values [kg*m^2/sec^2]: 1.686759e+27 
(FlareEnergyMax) Maximum flare energy [kg*m^2/sec^2]: 5.334000e+28 
(FlareYIntOUT) Instantaneous Davenport FFD y-intercept at current age and mass []: 19.970767 
(FlareSlopeOUT) Instantaneous Davenport FFD slope at current age and mass []: -0.634990 

Output Order: Time[year] Luminosity[LSUN] LXUVStellar[LSUN] LXUVFlare[LSUN] LXUVTot[LSUN]
Grid Output Order:

----- BODY: b ----
Active Modules: AtmEsc
Module Bit Sum: 9
Color: 000000
(Mass) Mass [kg]: 9.862037e+24 
(Radius) Radius [m]: 6.958603e+06 
(RadGyra) Radius of Gyration/Moment of Inertia Constant []: 0.500000 
(BodyType) Type of Body (0 == planet) []: 0.000000 
(Density) Average Density [kg/m^3]: 6987.340434 
(HZLimitDryRunaway) Semi-major axis of Dry Runaway HZ Limit [m]: 2.899017e+10 
(HZLimRecVenus) Recent Venus HZ Limit [m]: 2.597486e+10 
(HZLimRunaway) Runaway Greenhouse HZ Limit [m]: 3.425495e+10 
(HZLimMoistGreenhouse) Moist Greenhouse HZ Limit [m]: 3.436901e+10 
(HZLimMaxGreenhouse) Maximum Greenhouse HZ Limit [m]: 6.533627e+10 
(HZLimEarlyMars) Early Mars HZ Limit [m]: 7.125625e+10 
(Instellation) Orbit-averaged INcident STELLar radiATION [kg/sec^3]: 2.578932e+05 
(MeanMotion) Orbital Mean Motion [/sec]: 4.464371e-05 
(OrbPeriod) Orbital Period [sec]: 1.407407e+05 
(SemiMajorAxis) Semi-major Axis [m]: 2.325854e+09 
(LXUVTot) Total XUV Luminosity [kg/sec^3]: -1.000000 
(EscapeVelocity) Escape Velocity [m/sec]: 1.375433e+04 
----- ATMESC PARAMETERS (b)------
(SurfWaterMass) Surface water mass [kg]: 0.000000 
(EnvelopeMass) Envelope mass [kg]: 0.000000 
(OxygenMass) Oxygen mass in the atmosphere [kg]: 0.000000 
(RGLimit) Runaway greenhouse semi-major axis [m]: 3.283575e+10 
(XO) Atomic oxygen mixing ratio in upper atmosphere []: 0.000000 
(EtaO) Oxygen eta parameter (Luger and Barnes 2015) []: 0.000000 
(PlanetRadius) Planet radius [m]: 6.958603e+06 
(OxygenMantleMass) Mass of oxygen in mantle [kg]: 0.000000 
(RadXUV) XUV radius separating hydro. dyn. escape and equilibrium [m]: -1.000000 
(RadSolid) Radius to the solid surface [m]: -1.000000 
(PresXUV) Pressure at base of thermosphere [(null)]: 5.000000 
(ScaleHeight) Scale height in Lehmer & Catling (2016) model [m]: -1.000000 
(ThermTemp) Isothermal atmospheric temperature [K]: 400.000000 
(AtmGasConst) Atmospheric gas constant [(null)]: 4124.000000 
(PresSurf) Surface pressure due to atmosphere [Pa]: -1.000000 
(DEnvMassDt) Envelope Mass Loss Rate [kg/s]: 0.000000 
(FXUV) XUV flux [W/m^2]: 266.460400 
(AtmXAbsEffH2O) XUV atmospheric escape efficiency for H2O []: 0.300000 
(RocheRadius) Roche Lobe Radius [m]: 4.792700e+07 
(BondiRadius) Bondi Radius [m]: 3.431074e+08 
(HEscapeRegime) Integer flag for H envelope escape regime []: 8.000000 
(RRCriticalFlux) Critical XUV Flux that separates RR and energy-limited escape [W/m^2]: 69.272281 
(CrossoverMass) Crossover mass, defines oxygen is escaping if mc > mo [kg]: 0.000000 
(WaterEscapeRegime) What water escape regime the code is currently in []: 8.000000 
(FXUVCRITDRAG) Critical Drag XUV flux [W/m^2]: 0.559300 
(HREFFLUX) The Hydrogen Reference Flux (m^-2 s^-1) [m^-2 s^-1]: 1.623388e+20 
(XO2) Molecular oxygen mixing ratio in atmosphere []: 0.000000 
(XH2O) Water mixing ratio in upper atmosphere []: 0.000000 
(HDiffFlux) The Hydrogen Diffusion Flux (m^-2 s^-1) [m^-2 s^-1]: 2.632149e+17 
(HRefODragMod) Multiply by H ref flux to get flux with drag []: 1.000000 
(KTide) Mass loss enhancement due to stellar gravity []: 0.783743 
(CumulativeXUVFlux) Cumulative XUV flux [W/m^2]: 0.000000 
(RunawayGreenhouseFlux) Incident flux that triggers runaway greenhouse [kg/sec^3]: 1293.902910 
(RGDuration) Runaway Greenhouse Duration [years]: 0.00000e+00

Output Order: Time[year] CumulativeXUVFlux[W/m^2]
Grid Output Order:



---- FINAL SYSTEM PROPERTIES ----
(Age) System Age [sec]: 2.306182e+17 
(Time) Simulation Time [sec]: 2.304336e+17 
(TotAngMom) Total Angular Momentum [kg*m^2/sec]: 1.327048e+42 
(TotEnergy) Total System Energy [kg*m^2/sec^2]: -1.167462e+40 
(PotEnergy) Body's non-orbital Potential Energy [kg*m^2/sec^2]: -3.965653e+40 
(KinEnergy) Body's non-orbital Kinetic Energy [kg*m^2/sec^2]: 5.711604e+32 
(DeltaTime) Average Timestep Over Last Output Interval [sec]: 1.577880e+13 

----- BODY: star ----
Active Modules: FLARE STELLAR
Module Bit Sum: 577
Color: 000000
(Mass) Mass [kg]: 3.757096e+29 
(Radius) Radius [m]: 1.425429e+08 
(RadGyra) Radius of Gyration/Moment of Inertia Constant []: 0.460565 
(RotAngMom) Rotational Angular Momentum [kg*m^2/sec]: 1.360056e+39 
(RotVel) Rotational Velocity [m/sec]: 119.722802 
(BodyType) Type of Body (0 == planet) []: 0.000000 
(RotRate) Rotational Frequency [/sec]: 8.399072e-07 
(RotPer) Rotational Period [sec]: 7.480809e+06 
(Density) Average Density [kg/m^3]: 3.096898e+04 
(HZLimitDryRunaway) Semi-major axis of Dry Runaway HZ Limit [m]: 8.733704e+09 
(HZLimRecVenus) Recent Venus HZ Limit [m]: 7.821204e+09 
(HZLimRunaway) Runaway Greenhouse HZ Limit [m]: 1.031695e+10 
(HZLimMoistGreenhouse) Moist Greenhouse HZ Limit [m]: 1.034874e+10 
(HZLimMaxGreenhouse) Maximum Greenhouse HZ Limit [m]: 1.965247e+10 
(HZLimEarlyMars) Early Mars HZ Limit [m]: 2.143317e+10 
(Instellation) Orbit-averaged INcident STELLar radiATION [kg/sec^3]: -1.000000 
(CriticalSemiMajorAxis) Holman & Wiegert (1999) P-type Critical Semi-major Axis [m]: -1.000000 
(LXUVTot) Total XUV Luminosity [LSUN]: 5.017753e-07 
(LostEnergy) Body's Total Lost Energy [kg*m^2/sec^2]: 2.798196e+40 
(LostAngMom) Lost Angular Momentum due to Magnetic Braking [kg*m^2/sec]: 1.323306e+42 
(EscapeVelocity) Escape Velocity [m/sec]: 5.931582e+05 
----- STELLAR PARAMETERS (star)------
(Luminosity) Luminosity [LSUN]: 0.004137 
(LXUVStellar) Base X-ray/XUV Luminosity [LSUN]: 1.546447e-07 
(Temperature) Effective Temperature [K]: 3230.969512 
(LXUVFrac) Fraction of luminosity in XUV []: 3.737915e-05 
(RossbyNumber) Rossby Number []: 1.441539 
(DRotPerDtStellar) Time Rate of Change of Rotation Period in STELLAR []: 1.527403e-11 
(WindTorque) Stellar Wind Torque []: 2.776910e+21 
----- FLARE PARAMETERS (star)------
(LXUVFlare) XUV Luminosity from flares [LSUN]: 3.471102e-07 
(FlareFreq1) First value of flare frequency range [/sec]: 5.589186e-07 
(FlareFreq2) Second value of flare frequency range [/sec]: 3.832320e-07 
(FlareFreq3) Third value of flare frequency range [/sec]: 2.627696e-07 
(FlareFreq4) Fourth value of flare frequency range [/sec]: 1.801724e-07 
(FlareFreqMin) Frequency of the flares with the lowest energy [/sec]: 5.589186e-07 
(FlareFreqMid) Frequency of the flares with the middle energy in the energy range [/sec]: 1.283752e-08 
(FlareFreqMax) Frequency of the flares with the highest energy [/sec]: 2.948583e-10 
(FlareEnergy1) First value of flare energy range [kg*m^2/sec^2]: 5.334000e+25 
(FlareEnergy2) Second value of flare energy range [kg*m^2/sec^2]: 7.534475e+25 
(FlareEnergy3) Third value of flare energy range [kg*m^2/sec^2]: 1.064273e+26 
(FlareEnergy4) Fourth value of flare energy range [kg*m^2/sec^2]: 1.503325e+26 
(FlareEnergyMin) Minimum flare energy [kg*m^2/sec^2]: 5.334000e+25 
(FlareEnergyMid) Middle flare energy in the range of energy values [kg*m^2/sec^2]: 1.686759e+27 
(FlareEnergyMax) Maximum flare energy [kg*m^2/sec^2]: 5.334000e+28 
(FlareYIntOUT) Instantaneous Davenport FFD y-intercept at current age and mass []: 34.440733 
(FlareSlopeOUT) Instantaneous Davenport FFD slope at current age and mass []: -1.092578 

Output Order: Time[year] Luminosity[LSUN] LXUVStellar[LSUN] LXUVFlare[LSUN] LXUVTot[LSUN]
Grid Output Order:

----- BODY: b ----
Active Modules: AtmEsc
Module Bit Sum: 9
Color: 000000
(Mass) Mass [kg]: 9.862037e+24 
(Radius) Radius [m]: 6.958603e+06 
(RadGyra) Radius of Gyration/Moment of Inertia Constant []: 0.500000 
(BodyType) Type of Body (0 == planet) []: 0.000000 
(Density) Average Density [kg/m^3]: 6987.340434 
(HZLimitDryRunaway) Semi-major axis of Dry Runaway HZ Limit [m]: 8.733797e+09 
(HZLimRecVenus) Recent Venus HZ Limit [m]: 7.821204e+09 
(HZLimRunaway) Runaway Greenhouse HZ Limit [m]: 1.031695e+10 
(HZLimMoistGreenhouse) Moist Greenhouse HZ Limit [m]: 1.034874e+10 
(HZLimMaxGreenhouse) Maximum Greenhouse HZ Limit [m]: 1.965247e+10 
(HZLimEarlyMars) Early Mars HZ Limit [m]: 2.143317e+10 
(Instellation) Orbit-averaged INcident STELLar radiATION [kg/sec^3]: 2.340694e+04 
(MeanMotion) Orbital Mean Motion [/sec]: 4.464371e-05 
(OrbPeriod) Orbital Period [sec]: 1.407407e+05 
(SemiMajorAxis) Semi-major Axis [m]: 2.325854e+09 
(LXUVTot) Total XUV Luminosity [kg/sec^3]: -1.000000 
(EscapeVelocity) Escape Velocity [m/sec]: 1.375433e+04 
----- ATMESC PARAMETERS (b)------
(SurfWaterMass) Surface water mass [kg]: 0.000000 
(EnvelopeMass) Envelope mass [kg]: 0.000000 
(OxygenMass) Oxygen mass in the atmosphere [kg]: 0.000000 
(RGLimit) Runaway greenhouse semi-major axis [m]: 9.889612e+09 
(XO) Atomic oxygen mixing ratio in upper atmosphere []: 0.000000 
(EtaO) Oxygen eta parameter (Luger and Barnes 2015) []: 0.000000 
(PlanetRadius) Planet radius [m]: 6.958603e+06 
(OxygenMantleMass) Mass of oxygen in mantle [kg]: 0.000000 
(RadXUV) XUV radius separating hydro. dyn. escape and equilibrium [m]: -1.000000 
(RadSolid) Radius to the solid surface [m]: -1.000000 
(PresXUV) Pressure at base of thermosphere [(null)]: 5.000000 
(ScaleHeight) Scale height in Lehmer & Catling (2016) model [m]: -1.000000 
(ThermTemp) Isothermal atmospheric temperature [K]: 400.000000 
(AtmGasConst) Atmospheric gas constant [(null)]: 4124.000000 
(PresSurf) Surface pressure due to atmosphere [Pa]: -1.000000 
(DEnvMassDt) Envelope Mass Loss Rate [kg/s]: 0.000000 
(FXUV) XUV flux [W/m^2]: 2.838888 
(AtmXAbsEffH2O) XUV atmospheric escape efficiency for H2O []: 0.300000 
(RocheRadius) Roche Lobe Radius [m]: 4.792700e+07 
(BondiRadius) Bondi Radius [m]: 6.257346e+08 
(HEscapeRegime) Integer flag for H envelope escape regime []: 8.000000 
(RRCriticalFlux) Critical XUV Flux that separates RR and energy-limited escape [W/m^2]: 69.272281 
(CrossoverMass) Crossover mass, defines oxygen is escaping if mc > mo [kg]: 0.000000 
(WaterEscapeRegime) What water escape regime the code is currently in []: 8.000000 
(FXUVCRITDRAG) Critical Drag XUV flux [W/m^2]: 0.559300 
(HREFFLUX) The Hydrogen Reference Flux (m^-2 s^-1) [m^-2 s^-1]: 1.729569e+18 
(XO2) Molecular oxygen mixing ratio in atmosphere []: 0.000000 
(XH2O) Water mixing ratio in upper atmosphere []: 0.000000 
(HDiffFlux) The Hydrogen Diffusion Flux (m^-2 s^-1) [m^-2 s^-1]: 2.632149e+17 
(HRefODragMod) Multiply by H ref flux to get flux with drag []: 1.000000 
(KTide) Mass loss enhancement due to stellar gravity []: 0.783743 
(CumulativeXUVFlux) Cumulative XUV flux [W/m^2]: 2.060931e+18 
(RunawayGreenhouseFlux) Incident flux that triggers runaway greenhouse [kg/sec^3]: 1294.618670 
(RGDuration) Runaway Greenhouse Duration [years]: 0.00000e+00

Output Order: Time[year] CumulativeXUVFlux[W/m^2]
Grid Output Order:
