-------- Log file gj1132.log -------

Executable: /home/vplanet/.local/bin/vplanet
Version: Unknown
System Name: gj1132
Primary Input File: vpl.in
Body File #1: star.in
Body File #2: b.in
Allow files to be overwitten: Yes
Mass Units: Grams
Length Units: Meters
Time Units: Seconds
Angle Units: Radians

------- FORMATTING -----
Verbosity Level: 5
Crossover Decade for Scientific Notation: 4
Number of Digits After Decimal: 6
Integration Method: Runge-Kutta4
Direction: Forward
Time Step: 3.155760e+07
Stop Time: 2.222020e+17
Output Interval: 3.155760e+13
Use Variable Timestep: Yes
dEta: 0.010000
Minimum Value of ecc and obl: 1.000000e-10


---- INITIAL SYSTEM PROPERTIES ----
(Age) System Age [sec]: 1.185736e+14 
(Time) Simulation Time [sec]: 0.000000 
(TotAngMom) Total Angular Momentum [kg*m^2/sec]: 1.906296e+42 
(TotEnergy) Total System Energy [kg*m^2/sec^2]: -1.013310e+40 
(PotEnergy) Body's non-orbital Potential Energy [kg*m^2/sec^2]: -1.020227e+40 
(KinEnergy) Body's non-orbital Kinetic Energy [kg*m^2/sec^2]: 6.922774e+37 
(DeltaTime) Average Timestep Over Last Output Interval [sec]: 0.000000 

----- BODY: star ----
Active Modules: FLARE STELLAR
Module Bit Sum: 577
Color: 000000
(Mass) Mass [kg]: 3.829413e+29 
(Radius) Radius [m]: 5.756034e+08 
(RadGyra) Radius of Gyration/Moment of Inertia Constant []: 0.454255 
(RotAngMom) Rotational Angular Momentum [kg*m^2/sec]: 1.903900e+42 
(RotVel) Rotational Velocity [m/sec]: 4.185906e+04 
(BodyType) Type of Body (0 == planet) []: 0.000000 
(RotRate) Rotational Frequency [/sec]: 7.272205e-05 
(RotPer) Rotational Period [sec]: 8.640000e+04 
(Density) Average Density [kg/m^3]: 479.373102 
(HZLimitDryRunaway) Semi-major axis of Dry Runaway HZ Limit [m]: 3.404722e+10 
(HZLimRecVenus) Recent Venus HZ Limit [m]: 3.052103e+10 
(HZLimRunaway) Runaway Greenhouse HZ Limit [m]: 4.024123e+10 
(HZLimMoistGreenhouse) Moist Greenhouse HZ Limit [m]: 4.038434e+10 
(HZLimMaxGreenhouse) Maximum Greenhouse HZ Limit [m]: 7.684579e+10 
(HZLimEarlyMars) Early Mars HZ Limit [m]: 8.380850e+10 
(Instellation) Orbit-averaged INcident STELLar radiATION [kg/sec^3]: -1.000000 
(CriticalSemiMajorAxis) Holman & Wiegert (1999) P-type Critical Semi-major Axis [m]: -1.000000 
(LXUVTot) Total XUV Luminosity [LSUN]: 0.000281 
(LostEnergy) Body's Total Lost Energy [kg*m^2/sec^2]: 5.562685e-309 
(LostAngMom) Lost Angular Momentum due to Magnetic Braking [kg*m^2/sec]: 5.562685e-309 
(EscapeVelocity) Escape Velocity [m/sec]: 2.980037e+05 
----- STELLAR PARAMETERS (star)------
(Luminosity) Luminosity [LSUN]: 0.062874 
(LXUVStellar) Base X-ray/XUV Luminosity [LSUN]: 0.000268 
(Temperature) Effective Temperature [K]: 3177.877600 
(LXUVFrac) Fraction of luminosity in XUV []: 0.004258 
(RossbyNumber) Rossby Number []: 0.016202 
(DRotPerDtStellar) Time Rate of Change of Rotation Period in STELLAR []: -1.565520e-10 
(WindTorque) Stellar Wind Torque []: 8.949217e+27 
----- FLARE PARAMETERS (star)------
(LXUVFlare) XUV Luminosity from flares [LSUN]: 1.373957e-05 
(FlareFreq1) First value of flare frequency range [/sec]: 1.926926e-06 
(FlareFreq2) Second value of flare frequency range [/sec]: 1.562676e-06 
(FlareFreq3) Third value of flare frequency range [/sec]: 1.267280e-06 
(FlareFreq4) Fourth value of flare frequency range [/sec]: 1.027724e-06 
(FlareFreqMin) Frequency of the flares with the lowest energy [/sec]: 1.926926e-06 
(FlareFreqMid) Frequency of the flares with the middle energy in the energy range [/sec]: 2.370842e-07 
(FlareFreqMax) Frequency of the flares with the highest energy [/sec]: 2.917024e-08 
(FlareEnergy1) First value of flare energy range [kg*m^2/sec^2]: 5.334000e+25 
(FlareEnergy2) Second value of flare energy range [kg*m^2/sec^2]: 7.534475e+25 
(FlareEnergy3) Third value of flare energy range [kg*m^2/sec^2]: 1.064273e+26 
(FlareEnergy4) Fourth value of flare energy range [kg*m^2/sec^2]: 1.503325e+26 
(FlareEnergyMin) Minimum flare energy [kg*m^2/sec^2]: 5.334000e+25 
(FlareEnergyMid) Middle flare energy in the range of energy values [kg*m^2/sec^2]: 1.686759e+27 
(FlareEnergyMax) Maximum flare energy [kg*m^2/sec^2]: 5.334000e+28 
(FlareYIntOUT) Instantaneous Davenport FFD y-intercept at current age and mass []: 19.074975 
(FlareSlopeOUT) Instantaneous Davenport FFD slope at current age and mass []: -0.606642 

Output Order: Time[year] Luminosity[LSUN] LXUVStellar[LSUN] LXUVFlare[LSUN] LXUVTot[LSUN]
Grid Output Order:

----- BODY: b ----
Active Modules: AtmEsc
Module Bit Sum: 9
Color: 000000
(Mass) Mass [kg]: 9.797963e+24 
(Radius) Radius [m]: 7.086792e+06 
(RadGyra) Radius of Gyration/Moment of Inertia Constant []: 0.500000 
(BodyType) Type of Body (0 == planet) []: 0.000000 
(Density) Average Density [kg/m^3]: 6572.009249 
(HZLimitDryRunaway) Semi-major axis of Dry Runaway HZ Limit [m]: 3.404864e+10 
(HZLimRecVenus) Recent Venus HZ Limit [m]: 3.052103e+10 
(HZLimRunaway) Runaway Greenhouse HZ Limit [m]: 4.024123e+10 
(HZLimMoistGreenhouse) Moist Greenhouse HZ Limit [m]: 4.038434e+10 
(HZLimMaxGreenhouse) Maximum Greenhouse HZ Limit [m]: 7.684579e+10 
(HZLimEarlyMars) Early Mars HZ Limit [m]: 8.380850e+10 
(Instellation) Orbit-averaged INcident STELLar radiATION [kg/sec^3]: 3.512474e+05 
(MeanMotion) Orbital Mean Motion [/sec]: 4.464437e-05 
(OrbPeriod) Orbital Period [sec]: 1.407386e+05 
(SemiMajorAxis) Semi-major Axis [m]: 2.340659e+09 
(LXUVTot) Total XUV Luminosity [kg/sec^3]: -1.000000 
(EscapeVelocity) Escape Velocity [m/sec]: 1.358502e+04 
----- ATMESC PARAMETERS (b)------
(SurfWaterMass) Surface water mass [kg]: 0.000000 
(EnvelopeMass) Envelope mass [kg]: 0.000000 
(OxygenMass) Oxygen mass in the atmosphere [kg]: 0.000000 
(RGLimit) Runaway greenhouse semi-major axis [m]: 3.857896e+10 
(XO) Atomic oxygen mixing ratio in upper atmosphere []: 0.000000 
(EtaO) Oxygen eta parameter (Luger and Barnes 2015) []: 0.000000 
(PlanetRadius) Planet radius [m]: 7.086792e+06 
(OxygenMantleMass) Mass of oxygen in mantle [kg]: 0.000000 
(RadXUV) XUV radius separating hydro. dyn. escape and equilibrium [m]: -1.000000 
(RadSolid) Radius to the solid surface [m]: -1.000000 
(PresXUV) Pressure at base of thermosphere [(null)]: 5.000000 
(ScaleHeight) Scale height in Lehmer & Catling (2016) model [m]: -1.000000 
(ThermTemp) Isothermal atmospheric temperature [K]: 400.000000 
(AtmGasConst) Atmospheric gas constant [(null)]: 4124.000000 
(PresSurf) Surface pressure due to atmosphere [Pa]: -1.000000 
(DEnvMassDt) Envelope Mass Loss Rate [kg/s]: 0.000000 
(FXUV) XUV flux [W/m^2]: 1572.251468 
(AtmXAbsEffH2O) XUV atmospheric escape efficiency for H2O []: 0.300000 
(RocheRadius) Roche Lobe Radius [m]: 4.782250e+07 
(BondiRadius) Bondi Radius [m]: 3.135367e+08 
(HEscapeRegime) Integer flag for H envelope escape regime []: 8.000000 
(RRCriticalFlux) Critical XUV Flux that separates RR and energy-limited escape [W/m^2]: 64.006630 
(CrossoverMass) Crossover mass, defines oxygen is escaping if mc > mo [kg]: 0.000000 
(WaterEscapeRegime) What water escape regime the code is currently in []: 8.000000 
(FXUVCRITDRAG) Critical Drag XUV flux [W/m^2]: 0.522637 
(HREFFLUX) The Hydrogen Reference Flux (m^-2 s^-1) [m^-2 s^-1]: 9.874499e+20 
(XO2) Molecular oxygen mixing ratio in atmosphere []: 0.000000 
(XH2O) Water mixing ratio in upper atmosphere []: 0.000000 
(HDiffFlux) The Hydrogen Diffusion Flux (m^-2 s^-1) [m^-2 s^-1]: 2.521299e+17 
(HRefODragMod) Multiply by H ref flux to get flux with drag []: 1.000000 
(KTide) Mass loss enhancement due to stellar gravity []: 0.779343 
(CumulativeXUVFlux) Cumulative XUV flux [W/m^2]: 0.000000 
(RunawayGreenhouseFlux) Incident flux that triggers runaway greenhouse [kg/sec^3]: 1292.861554 
(RGDuration) Runaway Greenhouse Duration [years]: 0.00000e+00

Output Order: Time[year] CumulativeXUVFlux[W/m^2]
Grid Output Order:



---- FINAL SYSTEM PROPERTIES ----
(Age) System Age [sec]: 2.223472e+17 
(Time) Simulation Time [sec]: 2.222286e+17 
(TotAngMom) Total Angular Momentum [kg*m^2/sec]: 1.911265e+42 
(TotEnergy) Total System Energy [kg*m^2/sec^2]: -1.011942e+40 
(PotEnergy) Body's non-orbital Potential Energy [kg*m^2/sec^2]: -4.054153e+40 
(KinEnergy) Body's non-orbital Kinetic Energy [kg*m^2/sec^2]: 6.147208e+32 
(DeltaTime) Average Timestep Over Last Output Interval [sec]: 1.577880e+13 

----- BODY: star ----
Active Modules: FLARE STELLAR
Module Bit Sum: 577
Color: 000000
(Mass) Mass [kg]: 3.829413e+29 
(Radius) Radius [m]: 1.448505e+08 
(RadGyra) Radius of Gyration/Moment of Inertia Constant []: 0.460436 
(RotAngMom) Rotational Angular Momentum [kg*m^2/sec]: 1.447135e+39 
(RotVel) Rotational Velocity [m/sec]: 123.060528 
(BodyType) Type of Body (0 == planet) []: 0.000000 
(RotRate) Rotational Frequency [/sec]: 8.495692e-07 
(RotPer) Rotational Period [sec]: 7.395731e+06 
(Density) Average Density [kg/m^3]: 3.008040e+04 
(HZLimitDryRunaway) Semi-major axis of Dry Runaway HZ Limit [m]: 8.920643e+09 
(HZLimRecVenus) Recent Venus HZ Limit [m]: 7.987222e+09 
(HZLimRunaway) Runaway Greenhouse HZ Limit [m]: 1.053679e+10 
(HZLimMoistGreenhouse) Moist Greenhouse HZ Limit [m]: 1.056841e+10 
(HZLimMaxGreenhouse) Maximum Greenhouse HZ Limit [m]: 2.006278e+10 
(HZLimEarlyMars) Early Mars HZ Limit [m]: 2.188068e+10 
(Instellation) Orbit-averaged INcident STELLar radiATION [kg/sec^3]: -1.000000 
(CriticalSemiMajorAxis) Holman & Wiegert (1999) P-type Critical Semi-major Axis [m]: -1.000000 
(LXUVTot) Total XUV Luminosity [LSUN]: 1.153458e-06 
(LostEnergy) Body's Total Lost Energy [kg*m^2/sec^2]: 3.042217e+40 
(LostAngMom) Lost Angular Momentum due to Magnetic Braking [kg*m^2/sec]: 1.907422e+42 
(EscapeVelocity) Escape Velocity [m/sec]: 5.940505e+05 
----- STELLAR PARAMETERS (star)------
(Luminosity) Luminosity [LSUN]: 0.004316 
(LXUVStellar) Base X-ray/XUV Luminosity [LSUN]: 8.017011e-07 
(Temperature) Effective Temperature [K]: 3239.898421 
(LXUVFrac) Fraction of luminosity in XUV []: 0.000186 
(RossbyNumber) Rossby Number []: 1.431677 
(DRotPerDtStellar) Time Rate of Change of Rotation Period in STELLAR []: 2.322379e-11 
(WindTorque) Stellar Wind Torque []: 3.162832e+21 
----- FLARE PARAMETERS (star)------
(LXUVFlare) XUV Luminosity from flares [LSUN]: 3.517355e-07 
(FlareFreq1) First value of flare frequency range [/sec]: 5.682022e-07 
(FlareFreq2) Second value of flare frequency range [/sec]: 3.894932e-07 
(FlareFreq3) Third value of flare frequency range [/sec]: 2.669911e-07 
(FlareFreq4) Fourth value of flare frequency range [/sec]: 1.830180e-07 
(FlareFreqMin) Frequency of the flares with the lowest energy [/sec]: 5.682022e-07 
(FlareFreqMid) Frequency of the flares with the middle energy in the energy range [/sec]: 1.301585e-08 
(FlareFreqMax) Frequency of the flares with the highest energy [/sec]: 2.981552e-10 
(FlareEnergy1) First value of flare energy range [kg*m^2/sec^2]: 5.334000e+25 
(FlareEnergy2) Second value of flare energy range [kg*m^2/sec^2]: 7.534475e+25 
(FlareEnergy3) Third value of flare energy range [kg*m^2/sec^2]: 1.064273e+26 
(FlareEnergy4) Fourth value of flare energy range [kg*m^2/sec^2]: 1.503325e+26 
(FlareEnergyMin) Minimum flare energy [kg*m^2/sec^2]: 5.334000e+25 
(FlareEnergyMid) Middle flare energy in the range of energy values [kg*m^2/sec^2]: 1.686759e+27 
(FlareEnergyMax) Maximum flare energy [kg*m^2/sec^2]: 5.334000e+28 
(FlareYIntOUT) Instantaneous Davenport FFD y-intercept at current age and mass []: 34.473254 
(FlareSlopeOUT) Instantaneous Davenport FFD slope at current age and mass []: -1.093353 

Output Order: Time[year] Luminosity[LSUN] LXUVStellar[LSUN] LXUVFlare[LSUN] LXUVTot[LSUN]
Grid Output Order:

----- BODY: b ----
Active Modules: AtmEsc
Module Bit Sum: 9
Color: 000000
(Mass) Mass [kg]: 9.797963e+24 
(Radius) Radius [m]: 7.086792e+06 
(RadGyra) Radius of Gyration/Moment of Inertia Constant []: 0.500000 
(BodyType) Type of Body (0 == planet) []: 0.000000 
(Density) Average Density [kg/m^3]: 6572.009249 
(HZLimitDryRunaway) Semi-major axis of Dry Runaway HZ Limit [m]: 8.921017e+09 
(HZLimRecVenus) Recent Venus HZ Limit [m]: 7.987222e+09 
(HZLimRunaway) Runaway Greenhouse HZ Limit [m]: 1.053679e+10 
(HZLimMoistGreenhouse) Moist Greenhouse HZ Limit [m]: 1.056841e+10 
(HZLimMaxGreenhouse) Maximum Greenhouse HZ Limit [m]: 2.006278e+10 
(HZLimEarlyMars) Early Mars HZ Limit [m]: 2.188068e+10 
(Instellation) Orbit-averaged INcident STELLar radiATION [kg/sec^3]: 2.411250e+04 
(MeanMotion) Orbital Mean Motion [/sec]: 4.464437e-05 
(OrbPeriod) Orbital Period [sec]: 1.407386e+05 
(SemiMajorAxis) Semi-major Axis [m]: 2.340659e+09 
(LXUVTot) Total XUV Luminosity [kg/sec^3]: -1.000000 
(EscapeVelocity) Escape Velocity [m/sec]: 1.358502e+04 
----- ATMESC PARAMETERS (b)------
(SurfWaterMass) Surface water mass [kg]: 0.000000 
(EnvelopeMass) Envelope mass [kg]: 0.000000 
(OxygenMass) Oxygen mass in the atmosphere [kg]: 0.000000 
(RGLimit) Runaway greenhouse semi-major axis [m]: 1.010175e+10 
(XO) Atomic oxygen mixing ratio in upper atmosphere []: 0.000000 
(EtaO) Oxygen eta parameter (Luger and Barnes 2015) []: 0.000000 
(PlanetRadius) Planet radius [m]: 7.086792e+06 
(OxygenMantleMass) Mass of oxygen in mantle [kg]: 0.000000 
(RadXUV) XUV radius separating hydro. dyn. escape and equilibrium [m]: -1.000000 
(RadSolid) Radius to the solid surface [m]: -1.000000 
(PresXUV) Pressure at base of thermosphere [(null)]: 5.000000 
(ScaleHeight) Scale height in Lehmer & Catling (2016) model [m]: -1.000000 
(ThermTemp) Isothermal atmospheric temperature [K]: 400.000000 
(AtmGasConst) Atmospheric gas constant [(null)]: 4124.000000 
(PresSurf) Surface pressure due to atmosphere [Pa]: -1.000000 
(DEnvMassDt) Envelope Mass Loss Rate [kg/s]: 0.000000 
(FXUV) XUV flux [W/m^2]: 6.443816 
(AtmXAbsEffH2O) XUV atmospheric escape efficiency for H2O []: 0.300000 
(RocheRadius) Roche Lobe Radius [m]: 4.782250e+07 
(BondiRadius) Bondi Radius [m]: 6.130499e+08 
(HEscapeRegime) Integer flag for H envelope escape regime []: 8.000000 
(RRCriticalFlux) Critical XUV Flux that separates RR and energy-limited escape [W/m^2]: 64.006630 
(CrossoverMass) Crossover mass, defines oxygen is escaping if mc > mo [kg]: 0.000000 
(WaterEscapeRegime) What water escape regime the code is currently in []: 8.000000 
(FXUVCRITDRAG) Critical Drag XUV flux [W/m^2]: 0.522637 
(HREFFLUX) The Hydrogen Reference Flux (m^-2 s^-1) [m^-2 s^-1]: 4.047028e+18 
(XO2) Molecular oxygen mixing ratio in atmosphere []: 0.000000 
(XH2O) Water mixing ratio in upper atmosphere []: 0.000000 
(HDiffFlux) The Hydrogen Diffusion Flux (m^-2 s^-1) [m^-2 s^-1]: 2.521299e+17 
(HRefODragMod) Multiply by H ref flux to get flux with drag []: 1.000000 
(KTide) Mass loss enhancement due to stellar gravity []: 0.779343 
(CumulativeXUVFlux) Cumulative XUV flux [W/m^2]: 5.971719e+18 
(RunawayGreenhouseFlux) Incident flux that triggers runaway greenhouse [kg/sec^3]: 1294.462188 
(RGDuration) Runaway Greenhouse Duration [years]: 0.00000e+00

Output Order: Time[year] CumulativeXUVFlux[W/m^2]
Grid Output Order:
