-------- Log file gj1132.log -------

Executable: /home/vplanet/.local/bin/vplanet
Version: Unknown
System Name: gj1132
Primary Input File: vpl.in
Body File #1: star.in
Body File #2: b.in
Allow files to be overwitten: Yes
Mass Units: Grams
Length Units: Meters
Time Units: Seconds
Angle Units: Radians

------- FORMATTING -----
Verbosity Level: 5
Crossover Decade for Scientific Notation: 4
Number of Digits After Decimal: 6
Integration Method: Runge-Kutta4
Direction: Forward
Time Step: 3.155760e+07
Stop Time: 2.174010e+17
Output Interval: 3.155760e+13
Use Variable Timestep: Yes
dEta: 0.010000
Minimum Value of ecc and obl: 1.000000e-10


---- INITIAL SYSTEM PROPERTIES ----
(Age) System Age [sec]: 1.704154e+14 
(Time) Simulation Time [sec]: 0.000000 
(TotAngMom) Total Angular Momentum [kg*m^2/sec]: 1.530245e+42 
(TotEnergy) Total System Energy [kg*m^2/sec^2]: -1.207135e+40 
(PotEnergy) Body's non-orbital Potential Energy [kg*m^2/sec^2]: -1.212685e+40 
(KinEnergy) Body's non-orbital Kinetic Energy [kg*m^2/sec^2]: 5.555325e+37 
(DeltaTime) Average Timestep Over Last Output Interval [sec]: 0.000000 

----- BODY: star ----
Active Modules: FLARE STELLAR
Module Bit Sum: 577
Color: 000000
(Mass) Mass [kg]: 3.920651e+29 
(Radius) Radius [m]: 5.076028e+08 
(RadGyra) Radius of Gyration/Moment of Inertia Constant []: 0.456037 
(RotAngMom) Rotational Angular Momentum [kg*m^2/sec]: 1.527824e+42 
(RotVel) Rotational Velocity [m/sec]: 3.691391e+04 
(BodyType) Type of Body (0 == planet) []: 0.000000 
(RotRate) Rotational Frequency [/sec]: 7.272205e-05 
(RotPer) Rotational Period [sec]: 8.640000e+04 
(Density) Average Density [kg/m^3]: 715.645065 
(HZLimitDryRunaway) Semi-major axis of Dry Runaway HZ Limit [m]: 3.076220e+10 
(HZLimRecVenus) Recent Venus HZ Limit [m]: 2.755579e+10 
(HZLimRunaway) Runaway Greenhouse HZ Limit [m]: 3.634418e+10 
(HZLimMoistGreenhouse) Moist Greenhouse HZ Limit [m]: 3.646084e+10 
(HZLimMaxGreenhouse) Maximum Greenhouse HZ Limit [m]: 6.927759e+10 
(HZLimEarlyMars) Early Mars HZ Limit [m]: 7.555475e+10 
(Instellation) Orbit-averaged INcident STELLar radiATION [kg/sec^3]: -1.000000 
(CriticalSemiMajorAxis) Holman & Wiegert (1999) P-type Critical Semi-major Axis [m]: -1.000000 
(LXUVTot) Total XUV Luminosity [LSUN]: 5.025507e-05 
(LostEnergy) Body's Total Lost Energy [kg*m^2/sec^2]: 5.562685e-309 
(LostAngMom) Lost Angular Momentum due to Magnetic Braking [kg*m^2/sec]: 5.562685e-309 
(EscapeVelocity) Escape Velocity [m/sec]: 3.210956e+05 
----- STELLAR PARAMETERS (star)------
(Luminosity) Luminosity [LSUN]: 0.051327 
(LXUVStellar) Base X-ray/XUV Luminosity [LSUN]: 3.850477e-05 
(Temperature) Effective Temperature [K]: 3216.684236 
(LXUVFrac) Fraction of luminosity in XUV []: 0.000750 
(RossbyNumber) Rossby Number []: 0.016528 
(DRotPerDtStellar) Time Rate of Change of Rotation Period in STELLAR []: -1.166881e-10 
(WindTorque) Stellar Wind Torque []: 4.505792e+27 
----- FLARE PARAMETERS (star)------
(LXUVFlare) XUV Luminosity from flares [LSUN]: 1.175030e-05 
(FlareFreq1) First value of flare frequency range [/sec]: 1.815396e-06 
(FlareFreq2) Second value of flare frequency range [/sec]: 1.463724e-06 
(FlareFreq3) Third value of flare frequency range [/sec]: 1.180177e-06 
(FlareFreq4) Fourth value of flare frequency range [/sec]: 9.515573e-07 
(FlareFreqMin) Frequency of the flares with the lowest energy [/sec]: 1.815396e-06 
(FlareFreqMid) Frequency of the flares with the middle energy in the energy range [/sec]: 2.107899e-07 
(FlareFreqMax) Frequency of the flares with the highest energy [/sec]: 2.447530e-08 
(FlareEnergy1) First value of flare energy range [kg*m^2/sec^2]: 5.334000e+25 
(FlareEnergy2) Second value of flare energy range [kg*m^2/sec^2]: 7.534475e+25 
(FlareEnergy3) Third value of flare energy range [kg*m^2/sec^2]: 1.064273e+26 
(FlareEnergy4) Fourth value of flare energy range [kg*m^2/sec^2]: 1.503325e+26 
(FlareEnergyMin) Minimum flare energy [kg*m^2/sec^2]: 5.334000e+25 
(FlareEnergyMid) Middle flare energy in the range of energy values [kg*m^2/sec^2]: 1.686759e+27 
(FlareEnergyMax) Maximum flare energy [kg*m^2/sec^2]: 5.334000e+28 
(FlareYIntOUT) Instantaneous Davenport FFD y-intercept at current age and mass []: 19.598003 
(FlareSlopeOUT) Instantaneous Davenport FFD slope at current age and mass []: -0.623414 

Output Order: Time[year] Luminosity[LSUN] LXUVStellar[LSUN] LXUVFlare[LSUN] LXUVTot[LSUN]
Grid Output Order:

----- BODY: b ----
Active Modules: AtmEsc
Module Bit Sum: 9
Color: 000000
(Mass) Mass [kg]: 9.745251e+24 
(Radius) Radius [m]: 7.175966e+06 
(RadGyra) Radius of Gyration/Moment of Inertia Constant []: 0.500000 
(BodyType) Type of Body (0 == planet) []: 0.000000 
(Density) Average Density [kg/m^3]: 6295.978491 
(HZLimitDryRunaway) Semi-major axis of Dry Runaway HZ Limit [m]: 3.076280e+10 
(HZLimRecVenus) Recent Venus HZ Limit [m]: 2.755579e+10 
(HZLimRunaway) Runaway Greenhouse HZ Limit [m]: 3.634418e+10 
(HZLimMoistGreenhouse) Moist Greenhouse HZ Limit [m]: 3.646084e+10 
(HZLimMaxGreenhouse) Maximum Greenhouse HZ Limit [m]: 6.927759e+10 
(HZLimEarlyMars) Early Mars HZ Limit [m]: 7.555475e+10 
(Instellation) Orbit-averaged INcident STELLar radiATION [kg/sec^3]: 2.822714e+05 
(MeanMotion) Orbital Mean Motion [/sec]: 4.464505e-05 
(OrbPeriod) Orbital Period [sec]: 1.407364e+05 
(SemiMajorAxis) Semi-major Axis [m]: 2.359078e+09 
(LXUVTot) Total XUV Luminosity [kg/sec^3]: -1.000000 
(EscapeVelocity) Escape Velocity [m/sec]: 1.346398e+04 
----- ATMESC PARAMETERS (b)------
(SurfWaterMass) Surface water mass [kg]: 0.000000 
(EnvelopeMass) Envelope mass [kg]: 0.000000 
(OxygenMass) Oxygen mass in the atmosphere [kg]: 0.000000 
(RGLimit) Runaway greenhouse semi-major axis [m]: 3.484800e+10 
(XO) Atomic oxygen mixing ratio in upper atmosphere []: 0.000000 
(EtaO) Oxygen eta parameter (Luger and Barnes 2015) []: 0.000000 
(PlanetRadius) Planet radius [m]: 7.175966e+06 
(OxygenMantleMass) Mass of oxygen in mantle [kg]: 0.000000 
(RadXUV) XUV radius separating hydro. dyn. escape and equilibrium [m]: -1.000000 
(RadSolid) Radius to the solid surface [m]: -1.000000 
(PresXUV) Pressure at base of thermosphere [(null)]: 5.000000 
(ScaleHeight) Scale height in Lehmer & Catling (2016) model [m]: -1.000000 
(ThermTemp) Isothermal atmospheric temperature [K]: 400.000000 
(AtmGasConst) Atmospheric gas constant [(null)]: 4124.000000 
(PresSurf) Surface pressure due to atmosphere [Pa]: -1.000000 
(DEnvMassDt) Envelope Mass Loss Rate [kg/s]: 0.000000 
(FXUV) XUV flux [W/m^2]: 276.377879 
(AtmXAbsEffH2O) XUV atmospheric escape efficiency for H2O []: 0.300000 
(RocheRadius) Roche Lobe Radius [m]: 4.773608e+07 
(BondiRadius) Bondi Radius [m]: 3.267924e+08 
(HEscapeRegime) Integer flag for H envelope escape regime []: 8.000000 
(RRCriticalFlux) Critical XUV Flux that separates RR and energy-limited escape [W/m^2]: 60.499015 
(CrossoverMass) Crossover mass, defines oxygen is escaping if mc > mo [kg]: 0.000000 
(WaterEscapeRegime) What water escape regime the code is currently in []: 8.000000 
(FXUVCRITDRAG) Critical Drag XUV flux [W/m^2]: 0.497992 
(HREFFLUX) The Hydrogen Reference Flux (m^-2 s^-1) [m^-2 s^-1]: 1.774268e+20 
(XO2) Molecular oxygen mixing ratio in atmosphere []: 0.000000 
(XH2O) Water mixing ratio in upper atmosphere []: 0.000000 
(HDiffFlux) The Hydrogen Diffusion Flux (m^-2 s^-1) [m^-2 s^-1]: 2.445795e+17 
(HRefODragMod) Multiply by H ref flux to get flux with drag []: 1.000000 
(KTide) Mass loss enhancement due to stellar gravity []: 0.776210 
(CumulativeXUVFlux) Cumulative XUV flux [W/m^2]: 0.000000 
(RunawayGreenhouseFlux) Incident flux that triggers runaway greenhouse [kg/sec^3]: 1293.536557 
(RGDuration) Runaway Greenhouse Duration [years]: 0.00000e+00

Output Order: Time[year] CumulativeXUVFlux[W/m^2]
Grid Output Order:



---- FINAL SYSTEM PROPERTIES ----
(Age) System Age [sec]: 2.175716e+17 
(Time) Simulation Time [sec]: 2.174011e+17 
(TotAngMom) Total Angular Momentum [kg*m^2/sec]: 1.532402e+42 
(TotEnergy) Total System Energy [kg*m^2/sec^2]: -1.207281e+40 
(PotEnergy) Body's non-orbital Potential Energy [kg*m^2/sec^2]: -4.148222e+40 
(KinEnergy) Body's non-orbital Kinetic Energy [kg*m^2/sec^2]: 6.427287e+32 
(DeltaTime) Average Timestep Over Last Output Interval [sec]: 3.155760e+13 

----- BODY: star ----
Active Modules: FLARE STELLAR
Module Bit Sum: 577
Color: 000000
(Mass) Mass [kg]: 3.920651e+29 
(Radius) Radius [m]: 1.483918e+08 
(RadGyra) Radius of Gyration/Moment of Inertia Constant []: 0.460241 
(RotAngMom) Rotational Angular Momentum [kg*m^2/sec]: 1.533215e+39 
(RotVel) Rotational Velocity [m/sec]: 124.412684 
(BodyType) Type of Body (0 == planet) []: 0.000000 
(RotRate) Rotational Frequency [/sec]: 8.384065e-07 
(RotPer) Rotational Period [sec]: 7.494199e+06 
(Density) Average Density [kg/m^3]: 2.864439e+04 
(HZLimitDryRunaway) Semi-major axis of Dry Runaway HZ Limit [m]: 9.230870e+09 
(HZLimRecVenus) Recent Venus HZ Limit [m]: 8.262821e+09 
(HZLimRunaway) Runaway Greenhouse HZ Limit [m]: 1.090167e+10 
(HZLimMoistGreenhouse) Moist Greenhouse HZ Limit [m]: 1.093307e+10 
(HZLimMaxGreenhouse) Maximum Greenhouse HZ Limit [m]: 2.074444e+10 
(HZLimEarlyMars) Early Mars HZ Limit [m]: 2.262412e+10 
(Instellation) Orbit-averaged INcident STELLar radiATION [kg/sec^3]: -1.000000 
(CriticalSemiMajorAxis) Holman & Wiegert (1999) P-type Critical Semi-major Axis [m]: -1.000000 
(LXUVTot) Total XUV Luminosity [LSUN]: 4.784301e-07 
(LostEnergy) Body's Total Lost Energy [kg*m^2/sec^2]: 2.940947e+40 
(LostAngMom) Lost Angular Momentum due to Magnetic Braking [kg*m^2/sec]: 1.528448e+42 
(EscapeVelocity) Escape Velocity [m/sec]: 5.938699e+05 
----- STELLAR PARAMETERS (star)------
(Luminosity) Luminosity [LSUN]: 0.004622 
(LXUVStellar) Base X-ray/XUV Luminosity [LSUN]: 1.146019e-07 
(Temperature) Effective Temperature [K]: 3253.275076 
(LXUVFrac) Fraction of luminosity in XUV []: 2.479692e-05 
(RossbyNumber) Rossby Number []: 1.460712 
(DRotPerDtStellar) Time Rate of Change of Rotation Period in STELLAR []: 1.964493e-11 
(WindTorque) Stellar Wind Torque []: 3.315011e+21 
----- FLARE PARAMETERS (star)------
(LXUVFlare) XUV Luminosity from flares [LSUN]: 3.638276e-07 
(FlareFreq1) First value of flare frequency range [/sec]: 5.649499e-07 
(FlareFreq2) Second value of flare frequency range [/sec]: 3.885279e-07 
(FlareFreq3) Third value of flare frequency range [/sec]: 2.671988e-07 
(FlareFreq4) Fourth value of flare frequency range [/sec]: 1.837582e-07 
(FlareFreqMin) Frequency of the flares with the lowest energy [/sec]: 5.649499e-07 
(FlareFreqMid) Frequency of the flares with the middle energy in the energy range [/sec]: 1.337004e-08 
(FlareFreqMax) Frequency of the flares with the highest energy [/sec]: 3.164137e-10 
(FlareEnergy1) First value of flare energy range [kg*m^2/sec^2]: 5.334000e+25 
(FlareEnergy2) Second value of flare energy range [kg*m^2/sec^2]: 7.534475e+25 
(FlareEnergy3) Third value of flare energy range [kg*m^2/sec^2]: 1.064273e+26 
(FlareEnergy4) Fourth value of flare energy range [kg*m^2/sec^2]: 1.503325e+26 
(FlareEnergyMin) Minimum flare energy [kg*m^2/sec^2]: 5.334000e+25 
(FlareEnergyMid) Middle flare energy in the range of energy values [kg*m^2/sec^2]: 1.686759e+27 
(FlareEnergyMax) Maximum flare energy [kg*m^2/sec^2]: 5.334000e+28 
(FlareYIntOUT) Instantaneous Davenport FFD y-intercept at current age and mass []: 34.161972 
(FlareSlopeOUT) Instantaneous Davenport FFD slope at current age and mass []: -1.083918 

Output Order: Time[year] Luminosity[LSUN] LXUVStellar[LSUN] LXUVFlare[LSUN] LXUVTot[LSUN]
Grid Output Order:

----- BODY: b ----
Active Modules: AtmEsc
Module Bit Sum: 9
Color: 000000
(Mass) Mass [kg]: 9.745251e+24 
(Radius) Radius [m]: 7.175966e+06 
(RadGyra) Radius of Gyration/Moment of Inertia Constant []: 0.500000 
(BodyType) Type of Body (0 == planet) []: 0.000000 
(Density) Average Density [kg/m^3]: 6295.978491 
(HZLimitDryRunaway) Semi-major axis of Dry Runaway HZ Limit [m]: 9.231050e+09 
(HZLimRecVenus) Recent Venus HZ Limit [m]: 8.262821e+09 
(HZLimRunaway) Runaway Greenhouse HZ Limit [m]: 1.090167e+10 
(HZLimMoistGreenhouse) Moist Greenhouse HZ Limit [m]: 1.093307e+10 
(HZLimMaxGreenhouse) Maximum Greenhouse HZ Limit [m]: 2.074444e+10 
(HZLimEarlyMars) Early Mars HZ Limit [m]: 2.262412e+10 
(Instellation) Orbit-averaged INcident STELLar radiATION [kg/sec^3]: 2.541659e+04 
(MeanMotion) Orbital Mean Motion [/sec]: 4.464505e-05 
(OrbPeriod) Orbital Period [sec]: 1.407364e+05 
(SemiMajorAxis) Semi-major Axis [m]: 2.359078e+09 
(LXUVTot) Total XUV Luminosity [kg/sec^3]: -1.000000 
(EscapeVelocity) Escape Velocity [m/sec]: 1.346398e+04 
----- ATMESC PARAMETERS (b)------
(SurfWaterMass) Surface water mass [kg]: 0.000000 
(EnvelopeMass) Envelope mass [kg]: 0.000000 
(OxygenMass) Oxygen mass in the atmosphere [kg]: 0.000000 
(RGLimit) Runaway greenhouse semi-major axis [m]: 1.045305e+10 
(XO) Atomic oxygen mixing ratio in upper atmosphere []: 0.000000 
(EtaO) Oxygen eta parameter (Luger and Barnes 2015) []: 0.000000 
(PlanetRadius) Planet radius [m]: 7.175966e+06 
(OxygenMantleMass) Mass of oxygen in mantle [kg]: 0.000000 
(RadXUV) XUV radius separating hydro. dyn. escape and equilibrium [m]: -1.000000 
(RadSolid) Radius to the solid surface [m]: -1.000000 
(PresXUV) Pressure at base of thermosphere [(null)]: 5.000000 
(ScaleHeight) Scale height in Lehmer & Catling (2016) model [m]: -1.000000 
(ThermTemp) Isothermal atmospheric temperature [K]: 400.000000 
(AtmGasConst) Atmospheric gas constant [(null)]: 4124.000000 
(PresSurf) Surface pressure due to atmosphere [Pa]: -1.000000 
(DEnvMassDt) Envelope Mass Loss Rate [kg/s]: 0.000000 
(FXUV) XUV flux [W/m^2]: 2.631127 
(AtmXAbsEffH2O) XUV atmospheric escape efficiency for H2O []: 0.300000 
(RocheRadius) Roche Lobe Radius [m]: 4.773608e+07 
(BondiRadius) Bondi Radius [m]: 5.976082e+08 
(HEscapeRegime) Integer flag for H envelope escape regime []: 8.000000 
(RRCriticalFlux) Critical XUV Flux that separates RR and energy-limited escape [W/m^2]: 60.499015 
(CrossoverMass) Crossover mass, defines oxygen is escaping if mc > mo [kg]: 0.000000 
(WaterEscapeRegime) What water escape regime the code is currently in []: 8.000000 
(FXUVCRITDRAG) Critical Drag XUV flux [W/m^2]: 0.497992 
(HREFFLUX) The Hydrogen Reference Flux (m^-2 s^-1) [m^-2 s^-1]: 1.689110e+18 
(XO2) Molecular oxygen mixing ratio in atmosphere []: 0.000000 
(XH2O) Water mixing ratio in upper atmosphere []: 0.000000 
(HDiffFlux) The Hydrogen Diffusion Flux (m^-2 s^-1) [m^-2 s^-1]: 2.445795e+17 
(HRefODragMod) Multiply by H ref flux to get flux with drag []: 1.000000 
(KTide) Mass loss enhancement due to stellar gravity []: 0.776210 
(CumulativeXUVFlux) Cumulative XUV flux [W/m^2]: 1.954091e+18 
(RunawayGreenhouseFlux) Incident flux that triggers runaway greenhouse [kg/sec^3]: 1294.490623 
(RGDuration) Runaway Greenhouse Duration [years]: 0.00000e+00

Output Order: Time[year] CumulativeXUVFlux[W/m^2]
Grid Output Order:
