-------- Log file gj1132.log -------

Executable: /home/vplanet/.local/bin/vplanet
Version: Unknown
System Name: gj1132
Primary Input File: vpl.in
Body File #1: star.in
Body File #2: b.in
Allow files to be overwitten: Yes
Mass Units: Grams
Length Units: Meters
Time Units: Seconds
Angle Units: Radians

------- FORMATTING -----
Verbosity Level: 5
Crossover Decade for Scientific Notation: 4
Number of Digits After Decimal: 6
Integration Method: Runge-Kutta4
Direction: Forward
Time Step: 3.155760e+07
Stop Time: 2.322278e+17
Output Interval: 3.155760e+13
Use Variable Timestep: Yes
dEta: 0.010000
Minimum Value of ecc and obl: 1.000000e-10


---- INITIAL SYSTEM PROPERTIES ----
(Age) System Age [sec]: 1.671842e+14 
(Time) Simulation Time [sec]: 0.000000 
(TotAngMom) Total Angular Momentum [kg*m^2/sec]: 1.435594e+42 
(TotEnergy) Total System Energy [kg*m^2/sec^2]: -1.130663e+40 
(PotEnergy) Body's non-orbital Potential Energy [kg*m^2/sec^2]: -1.135869e+40 
(KinEnergy) Body's non-orbital Kinetic Energy [kg*m^2/sec^2]: 5.211117e+37 
(DeltaTime) Average Timestep Over Last Output Interval [sec]: 0.000000 

----- BODY: star ----
Active Modules: FLARE STELLAR
Module Bit Sum: 577
Color: 000000
(Mass) Mass [kg]: 3.770727e+29 
(Radius) Radius [m]: 5.012770e+08 
(RadGyra) Radius of Gyration/Moment of Inertia Constant []: 0.456062 
(RotAngMom) Rotational Angular Momentum [kg*m^2/sec]: 1.433160e+42 
(RotVel) Rotational Velocity [m/sec]: 3.645389e+04 
(BodyType) Type of Body (0 == planet) []: 0.000000 
(RotRate) Rotational Frequency [/sec]: 7.272205e-05 
(RotPer) Rotational Period [sec]: 8.640000e+04 
(Density) Average Density [kg/m^3]: 714.666090 
(HZLimitDryRunaway) Semi-major axis of Dry Runaway HZ Limit [m]: 3.007514e+10 
(HZLimRecVenus) Recent Venus HZ Limit [m]: 2.694936e+10 
(HZLimRunaway) Runaway Greenhouse HZ Limit [m]: 3.553881e+10 
(HZLimMoistGreenhouse) Moist Greenhouse HZ Limit [m]: 3.565843e+10 
(HZLimMaxGreenhouse) Maximum Greenhouse HZ Limit [m]: 6.779791e+10 
(HZLimEarlyMars) Early Mars HZ Limit [m]: 7.394091e+10 
(Instellation) Orbit-averaged INcident STELLar radiATION [kg/sec^3]: -1.000000 
(CriticalSemiMajorAxis) Holman & Wiegert (1999) P-type Critical Semi-major Axis [m]: -1.000000 
(LXUVTot) Total XUV Luminosity [LSUN]: 0.000157 
(LostEnergy) Body's Total Lost Energy [kg*m^2/sec^2]: 5.562685e-309 
(LostAngMom) Lost Angular Momentum due to Magnetic Braking [kg*m^2/sec]: 5.562685e-309 
(EscapeVelocity) Escape Velocity [m/sec]: 3.168771e+05 
----- STELLAR PARAMETERS (star)------
(Luminosity) Luminosity [LSUN]: 0.049060 
(LXUVStellar) Base X-ray/XUV Luminosity [LSUN]: 0.000146 
(Temperature) Effective Temperature [K]: 3199.271850 
(LXUVFrac) Fraction of luminosity in XUV []: 0.002970 
(RossbyNumber) Rossby Number []: 0.016381 
(DRotPerDtStellar) Time Rate of Change of Rotation Period in STELLAR []: -1.044452e-10 
(WindTorque) Stellar Wind Torque []: 4.325273e+27 
----- FLARE PARAMETERS (star)------
(LXUVFlare) XUV Luminosity from flares [LSUN]: 1.152187e-05 
(FlareFreq1) First value of flare frequency range [/sec]: 1.798753e-06 
(FlareFreq2) Second value of flare frequency range [/sec]: 1.449396e-06 
(FlareFreq3) Third value of flare frequency range [/sec]: 1.167893e-06 
(FlareFreq4) Fourth value of flare frequency range [/sec]: 9.410628e-07 
(FlareFreqMin) Frequency of the flares with the lowest energy [/sec]: 1.798753e-06 
(FlareFreqMid) Frequency of the flares with the middle energy in the energy range [/sec]: 2.075528e-07 
(FlareFreqMax) Frequency of the flares with the highest energy [/sec]: 2.394891e-08 
(FlareEnergy1) First value of flare energy range [kg*m^2/sec^2]: 5.334000e+25 
(FlareEnergy2) Second value of flare energy range [kg*m^2/sec^2]: 7.534475e+25 
(FlareEnergy3) Third value of flare energy range [kg*m^2/sec^2]: 1.064273e+26 
(FlareEnergy4) Fourth value of flare energy range [kg*m^2/sec^2]: 1.503325e+26 
(FlareEnergyMin) Minimum flare energy [kg*m^2/sec^2]: 5.334000e+25 
(FlareEnergyMid) Middle flare energy in the range of energy values [kg*m^2/sec^2]: 1.686759e+27 
(FlareEnergyMax) Maximum flare energy [kg*m^2/sec^2]: 5.334000e+28 
(FlareYIntOUT) Instantaneous Davenport FFD y-intercept at current age and mass []: 19.653373 
(FlareSlopeOUT) Instantaneous Davenport FFD slope at current age and mass []: -0.625229 

Output Order: Time[year] Luminosity[LSUN] LXUVStellar[LSUN] LXUVFlare[LSUN] LXUVTot[LSUN]
Grid Output Order:

----- BODY: b ----
Active Modules: AtmEsc
Module Bit Sum: 9
Color: 000000
(Mass) Mass [kg]: 1.005241e+25 
(Radius) Radius [m]: 7.163103e+06 
(RadGyra) Radius of Gyration/Moment of Inertia Constant []: 0.500000 
(BodyType) Type of Body (0 == planet) []: 0.000000 
(Density) Average Density [kg/m^3]: 6529.470937 
(HZLimitDryRunaway) Semi-major axis of Dry Runaway HZ Limit [m]: 3.007518e+10 
(HZLimRecVenus) Recent Venus HZ Limit [m]: 2.694936e+10 
(HZLimRunaway) Runaway Greenhouse HZ Limit [m]: 3.553881e+10 
(HZLimMoistGreenhouse) Moist Greenhouse HZ Limit [m]: 3.565843e+10 
(HZLimMaxGreenhouse) Maximum Greenhouse HZ Limit [m]: 6.779791e+10 
(HZLimEarlyMars) Early Mars HZ Limit [m]: 7.394091e+10 
(Instellation) Orbit-averaged INcident STELLar radiATION [kg/sec^3]: 2.768946e+05 
(MeanMotion) Orbital Mean Motion [/sec]: 4.464403e-05 
(OrbPeriod) Orbital Period [sec]: 1.407397e+05 
(SemiMajorAxis) Semi-major Axis [m]: 2.328653e+09 
(LXUVTot) Total XUV Luminosity [kg/sec^3]: -1.000000 
(EscapeVelocity) Escape Velocity [m/sec]: 1.368679e+04 
----- ATMESC PARAMETERS (b)------
(SurfWaterMass) Surface water mass [kg]: 0.000000 
(EnvelopeMass) Envelope mass [kg]: 0.000000 
(OxygenMass) Oxygen mass in the atmosphere [kg]: 0.000000 
(RGLimit) Runaway greenhouse semi-major axis [m]: 3.405152e+10 
(XO) Atomic oxygen mixing ratio in upper atmosphere []: 0.000000 
(EtaO) Oxygen eta parameter (Luger and Barnes 2015) []: 0.000000 
(PlanetRadius) Planet radius [m]: 7.163103e+06 
(OxygenMantleMass) Mass of oxygen in mantle [kg]: 0.000000 
(RadXUV) XUV radius separating hydro. dyn. escape and equilibrium [m]: -1.000000 
(RadSolid) Radius to the solid surface [m]: -1.000000 
(PresXUV) Pressure at base of thermosphere [(null)]: 5.000000 
(ScaleHeight) Scale height in Lehmer & Catling (2016) model [m]: -1.000000 
(ThermTemp) Isothermal atmospheric temperature [K]: 400.000000 
(AtmGasConst) Atmospheric gas constant [(null)]: 4124.000000 
(PresSurf) Surface pressure due to atmosphere [Pa]: -1.000000 
(DEnvMassDt) Envelope Mass Loss Rate [kg/s]: 0.000000 
(FXUV) XUV flux [W/m^2]: 887.448473 
(AtmXAbsEffH2O) XUV atmospheric escape efficiency for H2O []: 0.300000 
(RocheRadius) Roche Lobe Radius [m]: 4.823320e+07 
(BondiRadius) Bondi Radius [m]: 3.432798e+08 
(HEscapeRegime) Integer flag for H envelope escape regime []: 8.000000 
(RRCriticalFlux) Critical XUV Flux that separates RR and energy-limited escape [W/m^2]: 65.165148 
(CrossoverMass) Crossover mass, defines oxygen is escaping if mc > mo [kg]: 0.000000 
(WaterEscapeRegime) What water escape regime the code is currently in []: 8.000000 
(FXUVCRITDRAG) Critical Drag XUV flux [W/m^2]: 0.532739 
(HREFFLUX) The Hydrogen Reference Flux (m^-2 s^-1) [m^-2 s^-1]: 5.494336e+20 
(XO2) Molecular oxygen mixing ratio in atmosphere []: 0.000000 
(XH2O) Water mixing ratio in upper atmosphere []: 0.000000 
(HDiffFlux) The Hydrogen Diffusion Flux (m^-2 s^-1) [m^-2 s^-1]: 2.531953e+17 
(HRefODragMod) Multiply by H ref flux to get flux with drag []: 1.000000 
(KTide) Mass loss enhancement due to stellar gravity []: 0.778873 
(CumulativeXUVFlux) Cumulative XUV flux [W/m^2]: 0.000000 
(RunawayGreenhouseFlux) Incident flux that triggers runaway greenhouse [kg/sec^3]: 1294.940690 
(RGDuration) Runaway Greenhouse Duration [years]: 0.00000e+00

Output Order: Time[year] CumulativeXUVFlux[W/m^2]
Grid Output Order:



---- FINAL SYSTEM PROPERTIES ----
(Age) System Age [sec]: 2.323996e+17 
(Time) Simulation Time [sec]: 2.322324e+17 
(TotAngMom) Total Angular Momentum [kg*m^2/sec]: 1.434704e+42 
(TotEnergy) Total System Energy [kg*m^2/sec^2]: -1.131192e+40 
(PotEnergy) Body's non-orbital Potential Energy [kg*m^2/sec^2]: -3.982917e+40 
(KinEnergy) Body's non-orbital Kinetic Energy [kg*m^2/sec^2]: 5.714860e+32 
(DeltaTime) Average Timestep Over Last Output Interval [sec]: 3.155760e+13 

----- BODY: star ----
Active Modules: FLARE STELLAR
Module Bit Sum: 577
Color: 000000
(Mass) Mass [kg]: 3.770727e+29 
(Radius) Radius [m]: 1.429567e+08 
(RadGyra) Radius of Gyration/Moment of Inertia Constant []: 0.460542 
(RotAngMom) Rotational Angular Momentum [kg*m^2/sec]: 1.366798e+39 
(RotVel) Rotational Velocity [m/sec]: 119.546234 
(BodyType) Type of Body (0 == planet) []: 0.000000 
(RotRate) Rotational Frequency [/sec]: 8.362407e-07 
(RotPer) Rotational Period [sec]: 7.513609e+06 
(Density) Average Density [kg/m^3]: 3.081219e+04 
(HZLimitDryRunaway) Semi-major axis of Dry Runaway HZ Limit [m]: 8.767761e+09 
(HZLimRecVenus) Recent Venus HZ Limit [m]: 7.851461e+09 
(HZLimRunaway) Runaway Greenhouse HZ Limit [m]: 1.035701e+10 
(HZLimMoistGreenhouse) Moist Greenhouse HZ Limit [m]: 1.038877e+10 
(HZLimMaxGreenhouse) Maximum Greenhouse HZ Limit [m]: 1.972729e+10 
(HZLimEarlyMars) Early Mars HZ Limit [m]: 2.151478e+10 
(Instellation) Orbit-averaged INcident STELLar radiATION [kg/sec^3]: -1.000000 
(CriticalSemiMajorAxis) Holman & Wiegert (1999) P-type Critical Semi-major Axis [m]: -1.000000 
(LXUVTot) Total XUV Luminosity [LSUN]: 1.041762e-06 
(LostEnergy) Body's Total Lost Energy [kg*m^2/sec^2]: 2.851730e+40 
(LostAngMom) Lost Angular Momentum due to Magnetic Braking [kg*m^2/sec]: 1.430904e+42 
(EscapeVelocity) Escape Velocity [m/sec]: 5.933725e+05 
----- STELLAR PARAMETERS (star)------
(Luminosity) Luminosity [LSUN]: 0.004170 
(LXUVStellar) Base X-ray/XUV Luminosity [LSUN]: 6.952104e-07 
(Temperature) Effective Temperature [K]: 3232.559845 
(LXUVFrac) Fraction of luminosity in XUV []: 0.000167 
(RossbyNumber) Rossby Number []: 1.449039 
(DRotPerDtStellar) Time Rate of Change of Rotation Period in STELLAR []: 1.513116e-11 
(WindTorque) Stellar Wind Torque []: 2.752505e+21 
----- FLARE PARAMETERS (star)------
(LXUVFlare) XUV Luminosity from flares [LSUN]: 3.465312e-07 
(FlareFreq1) First value of flare frequency range [/sec]: 5.564525e-07 
(FlareFreq2) Second value of flare frequency range [/sec]: 3.816279e-07 
(FlareFreq3) Third value of flare frequency range [/sec]: 2.617292e-07 
(FlareFreq4) Fourth value of flare frequency range [/sec]: 1.794999e-07 
(FlareFreqMin) Frequency of the flares with the lowest energy [/sec]: 5.564525e-07 
(FlareFreqMid) Frequency of the flares with the middle energy in the energy range [/sec]: 1.280999e-08 
(FlareFreqMax) Frequency of the flares with the highest energy [/sec]: 2.948963e-10 
(FlareEnergy1) First value of flare energy range [kg*m^2/sec^2]: 5.334000e+25 
(FlareEnergy2) Second value of flare energy range [kg*m^2/sec^2]: 7.534475e+25 
(FlareEnergy3) Third value of flare energy range [kg*m^2/sec^2]: 1.064273e+26 
(FlareEnergy4) Fourth value of flare energy range [kg*m^2/sec^2]: 1.503325e+26 
(FlareEnergyMin) Minimum flare energy [kg*m^2/sec^2]: 5.334000e+25 
(FlareEnergyMid) Middle flare energy in the range of energy values [kg*m^2/sec^2]: 1.686759e+27 
(FlareEnergyMax) Maximum flare energy [kg*m^2/sec^2]: 5.334000e+28 
(FlareYIntOUT) Instantaneous Davenport FFD y-intercept at current age and mass []: 34.417252 
(FlareSlopeOUT) Instantaneous Davenport FFD slope at current age and mass []: -1.091920 

Output Order: Time[year] Luminosity[LSUN] LXUVStellar[LSUN] LXUVFlare[LSUN] LXUVTot[LSUN]
Grid Output Order:

----- BODY: b ----
Active Modules: AtmEsc
Module Bit Sum: 9
Color: 000000
(Mass) Mass [kg]: 1.005241e+25 
(Radius) Radius [m]: 7.163103e+06 
(RadGyra) Radius of Gyration/Moment of Inertia Constant []: 0.500000 
(BodyType) Type of Body (0 == planet) []: 0.000000 
(Density) Average Density [kg/m^3]: 6529.470937 
(HZLimitDryRunaway) Semi-major axis of Dry Runaway HZ Limit [m]: 8.767773e+09 
(HZLimRecVenus) Recent Venus HZ Limit [m]: 7.851461e+09 
(HZLimRunaway) Runaway Greenhouse HZ Limit [m]: 1.035701e+10 
(HZLimMoistGreenhouse) Moist Greenhouse HZ Limit [m]: 1.038877e+10 
(HZLimMaxGreenhouse) Maximum Greenhouse HZ Limit [m]: 1.972729e+10 
(HZLimEarlyMars) Early Mars HZ Limit [m]: 2.151478e+10 
(Instellation) Orbit-averaged INcident STELLar radiATION [kg/sec^3]: 2.353296e+04 
(MeanMotion) Orbital Mean Motion [/sec]: 4.464403e-05 
(OrbPeriod) Orbital Period [sec]: 1.407397e+05 
(SemiMajorAxis) Semi-major Axis [m]: 2.328653e+09 
(LXUVTot) Total XUV Luminosity [kg/sec^3]: -1.000000 
(EscapeVelocity) Escape Velocity [m/sec]: 1.368679e+04 
----- ATMESC PARAMETERS (b)------
(SurfWaterMass) Surface water mass [kg]: 0.000000 
(EnvelopeMass) Envelope mass [kg]: 0.000000 
(OxygenMass) Oxygen mass in the atmosphere [kg]: 0.000000 
(RGLimit) Runaway greenhouse semi-major axis [m]: 9.923689e+09 
(XO) Atomic oxygen mixing ratio in upper atmosphere []: 0.000000 
(EtaO) Oxygen eta parameter (Luger and Barnes 2015) []: 0.000000 
(PlanetRadius) Planet radius [m]: 7.163103e+06 
(OxygenMantleMass) Mass of oxygen in mantle [kg]: 0.000000 
(RadXUV) XUV radius separating hydro. dyn. escape and equilibrium [m]: -1.000000 
(RadSolid) Radius to the solid surface [m]: -1.000000 
(PresXUV) Pressure at base of thermosphere [(null)]: 5.000000 
(ScaleHeight) Scale height in Lehmer & Catling (2016) model [m]: -1.000000 
(ThermTemp) Isothermal atmospheric temperature [K]: 400.000000 
(AtmGasConst) Atmospheric gas constant [(null)]: 4124.000000 
(PresSurf) Surface pressure due to atmosphere [Pa]: -1.000000 
(DEnvMassDt) Envelope Mass Loss Rate [kg/s]: 0.000000 
(FXUV) XUV flux [W/m^2]: 5.879750 
(AtmXAbsEffH2O) XUV atmospheric escape efficiency for H2O []: 0.300000 
(RocheRadius) Roche Lobe Radius [m]: 4.823320e+07 
(BondiRadius) Bondi Radius [m]: 6.361938e+08 
(HEscapeRegime) Integer flag for H envelope escape regime []: 8.000000 
(RRCriticalFlux) Critical XUV Flux that separates RR and energy-limited escape [W/m^2]: 65.165148 
(CrossoverMass) Crossover mass, defines oxygen is escaping if mc > mo [kg]: 0.000000 
(WaterEscapeRegime) What water escape regime the code is currently in []: 8.000000 
(FXUVCRITDRAG) Critical Drag XUV flux [W/m^2]: 0.532739 
(HREFFLUX) The Hydrogen Reference Flux (m^-2 s^-1) [m^-2 s^-1]: 3.640248e+18 
(XO2) Molecular oxygen mixing ratio in atmosphere []: 0.000000 
(XH2O) Water mixing ratio in upper atmosphere []: 0.000000 
(HDiffFlux) The Hydrogen Diffusion Flux (m^-2 s^-1) [m^-2 s^-1]: 2.531953e+17 
(HRefODragMod) Multiply by H ref flux to get flux with drag []: 1.000000 
(KTide) Mass loss enhancement due to stellar gravity []: 0.778873 
(CumulativeXUVFlux) Cumulative XUV flux [W/m^2]: 5.418488e+18 
(RunawayGreenhouseFlux) Incident flux that triggers runaway greenhouse [kg/sec^3]: 1295.802078 
(RGDuration) Runaway Greenhouse Duration [years]: 0.00000e+00

Output Order: Time[year] CumulativeXUVFlux[W/m^2]
Grid Output Order:
