-------- Log file gj1132.log -------

Executable: /home/vplanet/.local/bin/vplanet
Version: Unknown
System Name: gj1132
Primary Input File: vpl.in
Body File #1: star.in
Body File #2: b.in
Allow files to be overwitten: Yes
Mass Units: Grams
Length Units: Meters
Time Units: Seconds
Angle Units: Radians

------- FORMATTING -----
Verbosity Level: 5
Crossover Decade for Scientific Notation: 4
Number of Digits After Decimal: 6
Integration Method: Runge-Kutta4
Direction: Forward
Time Step: 3.155760e+07
Stop Time: 2.296852e+17
Output Interval: 3.155760e+13
Use Variable Timestep: Yes
dEta: 0.010000
Minimum Value of ecc and obl: 1.000000e-10


---- INITIAL SYSTEM PROPERTIES ----
(Age) System Age [sec]: 8.717576e+13 
(Time) Simulation Time [sec]: 0.000000 
(TotAngMom) Total Angular Momentum [kg*m^2/sec]: 2.498481e+42 
(TotEnergy) Total System Energy [kg*m^2/sec^2]: -9.275463e+39 
(PotEnergy) Body's non-orbital Potential Energy [kg*m^2/sec^2]: -9.366164e+39 
(KinEnergy) Body's non-orbital Kinetic Energy [kg*m^2/sec^2]: 9.075733e+37 
(DeltaTime) Average Timestep Over Last Output Interval [sec]: 0.000000 

----- BODY: star ----
Active Modules: FLARE STELLAR
Module Bit Sum: 577
Color: 000000
(Mass) Mass [kg]: 3.913216e+29 
(Radius) Radius [m]: 6.547290e+08 
(RadGyra) Radius of Gyration/Moment of Inertia Constant []: 0.452336 
(RotAngMom) Rotational Angular Momentum [kg*m^2/sec]: 2.496006e+42 
(RotVel) Rotational Velocity [m/sec]: 4.761324e+04 
(BodyType) Type of Body (0 == planet) []: 0.000000 
(RotRate) Rotational Frequency [/sec]: 7.272205e-05 
(RotPer) Rotational Period [sec]: 8.640000e+04 
(Density) Average Density [kg/m^3]: 332.859112 
(HZLimitDryRunaway) Semi-major axis of Dry Runaway HZ Limit [m]: 3.882700e+10 
(HZLimRecVenus) Recent Venus HZ Limit [m]: 3.480283e+10 
(HZLimRunaway) Runaway Greenhouse HZ Limit [m]: 4.588850e+10 
(HZLimMoistGreenhouse) Moist Greenhouse HZ Limit [m]: 4.604987e+10 
(HZLimMaxGreenhouse) Maximum Greenhouse HZ Limit [m]: 8.761163e+10 
(HZLimEarlyMars) Early Mars HZ Limit [m]: 9.554983e+10 
(Instellation) Orbit-averaged INcident STELLar radiATION [kg/sec^3]: -1.000000 
(CriticalSemiMajorAxis) Holman & Wiegert (1999) P-type Critical Semi-major Axis [m]: -1.000000 
(LXUVTot) Total XUV Luminosity [LSUN]: 0.000230 
(LostEnergy) Body's Total Lost Energy [kg*m^2/sec^2]: 5.562685e-309 
(LostAngMom) Lost Angular Momentum due to Magnetic Braking [kg*m^2/sec]: 5.562685e-309 
(EscapeVelocity) Escape Velocity [m/sec]: 2.824576e+05 
----- STELLAR PARAMETERS (star)------
(Luminosity) Luminosity [LSUN]: 0.081767 
(LXUVStellar) Base X-ray/XUV Luminosity [LSUN]: 0.000213 
(Temperature) Effective Temperature [K]: 3182.348598 
(LXUVFrac) Fraction of luminosity in XUV []: 0.002611 
(RossbyNumber) Rossby Number []: 0.016240 
(DRotPerDtStellar) Time Rate of Change of Rotation Period in STELLAR []: -1.104985e-10 
(WindTorque) Stellar Wind Torque []: 1.753294e+28 
----- FLARE PARAMETERS (star)------
(LXUVFlare) XUV Luminosity from flares [LSUN]: 1.668944e-05 
(FlareFreq1) First value of flare frequency range [/sec]: 2.031766e-06 
(FlareFreq2) Second value of flare frequency range [/sec]: 1.661582e-06 
(FlareFreq3) Third value of flare frequency range [/sec]: 1.358846e-06 
(FlareFreq4) Fourth value of flare frequency range [/sec]: 1.111267e-06 
(FlareFreqMin) Frequency of the flares with the lowest energy [/sec]: 2.031766e-06 
(FlareFreqMid) Frequency of the flares with the middle energy in the energy range [/sec]: 2.718666e-07 
(FlareFreqMax) Frequency of the flares with the highest energy [/sec]: 3.637794e-08 
(FlareEnergy1) First value of flare energy range [kg*m^2/sec^2]: 5.334000e+25 
(FlareEnergy2) Second value of flare energy range [kg*m^2/sec^2]: 7.534475e+25 
(FlareEnergy3) Third value of flare energy range [kg*m^2/sec^2]: 1.064273e+26 
(FlareEnergy4) Fourth value of flare energy range [kg*m^2/sec^2]: 1.503325e+26 
(FlareEnergyMin) Minimum flare energy [kg*m^2/sec^2]: 5.334000e+25 
(FlareEnergyMid) Middle flare energy in the range of energy values [kg*m^2/sec^2]: 1.686759e+27 
(FlareEnergyMax) Maximum flare energy [kg*m^2/sec^2]: 5.334000e+28 
(FlareYIntOUT) Instantaneous Davenport FFD y-intercept at current age and mass []: 18.302829 
(FlareSlopeOUT) Instantaneous Davenport FFD slope at current age and mass []: -0.582345 

Output Order: Time[year] Luminosity[LSUN] LXUVStellar[LSUN] LXUVFlare[LSUN] LXUVTot[LSUN]
Grid Output Order:

----- BODY: b ----
Active Modules: AtmEsc
Module Bit Sum: 9
Color: 000000
(Mass) Mass [kg]: 9.973836e+24 
(Radius) Radius [m]: 7.346246e+06 
(RadGyra) Radius of Gyration/Moment of Inertia Constant []: 0.500000 
(BodyType) Type of Body (0 == planet) []: 0.000000 
(Density) Average Density [kg/m^3]: 6005.887136 
(HZLimitDryRunaway) Semi-major axis of Dry Runaway HZ Limit [m]: 3.882702e+10 
(HZLimRecVenus) Recent Venus HZ Limit [m]: 3.480283e+10 
(HZLimRunaway) Runaway Greenhouse HZ Limit [m]: 4.588850e+10 
(HZLimMoistGreenhouse) Moist Greenhouse HZ Limit [m]: 4.604987e+10 
(HZLimMaxGreenhouse) Maximum Greenhouse HZ Limit [m]: 8.761163e+10 
(HZLimEarlyMars) Early Mars HZ Limit [m]: 9.554983e+10 
(Instellation) Orbit-averaged INcident STELLar radiATION [kg/sec^3]: 4.502285e+05 
(MeanMotion) Orbital Mean Motion [/sec]: 4.464444e-05 
(OrbPeriod) Orbital Period [sec]: 1.407384e+05 
(SemiMajorAxis) Semi-major Axis [m]: 2.357608e+09 
(LXUVTot) Total XUV Luminosity [kg/sec^3]: -1.000000 
(EscapeVelocity) Escape Velocity [m/sec]: 1.346219e+04 
----- ATMESC PARAMETERS (b)------
(SurfWaterMass) Surface water mass [kg]: 0.000000 
(EnvelopeMass) Envelope mass [kg]: 0.000000 
(OxygenMass) Oxygen mass in the atmosphere [kg]: 0.000000 
(RGLimit) Runaway greenhouse semi-major axis [m]: 4.397585e+10 
(XO) Atomic oxygen mixing ratio in upper atmosphere []: 0.000000 
(EtaO) Oxygen eta parameter (Luger and Barnes 2015) []: 0.000000 
(PlanetRadius) Planet radius [m]: 7.346246e+06 
(OxygenMantleMass) Mass of oxygen in mantle [kg]: 0.000000 
(RadXUV) XUV radius separating hydro. dyn. escape and equilibrium [m]: -1.000000 
(RadSolid) Radius to the solid surface [m]: -1.000000 
(PresXUV) Pressure at base of thermosphere [(null)]: 5.000000 
(ScaleHeight) Scale height in Lehmer & Catling (2016) model [m]: -1.000000 
(ThermTemp) Isothermal atmospheric temperature [K]: 400.000000 
(AtmGasConst) Atmospheric gas constant [(null)]: 4124.000000 
(PresSurf) Surface pressure due to atmosphere [Pa]: -1.000000 
(DEnvMassDt) Envelope Mass Loss Rate [kg/s]: 0.000000 
(FXUV) XUV flux [W/m^2]: 1267.232411 
(AtmXAbsEffH2O) XUV atmospheric escape efficiency for H2O []: 0.300000 
(RocheRadius) Roche Lobe Radius [m]: 4.810688e+07 
(BondiRadius) Bondi Radius [m]: 2.977614e+08 
(HEscapeRegime) Integer flag for H envelope escape regime []: 8.000000 
(RRCriticalFlux) Critical XUV Flux that separates RR and energy-limited escape [W/m^2]: 58.535313 
(CrossoverMass) Crossover mass, defines oxygen is escaping if mc > mo [kg]: 0.000000 
(WaterEscapeRegime) What water escape regime the code is currently in []: 8.000000 
(FXUVCRITDRAG) Critical Drag XUV flux [W/m^2]: 0.486189 
(HREFFLUX) The Hydrogen Reference Flux (m^-2 s^-1) [m^-2 s^-1]: 8.174194e+20 
(XO2) Molecular oxygen mixing ratio in atmosphere []: 0.000000 
(XH2O) Water mixing ratio in upper atmosphere []: 0.000000 
(HDiffFlux) The Hydrogen Diffusion Flux (m^-2 s^-1) [m^-2 s^-1]: 2.388466e+17 
(HRefODragMod) Multiply by H ref flux to get flux with drag []: 1.000000 
(KTide) Mass loss enhancement due to stellar gravity []: 0.772720 
(CumulativeXUVFlux) Cumulative XUV flux [W/m^2]: 0.000000 
(RunawayGreenhouseFlux) Incident flux that triggers runaway greenhouse [kg/sec^3]: 1294.038064 
(RGDuration) Runaway Greenhouse Duration [years]: 0.00000e+00

Output Order: Time[year] CumulativeXUVFlux[W/m^2]
Grid Output Order:



---- FINAL SYSTEM PROPERTIES ----
(Age) System Age [sec]: 2.297949e+17 
(Time) Simulation Time [sec]: 2.297078e+17 
(TotAngMom) Total Angular Momentum [kg*m^2/sec]: 2.504594e+42 
(TotEnergy) Total System Energy [kg*m^2/sec^2]: -9.277442e+39 
(PotEnergy) Body's non-orbital Potential Energy [kg*m^2/sec^2]: -4.123501e+40 
(KinEnergy) Body's non-orbital Kinetic Energy [kg*m^2/sec^2]: 6.111004e+32 
(DeltaTime) Average Timestep Over Last Output Interval [sec]: 1.577880e+13 

----- BODY: star ----
Active Modules: FLARE STELLAR
Module Bit Sum: 577
Color: 000000
(Mass) Mass [kg]: 3.913216e+29 
(Radius) Radius [m]: 1.487159e+08 
(RadGyra) Radius of Gyration/Moment of Inertia Constant []: 0.460259 
(RotAngMom) Rotational Angular Momentum [kg*m^2/sec]: 1.496916e+39 
(RotVel) Rotational Velocity [m/sec]: 121.423381 
(BodyType) Type of Body (0 == planet) []: 0.000000 
(RotRate) Rotational Frequency [/sec]: 8.164790e-07 
(RotPer) Rotational Period [sec]: 7.695465e+06 
(Density) Average Density [kg/m^3]: 2.840359e+04 
(HZLimitDryRunaway) Semi-major axis of Dry Runaway HZ Limit [m]: 9.212137e+09 
(HZLimRecVenus) Recent Venus HZ Limit [m]: 8.246246e+09 
(HZLimRunaway) Runaway Greenhouse HZ Limit [m]: 1.087969e+10 
(HZLimMoistGreenhouse) Moist Greenhouse HZ Limit [m]: 1.091114e+10 
(HZLimMaxGreenhouse) Maximum Greenhouse HZ Limit [m]: 2.070377e+10 
(HZLimEarlyMars) Early Mars HZ Limit [m]: 2.257977e+10 
(Instellation) Orbit-averaged INcident STELLar radiATION [kg/sec^3]: -1.000000 
(CriticalSemiMajorAxis) Holman & Wiegert (1999) P-type Critical Semi-major Axis [m]: -1.000000 
(LXUVTot) Total XUV Luminosity [LSUN]: 5.883023e-07 
(LostEnergy) Body's Total Lost Energy [kg*m^2/sec^2]: 3.195762e+40 
(LostAngMom) Lost Angular Momentum due to Magnetic Braking [kg*m^2/sec]: 2.500622e+42 
(EscapeVelocity) Escape Velocity [m/sec]: 5.926598e+05 
----- STELLAR PARAMETERS (star)------
(Luminosity) Luminosity [LSUN]: 0.004603 
(LXUVStellar) Base X-ray/XUV Luminosity [LSUN]: 2.327436e-07 
(Temperature) Effective Temperature [K]: 3252.080077 
(LXUVFrac) Fraction of luminosity in XUV []: 5.056480e-05 
(RossbyNumber) Rossby Number []: 1.499024 
(DRotPerDtStellar) Time Rate of Change of Rotation Period in STELLAR []: 1.460812e-11 
(WindTorque) Stellar Wind Torque []: 2.941295e+21 
----- FLARE PARAMETERS (star)------
(LXUVFlare) XUV Luminosity from flares [LSUN]: 3.555377e-07 
(FlareFreq1) First value of flare frequency range [/sec]: 5.631918e-07 
(FlareFreq2) Second value of flare frequency range [/sec]: 3.866843e-07 
(FlareFreq3) Third value of flare frequency range [/sec]: 2.654953e-07 
(FlareFreq4) Fourth value of flare frequency range [/sec]: 1.822876e-07 
(FlareFreqMin) Frequency of the flares with the lowest energy [/sec]: 5.631918e-07 
(FlareFreqMid) Frequency of the flares with the middle energy in the energy range [/sec]: 1.311169e-08 
(FlareFreqMax) Frequency of the flares with the highest energy [/sec]: 3.052539e-10 
(FlareEnergy1) First value of flare energy range [kg*m^2/sec^2]: 5.334000e+25 
(FlareEnergy2) Second value of flare energy range [kg*m^2/sec^2]: 7.534475e+25 
(FlareEnergy3) Third value of flare energy range [kg*m^2/sec^2]: 1.064273e+26 
(FlareEnergy4) Fourth value of flare energy range [kg*m^2/sec^2]: 1.503325e+26 
(FlareEnergyMin) Minimum flare energy [kg*m^2/sec^2]: 5.334000e+25 
(FlareEnergyMid) Middle flare energy in the range of energy values [kg*m^2/sec^2]: 1.686759e+27 
(FlareEnergyMax) Maximum flare energy [kg*m^2/sec^2]: 5.334000e+28 
(FlareYIntOUT) Instantaneous Davenport FFD y-intercept at current age and mass []: 34.315968 
(FlareSlopeOUT) Instantaneous Davenport FFD slope at current age and mass []: -1.088665 

Output Order: Time[year] Luminosity[LSUN] LXUVStellar[LSUN] LXUVFlare[LSUN] LXUVTot[LSUN]
Grid Output Order:

----- BODY: b ----
Active Modules: AtmEsc
Module Bit Sum: 9
Color: 000000
(Mass) Mass [kg]: 9.973836e+24 
(Radius) Radius [m]: 7.346246e+06 
(RadGyra) Radius of Gyration/Moment of Inertia Constant []: 0.500000 
(BodyType) Type of Body (0 == planet) []: 0.000000 
(Density) Average Density [kg/m^3]: 6005.887136 
(HZLimitDryRunaway) Semi-major axis of Dry Runaway HZ Limit [m]: 9.212142e+09 
(HZLimRecVenus) Recent Venus HZ Limit [m]: 8.246246e+09 
(HZLimRunaway) Runaway Greenhouse HZ Limit [m]: 1.087969e+10 
(HZLimMoistGreenhouse) Moist Greenhouse HZ Limit [m]: 1.091114e+10 
(HZLimMaxGreenhouse) Maximum Greenhouse HZ Limit [m]: 2.070377e+10 
(HZLimEarlyMars) Early Mars HZ Limit [m]: 2.257977e+10 
(Instellation) Orbit-averaged INcident STELLar radiATION [kg/sec^3]: 2.534464e+04 
(MeanMotion) Orbital Mean Motion [/sec]: 4.464444e-05 
(OrbPeriod) Orbital Period [sec]: 1.407384e+05 
(SemiMajorAxis) Semi-major Axis [m]: 2.357608e+09 
(LXUVTot) Total XUV Luminosity [kg/sec^3]: -1.000000 
(EscapeVelocity) Escape Velocity [m/sec]: 1.346219e+04 
----- ATMESC PARAMETERS (b)------
(SurfWaterMass) Surface water mass [kg]: 0.000000 
(EnvelopeMass) Envelope mass [kg]: 0.000000 
(OxygenMass) Oxygen mass in the atmosphere [kg]: 0.000000 
(RGLimit) Runaway greenhouse semi-major axis [m]: 1.042648e+10 
(XO) Atomic oxygen mixing ratio in upper atmosphere []: 0.000000 
(EtaO) Oxygen eta parameter (Luger and Barnes 2015) []: 0.000000 
(PlanetRadius) Planet radius [m]: 7.346246e+06 
(OxygenMantleMass) Mass of oxygen in mantle [kg]: 0.000000 
(RadXUV) XUV radius separating hydro. dyn. escape and equilibrium [m]: -1.000000 
(RadSolid) Radius to the solid surface [m]: -1.000000 
(PresXUV) Pressure at base of thermosphere [(null)]: 5.000000 
(ScaleHeight) Scale height in Lehmer & Catling (2016) model [m]: -1.000000 
(ThermTemp) Isothermal atmospheric temperature [K]: 400.000000 
(AtmGasConst) Atmospheric gas constant [(null)]: 4124.000000 
(PresSurf) Surface pressure due to atmosphere [Pa]: -1.000000 
(DEnvMassDt) Envelope Mass Loss Rate [kg/s]: 0.000000 
(FXUV) XUV flux [W/m^2]: 3.239345 
(AtmXAbsEffH2O) XUV atmospheric escape efficiency for H2O []: 0.300000 
(RocheRadius) Roche Lobe Radius [m]: 4.810688e+07 
(BondiRadius) Bondi Radius [m]: 6.113741e+08 
(HEscapeRegime) Integer flag for H envelope escape regime []: 8.000000 
(RRCriticalFlux) Critical XUV Flux that separates RR and energy-limited escape [W/m^2]: 58.535313 
(CrossoverMass) Crossover mass, defines oxygen is escaping if mc > mo [kg]: 0.000000 
(WaterEscapeRegime) What water escape regime the code is currently in []: 8.000000 
(FXUVCRITDRAG) Critical Drag XUV flux [W/m^2]: 0.486189 
(HREFFLUX) The Hydrogen Reference Flux (m^-2 s^-1) [m^-2 s^-1]: 2.089517e+18 
(XO2) Molecular oxygen mixing ratio in atmosphere []: 0.000000 
(XH2O) Water mixing ratio in upper atmosphere []: 0.000000 
(HDiffFlux) The Hydrogen Diffusion Flux (m^-2 s^-1) [m^-2 s^-1]: 2.388466e+17 
(HRefODragMod) Multiply by H ref flux to get flux with drag []: 1.000000 
(KTide) Mass loss enhancement due to stellar gravity []: 0.772720 
(CumulativeXUVFlux) Cumulative XUV flux [W/m^2]: 3.024078e+18 
(RunawayGreenhouseFlux) Incident flux that triggers runaway greenhouse [kg/sec^3]: 1295.844225 
(RGDuration) Runaway Greenhouse Duration [years]: 0.00000e+00

Output Order: Time[year] CumulativeXUVFlux[W/m^2]
Grid Output Order:
