-------- Log file gj1132.log -------

Executable: /home/vplanet/.local/bin/vplanet
Version: Unknown
System Name: gj1132
Primary Input File: vpl.in
Body File #1: star.in
Body File #2: b.in
Allow files to be overwitten: Yes
Mass Units: Grams
Length Units: Meters
Time Units: Seconds
Angle Units: Radians

------- FORMATTING -----
Verbosity Level: 5
Crossover Decade for Scientific Notation: 4
Number of Digits After Decimal: 6
Integration Method: Runge-Kutta4
Direction: Forward
Time Step: 3.155760e+07
Stop Time: 2.891044e+17
Output Interval: 3.155760e+13
Use Variable Timestep: Yes
dEta: 0.010000
Minimum Value of ecc and obl: 1.000000e-10


---- INITIAL SYSTEM PROPERTIES ----
(Age) System Age [sec]: 1.642076e+14 
(Time) Simulation Time [sec]: 0.000000 
(TotAngMom) Total Angular Momentum [kg*m^2/sec]: 1.503013e+42 
(TotEnergy) Total System Energy [kg*m^2/sec^2]: -1.155096e+40 
(PotEnergy) Body's non-orbital Potential Energy [kg*m^2/sec^2]: -1.160547e+40 
(KinEnergy) Body's non-orbital Kinetic Energy [kg*m^2/sec^2]: 5.456378e+37 
(DeltaTime) Average Timestep Over Last Output Interval [sec]: 0.000000 

----- BODY: star ----
Active Modules: FLARE STELLAR
Module Bit Sum: 577
Color: 000000
(Mass) Mass [kg]: 3.838840e+29 
(Radius) Radius [m]: 5.085024e+08 
(RadGyra) Radius of Gyration/Moment of Inertia Constant []: 0.455940 
(RotAngMom) Rotational Angular Momentum [kg*m^2/sec]: 1.500612e+42 
(RotVel) Rotational Velocity [m/sec]: 3.697933e+04 
(BodyType) Type of Body (0 == planet) []: 0.000000 
(RotRate) Rotational Frequency [/sec]: 7.272205e-05 
(RotPer) Rotational Period [sec]: 8.640000e+04 
(Density) Average Density [kg/m^3]: 696.999631 
(HZLimitDryRunaway) Semi-major axis of Dry Runaway HZ Limit [m]: 3.060270e+10 
(HZLimRecVenus) Recent Venus HZ Limit [m]: 2.741941e+10 
(HZLimRunaway) Runaway Greenhouse HZ Limit [m]: 3.616033e+10 
(HZLimMoistGreenhouse) Moist Greenhouse HZ Limit [m]: 3.628039e+10 
(HZLimMaxGreenhouse) Maximum Greenhouse HZ Limit [m]: 6.896708e+10 
(HZLimEarlyMars) Early Mars HZ Limit [m]: 7.521605e+10 
(Instellation) Orbit-averaged INcident STELLar radiATION [kg/sec^3]: -1.000000 
(CriticalSemiMajorAxis) Holman & Wiegert (1999) P-type Critical Semi-major Axis [m]: -1.000000 
(LXUVTot) Total XUV Luminosity [LSUN]: 8.885646e-05 
(LostEnergy) Body's Total Lost Energy [kg*m^2/sec^2]: 5.562685e-309 
(LostAngMom) Lost Angular Momentum due to Magnetic Braking [kg*m^2/sec]: 5.562685e-309 
(EscapeVelocity) Escape Velocity [m/sec]: 3.174467e+05 
----- STELLAR PARAMETERS (star)------
(Luminosity) Luminosity [LSUN]: 0.050796 
(LXUVStellar) Base X-ray/XUV Luminosity [LSUN]: 8.805790e-05 
(Temperature) Effective Temperature [K]: 3204.364568 
(LXUVFrac) Fraction of luminosity in XUV []: 0.001734 
(RossbyNumber) Rossby Number []: 0.016424 
(DRotPerDtStellar) Time Rate of Change of Rotation Period in STELLAR []: -1.297862e-10 
(WindTorque) Stellar Wind Torque []: 4.612941e+27 
----- FLARE PARAMETERS (star)------
(LXUVFlare) XUV Luminosity from flares [LSUN]: 7.985538e-07 
(FlareFreq1) First value of flare frequency range [/sec]: 3.184717e-05 
(FlareFreq2) Second value of flare frequency range [/sec]: 2.759907e-05 
(FlareFreq3) Third value of flare frequency range [/sec]: 2.391762e-05 
(FlareFreq4) Fourth value of flare frequency range [/sec]: 2.072725e-05 
(FlareFreqMin) Frequency of the flares with the lowest energy [/sec]: 3.184717e-05 
(FlareFreqMid) Frequency of the flares with the middle energy in the energy range [/sec]: 7.608636e-06 
(FlareFreqMax) Frequency of the flares with the highest energy [/sec]: 1.817786e-06 
(FlareEnergy1) First value of flare energy range [kg*m^2/sec^2]: 5.334000e+23 
(FlareEnergy2) Second value of flare energy range [kg*m^2/sec^2]: 6.715108e+23 
(FlareEnergy3) Third value of flare energy range [kg*m^2/sec^2]: 8.453820e+23 
(FlareEnergy4) Fourth value of flare energy range [kg*m^2/sec^2]: 1.064273e+24 
(FlareEnergyMin) Minimum flare energy [kg*m^2/sec^2]: 5.334000e+23 
(FlareEnergyMid) Middle flare energy in the range of energy values [kg*m^2/sec^2]: 5.334000e+24 
(FlareEnergyMax) Maximum flare energy [kg*m^2/sec^2]: 5.334000e+25 
(FlareYIntOUT) Instantaneous Davenport FFD y-intercept at current age and mass []: 19.544561 
(FlareSlopeOUT) Instantaneous Davenport FFD slope at current age and mass []: -0.621764 

Output Order: Time[year] Luminosity[LSUN] LXUVStellar[LSUN] LXUVFlare[LSUN] LXUVTot[LSUN]
Grid Output Order:

----- BODY: b ----
Active Modules: AtmEsc
Module Bit Sum: 9
Color: 000000
(Mass) Mass [kg]: 9.801262e+24 
(Radius) Radius [m]: 7.244369e+06 
(RadGyra) Radius of Gyration/Moment of Inertia Constant []: 0.500000 
(BodyType) Type of Body (0 == planet) []: 0.000000 
(Density) Average Density [kg/m^3]: 6154.484096 
(HZLimitDryRunaway) Semi-major axis of Dry Runaway HZ Limit [m]: 3.060291e+10 
(HZLimRecVenus) Recent Venus HZ Limit [m]: 2.741941e+10 
(HZLimRunaway) Runaway Greenhouse HZ Limit [m]: 3.616033e+10 
(HZLimMoistGreenhouse) Moist Greenhouse HZ Limit [m]: 3.628039e+10 
(HZLimMaxGreenhouse) Maximum Greenhouse HZ Limit [m]: 6.896708e+10 
(HZLimEarlyMars) Early Mars HZ Limit [m]: 7.521605e+10 
(Instellation) Orbit-averaged INcident STELLar radiATION [kg/sec^3]: 2.833038e+05 
(MeanMotion) Orbital Mean Motion [/sec]: 4.464513e-05 
(OrbPeriod) Orbital Period [sec]: 1.407362e+05 
(SemiMajorAxis) Semi-major Axis [m]: 2.342551e+09 
(LXUVTot) Total XUV Luminosity [kg/sec^3]: -1.000000 
(EscapeVelocity) Escape Velocity [m/sec]: 1.343872e+04 
----- ATMESC PARAMETERS (b)------
(SurfWaterMass) Surface water mass [kg]: 0.000000 
(EnvelopeMass) Envelope mass [kg]: 0.000000 
(OxygenMass) Oxygen mass in the atmosphere [kg]: 0.000000 
(RGLimit) Runaway greenhouse semi-major axis [m]: 3.466722e+10 
(XO) Atomic oxygen mixing ratio in upper atmosphere []: 0.000000 
(EtaO) Oxygen eta parameter (Luger and Barnes 2015) []: 0.000000 
(PlanetRadius) Planet radius [m]: 7.244369e+06 
(OxygenMantleMass) Mass of oxygen in mantle [kg]: 0.000000 
(RadXUV) XUV radius separating hydro. dyn. escape and equilibrium [m]: -1.000000 
(RadSolid) Radius to the solid surface [m]: -1.000000 
(PresXUV) Pressure at base of thermosphere [(null)]: 5.000000 
(ScaleHeight) Scale height in Lehmer & Catling (2016) model [m]: -1.000000 
(ThermTemp) Isothermal atmospheric temperature [K]: 400.000000 
(AtmGasConst) Atmospheric gas constant [(null)]: 4124.000000 
(PresSurf) Surface pressure due to atmosphere [Pa]: -1.000000 
(DEnvMassDt) Envelope Mass Loss Rate [kg/s]: 0.000000 
(FXUV) XUV flux [W/m^2]: 495.579191 
(AtmXAbsEffH2O) XUV atmospheric escape efficiency for H2O []: 0.300000 
(RocheRadius) Roche Lobe Radius [m]: 4.782731e+07 
(BondiRadius) Bondi Radius [m]: 3.308030e+08 
(HEscapeRegime) Integer flag for H envelope escape regime []: 8.000000 
(RRCriticalFlux) Critical XUV Flux that separates RR and energy-limited escape [W/m^2]: 59.222677 
(CrossoverMass) Crossover mass, defines oxygen is escaping if mc > mo [kg]: 0.000000 
(WaterEscapeRegime) What water escape regime the code is currently in []: 8.000000 
(FXUVCRITDRAG) Critical Drag XUV flux [W/m^2]: 0.489598 
(HREFFLUX) The Hydrogen Reference Flux (m^-2 s^-1) [m^-2 s^-1]: 3.200362e+20 
(XO2) Molecular oxygen mixing ratio in atmosphere []: 0.000000 
(XH2O) Water mixing ratio in upper atmosphere []: 0.000000 
(HDiffFlux) The Hydrogen Diffusion Flux (m^-2 s^-1) [m^-2 s^-1]: 2.413619e+17 
(HRefODragMod) Multiply by H ref flux to get flux with drag []: 1.000000 
(KTide) Mass loss enhancement due to stellar gravity []: 0.774534 
(CumulativeXUVFlux) Cumulative XUV flux [W/m^2]: 0.000000 
(RunawayGreenhouseFlux) Incident flux that triggers runaway greenhouse [kg/sec^3]: 1293.560868 
(RGDuration) Runaway Greenhouse Duration [years]: 0.00000e+00

Output Order: Time[year] CumulativeXUVFlux[W/m^2]
Grid Output Order:



---- FINAL SYSTEM PROPERTIES ----
(Age) System Age [sec]: 2.892688e+17 
(Time) Simulation Time [sec]: 2.891046e+17 
(TotAngMom) Total Angular Momentum [kg*m^2/sec]: 1.507174e+42 
(TotEnergy) Total System Energy [kg*m^2/sec^2]: -1.153678e+40 
(PotEnergy) Body's non-orbital Potential Energy [kg*m^2/sec^2]: -4.063105e+40 
(KinEnergy) Body's non-orbital Kinetic Energy [kg*m^2/sec^2]: 4.881040e+32 
(DeltaTime) Average Timestep Over Last Output Interval [sec]: 5.259600e+12 

----- BODY: star ----
Active Modules: FLARE STELLAR
Module Bit Sum: 577
Color: 000000
(Mass) Mass [kg]: 3.838840e+29 
(Radius) Radius [m]: 1.452439e+08 
(RadGyra) Radius of Gyration/Moment of Inertia Constant []: 0.460417 
(RotAngMom) Rotational Angular Momentum [kg*m^2/sec]: 1.294556e+39 
(RotVel) Rotational Velocity [m/sec]: 109.526541 
(BodyType) Type of Body (0 == planet) []: 0.000000 
(RotRate) Rotational Frequency [/sec]: 7.540873e-07 
(RotPer) Rotational Period [sec]: 8.332173e+06 
(Density) Average Density [kg/m^3]: 2.991012e+04 
(HZLimitDryRunaway) Semi-major axis of Dry Runaway HZ Limit [m]: 8.985787e+09 
(HZLimRecVenus) Recent Venus HZ Limit [m]: 8.045184e+09 
(HZLimRunaway) Runaway Greenhouse HZ Limit [m]: 1.061347e+10 
(HZLimMoistGreenhouse) Moist Greenhouse HZ Limit [m]: 1.064510e+10 
(HZLimMaxGreenhouse) Maximum Greenhouse HZ Limit [m]: 2.020658e+10 
(HZLimEarlyMars) Early Mars HZ Limit [m]: 2.203751e+10 
(Instellation) Orbit-averaged INcident STELLar radiATION [kg/sec^3]: -1.000000 
(CriticalSemiMajorAxis) Holman & Wiegert (1999) P-type Critical Semi-major Axis [m]: -1.000000 
(LXUVTot) Total XUV Luminosity [LSUN]: 7.258745e-07 
(LostEnergy) Body's Total Lost Energy [kg*m^2/sec^2]: 2.909432e+40 
(LostAngMom) Lost Angular Momentum due to Magnetic Braking [kg*m^2/sec]: 1.503479e+42 
(EscapeVelocity) Escape Velocity [m/sec]: 5.939753e+05 
----- STELLAR PARAMETERS (star)------
(Luminosity) Luminosity [LSUN]: 0.004379 
(LXUVStellar) Base X-ray/XUV Luminosity [LSUN]: 3.521615e-07 
(Temperature) Effective Temperature [K]: 3242.223862 
(LXUVFrac) Fraction of luminosity in XUV []: 8.041203e-05 
(RossbyNumber) Rossby Number []: 1.614877 
(DRotPerDtStellar) Time Rate of Change of Rotation Period in STELLAR []: 1.006966e-11 
(WindTorque) Stellar Wind Torque []: 1.765062e+21 
----- FLARE PARAMETERS (star)------
(LXUVFlare) XUV Luminosity from flares [LSUN]: 3.737129e-07 
(FlareFreq1) First value of flare frequency range [/sec]: 8.585814e-05 
(FlareFreq2) Second value of flare frequency range [/sec]: 6.661967e-05 
(FlareFreq3) Third value of flare frequency range [/sec]: 5.169201e-05 
(FlareFreq4) Fourth value of flare frequency range [/sec]: 4.010924e-05 
(FlareFreqMin) Frequency of the flares with the lowest energy [/sec]: 8.585814e-05 
(FlareFreqMid) Frequency of the flares with the middle energy in the energy range [/sec]: 6.791901e-06 
(FlareFreqMax) Frequency of the flares with the highest energy [/sec]: 5.372806e-07 
(FlareEnergy1) First value of flare energy range [kg*m^2/sec^2]: 5.334000e+23 
(FlareEnergy2) Second value of flare energy range [kg*m^2/sec^2]: 6.715108e+23 
(FlareEnergy3) Third value of flare energy range [kg*m^2/sec^2]: 8.453820e+23 
(FlareEnergy4) Fourth value of flare energy range [kg*m^2/sec^2]: 1.064273e+24 
(FlareEnergyMin) Minimum flare energy [kg*m^2/sec^2]: 5.334000e+23 
(FlareEnergyMid) Middle flare energy in the range of energy values [kg*m^2/sec^2]: 5.334000e+24 
(FlareEnergyMax) Maximum flare energy [kg*m^2/sec^2]: 5.334000e+25 
(FlareYIntOUT) Instantaneous Davenport FFD y-intercept at current age and mass []: 34.725060 
(FlareSlopeOUT) Instantaneous Davenport FFD slope at current age and mass []: -1.101790 

Output Order: Time[year] Luminosity[LSUN] LXUVStellar[LSUN] LXUVFlare[LSUN] LXUVTot[LSUN]
Grid Output Order:

----- BODY: b ----
Active Modules: AtmEsc
Module Bit Sum: 9
Color: 000000
(Mass) Mass [kg]: 9.801262e+24 
(Radius) Radius [m]: 7.244369e+06 
(RadGyra) Radius of Gyration/Moment of Inertia Constant []: 0.500000 
(BodyType) Type of Body (0 == planet) []: 0.000000 
(Density) Average Density [kg/m^3]: 6154.484096 
(HZLimitDryRunaway) Semi-major axis of Dry Runaway HZ Limit [m]: 8.985846e+09 
(HZLimRecVenus) Recent Venus HZ Limit [m]: 8.045184e+09 
(HZLimRunaway) Runaway Greenhouse HZ Limit [m]: 1.061347e+10 
(HZLimMoistGreenhouse) Moist Greenhouse HZ Limit [m]: 1.064510e+10 
(HZLimMaxGreenhouse) Maximum Greenhouse HZ Limit [m]: 2.020658e+10 
(HZLimEarlyMars) Early Mars HZ Limit [m]: 2.203751e+10 
(Instellation) Orbit-averaged INcident STELLar radiATION [kg/sec^3]: 2.442558e+04 
(MeanMotion) Orbital Mean Motion [/sec]: 4.464513e-05 
(OrbPeriod) Orbital Period [sec]: 1.407362e+05 
(SemiMajorAxis) Semi-major Axis [m]: 2.342551e+09 
(LXUVTot) Total XUV Luminosity [kg/sec^3]: -1.000000 
(EscapeVelocity) Escape Velocity [m/sec]: 1.343872e+04 
----- ATMESC PARAMETERS (b)------
(SurfWaterMass) Surface water mass [kg]: 0.000000 
(EnvelopeMass) Envelope mass [kg]: 0.000000 
(OxygenMass) Oxygen mass in the atmosphere [kg]: 0.000000 
(RGLimit) Runaway greenhouse semi-major axis [m]: 1.017538e+10 
(XO) Atomic oxygen mixing ratio in upper atmosphere []: 0.000000 
(EtaO) Oxygen eta parameter (Luger and Barnes 2015) []: 0.000000 
(PlanetRadius) Planet radius [m]: 7.244369e+06 
(OxygenMantleMass) Mass of oxygen in mantle [kg]: 0.000000 
(RadXUV) XUV radius separating hydro. dyn. escape and equilibrium [m]: -1.000000 
(RadSolid) Radius to the solid surface [m]: -1.000000 
(PresXUV) Pressure at base of thermosphere [(null)]: 5.000000 
(ScaleHeight) Scale height in Lehmer & Catling (2016) model [m]: -1.000000 
(ThermTemp) Isothermal atmospheric temperature [K]: 400.000000 
(AtmGasConst) Atmospheric gas constant [(null)]: 4124.000000 
(PresSurf) Surface pressure due to atmosphere [Pa]: -1.000000 
(DEnvMassDt) Envelope Mass Loss Rate [kg/s]: 0.000000 
(FXUV) XUV flux [W/m^2]: 4.048421 
(AtmXAbsEffH2O) XUV atmospheric escape efficiency for H2O []: 0.300000 
(RocheRadius) Roche Lobe Radius [m]: 4.782731e+07 
(BondiRadius) Bondi Radius [m]: 6.117388e+08 
(HEscapeRegime) Integer flag for H envelope escape regime []: 8.000000 
(RRCriticalFlux) Critical XUV Flux that separates RR and energy-limited escape [W/m^2]: 59.222677 
(CrossoverMass) Crossover mass, defines oxygen is escaping if mc > mo [kg]: 0.000000 
(WaterEscapeRegime) What water escape regime the code is currently in []: 8.000000 
(FXUVCRITDRAG) Critical Drag XUV flux [W/m^2]: 0.489598 
(HREFFLUX) The Hydrogen Reference Flux (m^-2 s^-1) [m^-2 s^-1]: 2.614398e+18 
(XO2) Molecular oxygen mixing ratio in atmosphere []: 0.000000 
(XH2O) Water mixing ratio in upper atmosphere []: 0.000000 
(HDiffFlux) The Hydrogen Diffusion Flux (m^-2 s^-1) [m^-2 s^-1]: 2.413619e+17 
(HRefODragMod) Multiply by H ref flux to get flux with drag []: 1.000000 
(KTide) Mass loss enhancement due to stellar gravity []: 0.774534 
(CumulativeXUVFlux) Cumulative XUV flux [W/m^2]: 4.235419e+18 
(RunawayGreenhouseFlux) Incident flux that triggers runaway greenhouse [kg/sec^3]: 1294.543091 
(RGDuration) Runaway Greenhouse Duration [years]: 0.00000e+00

Output Order: Time[year] CumulativeXUVFlux[W/m^2]
Grid Output Order:
