-------- Log file gj1132.log -------

Executable: /home/vplanet/.local/bin/vplanet
Version: Unknown
System Name: gj1132
Primary Input File: vpl.in
Body File #1: star.in
Body File #2: b.in
Allow files to be overwitten: Yes
Mass Units: Grams
Length Units: Meters
Time Units: Seconds
Angle Units: Radians

------- FORMATTING -----
Verbosity Level: 5
Crossover Decade for Scientific Notation: 4
Number of Digits After Decimal: 6
Integration Method: Runge-Kutta4
Direction: Forward
Time Step: 3.155760e+07
Stop Time: 2.527743e+17
Output Interval: 3.155760e+13
Use Variable Timestep: Yes
dEta: 0.010000
Minimum Value of ecc and obl: 1.000000e-10


---- INITIAL SYSTEM PROPERTIES ----
(Age) System Age [sec]: 1.695499e+14 
(Time) Simulation Time [sec]: 0.000000 
(TotAngMom) Total Angular Momentum [kg*m^2/sec]: 1.578233e+42 
(TotEnergy) Total System Energy [kg*m^2/sec^2]: -1.221984e+40 
(PotEnergy) Body's non-orbital Potential Energy [kg*m^2/sec^2]: -1.227708e+40 
(KinEnergy) Body's non-orbital Kinetic Energy [kg*m^2/sec^2]: 5.729714e+37 
(DeltaTime) Average Timestep Over Last Output Interval [sec]: 0.000000 

----- BODY: star ----
Active Modules: FLARE STELLAR
Module Bit Sum: 577
Color: 000000
(Mass) Mass [kg]: 3.964685e+29 
(Radius) Radius [m]: 5.127171e+08 
(RadGyra) Radius of Gyration/Moment of Inertia Constant []: 0.455967 
(RotAngMom) Rotational Angular Momentum [kg*m^2/sec]: 1.575785e+42 
(RotVel) Rotational Velocity [m/sec]: 3.728584e+04 
(BodyType) Type of Body (0 == planet) []: 0.000000 
(RotRate) Rotational Frequency [/sec]: 7.272205e-05 
(RotPer) Rotational Period [sec]: 8.640000e+04 
(Density) Average Density [kg/m^3]: 702.241647 
(HZLimitDryRunaway) Semi-major axis of Dry Runaway HZ Limit [m]: 3.117674e+10 
(HZLimRecVenus) Recent Venus HZ Limit [m]: 2.792380e+10 
(HZLimRunaway) Runaway Greenhouse HZ Limit [m]: 3.683158e+10 
(HZLimMoistGreenhouse) Moist Greenhouse HZ Limit [m]: 3.694777e+10 
(HZLimMaxGreenhouse) Maximum Greenhouse HZ Limit [m]: 7.018633e+10 
(HZLimEarlyMars) Early Mars HZ Limit [m]: 7.654585e+10 
(Instellation) Orbit-averaged INcident STELLar radiATION [kg/sec^3]: -1.000000 
(CriticalSemiMajorAxis) Holman & Wiegert (1999) P-type Critical Semi-major Axis [m]: -1.000000 
(LXUVTot) Total XUV Luminosity [LSUN]: 5.885044e-05 
(LostEnergy) Body's Total Lost Energy [kg*m^2/sec^2]: 5.562685e-309 
(LostAngMom) Lost Angular Momentum due to Magnetic Braking [kg*m^2/sec]: 5.562685e-309 
(EscapeVelocity) Escape Velocity [m/sec]: 3.212792e+05 
----- STELLAR PARAMETERS (star)------
(Luminosity) Luminosity [LSUN]: 0.052719 
(LXUVStellar) Base X-ray/XUV Luminosity [LSUN]: 5.804589e-05 
(Temperature) Effective Temperature [K]: 3222.840476 
(LXUVFrac) Fraction of luminosity in XUV []: 0.001101 
(RossbyNumber) Rossby Number []: 0.016580 
(DRotPerDtStellar) Time Rate of Change of Rotation Period in STELLAR []: -1.062678e-10 
(WindTorque) Stellar Wind Torque []: 4.718002e+27 
----- FLARE PARAMETERS (star)------
(LXUVFlare) XUV Luminosity from flares [LSUN]: 8.045434e-07 
(FlareFreq1) First value of flare frequency range [/sec]: 3.233203e-05 
(FlareFreq2) Second value of flare frequency range [/sec]: 2.800697e-05 
(FlareFreq3) Third value of flare frequency range [/sec]: 2.426047e-05 
(FlareFreq4) Fourth value of flare frequency range [/sec]: 2.101515e-05 
(FlareFreqMin) Frequency of the flares with the lowest energy [/sec]: 3.233203e-05 
(FlareFreqMid) Frequency of the flares with the middle energy in the energy range [/sec]: 7.690679e-06 
(FlareFreqMax) Frequency of the flares with the highest energy [/sec]: 1.829349e-06 
(FlareEnergy1) First value of flare energy range [kg*m^2/sec^2]: 5.334000e+23 
(FlareEnergy2) Second value of flare energy range [kg*m^2/sec^2]: 6.715108e+23 
(FlareEnergy3) Third value of flare energy range [kg*m^2/sec^2]: 8.453820e+23 
(FlareEnergy4) Fourth value of flare energy range [kg*m^2/sec^2]: 1.064273e+24 
(FlareEnergyMin) Minimum flare energy [kg*m^2/sec^2]: 5.334000e+23 
(FlareEnergyMid) Middle flare energy in the range of energy values [kg*m^2/sec^2]: 5.334000e+24 
(FlareEnergyMax) Maximum flare energy [kg*m^2/sec^2]: 5.334000e+25 
(FlareYIntOUT) Instantaneous Davenport FFD y-intercept at current age and mass []: 19.609633 
(FlareSlopeOUT) Instantaneous Davenport FFD slope at current age and mass []: -0.623668 

Output Order: Time[year] Luminosity[LSUN] LXUVStellar[LSUN] LXUVFlare[LSUN] LXUVTot[LSUN]
Grid Output Order:

----- BODY: b ----
Active Modules: AtmEsc
Module Bit Sum: 9
Color: 000000
(Mass) Mass [kg]: 9.781472e+24 
(Radius) Radius [m]: 7.267676e+06 
(RadGyra) Radius of Gyration/Moment of Inertia Constant []: 0.500000 
(BodyType) Type of Body (0 == planet) []: 0.000000 
(Density) Average Density [kg/m^3]: 6083.155786 
(HZLimitDryRunaway) Semi-major axis of Dry Runaway HZ Limit [m]: 3.117691e+10 
(HZLimRecVenus) Recent Venus HZ Limit [m]: 2.792380e+10 
(HZLimRunaway) Runaway Greenhouse HZ Limit [m]: 3.683158e+10 
(HZLimMoistGreenhouse) Moist Greenhouse HZ Limit [m]: 3.694777e+10 
(HZLimMaxGreenhouse) Maximum Greenhouse HZ Limit [m]: 7.018633e+10 
(HZLimEarlyMars) Early Mars HZ Limit [m]: 7.654585e+10 
(Instellation) Orbit-averaged INcident STELLar radiATION [kg/sec^3]: 2.877726e+05 
(MeanMotion) Orbital Mean Motion [/sec]: 4.464471e-05 
(OrbPeriod) Orbital Period [sec]: 1.407375e+05 
(SemiMajorAxis) Semi-major Axis [m]: 2.367888e+09 
(LXUVTot) Total XUV Luminosity [kg/sec^3]: -1.000000 
(EscapeVelocity) Escape Velocity [m/sec]: 1.340360e+04 
----- ATMESC PARAMETERS (b)------
(SurfWaterMass) Surface water mass [kg]: 0.000000 
(EnvelopeMass) Envelope mass [kg]: 0.000000 
(OxygenMass) Oxygen mass in the atmosphere [kg]: 0.000000 
(RGLimit) Runaway greenhouse semi-major axis [m]: 3.531265e+10 
(XO) Atomic oxygen mixing ratio in upper atmosphere []: 0.000000 
(EtaO) Oxygen eta parameter (Luger and Barnes 2015) []: 0.000000 
(PlanetRadius) Planet radius [m]: 7.267676e+06 
(OxygenMantleMass) Mass of oxygen in mantle [kg]: 0.000000 
(RadXUV) XUV radius separating hydro. dyn. escape and equilibrium [m]: -1.000000 
(RadSolid) Radius to the solid surface [m]: -1.000000 
(PresXUV) Pressure at base of thermosphere [(null)]: 5.000000 
(ScaleHeight) Scale height in Lehmer & Catling (2016) model [m]: -1.000000 
(ThermTemp) Isothermal atmospheric temperature [K]: 400.000000 
(AtmGasConst) Atmospheric gas constant [(null)]: 4124.000000 
(PresSurf) Surface pressure due to atmosphere [Pa]: -1.000000 
(DEnvMassDt) Envelope Mass Loss Rate [kg/s]: 0.000000 
(FXUV) XUV flux [W/m^2]: 321.239479 
(AtmXAbsEffH2O) XUV atmospheric escape efficiency for H2O []: 0.300000 
(RocheRadius) Roche Lobe Radius [m]: 4.779539e+07 
(BondiRadius) Bondi Radius [m]: 3.251370e+08 
(HEscapeRegime) Integer flag for H envelope escape regime []: 8.000000 
(RRCriticalFlux) Critical XUV Flux that separates RR and energy-limited escape [W/m^2]: 58.288030 
(CrossoverMass) Crossover mass, defines oxygen is escaping if mc > mo [kg]: 0.000000 
(WaterEscapeRegime) What water escape regime the code is currently in []: 8.000000 
(FXUVCRITDRAG) Critical Drag XUV flux [W/m^2]: 0.482947 
(HREFFLUX) The Hydrogen Reference Flux (m^-2 s^-1) [m^-2 s^-1]: 2.087718e+20 
(XO2) Molecular oxygen mixing ratio in atmosphere []: 0.000000 
(XH2O) Water mixing ratio in upper atmosphere []: 0.000000 
(HDiffFlux) The Hydrogen Diffusion Flux (m^-2 s^-1) [m^-2 s^-1]: 2.393321e+17 
(HRefODragMod) Multiply by H ref flux to get flux with drag []: 1.000000 
(KTide) Mass loss enhancement due to stellar gravity []: 0.773671 
(CumulativeXUVFlux) Cumulative XUV flux [W/m^2]: 0.000000 
(RunawayGreenhouseFlux) Incident flux that triggers runaway greenhouse [kg/sec^3]: 1293.917566 
(RGDuration) Runaway Greenhouse Duration [years]: 0.00000e+00

Output Order: Time[year] CumulativeXUVFlux[W/m^2]
Grid Output Order:



---- FINAL SYSTEM PROPERTIES ----
(Age) System Age [sec]: 2.529459e+17 
(Time) Simulation Time [sec]: 2.527764e+17 
(TotAngMom) Total Angular Momentum [kg*m^2/sec]: 1.579502e+42 
(TotEnergy) Total System Energy [kg*m^2/sec^2]: -1.220992e+40 
(PotEnergy) Body's non-orbital Potential Energy [kg*m^2/sec^2]: -4.152307e+40 
(KinEnergy) Body's non-orbital Kinetic Energy [kg*m^2/sec^2]: 5.651426e+32 
(DeltaTime) Average Timestep Over Last Output Interval [sec]: 4.508229e+12 

----- BODY: star ----
Active Modules: FLARE STELLAR
Module Bit Sum: 577
Color: 000000
(Mass) Mass [kg]: 3.964685e+29 
(Radius) Radius [m]: 1.515945e+08 
(RadGyra) Radius of Gyration/Moment of Inertia Constant []: 0.460132 
(RotAngMom) Rotational Angular Momentum [kg*m^2/sec]: 1.476605e+39 
(RotVel) Rotational Velocity [m/sec]: 116.039838 
(BodyType) Type of Body (0 == planet) []: 0.000000 
(RotRate) Rotational Frequency [/sec]: 7.654619e-07 
(RotPer) Rotational Period [sec]: 8.208358e+06 
(Density) Average Density [kg/m^3]: 2.716873e+04 
(HZLimitDryRunaway) Semi-major axis of Dry Runaway HZ Limit [m]: 9.436052e+09 
(HZLimRecVenus) Recent Venus HZ Limit [m]: 8.445068e+09 
(HZLimRunaway) Runaway Greenhouse HZ Limit [m]: 1.114298e+10 
(HZLimMoistGreenhouse) Moist Greenhouse HZ Limit [m]: 1.117421e+10 
(HZLimMaxGreenhouse) Maximum Greenhouse HZ Limit [m]: 2.119508e+10 
(HZLimEarlyMars) Early Mars HZ Limit [m]: 2.311561e+10 
(Instellation) Orbit-averaged INcident STELLar radiATION [kg/sec^3]: -1.000000 
(CriticalSemiMajorAxis) Holman & Wiegert (1999) P-type Critical Semi-major Axis [m]: -1.000000 
(LXUVTot) Total XUV Luminosity [LSUN]: 5.578821e-07 
(LostEnergy) Body's Total Lost Energy [kg*m^2/sec^2]: 2.931320e+40 
(LostAngMom) Lost Angular Momentum due to Magnetic Braking [kg*m^2/sec]: 1.575577e+42 
(EscapeVelocity) Escape Velocity [m/sec]: 5.908534e+05 
----- STELLAR PARAMETERS (star)------
(Luminosity) Luminosity [LSUN]: 0.004829 
(LXUVStellar) Base X-ray/XUV Luminosity [LSUN]: 1.719512e-07 
(Temperature) Effective Temperature [K]: 3261.785794 
(LXUVFrac) Fraction of luminosity in XUV []: 3.560541e-05 
(RossbyNumber) Rossby Number []: 1.606900 
(DRotPerDtStellar) Time Rate of Change of Rotation Period in STELLAR []: 1.297472e-11 
(WindTorque) Stellar Wind Torque []: 2.339132e+21 
----- FLARE PARAMETERS (star)------
(LXUVFlare) XUV Luminosity from flares [LSUN]: 3.859300e-07 
(FlareFreq1) First value of flare frequency range [/sec]: 8.670963e-05 
(FlareFreq2) Second value of flare frequency range [/sec]: 6.738596e-05 
(FlareFreq3) Third value of flare frequency range [/sec]: 5.236867e-05 
(FlareFreq4) Fourth value of flare frequency range [/sec]: 4.069805e-05 
(FlareFreqMin) Frequency of the flares with the lowest energy [/sec]: 8.670963e-05 
(FlareFreqMid) Frequency of the flares with the middle energy in the energy range [/sec]: 6.967680e-06 
(FlareFreqMax) Frequency of the flares with the highest energy [/sec]: 5.598982e-07 
(FlareEnergy1) First value of flare energy range [kg*m^2/sec^2]: 5.334000e+23 
(FlareEnergy2) Second value of flare energy range [kg*m^2/sec^2]: 6.715108e+23 
(FlareEnergy3) Third value of flare energy range [kg*m^2/sec^2]: 8.453820e+23 
(FlareEnergy4) Fourth value of flare energy range [kg*m^2/sec^2]: 1.064273e+24 
(FlareEnergyMin) Minimum flare energy [kg*m^2/sec^2]: 5.334000e+23 
(FlareEnergyMid) Middle flare energy in the range of energy values [kg*m^2/sec^2]: 5.334000e+24 
(FlareEnergyMax) Maximum flare energy [kg*m^2/sec^2]: 5.334000e+25 
(FlareYIntOUT) Instantaneous Davenport FFD y-intercept at current age and mass []: 34.520063 
(FlareSlopeOUT) Instantaneous Davenport FFD slope at current age and mass []: -1.094979 

Output Order: Time[year] Luminosity[LSUN] LXUVStellar[LSUN] LXUVFlare[LSUN] LXUVTot[LSUN]
Grid Output Order:

----- BODY: b ----
Active Modules: AtmEsc
Module Bit Sum: 9
Color: 000000
(Mass) Mass [kg]: 9.781472e+24 
(Radius) Radius [m]: 7.267676e+06 
(RadGyra) Radius of Gyration/Moment of Inertia Constant []: 0.500000 
(BodyType) Type of Body (0 == planet) []: 0.000000 
(Density) Average Density [kg/m^3]: 6083.155786 
(HZLimitDryRunaway) Semi-major axis of Dry Runaway HZ Limit [m]: 9.436102e+09 
(HZLimRecVenus) Recent Venus HZ Limit [m]: 8.445068e+09 
(HZLimRunaway) Runaway Greenhouse HZ Limit [m]: 1.114298e+10 
(HZLimMoistGreenhouse) Moist Greenhouse HZ Limit [m]: 1.117421e+10 
(HZLimMaxGreenhouse) Maximum Greenhouse HZ Limit [m]: 2.119508e+10 
(HZLimEarlyMars) Early Mars HZ Limit [m]: 2.311561e+10 
(Instellation) Orbit-averaged INcident STELLar radiATION [kg/sec^3]: 2.636140e+04 
(MeanMotion) Orbital Mean Motion [/sec]: 4.464471e-05 
(OrbPeriod) Orbital Period [sec]: 1.407375e+05 
(SemiMajorAxis) Semi-major Axis [m]: 2.367888e+09 
(LXUVTot) Total XUV Luminosity [kg/sec^3]: -1.000000 
(EscapeVelocity) Escape Velocity [m/sec]: 1.340360e+04 
----- ATMESC PARAMETERS (b)------
(SurfWaterMass) Surface water mass [kg]: 0.000000 
(EnvelopeMass) Envelope mass [kg]: 0.000000 
(OxygenMass) Oxygen mass in the atmosphere [kg]: 0.000000 
(RGLimit) Runaway greenhouse semi-major axis [m]: 1.068363e+10 
(XO) Atomic oxygen mixing ratio in upper atmosphere []: 0.000000 
(EtaO) Oxygen eta parameter (Luger and Barnes 2015) []: 0.000000 
(PlanetRadius) Planet radius [m]: 7.267676e+06 
(OxygenMantleMass) Mass of oxygen in mantle [kg]: 0.000000 
(RadXUV) XUV radius separating hydro. dyn. escape and equilibrium [m]: -1.000000 
(RadSolid) Radius to the solid surface [m]: -1.000000 
(PresXUV) Pressure at base of thermosphere [(null)]: 5.000000 
(ScaleHeight) Scale height in Lehmer & Catling (2016) model [m]: -1.000000 
(ThermTemp) Isothermal atmospheric temperature [K]: 400.000000 
(AtmGasConst) Atmospheric gas constant [(null)]: 4124.000000 
(PresSurf) Surface pressure due to atmosphere [Pa]: -1.000000 
(DEnvMassDt) Envelope Mass Loss Rate [kg/s]: 0.000000 
(FXUV) XUV flux [W/m^2]: 3.045241 
(AtmXAbsEffH2O) XUV atmospheric escape efficiency for H2O []: 0.300000 
(RocheRadius) Roche Lobe Radius [m]: 4.779539e+07 
(BondiRadius) Bondi Radius [m]: 5.908087e+08 
(HEscapeRegime) Integer flag for H envelope escape regime []: 8.000000 
(RRCriticalFlux) Critical XUV Flux that separates RR and energy-limited escape [W/m^2]: 58.288030 
(CrossoverMass) Crossover mass, defines oxygen is escaping if mc > mo [kg]: 0.000000 
(WaterEscapeRegime) What water escape regime the code is currently in []: 8.000000 
(FXUVCRITDRAG) Critical Drag XUV flux [W/m^2]: 0.482947 
(HREFFLUX) The Hydrogen Reference Flux (m^-2 s^-1) [m^-2 s^-1]: 1.979086e+18 
(XO2) Molecular oxygen mixing ratio in atmosphere []: 0.000000 
(XH2O) Water mixing ratio in upper atmosphere []: 0.000000 
(HDiffFlux) The Hydrogen Diffusion Flux (m^-2 s^-1) [m^-2 s^-1]: 2.393321e+17 
(HRefODragMod) Multiply by H ref flux to get flux with drag []: 1.000000 
(KTide) Mass loss enhancement due to stellar gravity []: 0.773671 
(CumulativeXUVFlux) Cumulative XUV flux [W/m^2]: 2.412996e+18 
(RunawayGreenhouseFlux) Incident flux that triggers runaway greenhouse [kg/sec^3]: 1294.936619 
(RGDuration) Runaway Greenhouse Duration [years]: 0.00000e+00

Output Order: Time[year] CumulativeXUVFlux[W/m^2]
Grid Output Order:
