-------- Log file gj1132.log -------

Executable: /home/vplanet/.local/bin/vplanet
Version: Unknown
System Name: gj1132
Primary Input File: vpl.in
Body File #1: star.in
Body File #2: b.in
Allow files to be overwitten: Yes
Mass Units: Grams
Length Units: Meters
Time Units: Seconds
Angle Units: Radians

------- FORMATTING -----
Verbosity Level: 5
Crossover Decade for Scientific Notation: 4
Number of Digits After Decimal: 6
Integration Method: Runge-Kutta4
Direction: Forward
Time Step: 3.155760e+07
Stop Time: 2.452152e+17
Output Interval: 3.155760e+13
Use Variable Timestep: Yes
dEta: 0.010000
Minimum Value of ecc and obl: 1.000000e-10


---- INITIAL SYSTEM PROPERTIES ----
(Age) System Age [sec]: 1.398632e+14 
(Time) Simulation Time [sec]: 0.000000 
(TotAngMom) Total Angular Momentum [kg*m^2/sec]: 1.781626e+42 
(TotEnergy) Total System Energy [kg*m^2/sec^2]: -1.124189e+40 
(PotEnergy) Body's non-orbital Potential Energy [kg*m^2/sec^2]: -1.130653e+40 
(KinEnergy) Body's non-orbital Kinetic Energy [kg*m^2/sec^2]: 6.469271e+37 
(DeltaTime) Average Timestep Over Last Output Interval [sec]: 0.000000 

----- BODY: star ----
Active Modules: FLARE STELLAR
Module Bit Sum: 577
Color: 000000
(Mass) Mass [kg]: 3.933527e+29 
(Radius) Radius [m]: 5.480127e+08 
(RadGyra) Radius of Gyration/Moment of Inertia Constant []: 0.455087 
(RotAngMom) Rotational Angular Momentum [kg*m^2/sec]: 1.779177e+42 
(RotVel) Rotational Velocity [m/sec]: 3.985261e+04 
(BodyType) Type of Body (0 == planet) []: 0.000000 
(RotRate) Rotational Frequency [/sec]: 7.272205e-05 
(RotPer) Rotational Period [sec]: 8.640000e+04 
(Density) Average Density [kg/m^3]: 570.586652 
(HZLimitDryRunaway) Semi-major axis of Dry Runaway HZ Limit [m]: 3.294295e+10 
(HZLimRecVenus) Recent Venus HZ Limit [m]: 2.951661e+10 
(HZLimRunaway) Runaway Greenhouse HZ Limit [m]: 3.892584e+10 
(HZLimMoistGreenhouse) Moist Greenhouse HZ Limit [m]: 3.905533e+10 
(HZLimMaxGreenhouse) Maximum Greenhouse HZ Limit [m]: 7.424403e+10 
(HZLimEarlyMars) Early Mars HZ Limit [m]: 8.097112e+10 
(Instellation) Orbit-averaged INcident STELLar radiATION [kg/sec^3]: -1.000000 
(CriticalSemiMajorAxis) Holman & Wiegert (1999) P-type Critical Semi-major Axis [m]: -1.000000 
(LXUVTot) Total XUV Luminosity [LSUN]: 5.459379e-05 
(LostEnergy) Body's Total Lost Energy [kg*m^2/sec^2]: 5.562685e-309 
(LostAngMom) Lost Angular Momentum due to Magnetic Braking [kg*m^2/sec]: 5.562685e-309 
(EscapeVelocity) Escape Velocity [m/sec]: 3.095373e+05 
----- STELLAR PARAMETERS (star)------
(Luminosity) Luminosity [LSUN]: 0.058862 
(LXUVStellar) Base X-ray/XUV Luminosity [LSUN]: 5.377266e-05 
(Temperature) Effective Temperature [K]: 3203.679757 
(LXUVFrac) Fraction of luminosity in XUV []: 0.000914 
(RossbyNumber) Rossby Number []: 0.016418 
(DRotPerDtStellar) Time Rate of Change of Rotation Period in STELLAR []: -1.793665e-10 
(WindTorque) Stellar Wind Torque []: 6.764631e+27 
----- FLARE PARAMETERS (star)------
(LXUVFlare) XUV Luminosity from flares [LSUN]: 8.211206e-07 
(FlareFreq1) First value of flare frequency range [/sec]: 3.143665e-05 
(FlareFreq2) Second value of flare frequency range [/sec]: 2.730713e-05 
(FlareFreq3) Third value of flare frequency range [/sec]: 2.372006e-05 
(FlareFreq4) Fourth value of flare frequency range [/sec]: 2.060419e-05 
(FlareFreqMin) Frequency of the flares with the lowest energy [/sec]: 3.143665e-05 
(FlareFreqMid) Frequency of the flares with the middle energy in the energy range [/sec]: 7.688363e-06 
(FlareFreqMax) Frequency of the flares with the highest energy [/sec]: 1.880319e-06 
(FlareEnergy1) First value of flare energy range [kg*m^2/sec^2]: 5.334000e+23 
(FlareEnergy2) Second value of flare energy range [kg*m^2/sec^2]: 6.715108e+23 
(FlareEnergy3) Third value of flare energy range [kg*m^2/sec^2]: 8.453820e+23 
(FlareEnergy4) Fourth value of flare energy range [kg*m^2/sec^2]: 1.064273e+24 
(FlareEnergyMin) Minimum flare energy [kg*m^2/sec^2]: 5.334000e+23 
(FlareEnergyMid) Middle flare energy in the range of energy values [kg*m^2/sec^2]: 5.334000e+24 
(FlareEnergyMax) Maximum flare energy [kg*m^2/sec^2]: 5.334000e+25 
(FlareYIntOUT) Instantaneous Davenport FFD y-intercept at current age and mass []: 19.226689 
(FlareSlopeOUT) Instantaneous Davenport FFD slope at current age and mass []: -0.611602 

Output Order: Time[year] Luminosity[LSUN] LXUVStellar[LSUN] LXUVFlare[LSUN] LXUVTot[LSUN]
Grid Output Order:

----- BODY: b ----
Active Modules: AtmEsc
Module Bit Sum: 9
Color: 000000
(Mass) Mass [kg]: 9.833865e+24 
(Radius) Radius [m]: 7.246819e+06 
(RadGyra) Radius of Gyration/Moment of Inertia Constant []: 0.500000 
(BodyType) Type of Body (0 == planet) []: 0.000000 
(Density) Average Density [kg/m^3]: 6168.695107 
(HZLimitDryRunaway) Semi-major axis of Dry Runaway HZ Limit [m]: 3.294316e+10 
(HZLimRecVenus) Recent Venus HZ Limit [m]: 2.951661e+10 
(HZLimRunaway) Runaway Greenhouse HZ Limit [m]: 3.892584e+10 
(HZLimMoistGreenhouse) Moist Greenhouse HZ Limit [m]: 3.905533e+10 
(HZLimMaxGreenhouse) Maximum Greenhouse HZ Limit [m]: 7.424403e+10 
(HZLimEarlyMars) Early Mars HZ Limit [m]: 8.097112e+10 
(Instellation) Orbit-averaged INcident STELLar radiATION [kg/sec^3]: 3.229805e+05 
(MeanMotion) Orbital Mean Motion [/sec]: 4.464308e-05 
(OrbPeriod) Orbital Period [sec]: 1.407427e+05 
(SemiMajorAxis) Semi-major Axis [m]: 2.361727e+09 
(LXUVTot) Total XUV Luminosity [kg/sec^3]: -1.000000 
(EscapeVelocity) Escape Velocity [m/sec]: 1.345878e+04 
----- ATMESC PARAMETERS (b)------
(SurfWaterMass) Surface water mass [kg]: 0.000000 
(EnvelopeMass) Envelope mass [kg]: 0.000000 
(OxygenMass) Oxygen mass in the atmosphere [kg]: 0.000000 
(RGLimit) Runaway greenhouse semi-major axis [m]: 3.731568e+10 
(XO) Atomic oxygen mixing ratio in upper atmosphere []: 0.000000 
(EtaO) Oxygen eta parameter (Luger and Barnes 2015) []: 0.000000 
(PlanetRadius) Planet radius [m]: 7.246819e+06 
(OxygenMantleMass) Mass of oxygen in mantle [kg]: 0.000000 
(RadXUV) XUV radius separating hydro. dyn. escape and equilibrium [m]: -1.000000 
(RadSolid) Radius to the solid surface [m]: -1.000000 
(PresXUV) Pressure at base of thermosphere [(null)]: 5.000000 
(ScaleHeight) Scale height in Lehmer & Catling (2016) model [m]: -1.000000 
(ThermTemp) Isothermal atmospheric temperature [K]: 400.000000 
(AtmGasConst) Atmospheric gas constant [(null)]: 4124.000000 
(PresSurf) Surface pressure due to atmosphere [Pa]: -1.000000 
(DEnvMassDt) Envelope Mass Loss Rate [kg/s]: 0.000000 
(FXUV) XUV flux [W/m^2]: 299.561489 
(AtmXAbsEffH2O) XUV atmospheric escape efficiency for H2O []: 0.300000 
(RocheRadius) Roche Lobe Radius [m]: 4.788175e+07 
(BondiRadius) Bondi Radius [m]: 3.184824e+08 
(HEscapeRegime) Integer flag for H envelope escape regime []: 8.000000 
(RRCriticalFlux) Critical XUV Flux that separates RR and energy-limited escape [W/m^2]: 59.584164 
(CrossoverMass) Crossover mass, defines oxygen is escaping if mc > mo [kg]: 0.000000 
(WaterEscapeRegime) What water escape regime the code is currently in []: 8.000000 
(FXUVCRITDRAG) Critical Drag XUV flux [W/m^2]: 0.492361 
(HREFFLUX) The Hydrogen Reference Flux (m^-2 s^-1) [m^-2 s^-1]: 1.928312e+20 
(XO2) Molecular oxygen mixing ratio in atmosphere []: 0.000000 
(XH2O) Water mixing ratio in upper atmosphere []: 0.000000 
(HDiffFlux) The Hydrogen Diffusion Flux (m^-2 s^-1) [m^-2 s^-1]: 2.420010e+17 
(HRefODragMod) Multiply by H ref flux to get flux with drag []: 1.000000 
(KTide) Mass loss enhancement due to stellar gravity []: 0.774711 
(CumulativeXUVFlux) Cumulative XUV flux [W/m^2]: 0.000000 
(RunawayGreenhouseFlux) Incident flux that triggers runaway greenhouse [kg/sec^3]: 1293.741548 
(RGDuration) Runaway Greenhouse Duration [years]: 0.00000e+00

Output Order: Time[year] CumulativeXUVFlux[W/m^2]
Grid Output Order:



---- FINAL SYSTEM PROPERTIES ----
(Age) System Age [sec]: 2.453740e+17 
(Time) Simulation Time [sec]: 2.452341e+17 
(TotAngMom) Total Angular Momentum [kg*m^2/sec]: 1.789465e+42 
(TotEnergy) Total System Energy [kg*m^2/sec^2]: -1.121549e+40 
(PotEnergy) Body's non-orbital Potential Energy [kg*m^2/sec^2]: -4.136550e+40 
(KinEnergy) Body's non-orbital Kinetic Energy [kg*m^2/sec^2]: 5.766516e+32 
(DeltaTime) Average Timestep Over Last Output Interval [sec]: 1.577880e+13 

----- BODY: star ----
Active Modules: FLARE STELLAR
Module Bit Sum: 577
Color: 000000
(Mass) Mass [kg]: 3.933527e+29 
(Radius) Radius [m]: 1.497896e+08 
(RadGyra) Radius of Gyration/Moment of Inertia Constant []: 0.460211 
(RotAngMom) Rotational Angular Momentum [kg*m^2/sec]: 1.468253e+39 
(RotVel) Rotational Velocity [m/sec]: 117.658721 
(BodyType) Type of Body (0 == planet) []: 0.000000 
(RotRate) Rotational Frequency [/sec]: 7.854934e-07 
(RotPer) Rotational Period [sec]: 7.999030e+06 
(Density) Average Density [kg/m^3]: 2.794144e+04 
(HZLimitDryRunaway) Semi-major axis of Dry Runaway HZ Limit [m]: 9.301188e+09 
(HZLimRecVenus) Recent Venus HZ Limit [m]: 8.325277e+09 
(HZLimRunaway) Runaway Greenhouse HZ Limit [m]: 1.098437e+10 
(HZLimMoistGreenhouse) Moist Greenhouse HZ Limit [m]: 1.101571e+10 
(HZLimMaxGreenhouse) Maximum Greenhouse HZ Limit [m]: 2.089886e+10 
(HZLimEarlyMars) Early Mars HZ Limit [m]: 2.279255e+10 
(Instellation) Orbit-averaged INcident STELLar radiATION [kg/sec^3]: -1.000000 
(CriticalSemiMajorAxis) Holman & Wiegert (1999) P-type Critical Semi-major Axis [m]: -1.000000 
(LXUVTot) Total XUV Luminosity [LSUN]: 6.322612e-07 
(LostEnergy) Body's Total Lost Energy [kg*m^2/sec^2]: 3.015007e+40 
(LostAngMom) Lost Angular Momentum due to Magnetic Braking [kg*m^2/sec]: 1.785548e+42 
(EscapeVelocity) Escape Velocity [m/sec]: 5.920624e+05 
----- STELLAR PARAMETERS (star)------
(Luminosity) Luminosity [LSUN]: 0.004692 
(LXUVStellar) Base X-ray/XUV Luminosity [LSUN]: 2.455872e-07 
(Temperature) Effective Temperature [K]: 3256.245819 
(LXUVFrac) Fraction of luminosity in XUV []: 5.233838e-05 
(RossbyNumber) Rossby Number []: 1.561484 
(DRotPerDtStellar) Time Rate of Change of Rotation Period in STELLAR []: 1.333167e-11 
(WindTorque) Stellar Wind Torque []: 2.510095e+21 
----- FLARE PARAMETERS (star)------
(LXUVFlare) XUV Luminosity from flares [LSUN]: 3.866702e-07 
(FlareFreq1) First value of flare frequency range [/sec]: 8.676915e-05 
(FlareFreq2) Second value of flare frequency range [/sec]: 6.743804e-05 
(FlareFreq3) Third value of flare frequency range [/sec]: 5.241367e-05 
(FlareFreq4) Fourth value of flare frequency range [/sec]: 4.073654e-05 
(FlareFreqMin) Frequency of the flares with the lowest energy [/sec]: 8.676915e-05 
(FlareFreqMid) Frequency of the flares with the middle energy in the energy range [/sec]: 6.978486e-06 
(FlareFreqMax) Frequency of the flares with the highest energy [/sec]: 5.612509e-07 
(FlareEnergy1) First value of flare energy range [kg*m^2/sec^2]: 5.334000e+23 
(FlareEnergy2) Second value of flare energy range [kg*m^2/sec^2]: 6.715108e+23 
(FlareEnergy3) Third value of flare energy range [kg*m^2/sec^2]: 8.453820e+23 
(FlareEnergy4) Fourth value of flare energy range [kg*m^2/sec^2]: 1.064273e+24 
(FlareEnergyMin) Minimum flare energy [kg*m^2/sec^2]: 5.334000e+23 
(FlareEnergyMid) Middle flare energy in the range of energy values [kg*m^2/sec^2]: 5.334000e+24 
(FlareEnergyMax) Maximum flare energy [kg*m^2/sec^2]: 5.334000e+25 
(FlareYIntOUT) Instantaneous Davenport FFD y-intercept at current age and mass []: 34.508839 
(FlareSlopeOUT) Instantaneous Davenport FFD slope at current age and mass []: -1.094604 

Output Order: Time[year] Luminosity[LSUN] LXUVStellar[LSUN] LXUVFlare[LSUN] LXUVTot[LSUN]
Grid Output Order:

----- BODY: b ----
Active Modules: AtmEsc
Module Bit Sum: 9
Color: 000000
(Mass) Mass [kg]: 9.833865e+24 
(Radius) Radius [m]: 7.246819e+06 
(RadGyra) Radius of Gyration/Moment of Inertia Constant []: 0.500000 
(BodyType) Type of Body (0 == planet) []: 0.000000 
(Density) Average Density [kg/m^3]: 6168.695107 
(HZLimitDryRunaway) Semi-major axis of Dry Runaway HZ Limit [m]: 9.301248e+09 
(HZLimRecVenus) Recent Venus HZ Limit [m]: 8.325277e+09 
(HZLimRunaway) Runaway Greenhouse HZ Limit [m]: 1.098437e+10 
(HZLimMoistGreenhouse) Moist Greenhouse HZ Limit [m]: 1.101571e+10 
(HZLimMaxGreenhouse) Maximum Greenhouse HZ Limit [m]: 2.089886e+10 
(HZLimEarlyMars) Early Mars HZ Limit [m]: 2.279255e+10 
(Instellation) Orbit-averaged INcident STELLar radiATION [kg/sec^3]: 2.574710e+04 
(MeanMotion) Orbital Mean Motion [/sec]: 4.464308e-05 
(OrbPeriod) Orbital Period [sec]: 1.407427e+05 
(SemiMajorAxis) Semi-major Axis [m]: 2.361727e+09 
(LXUVTot) Total XUV Luminosity [kg/sec^3]: -1.000000 
(EscapeVelocity) Escape Velocity [m/sec]: 1.345878e+04 
----- ATMESC PARAMETERS (b)------
(SurfWaterMass) Surface water mass [kg]: 0.000000 
(EnvelopeMass) Envelope mass [kg]: 0.000000 
(OxygenMass) Oxygen mass in the atmosphere [kg]: 0.000000 
(RGLimit) Runaway greenhouse semi-major axis [m]: 1.053023e+10 
(XO) Atomic oxygen mixing ratio in upper atmosphere []: 0.000000 
(EtaO) Oxygen eta parameter (Luger and Barnes 2015) []: 0.000000 
(PlanetRadius) Planet radius [m]: 7.246819e+06 
(OxygenMantleMass) Mass of oxygen in mantle [kg]: 0.000000 
(RadXUV) XUV radius separating hydro. dyn. escape and equilibrium [m]: -1.000000 
(RadSolid) Radius to the solid surface [m]: -1.000000 
(PresXUV) Pressure at base of thermosphere [(null)]: 5.000000 
(ScaleHeight) Scale height in Lehmer & Catling (2016) model [m]: -1.000000 
(ThermTemp) Isothermal atmospheric temperature [K]: 400.000000 
(AtmGasConst) Atmospheric gas constant [(null)]: 4124.000000 
(PresSurf) Surface pressure due to atmosphere [Pa]: -1.000000 
(DEnvMassDt) Envelope Mass Loss Rate [kg/s]: 0.000000 
(FXUV) XUV flux [W/m^2]: 3.469280 
(AtmXAbsEffH2O) XUV atmospheric escape efficiency for H2O []: 0.300000 
(RocheRadius) Roche Lobe Radius [m]: 4.788175e+07 
(BondiRadius) Bondi Radius [m]: 5.993381e+08 
(HEscapeRegime) Integer flag for H envelope escape regime []: 8.000000 
(RRCriticalFlux) Critical XUV Flux that separates RR and energy-limited escape [W/m^2]: 59.584164 
(CrossoverMass) Crossover mass, defines oxygen is escaping if mc > mo [kg]: 0.000000 
(WaterEscapeRegime) What water escape regime the code is currently in []: 8.000000 
(FXUVCRITDRAG) Critical Drag XUV flux [W/m^2]: 0.492361 
(HREFFLUX) The Hydrogen Reference Flux (m^-2 s^-1) [m^-2 s^-1]: 2.233215e+18 
(XO2) Molecular oxygen mixing ratio in atmosphere []: 0.000000 
(XH2O) Water mixing ratio in upper atmosphere []: 0.000000 
(HDiffFlux) The Hydrogen Diffusion Flux (m^-2 s^-1) [m^-2 s^-1]: 2.420010e+17 
(HRefODragMod) Multiply by H ref flux to get flux with drag []: 1.000000 
(KTide) Mass loss enhancement due to stellar gravity []: 0.774711 
(CumulativeXUVFlux) Cumulative XUV flux [W/m^2]: 2.442672e+18 
(RunawayGreenhouseFlux) Incident flux that triggers runaway greenhouse [kg/sec^3]: 1295.109580 
(RGDuration) Runaway Greenhouse Duration [years]: 0.00000e+00

Output Order: Time[year] CumulativeXUVFlux[W/m^2]
Grid Output Order:
