-------- Log file gj1132.log -------

Executable: /home/vplanet/.local/bin/vplanet
Version: Unknown
System Name: gj1132
Primary Input File: vpl.in
Body File #1: star.in
Body File #2: b.in
Allow files to be overwitten: Yes
Mass Units: Grams
Length Units: Meters
Time Units: Seconds
Angle Units: Radians

------- FORMATTING -----
Verbosity Level: 5
Crossover Decade for Scientific Notation: 4
Number of Digits After Decimal: 6
Integration Method: Runge-Kutta4
Direction: Forward
Time Step: 3.155760e+07
Stop Time: 2.390379e+17
Output Interval: 3.155760e+13
Use Variable Timestep: Yes
dEta: 0.010000
Minimum Value of ecc and obl: 1.000000e-10


---- INITIAL SYSTEM PROPERTIES ----
(Age) System Age [sec]: 1.765676e+14 
(Time) Simulation Time [sec]: 0.000000 
(TotAngMom) Total Angular Momentum [kg*m^2/sec]: 1.548247e+42 
(TotEnergy) Total System Energy [kg*m^2/sec^2]: -1.248917e+40 
(PotEnergy) Body's non-orbital Potential Energy [kg*m^2/sec^2]: -1.254532e+40 
(KinEnergy) Body's non-orbital Kinetic Energy [kg*m^2/sec^2]: 5.620593e+37 
(DeltaTime) Average Timestep Over Last Output Interval [sec]: 0.000000 

----- BODY: star ----
Active Modules: FLARE STELLAR
Module Bit Sum: 577
Color: 000000
(Mass) Mass [kg]: 3.983424e+29 
(Radius) Radius [m]: 5.065087e+08 
(RadGyra) Radius of Gyration/Moment of Inertia Constant []: 0.456063 
(RotAngMom) Rotational Angular Momentum [kg*m^2/sec]: 1.545774e+42 
(RotVel) Rotational Velocity [m/sec]: 3.683435e+04 
(BodyType) Type of Body (0 == planet) []: 0.000000 
(RotRate) Rotational Frequency [/sec]: 7.272205e-05 
(RotPer) Rotational Period [sec]: 8.640000e+04 
(Density) Average Density [kg/m^3]: 731.824907 
(HZLimitDryRunaway) Semi-major axis of Dry Runaway HZ Limit [m]: 3.087791e+10 
(HZLimRecVenus) Recent Venus HZ Limit [m]: 2.765427e+10 
(HZLimRunaway) Runaway Greenhouse HZ Limit [m]: 3.647722e+10 
(HZLimMoistGreenhouse) Moist Greenhouse HZ Limit [m]: 3.659114e+10 
(HZLimMaxGreenhouse) Maximum Greenhouse HZ Limit [m]: 6.949961e+10 
(HZLimEarlyMars) Early Mars HZ Limit [m]: 7.579693e+10 
(Instellation) Orbit-averaged INcident STELLar radiATION [kg/sec^3]: -1.000000 
(CriticalSemiMajorAxis) Holman & Wiegert (1999) P-type Critical Semi-major Axis [m]: -1.000000 
(LXUVTot) Total XUV Luminosity [LSUN]: 0.000138 
(LostEnergy) Body's Total Lost Energy [kg*m^2/sec^2]: 5.562685e-309 
(LostAngMom) Lost Angular Momentum due to Magnetic Braking [kg*m^2/sec]: 5.562685e-309 
(EscapeVelocity) Escape Velocity [m/sec]: 3.240052e+05 
----- STELLAR PARAMETERS (star)------
(Luminosity) Luminosity [LSUN]: 0.051714 
(LXUVStellar) Base X-ray/XUV Luminosity [LSUN]: 0.000126 
(Temperature) Effective Temperature [K]: 3226.334823 
(LXUVFrac) Fraction of luminosity in XUV []: 0.002441 
(RossbyNumber) Rossby Number []: 0.016610 
(DRotPerDtStellar) Time Rate of Change of Rotation Period in STELLAR []: -1.101819e-10 
(WindTorque) Stellar Wind Torque []: 4.407321e+27 
----- FLARE PARAMETERS (star)------
(LXUVFlare) XUV Luminosity from flares [LSUN]: 1.182395e-05 
(FlareFreq1) First value of flare frequency range [/sec]: 1.801007e-06 
(FlareFreq2) Second value of flare frequency range [/sec]: 1.453362e-06 
(FlareFreq3) Third value of flare frequency range [/sec]: 1.172822e-06 
(FlareFreq4) Fourth value of flare frequency range [/sec]: 9.464346e-07 
(FlareFreqMin) Frequency of the flares with the lowest energy [/sec]: 1.801007e-06 
(FlareFreqMid) Frequency of the flares with the middle energy in the energy range [/sec]: 2.109111e-07 
(FlareFreqMax) Frequency of the flares with the highest energy [/sec]: 2.469922e-08 
(FlareEnergy1) First value of flare energy range [kg*m^2/sec^2]: 5.334000e+25 
(FlareEnergy2) Second value of flare energy range [kg*m^2/sec^2]: 7.534475e+25 
(FlareEnergy3) Third value of flare energy range [kg*m^2/sec^2]: 1.064273e+26 
(FlareEnergy4) Fourth value of flare energy range [kg*m^2/sec^2]: 1.503325e+26 
(FlareEnergyMin) Minimum flare energy [kg*m^2/sec^2]: 5.334000e+25 
(FlareEnergyMid) Middle flare energy in the range of energy values [kg*m^2/sec^2]: 1.686759e+27 
(FlareEnergyMax) Maximum flare energy [kg*m^2/sec^2]: 5.334000e+28 
(FlareYIntOUT) Instantaneous Davenport FFD y-intercept at current age and mass []: 19.513698 
(FlareSlopeOUT) Instantaneous Davenport FFD slope at current age and mass []: -0.620944 

Output Order: Time[year] Luminosity[LSUN] LXUVStellar[LSUN] LXUVFlare[LSUN] LXUVTot[LSUN]
Grid Output Order:

----- BODY: b ----
Active Modules: AtmEsc
Module Bit Sum: 9
Color: 000000
(Mass) Mass [kg]: 9.850956e+24 
(Radius) Radius [m]: 7.042036e+06 
(RadGyra) Radius of Gyration/Moment of Inertia Constant []: 0.500000 
(BodyType) Type of Body (0 == planet) []: 0.000000 
(Density) Average Density [kg/m^3]: 6734.338770 
(HZLimitDryRunaway) Semi-major axis of Dry Runaway HZ Limit [m]: 3.087851e+10 
(HZLimRecVenus) Recent Venus HZ Limit [m]: 2.765427e+10 
(HZLimRunaway) Runaway Greenhouse HZ Limit [m]: 3.647722e+10 
(HZLimMoistGreenhouse) Moist Greenhouse HZ Limit [m]: 3.659114e+10 
(HZLimMaxGreenhouse) Maximum Greenhouse HZ Limit [m]: 6.949961e+10 
(HZLimEarlyMars) Early Mars HZ Limit [m]: 7.579693e+10 
(Instellation) Orbit-averaged INcident STELLar radiATION [kg/sec^3]: 2.813934e+05 
(MeanMotion) Orbital Mean Motion [/sec]: 4.464389e-05 
(OrbPeriod) Orbital Period [sec]: 1.407401e+05 
(SemiMajorAxis) Semi-major Axis [m]: 2.371642e+09 
(LXUVTot) Total XUV Luminosity [kg/sec^3]: -1.000000 
(EscapeVelocity) Escape Velocity [m/sec]: 1.366493e+04 
----- ATMESC PARAMETERS (b)------
(SurfWaterMass) Surface water mass [kg]: 0.000000 
(EnvelopeMass) Envelope mass [kg]: 0.000000 
(OxygenMass) Oxygen mass in the atmosphere [kg]: 0.000000 
(RGLimit) Runaway greenhouse semi-major axis [m]: 3.496699e+10 
(XO) Atomic oxygen mixing ratio in upper atmosphere []: 0.000000 
(EtaO) Oxygen eta parameter (Luger and Barnes 2015) []: 0.000000 
(PlanetRadius) Planet radius [m]: 7.042036e+06 
(OxygenMantleMass) Mass of oxygen in mantle [kg]: 0.000000 
(RadXUV) XUV radius separating hydro. dyn. escape and equilibrium [m]: -1.000000 
(RadSolid) Radius to the solid surface [m]: -1.000000 
(PresXUV) Pressure at base of thermosphere [(null)]: 5.000000 
(ScaleHeight) Scale height in Lehmer & Catling (2016) model [m]: -1.000000 
(ThermTemp) Isothermal atmospheric temperature [K]: 400.000000 
(AtmGasConst) Atmospheric gas constant [(null)]: 4124.000000 
(PresSurf) Surface pressure due to atmosphere [Pa]: -1.000000 
(DEnvMassDt) Envelope Mass Loss Rate [kg/s]: 0.000000 
(FXUV) XUV flux [W/m^2]: 751.256414 
(AtmXAbsEffH2O) XUV atmospheric escape efficiency for H2O []: 0.300000 
(RocheRadius) Roche Lobe Radius [m]: 4.790889e+07 
(BondiRadius) Bondi Radius [m]: 3.288299e+08 
(HEscapeRegime) Integer flag for H envelope escape regime []: 8.000000 
(RRCriticalFlux) Critical XUV Flux that separates RR and energy-limited escape [W/m^2]: 66.240986 
(CrossoverMass) Crossover mass, defines oxygen is escaping if mc > mo [kg]: 0.000000 
(WaterEscapeRegime) What water escape regime the code is currently in []: 8.000000 
(FXUVCRITDRAG) Critical Drag XUV flux [W/m^2]: 0.538443 
(HREFFLUX) The Hydrogen Reference Flux (m^-2 s^-1) [m^-2 s^-1]: 4.652711e+20 
(XO2) Molecular oxygen mixing ratio in atmosphere []: 0.000000 
(XH2O) Water mixing ratio in upper atmosphere []: 0.000000 
(HDiffFlux) The Hydrogen Diffusion Flux (m^-2 s^-1) [m^-2 s^-1]: 2.567259e+17 
(HRefODragMod) Multiply by H ref flux to get flux with drag []: 1.000000 
(KTide) Mass loss enhancement due to stellar gravity []: 0.781106 
(CumulativeXUVFlux) Cumulative XUV flux [W/m^2]: 0.000000 
(RunawayGreenhouseFlux) Incident flux that triggers runaway greenhouse [kg/sec^3]: 1294.431018 
(RGDuration) Runaway Greenhouse Duration [years]: 0.00000e+00

Output Order: Time[year] CumulativeXUVFlux[W/m^2]
Grid Output Order:



---- FINAL SYSTEM PROPERTIES ----
(Age) System Age [sec]: 2.392229e+17 
(Time) Simulation Time [sec]: 2.390463e+17 
(TotAngMom) Total Angular Momentum [kg*m^2/sec]: 1.553904e+42 
(TotEnergy) Total System Energy [kg*m^2/sec^2]: -1.247134e+40 
(PotEnergy) Body's non-orbital Potential Energy [kg*m^2/sec^2]: -4.167189e+40 
(KinEnergy) Body's non-orbital Kinetic Energy [kg*m^2/sec^2]: 5.946883e+32 
(DeltaTime) Average Timestep Over Last Output Interval [sec]: 7.889400e+12 

----- BODY: star ----
Active Modules: FLARE STELLAR
Module Bit Sum: 577
Color: 000000
(Mass) Mass [kg]: 3.983424e+29 
(Radius) Radius [m]: 1.524845e+08 
(RadGyra) Radius of Gyration/Moment of Inertia Constant []: 0.460095 
(RotAngMom) Rotational Angular Momentum [kg*m^2/sec]: 1.527077e+39 
(RotVel) Rotational Velocity [m/sec]: 118.763825 
(BodyType) Type of Body (0 == planet) []: 0.000000 
(RotRate) Rotational Frequency [/sec]: 7.788585e-07 
(RotPer) Rotational Period [sec]: 8.067172e+06 
(Density) Average Density [kg/m^3]: 2.682200e+04 
(HZLimitDryRunaway) Semi-major axis of Dry Runaway HZ Limit [m]: 9.490018e+09 
(HZLimRecVenus) Recent Venus HZ Limit [m]: 8.493102e+09 
(HZLimRunaway) Runaway Greenhouse HZ Limit [m]: 1.120652e+10 
(HZLimMoistGreenhouse) Moist Greenhouse HZ Limit [m]: 1.123777e+10 
(HZLimMaxGreenhouse) Maximum Greenhouse HZ Limit [m]: 2.131435e+10 
(HZLimEarlyMars) Early Mars HZ Limit [m]: 2.324569e+10 
(Instellation) Orbit-averaged INcident STELLar radiATION [kg/sec^3]: -1.000000 
(CriticalSemiMajorAxis) Holman & Wiegert (1999) P-type Critical Semi-major Axis [m]: -1.000000 
(LXUVTot) Total XUV Luminosity [LSUN]: 6.901881e-07 
(LostEnergy) Body's Total Lost Energy [kg*m^2/sec^2]: 2.920061e+40 
(LostAngMom) Lost Angular Momentum due to Magnetic Braking [kg*m^2/sec]: 1.549903e+42 
(EscapeVelocity) Escape Velocity [m/sec]: 5.905174e+05 
----- STELLAR PARAMETERS (star)------
(Luminosity) Luminosity [LSUN]: 0.004885 
(LXUVStellar) Base X-ray/XUV Luminosity [LSUN]: 3.330245e-07 
(Temperature) Effective Temperature [K]: 3263.361910 
(LXUVFrac) Fraction of luminosity in XUV []: 6.817631e-05 
(RossbyNumber) Rossby Number []: 1.580536 
(DRotPerDtStellar) Time Rate of Change of Rotation Period in STELLAR []: 1.386062e-11 
(WindTorque) Stellar Wind Torque []: 2.623748e+21 
----- FLARE PARAMETERS (star)------
(LXUVFlare) XUV Luminosity from flares [LSUN]: 3.571543e-07 
(FlareFreq1) First value of flare frequency range [/sec]: 5.577469e-07 
(FlareFreq2) Second value of flare frequency range [/sec]: 3.833953e-07 
(FlareFreq3) Third value of flare frequency range [/sec]: 2.635460e-07 
(FlareFreq4) Fourth value of flare frequency range [/sec]: 1.811616e-07 
(FlareFreqMin) Frequency of the flares with the lowest energy [/sec]: 5.577469e-07 
(FlareFreqMid) Frequency of the flares with the middle energy in the energy range [/sec]: 1.313813e-08 
(FlareFreqMax) Frequency of the flares with the highest energy [/sec]: 3.094780e-10 
(FlareEnergy1) First value of flare energy range [kg*m^2/sec^2]: 5.334000e+25 
(FlareEnergy2) Second value of flare energy range [kg*m^2/sec^2]: 7.534475e+25 
(FlareEnergy3) Third value of flare energy range [kg*m^2/sec^2]: 1.064273e+26 
(FlareEnergy4) Fourth value of flare energy range [kg*m^2/sec^2]: 1.503325e+26 
(FlareEnergyMin) Minimum flare energy [kg*m^2/sec^2]: 5.334000e+25 
(FlareEnergyMid) Middle flare energy in the range of energy values [kg*m^2/sec^2]: 1.686759e+27 
(FlareEnergyMax) Maximum flare energy [kg*m^2/sec^2]: 5.334000e+28 
(FlareYIntOUT) Instantaneous Davenport FFD y-intercept at current age and mass []: 34.200611 
(FlareSlopeOUT) Instantaneous Davenport FFD slope at current age and mass []: -1.085269 

Output Order: Time[year] Luminosity[LSUN] LXUVStellar[LSUN] LXUVFlare[LSUN] LXUVTot[LSUN]
Grid Output Order:

----- BODY: b ----
Active Modules: AtmEsc
Module Bit Sum: 9
Color: 000000
(Mass) Mass [kg]: 9.850956e+24 
(Radius) Radius [m]: 7.042036e+06 
(RadGyra) Radius of Gyration/Moment of Inertia Constant []: 0.500000 
(BodyType) Type of Body (0 == planet) []: 0.000000 
(Density) Average Density [kg/m^3]: 6734.338770 
(HZLimitDryRunaway) Semi-major axis of Dry Runaway HZ Limit [m]: 9.490202e+09 
(HZLimRecVenus) Recent Venus HZ Limit [m]: 8.493102e+09 
(HZLimRunaway) Runaway Greenhouse HZ Limit [m]: 1.120652e+10 
(HZLimMoistGreenhouse) Moist Greenhouse HZ Limit [m]: 1.123777e+10 
(HZLimMaxGreenhouse) Maximum Greenhouse HZ Limit [m]: 2.131435e+10 
(HZLimEarlyMars) Early Mars HZ Limit [m]: 2.324569e+10 
(Instellation) Orbit-averaged INcident STELLar radiATION [kg/sec^3]: 2.657983e+04 
(MeanMotion) Orbital Mean Motion [/sec]: 4.464389e-05 
(OrbPeriod) Orbital Period [sec]: 1.407401e+05 
(SemiMajorAxis) Semi-major Axis [m]: 2.371642e+09 
(LXUVTot) Total XUV Luminosity [kg/sec^3]: -1.000000 
(EscapeVelocity) Escape Velocity [m/sec]: 1.366493e+04 
----- ATMESC PARAMETERS (b)------
(SurfWaterMass) Surface water mass [kg]: 0.000000 
(EnvelopeMass) Envelope mass [kg]: 0.000000 
(OxygenMass) Oxygen mass in the atmosphere [kg]: 0.000000 
(RGLimit) Runaway greenhouse semi-major axis [m]: 1.074273e+10 
(XO) Atomic oxygen mixing ratio in upper atmosphere []: 0.000000 
(EtaO) Oxygen eta parameter (Luger and Barnes 2015) []: 0.000000 
(PlanetRadius) Planet radius [m]: 7.042036e+06 
(OxygenMantleMass) Mass of oxygen in mantle [kg]: 0.000000 
(RadXUV) XUV radius separating hydro. dyn. escape and equilibrium [m]: -1.000000 
(RadSolid) Radius to the solid surface [m]: -1.000000 
(PresXUV) Pressure at base of thermosphere [(null)]: 5.000000 
(ScaleHeight) Scale height in Lehmer & Catling (2016) model [m]: -1.000000 
(ThermTemp) Isothermal atmospheric temperature [K]: 400.000000 
(AtmGasConst) Atmospheric gas constant [(null)]: 4124.000000 
(PresSurf) Surface pressure due to atmosphere [Pa]: -1.000000 
(DEnvMassDt) Envelope Mass Loss Rate [kg/s]: 0.000000 
(FXUV) XUV flux [W/m^2]: 3.755578 
(AtmXAbsEffH2O) XUV atmospheric escape efficiency for H2O []: 0.300000 
(RocheRadius) Roche Lobe Radius [m]: 4.790889e+07 
(BondiRadius) Bondi Radius [m]: 5.925107e+08 
(HEscapeRegime) Integer flag for H envelope escape regime []: 8.000000 
(RRCriticalFlux) Critical XUV Flux that separates RR and energy-limited escape [W/m^2]: 66.240986 
(CrossoverMass) Crossover mass, defines oxygen is escaping if mc > mo [kg]: 0.000000 
(WaterEscapeRegime) What water escape regime the code is currently in []: 8.000000 
(FXUVCRITDRAG) Critical Drag XUV flux [W/m^2]: 0.538443 
(HREFFLUX) The Hydrogen Reference Flux (m^-2 s^-1) [m^-2 s^-1]: 2.325920e+18 
(XO2) Molecular oxygen mixing ratio in atmosphere []: 0.000000 
(XH2O) Water mixing ratio in upper atmosphere []: 0.000000 
(HDiffFlux) The Hydrogen Diffusion Flux (m^-2 s^-1) [m^-2 s^-1]: 2.567259e+17 
(HRefODragMod) Multiply by H ref flux to get flux with drag []: 1.000000 
(KTide) Mass loss enhancement due to stellar gravity []: 0.781106 
(CumulativeXUVFlux) Cumulative XUV flux [W/m^2]: 4.567464e+18 
(RunawayGreenhouseFlux) Incident flux that triggers runaway greenhouse [kg/sec^3]: 1295.401171 
(RGDuration) Runaway Greenhouse Duration [years]: 0.00000e+00

Output Order: Time[year] CumulativeXUVFlux[W/m^2]
Grid Output Order:
