-------- Log file gj1132.log -------

Executable: /home/vplanet/.local/bin/vplanet
Version: Unknown
System Name: gj1132
Primary Input File: vpl.in
Body File #1: star.in
Body File #2: b.in
Allow files to be overwitten: Yes
Mass Units: Grams
Length Units: Meters
Time Units: Seconds
Angle Units: Radians

------- FORMATTING -----
Verbosity Level: 5
Crossover Decade for Scientific Notation: 4
Number of Digits After Decimal: 6
Integration Method: Runge-Kutta4
Direction: Forward
Time Step: 3.155760e+07
Stop Time: 1.954821e+17
Output Interval: 3.155760e+13
Use Variable Timestep: Yes
dEta: 0.010000
Minimum Value of ecc and obl: 1.000000e-10


---- INITIAL SYSTEM PROPERTIES ----
(Age) System Age [sec]: 2.163525e+14 
(Time) Simulation Time [sec]: 0.000000 
(TotAngMom) Total Angular Momentum [kg*m^2/sec]: 1.353009e+42 
(TotEnergy) Total System Energy [kg*m^2/sec^2]: -1.360767e+40 
(PotEnergy) Body's non-orbital Potential Energy [kg*m^2/sec^2]: -1.365672e+40 
(KinEnergy) Body's non-orbital Kinetic Energy [kg*m^2/sec^2]: 4.910562e+37 
(DeltaTime) Average Timestep Over Last Output Interval [sec]: 0.000000 

----- BODY: star ----
Active Modules: FLARE STELLAR
Module Bit Sum: 577
Color: 000000
(Mass) Mass [kg]: 4.008469e+29 
(Radius) Radius [m]: 4.711578e+08 
(RadGyra) Radius of Gyration/Moment of Inertia Constant []: 0.456834 
(RotAngMom) Rotational Angular Momentum [kg*m^2/sec]: 1.350501e+42 
(RotVel) Rotational Velocity [m/sec]: 3.426356e+04 
(BodyType) Type of Body (0 == planet) []: 0.000000 
(RotRate) Rotational Frequency [/sec]: 7.272205e-05 
(RotPer) Rotational Period [sec]: 8.640000e+04 
(Density) Average Density [kg/m^3]: 914.935931 
(HZLimitDryRunaway) Semi-major axis of Dry Runaway HZ Limit [m]: 2.878955e+10 
(HZLimRecVenus) Recent Venus HZ Limit [m]: 2.578162e+10 
(HZLimRunaway) Runaway Greenhouse HZ Limit [m]: 3.400852e+10 
(HZLimMoistGreenhouse) Moist Greenhouse HZ Limit [m]: 3.411332e+10 
(HZLimMaxGreenhouse) Maximum Greenhouse HZ Limit [m]: 6.478199e+10 
(HZLimEarlyMars) Early Mars HZ Limit [m]: 7.065187e+10 
(Instellation) Orbit-averaged INcident STELLar radiATION [kg/sec^3]: -1.000000 
(CriticalSemiMajorAxis) Holman & Wiegert (1999) P-type Critical Semi-major Axis [m]: -1.000000 
(LXUVTot) Total XUV Luminosity [LSUN]: 6.541697e-05 
(LostEnergy) Body's Total Lost Energy [kg*m^2/sec^2]: 5.562685e-309 
(LostAngMom) Lost Angular Momentum due to Magnetic Braking [kg*m^2/sec]: 5.562685e-309 
(EscapeVelocity) Escape Velocity [m/sec]: 3.369948e+05 
----- STELLAR PARAMETERS (star)------
(Luminosity) Luminosity [LSUN]: 0.044955 
(LXUVStellar) Base X-ray/XUV Luminosity [LSUN]: 6.462998e-05 
(Temperature) Effective Temperature [K]: 3230.933715 
(LXUVFrac) Fraction of luminosity in XUV []: 0.001438 
(RossbyNumber) Rossby Number []: 0.016649 
(DRotPerDtStellar) Time Rate of Change of Rotation Period in STELLAR []: -1.240088e-10 
(WindTorque) Stellar Wind Torque []: 2.983898e+27 
----- FLARE PARAMETERS (star)------
(LXUVFlare) XUV Luminosity from flares [LSUN]: 7.869901e-07 
(FlareFreq1) First value of flare frequency range [/sec]: 3.389091e-05 
(FlareFreq2) Second value of flare frequency range [/sec]: 2.924061e-05 
(FlareFreq3) Third value of flare frequency range [/sec]: 2.522840e-05 
(FlareFreq4) Fourth value of flare frequency range [/sec]: 2.176672e-05 
(FlareFreqMin) Frequency of the flares with the lowest energy [/sec]: 3.389091e-05 
(FlareFreqMid) Frequency of the flares with the middle energy in the energy range [/sec]: 7.746683e-06 
(FlareFreqMax) Frequency of the flares with the highest energy [/sec]: 1.770714e-06 
(FlareEnergy1) First value of flare energy range [kg*m^2/sec^2]: 5.334000e+23 
(FlareEnergy2) Second value of flare energy range [kg*m^2/sec^2]: 6.715108e+23 
(FlareEnergy3) Third value of flare energy range [kg*m^2/sec^2]: 8.453820e+23 
(FlareEnergy4) Fourth value of flare energy range [kg*m^2/sec^2]: 1.064273e+24 
(FlareEnergyMin) Minimum flare energy [kg*m^2/sec^2]: 5.334000e+23 
(FlareEnergyMid) Middle flare energy in the range of energy values [kg*m^2/sec^2]: 5.334000e+24 
(FlareEnergyMax) Maximum flare energy [kg*m^2/sec^2]: 5.334000e+25 
(FlareYIntOUT) Instantaneous Davenport FFD y-intercept at current age and mass []: 20.161636 
(FlareSlopeOUT) Instantaneous Davenport FFD slope at current age and mass []: -0.640967 

Output Order: Time[year] Luminosity[LSUN] LXUVStellar[LSUN] LXUVFlare[LSUN] LXUVTot[LSUN]
Grid Output Order:

----- BODY: b ----
Active Modules: AtmEsc
Module Bit Sum: 9
Color: 000000
(Mass) Mass [kg]: 9.945925e+24 
(Radius) Radius [m]: 7.296857e+06 
(RadGyra) Radius of Gyration/Moment of Inertia Constant []: 0.500000 
(BodyType) Type of Body (0 == planet) []: 0.000000 
(Density) Average Density [kg/m^3]: 6111.516733 
(HZLimitDryRunaway) Semi-major axis of Dry Runaway HZ Limit [m]: 2.878955e+10 
(HZLimRecVenus) Recent Venus HZ Limit [m]: 2.578162e+10 
(HZLimRunaway) Runaway Greenhouse HZ Limit [m]: 3.400852e+10 
(HZLimMoistGreenhouse) Moist Greenhouse HZ Limit [m]: 3.411332e+10 
(HZLimMaxGreenhouse) Maximum Greenhouse HZ Limit [m]: 6.478199e+10 
(HZLimEarlyMars) Early Mars HZ Limit [m]: 7.065187e+10 
(Instellation) Orbit-averaged INcident STELLar radiATION [kg/sec^3]: 2.435873e+05 
(MeanMotion) Orbital Mean Motion [/sec]: 4.464313e-05 
(OrbPeriod) Orbital Period [sec]: 1.407425e+05 
(SemiMajorAxis) Semi-major Axis [m]: 2.376630e+09 
(LXUVTot) Total XUV Luminosity [kg/sec^3]: -1.000000 
(EscapeVelocity) Escape Velocity [m/sec]: 1.348876e+04 
----- ATMESC PARAMETERS (b)------
(SurfWaterMass) Surface water mass [kg]: 0.000000 
(EnvelopeMass) Envelope mass [kg]: 0.000000 
(OxygenMass) Oxygen mass in the atmosphere [kg]: 0.000000 
(RGLimit) Runaway greenhouse semi-major axis [m]: 3.259367e+10 
(XO) Atomic oxygen mixing ratio in upper atmosphere []: 0.000000 
(EtaO) Oxygen eta parameter (Luger and Barnes 2015) []: 0.000000 
(PlanetRadius) Planet radius [m]: 7.296857e+06 
(OxygenMantleMass) Mass of oxygen in mantle [kg]: 0.000000 
(RadXUV) XUV radius separating hydro. dyn. escape and equilibrium [m]: -1.000000 
(RadSolid) Radius to the solid surface [m]: -1.000000 
(PresXUV) Pressure at base of thermosphere [(null)]: 5.000000 
(ScaleHeight) Scale height in Lehmer & Catling (2016) model [m]: -1.000000 
(ThermTemp) Isothermal atmospheric temperature [K]: 400.000000 
(AtmGasConst) Atmospheric gas constant [(null)]: 4124.000000 
(PresSurf) Surface pressure due to atmosphere [Pa]: -1.000000 
(DEnvMassDt) Envelope Mass Loss Rate [kg/s]: 0.000000 
(FXUV) XUV flux [W/m^2]: 354.459659 
(AtmXAbsEffH2O) XUV atmospheric escape efficiency for H2O []: 0.300000 
(RocheRadius) Roche Lobe Radius [m]: 4.806290e+07 
(BondiRadius) Bondi Radius [m]: 3.433789e+08 
(HEscapeRegime) Integer flag for H envelope escape regime []: 8.000000 
(RRCriticalFlux) Critical XUV Flux that separates RR and energy-limited escape [W/m^2]: 59.598290 
(CrossoverMass) Crossover mass, defines oxygen is escaping if mc > mo [kg]: 0.000000 
(WaterEscapeRegime) What water escape regime the code is currently in []: 8.000000 
(FXUVCRITDRAG) Critical Drag XUV flux [W/m^2]: 0.493356 
(HREFFLUX) The Hydrogen Reference Flux (m^-2 s^-1) [m^-2 s^-1]: 2.273591e+20 
(XO2) Molecular oxygen mixing ratio in atmosphere []: 0.000000 
(XH2O) Water mixing ratio in upper atmosphere []: 0.000000 
(HDiffFlux) The Hydrogen Diffusion Flux (m^-2 s^-1) [m^-2 s^-1]: 2.414134e+17 
(HRefODragMod) Multiply by H ref flux to get flux with drag []: 1.000000 
(KTide) Mass loss enhancement due to stellar gravity []: 0.774021 
(CumulativeXUVFlux) Cumulative XUV flux [W/m^2]: 0.000000 
(RunawayGreenhouseFlux) Incident flux that triggers runaway greenhouse [kg/sec^3]: 1295.123645 
(RGDuration) Runaway Greenhouse Duration [years]: 0.00000e+00

Output Order: Time[year] CumulativeXUVFlux[W/m^2]
Grid Output Order:



---- FINAL SYSTEM PROPERTIES ----
(Age) System Age [sec]: 1.957157e+17 
(Time) Simulation Time [sec]: 1.954993e+17 
(TotAngMom) Total Angular Momentum [kg*m^2/sec]: 1.356371e+42 
(TotEnergy) Total System Energy [kg*m^2/sec^2]: -1.359109e+40 
(PotEnergy) Body's non-orbital Potential Energy [kg*m^2/sec^2]: -4.225516e+40 
(KinEnergy) Body's non-orbital Kinetic Energy [kg*m^2/sec^2]: 7.240842e+32 
(DeltaTime) Average Timestep Over Last Output Interval [sec]: 1.577880e+13 

----- BODY: star ----
Active Modules: FLARE STELLAR
Module Bit Sum: 577
Color: 000000
(Mass) Mass [kg]: 4.008469e+29 
(Radius) Radius [m]: 1.522765e+08 
(RadGyra) Radius of Gyration/Moment of Inertia Constant []: 0.460175 
(RotAngMom) Rotational Angular Momentum [kg*m^2/sec]: 1.688320e+39 
(RotVel) Rotational Velocity [m/sec]: 130.616275 
(BodyType) Type of Body (0 == planet) []: 0.000000 
(RotRate) Rotational Frequency [/sec]: 8.577572e-07 
(RotPer) Rotational Period [sec]: 7.325133e+06 
(Density) Average Density [kg/m^3]: 2.710136e+04 
(HZLimitDryRunaway) Semi-major axis of Dry Runaway HZ Limit [m]: 9.503898e+09 
(HZLimRecVenus) Recent Venus HZ Limit [m]: 8.505285e+09 
(HZLimRunaway) Runaway Greenhouse HZ Limit [m]: 1.122274e+10 
(HZLimMoistGreenhouse) Moist Greenhouse HZ Limit [m]: 1.125389e+10 
(HZLimMaxGreenhouse) Maximum Greenhouse HZ Limit [m]: 2.134376e+10 
(HZLimEarlyMars) Early Mars HZ Limit [m]: 2.327777e+10 
(Instellation) Orbit-averaged INcident STELLar radiATION [kg/sec^3]: -1.000000 
(CriticalSemiMajorAxis) Holman & Wiegert (1999) P-type Critical Semi-major Axis [m]: -1.000000 
(LXUVTot) Total XUV Luminosity [LSUN]: 6.719868e-07 
(LostEnergy) Body's Total Lost Energy [kg*m^2/sec^2]: 2.866413e+40 
(LostAngMom) Lost Angular Momentum due to Magnetic Braking [kg*m^2/sec]: 1.352175e+42 
(EscapeVelocity) Escape Velocity [m/sec]: 5.927752e+05 
----- STELLAR PARAMETERS (star)------
(Luminosity) Luminosity [LSUN]: 0.004899 
(LXUVStellar) Base X-ray/XUV Luminosity [LSUN]: 2.794112e-07 
(Temperature) Effective Temperature [K]: 3264.778451 
(LXUVFrac) Fraction of luminosity in XUV []: 5.703371e-05 
(RossbyNumber) Rossby Number []: 1.436196 
(DRotPerDtStellar) Time Rate of Change of Rotation Period in STELLAR []: 1.826406e-11 
(WindTorque) Stellar Wind Torque []: 4.202189e+21 
----- FLARE PARAMETERS (star)------
(LXUVFlare) XUV Luminosity from flares [LSUN]: 3.925705e-07 
(FlareFreq1) First value of flare frequency range [/sec]: 8.337703e-05 
(FlareFreq2) Second value of flare frequency range [/sec]: 6.505141e-05 
(FlareFreq3) Third value of flare frequency range [/sec]: 5.075362e-05 
(FlareFreq4) Fourth value of flare frequency range [/sec]: 3.959837e-05 
(FlareFreqMin) Frequency of the flares with the lowest energy [/sec]: 8.337703e-05 
(FlareFreqMid) Frequency of the flares with the middle energy in the energy range [/sec]: 6.968660e-06 
(FlareFreqMax) Frequency of the flares with the highest energy [/sec]: 5.824413e-07 
(FlareEnergy1) First value of flare energy range [kg*m^2/sec^2]: 5.334000e+23 
(FlareEnergy2) Second value of flare energy range [kg*m^2/sec^2]: 6.715108e+23 
(FlareEnergy3) Third value of flare energy range [kg*m^2/sec^2]: 8.453820e+23 
(FlareEnergy4) Fourth value of flare energy range [kg*m^2/sec^2]: 1.064273e+24 
(FlareEnergyMin) Minimum flare energy [kg*m^2/sec^2]: 5.334000e+23 
(FlareEnergyMid) Middle flare energy in the range of energy values [kg*m^2/sec^2]: 5.334000e+24 
(FlareEnergyMax) Maximum flare energy [kg*m^2/sec^2]: 5.334000e+25 
(FlareYIntOUT) Instantaneous Davenport FFD y-intercept at current age and mass []: 33.978163 
(FlareSlopeOUT) Instantaneous Davenport FFD slope at current age and mass []: -1.077897 

Output Order: Time[year] Luminosity[LSUN] LXUVStellar[LSUN] LXUVFlare[LSUN] LXUVTot[LSUN]
Grid Output Order:

----- BODY: b ----
Active Modules: AtmEsc
Module Bit Sum: 9
Color: 000000
(Mass) Mass [kg]: 9.945925e+24 
(Radius) Radius [m]: 7.296857e+06 
(RadGyra) Radius of Gyration/Moment of Inertia Constant []: 0.500000 
(BodyType) Type of Body (0 == planet) []: 0.000000 
(Density) Average Density [kg/m^3]: 6111.516733 
(HZLimitDryRunaway) Semi-major axis of Dry Runaway HZ Limit [m]: 9.503898e+09 
(HZLimRecVenus) Recent Venus HZ Limit [m]: 8.505285e+09 
(HZLimRunaway) Runaway Greenhouse HZ Limit [m]: 1.122274e+10 
(HZLimMoistGreenhouse) Moist Greenhouse HZ Limit [m]: 1.125389e+10 
(HZLimMaxGreenhouse) Maximum Greenhouse HZ Limit [m]: 2.134376e+10 
(HZLimEarlyMars) Early Mars HZ Limit [m]: 2.327777e+10 
(Instellation) Orbit-averaged INcident STELLar radiATION [kg/sec^3]: 2.654536e+04 
(MeanMotion) Orbital Mean Motion [/sec]: 4.464313e-05 
(OrbPeriod) Orbital Period [sec]: 1.407425e+05 
(SemiMajorAxis) Semi-major Axis [m]: 2.376630e+09 
(LXUVTot) Total XUV Luminosity [kg/sec^3]: -1.000000 
(EscapeVelocity) Escape Velocity [m/sec]: 1.348876e+04 
----- ATMESC PARAMETERS (b)------
(SurfWaterMass) Surface water mass [kg]: 0.000000 
(EnvelopeMass) Envelope mass [kg]: 0.000000 
(OxygenMass) Oxygen mass in the atmosphere [kg]: 0.000000 
(RGLimit) Runaway greenhouse semi-major axis [m]: 1.075601e+10 
(XO) Atomic oxygen mixing ratio in upper atmosphere []: 0.000000 
(EtaO) Oxygen eta parameter (Luger and Barnes 2015) []: 0.000000 
(PlanetRadius) Planet radius [m]: 7.296857e+06 
(OxygenMantleMass) Mass of oxygen in mantle [kg]: 0.000000 
(RadXUV) XUV radius separating hydro. dyn. escape and equilibrium [m]: -1.000000 
(RadSolid) Radius to the solid surface [m]: -1.000000 
(PresXUV) Pressure at base of thermosphere [(null)]: 5.000000 
(ScaleHeight) Scale height in Lehmer & Catling (2016) model [m]: -1.000000 
(ThermTemp) Isothermal atmospheric temperature [K]: 400.000000 
(AtmGasConst) Atmospheric gas constant [(null)]: 4124.000000 
(PresSurf) Surface pressure due to atmosphere [Pa]: -1.000000 
(DEnvMassDt) Envelope Mass Loss Rate [kg/s]: 0.000000 
(FXUV) XUV flux [W/m^2]: 3.641138 
(AtmXAbsEffH2O) XUV atmospheric escape efficiency for H2O []: 0.300000 
(RocheRadius) Roche Lobe Radius [m]: 4.806290e+07 
(BondiRadius) Bondi Radius [m]: 5.977433e+08 
(HEscapeRegime) Integer flag for H envelope escape regime []: 8.000000 
(RRCriticalFlux) Critical XUV Flux that separates RR and energy-limited escape [W/m^2]: 59.598290 
(CrossoverMass) Crossover mass, defines oxygen is escaping if mc > mo [kg]: 0.000000 
(WaterEscapeRegime) What water escape regime the code is currently in []: 8.000000 
(FXUVCRITDRAG) Critical Drag XUV flux [W/m^2]: 0.493356 
(HREFFLUX) The Hydrogen Reference Flux (m^-2 s^-1) [m^-2 s^-1]: 2.335515e+18 
(XO2) Molecular oxygen mixing ratio in atmosphere []: 0.000000 
(XH2O) Water mixing ratio in upper atmosphere []: 0.000000 
(HDiffFlux) The Hydrogen Diffusion Flux (m^-2 s^-1) [m^-2 s^-1]: 2.414134e+17 
(HRefODragMod) Multiply by H ref flux to get flux with drag []: 1.000000 
(KTide) Mass loss enhancement due to stellar gravity []: 0.774021 
(CumulativeXUVFlux) Cumulative XUV flux [W/m^2]: 2.867338e+18 
(RunawayGreenhouseFlux) Incident flux that triggers runaway greenhouse [kg/sec^3]: 1296.011856 
(RGDuration) Runaway Greenhouse Duration [years]: 0.00000e+00

Output Order: Time[year] CumulativeXUVFlux[W/m^2]
Grid Output Order:
