-------- Log file gj1132.log -------

Executable: /home/vplanet/.local/bin/vplanet
Version: Unknown
System Name: gj1132
Primary Input File: vpl.in
Body File #1: star.in
Body File #2: b.in
Allow files to be overwitten: Yes
Mass Units: Grams
Length Units: Meters
Time Units: Seconds
Angle Units: Radians

------- FORMATTING -----
Verbosity Level: 5
Crossover Decade for Scientific Notation: 4
Number of Digits After Decimal: 6
Integration Method: Runge-Kutta4
Direction: Forward
Time Step: 3.155760e+07
Stop Time: 2.114036e+17
Output Interval: 3.155760e+13
Use Variable Timestep: Yes
dEta: 0.010000
Minimum Value of ecc and obl: 1.000000e-10


---- INITIAL SYSTEM PROPERTIES ----
(Age) System Age [sec]: 1.283270e+14 
(Time) Simulation Time [sec]: 0.000000 
(TotAngMom) Total Angular Momentum [kg*m^2/sec]: 1.782034e+42 
(TotEnergy) Total System Energy [kg*m^2/sec^2]: -1.035813e+40 
(PotEnergy) Body's non-orbital Potential Energy [kg*m^2/sec^2]: -1.042278e+40 
(KinEnergy) Body's non-orbital Kinetic Energy [kg*m^2/sec^2]: 6.470860e+37 
(DeltaTime) Average Timestep Over Last Output Interval [sec]: 0.000000 

----- BODY: star ----
Active Modules: FLARE STELLAR
Module Bit Sum: 577
Color: 000000
(Mass) Mass [kg]: 3.809072e+29 
(Radius) Radius [m]: 5.574558e+08 
(RadGyra) Radius of Gyration/Moment of Inertia Constant []: 0.454684 
(RotAngMom) Rotational Angular Momentum [kg*m^2/sec]: 1.779614e+42 
(RotVel) Rotational Velocity [m/sec]: 4.053933e+04 
(BodyType) Type of Body (0 == planet) []: 0.000000 
(RotRate) Rotational Frequency [/sec]: 7.272205e-05 
(RotPer) Rotational Period [sec]: 8.640000e+04 
(Density) Average Density [kg/m^3]: 524.927562 
(HZLimitDryRunaway) Semi-major axis of Dry Runaway HZ Limit [m]: 3.301594e+10 
(HZLimRecVenus) Recent Venus HZ Limit [m]: 2.959524e+10 
(HZLimRunaway) Runaway Greenhouse HZ Limit [m]: 3.902141e+10 
(HZLimMoistGreenhouse) Moist Greenhouse HZ Limit [m]: 3.915937e+10 
(HZLimMaxGreenhouse) Maximum Greenhouse HZ Limit [m]: 7.450820e+10 
(HZLimEarlyMars) Early Mars HZ Limit [m]: 8.125913e+10 
(Instellation) Orbit-averaged INcident STELLar radiATION [kg/sec^3]: -1.000000 
(CriticalSemiMajorAxis) Holman & Wiegert (1999) P-type Critical Semi-major Axis [m]: -1.000000 
(LXUVTot) Total XUV Luminosity [LSUN]: 0.000457 
(LostEnergy) Body's Total Lost Energy [kg*m^2/sec^2]: 5.562685e-309 
(LostAngMom) Lost Angular Momentum due to Magnetic Braking [kg*m^2/sec]: 5.562685e-309 
(EscapeVelocity) Escape Velocity [m/sec]: 3.020102e+05 
----- STELLAR PARAMETERS (star)------
(Luminosity) Luminosity [LSUN]: 0.059123 
(LXUVStellar) Base X-ray/XUV Luminosity [LSUN]: 0.000444 
(Temperature) Effective Temperature [K]: 3180.224561 
(LXUVFrac) Fraction of luminosity in XUV []: 0.007512 
(RossbyNumber) Rossby Number []: 0.016222 
(DRotPerDtStellar) Time Rate of Change of Rotation Period in STELLAR []: -1.474467e-10 
(WindTorque) Stellar Wind Torque []: 7.570505e+27 
----- FLARE PARAMETERS (star)------
(LXUVFlare) XUV Luminosity from flares [LSUN]: 1.333399e-05 
(FlareFreq1) First value of flare frequency range [/sec]: 1.887106e-06 
(FlareFreq2) Second value of flare frequency range [/sec]: 1.529554e-06 
(FlareFreq3) Third value of flare frequency range [/sec]: 1.239748e-06 
(FlareFreq4) Fourth value of flare frequency range [/sec]: 1.004851e-06 
(FlareFreqMin) Frequency of the flares with the lowest energy [/sec]: 1.887106e-06 
(FlareFreqMid) Frequency of the flares with the middle energy in the energy range [/sec]: 2.309304e-07 
(FlareFreqMax) Frequency of the flares with the highest energy [/sec]: 2.825960e-08 
(FlareEnergy1) First value of flare energy range [kg*m^2/sec^2]: 5.334000e+25 
(FlareEnergy2) Second value of flare energy range [kg*m^2/sec^2]: 7.534475e+25 
(FlareEnergy3) Third value of flare energy range [kg*m^2/sec^2]: 1.064273e+26 
(FlareEnergy4) Fourth value of flare energy range [kg*m^2/sec^2]: 1.503325e+26 
(FlareEnergyMin) Minimum flare energy [kg*m^2/sec^2]: 5.334000e+25 
(FlareEnergyMid) Middle flare energy in the range of energy values [kg*m^2/sec^2]: 1.686759e+27 
(FlareEnergyMax) Maximum flare energy [kg*m^2/sec^2]: 5.334000e+28 
(FlareYIntOUT) Instantaneous Davenport FFD y-intercept at current age and mass []: 19.117234 
(FlareSlopeOUT) Instantaneous Davenport FFD slope at current age and mass []: -0.608210 

Output Order: Time[year] Luminosity[LSUN] LXUVStellar[LSUN] LXUVFlare[LSUN] LXUVTot[LSUN]
Grid Output Order:

----- BODY: b ----
Active Modules: AtmEsc
Module Bit Sum: 9
Color: 000000
(Mass) Mass [kg]: 9.929529e+24 
(Radius) Radius [m]: 7.162450e+06 
(RadGyra) Radius of Gyration/Moment of Inertia Constant []: 0.500000 
(BodyType) Type of Body (0 == planet) []: 0.000000 
(Density) Average Density [kg/m^3]: 6451.417653 
(HZLimitDryRunaway) Semi-major axis of Dry Runaway HZ Limit [m]: 3.301594e+10 
(HZLimRecVenus) Recent Venus HZ Limit [m]: 2.959524e+10 
(HZLimRunaway) Runaway Greenhouse HZ Limit [m]: 3.902141e+10 
(HZLimMoistGreenhouse) Moist Greenhouse HZ Limit [m]: 3.915937e+10 
(HZLimMaxGreenhouse) Maximum Greenhouse HZ Limit [m]: 7.450820e+10 
(HZLimEarlyMars) Early Mars HZ Limit [m]: 8.125913e+10 
(Instellation) Orbit-averaged INcident STELLar radiATION [kg/sec^3]: 3.314521e+05 
(MeanMotion) Orbital Mean Motion [/sec]: 4.464435e-05 
(OrbPeriod) Orbital Period [sec]: 1.407387e+05 
(SemiMajorAxis) Semi-major Axis [m]: 2.336508e+09 
(LXUVTot) Total XUV Luminosity [kg/sec^3]: -1.000000 
(EscapeVelocity) Escape Velocity [m/sec]: 1.360350e+04 
----- ATMESC PARAMETERS (b)------
(SurfWaterMass) Surface water mass [kg]: 0.000000 
(EnvelopeMass) Envelope mass [kg]: 0.000000 
(OxygenMass) Oxygen mass in the atmosphere [kg]: 0.000000 
(RGLimit) Runaway greenhouse semi-major axis [m]: 3.739882e+10 
(XO) Atomic oxygen mixing ratio in upper atmosphere []: 0.000000 
(EtaO) Oxygen eta parameter (Luger and Barnes 2015) []: 0.000000 
(PlanetRadius) Planet radius [m]: 7.162450e+06 
(OxygenMantleMass) Mass of oxygen in mantle [kg]: 0.000000 
(RadXUV) XUV radius separating hydro. dyn. escape and equilibrium [m]: -1.000000 
(RadSolid) Radius to the solid surface [m]: -1.000000 
(PresXUV) Pressure at base of thermosphere [(null)]: 5.000000 
(ScaleHeight) Scale height in Lehmer & Catling (2016) model [m]: -1.000000 
(ThermTemp) Isothermal atmospheric temperature [K]: 400.000000 
(AtmGasConst) Atmospheric gas constant [(null)]: 4124.000000 
(PresSurf) Surface pressure due to atmosphere [Pa]: -1.000000 
(DEnvMassDt) Envelope Mass Loss Rate [kg/s]: 0.000000 
(FXUV) XUV flux [W/m^2]: 2564.606474 
(AtmXAbsEffH2O) XUV atmospheric escape efficiency for H2O []: 0.300000 
(RocheRadius) Roche Lobe Radius [m]: 4.803562e+07 
(BondiRadius) Bondi Radius [m]: 3.229256e+08 
(HEscapeRegime) Integer flag for H envelope escape regime []: 8.000000 
(RRCriticalFlux) Critical XUV Flux that separates RR and energy-limited escape [W/m^2]: 63.456103 
(CrossoverMass) Crossover mass, defines oxygen is escaping if mc > mo [kg]: 0.000000 
(WaterEscapeRegime) What water escape regime the code is currently in []: 8.000000 
(FXUVCRITDRAG) Critical Drag XUV flux [W/m^2]: 0.519936 
(HREFFLUX) The Hydrogen Reference Flux (m^-2 s^-1) [m^-2 s^-1]: 1.609102e+21 
(XO2) Molecular oxygen mixing ratio in atmosphere []: 0.000000 
(XH2O) Water mixing ratio in upper atmosphere []: 0.000000 
(HDiffFlux) The Hydrogen Diffusion Flux (m^-2 s^-1) [m^-2 s^-1]: 2.501458e+17 
(HRefODragMod) Multiply by H ref flux to get flux with drag []: 1.000000 
(KTide) Mass loss enhancement due to stellar gravity []: 0.777997 
(CumulativeXUVFlux) Cumulative XUV flux [W/m^2]: 0.000000 
(RunawayGreenhouseFlux) Incident flux that triggers runaway greenhouse [kg/sec^3]: 1293.717911 
(RGDuration) Runaway Greenhouse Duration [years]: 0.00000e+00

Output Order: Time[year] CumulativeXUVFlux[W/m^2]
Grid Output Order:



---- FINAL SYSTEM PROPERTIES ----
(Age) System Age [sec]: 2.115323e+17 
(Time) Simulation Time [sec]: 2.114040e+17 
(TotAngMom) Total Angular Momentum [kg*m^2/sec]: 1.785914e+42 
(TotEnergy) Total System Energy [kg*m^2/sec^2]: -1.034972e+40 
(PotEnergy) Body's non-orbital Potential Energy [kg*m^2/sec^2]: -4.048276e+40 
(KinEnergy) Body's non-orbital Kinetic Energy [kg*m^2/sec^2]: 6.464917e+32 
(DeltaTime) Average Timestep Over Last Output Interval [sec]: 1.017987e+12 

----- BODY: star ----
Active Modules: FLARE STELLAR
Module Bit Sum: 577
Color: 000000
(Mass) Mass [kg]: 3.809072e+29 
(Radius) Radius [m]: 1.435238e+08 
(RadGyra) Radius of Gyration/Moment of Inertia Constant []: 0.460509 
(RotAngMom) Rotational Angular Momentum [kg*m^2/sec]: 1.466790e+39 
(RotVel) Rotational Velocity [m/sec]: 126.517054 
(BodyType) Type of Body (0 == planet) []: 0.000000 
(RotRate) Rotational Frequency [/sec]: 8.815057e-07 
(RotPer) Rotational Period [sec]: 7.127788e+06 
(Density) Average Density [kg/m^3]: 3.075804e+04 
(HZLimitDryRunaway) Semi-major axis of Dry Runaway HZ Limit [m]: 8.857002e+09 
(HZLimRecVenus) Recent Venus HZ Limit [m]: 7.930649e+09 
(HZLimRunaway) Runaway Greenhouse HZ Limit [m]: 1.046191e+10 
(HZLimMoistGreenhouse) Moist Greenhouse HZ Limit [m]: 1.049355e+10 
(HZLimMaxGreenhouse) Maximum Greenhouse HZ Limit [m]: 1.992269e+10 
(HZLimEarlyMars) Early Mars HZ Limit [m]: 2.172789e+10 
(Instellation) Orbit-averaged INcident STELLar radiATION [kg/sec^3]: -1.000000 
(CriticalSemiMajorAxis) Holman & Wiegert (1999) P-type Critical Semi-major Axis [m]: -1.000000 
(LXUVTot) Total XUV Luminosity [LSUN]: 1.630410e-06 
(LostEnergy) Body's Total Lost Energy [kg*m^2/sec^2]: 3.013309e+40 
(LostAngMom) Lost Angular Momentum due to Magnetic Braking [kg*m^2/sec]: 1.782027e+42 
(EscapeVelocity) Escape Velocity [m/sec]: 5.952026e+05 
----- STELLAR PARAMETERS (star)------
(Luminosity) Luminosity [LSUN]: 0.004255 
(LXUVStellar) Base X-ray/XUV Luminosity [LSUN]: 1.266547e-06 
(Temperature) Effective Temperature [K]: 3237.257550 
(LXUVFrac) Fraction of luminosity in XUV []: 0.000298 
(RossbyNumber) Rossby Number []: 1.377943 
(DRotPerDtStellar) Time Rate of Change of Rotation Period in STELLAR []: 1.783060e-11 
(WindTorque) Stellar Wind Torque []: 3.634441e+21 
----- FLARE PARAMETERS (star)------
(LXUVFlare) XUV Luminosity from flares [LSUN]: 3.638624e-07 
(FlareFreq1) First value of flare frequency range [/sec]: 5.687619e-07 
(FlareFreq2) Second value of flare frequency range [/sec]: 3.909366e-07 
(FlareFreq3) Third value of flare frequency range [/sec]: 2.687089e-07 
(FlareFreq4) Fourth value of flare frequency range [/sec]: 1.846961e-07 
(FlareFreqMin) Frequency of the flares with the lowest energy [/sec]: 5.687619e-07 
(FlareFreqMid) Frequency of the flares with the middle energy in the energy range [/sec]: 1.338715e-08 
(FlareFreqMax) Frequency of the flares with the highest energy [/sec]: 3.150982e-10 
(FlareEnergy1) First value of flare energy range [kg*m^2/sec^2]: 5.334000e+25 
(FlareEnergy2) Second value of flare energy range [kg*m^2/sec^2]: 7.534475e+25 
(FlareEnergy3) Third value of flare energy range [kg*m^2/sec^2]: 1.064273e+26 
(FlareEnergy4) Fourth value of flare energy range [kg*m^2/sec^2]: 1.503325e+26 
(FlareEnergyMin) Minimum flare energy [kg*m^2/sec^2]: 5.334000e+25 
(FlareEnergyMid) Middle flare energy in the range of energy values [kg*m^2/sec^2]: 1.686759e+27 
(FlareEnergyMax) Maximum flare energy [kg*m^2/sec^2]: 5.334000e+28 
(FlareYIntOUT) Instantaneous Davenport FFD y-intercept at current age and mass []: 34.216492 
(FlareSlopeOUT) Instantaneous Davenport FFD slope at current age and mass []: -1.085495 

Output Order: Time[year] Luminosity[LSUN] LXUVStellar[LSUN] LXUVFlare[LSUN] LXUVTot[LSUN]
Grid Output Order:

----- BODY: b ----
Active Modules: AtmEsc
Module Bit Sum: 9
Color: 000000
(Mass) Mass [kg]: 9.929529e+24 
(Radius) Radius [m]: 7.162450e+06 
(RadGyra) Radius of Gyration/Moment of Inertia Constant []: 0.500000 
(BodyType) Type of Body (0 == planet) []: 0.000000 
(Density) Average Density [kg/m^3]: 6451.417653 
(HZLimitDryRunaway) Semi-major axis of Dry Runaway HZ Limit [m]: 8.857003e+09 
(HZLimRecVenus) Recent Venus HZ Limit [m]: 7.930649e+09 
(HZLimRunaway) Runaway Greenhouse HZ Limit [m]: 1.046191e+10 
(HZLimMoistGreenhouse) Moist Greenhouse HZ Limit [m]: 1.049355e+10 
(HZLimMaxGreenhouse) Maximum Greenhouse HZ Limit [m]: 1.992269e+10 
(HZLimEarlyMars) Early Mars HZ Limit [m]: 2.172789e+10 
(Instellation) Orbit-averaged INcident STELLar radiATION [kg/sec^3]: 2.385322e+04 
(MeanMotion) Orbital Mean Motion [/sec]: 4.464435e-05 
(OrbPeriod) Orbital Period [sec]: 1.407387e+05 
(SemiMajorAxis) Semi-major Axis [m]: 2.336508e+09 
(LXUVTot) Total XUV Luminosity [kg/sec^3]: -1.000000 
(EscapeVelocity) Escape Velocity [m/sec]: 1.360350e+04 
----- ATMESC PARAMETERS (b)------
(SurfWaterMass) Surface water mass [kg]: 0.000000 
(EnvelopeMass) Envelope mass [kg]: 0.000000 
(OxygenMass) Oxygen mass in the atmosphere [kg]: 0.000000 
(RGLimit) Runaway greenhouse semi-major axis [m]: 1.002707e+10 
(XO) Atomic oxygen mixing ratio in upper atmosphere []: 0.000000 
(EtaO) Oxygen eta parameter (Luger and Barnes 2015) []: 0.000000 
(PlanetRadius) Planet radius [m]: 7.162450e+06 
(OxygenMantleMass) Mass of oxygen in mantle [kg]: 0.000000 
(RadXUV) XUV radius separating hydro. dyn. escape and equilibrium [m]: -1.000000 
(RadSolid) Radius to the solid surface [m]: -1.000000 
(PresXUV) Pressure at base of thermosphere [(null)]: 5.000000 
(ScaleHeight) Scale height in Lehmer & Catling (2016) model [m]: -1.000000 
(ThermTemp) Isothermal atmospheric temperature [K]: 400.000000 
(AtmGasConst) Atmospheric gas constant [(null)]: 4124.000000 
(PresSurf) Surface pressure due to atmosphere [Pa]: -1.000000 
(DEnvMassDt) Envelope Mass Loss Rate [kg/s]: 0.000000 
(FXUV) XUV flux [W/m^2]: 9.140326 
(AtmXAbsEffH2O) XUV atmospheric escape efficiency for H2O []: 0.300000 
(RocheRadius) Roche Lobe Radius [m]: 4.803562e+07 
(BondiRadius) Bondi Radius [m]: 6.252104e+08 
(HEscapeRegime) Integer flag for H envelope escape regime []: 8.000000 
(RRCriticalFlux) Critical XUV Flux that separates RR and energy-limited escape [W/m^2]: 63.456103 
(CrossoverMass) Crossover mass, defines oxygen is escaping if mc > mo [kg]: 0.000000 
(WaterEscapeRegime) What water escape regime the code is currently in []: 8.000000 
(FXUVCRITDRAG) Critical Drag XUV flux [W/m^2]: 0.519936 
(HREFFLUX) The Hydrogen Reference Flux (m^-2 s^-1) [m^-2 s^-1]: 5.734883e+18 
(XO2) Molecular oxygen mixing ratio in atmosphere []: 0.000000 
(XH2O) Water mixing ratio in upper atmosphere []: 0.000000 
(HDiffFlux) The Hydrogen Diffusion Flux (m^-2 s^-1) [m^-2 s^-1]: 2.501458e+17 
(HRefODragMod) Multiply by H ref flux to get flux with drag []: 1.000000 
(KTide) Mass loss enhancement due to stellar gravity []: 0.777997 
(CumulativeXUVFlux) Cumulative XUV flux [W/m^2]: 1.060892e+19 
(RunawayGreenhouseFlux) Incident flux that triggers runaway greenhouse [kg/sec^3]: 1295.189940 
(RGDuration) Runaway Greenhouse Duration [years]: 0.00000e+00

Output Order: Time[year] CumulativeXUVFlux[W/m^2]
Grid Output Order:
