-------- Log file gj1132.log -------

Executable: /home/vplanet/.local/bin/vplanet
Version: Unknown
System Name: gj1132
Primary Input File: vpl.in
Body File #1: star.in
Body File #2: b.in
Allow files to be overwitten: Yes
Mass Units: Grams
Length Units: Meters
Time Units: Seconds
Angle Units: Radians

------- FORMATTING -----
Verbosity Level: 5
Crossover Decade for Scientific Notation: 4
Number of Digits After Decimal: 6
Integration Method: Runge-Kutta4
Direction: Forward
Time Step: 3.155760e+07
Stop Time: 1.878861e+17
Output Interval: 3.155760e+13
Use Variable Timestep: Yes
dEta: 0.010000
Minimum Value of ecc and obl: 1.000000e-10


---- INITIAL SYSTEM PROPERTIES ----
(Age) System Age [sec]: 1.541086e+14 
(Time) Simulation Time [sec]: 0.000000 
(TotAngMom) Total Angular Momentum [kg*m^2/sec]: 1.595851e+42 
(TotEnergy) Total System Energy [kg*m^2/sec^2]: -1.136189e+40 
(PotEnergy) Body's non-orbital Potential Energy [kg*m^2/sec^2]: -1.141977e+40 
(KinEnergy) Body's non-orbital Kinetic Energy [kg*m^2/sec^2]: 5.793846e+37 
(DeltaTime) Average Timestep Over Last Output Interval [sec]: 0.000000 

----- BODY: star ----
Active Modules: FLARE STELLAR
Module Bit Sum: 577
Color: 000000
(Mass) Mass [kg]: 3.861172e+29 
(Radius) Radius [m]: 5.228013e+08 
(RadGyra) Radius of Gyration/Moment of Inertia Constant []: 0.455655 
(RotAngMom) Rotational Angular Momentum [kg*m^2/sec]: 1.593422e+42 
(RotVel) Rotational Velocity [m/sec]: 3.801918e+04 
(BodyType) Type of Body (0 == planet) []: 0.000000 
(RotRate) Rotational Frequency [/sec]: 7.272205e-05 
(RotPer) Rotational Period [sec]: 8.640000e+04 
(Density) Average Density [kg/m^3]: 645.090524 
(HZLimitDryRunaway) Semi-major axis of Dry Runaway HZ Limit [m]: 3.136828e+10 
(HZLimRecVenus) Recent Venus HZ Limit [m]: 2.810733e+10 
(HZLimRunaway) Runaway Greenhouse HZ Limit [m]: 3.706633e+10 
(HZLimMoistGreenhouse) Moist Greenhouse HZ Limit [m]: 3.719062e+10 
(HZLimMaxGreenhouse) Maximum Greenhouse HZ Limit [m]: 7.070727e+10 
(HZLimEarlyMars) Early Mars HZ Limit [m]: 7.711389e+10 
(Instellation) Orbit-averaged INcident STELLar radiATION [kg/sec^3]: -1.000000 
(CriticalSemiMajorAxis) Holman & Wiegert (1999) P-type Critical Semi-major Axis [m]: -1.000000 
(LXUVTot) Total XUV Luminosity [LSUN]: 4.910498e-05 
(LostEnergy) Body's Total Lost Energy [kg*m^2/sec^2]: 5.562685e-309 
(LostAngMom) Lost Angular Momentum due to Magnetic Braking [kg*m^2/sec]: 5.562685e-309 
(EscapeVelocity) Escape Velocity [m/sec]: 3.139847e+05 
----- STELLAR PARAMETERS (star)------
(Luminosity) Luminosity [LSUN]: 0.053369 
(LXUVStellar) Base X-ray/XUV Luminosity [LSUN]: 4.829550e-05 
(Temperature) Effective Temperature [K]: 3200.688075 
(LXUVFrac) Fraction of luminosity in XUV []: 0.000905 
(RossbyNumber) Rossby Number []: 0.016393 
(DRotPerDtStellar) Time Rate of Change of Rotation Period in STELLAR []: -1.136944e-10 
(WindTorque) Stellar Wind Torque []: 5.327597e+27 
----- FLARE PARAMETERS (star)------
(LXUVFlare) XUV Luminosity from flares [LSUN]: 8.094835e-07 
(FlareFreq1) First value of flare frequency range [/sec]: 3.182412e-05 
(FlareFreq2) Second value of flare frequency range [/sec]: 2.760175e-05 
(FlareFreq3) Third value of flare frequency range [/sec]: 2.393960e-05 
(FlareFreq4) Fourth value of flare frequency range [/sec]: 2.076334e-05 
(FlareFreqMin) Frequency of the flares with the lowest energy [/sec]: 3.182412e-05 
(FlareFreqMid) Frequency of the flares with the middle energy in the energy range [/sec]: 7.665825e-06 
(FlareFreqMax) Frequency of the flares with the highest energy [/sec]: 1.846551e-06 
(FlareEnergy1) First value of flare energy range [kg*m^2/sec^2]: 5.334000e+23 
(FlareEnergy2) Second value of flare energy range [kg*m^2/sec^2]: 6.715108e+23 
(FlareEnergy3) Third value of flare energy range [kg*m^2/sec^2]: 8.453820e+23 
(FlareEnergy4) Fourth value of flare energy range [kg*m^2/sec^2]: 1.064273e+24 
(FlareEnergyMin) Minimum flare energy [kg*m^2/sec^2]: 5.334000e+23 
(FlareEnergyMid) Middle flare energy in the range of energy values [kg*m^2/sec^2]: 5.334000e+24 
(FlareEnergyMax) Maximum flare energy [kg*m^2/sec^2]: 5.334000e+25 
(FlareYIntOUT) Instantaneous Davenport FFD y-intercept at current age and mass []: 19.434658 
(FlareSlopeOUT) Instantaneous Davenport FFD slope at current age and mass []: -0.618198 

Output Order: Time[year] Luminosity[LSUN] LXUVStellar[LSUN] LXUVFlare[LSUN] LXUVTot[LSUN]
Grid Output Order:

----- BODY: b ----
Active Modules: AtmEsc
Module Bit Sum: 9
Color: 000000
(Mass) Mass [kg]: 9.875964e+24 
(Radius) Radius [m]: 7.048354e+06 
(RadGyra) Radius of Gyration/Moment of Inertia Constant []: 0.500000 
(BodyType) Type of Body (0 == planet) []: 0.000000 
(Density) Average Density [kg/m^3]: 6733.297175 
(HZLimitDryRunaway) Semi-major axis of Dry Runaway HZ Limit [m]: 3.136841e+10 
(HZLimRecVenus) Recent Venus HZ Limit [m]: 2.810733e+10 
(HZLimRunaway) Runaway Greenhouse HZ Limit [m]: 3.706633e+10 
(HZLimMoistGreenhouse) Moist Greenhouse HZ Limit [m]: 3.719062e+10 
(HZLimMaxGreenhouse) Maximum Greenhouse HZ Limit [m]: 7.070727e+10 
(HZLimEarlyMars) Early Mars HZ Limit [m]: 7.711389e+10 
(Instellation) Orbit-averaged INcident STELLar radiATION [kg/sec^3]: 2.964847e+05 
(MeanMotion) Orbital Mean Motion [/sec]: 4.464272e-05 
(OrbPeriod) Orbital Period [sec]: 1.407438e+05 
(SemiMajorAxis) Semi-major Axis [m]: 2.347170e+09 
(LXUVTot) Total XUV Luminosity [kg/sec^3]: -1.000000 
(EscapeVelocity) Escape Velocity [m/sec]: 1.367613e+04 
----- ATMESC PARAMETERS (b)------
(SurfWaterMass) Surface water mass [kg]: 0.000000 
(EnvelopeMass) Envelope mass [kg]: 0.000000 
(OxygenMass) Oxygen mass in the atmosphere [kg]: 0.000000 
(RGLimit) Runaway greenhouse semi-major axis [m]: 3.552958e+10 
(XO) Atomic oxygen mixing ratio in upper atmosphere []: 0.000000 
(EtaO) Oxygen eta parameter (Luger and Barnes 2015) []: 0.000000 
(PlanetRadius) Planet radius [m]: 7.048354e+06 
(OxygenMantleMass) Mass of oxygen in mantle [kg]: 0.000000 
(RadXUV) XUV radius separating hydro. dyn. escape and equilibrium [m]: -1.000000 
(RadSolid) Radius to the solid surface [m]: -1.000000 
(PresXUV) Pressure at base of thermosphere [(null)]: 5.000000 
(ScaleHeight) Scale height in Lehmer & Catling (2016) model [m]: -1.000000 
(ThermTemp) Isothermal atmospheric temperature [K]: 400.000000 
(AtmGasConst) Atmospheric gas constant [(null)]: 4124.000000 
(PresSurf) Surface pressure due to atmosphere [Pa]: -1.000000 
(DEnvMassDt) Envelope Mass Loss Rate [kg/s]: 0.000000 
(FXUV) XUV flux [W/m^2]: 272.795910 
(AtmXAbsEffH2O) XUV atmospheric escape efficiency for H2O []: 0.300000 
(RocheRadius) Roche Lobe Radius [m]: 4.795025e+07 
(BondiRadius) Bondi Radius [m]: 3.287881e+08 
(HEscapeRegime) Integer flag for H envelope escape regime []: 8.000000 
(RRCriticalFlux) Critical XUV Flux that separates RR and energy-limited escape [W/m^2]: 66.397638 
(CrossoverMass) Crossover mass, defines oxygen is escaping if mc > mo [kg]: 0.000000 
(WaterEscapeRegime) What water escape regime the code is currently in []: 8.000000 
(FXUVCRITDRAG) Critical Drag XUV flux [W/m^2]: 0.539726 
(HREFFLUX) The Hydrogen Reference Flux (m^-2 s^-1) [m^-2 s^-1]: 1.686740e+20 
(XO2) Molecular oxygen mixing ratio in atmosphere []: 0.000000 
(XH2O) Water mixing ratio in upper atmosphere []: 0.000000 
(HDiffFlux) The Hydrogen Diffusion Flux (m^-2 s^-1) [m^-2 s^-1]: 2.569165e+17 
(HRefODragMod) Multiply by H ref flux to get flux with drag []: 1.000000 
(KTide) Mass loss enhancement due to stellar gravity []: 0.781098 
(CumulativeXUVFlux) Cumulative XUV flux [W/m^2]: 0.000000 
(RunawayGreenhouseFlux) Incident flux that triggers runaway greenhouse [kg/sec^3]: 1293.919654 
(RGDuration) Runaway Greenhouse Duration [years]: 0.00000e+00

Output Order: Time[year] CumulativeXUVFlux[W/m^2]
Grid Output Order:



---- FINAL SYSTEM PROPERTIES ----
(Age) System Age [sec]: 1.880409e+17 
(Time) Simulation Time [sec]: 1.878868e+17 
(TotAngMom) Total Angular Momentum [kg*m^2/sec]: 1.596515e+42 
(TotEnergy) Total System Energy [kg*m^2/sec^2]: -1.135956e+40 
(PotEnergy) Body's non-orbital Potential Energy [kg*m^2/sec^2]: -4.100273e+40 
(KinEnergy) Body's non-orbital Kinetic Energy [kg*m^2/sec^2]: 7.409491e+32 
(DeltaTime) Average Timestep Over Last Output Interval [sec]: 2.868873e+12 

----- BODY: star ----
Active Modules: FLARE STELLAR
Module Bit Sum: 577
Color: 000000
(Mass) Mass [kg]: 3.861172e+29 
(Radius) Radius [m]: 1.456066e+08 
(RadGyra) Radius of Gyration/Moment of Inertia Constant []: 0.460464 
(RotAngMom) Rotational Angular Momentum [kg*m^2/sec]: 1.603784e+39 
(RotVel) Rotational Velocity [m/sec]: 134.540722 
(BodyType) Type of Body (0 == planet) []: 0.000000 
(RotRate) Rotational Frequency [/sec]: 9.240014e-07 
(RotPer) Rotational Period [sec]: 6.799974e+06 
(Density) Average Density [kg/m^3]: 2.985982e+04 
(HZLimitDryRunaway) Semi-major axis of Dry Runaway HZ Limit [m]: 9.001473e+09 
(HZLimRecVenus) Recent Venus HZ Limit [m]: 8.058918e+09 
(HZLimRunaway) Runaway Greenhouse HZ Limit [m]: 1.063178e+10 
(HZLimMoistGreenhouse) Moist Greenhouse HZ Limit [m]: 1.066327e+10 
(HZLimMaxGreenhouse) Maximum Greenhouse HZ Limit [m]: 2.023956e+10 
(HZLimEarlyMars) Early Mars HZ Limit [m]: 2.207348e+10 
(Instellation) Orbit-averaged INcident STELLar radiATION [kg/sec^3]: -1.000000 
(CriticalSemiMajorAxis) Holman & Wiegert (1999) P-type Critical Semi-major Axis [m]: -1.000000 
(LXUVTot) Total XUV Luminosity [LSUN]: 5.399511e-07 
(LostEnergy) Body's Total Lost Energy [kg*m^2/sec^2]: 2.964323e+40 
(LostAngMom) Lost Angular Momentum due to Magnetic Braking [kg*m^2/sec]: 1.592482e+42 
(EscapeVelocity) Escape Velocity [m/sec]: 5.949579e+05 
----- STELLAR PARAMETERS (star)------
(Luminosity) Luminosity [LSUN]: 0.004395 
(LXUVStellar) Base X-ray/XUV Luminosity [LSUN]: 1.490139e-07 
(Temperature) Effective Temperature [K]: 3244.183707 
(LXUVFrac) Fraction of luminosity in XUV []: 3.390713e-05 
(RossbyNumber) Rossby Number []: 1.319242 
(DRotPerDtStellar) Time Rate of Change of Rotation Period in STELLAR []: 2.072987e-11 
(WindTorque) Stellar Wind Torque []: 4.921682e+21 
----- FLARE PARAMETERS (star)------
(LXUVFlare) XUV Luminosity from flares [LSUN]: 3.909369e-07 
(FlareFreq1) First value of flare frequency range [/sec]: 8.246646e-05 
(FlareFreq2) Second value of flare frequency range [/sec]: 6.437149e-05 
(FlareFreq3) Third value of flare frequency range [/sec]: 5.024695e-05 
(FlareFreq4) Fourth value of flare frequency range [/sec]: 3.922165e-05 
(FlareFreqMin) Frequency of the flares with the lowest energy [/sec]: 8.246646e-05 
(FlareFreqMid) Frequency of the flares with the middle energy in the energy range [/sec]: 6.925307e-06 
(FlareFreqMax) Frequency of the flares with the highest energy [/sec]: 5.815683e-07 
(FlareEnergy1) First value of flare energy range [kg*m^2/sec^2]: 5.334000e+23 
(FlareEnergy2) Second value of flare energy range [kg*m^2/sec^2]: 6.715108e+23 
(FlareEnergy3) Third value of flare energy range [kg*m^2/sec^2]: 8.453820e+23 
(FlareEnergy4) Fourth value of flare energy range [kg*m^2/sec^2]: 1.064273e+24 
(FlareEnergyMin) Minimum flare energy [kg*m^2/sec^2]: 5.334000e+23 
(FlareEnergyMid) Middle flare energy in the range of energy values [kg*m^2/sec^2]: 5.334000e+24 
(FlareEnergyMax) Maximum flare energy [kg*m^2/sec^2]: 5.334000e+25 
(FlareYIntOUT) Instantaneous Davenport FFD y-intercept at current age and mass []: 33.910132 
(FlareSlopeOUT) Instantaneous Davenport FFD slope at current age and mass []: -1.075838 

Output Order: Time[year] Luminosity[LSUN] LXUVStellar[LSUN] LXUVFlare[LSUN] LXUVTot[LSUN]
Grid Output Order:

----- BODY: b ----
Active Modules: AtmEsc
Module Bit Sum: 9
Color: 000000
(Mass) Mass [kg]: 9.875964e+24 
(Radius) Radius [m]: 7.048354e+06 
(RadGyra) Radius of Gyration/Moment of Inertia Constant []: 0.500000 
(BodyType) Type of Body (0 == planet) []: 0.000000 
(Density) Average Density [kg/m^3]: 6733.297175 
(HZLimitDryRunaway) Semi-major axis of Dry Runaway HZ Limit [m]: 9.001511e+09 
(HZLimRecVenus) Recent Venus HZ Limit [m]: 8.058918e+09 
(HZLimRunaway) Runaway Greenhouse HZ Limit [m]: 1.063178e+10 
(HZLimMoistGreenhouse) Moist Greenhouse HZ Limit [m]: 1.066327e+10 
(HZLimMaxGreenhouse) Maximum Greenhouse HZ Limit [m]: 2.023956e+10 
(HZLimEarlyMars) Early Mars HZ Limit [m]: 2.207348e+10 
(Instellation) Orbit-averaged INcident STELLar radiATION [kg/sec^3]: 2.441452e+04 
(MeanMotion) Orbital Mean Motion [/sec]: 4.464272e-05 
(OrbPeriod) Orbital Period [sec]: 1.407438e+05 
(SemiMajorAxis) Semi-major Axis [m]: 2.347170e+09 
(LXUVTot) Total XUV Luminosity [kg/sec^3]: -1.000000 
(EscapeVelocity) Escape Velocity [m/sec]: 1.367613e+04 
----- ATMESC PARAMETERS (b)------
(SurfWaterMass) Surface water mass [kg]: 0.000000 
(EnvelopeMass) Envelope mass [kg]: 0.000000 
(OxygenMass) Oxygen mass in the atmosphere [kg]: 0.000000 
(RGLimit) Runaway greenhouse semi-major axis [m]: 1.019116e+10 
(XO) Atomic oxygen mixing ratio in upper atmosphere []: 0.000000 
(EtaO) Oxygen eta parameter (Luger and Barnes 2015) []: 0.000000 
(PlanetRadius) Planet radius [m]: 7.048354e+06 
(OxygenMantleMass) Mass of oxygen in mantle [kg]: 0.000000 
(RadXUV) XUV radius separating hydro. dyn. escape and equilibrium [m]: -1.000000 
(RadSolid) Radius to the solid surface [m]: -1.000000 
(PresXUV) Pressure at base of thermosphere [(null)]: 5.000000 
(ScaleHeight) Scale height in Lehmer & Catling (2016) model [m]: -1.000000 
(ThermTemp) Isothermal atmospheric temperature [K]: 400.000000 
(AtmGasConst) Atmospheric gas constant [(null)]: 4124.000000 
(PresSurf) Surface pressure due to atmosphere [Pa]: -1.000000 
(DEnvMassDt) Envelope Mass Loss Rate [kg/s]: 0.000000 
(FXUV) XUV flux [W/m^2]: 2.999623 
(AtmXAbsEffH2O) XUV atmospheric escape efficiency for H2O []: 0.300000 
(RocheRadius) Roche Lobe Radius [m]: 4.795025e+07 
(BondiRadius) Bondi Radius [m]: 6.146554e+08 
(HEscapeRegime) Integer flag for H envelope escape regime []: 8.000000 
(RRCriticalFlux) Critical XUV Flux that separates RR and energy-limited escape [W/m^2]: 66.397638 
(CrossoverMass) Crossover mass, defines oxygen is escaping if mc > mo [kg]: 0.000000 
(WaterEscapeRegime) What water escape regime the code is currently in []: 8.000000 
(FXUVCRITDRAG) Critical Drag XUV flux [W/m^2]: 0.539726 
(HREFFLUX) The Hydrogen Reference Flux (m^-2 s^-1) [m^-2 s^-1]: 1.854714e+18 
(XO2) Molecular oxygen mixing ratio in atmosphere []: 0.000000 
(XH2O) Water mixing ratio in upper atmosphere []: 0.000000 
(HDiffFlux) The Hydrogen Diffusion Flux (m^-2 s^-1) [m^-2 s^-1]: 2.569165e+17 
(HRefODragMod) Multiply by H ref flux to get flux with drag []: 1.000000 
(KTide) Mass loss enhancement due to stellar gravity []: 0.781098 
(CumulativeXUVFlux) Cumulative XUV flux [W/m^2]: 1.413019e+18 
(RunawayGreenhouseFlux) Incident flux that triggers runaway greenhouse [kg/sec^3]: 1295.047931 
(RGDuration) Runaway Greenhouse Duration [years]: 0.00000e+00

Output Order: Time[year] CumulativeXUVFlux[W/m^2]
Grid Output Order:
