-------- Log file gj1132.log -------

Executable: /home/vplanet/.local/bin/vplanet
Version: Unknown
System Name: gj1132
Primary Input File: vpl.in
Body File #1: star.in
Body File #2: b.in
Allow files to be overwitten: Yes
Mass Units: Grams
Length Units: Meters
Time Units: Seconds
Angle Units: Radians

------- FORMATTING -----
Verbosity Level: 5
Crossover Decade for Scientific Notation: 4
Number of Digits After Decimal: 6
Integration Method: Runge-Kutta4
Direction: Forward
Time Step: 3.155760e+07
Stop Time: 2.146882e+17
Output Interval: 3.155760e+13
Use Variable Timestep: Yes
dEta: 0.010000
Minimum Value of ecc and obl: 1.000000e-10


---- INITIAL SYSTEM PROPERTIES ----
(Age) System Age [sec]: 1.605601e+14 
(Time) Simulation Time [sec]: 0.000000 
(TotAngMom) Total Angular Momentum [kg*m^2/sec]: 1.490101e+42 
(TotEnergy) Total System Energy [kg*m^2/sec^2]: -1.118493e+40 
(PotEnergy) Body's non-orbital Potential Energy [kg*m^2/sec^2]: -1.123897e+40 
(KinEnergy) Body's non-orbital Kinetic Energy [kg*m^2/sec^2]: 5.409478e+37 
(DeltaTime) Average Timestep Over Last Output Interval [sec]: 0.000000 

----- BODY: star ----
Active Modules: FLARE STELLAR
Module Bit Sum: 577
Color: 000000
(Mass) Mass [kg]: 3.783450e+29 
(Radius) Radius [m]: 5.100411e+08 
(RadGyra) Radius of Gyration/Moment of Inertia Constant []: 0.455908 
(RotAngMom) Rotational Angular Momentum [kg*m^2/sec]: 1.487713e+42 
(RotVel) Rotational Velocity [m/sec]: 3.709124e+04 
(BodyType) Type of Body (0 == planet) []: 0.000000 
(RotRate) Rotational Frequency [/sec]: 7.272205e-05 
(RotPer) Rotational Period [sec]: 8.640000e+04 
(Density) Average Density [kg/m^3]: 680.743873 
(HZLimitDryRunaway) Semi-major axis of Dry Runaway HZ Limit [m]: 3.052371e+10 
(HZLimRecVenus) Recent Venus HZ Limit [m]: 2.735287e+10 
(HZLimRunaway) Runaway Greenhouse HZ Limit [m]: 3.606997e+10 
(HZLimMoistGreenhouse) Moist Greenhouse HZ Limit [m]: 3.619235e+10 
(HZLimMaxGreenhouse) Maximum Greenhouse HZ Limit [m]: 6.882090e+10 
(HZLimEarlyMars) Early Mars HZ Limit [m]: 7.505658e+10 
(Instellation) Orbit-averaged INcident STELLar radiATION [kg/sec^3]: -1.000000 
(CriticalSemiMajorAxis) Holman & Wiegert (1999) P-type Critical Semi-major Axis [m]: -1.000000 
(LXUVTot) Total XUV Luminosity [LSUN]: 3.127201e-05 
(LostEnergy) Body's Total Lost Energy [kg*m^2/sec^2]: 5.562685e-309 
(LostAngMom) Lost Angular Momentum due to Magnetic Braking [kg*m^2/sec]: 5.562685e-309 
(EscapeVelocity) Escape Velocity [m/sec]: 3.146724e+05 
----- STELLAR PARAMETERS (star)------
(Luminosity) Luminosity [LSUN]: 0.050534 
(LXUVStellar) Base X-ray/XUV Luminosity [LSUN]: 3.046265e-05 
(Temperature) Effective Temperature [K]: 3196.269679 
(LXUVFrac) Fraction of luminosity in XUV []: 0.000603 
(RossbyNumber) Rossby Number []: 0.016356 
(DRotPerDtStellar) Time Rate of Change of Rotation Period in STELLAR []: -1.631372e-10 
(WindTorque) Stellar Wind Torque []: 4.733524e+27 
----- FLARE PARAMETERS (star)------
(LXUVFlare) XUV Luminosity from flares [LSUN]: 8.093618e-07 
(FlareFreq1) First value of flare frequency range [/sec]: 3.288664e-05 
(FlareFreq2) Second value of flare frequency range [/sec]: 2.846933e-05 
(FlareFreq3) Third value of flare frequency range [/sec]: 2.464535e-05 
(FlareFreq4) Fourth value of flare frequency range [/sec]: 2.133501e-05 
(FlareFreqMin) Frequency of the flares with the lowest energy [/sec]: 3.288664e-05 
(FlareFreqMid) Frequency of the flares with the middle energy in the energy range [/sec]: 7.773152e-06 
(FlareFreqMax) Frequency of the flares with the highest energy [/sec]: 1.837278e-06 
(FlareEnergy1) First value of flare energy range [kg*m^2/sec^2]: 5.334000e+23 
(FlareEnergy2) Second value of flare energy range [kg*m^2/sec^2]: 6.715108e+23 
(FlareEnergy3) Third value of flare energy range [kg*m^2/sec^2]: 8.453820e+23 
(FlareEnergy4) Fourth value of flare energy range [kg*m^2/sec^2]: 1.064273e+24 
(FlareEnergyMin) Minimum flare energy [kg*m^2/sec^2]: 5.334000e+23 
(FlareEnergyMid) Middle flare energy in the range of energy values [kg*m^2/sec^2]: 5.334000e+24 
(FlareEnergyMax) Maximum flare energy [kg*m^2/sec^2]: 5.334000e+25 
(FlareYIntOUT) Instantaneous Davenport FFD y-intercept at current age and mass []: 19.701645 
(FlareSlopeOUT) Instantaneous Davenport FFD slope at current age and mass []: -0.626422 

Output Order: Time[year] Luminosity[LSUN] LXUVStellar[LSUN] LXUVFlare[LSUN] LXUVTot[LSUN]
Grid Output Order:

----- BODY: b ----
Active Modules: AtmEsc
Module Bit Sum: 9
Color: 000000
(Mass) Mass [kg]: 9.839606e+24 
(Radius) Radius [m]: 7.260942e+06 
(RadGyra) Radius of Gyration/Moment of Inertia Constant []: 0.500000 
(BodyType) Type of Body (0 == planet) []: 0.000000 
(Density) Average Density [kg/m^3]: 6136.351421 
(HZLimitDryRunaway) Semi-major axis of Dry Runaway HZ Limit [m]: 3.052440e+10 
(HZLimRecVenus) Recent Venus HZ Limit [m]: 2.735287e+10 
(HZLimRunaway) Runaway Greenhouse HZ Limit [m]: 3.606997e+10 
(HZLimMoistGreenhouse) Moist Greenhouse HZ Limit [m]: 3.619235e+10 
(HZLimMaxGreenhouse) Maximum Greenhouse HZ Limit [m]: 6.882090e+10 
(HZLimEarlyMars) Early Mars HZ Limit [m]: 7.505658e+10 
(Instellation) Orbit-averaged INcident STELLar radiATION [kg/sec^3]: 2.845929e+05 
(MeanMotion) Orbital Mean Motion [/sec]: 4.464528e-05 
(OrbPeriod) Orbital Period [sec]: 1.407357e+05 
(SemiMajorAxis) Semi-major Axis [m]: 2.331225e+09 
(LXUVTot) Total XUV Luminosity [kg/sec^3]: -1.000000 
(EscapeVelocity) Escape Velocity [m/sec]: 1.344961e+04 
----- ATMESC PARAMETERS (b)------
(SurfWaterMass) Surface water mass [kg]: 0.000000 
(EnvelopeMass) Envelope mass [kg]: 0.000000 
(OxygenMass) Oxygen mass in the atmosphere [kg]: 0.000000 
(RGLimit) Runaway greenhouse semi-major axis [m]: 3.457711e+10 
(XO) Atomic oxygen mixing ratio in upper atmosphere []: 0.000000 
(EtaO) Oxygen eta parameter (Luger and Barnes 2015) []: 0.000000 
(PlanetRadius) Planet radius [m]: 7.260942e+06 
(OxygenMantleMass) Mass of oxygen in mantle [kg]: 0.000000 
(RadXUV) XUV radius separating hydro. dyn. escape and equilibrium [m]: -1.000000 
(RadSolid) Radius to the solid surface [m]: -1.000000 
(PresXUV) Pressure at base of thermosphere [(null)]: 5.000000 
(ScaleHeight) Scale height in Lehmer & Catling (2016) model [m]: -1.000000 
(ThermTemp) Isothermal atmospheric temperature [K]: 400.000000 
(AtmGasConst) Atmospheric gas constant [(null)]: 4124.000000 
(PresSurf) Surface pressure due to atmosphere [Pa]: -1.000000 
(DEnvMassDt) Envelope Mass Loss Rate [kg/s]: 0.000000 
(FXUV) XUV flux [W/m^2]: 176.115167 
(AtmXAbsEffH2O) XUV atmospheric escape efficiency for H2O []: 0.300000 
(RocheRadius) Roche Lobe Radius [m]: 4.788950e+07 
(BondiRadius) Bondi Radius [m]: 3.332422e+08 
(HEscapeRegime) Integer flag for H envelope escape regime []: 8.000000 
(RRCriticalFlux) Critical XUV Flux that separates RR and energy-limited escape [W/m^2]: 59.245698 
(CrossoverMass) Crossover mass, defines oxygen is escaping if mc > mo [kg]: 0.000000 
(WaterEscapeRegime) What water escape regime the code is currently in []: 8.000000 
(FXUVCRITDRAG) Critical Drag XUV flux [W/m^2]: 0.490065 
(HREFFLUX) The Hydrogen Reference Flux (m^-2 s^-1) [m^-2 s^-1]: 1.135801e+20 
(XO2) Molecular oxygen mixing ratio in atmosphere []: 0.000000 
(XH2O) Water mixing ratio in upper atmosphere []: 0.000000 
(HDiffFlux) The Hydrogen Diffusion Flux (m^-2 s^-1) [m^-2 s^-1]: 2.412013e+17 
(HRefODragMod) Multiply by H ref flux to get flux with drag []: 1.000000 
(KTide) Mass loss enhancement due to stellar gravity []: 0.774315 
(CumulativeXUVFlux) Cumulative XUV flux [W/m^2]: 0.000000 
(RunawayGreenhouseFlux) Incident flux that triggers runaway greenhouse [kg/sec^3]: 1293.585854 
(RGDuration) Runaway Greenhouse Duration [years]: 0.00000e+00

Output Order: Time[year] CumulativeXUVFlux[W/m^2]
Grid Output Order:



---- FINAL SYSTEM PROPERTIES ----
(Age) System Age [sec]: 2.148504e+17 
(Time) Simulation Time [sec]: 2.146898e+17 
(TotAngMom) Total Angular Momentum [kg*m^2/sec]: 1.492599e+42 
(TotEnergy) Total System Energy [kg*m^2/sec^2]: -1.116217e+40 
(PotEnergy) Body's non-orbital Potential Energy [kg*m^2/sec^2]: -4.017060e+40 
(KinEnergy) Body's non-orbital Kinetic Energy [kg*m^2/sec^2]: 6.268358e+32 
(DeltaTime) Average Timestep Over Last Output Interval [sec]: 1.577880e+13 

----- BODY: star ----
Active Modules: FLARE STELLAR
Module Bit Sum: 577
Color: 000000
(Mass) Mass [kg]: 3.783450e+29 
(Radius) Radius [m]: 1.426998e+08 
(RadGyra) Radius of Gyration/Moment of Inertia Constant []: 0.460517 
(RotAngMom) Rotational Angular Momentum [kg*m^2/sec]: 1.431216e+39 
(RotVel) Rotational Velocity [m/sec]: 124.997684 
(BodyType) Type of Body (0 == planet) []: 0.000000 
(RotRate) Rotational Frequency [/sec]: 8.759486e-07 
(RotPer) Rotational Period [sec]: 7.173007e+06 
(Density) Average Density [kg/m^3]: 3.108346e+04 
(HZLimitDryRunaway) Semi-major axis of Dry Runaway HZ Limit [m]: 8.790739e+09 
(HZLimRecVenus) Recent Venus HZ Limit [m]: 7.871804e+09 
(HZLimRunaway) Runaway Greenhouse HZ Limit [m]: 1.038398e+10 
(HZLimMoistGreenhouse) Moist Greenhouse HZ Limit [m]: 1.041569e+10 
(HZLimMaxGreenhouse) Maximum Greenhouse HZ Limit [m]: 1.977726e+10 
(HZLimEarlyMars) Early Mars HZ Limit [m]: 2.156928e+10 
(Instellation) Orbit-averaged INcident STELLar radiATION [kg/sec^3]: -1.000000 
(CriticalSemiMajorAxis) Holman & Wiegert (1999) P-type Critical Semi-major Axis [m]: -1.000000 
(LXUVTot) Total XUV Luminosity [LSUN]: 9.578918e-07 
(LostEnergy) Body's Total Lost Energy [kg*m^2/sec^2]: 2.900848e+40 
(LostAngMom) Lost Angular Momentum due to Magnetic Braking [kg*m^2/sec]: 1.488781e+42 
(EscapeVelocity) Escape Velocity [m/sec]: 5.949076e+05 
----- STELLAR PARAMETERS (star)------
(Luminosity) Luminosity [LSUN]: 0.004191 
(LXUVStellar) Base X-ray/XUV Luminosity [LSUN]: 5.667568e-07 
(Temperature) Effective Temperature [K]: 3234.080456 
(LXUVFrac) Fraction of luminosity in XUV []: 0.000135 
(RossbyNumber) Rossby Number []: 1.384430 
(DRotPerDtStellar) Time Rate of Change of Rotation Period in STELLAR []: 1.905204e-11 
(WindTorque) Stellar Wind Torque []: 3.430226e+21 
----- FLARE PARAMETERS (star)------
(LXUVFlare) XUV Luminosity from flares [LSUN]: 3.911346e-07 
(FlareFreq1) First value of flare frequency range [/sec]: 8.643818e-05 
(FlareFreq2) Second value of flare frequency range [/sec]: 6.725292e-05 
(FlareFreq3) Third value of flare frequency range [/sec]: 5.232590e-05 
(FlareFreq4) Fourth value of flare frequency range [/sec]: 4.071198e-05 
(FlareFreqMin) Frequency of the flares with the lowest energy [/sec]: 8.643818e-05 
(FlareFreqMid) Frequency of the flares with the middle energy in the energy range [/sec]: 7.026857e-06 
(FlareFreqMax) Frequency of the flares with the highest energy [/sec]: 5.712374e-07 
(FlareEnergy1) First value of flare energy range [kg*m^2/sec^2]: 5.334000e+23 
(FlareEnergy2) Second value of flare energy range [kg*m^2/sec^2]: 6.715108e+23 
(FlareEnergy3) Third value of flare energy range [kg*m^2/sec^2]: 8.453820e+23 
(FlareEnergy4) Fourth value of flare energy range [kg*m^2/sec^2]: 1.064273e+24 
(FlareEnergyMin) Minimum flare energy [kg*m^2/sec^2]: 5.334000e+23 
(FlareEnergyMid) Middle flare energy in the range of energy values [kg*m^2/sec^2]: 5.334000e+24 
(FlareEnergyMax) Maximum flare energy [kg*m^2/sec^2]: 5.334000e+25 
(FlareYIntOUT) Instantaneous Davenport FFD y-intercept at current age and mass []: 34.364001 
(FlareSlopeOUT) Instantaneous Davenport FFD slope at current age and mass []: -1.089944 

Output Order: Time[year] Luminosity[LSUN] LXUVStellar[LSUN] LXUVFlare[LSUN] LXUVTot[LSUN]
Grid Output Order:

----- BODY: b ----
Active Modules: AtmEsc
Module Bit Sum: 9
Color: 000000
(Mass) Mass [kg]: 9.839606e+24 
(Radius) Radius [m]: 7.260942e+06 
(RadGyra) Radius of Gyration/Moment of Inertia Constant []: 0.500000 
(BodyType) Type of Body (0 == planet) []: 0.000000 
(Density) Average Density [kg/m^3]: 6136.351421 
(HZLimitDryRunaway) Semi-major axis of Dry Runaway HZ Limit [m]: 8.790939e+09 
(HZLimRecVenus) Recent Venus HZ Limit [m]: 7.871804e+09 
(HZLimRunaway) Runaway Greenhouse HZ Limit [m]: 1.038398e+10 
(HZLimMoistGreenhouse) Moist Greenhouse HZ Limit [m]: 1.041569e+10 
(HZLimMaxGreenhouse) Maximum Greenhouse HZ Limit [m]: 1.977726e+10 
(HZLimEarlyMars) Early Mars HZ Limit [m]: 2.156928e+10 
(Instellation) Orbit-averaged INcident STELLar radiATION [kg/sec^3]: 2.360480e+04 
(MeanMotion) Orbital Mean Motion [/sec]: 4.464528e-05 
(OrbPeriod) Orbital Period [sec]: 1.407357e+05 
(SemiMajorAxis) Semi-major Axis [m]: 2.331225e+09 
(LXUVTot) Total XUV Luminosity [kg/sec^3]: -1.000000 
(EscapeVelocity) Escape Velocity [m/sec]: 1.344961e+04 
----- ATMESC PARAMETERS (b)------
(SurfWaterMass) Surface water mass [kg]: 0.000000 
(EnvelopeMass) Envelope mass [kg]: 0.000000 
(OxygenMass) Oxygen mass in the atmosphere [kg]: 0.000000 
(RGLimit) Runaway greenhouse semi-major axis [m]: 9.954348e+09 
(XO) Atomic oxygen mixing ratio in upper atmosphere []: 0.000000 
(EtaO) Oxygen eta parameter (Luger and Barnes 2015) []: 0.000000 
(PlanetRadius) Planet radius [m]: 7.260942e+06 
(OxygenMantleMass) Mass of oxygen in mantle [kg]: 0.000000 
(RadXUV) XUV radius separating hydro. dyn. escape and equilibrium [m]: -1.000000 
(RadSolid) Radius to the solid surface [m]: -1.000000 
(PresXUV) Pressure at base of thermosphere [(null)]: 5.000000 
(ScaleHeight) Scale height in Lehmer & Catling (2016) model [m]: -1.000000 
(ThermTemp) Isothermal atmospheric temperature [K]: 400.000000 
(AtmGasConst) Atmospheric gas constant [(null)]: 4124.000000 
(PresSurf) Surface pressure due to atmosphere [Pa]: -1.000000 
(DEnvMassDt) Envelope Mass Loss Rate [kg/s]: 0.000000 
(FXUV) XUV flux [W/m^2]: 5.394577 
(AtmXAbsEffH2O) XUV atmospheric escape efficiency for H2O []: 0.300000 
(RocheRadius) Roche Lobe Radius [m]: 4.788950e+07 
(BondiRadius) Bondi Radius [m]: 6.226494e+08 
(HEscapeRegime) Integer flag for H envelope escape regime []: 8.000000 
(RRCriticalFlux) Critical XUV Flux that separates RR and energy-limited escape [W/m^2]: 59.245698 
(CrossoverMass) Crossover mass, defines oxygen is escaping if mc > mo [kg]: 0.000000 
(WaterEscapeRegime) What water escape regime the code is currently in []: 8.000000 
(FXUVCRITDRAG) Critical Drag XUV flux [W/m^2]: 0.490065 
(HREFFLUX) The Hydrogen Reference Flux (m^-2 s^-1) [m^-2 s^-1]: 3.479068e+18 
(XO2) Molecular oxygen mixing ratio in atmosphere []: 0.000000 
(XH2O) Water mixing ratio in upper atmosphere []: 0.000000 
(HDiffFlux) The Hydrogen Diffusion Flux (m^-2 s^-1) [m^-2 s^-1]: 2.412013e+17 
(HRefODragMod) Multiply by H ref flux to get flux with drag []: 1.000000 
(KTide) Mass loss enhancement due to stellar gravity []: 0.774315 
(CumulativeXUVFlux) Cumulative XUV flux [W/m^2]: 2.497333e+18 
(RunawayGreenhouseFlux) Incident flux that triggers runaway greenhouse [kg/sec^3]: 1294.563687 
(RGDuration) Runaway Greenhouse Duration [years]: 0.00000e+00

Output Order: Time[year] CumulativeXUVFlux[W/m^2]
Grid Output Order:
