-------- Log file gj1132.log -------

Executable: /home/vplanet/.local/bin/vplanet
Version: Unknown
System Name: gj1132
Primary Input File: vpl.in
Body File #1: star.in
Body File #2: b.in
Allow files to be overwitten: Yes
Mass Units: Grams
Length Units: Meters
Time Units: Seconds
Angle Units: Radians

------- FORMATTING -----
Verbosity Level: 5
Crossover Decade for Scientific Notation: 4
Number of Digits After Decimal: 6
Integration Method: Runge-Kutta4
Direction: Forward
Time Step: 3.155760e+07
Stop Time: 2.336721e+17
Output Interval: 3.155760e+13
Use Variable Timestep: Yes
dEta: 0.010000
Minimum Value of ecc and obl: 1.000000e-10


---- INITIAL SYSTEM PROPERTIES ----
(Age) System Age [sec]: 1.469758e+14 
(Time) Simulation Time [sec]: 0.000000 
(TotAngMom) Total Angular Momentum [kg*m^2/sec]: 1.601322e+42 
(TotEnergy) Total System Energy [kg*m^2/sec^2]: -1.085722e+40 
(PotEnergy) Body's non-orbital Potential Energy [kg*m^2/sec^2]: -1.091531e+40 
(KinEnergy) Body's non-orbital Kinetic Energy [kg*m^2/sec^2]: 5.813886e+37 
(DeltaTime) Average Timestep Over Last Output Interval [sec]: 0.000000 

----- BODY: star ----
Active Modules: FLARE STELLAR
Module Bit Sum: 577
Color: 000000
(Mass) Mass [kg]: 3.795410e+29 
(Radius) Radius [m]: 5.284905e+08 
(RadGyra) Radius of Gyration/Moment of Inertia Constant []: 0.455424 
(RotAngMom) Rotational Angular Momentum [kg*m^2/sec]: 1.598934e+42 
(RotVel) Rotational Velocity [m/sec]: 3.843291e+04 
(BodyType) Type of Body (0 == planet) []: 0.000000 
(RotRate) Rotational Frequency [/sec]: 7.272205e-05 
(RotPer) Rotational Period [sec]: 8.640000e+04 
(Density) Average Density [kg/m^3]: 613.844847 
(HZLimitDryRunaway) Semi-major axis of Dry Runaway HZ Limit [m]: 3.147374e+10 
(HZLimRecVenus) Recent Venus HZ Limit [m]: 2.820796e+10 
(HZLimRunaway) Runaway Greenhouse HZ Limit [m]: 3.719527e+10 
(HZLimMoistGreenhouse) Moist Greenhouse HZ Limit [m]: 3.732377e+10 
(HZLimMaxGreenhouse) Maximum Greenhouse HZ Limit [m]: 7.099110e+10 
(HZLimEarlyMars) Early Mars HZ Limit [m]: 7.742340e+10 
(Instellation) Orbit-averaged INcident STELLar radiATION [kg/sec^3]: -1.000000 
(CriticalSemiMajorAxis) Holman & Wiegert (1999) P-type Critical Semi-major Axis [m]: -1.000000 
(LXUVTot) Total XUV Luminosity [LSUN]: 7.622902e-05 
(LostEnergy) Body's Total Lost Energy [kg*m^2/sec^2]: 5.562685e-309 
(LostAngMom) Lost Angular Momentum due to Magnetic Braking [kg*m^2/sec]: 5.562685e-309 
(EscapeVelocity) Escape Velocity [m/sec]: 3.096193e+05 
----- STELLAR PARAMETERS (star)------
(Luminosity) Luminosity [LSUN]: 0.053729 
(LXUVStellar) Base X-ray/XUV Luminosity [LSUN]: 7.541814e-05 
(Temperature) Effective Temperature [K]: 3189.314674 
(LXUVFrac) Fraction of luminosity in XUV []: 0.001404 
(RossbyNumber) Rossby Number []: 0.016298 
(DRotPerDtStellar) Time Rate of Change of Rotation Period in STELLAR []: -1.203807e-10 
(WindTorque) Stellar Wind Torque []: 5.709191e+27 
----- FLARE PARAMETERS (star)------
(LXUVFlare) XUV Luminosity from flares [LSUN]: 8.108883e-07 
(FlareFreq1) First value of flare frequency range [/sec]: 3.191598e-05 
(FlareFreq2) Second value of flare frequency range [/sec]: 2.767960e-05 
(FlareFreq3) Third value of flare frequency range [/sec]: 2.400554e-05 
(FlareFreq4) Fourth value of flare frequency range [/sec]: 2.081916e-05 
(FlareFreqMin) Frequency of the flares with the lowest energy [/sec]: 3.191598e-05 
(FlareFreqMid) Frequency of the flares with the middle energy in the energy range [/sec]: 7.682893e-06 
(FlareFreqMax) Frequency of the flares with the highest energy [/sec]: 1.849445e-06 
(FlareEnergy1) First value of flare energy range [kg*m^2/sec^2]: 5.334000e+23 
(FlareEnergy2) Second value of flare energy range [kg*m^2/sec^2]: 6.715108e+23 
(FlareEnergy3) Third value of flare energy range [kg*m^2/sec^2]: 8.453820e+23 
(FlareEnergy4) Fourth value of flare energy range [kg*m^2/sec^2]: 1.064273e+24 
(FlareEnergyMin) Minimum flare energy [kg*m^2/sec^2]: 5.334000e+23 
(FlareEnergyMid) Middle flare energy in the range of energy values [kg*m^2/sec^2]: 5.334000e+24 
(FlareEnergyMax) Maximum flare energy [kg*m^2/sec^2]: 5.334000e+25 
(FlareYIntOUT) Instantaneous Davenport FFD y-intercept at current age and mass []: 19.444695 
(FlareSlopeOUT) Instantaneous Davenport FFD slope at current age and mass []: -0.618483 

Output Order: Time[year] Luminosity[LSUN] LXUVStellar[LSUN] LXUVFlare[LSUN] LXUVTot[LSUN]
Grid Output Order:

----- BODY: b ----
Active Modules: AtmEsc
Module Bit Sum: 9
Color: 000000
(Mass) Mass [kg]: 9.823432e+24 
(Radius) Radius [m]: 7.341332e+06 
(RadGyra) Radius of Gyration/Moment of Inertia Constant []: 0.500000 
(BodyType) Type of Body (0 == planet) []: 0.000000 
(Density) Average Density [kg/m^3]: 5927.205815 
(HZLimitDryRunaway) Semi-major axis of Dry Runaway HZ Limit [m]: 3.147446e+10 
(HZLimRecVenus) Recent Venus HZ Limit [m]: 2.820796e+10 
(HZLimRunaway) Runaway Greenhouse HZ Limit [m]: 3.719527e+10 
(HZLimMoistGreenhouse) Moist Greenhouse HZ Limit [m]: 3.732377e+10 
(HZLimMaxGreenhouse) Maximum Greenhouse HZ Limit [m]: 7.099110e+10 
(HZLimEarlyMars) Early Mars HZ Limit [m]: 7.742340e+10 
(Instellation) Orbit-averaged INcident STELLar radiATION [kg/sec^3]: 3.019246e+05 
(MeanMotion) Orbital Mean Motion [/sec]: 4.464265e-05 
(OrbPeriod) Orbital Period [sec]: 1.407440e+05 
(SemiMajorAxis) Semi-major Axis [m]: 2.333771e+09 
(LXUVTot) Total XUV Luminosity [kg/sec^3]: -1.000000 
(EscapeVelocity) Escape Velocity [m/sec]: 1.336477e+04 
----- ATMESC PARAMETERS (b)------
(SurfWaterMass) Surface water mass [kg]: 0.000000 
(EnvelopeMass) Envelope mass [kg]: 0.000000 
(OxygenMass) Oxygen mass in the atmosphere [kg]: 0.000000 
(RGLimit) Runaway greenhouse semi-major axis [m]: 3.565712e+10 
(XO) Atomic oxygen mixing ratio in upper atmosphere []: 0.000000 
(EtaO) Oxygen eta parameter (Luger and Barnes 2015) []: 0.000000 
(PlanetRadius) Planet radius [m]: 7.341332e+06 
(OxygenMantleMass) Mass of oxygen in mantle [kg]: 0.000000 
(RadXUV) XUV radius separating hydro. dyn. escape and equilibrium [m]: -1.000000 
(RadSolid) Radius to the solid surface [m]: -1.000000 
(PresXUV) Pressure at base of thermosphere [(null)]: 5.000000 
(ScaleHeight) Scale height in Lehmer & Catling (2016) model [m]: -1.000000 
(ThermTemp) Isothermal atmospheric temperature [K]: 400.000000 
(AtmGasConst) Atmospheric gas constant [(null)]: 4124.000000 
(PresSurf) Surface pressure due to atmosphere [Pa]: -1.000000 
(DEnvMassDt) Envelope Mass Loss Rate [kg/s]: 0.000000 
(FXUV) XUV flux [W/m^2]: 428.364361 
(AtmXAbsEffH2O) XUV atmospheric escape efficiency for H2O []: 0.300000 
(RocheRadius) Roche Lobe Radius [m]: 4.786513e+07 
(BondiRadius) Bondi Radius [m]: 3.273698e+08 
(HEscapeRegime) Integer flag for H envelope escape regime []: 8.000000 
(RRCriticalFlux) Critical XUV Flux that separates RR and energy-limited escape [W/m^2]: 56.753177 
(CrossoverMass) Crossover mass, defines oxygen is escaping if mc > mo [kg]: 0.000000 
(WaterEscapeRegime) What water escape regime the code is currently in []: 8.000000 
(FXUVCRITDRAG) Critical Drag XUV flux [W/m^2]: 0.472584 
(HREFFLUX) The Hydrogen Reference Flux (m^-2 s^-1) [m^-2 s^-1]: 2.807121e+20 
(XO2) Molecular oxygen mixing ratio in atmosphere []: 0.000000 
(XH2O) Water mixing ratio in upper atmosphere []: 0.000000 
(HDiffFlux) The Hydrogen Diffusion Flux (m^-2 s^-1) [m^-2 s^-1]: 2.355599e+17 
(HRefODragMod) Multiply by H ref flux to get flux with drag []: 1.000000 
(KTide) Mass loss enhancement due to stellar gravity []: 0.771741 
(CumulativeXUVFlux) Cumulative XUV flux [W/m^2]: 0.000000 
(RunawayGreenhouseFlux) Incident flux that triggers runaway greenhouse [kg/sec^3]: 1293.309190 
(RGDuration) Runaway Greenhouse Duration [years]: 0.00000e+00

Output Order: Time[year] CumulativeXUVFlux[W/m^2]
Grid Output Order:



---- FINAL SYSTEM PROPERTIES ----
(Age) System Age [sec]: 2.338310e+17 
(Time) Simulation Time [sec]: 2.336840e+17 
(TotAngMom) Total Angular Momentum [kg*m^2/sec]: 1.601785e+42 
(TotEnergy) Total System Energy [kg*m^2/sec^2]: -1.086229e+40 
(PotEnergy) Body's non-orbital Potential Energy [kg*m^2/sec^2]: -4.012741e+40 
(KinEnergy) Body's non-orbital Kinetic Energy [kg*m^2/sec^2]: 5.755576e+32 
(DeltaTime) Average Timestep Over Last Output Interval [sec]: 1.577880e+13 

----- BODY: star ----
Active Modules: FLARE STELLAR
Module Bit Sum: 577
Color: 000000
(Mass) Mass [kg]: 3.795410e+29 
(Radius) Radius [m]: 1.437580e+08 
(RadGyra) Radius of Gyration/Moment of Inertia Constant []: 0.460499 
(RotAngMom) Rotational Angular Momentum [kg*m^2/sec]: 1.383724e+39 
(RotVel) Rotational Velocity [m/sec]: 119.591799 
(BodyType) Type of Body (0 == planet) []: 0.000000 
(RotRate) Rotational Frequency [/sec]: 8.318966e-07 
(RotPer) Rotational Period [sec]: 7.552844e+06 
(Density) Average Density [kg/m^3]: 3.049819e+04 
(HZLimitDryRunaway) Semi-major axis of Dry Runaway HZ Limit [m]: 8.832252e+09 
(HZLimRecVenus) Recent Venus HZ Limit [m]: 7.908752e+09 
(HZLimRunaway) Runaway Greenhouse HZ Limit [m]: 1.043286e+10 
(HZLimMoistGreenhouse) Moist Greenhouse HZ Limit [m]: 1.046458e+10 
(HZLimMaxGreenhouse) Maximum Greenhouse HZ Limit [m]: 1.986898e+10 
(HZLimEarlyMars) Early Mars HZ Limit [m]: 2.166931e+10 
(Instellation) Orbit-averaged INcident STELLar radiATION [kg/sec^3]: -1.000000 
(CriticalSemiMajorAxis) Holman & Wiegert (1999) P-type Critical Semi-major Axis [m]: -1.000000 
(LXUVTot) Total XUV Luminosity [LSUN]: 5.667118e-07 
(LostEnergy) Body's Total Lost Energy [kg*m^2/sec^2]: 2.926518e+40 
(LostAngMom) Lost Angular Momentum due to Magnetic Braking [kg*m^2/sec]: 1.598013e+42 
(EscapeVelocity) Escape Velocity [m/sec]: 5.936501e+05 
----- STELLAR PARAMETERS (star)------
(Luminosity) Luminosity [LSUN]: 0.004231 
(LXUVStellar) Base X-ray/XUV Luminosity [LSUN]: 1.836153e-07 
(Temperature) Effective Temperature [K]: 3235.543738 
(LXUVFrac) Fraction of luminosity in XUV []: 4.339677e-05 
(RossbyNumber) Rossby Number []: 1.458834 
(DRotPerDtStellar) Time Rate of Change of Rotation Period in STELLAR []: 1.501539e-11 
(WindTorque) Stellar Wind Torque []: 2.750905e+21 
----- FLARE PARAMETERS (star)------
(LXUVFlare) XUV Luminosity from flares [LSUN]: 3.830925e-07 
(FlareFreq1) First value of flare frequency range [/sec]: 8.549359e-05 
(FlareFreq2) Second value of flare frequency range [/sec]: 6.647237e-05 
(FlareFreq3) Third value of flare frequency range [/sec]: 5.168313e-05 
(FlareFreq4) Fourth value of flare frequency range [/sec]: 4.018430e-05 
(FlareFreqMin) Frequency of the flares with the lowest energy [/sec]: 8.549359e-05 
(FlareFreqMid) Frequency of the flares with the middle energy in the energy range [/sec]: 6.902554e-06 
(FlareFreqMax) Frequency of the flares with the highest energy [/sec]: 5.572962e-07 
(FlareEnergy1) First value of flare energy range [kg*m^2/sec^2]: 5.334000e+23 
(FlareEnergy2) Second value of flare energy range [kg*m^2/sec^2]: 6.715108e+23 
(FlareEnergy3) Third value of flare energy range [kg*m^2/sec^2]: 8.453820e+23 
(FlareEnergy4) Fourth value of flare energy range [kg*m^2/sec^2]: 1.064273e+24 
(FlareEnergyMin) Minimum flare energy [kg*m^2/sec^2]: 5.334000e+23 
(FlareEnergyMid) Middle flare energy in the range of energy values [kg*m^2/sec^2]: 5.334000e+24 
(FlareEnergyMax) Maximum flare energy [kg*m^2/sec^2]: 5.334000e+25 
(FlareYIntOUT) Instantaneous Davenport FFD y-intercept at current age and mass []: 34.450773 
(FlareSlopeOUT) Instantaneous Davenport FFD slope at current age and mass []: -1.092924 

Output Order: Time[year] Luminosity[LSUN] LXUVStellar[LSUN] LXUVFlare[LSUN] LXUVTot[LSUN]
Grid Output Order:

----- BODY: b ----
Active Modules: AtmEsc
Module Bit Sum: 9
Color: 000000
(Mass) Mass [kg]: 9.823432e+24 
(Radius) Radius [m]: 7.341332e+06 
(RadGyra) Radius of Gyration/Moment of Inertia Constant []: 0.500000 
(BodyType) Type of Body (0 == planet) []: 0.000000 
(Density) Average Density [kg/m^3]: 5927.205815 
(HZLimitDryRunaway) Semi-major axis of Dry Runaway HZ Limit [m]: 8.832454e+09 
(HZLimRecVenus) Recent Venus HZ Limit [m]: 7.908752e+09 
(HZLimRunaway) Runaway Greenhouse HZ Limit [m]: 1.043286e+10 
(HZLimMoistGreenhouse) Moist Greenhouse HZ Limit [m]: 1.046458e+10 
(HZLimMaxGreenhouse) Maximum Greenhouse HZ Limit [m]: 1.986898e+10 
(HZLimEarlyMars) Early Mars HZ Limit [m]: 2.166931e+10 
(Instellation) Orbit-averaged INcident STELLar radiATION [kg/sec^3]: 2.377632e+04 
(MeanMotion) Orbital Mean Motion [/sec]: 4.464265e-05 
(OrbPeriod) Orbital Period [sec]: 1.407440e+05 
(SemiMajorAxis) Semi-major Axis [m]: 2.333771e+09 
(LXUVTot) Total XUV Luminosity [kg/sec^3]: -1.000000 
(EscapeVelocity) Escape Velocity [m/sec]: 1.336477e+04 
----- ATMESC PARAMETERS (b)------
(SurfWaterMass) Surface water mass [kg]: 0.000000 
(EnvelopeMass) Envelope mass [kg]: 0.000000 
(OxygenMass) Oxygen mass in the atmosphere [kg]: 0.000000 
(RGLimit) Runaway greenhouse semi-major axis [m]: 1.000159e+10 
(XO) Atomic oxygen mixing ratio in upper atmosphere []: 0.000000 
(EtaO) Oxygen eta parameter (Luger and Barnes 2015) []: 0.000000 
(PlanetRadius) Planet radius [m]: 7.341332e+06 
(OxygenMantleMass) Mass of oxygen in mantle [kg]: 0.000000 
(RadXUV) XUV radius separating hydro. dyn. escape and equilibrium [m]: -1.000000 
(RadSolid) Radius to the solid surface [m]: -1.000000 
(PresXUV) Pressure at base of thermosphere [(null)]: 5.000000 
(ScaleHeight) Scale height in Lehmer & Catling (2016) model [m]: -1.000000 
(ThermTemp) Isothermal atmospheric temperature [K]: 400.000000 
(AtmGasConst) Atmospheric gas constant [(null)]: 4124.000000 
(PresSurf) Surface pressure due to atmosphere [Pa]: -1.000000 
(DEnvMassDt) Envelope Mass Loss Rate [kg/s]: 0.000000 
(FXUV) XUV flux [W/m^2]: 3.184603 
(AtmXAbsEffH2O) XUV atmospheric escape efficiency for H2O []: 0.300000 
(RocheRadius) Roche Lobe Radius [m]: 4.786513e+07 
(BondiRadius) Bondi Radius [m]: 6.187159e+08 
(HEscapeRegime) Integer flag for H envelope escape regime []: 8.000000 
(RRCriticalFlux) Critical XUV Flux that separates RR and energy-limited escape [W/m^2]: 56.753177 
(CrossoverMass) Crossover mass, defines oxygen is escaping if mc > mo [kg]: 0.000000 
(WaterEscapeRegime) What water escape regime the code is currently in []: 8.000000 
(FXUVCRITDRAG) Critical Drag XUV flux [W/m^2]: 0.472584 
(HREFFLUX) The Hydrogen Reference Flux (m^-2 s^-1) [m^-2 s^-1]: 2.086907e+18 
(XO2) Molecular oxygen mixing ratio in atmosphere []: 0.000000 
(XH2O) Water mixing ratio in upper atmosphere []: 0.000000 
(HDiffFlux) The Hydrogen Diffusion Flux (m^-2 s^-1) [m^-2 s^-1]: 2.355599e+17 
(HRefODragMod) Multiply by H ref flux to get flux with drag []: 1.000000 
(KTide) Mass loss enhancement due to stellar gravity []: 0.771741 
(CumulativeXUVFlux) Cumulative XUV flux [W/m^2]: 2.703652e+18 
(RunawayGreenhouseFlux) Incident flux that triggers runaway greenhouse [kg/sec^3]: 1294.503572 
(RGDuration) Runaway Greenhouse Duration [years]: 0.00000e+00

Output Order: Time[year] CumulativeXUVFlux[W/m^2]
Grid Output Order:
