-------- Log file gj1132.log -------

Executable: /home/vplanet/.local/bin/vplanet
Version: Unknown
System Name: gj1132
Primary Input File: vpl.in
Body File #1: star.in
Body File #2: b.in
Allow files to be overwitten: Yes
Mass Units: Grams
Length Units: Meters
Time Units: Seconds
Angle Units: Radians

------- FORMATTING -----
Verbosity Level: 5
Crossover Decade for Scientific Notation: 4
Number of Digits After Decimal: 6
Integration Method: Runge-Kutta4
Direction: Forward
Time Step: 3.155760e+07
Stop Time: 2.083962e+17
Output Interval: 3.155760e+13
Use Variable Timestep: Yes
dEta: 0.010000
Minimum Value of ecc and obl: 1.000000e-10


---- INITIAL SYSTEM PROPERTIES ----
(Age) System Age [sec]: 2.004433e+14 
(Time) Simulation Time [sec]: 0.000000 
(TotAngMom) Total Angular Momentum [kg*m^2/sec]: 1.336919e+42 
(TotEnergy) Total System Energy [kg*m^2/sec^2]: -1.271137e+40 
(PotEnergy) Body's non-orbital Potential Energy [kg*m^2/sec^2]: -1.275984e+40 
(KinEnergy) Body's non-orbital Kinetic Energy [kg*m^2/sec^2]: 4.852390e+37 
(DeltaTime) Average Timestep Over Last Output Interval [sec]: 0.000000 

----- BODY: star ----
Active Modules: FLARE STELLAR
Module Bit Sum: 577
Color: 000000
(Mass) Mass [kg]: 3.892131e+29 
(Radius) Radius [m]: 4.754287e+08 
(RadGyra) Radius of Gyration/Moment of Inertia Constant []: 0.456717 
(RotAngMom) Rotational Angular Momentum [kg*m^2/sec]: 1.334503e+42 
(RotVel) Rotational Velocity [m/sec]: 3.457415e+04 
(BodyType) Type of Body (0 == planet) []: 0.000000 
(RotRate) Rotational Frequency [/sec]: 7.272205e-05 
(RotPer) Rotational Period [sec]: 8.640000e+04 
(Density) Average Density [kg/m^3]: 864.654649 
(HZLimitDryRunaway) Semi-major axis of Dry Runaway HZ Limit [m]: 2.883586e+10 
(HZLimRecVenus) Recent Venus HZ Limit [m]: 2.583012e+10 
(HZLimRunaway) Runaway Greenhouse HZ Limit [m]: 3.406821e+10 
(HZLimMoistGreenhouse) Moist Greenhouse HZ Limit [m]: 3.417749e+10 
(HZLimMaxGreenhouse) Maximum Greenhouse HZ Limit [m]: 6.493856e+10 
(HZLimEarlyMars) Early Mars HZ Limit [m]: 7.082256e+10 
(Instellation) Orbit-averaged INcident STELLar radiATION [kg/sec^3]: -1.000000 
(CriticalSemiMajorAxis) Holman & Wiegert (1999) P-type Critical Semi-major Axis [m]: -1.000000 
(LXUVTot) Total XUV Luminosity [LSUN]: 1.615869e-05 
(LostEnergy) Body's Total Lost Energy [kg*m^2/sec^2]: 5.562685e-309 
(LostAngMom) Lost Angular Momentum due to Magnetic Braking [kg*m^2/sec]: 5.562685e-309 
(EscapeVelocity) Escape Velocity [m/sec]: 3.305736e+05 
----- STELLAR PARAMETERS (star)------
(Luminosity) Luminosity [LSUN]: 0.045100 
(LXUVStellar) Base X-ray/XUV Luminosity [LSUN]: 1.537548e-05 
(Temperature) Effective Temperature [K]: 3216.910287 
(LXUVFrac) Fraction of luminosity in XUV []: 0.000341 
(RossbyNumber) Rossby Number []: 0.016530 
(DRotPerDtStellar) Time Rate of Change of Rotation Period in STELLAR []: -5.873829e-11 
(WindTorque) Stellar Wind Torque []: 3.193100e+27 
----- FLARE PARAMETERS (star)------
(LXUVFlare) XUV Luminosity from flares [LSUN]: 7.832161e-07 
(FlareFreq1) First value of flare frequency range [/sec]: 3.298847e-05 
(FlareFreq2) Second value of flare frequency range [/sec]: 2.849847e-05 
(FlareFreq3) Third value of flare frequency range [/sec]: 2.461959e-05 
(FlareFreq4) Fourth value of flare frequency range [/sec]: 2.126866e-05 
(FlareFreqMin) Frequency of the flares with the lowest energy [/sec]: 3.298847e-05 
(FlareFreqMid) Frequency of the flares with the middle energy in the energy range [/sec]: 7.637578e-06 
(FlareFreqMax) Frequency of the flares with the highest energy [/sec]: 1.768273e-06 
(FlareEnergy1) First value of flare energy range [kg*m^2/sec^2]: 5.334000e+23 
(FlareEnergy2) Second value of flare energy range [kg*m^2/sec^2]: 6.715108e+23 
(FlareEnergy3) Third value of flare energy range [kg*m^2/sec^2]: 8.453820e+23 
(FlareEnergy4) Fourth value of flare energy range [kg*m^2/sec^2]: 1.064273e+24 
(FlareEnergyMin) Minimum flare energy [kg*m^2/sec^2]: 5.334000e+23 
(FlareEnergyMid) Middle flare energy in the range of energy values [kg*m^2/sec^2]: 5.334000e+24 
(FlareEnergyMax) Maximum flare energy [kg*m^2/sec^2]: 5.334000e+25 
(FlareYIntOUT) Instantaneous Davenport FFD y-intercept at current age and mass []: 19.979044 
(FlareSlopeOUT) Instantaneous Davenport FFD slope at current age and mass []: -0.635406 

Output Order: Time[year] Luminosity[LSUN] LXUVStellar[LSUN] LXUVFlare[LSUN] LXUVTot[LSUN]
Grid Output Order:

----- BODY: b ----
Active Modules: AtmEsc
Module Bit Sum: 9
Color: 000000
(Mass) Mass [kg]: 9.771765e+24 
(Radius) Radius [m]: 7.111617e+06 
(RadGyra) Radius of Gyration/Moment of Inertia Constant []: 0.500000 
(BodyType) Type of Body (0 == planet) []: 0.000000 
(Density) Average Density [kg/m^3]: 6486.034379 
(HZLimitDryRunaway) Semi-major axis of Dry Runaway HZ Limit [m]: 2.883595e+10 
(HZLimRecVenus) Recent Venus HZ Limit [m]: 2.583012e+10 
(HZLimRunaway) Runaway Greenhouse HZ Limit [m]: 3.406821e+10 
(HZLimMoistGreenhouse) Moist Greenhouse HZ Limit [m]: 3.417749e+10 
(HZLimMaxGreenhouse) Maximum Greenhouse HZ Limit [m]: 6.493856e+10 
(HZLimEarlyMars) Early Mars HZ Limit [m]: 7.082256e+10 
(Instellation) Orbit-averaged INcident STELLar radiATION [kg/sec^3]: 2.492121e+05 
(MeanMotion) Orbital Mean Motion [/sec]: 4.464231e-05 
(OrbPeriod) Orbital Period [sec]: 1.407451e+05 
(SemiMajorAxis) Semi-major Axis [m]: 2.353440e+09 
(LXUVTot) Total XUV Luminosity [kg/sec^3]: -1.000000 
(EscapeVelocity) Escape Velocity [m/sec]: 1.354314e+04 
----- ATMESC PARAMETERS (b)------
(SurfWaterMass) Surface water mass [kg]: 0.000000 
(EnvelopeMass) Envelope mass [kg]: 0.000000 
(OxygenMass) Oxygen mass in the atmosphere [kg]: 0.000000 
(RGLimit) Runaway greenhouse semi-major axis [m]: 3.266395e+10 
(XO) Atomic oxygen mixing ratio in upper atmosphere []: 0.000000 
(EtaO) Oxygen eta parameter (Luger and Barnes 2015) []: 0.000000 
(PlanetRadius) Planet radius [m]: 7.111617e+06 
(OxygenMantleMass) Mass of oxygen in mantle [kg]: 0.000000 
(RadXUV) XUV radius separating hydro. dyn. escape and equilibrium [m]: -1.000000 
(RadSolid) Radius to the solid surface [m]: -1.000000 
(PresXUV) Pressure at base of thermosphere [(null)]: 5.000000 
(ScaleHeight) Scale height in Lehmer & Catling (2016) model [m]: -1.000000 
(ThermTemp) Isothermal atmospheric temperature [K]: 400.000000 
(AtmGasConst) Atmospheric gas constant [(null)]: 4124.000000 
(PresSurf) Surface pressure due to atmosphere [Pa]: -1.000000 
(DEnvMassDt) Envelope Mass Loss Rate [kg/s]: 0.000000 
(FXUV) XUV flux [W/m^2]: 89.289569 
(AtmXAbsEffH2O) XUV atmospheric escape efficiency for H2O []: 0.300000 
(RocheRadius) Roche Lobe Radius [m]: 4.778129e+07 
(BondiRadius) Bondi Radius [m]: 3.389692e+08 
(HEscapeRegime) Integer flag for H envelope escape regime []: 8.000000 
(RRCriticalFlux) Critical XUV Flux that separates RR and energy-limited escape [W/m^2]: 62.846953 
(CrossoverMass) Crossover mass, defines oxygen is escaping if mc > mo [kg]: 0.000000 
(WaterEscapeRegime) What water escape regime the code is currently in []: 8.000000 
(FXUVCRITDRAG) Critical Drag XUV flux [W/m^2]: 0.514421 
(HREFFLUX) The Hydrogen Reference Flux (m^-2 s^-1) [m^-2 s^-1]: 5.649432e+19 
(XO2) Molecular oxygen mixing ratio in atmosphere []: 0.000000 
(XH2O) Water mixing ratio in upper atmosphere []: 0.000000 
(HDiffFlux) The Hydrogen Diffusion Flux (m^-2 s^-1) [m^-2 s^-1]: 2.497032e+17 
(HRefODragMod) Multiply by H ref flux to get flux with drag []: 1.000000 
(KTide) Mass loss enhancement due to stellar gravity []: 0.778393 
(CumulativeXUVFlux) Cumulative XUV flux [W/m^2]: 0.000000 
(RunawayGreenhouseFlux) Incident flux that triggers runaway greenhouse [kg/sec^3]: 1293.704670 
(RGDuration) Runaway Greenhouse Duration [years]: 0.00000e+00

Output Order: Time[year] CumulativeXUVFlux[W/m^2]
Grid Output Order:



---- FINAL SYSTEM PROPERTIES ----
(Age) System Age [sec]: 2.086068e+17 
(Time) Simulation Time [sec]: 2.084063e+17 
(TotAngMom) Total Angular Momentum [kg*m^2/sec]: 1.331857e+42 
(TotEnergy) Total System Energy [kg*m^2/sec^2]: -1.275257e+40 
(PotEnergy) Body's non-orbital Potential Energy [kg*m^2/sec^2]: -4.127735e+40 
(KinEnergy) Body's non-orbital Kinetic Energy [kg*m^2/sec^2]: 6.621984e+32 
(DeltaTime) Average Timestep Over Last Output Interval [sec]: 1.577880e+13 

----- BODY: star ----
Active Modules: FLARE STELLAR
Module Bit Sum: 577
Color: 000000
(Mass) Mass [kg]: 3.892131e+29 
(Radius) Radius [m]: 1.469666e+08 
(RadGyra) Radius of Gyration/Moment of Inertia Constant []: 0.460385 
(RotAngMom) Rotational Angular Momentum [kg*m^2/sec]: 1.536182e+39 
(RotVel) Rotational Velocity [m/sec]: 126.705134 
(BodyType) Type of Body (0 == planet) []: 0.000000 
(RotRate) Rotational Frequency [/sec]: 8.621355e-07 
(RotPer) Rotational Period [sec]: 7.287932e+06 
(Density) Average Density [kg/m^3]: 2.927135e+04 
(HZLimitDryRunaway) Semi-major axis of Dry Runaway HZ Limit [m]: 9.116396e+09 
(HZLimRecVenus) Recent Venus HZ Limit [m]: 8.161069e+09 
(HZLimRunaway) Runaway Greenhouse HZ Limit [m]: 1.076699e+10 
(HZLimMoistGreenhouse) Moist Greenhouse HZ Limit [m]: 1.079843e+10 
(HZLimMaxGreenhouse) Maximum Greenhouse HZ Limit [m]: 2.049249e+10 
(HZLimEarlyMars) Early Mars HZ Limit [m]: 2.234934e+10 
(Instellation) Orbit-averaged INcident STELLar radiATION [kg/sec^3]: -1.000000 
(CriticalSemiMajorAxis) Holman & Wiegert (1999) P-type Critical Semi-major Axis [m]: -1.000000 
(LXUVTot) Total XUV Luminosity [LSUN]: 5.897183e-07 
(LostEnergy) Body's Total Lost Energy [kg*m^2/sec^2]: 2.852483e+40 
(LostAngMom) Lost Angular Momentum due to Magnetic Braking [kg*m^2/sec]: 1.327905e+42 
(EscapeVelocity) Escape Velocity [m/sec]: 5.945681e+05 
----- STELLAR PARAMETERS (star)------
(Luminosity) Luminosity [LSUN]: 0.004508 
(LXUVStellar) Base X-ray/XUV Luminosity [LSUN]: 1.968759e-07 
(Temperature) Effective Temperature [K]: 3248.798849 
(LXUVFrac) Fraction of luminosity in XUV []: 4.367546e-05 
(RossbyNumber) Rossby Number []: 1.417255 
(DRotPerDtStellar) Time Rate of Change of Rotation Period in STELLAR []: 1.690305e-11 
(WindTorque) Stellar Wind Torque []: 3.637889e+21 
----- FLARE PARAMETERS (star)------
(LXUVFlare) XUV Luminosity from flares [LSUN]: 3.928379e-07 
(FlareFreq1) First value of flare frequency range [/sec]: 8.534879e-05 
(FlareFreq2) Second value of flare frequency range [/sec]: 6.648447e-05 
(FlareFreq3) Third value of flare frequency range [/sec]: 5.178967e-05 
(FlareFreq4) Fourth value of flare frequency range [/sec]: 4.034280e-05 
(FlareFreqMin) Frequency of the flares with the lowest energy [/sec]: 8.534879e-05 
(FlareFreqMid) Frequency of the flares with the middle energy in the energy range [/sec]: 7.021440e-06 
(FlareFreqMax) Frequency of the flares with the highest energy [/sec]: 5.776370e-07 
(FlareEnergy1) First value of flare energy range [kg*m^2/sec^2]: 5.334000e+23 
(FlareEnergy2) Second value of flare energy range [kg*m^2/sec^2]: 6.715108e+23 
(FlareEnergy3) Third value of flare energy range [kg*m^2/sec^2]: 8.453820e+23 
(FlareEnergy4) Fourth value of flare energy range [kg*m^2/sec^2]: 1.064273e+24 
(FlareEnergyMin) Minimum flare energy [kg*m^2/sec^2]: 5.334000e+23 
(FlareEnergyMid) Middle flare energy in the range of energy values [kg*m^2/sec^2]: 5.334000e+24 
(FlareEnergyMax) Maximum flare energy [kg*m^2/sec^2]: 5.334000e+25 
(FlareYIntOUT) Instantaneous Davenport FFD y-intercept at current age and mass []: 34.199532 
(FlareSlopeOUT) Instantaneous Davenport FFD slope at current age and mass []: -1.084771 

Output Order: Time[year] Luminosity[LSUN] LXUVStellar[LSUN] LXUVFlare[LSUN] LXUVTot[LSUN]
Grid Output Order:

----- BODY: b ----
Active Modules: AtmEsc
Module Bit Sum: 9
Color: 000000
(Mass) Mass [kg]: 9.771765e+24 
(Radius) Radius [m]: 7.111617e+06 
(RadGyra) Radius of Gyration/Moment of Inertia Constant []: 0.500000 
(BodyType) Type of Body (0 == planet) []: 0.000000 
(Density) Average Density [kg/m^3]: 6486.034379 
(HZLimitDryRunaway) Semi-major axis of Dry Runaway HZ Limit [m]: 9.116423e+09 
(HZLimRecVenus) Recent Venus HZ Limit [m]: 8.161069e+09 
(HZLimRunaway) Runaway Greenhouse HZ Limit [m]: 1.076699e+10 
(HZLimMoistGreenhouse) Moist Greenhouse HZ Limit [m]: 1.079843e+10 
(HZLimMaxGreenhouse) Maximum Greenhouse HZ Limit [m]: 2.049249e+10 
(HZLimEarlyMars) Early Mars HZ Limit [m]: 2.234934e+10 
(Instellation) Orbit-averaged INcident STELLar radiATION [kg/sec^3]: 2.490861e+04 
(MeanMotion) Orbital Mean Motion [/sec]: 4.464231e-05 
(OrbPeriod) Orbital Period [sec]: 1.407451e+05 
(SemiMajorAxis) Semi-major Axis [m]: 2.353440e+09 
(LXUVTot) Total XUV Luminosity [kg/sec^3]: -1.000000 
(EscapeVelocity) Escape Velocity [m/sec]: 1.354314e+04 
----- ATMESC PARAMETERS (b)------
(SurfWaterMass) Surface water mass [kg]: 0.000000 
(EnvelopeMass) Envelope mass [kg]: 0.000000 
(OxygenMass) Oxygen mass in the atmosphere [kg]: 0.000000 
(RGLimit) Runaway greenhouse semi-major axis [m]: 1.032333e+10 
(XO) Atomic oxygen mixing ratio in upper atmosphere []: 0.000000 
(EtaO) Oxygen eta parameter (Luger and Barnes 2015) []: 0.000000 
(PlanetRadius) Planet radius [m]: 7.111617e+06 
(OxygenMantleMass) Mass of oxygen in mantle [kg]: 0.000000 
(RadXUV) XUV radius separating hydro. dyn. escape and equilibrium [m]: -1.000000 
(RadSolid) Radius to the solid surface [m]: -1.000000 
(PresXUV) Pressure at base of thermosphere [(null)]: 5.000000 
(ScaleHeight) Scale height in Lehmer & Catling (2016) model [m]: -1.000000 
(ThermTemp) Isothermal atmospheric temperature [K]: 400.000000 
(AtmGasConst) Atmospheric gas constant [(null)]: 4124.000000 
(PresSurf) Surface pressure due to atmosphere [Pa]: -1.000000 
(DEnvMassDt) Envelope Mass Loss Rate [kg/s]: 0.000000 
(FXUV) XUV flux [W/m^2]: 3.258660 
(AtmXAbsEffH2O) XUV atmospheric escape efficiency for H2O []: 0.300000 
(RocheRadius) Roche Lobe Radius [m]: 4.778129e+07 
(BondiRadius) Bondi Radius [m]: 6.036841e+08 
(HEscapeRegime) Integer flag for H envelope escape regime []: 8.000000 
(RRCriticalFlux) Critical XUV Flux that separates RR and energy-limited escape [W/m^2]: 62.846953 
(CrossoverMass) Crossover mass, defines oxygen is escaping if mc > mo [kg]: 0.000000 
(WaterEscapeRegime) What water escape regime the code is currently in []: 8.000000 
(FXUVCRITDRAG) Critical Drag XUV flux [W/m^2]: 0.514421 
(HREFFLUX) The Hydrogen Reference Flux (m^-2 s^-1) [m^-2 s^-1]: 2.061784e+18 
(XO2) Molecular oxygen mixing ratio in atmosphere []: 0.000000 
(XH2O) Water mixing ratio in upper atmosphere []: 0.000000 
(HDiffFlux) The Hydrogen Diffusion Flux (m^-2 s^-1) [m^-2 s^-1]: 2.497032e+17 
(HRefODragMod) Multiply by H ref flux to get flux with drag []: 1.000000 
(KTide) Mass loss enhancement due to stellar gravity []: 0.778393 
(CumulativeXUVFlux) Cumulative XUV flux [W/m^2]: 1.495334e+18 
(RunawayGreenhouseFlux) Incident flux that triggers runaway greenhouse [kg/sec^3]: 1294.535326 
(RGDuration) Runaway Greenhouse Duration [years]: 0.00000e+00

Output Order: Time[year] CumulativeXUVFlux[W/m^2]
Grid Output Order:
