-------- Log file gj1132.log -------

Executable: /home/vplanet/.local/bin/vplanet
Version: Unknown
System Name: gj1132
Primary Input File: vpl.in
Body File #1: star.in
Body File #2: b.in
Allow files to be overwitten: Yes
Mass Units: Grams
Length Units: Meters
Time Units: Seconds
Angle Units: Radians

------- FORMATTING -----
Verbosity Level: 5
Crossover Decade for Scientific Notation: 4
Number of Digits After Decimal: 6
Integration Method: Runge-Kutta4
Direction: Forward
Time Step: 3.155760e+07
Stop Time: 2.262468e+17
Output Interval: 3.155760e+13
Use Variable Timestep: Yes
dEta: 0.010000
Minimum Value of ecc and obl: 1.000000e-10


---- INITIAL SYSTEM PROPERTIES ----
(Age) System Age [sec]: 1.110876e+14 
(Time) Simulation Time [sec]: 0.000000 
(TotAngMom) Total Angular Momentum [kg*m^2/sec]: 1.972434e+42 
(TotEnergy) Total System Energy [kg*m^2/sec^2]: -9.725910e+39 
(PotEnergy) Body's non-orbital Potential Energy [kg*m^2/sec^2]: -9.797486e+39 
(KinEnergy) Body's non-orbital Kinetic Energy [kg*m^2/sec^2]: 7.163066e+37 
(DeltaTime) Average Timestep Over Last Output Interval [sec]: 0.000000 

----- BODY: star ----
Active Modules: FLARE STELLAR
Module Bit Sum: 577
Color: 000000
(Mass) Mass [kg]: 3.795203e+29 
(Radius) Radius [m]: 5.887232e+08 
(RadGyra) Radius of Gyration/Moment of Inertia Constant []: 0.453805 
(RotAngMom) Rotational Angular Momentum [kg*m^2/sec]: 1.969984e+42 
(RotVel) Rotational Velocity [m/sec]: 4.281316e+04 
(BodyType) Type of Body (0 == planet) []: 0.000000 
(RotRate) Rotational Frequency [/sec]: 7.272205e-05 
(RotPer) Rotational Period [sec]: 8.640000e+04 
(Density) Average Density [kg/m^3]: 444.030663 
(HZLimitDryRunaway) Semi-major axis of Dry Runaway HZ Limit [m]: 3.466196e+10 
(HZLimRecVenus) Recent Venus HZ Limit [m]: 3.107675e+10 
(HZLimRunaway) Runaway Greenhouse HZ Limit [m]: 4.097107e+10 
(HZLimMoistGreenhouse) Moist Greenhouse HZ Limit [m]: 4.111965e+10 
(HZLimMaxGreenhouse) Maximum Greenhouse HZ Limit [m]: 7.826849e+10 
(HZLimEarlyMars) Early Mars HZ Limit [m]: 8.536008e+10 
(Instellation) Orbit-averaged INcident STELLar radiATION [kg/sec^3]: -1.000000 
(CriticalSemiMajorAxis) Holman & Wiegert (1999) P-type Critical Semi-major Axis [m]: -1.000000 
(LXUVTot) Total XUV Luminosity [LSUN]: 0.000106 
(LostEnergy) Body's Total Lost Energy [kg*m^2/sec^2]: 5.562685e-309 
(LostAngMom) Lost Angular Momentum due to Magnetic Braking [kg*m^2/sec]: 5.562685e-309 
(EscapeVelocity) Escape Velocity [m/sec]: 2.933453e+05 
----- STELLAR PARAMETERS (star)------
(Luminosity) Luminosity [LSUN]: 0.065165 
(LXUVStellar) Base X-ray/XUV Luminosity [LSUN]: 9.109872e-05 
(Temperature) Effective Temperature [K]: 3169.960765 
(LXUVFrac) Fraction of luminosity in XUV []: 0.001398 
(RossbyNumber) Rossby Number []: 0.016137 
(DRotPerDtStellar) Time Rate of Change of Rotation Period in STELLAR []: -1.054227e-10 
(WindTorque) Stellar Wind Torque []: 1.015278e+28 
----- FLARE PARAMETERS (star)------
(LXUVFlare) XUV Luminosity from flares [LSUN]: 1.447842e-05 
(FlareFreq1) First value of flare frequency range [/sec]: 1.920584e-06 
(FlareFreq2) Second value of flare frequency range [/sec]: 1.562700e-06 
(FlareFreq3) Third value of flare frequency range [/sec]: 1.271505e-06 
(FlareFreq4) Fourth value of flare frequency range [/sec]: 1.034571e-06 
(FlareFreqMin) Frequency of the flares with the lowest energy [/sec]: 1.920584e-06 
(FlareFreqMid) Frequency of the flares with the middle energy in the energy range [/sec]: 2.442625e-07 
(FlareFreqMax) Frequency of the flares with the highest energy [/sec]: 3.106563e-08 
(FlareEnergy1) First value of flare energy range [kg*m^2/sec^2]: 5.334000e+25 
(FlareEnergy2) Second value of flare energy range [kg*m^2/sec^2]: 7.534475e+25 
(FlareEnergy3) Third value of flare energy range [kg*m^2/sec^2]: 1.064273e+26 
(FlareEnergy4) Fourth value of flare energy range [kg*m^2/sec^2]: 1.503325e+26 
(FlareEnergyMin) Minimum flare energy [kg*m^2/sec^2]: 5.334000e+25 
(FlareEnergyMid) Middle flare energy in the range of energy values [kg*m^2/sec^2]: 1.686759e+27 
(FlareEnergyMax) Maximum flare energy [kg*m^2/sec^2]: 5.334000e+28 
(FlareYIntOUT) Instantaneous Davenport FFD y-intercept at current age and mass []: 18.759669 
(FlareSlopeOUT) Instantaneous Davenport FFD slope at current age and mass []: -0.597051 

Output Order: Time[year] Luminosity[LSUN] LXUVStellar[LSUN] LXUVFlare[LSUN] LXUVTot[LSUN]
Grid Output Order:

----- BODY: b ----
Active Modules: AtmEsc
Module Bit Sum: 9
Color: 000000
(Mass) Mass [kg]: 1.007330e+25 
(Radius) Radius [m]: 7.091571e+06 
(RadGyra) Radius of Gyration/Moment of Inertia Constant []: 0.500000 
(BodyType) Type of Body (0 == planet) []: 0.000000 
(Density) Average Density [kg/m^3]: 6743.040763 
(HZLimitDryRunaway) Semi-major axis of Dry Runaway HZ Limit [m]: 3.466221e+10 
(HZLimRecVenus) Recent Venus HZ Limit [m]: 3.107675e+10 
(HZLimRunaway) Runaway Greenhouse HZ Limit [m]: 4.097107e+10 
(HZLimMoistGreenhouse) Moist Greenhouse HZ Limit [m]: 4.111965e+10 
(HZLimMaxGreenhouse) Maximum Greenhouse HZ Limit [m]: 7.826849e+10 
(HZLimEarlyMars) Early Mars HZ Limit [m]: 8.536008e+10 
(Instellation) Orbit-averaged INcident STELLar radiATION [kg/sec^3]: 3.662176e+05 
(MeanMotion) Orbital Mean Motion [/sec]: 4.464438e-05 
(OrbPeriod) Orbital Period [sec]: 1.407385e+05 
(SemiMajorAxis) Semi-major Axis [m]: 2.333668e+09 
(LXUVTot) Total XUV Luminosity [kg/sec^3]: -1.000000 
(EscapeVelocity) Escape Velocity [m/sec]: 1.376993e+04 
----- ATMESC PARAMETERS (b)------
(SurfWaterMass) Surface water mass [kg]: 0.000000 
(EnvelopeMass) Envelope mass [kg]: 0.000000 
(OxygenMass) Oxygen mass in the atmosphere [kg]: 0.000000 
(RGLimit) Runaway greenhouse semi-major axis [m]: 3.925416e+10 
(XO) Atomic oxygen mixing ratio in upper atmosphere []: 0.000000 
(EtaO) Oxygen eta parameter (Luger and Barnes 2015) []: 0.000000 
(PlanetRadius) Planet radius [m]: 7.091571e+06 
(OxygenMantleMass) Mass of oxygen in mantle [kg]: 0.000000 
(RadXUV) XUV radius separating hydro. dyn. escape and equilibrium [m]: -1.000000 
(RadSolid) Radius to the solid surface [m]: -1.000000 
(PresXUV) Pressure at base of thermosphere [(null)]: 5.000000 
(ScaleHeight) Scale height in Lehmer & Catling (2016) model [m]: -1.000000 
(ThermTemp) Isothermal atmospheric temperature [K]: 400.000000 
(AtmGasConst) Atmospheric gas constant [(null)]: 4124.000000 
(PresSurf) Surface pressure due to atmosphere [Pa]: -1.000000 
(DEnvMassDt) Envelope Mass Loss Rate [kg/s]: 0.000000 
(FXUV) XUV flux [W/m^2]: 593.327329 
(AtmXAbsEffH2O) XUV atmospheric escape efficiency for H2O []: 0.300000 
(RocheRadius) Roche Lobe Radius [m]: 4.826633e+07 
(BondiRadius) Bondi Radius [m]: 3.200097e+08 
(HEscapeRegime) Integer flag for H envelope escape regime []: 8.000000 
(RRCriticalFlux) Critical XUV Flux that separates RR and energy-limited escape [W/m^2]: 67.839491 
(CrossoverMass) Crossover mass, defines oxygen is escaping if mc > mo [kg]: 0.000000 
(WaterEscapeRegime) What water escape regime the code is currently in []: 8.000000 
(FXUVCRITDRAG) Critical Drag XUV flux [W/m^2]: 0.551307 
(HREFFLUX) The Hydrogen Reference Flux (m^-2 s^-1) [m^-2 s^-1]: 3.618364e+20 
(XO2) Molecular oxygen mixing ratio in atmosphere []: 0.000000 
(XH2O) Water mixing ratio in upper atmosphere []: 0.000000 
(HDiffFlux) The Hydrogen Diffusion Flux (m^-2 s^-1) [m^-2 s^-1]: 2.588658e+17 
(HRefODragMod) Multiply by H ref flux to get flux with drag []: 1.000000 
(KTide) Mass loss enhancement due to stellar gravity []: 0.781197 
(CumulativeXUVFlux) Cumulative XUV flux [W/m^2]: 0.000000 
(RunawayGreenhouseFlux) Incident flux that triggers runaway greenhouse [kg/sec^3]: 1294.314031 
(RGDuration) Runaway Greenhouse Duration [years]: 0.00000e+00

Output Order: Time[year] CumulativeXUVFlux[W/m^2]
Grid Output Order:



---- FINAL SYSTEM PROPERTIES ----
(Age) System Age [sec]: 2.263791e+17 
(Time) Simulation Time [sec]: 2.262680e+17 
(TotAngMom) Total Angular Momentum [kg*m^2/sec]: 1.971370e+42 
(TotEnergy) Total System Energy [kg*m^2/sec^2]: -9.739524e+39 
(PotEnergy) Body's non-orbital Potential Energy [kg*m^2/sec^2]: -4.012508e+40 
(KinEnergy) Body's non-orbital Kinetic Energy [kg*m^2/sec^2]: 5.964552e+32 
(DeltaTime) Average Timestep Over Last Output Interval [sec]: 1.577880e+13 

----- BODY: star ----
Active Modules: FLARE STELLAR
Module Bit Sum: 577
Color: 000000
(Mass) Mass [kg]: 3.795203e+29 
(Radius) Radius [m]: 1.437507e+08 
(RadGyra) Radius of Gyration/Moment of Inertia Constant []: 0.460499 
(RotAngMom) Rotational Angular Momentum [kg*m^2/sec]: 1.408511e+39 
(RotVel) Rotational Velocity [m/sec]: 121.746760 
(BodyType) Type of Body (0 == planet) []: 0.000000 
(RotRate) Rotational Frequency [/sec]: 8.469300e-07 
(RotPer) Rotational Period [sec]: 7.418778e+06 
(Density) Average Density [kg/m^3]: 3.050119e+04 
(HZLimitDryRunaway) Semi-major axis of Dry Runaway HZ Limit [m]: 8.829052e+09 
(HZLimRecVenus) Recent Venus HZ Limit [m]: 7.905890e+09 
(HZLimRunaway) Runaway Greenhouse HZ Limit [m]: 1.042908e+10 
(HZLimMoistGreenhouse) Moist Greenhouse HZ Limit [m]: 1.046079e+10 
(HZLimMaxGreenhouse) Maximum Greenhouse HZ Limit [m]: 1.986181e+10 
(HZLimEarlyMars) Early Mars HZ Limit [m]: 2.166149e+10 
(Instellation) Orbit-averaged INcident STELLar radiATION [kg/sec^3]: -1.000000 
(CriticalSemiMajorAxis) Holman & Wiegert (1999) P-type Critical Semi-major Axis [m]: -1.000000 
(LXUVTot) Total XUV Luminosity [LSUN]: 6.520363e-07 
(LostEnergy) Body's Total Lost Energy [kg*m^2/sec^2]: 3.038561e+40 
(LostAngMom) Lost Angular Momentum due to Magnetic Braking [kg*m^2/sec]: 1.967513e+42 
(EscapeVelocity) Escape Velocity [m/sec]: 5.936491e+05 
----- STELLAR PARAMETERS (star)------
(Luminosity) Luminosity [LSUN]: 0.004228 
(LXUVStellar) Base X-ray/XUV Luminosity [LSUN]: 2.969882e-07 
(Temperature) Effective Temperature [K]: 3235.518133 
(LXUVFrac) Fraction of luminosity in XUV []: 7.024288e-05 
(RossbyNumber) Rossby Number []: 1.432920 
(DRotPerDtStellar) Time Rate of Change of Rotation Period in STELLAR []: 1.740706e-11 
(WindTorque) Stellar Wind Torque []: 3.007905e+21 
----- FLARE PARAMETERS (star)------
(LXUVFlare) XUV Luminosity from flares [LSUN]: 3.550268e-07 
(FlareFreq1) First value of flare frequency range [/sec]: 5.586821e-07 
(FlareFreq2) Second value of flare frequency range [/sec]: 3.837966e-07 
(FlareFreq3) Third value of flare frequency range [/sec]: 2.636559e-07 
(FlareFreq4) Fourth value of flare frequency range [/sec]: 1.811231e-07 
(FlareFreqMin) Frequency of the flares with the lowest energy [/sec]: 5.586821e-07 
(FlareFreqMid) Frequency of the flares with the middle energy in the energy range [/sec]: 1.307762e-08 
(FlareFreqMax) Frequency of the flares with the highest energy [/sec]: 3.061206e-10 
(FlareEnergy1) First value of flare energy range [kg*m^2/sec^2]: 5.334000e+25 
(FlareEnergy2) Second value of flare energy range [kg*m^2/sec^2]: 7.534475e+25 
(FlareEnergy3) Third value of flare energy range [kg*m^2/sec^2]: 1.064273e+26 
(FlareEnergy4) Fourth value of flare energy range [kg*m^2/sec^2]: 1.503325e+26 
(FlareEnergyMin) Minimum flare energy [kg*m^2/sec^2]: 5.334000e+25 
(FlareEnergyMid) Middle flare energy in the range of energy values [kg*m^2/sec^2]: 1.686759e+27 
(FlareEnergyMax) Maximum flare energy [kg*m^2/sec^2]: 5.334000e+28 
(FlareYIntOUT) Instantaneous Davenport FFD y-intercept at current age and mass []: 34.260955 
(FlareSlopeOUT) Instantaneous Davenport FFD slope at current age and mass []: -1.087091 

Output Order: Time[year] Luminosity[LSUN] LXUVStellar[LSUN] LXUVFlare[LSUN] LXUVTot[LSUN]
Grid Output Order:

----- BODY: b ----
Active Modules: AtmEsc
Module Bit Sum: 9
Color: 000000
(Mass) Mass [kg]: 1.007330e+25 
(Radius) Radius [m]: 7.091571e+06 
(RadGyra) Radius of Gyration/Moment of Inertia Constant []: 0.500000 
(BodyType) Type of Body (0 == planet) []: 0.000000 
(Density) Average Density [kg/m^3]: 6743.040763 
(HZLimitDryRunaway) Semi-major axis of Dry Runaway HZ Limit [m]: 8.829118e+09 
(HZLimRecVenus) Recent Venus HZ Limit [m]: 7.905890e+09 
(HZLimRunaway) Runaway Greenhouse HZ Limit [m]: 1.042908e+10 
(HZLimMoistGreenhouse) Moist Greenhouse HZ Limit [m]: 1.046079e+10 
(HZLimMaxGreenhouse) Maximum Greenhouse HZ Limit [m]: 1.986181e+10 
(HZLimEarlyMars) Early Mars HZ Limit [m]: 2.166149e+10 
(Instellation) Orbit-averaged INcident STELLar radiATION [kg/sec^3]: 2.376081e+04 
(MeanMotion) Orbital Mean Motion [/sec]: 4.464438e-05 
(OrbPeriod) Orbital Period [sec]: 1.407385e+05 
(SemiMajorAxis) Semi-major Axis [m]: 2.333668e+09 
(LXUVTot) Total XUV Luminosity [kg/sec^3]: -1.000000 
(EscapeVelocity) Escape Velocity [m/sec]: 1.376993e+04 
----- ATMESC PARAMETERS (b)------
(SurfWaterMass) Surface water mass [kg]: 0.000000 
(EnvelopeMass) Envelope mass [kg]: 0.000000 
(OxygenMass) Oxygen mass in the atmosphere [kg]: 0.000000 
(RGLimit) Runaway greenhouse semi-major axis [m]: 9.992254e+09 
(XO) Atomic oxygen mixing ratio in upper atmosphere []: 0.000000 
(EtaO) Oxygen eta parameter (Luger and Barnes 2015) []: 0.000000 
(PlanetRadius) Planet radius [m]: 7.091571e+06 
(OxygenMantleMass) Mass of oxygen in mantle [kg]: 0.000000 
(RadXUV) XUV radius separating hydro. dyn. escape and equilibrium [m]: -1.000000 
(RadSolid) Radius to the solid surface [m]: -1.000000 
(PresXUV) Pressure at base of thermosphere [(null)]: 5.000000 
(ScaleHeight) Scale height in Lehmer & Catling (2016) model [m]: -1.000000 
(ThermTemp) Isothermal atmospheric temperature [K]: 400.000000 
(AtmGasConst) Atmospheric gas constant [(null)]: 4124.000000 
(PresSurf) Surface pressure due to atmosphere [Pa]: -1.000000 
(DEnvMassDt) Envelope Mass Loss Rate [kg/s]: 0.000000 
(FXUV) XUV flux [W/m^2]: 3.664344 
(AtmXAbsEffH2O) XUV atmospheric escape efficiency for H2O []: 0.300000 
(RocheRadius) Roche Lobe Radius [m]: 4.826633e+07 
(BondiRadius) Bondi Radius [m]: 6.344886e+08 
(HEscapeRegime) Integer flag for H envelope escape regime []: 8.000000 
(RRCriticalFlux) Critical XUV Flux that separates RR and energy-limited escape [W/m^2]: 67.839491 
(CrossoverMass) Crossover mass, defines oxygen is escaping if mc > mo [kg]: 0.000000 
(WaterEscapeRegime) What water escape regime the code is currently in []: 8.000000 
(FXUVCRITDRAG) Critical Drag XUV flux [W/m^2]: 0.551307 
(HREFFLUX) The Hydrogen Reference Flux (m^-2 s^-1) [m^-2 s^-1]: 2.234674e+18 
(XO2) Molecular oxygen mixing ratio in atmosphere []: 0.000000 
(XH2O) Water mixing ratio in upper atmosphere []: 0.000000 
(HDiffFlux) The Hydrogen Diffusion Flux (m^-2 s^-1) [m^-2 s^-1]: 2.588658e+17 
(HRefODragMod) Multiply by H ref flux to get flux with drag []: 1.000000 
(KTide) Mass loss enhancement due to stellar gravity []: 0.781197 
(CumulativeXUVFlux) Cumulative XUV flux [W/m^2]: 3.135893e+18 
(RunawayGreenhouseFlux) Incident flux that triggers runaway greenhouse [kg/sec^3]: 1296.003186 
(RGDuration) Runaway Greenhouse Duration [years]: 0.00000e+00

Output Order: Time[year] CumulativeXUVFlux[W/m^2]
Grid Output Order:
