-------- Log file gj1132.log -------

Executable: /home/vplanet/.local/bin/vplanet
Version: Unknown
System Name: gj1132
Primary Input File: vpl.in
Body File #1: star.in
Body File #2: b.in
Allow files to be overwitten: Yes
Mass Units: Grams
Length Units: Meters
Time Units: Seconds
Angle Units: Radians

------- FORMATTING -----
Verbosity Level: 5
Crossover Decade for Scientific Notation: 4
Number of Digits After Decimal: 6
Integration Method: Runge-Kutta4
Direction: Forward
Time Step: 3.155760e+07
Stop Time: 1.949935e+17
Output Interval: 3.155760e+13
Use Variable Timestep: Yes
dEta: 0.010000
Minimum Value of ecc and obl: 1.000000e-10


---- INITIAL SYSTEM PROPERTIES ----
(Age) System Age [sec]: 1.501618e+14 
(Time) Simulation Time [sec]: 0.000000 
(TotAngMom) Total Angular Momentum [kg*m^2/sec]: 1.608887e+42 
(TotEnergy) Total System Energy [kg*m^2/sec^2]: -1.115213e+40 
(PotEnergy) Body's non-orbital Potential Energy [kg*m^2/sec^2]: -1.121049e+40 
(KinEnergy) Body's non-orbital Kinetic Energy [kg*m^2/sec^2]: 5.841252e+37 
(DeltaTime) Average Timestep Over Last Output Interval [sec]: 0.000000 

----- BODY: star ----
Active Modules: FLARE STELLAR
Module Bit Sum: 577
Color: 000000
(Mass) Mass [kg]: 3.839339e+29 
(Radius) Radius [m]: 5.265553e+08 
(RadGyra) Radius of Gyration/Moment of Inertia Constant []: 0.455543 
(RotAngMom) Rotational Angular Momentum [kg*m^2/sec]: 1.606460e+42 
(RotVel) Rotational Velocity [m/sec]: 3.829218e+04 
(BodyType) Type of Body (0 == planet) []: 0.000000 
(RotRate) Rotational Frequency [/sec]: 7.272205e-05 
(RotPer) Rotational Period [sec]: 8.640000e+04 
(Density) Average Density [kg/m^3]: 627.821198 
(HZLimitDryRunaway) Semi-major axis of Dry Runaway HZ Limit [m]: 3.150994e+10 
(HZLimRecVenus) Recent Venus HZ Limit [m]: 2.823683e+10 
(HZLimRunaway) Runaway Greenhouse HZ Limit [m]: 3.723553e+10 
(HZLimMoistGreenhouse) Moist Greenhouse HZ Limit [m]: 3.736197e+10 
(HZLimMaxGreenhouse) Maximum Greenhouse HZ Limit [m]: 7.104584e+10 
(HZLimEarlyMars) Early Mars HZ Limit [m]: 7.748312e+10 
(Instellation) Orbit-averaged INcident STELLar radiATION [kg/sec^3]: -1.000000 
(CriticalSemiMajorAxis) Holman & Wiegert (1999) P-type Critical Semi-major Axis [m]: -1.000000 
(LXUVTot) Total XUV Luminosity [LSUN]: 3.167862e-05 
(LostEnergy) Body's Total Lost Energy [kg*m^2/sec^2]: 5.562685e-309 
(LostAngMom) Lost Angular Momentum due to Magnetic Braking [kg*m^2/sec]: 5.562685e-309 
(EscapeVelocity) Escape Velocity [m/sec]: 3.119776e+05 
----- STELLAR PARAMETERS (star)------
(Luminosity) Luminosity [LSUN]: 0.053852 
(LXUVStellar) Base X-ray/XUV Luminosity [LSUN]: 3.087203e-05 
(Temperature) Effective Temperature [K]: 3195.947500 
(LXUVFrac) Fraction of luminosity in XUV []: 0.000573 
(RossbyNumber) Rossby Number []: 0.016353 
(DRotPerDtStellar) Time Rate of Change of Rotation Period in STELLAR []: -1.554017e-10 
(WindTorque) Stellar Wind Torque []: 5.555788e+27 
----- FLARE PARAMETERS (star)------
(LXUVFlare) XUV Luminosity from flares [LSUN]: 8.065923e-07 
(FlareFreq1) First value of flare frequency range [/sec]: 3.182836e-05 
(FlareFreq2) Second value of flare frequency range [/sec]: 2.759956e-05 
(FlareFreq3) Third value of flare frequency range [/sec]: 2.393260e-05 
(FlareFreq4) Fourth value of flare frequency range [/sec]: 2.075285e-05 
(FlareFreqMin) Frequency of the flares with the lowest energy [/sec]: 3.182836e-05 
(FlareFreqMid) Frequency of the flares with the middle energy in the energy range [/sec]: 7.650551e-06 
(FlareFreqMax) Frequency of the flares with the highest energy [/sec]: 1.838955e-06 
(FlareEnergy1) First value of flare energy range [kg*m^2/sec^2]: 5.334000e+23 
(FlareEnergy2) Second value of flare energy range [kg*m^2/sec^2]: 6.715108e+23 
(FlareEnergy3) Third value of flare energy range [kg*m^2/sec^2]: 8.453820e+23 
(FlareEnergy4) Fourth value of flare energy range [kg*m^2/sec^2]: 1.064273e+24 
(FlareEnergyMin) Minimum flare energy [kg*m^2/sec^2]: 5.334000e+23 
(FlareEnergyMid) Middle flare energy in the range of energy values [kg*m^2/sec^2]: 5.334000e+24 
(FlareEnergyMax) Maximum flare energy [kg*m^2/sec^2]: 5.334000e+25 
(FlareYIntOUT) Instantaneous Davenport FFD y-intercept at current age and mass []: 19.463108 
(FlareSlopeOUT) Instantaneous Davenport FFD slope at current age and mass []: -0.619122 

Output Order: Time[year] Luminosity[LSUN] LXUVStellar[LSUN] LXUVFlare[LSUN] LXUVTot[LSUN]
Grid Output Order:

----- BODY: b ----
Active Modules: AtmEsc
Module Bit Sum: 9
Color: 000000
(Mass) Mass [kg]: 9.908621e+24 
(Radius) Radius [m]: 7.188668e+06 
(RadGyra) Radius of Gyration/Moment of Inertia Constant []: 0.500000 
(BodyType) Type of Body (0 == planet) []: 0.000000 
(Density) Average Density [kg/m^3]: 6367.651306 
(HZLimitDryRunaway) Semi-major axis of Dry Runaway HZ Limit [m]: 3.151015e+10 
(HZLimRecVenus) Recent Venus HZ Limit [m]: 2.823683e+10 
(HZLimRunaway) Runaway Greenhouse HZ Limit [m]: 3.723553e+10 
(HZLimMoistGreenhouse) Moist Greenhouse HZ Limit [m]: 3.736197e+10 
(HZLimMaxGreenhouse) Maximum Greenhouse HZ Limit [m]: 7.104584e+10 
(HZLimEarlyMars) Early Mars HZ Limit [m]: 7.748312e+10 
(Instellation) Orbit-averaged INcident STELLar radiATION [kg/sec^3]: 3.003036e+05 
(MeanMotion) Orbital Mean Motion [/sec]: 4.464285e-05 
(OrbPeriod) Orbital Period [sec]: 1.407434e+05 
(SemiMajorAxis) Semi-major Axis [m]: 2.342733e+09 
(LXUVTot) Total XUV Luminosity [kg/sec^3]: -1.000000 
(EscapeVelocity) Escape Velocity [m/sec]: 1.356437e+04 
----- ATMESC PARAMETERS (b)------
(SurfWaterMass) Surface water mass [kg]: 0.000000 
(EnvelopeMass) Envelope mass [kg]: 0.000000 
(OxygenMass) Oxygen mass in the atmosphere [kg]: 0.000000 
(RGLimit) Runaway greenhouse semi-major axis [m]: 3.568896e+10 
(XO) Atomic oxygen mixing ratio in upper atmosphere []: 0.000000 
(EtaO) Oxygen eta parameter (Luger and Barnes 2015) []: 0.000000 
(PlanetRadius) Planet radius [m]: 7.188668e+06 
(OxygenMantleMass) Mass of oxygen in mantle [kg]: 0.000000 
(RadXUV) XUV radius separating hydro. dyn. escape and equilibrium [m]: -1.000000 
(RadSolid) Radius to the solid surface [m]: -1.000000 
(PresXUV) Pressure at base of thermosphere [(null)]: 5.000000 
(ScaleHeight) Scale height in Lehmer & Catling (2016) model [m]: -1.000000 
(ThermTemp) Isothermal atmospheric temperature [K]: 400.000000 
(AtmGasConst) Atmospheric gas constant [(null)]: 4124.000000 
(PresSurf) Surface pressure due to atmosphere [Pa]: -1.000000 
(DEnvMassDt) Envelope Mass Loss Rate [kg/s]: 0.000000 
(FXUV) XUV flux [W/m^2]: 176.653837 
(AtmXAbsEffH2O) XUV atmospheric escape efficiency for H2O []: 0.300000 
(RocheRadius) Roche Lobe Radius [m]: 4.800295e+07 
(BondiRadius) Bondi Radius [m]: 3.294964e+08 
(HEscapeRegime) Integer flag for H envelope escape regime []: 8.000000 
(RRCriticalFlux) Critical XUV Flux that separates RR and energy-limited escape [W/m^2]: 62.347793 
(CrossoverMass) Crossover mass, defines oxygen is escaping if mc > mo [kg]: 0.000000 
(WaterEscapeRegime) What water escape regime the code is currently in []: 8.000000 
(FXUVCRITDRAG) Critical Drag XUV flux [W/m^2]: 0.512105 
(HREFFLUX) The Hydrogen Reference Flux (m^-2 s^-1) [m^-2 s^-1]: 1.116140e+20 
(XO2) Molecular oxygen mixing ratio in atmosphere []: 0.000000 
(XH2O) Water mixing ratio in upper atmosphere []: 0.000000 
(HDiffFlux) The Hydrogen Diffusion Flux (m^-2 s^-1) [m^-2 s^-1]: 2.478016e+17 
(HRefODragMod) Multiply by H ref flux to get flux with drag []: 1.000000 
(KTide) Mass loss enhancement due to stellar gravity []: 0.777047 
(CumulativeXUVFlux) Cumulative XUV flux [W/m^2]: 0.000000 
(RunawayGreenhouseFlux) Incident flux that triggers runaway greenhouse [kg/sec^3]: 1293.994940 
(RGDuration) Runaway Greenhouse Duration [years]: 0.00000e+00

Output Order: Time[year] CumulativeXUVFlux[W/m^2]
Grid Output Order:



---- FINAL SYSTEM PROPERTIES ----
(Age) System Age [sec]: 1.951446e+17 
(Time) Simulation Time [sec]: 1.949944e+17 
(TotAngMom) Total Angular Momentum [kg*m^2/sec]: 1.613613e+42 
(TotEnergy) Total System Energy [kg*m^2/sec^2]: -1.113460e+40 
(PotEnergy) Body's non-orbital Potential Energy [kg*m^2/sec^2]: -4.080555e+40 
(KinEnergy) Body's non-orbital Kinetic Energy [kg*m^2/sec^2]: 7.086048e+32 
(DeltaTime) Average Timestep Over Last Output Interval [sec]: 1.577880e+13 

----- BODY: star ----
Active Modules: FLARE STELLAR
Module Bit Sum: 577
Color: 000000
(Mass) Mass [kg]: 3.839339e+29 
(Radius) Radius [m]: 1.446603e+08 
(RadGyra) Radius of Gyration/Moment of Inertia Constant []: 0.460505 
(RotAngMom) Rotational Angular Momentum [kg*m^2/sec]: 1.553921e+39 
(RotVel) Rotational Velocity [m/sec]: 131.933301 
(BodyType) Type of Body (0 == planet) []: 0.000000 
(RotRate) Rotational Frequency [/sec]: 9.120214e-07 
(RotPer) Rotational Period [sec]: 6.889296e+06 
(Density) Average Density [kg/m^3]: 3.027748e+04 
(HZLimitDryRunaway) Semi-major axis of Dry Runaway HZ Limit [m]: 8.941310e+09 
(HZLimRecVenus) Recent Venus HZ Limit [m]: 8.005518e+09 
(HZLimRunaway) Runaway Greenhouse HZ Limit [m]: 1.056105e+10 
(HZLimMoistGreenhouse) Moist Greenhouse HZ Limit [m]: 1.059262e+10 
(HZLimMaxGreenhouse) Maximum Greenhouse HZ Limit [m]: 2.010772e+10 
(HZLimEarlyMars) Early Mars HZ Limit [m]: 2.192969e+10 
(Instellation) Orbit-averaged INcident STELLar radiATION [kg/sec^3]: -1.000000 
(CriticalSemiMajorAxis) Holman & Wiegert (1999) P-type Critical Semi-major Axis [m]: -1.000000 
(LXUVTot) Total XUV Luminosity [LSUN]: 6.507328e-07 
(LostEnergy) Body's Total Lost Energy [kg*m^2/sec^2]: 2.967100e+40 
(LostAngMom) Lost Angular Momentum due to Magnetic Braking [kg*m^2/sec]: 1.609631e+42 
(EscapeVelocity) Escape Velocity [m/sec]: 5.952107e+05 
----- STELLAR PARAMETERS (star)------
(Luminosity) Luminosity [LSUN]: 0.004336 
(LXUVStellar) Base X-ray/XUV Luminosity [LSUN]: 2.626237e-07 
(Temperature) Effective Temperature [K]: 3241.228169 
(LXUVFrac) Fraction of luminosity in XUV []: 6.056516e-05 
(RossbyNumber) Rossby Number []: 1.334549 
(DRotPerDtStellar) Time Rate of Change of Rotation Period in STELLAR []: 1.927367e-11 
(WindTorque) Stellar Wind Torque []: 4.470074e+21 
----- FLARE PARAMETERS (star)------
(LXUVFlare) XUV Luminosity from flares [LSUN]: 3.881042e-07 
(FlareFreq1) First value of flare frequency range [/sec]: 8.292576e-05 
(FlareFreq2) Second value of flare frequency range [/sec]: 6.467222e-05 
(FlareFreq3) Third value of flare frequency range [/sec]: 5.043663e-05 
(FlareFreq4) Fourth value of flare frequency range [/sec]: 3.933457e-05 
(FlareFreqMin) Frequency of the flares with the lowest energy [/sec]: 8.292576e-05 
(FlareFreqMid) Frequency of the flares with the middle energy in the energy range [/sec]: 6.901960e-06 
(FlareFreqMax) Frequency of the flares with the highest energy [/sec]: 5.744541e-07 
(FlareEnergy1) First value of flare energy range [kg*m^2/sec^2]: 5.334000e+23 
(FlareEnergy2) Second value of flare energy range [kg*m^2/sec^2]: 6.715108e+23 
(FlareEnergy3) Third value of flare energy range [kg*m^2/sec^2]: 8.453820e+23 
(FlareEnergy4) Fourth value of flare energy range [kg*m^2/sec^2]: 1.064273e+24 
(FlareEnergyMin) Minimum flare energy [kg*m^2/sec^2]: 5.334000e+23 
(FlareEnergyMid) Middle flare energy in the range of energy values [kg*m^2/sec^2]: 5.334000e+24 
(FlareEnergyMax) Maximum flare energy [kg*m^2/sec^2]: 5.334000e+25 
(FlareYIntOUT) Instantaneous Davenport FFD y-intercept at current age and mass []: 34.031727 
(FlareSlopeOUT) Instantaneous Davenport FFD slope at current age and mass []: -1.079717 

Output Order: Time[year] Luminosity[LSUN] LXUVStellar[LSUN] LXUVFlare[LSUN] LXUVTot[LSUN]
Grid Output Order:

----- BODY: b ----
Active Modules: AtmEsc
Module Bit Sum: 9
Color: 000000
(Mass) Mass [kg]: 9.908621e+24 
(Radius) Radius [m]: 7.188668e+06 
(RadGyra) Radius of Gyration/Moment of Inertia Constant []: 0.500000 
(BodyType) Type of Body (0 == planet) []: 0.000000 
(Density) Average Density [kg/m^3]: 6367.651306 
(HZLimitDryRunaway) Semi-major axis of Dry Runaway HZ Limit [m]: 8.941370e+09 
(HZLimRecVenus) Recent Venus HZ Limit [m]: 8.005518e+09 
(HZLimRunaway) Runaway Greenhouse HZ Limit [m]: 1.056105e+10 
(HZLimMoistGreenhouse) Moist Greenhouse HZ Limit [m]: 1.059262e+10 
(HZLimMaxGreenhouse) Maximum Greenhouse HZ Limit [m]: 2.010772e+10 
(HZLimEarlyMars) Early Mars HZ Limit [m]: 2.192969e+10 
(Instellation) Orbit-averaged INcident STELLar radiATION [kg/sec^3]: 2.418064e+04 
(MeanMotion) Orbital Mean Motion [/sec]: 4.464285e-05 
(OrbPeriod) Orbital Period [sec]: 1.407434e+05 
(SemiMajorAxis) Semi-major Axis [m]: 2.342733e+09 
(LXUVTot) Total XUV Luminosity [kg/sec^3]: -1.000000 
(EscapeVelocity) Escape Velocity [m/sec]: 1.356437e+04 
----- ATMESC PARAMETERS (b)------
(SurfWaterMass) Surface water mass [kg]: 0.000000 
(EnvelopeMass) Envelope mass [kg]: 0.000000 
(OxygenMass) Oxygen mass in the atmosphere [kg]: 0.000000 
(RGLimit) Runaway greenhouse semi-major axis [m]: 1.012257e+10 
(XO) Atomic oxygen mixing ratio in upper atmosphere []: 0.000000 
(EtaO) Oxygen eta parameter (Luger and Barnes 2015) []: 0.000000 
(PlanetRadius) Planet radius [m]: 7.188668e+06 
(OxygenMantleMass) Mass of oxygen in mantle [kg]: 0.000000 
(RadXUV) XUV radius separating hydro. dyn. escape and equilibrium [m]: -1.000000 
(RadSolid) Radius to the solid surface [m]: -1.000000 
(PresXUV) Pressure at base of thermosphere [(null)]: 5.000000 
(ScaleHeight) Scale height in Lehmer & Catling (2016) model [m]: -1.000000 
(ThermTemp) Isothermal atmospheric temperature [K]: 400.000000 
(AtmGasConst) Atmospheric gas constant [(null)]: 4124.000000 
(PresSurf) Surface pressure due to atmosphere [Pa]: -1.000000 
(DEnvMassDt) Envelope Mass Loss Rate [kg/s]: 0.000000 
(FXUV) XUV flux [W/m^2]: 3.628770 
(AtmXAbsEffH2O) XUV atmospheric escape efficiency for H2O []: 0.300000 
(RocheRadius) Roche Lobe Radius [m]: 4.800295e+07 
(BondiRadius) Bondi Radius [m]: 6.198519e+08 
(HEscapeRegime) Integer flag for H envelope escape regime []: 8.000000 
(RRCriticalFlux) Critical XUV Flux that separates RR and energy-limited escape [W/m^2]: 62.347793 
(CrossoverMass) Crossover mass, defines oxygen is escaping if mc > mo [kg]: 0.000000 
(WaterEscapeRegime) What water escape regime the code is currently in []: 8.000000 
(FXUVCRITDRAG) Critical Drag XUV flux [W/m^2]: 0.512105 
(HREFFLUX) The Hydrogen Reference Flux (m^-2 s^-1) [m^-2 s^-1]: 2.292741e+18 
(XO2) Molecular oxygen mixing ratio in atmosphere []: 0.000000 
(XH2O) Water mixing ratio in upper atmosphere []: 0.000000 
(HDiffFlux) The Hydrogen Diffusion Flux (m^-2 s^-1) [m^-2 s^-1]: 2.478016e+17 
(HRefODragMod) Multiply by H ref flux to get flux with drag []: 1.000000 
(KTide) Mass loss enhancement due to stellar gravity []: 0.777047 
(CumulativeXUVFlux) Cumulative XUV flux [W/m^2]: 1.579794e+18 
(RunawayGreenhouseFlux) Incident flux that triggers runaway greenhouse [kg/sec^3]: 1295.167781 
(RGDuration) Runaway Greenhouse Duration [years]: 0.00000e+00

Output Order: Time[year] CumulativeXUVFlux[W/m^2]
Grid Output Order:
