-------- Log file gj1132.log -------

Executable: /home/vplanet/.local/bin/vplanet
Version: Unknown
System Name: gj1132
Primary Input File: vpl.in
Body File #1: star.in
Body File #2: b.in
Allow files to be overwitten: Yes
Mass Units: Grams
Length Units: Meters
Time Units: Seconds
Angle Units: Radians

------- FORMATTING -----
Verbosity Level: 5
Crossover Decade for Scientific Notation: 4
Number of Digits After Decimal: 6
Integration Method: Runge-Kutta4
Direction: Forward
Time Step: 3.155760e+07
Stop Time: 2.809955e+17
Output Interval: 3.155760e+13
Use Variable Timestep: Yes
dEta: 0.010000
Minimum Value of ecc and obl: 1.000000e-10


---- INITIAL SYSTEM PROPERTIES ----
(Age) System Age [sec]: 1.502951e+14 
(Time) Simulation Time [sec]: 0.000000 
(TotAngMom) Total Angular Momentum [kg*m^2/sec]: 1.518951e+42 
(TotEnergy) Total System Energy [kg*m^2/sec^2]: -1.055962e+40 
(PotEnergy) Body's non-orbital Potential Energy [kg*m^2/sec^2]: -1.061471e+40 
(KinEnergy) Body's non-orbital Kinetic Energy [kg*m^2/sec^2]: 5.514343e+37 
(DeltaTime) Average Timestep Over Last Output Interval [sec]: 0.000000 

----- BODY: star ----
Active Modules: FLARE STELLAR
Module Bit Sum: 577
Color: 000000
(Mass) Mass [kg]: 3.713145e+29 
(Radius) Radius [m]: 5.201533e+08 
(RadGyra) Radius of Gyration/Moment of Inertia Constant []: 0.455610 
(RotAngMom) Rotational Angular Momentum [kg*m^2/sec]: 1.516553e+42 
(RotVel) Rotational Velocity [m/sec]: 3.782661e+04 
(BodyType) Type of Body (0 == planet) []: 0.000000 
(RotRate) Rotational Frequency [/sec]: 7.272205e-05 
(RotPer) Rotational Period [sec]: 8.640000e+04 
(Density) Average Density [kg/m^3]: 629.882187 
(HZLimitDryRunaway) Semi-major axis of Dry Runaway HZ Limit [m]: 3.089075e+10 
(HZLimRecVenus) Recent Venus HZ Limit [m]: 2.768845e+10 
(HZLimRunaway) Runaway Greenhouse HZ Limit [m]: 3.650840e+10 
(HZLimMoistGreenhouse) Moist Greenhouse HZ Limit [m]: 3.663637e+10 
(HZLimMaxGreenhouse) Maximum Greenhouse HZ Limit [m]: 6.969866e+10 
(HZLimEarlyMars) Early Mars HZ Limit [m]: 7.601382e+10 
(Instellation) Orbit-averaged INcident STELLar radiATION [kg/sec^3]: -1.000000 
(CriticalSemiMajorAxis) Holman & Wiegert (1999) P-type Critical Semi-major Axis [m]: -1.000000 
(LXUVTot) Total XUV Luminosity [LSUN]: 1.954683e-05 
(LostEnergy) Body's Total Lost Energy [kg*m^2/sec^2]: 5.562685e-309 
(LostAngMom) Lost Angular Momentum due to Magnetic Braking [kg*m^2/sec]: 5.562685e-309 
(EscapeVelocity) Escape Velocity [m/sec]: 3.086900e+05 
----- STELLAR PARAMETERS (star)------
(Luminosity) Luminosity [LSUN]: 0.051757 
(LXUVStellar) Base X-ray/XUV Luminosity [LSUN]: 1.873747e-05 
(Temperature) Effective Temperature [K]: 3183.644079 
(LXUVFrac) Fraction of luminosity in XUV []: 0.000362 
(RossbyNumber) Rossby Number []: 0.016250 
(DRotPerDtStellar) Time Rate of Change of Rotation Period in STELLAR []: -1.516050e-10 
(WindTorque) Stellar Wind Torque []: 5.322160e+27 
----- FLARE PARAMETERS (star)------
(LXUVFlare) XUV Luminosity from flares [LSUN]: 8.093599e-07 
(FlareFreq1) First value of flare frequency range [/sec]: 3.255267e-05 
(FlareFreq2) Second value of flare frequency range [/sec]: 2.819675e-05 
(FlareFreq3) Third value of flare frequency range [/sec]: 2.442370e-05 
(FlareFreq4) Fourth value of flare frequency range [/sec]: 2.115553e-05 
(FlareFreqMin) Frequency of the flares with the lowest energy [/sec]: 3.255267e-05 
(FlareFreqMid) Frequency of the flares with the middle energy in the energy range [/sec]: 7.739463e-06 
(FlareFreqMax) Frequency of the flares with the highest energy [/sec]: 1.840073e-06 
(FlareEnergy1) First value of flare energy range [kg*m^2/sec^2]: 5.334000e+23 
(FlareEnergy2) Second value of flare energy range [kg*m^2/sec^2]: 6.715108e+23 
(FlareEnergy3) Third value of flare energy range [kg*m^2/sec^2]: 8.453820e+23 
(FlareEnergy4) Fourth value of flare energy range [kg*m^2/sec^2]: 1.064273e+24 
(FlareEnergyMin) Minimum flare energy [kg*m^2/sec^2]: 5.334000e+23 
(FlareEnergyMid) Middle flare energy in the range of energy values [kg*m^2/sec^2]: 5.334000e+24 
(FlareEnergyMax) Maximum flare energy [kg*m^2/sec^2]: 5.334000e+25 
(FlareYIntOUT) Instantaneous Davenport FFD y-intercept at current age and mass []: 19.618966 
(FlareSlopeOUT) Instantaneous Davenport FFD slope at current age and mass []: -0.623876 

Output Order: Time[year] Luminosity[LSUN] LXUVStellar[LSUN] LXUVFlare[LSUN] LXUVTot[LSUN]
Grid Output Order:

----- BODY: b ----
Active Modules: AtmEsc
Module Bit Sum: 9
Color: 000000
(Mass) Mass [kg]: 1.000876e+25 
(Radius) Radius [m]: 7.135950e+06 
(RadGyra) Radius of Gyration/Moment of Inertia Constant []: 0.500000 
(BodyType) Type of Body (0 == planet) []: 0.000000 
(Density) Average Density [kg/m^3]: 6575.612480 
(HZLimitDryRunaway) Semi-major axis of Dry Runaway HZ Limit [m]: 3.089079e+10 
(HZLimRecVenus) Recent Venus HZ Limit [m]: 2.768845e+10 
(HZLimRunaway) Runaway Greenhouse HZ Limit [m]: 3.650840e+10 
(HZLimMoistGreenhouse) Moist Greenhouse HZ Limit [m]: 3.663637e+10 
(HZLimMaxGreenhouse) Maximum Greenhouse HZ Limit [m]: 6.969866e+10 
(HZLimEarlyMars) Early Mars HZ Limit [m]: 7.601382e+10 
(Instellation) Orbit-averaged INcident STELLar radiATION [kg/sec^3]: 2.951192e+05 
(MeanMotion) Orbital Mean Motion [/sec]: 4.464295e-05 
(OrbPeriod) Orbital Period [sec]: 1.407431e+05 
(SemiMajorAxis) Semi-major Axis [m]: 2.316776e+09 
(LXUVTot) Total XUV Luminosity [kg/sec^3]: -1.000000 
(EscapeVelocity) Escape Velocity [m/sec]: 1.368300e+04 
----- ATMESC PARAMETERS (b)------
(SurfWaterMass) Surface water mass [kg]: 0.000000 
(EnvelopeMass) Envelope mass [kg]: 0.000000 
(OxygenMass) Oxygen mass in the atmosphere [kg]: 0.000000 
(RGLimit) Runaway greenhouse semi-major axis [m]: 3.498390e+10 
(XO) Atomic oxygen mixing ratio in upper atmosphere []: 0.000000 
(EtaO) Oxygen eta parameter (Luger and Barnes 2015) []: 0.000000 
(PlanetRadius) Planet radius [m]: 7.135950e+06 
(OxygenMantleMass) Mass of oxygen in mantle [kg]: 0.000000 
(RadXUV) XUV radius separating hydro. dyn. escape and equilibrium [m]: -1.000000 
(RadSolid) Radius to the solid surface [m]: -1.000000 
(PresXUV) Pressure at base of thermosphere [(null)]: 5.000000 
(ScaleHeight) Scale height in Lehmer & Catling (2016) model [m]: -1.000000 
(ThermTemp) Isothermal atmospheric temperature [K]: 400.000000 
(AtmGasConst) Atmospheric gas constant [(null)]: 4124.000000 
(PresSurf) Surface pressure due to atmosphere [Pa]: -1.000000 
(DEnvMassDt) Envelope Mass Loss Rate [kg/s]: 0.000000 
(FXUV) XUV flux [W/m^2]: 111.457161 
(AtmXAbsEffH2O) XUV atmospheric escape efficiency for H2O []: 0.300000 
(RocheRadius) Roche Lobe Radius [m]: 4.816406e+07 
(BondiRadius) Bondi Radius [m]: 3.380403e+08 
(HEscapeRegime) Integer flag for H envelope escape regime []: 8.000000 
(RRCriticalFlux) Critical XUV Flux that separates RR and energy-limited escape [W/m^2]: 65.426991 
(CrossoverMass) Crossover mass, defines oxygen is escaping if mc > mo [kg]: 0.000000 
(WaterEscapeRegime) What water escape regime the code is currently in []: 8.000000 
(FXUVCRITDRAG) Critical Drag XUV flux [W/m^2]: 0.534174 
(HREFFLUX) The Hydrogen Reference Flux (m^-2 s^-1) [m^-2 s^-1]: 6.899760e+19 
(XO2) Molecular oxygen mixing ratio in atmosphere []: 0.000000 
(XH2O) Water mixing ratio in upper atmosphere []: 0.000000 
(HDiffFlux) The Hydrogen Diffusion Flux (m^-2 s^-1) [m^-2 s^-1]: 2.540180e+17 
(HRefODragMod) Multiply by H ref flux to get flux with drag []: 1.000000 
(KTide) Mass loss enhancement due to stellar gravity []: 0.779387 
(CumulativeXUVFlux) Cumulative XUV flux [W/m^2]: 0.000000 
(RunawayGreenhouseFlux) Incident flux that triggers runaway greenhouse [kg/sec^3]: 1294.279913 
(RGDuration) Runaway Greenhouse Duration [years]: 0.00000e+00

Output Order: Time[year] CumulativeXUVFlux[W/m^2]
Grid Output Order:



---- FINAL SYSTEM PROPERTIES ----
(Age) System Age [sec]: 2.811707e+17 
(Time) Simulation Time [sec]: 2.810204e+17 
(TotAngMom) Total Angular Momentum [kg*m^2/sec]: 1.522795e+42 
(TotEnergy) Total System Energy [kg*m^2/sec^2]: -1.054416e+40 
(PotEnergy) Body's non-orbital Potential Energy [kg*m^2/sec^2]: -3.909126e+40 
(KinEnergy) Body's non-orbital Kinetic Energy [kg*m^2/sec^2]: 4.728258e+32 
(DeltaTime) Average Timestep Over Last Output Interval [sec]: 1.577880e+13 

----- BODY: star ----
Active Modules: FLARE STELLAR
Module Bit Sum: 577
Color: 000000
(Mass) Mass [kg]: 3.713145e+29 
(Radius) Radius [m]: 1.412407e+08 
(RadGyra) Radius of Gyration/Moment of Inertia Constant []: 0.460636 
(RotAngMom) Rotational Angular Momentum [kg*m^2/sec]: 1.219141e+39 
(RotVel) Rotational Velocity [m/sec]: 109.556268 
(BodyType) Type of Body (0 == planet) []: 0.000000 
(RotRate) Rotational Frequency [/sec]: 7.756708e-07 
(RotPer) Rotational Period [sec]: 8.100325e+06 
(Density) Average Density [kg/m^3]: 3.146110e+04 
(HZLimitDryRunaway) Semi-major axis of Dry Runaway HZ Limit [m]: 8.650645e+09 
(HZLimRecVenus) Recent Venus HZ Limit [m]: 7.747392e+09 
(HZLimRunaway) Runaway Greenhouse HZ Limit [m]: 1.021924e+10 
(HZLimMoistGreenhouse) Moist Greenhouse HZ Limit [m]: 1.025107e+10 
(HZLimMaxGreenhouse) Maximum Greenhouse HZ Limit [m]: 1.946980e+10 
(HZLimEarlyMars) Early Mars HZ Limit [m]: 2.123395e+10 
(Instellation) Orbit-averaged INcident STELLar radiATION [kg/sec^3]: -1.000000 
(CriticalSemiMajorAxis) Holman & Wiegert (1999) P-type Critical Semi-major Axis [m]: -1.000000 
(LXUVTot) Total XUV Luminosity [LSUN]: 5.761692e-07 
(LostEnergy) Body's Total Lost Energy [kg*m^2/sec^2]: 2.854715e+40 
(LostAngMom) Lost Angular Momentum due to Magnetic Braking [kg*m^2/sec]: 1.519178e+42 
(EscapeVelocity) Escape Velocity [m/sec]: 5.923907e+05 
----- STELLAR PARAMETERS (star)------
(Luminosity) Luminosity [LSUN]: 0.004059 
(LXUVStellar) Base X-ray/XUV Luminosity [LSUN]: 2.005913e-07 
(Temperature) Effective Temperature [K]: 3227.197022 
(LXUVFrac) Fraction of luminosity in XUV []: 4.942042e-05 
(RossbyNumber) Rossby Number []: 1.557905 
(DRotPerDtStellar) Time Rate of Change of Rotation Period in STELLAR []: 1.127437e-11 
(WindTorque) Stellar Wind Torque []: 1.790366e+21 
----- FLARE PARAMETERS (star)------
(LXUVFlare) XUV Luminosity from flares [LSUN]: 3.755746e-07 
(FlareFreq1) First value of flare frequency range [/sec]: 8.739897e-05 
(FlareFreq2) Second value of flare frequency range [/sec]: 6.775397e-05 
(FlareFreq3) Third value of flare frequency range [/sec]: 5.252466e-05 
(FlareFreq4) Fourth value of flare frequency range [/sec]: 4.071849e-05 
(FlareFreqMin) Frequency of the flares with the lowest energy [/sec]: 8.739897e-05 
(FlareFreqMid) Frequency of the flares with the middle energy in the energy range [/sec]: 6.851584e-06 
(FlareFreqMax) Frequency of the flares with the highest energy [/sec]: 5.371254e-07 
(FlareEnergy1) First value of flare energy range [kg*m^2/sec^2]: 5.334000e+23 
(FlareEnergy2) Second value of flare energy range [kg*m^2/sec^2]: 6.715108e+23 
(FlareEnergy3) Third value of flare energy range [kg*m^2/sec^2]: 8.453820e+23 
(FlareEnergy4) Fourth value of flare energy range [kg*m^2/sec^2]: 1.064273e+24 
(FlareEnergyMin) Minimum flare energy [kg*m^2/sec^2]: 5.334000e+23 
(FlareEnergyMid) Middle flare energy in the range of energy values [kg*m^2/sec^2]: 5.334000e+24 
(FlareEnergyMax) Maximum flare energy [kg*m^2/sec^2]: 5.334000e+25 
(FlareYIntOUT) Instantaneous Davenport FFD y-intercept at current age and mass []: 34.853393 
(FlareSlopeOUT) Instantaneous Davenport FFD slope at current age and mass []: -1.105715 

Output Order: Time[year] Luminosity[LSUN] LXUVStellar[LSUN] LXUVFlare[LSUN] LXUVTot[LSUN]
Grid Output Order:

----- BODY: b ----
Active Modules: AtmEsc
Module Bit Sum: 9
Color: 000000
(Mass) Mass [kg]: 1.000876e+25 
(Radius) Radius [m]: 7.135950e+06 
(RadGyra) Radius of Gyration/Moment of Inertia Constant []: 0.500000 
(BodyType) Type of Body (0 == planet) []: 0.000000 
(Density) Average Density [kg/m^3]: 6575.612480 
(HZLimitDryRunaway) Semi-major axis of Dry Runaway HZ Limit [m]: 8.650656e+09 
(HZLimRecVenus) Recent Venus HZ Limit [m]: 7.747392e+09 
(HZLimRunaway) Runaway Greenhouse HZ Limit [m]: 1.021924e+10 
(HZLimMoistGreenhouse) Moist Greenhouse HZ Limit [m]: 1.025107e+10 
(HZLimMaxGreenhouse) Maximum Greenhouse HZ Limit [m]: 1.946980e+10 
(HZLimEarlyMars) Early Mars HZ Limit [m]: 2.123395e+10 
(Instellation) Orbit-averaged INcident STELLar radiATION [kg/sec^3]: 2.314395e+04 
(MeanMotion) Orbital Mean Motion [/sec]: 4.464295e-05 
(OrbPeriod) Orbital Period [sec]: 1.407431e+05 
(SemiMajorAxis) Semi-major Axis [m]: 2.316776e+09 
(LXUVTot) Total XUV Luminosity [kg/sec^3]: -1.000000 
(EscapeVelocity) Escape Velocity [m/sec]: 1.368300e+04 
----- ATMESC PARAMETERS (b)------
(SurfWaterMass) Surface water mass [kg]: 0.000000 
(EnvelopeMass) Envelope mass [kg]: 0.000000 
(OxygenMass) Oxygen mass in the atmosphere [kg]: 0.000000 
(RGLimit) Runaway greenhouse semi-major axis [m]: 9.792643e+09 
(XO) Atomic oxygen mixing ratio in upper atmosphere []: 0.000000 
(EtaO) Oxygen eta parameter (Luger and Barnes 2015) []: 0.000000 
(PlanetRadius) Planet radius [m]: 7.135950e+06 
(OxygenMantleMass) Mass of oxygen in mantle [kg]: 0.000000 
(RadXUV) XUV radius separating hydro. dyn. escape and equilibrium [m]: -1.000000 
(RadSolid) Radius to the solid surface [m]: -1.000000 
(PresXUV) Pressure at base of thermosphere [(null)]: 5.000000 
(ScaleHeight) Scale height in Lehmer & Catling (2016) model [m]: -1.000000 
(ThermTemp) Isothermal atmospheric temperature [K]: 400.000000 
(AtmGasConst) Atmospheric gas constant [(null)]: 4124.000000 
(PresSurf) Surface pressure due to atmosphere [Pa]: -1.000000 
(DEnvMassDt) Envelope Mass Loss Rate [kg/s]: 0.000000 
(FXUV) XUV flux [W/m^2]: 3.285351 
(AtmXAbsEffH2O) XUV atmospheric escape efficiency for H2O []: 0.300000 
(RocheRadius) Roche Lobe Radius [m]: 4.816406e+07 
(BondiRadius) Bondi Radius [m]: 6.399607e+08 
(HEscapeRegime) Integer flag for H envelope escape regime []: 8.000000 
(RRCriticalFlux) Critical XUV Flux that separates RR and energy-limited escape [W/m^2]: 65.426991 
(CrossoverMass) Crossover mass, defines oxygen is escaping if mc > mo [kg]: 0.000000 
(WaterEscapeRegime) What water escape regime the code is currently in []: 8.000000 
(FXUVCRITDRAG) Critical Drag XUV flux [W/m^2]: 0.534174 
(HREFFLUX) The Hydrogen Reference Flux (m^-2 s^-1) [m^-2 s^-1]: 2.033798e+18 
(XO2) Molecular oxygen mixing ratio in atmosphere []: 0.000000 
(XH2O) Water mixing ratio in upper atmosphere []: 0.000000 
(HDiffFlux) The Hydrogen Diffusion Flux (m^-2 s^-1) [m^-2 s^-1]: 2.540180e+17 
(HRefODragMod) Multiply by H ref flux to get flux with drag []: 1.000000 
(KTide) Mass loss enhancement due to stellar gravity []: 0.779387 
(CumulativeXUVFlux) Cumulative XUV flux [W/m^2]: 1.937559e+18 
(RunawayGreenhouseFlux) Incident flux that triggers runaway greenhouse [kg/sec^3]: 1295.402598 
(RGDuration) Runaway Greenhouse Duration [years]: 0.00000e+00

Output Order: Time[year] CumulativeXUVFlux[W/m^2]
Grid Output Order:
