-------- Log file gj1132.log -------

Executable: /home/vplanet/.local/bin/vplanet
Version: Unknown
System Name: gj1132
Primary Input File: vpl.in
Body File #1: star.in
Body File #2: b.in
Allow files to be overwitten: Yes
Mass Units: Grams
Length Units: Meters
Time Units: Seconds
Angle Units: Radians

------- FORMATTING -----
Verbosity Level: 5
Crossover Decade for Scientific Notation: 4
Number of Digits After Decimal: 6
Integration Method: Runge-Kutta4
Direction: Forward
Time Step: 3.155760e+07
Stop Time: 1.873822e+17
Output Interval: 3.155760e+13
Use Variable Timestep: Yes
dEta: 0.010000
Minimum Value of ecc and obl: 1.000000e-10


---- INITIAL SYSTEM PROPERTIES ----
(Age) System Age [sec]: 1.693484e+14 
(Time) Simulation Time [sec]: 0.000000 
(TotAngMom) Total Angular Momentum [kg*m^2/sec]: 1.497679e+42 
(TotEnergy) Total System Energy [kg*m^2/sec^2]: -1.184717e+40 
(PotEnergy) Body's non-orbital Potential Energy [kg*m^2/sec^2]: -1.190148e+40 
(KinEnergy) Body's non-orbital Kinetic Energy [kg*m^2/sec^2]: 5.436727e+37 
(DeltaTime) Average Timestep Over Last Output Interval [sec]: 0.000000 

----- BODY: star ----
Active Modules: FLARE STELLAR
Module Bit Sum: 577
Color: 000000
(Mass) Mass [kg]: 3.874504e+29 
(Radius) Radius [m]: 5.051113e+08 
(RadGyra) Radius of Gyration/Moment of Inertia Constant []: 0.456060 
(RotAngMom) Rotational Angular Momentum [kg*m^2/sec]: 1.495207e+42 
(RotVel) Rotational Velocity [m/sec]: 3.673273e+04 
(BodyType) Type of Body (0 == planet) []: 0.000000 
(RotRate) Rotational Frequency [/sec]: 7.272205e-05 
(RotPer) Rotational Period [sec]: 8.640000e+04 
(Density) Average Density [kg/m^3]: 717.738370 
(HZLimitDryRunaway) Semi-major axis of Dry Runaway HZ Limit [m]: 3.050292e+10 
(HZLimRecVenus) Recent Venus HZ Limit [m]: 2.732681e+10 
(HZLimRunaway) Runaway Greenhouse HZ Limit [m]: 3.604016e+10 
(HZLimMoistGreenhouse) Moist Greenhouse HZ Limit [m]: 3.615786e+10 
(HZLimMaxGreenhouse) Maximum Greenhouse HZ Limit [m]: 6.871824e+10 
(HZLimEarlyMars) Early Mars HZ Limit [m]: 7.494468e+10 
(Instellation) Orbit-averaged INcident STELLar radiATION [kg/sec^3]: -1.000000 
(CriticalSemiMajorAxis) Holman & Wiegert (1999) P-type Critical Semi-major Axis [m]: -1.000000 
(LXUVTot) Total XUV Luminosity [LSUN]: 2.838951e-05 
(LostEnergy) Body's Total Lost Energy [kg*m^2/sec^2]: 5.562685e-309 
(LostAngMom) Lost Angular Momentum due to Magnetic Braking [kg*m^2/sec]: 5.562685e-309 
(EscapeVelocity) Escape Velocity [m/sec]: 3.199865e+05 
----- STELLAR PARAMETERS (star)------
(Luminosity) Luminosity [LSUN]: 0.050465 
(LXUVStellar) Base X-ray/XUV Luminosity [LSUN]: 2.759177e-05 
(Temperature) Effective Temperature [K]: 3210.450750 
(LXUVFrac) Fraction of luminosity in XUV []: 0.000547 
(RossbyNumber) Rossby Number []: 0.016475 
(DRotPerDtStellar) Time Rate of Change of Rotation Period in STELLAR []: -1.127456e-10 
(WindTorque) Stellar Wind Torque []: 4.423874e+27 
----- FLARE PARAMETERS (star)------
(LXUVFlare) XUV Luminosity from flares [LSUN]: 7.977384e-07 
(FlareFreq1) First value of flare frequency range [/sec]: 3.233635e-05 
(FlareFreq2) Second value of flare frequency range [/sec]: 2.799683e-05 
(FlareFreq3) Third value of flare frequency range [/sec]: 2.423968e-05 
(FlareFreq4) Fourth value of flare frequency range [/sec]: 2.098673e-05 
(FlareFreqMin) Frequency of the flares with the lowest energy [/sec]: 3.233635e-05 
(FlareFreqMid) Frequency of the flares with the middle energy in the energy range [/sec]: 7.653676e-06 
(FlareFreqMax) Frequency of the flares with the highest energy [/sec]: 1.811545e-06 
(FlareEnergy1) First value of flare energy range [kg*m^2/sec^2]: 5.334000e+23 
(FlareEnergy2) Second value of flare energy range [kg*m^2/sec^2]: 6.715108e+23 
(FlareEnergy3) Third value of flare energy range [kg*m^2/sec^2]: 8.453820e+23 
(FlareEnergy4) Fourth value of flare energy range [kg*m^2/sec^2]: 1.064273e+24 
(FlareEnergyMin) Minimum flare energy [kg*m^2/sec^2]: 5.334000e+23 
(FlareEnergyMid) Middle flare energy in the range of energy values [kg*m^2/sec^2]: 5.334000e+24 
(FlareEnergyMax) Maximum flare energy [kg*m^2/sec^2]: 5.334000e+25 
(FlareYIntOUT) Instantaneous Davenport FFD y-intercept at current age and mass []: 19.675839 
(FlareSlopeOUT) Instantaneous Davenport FFD slope at current age and mass []: -0.625821 

Output Order: Time[year] Luminosity[LSUN] LXUVStellar[LSUN] LXUVFlare[LSUN] LXUVTot[LSUN]
Grid Output Order:

----- BODY: b ----
Active Modules: AtmEsc
Module Bit Sum: 9
Color: 000000
(Mass) Mass [kg]: 1.002798e+25 
(Radius) Radius [m]: 7.214064e+06 
(RadGyra) Radius of Gyration/Moment of Inertia Constant []: 0.500000 
(BodyType) Type of Body (0 == planet) []: 0.000000 
(Density) Average Density [kg/m^3]: 6376.536786 
(HZLimitDryRunaway) Semi-major axis of Dry Runaway HZ Limit [m]: 3.050294e+10 
(HZLimRecVenus) Recent Venus HZ Limit [m]: 2.732681e+10 
(HZLimRunaway) Runaway Greenhouse HZ Limit [m]: 3.604016e+10 
(HZLimMoistGreenhouse) Moist Greenhouse HZ Limit [m]: 3.615786e+10 
(HZLimMaxGreenhouse) Maximum Greenhouse HZ Limit [m]: 6.871824e+10 
(HZLimEarlyMars) Early Mars HZ Limit [m]: 7.494468e+10 
(Instellation) Orbit-averaged INcident STELLar radiATION [kg/sec^3]: 2.797265e+05 
(MeanMotion) Orbital Mean Motion [/sec]: 4.464500e-05 
(OrbPeriod) Orbital Period [sec]: 1.407366e+05 
(SemiMajorAxis) Semi-major Axis [m]: 2.349788e+09 
(LXUVTot) Total XUV Luminosity [kg/sec^3]: -1.000000 
(EscapeVelocity) Escape Velocity [m/sec]: 1.362178e+04 
----- ATMESC PARAMETERS (b)------
(SurfWaterMass) Surface water mass [kg]: 0.000000 
(EnvelopeMass) Envelope mass [kg]: 0.000000 
(OxygenMass) Oxygen mass in the atmosphere [kg]: 0.000000 
(RGLimit) Runaway greenhouse semi-major axis [m]: 3.453396e+10 
(XO) Atomic oxygen mixing ratio in upper atmosphere []: 0.000000 
(EtaO) Oxygen eta parameter (Luger and Barnes 2015) []: 0.000000 
(PlanetRadius) Planet radius [m]: 7.214064e+06 
(OxygenMantleMass) Mass of oxygen in mantle [kg]: 0.000000 
(RadXUV) XUV radius separating hydro. dyn. escape and equilibrium [m]: -1.000000 
(RadSolid) Radius to the solid surface [m]: -1.000000 
(PresXUV) Pressure at base of thermosphere [(null)]: 5.000000 
(ScaleHeight) Scale height in Lehmer & Catling (2016) model [m]: -1.000000 
(ThermTemp) Isothermal atmospheric temperature [K]: 400.000000 
(AtmGasConst) Atmospheric gas constant [(null)]: 4124.000000 
(PresSurf) Surface pressure due to atmosphere [Pa]: -1.000000 
(DEnvMassDt) Envelope Mass Loss Rate [kg/s]: 0.000000 
(FXUV) XUV flux [W/m^2]: 157.362118 
(AtmXAbsEffH2O) XUV atmospheric escape efficiency for H2O []: 0.300000 
(RocheRadius) Roche Lobe Radius [m]: 4.819338e+07 
(BondiRadius) Bondi Radius [m]: 3.384230e+08 
(HEscapeRegime) Integer flag for H envelope escape regime []: 8.000000 
(RRCriticalFlux) Critical XUV Flux that separates RR and energy-limited escape [W/m^2]: 63.202318 
(CrossoverMass) Crossover mass, defines oxygen is escaping if mc > mo [kg]: 0.000000 
(WaterEscapeRegime) What water escape regime the code is currently in []: 8.000000 
(FXUVCRITDRAG) Critical Drag XUV flux [W/m^2]: 0.518996 
(HREFFLUX) The Hydrogen Reference Flux (m^-2 s^-1) [m^-2 s^-1]: 9.857666e+19 
(XO2) Molecular oxygen mixing ratio in atmosphere []: 0.000000 
(XH2O) Water mixing ratio in upper atmosphere []: 0.000000 
(HDiffFlux) The Hydrogen Diffusion Flux (m^-2 s^-1) [m^-2 s^-1]: 2.490240e+17 
(HRefODragMod) Multiply by H ref flux to get flux with drag []: 1.000000 
(KTide) Mass loss enhancement due to stellar gravity []: 0.777142 
(CumulativeXUVFlux) Cumulative XUV flux [W/m^2]: 0.000000 
(RunawayGreenhouseFlux) Incident flux that triggers runaway greenhouse [kg/sec^3]: 1295.083407 
(RGDuration) Runaway Greenhouse Duration [years]: 0.00000e+00

Output Order: Time[year] CumulativeXUVFlux[W/m^2]
Grid Output Order:



---- FINAL SYSTEM PROPERTIES ----
(Age) System Age [sec]: 1.875558e+17 
(Time) Simulation Time [sec]: 1.873864e+17 
(TotAngMom) Total Angular Momentum [kg*m^2/sec]: 1.498296e+42 
(TotEnergy) Total System Energy [kg*m^2/sec^2]: -1.184929e+40 
(PotEnergy) Body's non-orbital Potential Energy [kg*m^2/sec^2]: -4.112142e+40 
(KinEnergy) Body's non-orbital Kinetic Energy [kg*m^2/sec^2]: 7.423872e+32 
(DeltaTime) Average Timestep Over Last Output Interval [sec]: 3.944700e+12 

----- BODY: star ----
Active Modules: FLARE STELLAR
Module Bit Sum: 577
Color: 000000
(Mass) Mass [kg]: 3.874504e+29 
(Radius) Radius [m]: 1.461907e+08 
(RadGyra) Radius of Gyration/Moment of Inertia Constant []: 0.460438 
(RotAngMom) Rotational Angular Momentum [kg*m^2/sec]: 1.614468e+39 
(RotVel) Rotational Velocity [m/sec]: 134.446962 
(BodyType) Type of Body (0 == planet) []: 0.000000 
(RotRate) Rotational Frequency [/sec]: 9.196681e-07 
(RotPer) Rotational Period [sec]: 6.832014e+06 
(Density) Average Density [kg/m^3]: 2.960520e+04 
(HZLimitDryRunaway) Semi-major axis of Dry Runaway HZ Limit [m]: 9.045192e+09 
(HZLimRecVenus) Recent Venus HZ Limit [m]: 8.097756e+09 
(HZLimRunaway) Runaway Greenhouse HZ Limit [m]: 1.068320e+10 
(HZLimMoistGreenhouse) Moist Greenhouse HZ Limit [m]: 1.071466e+10 
(HZLimMaxGreenhouse) Maximum Greenhouse HZ Limit [m]: 2.033561e+10 
(HZLimEarlyMars) Early Mars HZ Limit [m]: 2.217823e+10 
(Instellation) Orbit-averaged INcident STELLar radiATION [kg/sec^3]: -1.000000 
(CriticalSemiMajorAxis) Holman & Wiegert (1999) P-type Critical Semi-major Axis [m]: -1.000000 
(LXUVTot) Total XUV Luminosity [LSUN]: 6.799611e-07 
(LostEnergy) Body's Total Lost Energy [kg*m^2/sec^2]: 2.927219e+40 
(LostAngMom) Lost Angular Momentum due to Magnetic Braking [kg*m^2/sec]: 1.494210e+42 
(EscapeVelocity) Escape Velocity [m/sec]: 5.947923e+05 
----- STELLAR PARAMETERS (star)------
(Luminosity) Luminosity [LSUN]: 0.004438 
(LXUVStellar) Base X-ray/XUV Luminosity [LSUN]: 2.853252e-07 
(Temperature) Effective Temperature [K]: 3246.102704 
(LXUVFrac) Fraction of luminosity in XUV []: 6.429777e-05 
(RossbyNumber) Rossby Number []: 1.326761 
(DRotPerDtStellar) Time Rate of Change of Rotation Period in STELLAR []: 2.067981e-11 
(WindTorque) Stellar Wind Torque []: 4.899833e+21 
----- FLARE PARAMETERS (star)------
(LXUVFlare) XUV Luminosity from flares [LSUN]: 3.946350e-07 
(FlareFreq1) First value of flare frequency range [/sec]: 8.418468e-05 
(FlareFreq2) Second value of flare frequency range [/sec]: 6.566144e-05 
(FlareFreq3) Third value of flare frequency range [/sec]: 5.121389e-05 
(FlareFreq4) Fourth value of flare frequency range [/sec]: 3.994524e-05 
(FlareFreqMin) Frequency of the flares with the lowest energy [/sec]: 8.418468e-05 
(FlareFreqMid) Frequency of the flares with the middle energy in the energy range [/sec]: 7.014656e-06 
(FlareFreqMax) Frequency of the flares with the highest energy [/sec]: 5.844935e-07 
(FlareEnergy1) First value of flare energy range [kg*m^2/sec^2]: 5.334000e+23 
(FlareEnergy2) Second value of flare energy range [kg*m^2/sec^2]: 6.715108e+23 
(FlareEnergy3) Third value of flare energy range [kg*m^2/sec^2]: 8.453820e+23 
(FlareEnergy4) Fourth value of flare energy range [kg*m^2/sec^2]: 1.064273e+24 
(FlareEnergyMin) Minimum flare energy [kg*m^2/sec^2]: 5.334000e+23 
(FlareEnergyMid) Middle flare energy in the range of energy values [kg*m^2/sec^2]: 5.334000e+24 
(FlareEnergyMax) Maximum flare energy [kg*m^2/sec^2]: 5.334000e+25 
(FlareYIntOUT) Instantaneous Davenport FFD y-intercept at current age and mass []: 34.023203 
(FlareSlopeOUT) Instantaneous Davenport FFD slope at current age and mass []: -1.079227 

Output Order: Time[year] Luminosity[LSUN] LXUVStellar[LSUN] LXUVFlare[LSUN] LXUVTot[LSUN]
Grid Output Order:

----- BODY: b ----
Active Modules: AtmEsc
Module Bit Sum: 9
Color: 000000
(Mass) Mass [kg]: 1.002798e+25 
(Radius) Radius [m]: 7.214064e+06 
(RadGyra) Radius of Gyration/Moment of Inertia Constant []: 0.500000 
(BodyType) Type of Body (0 == planet) []: 0.000000 
(Density) Average Density [kg/m^3]: 6376.536786 
(HZLimitDryRunaway) Semi-major axis of Dry Runaway HZ Limit [m]: 9.045198e+09 
(HZLimRecVenus) Recent Venus HZ Limit [m]: 8.097756e+09 
(HZLimRunaway) Runaway Greenhouse HZ Limit [m]: 1.068320e+10 
(HZLimMoistGreenhouse) Moist Greenhouse HZ Limit [m]: 1.071466e+10 
(HZLimMaxGreenhouse) Maximum Greenhouse HZ Limit [m]: 2.033561e+10 
(HZLimEarlyMars) Early Mars HZ Limit [m]: 2.217823e+10 
(Instellation) Orbit-averaged INcident STELLar radiATION [kg/sec^3]: 2.459725e+04 
(MeanMotion) Orbital Mean Motion [/sec]: 4.464500e-05 
(OrbPeriod) Orbital Period [sec]: 1.407366e+05 
(SemiMajorAxis) Semi-major Axis [m]: 2.349788e+09 
(LXUVTot) Total XUV Luminosity [kg/sec^3]: -1.000000 
(EscapeVelocity) Escape Velocity [m/sec]: 1.362178e+04 
----- ATMESC PARAMETERS (b)------
(SurfWaterMass) Surface water mass [kg]: 0.000000 
(EnvelopeMass) Envelope mass [kg]: 0.000000 
(OxygenMass) Oxygen mass in the atmosphere [kg]: 0.000000 
(RGLimit) Runaway greenhouse semi-major axis [m]: 1.023688e+10 
(XO) Atomic oxygen mixing ratio in upper atmosphere []: 0.000000 
(EtaO) Oxygen eta parameter (Luger and Barnes 2015) []: 0.000000 
(PlanetRadius) Planet radius [m]: 7.214064e+06 
(OxygenMantleMass) Mass of oxygen in mantle [kg]: 0.000000 
(RadXUV) XUV radius separating hydro. dyn. escape and equilibrium [m]: -1.000000 
(RadSolid) Radius to the solid surface [m]: -1.000000 
(PresXUV) Pressure at base of thermosphere [(null)]: 5.000000 
(ScaleHeight) Scale height in Lehmer & Catling (2016) model [m]: -1.000000 
(ThermTemp) Isothermal atmospheric temperature [K]: 400.000000 
(AtmGasConst) Atmospheric gas constant [(null)]: 4124.000000 
(PresSurf) Surface pressure due to atmosphere [Pa]: -1.000000 
(DEnvMassDt) Envelope Mass Loss Rate [kg/s]: 0.000000 
(FXUV) XUV flux [W/m^2]: 3.769001 
(AtmXAbsEffH2O) XUV atmospheric escape efficiency for H2O []: 0.300000 
(RocheRadius) Roche Lobe Radius [m]: 4.819338e+07 
(BondiRadius) Bondi Radius [m]: 6.221531e+08 
(HEscapeRegime) Integer flag for H envelope escape regime []: 8.000000 
(RRCriticalFlux) Critical XUV Flux that separates RR and energy-limited escape [W/m^2]: 63.202318 
(CrossoverMass) Crossover mass, defines oxygen is escaping if mc > mo [kg]: 0.000000 
(WaterEscapeRegime) What water escape regime the code is currently in []: 8.000000 
(FXUVCRITDRAG) Critical Drag XUV flux [W/m^2]: 0.518996 
(HREFFLUX) The Hydrogen Reference Flux (m^-2 s^-1) [m^-2 s^-1]: 2.361023e+18 
(XO2) Molecular oxygen mixing ratio in atmosphere []: 0.000000 
(XH2O) Water mixing ratio in upper atmosphere []: 0.000000 
(HDiffFlux) The Hydrogen Diffusion Flux (m^-2 s^-1) [m^-2 s^-1]: 2.490240e+17 
(HRefODragMod) Multiply by H ref flux to get flux with drag []: 1.000000 
(KTide) Mass loss enhancement due to stellar gravity []: 0.777142 
(CumulativeXUVFlux) Cumulative XUV flux [W/m^2]: 1.429344e+18 
(RunawayGreenhouseFlux) Incident flux that triggers runaway greenhouse [kg/sec^3]: 1296.010665 
(RGDuration) Runaway Greenhouse Duration [years]: 0.00000e+00

Output Order: Time[year] CumulativeXUVFlux[W/m^2]
Grid Output Order:
