-------- Log file gj1132.log -------

Executable: /home/vplanet/.local/bin/vplanet
Version: Unknown
System Name: gj1132
Primary Input File: vpl.in
Body File #1: star.in
Body File #2: b.in
Allow files to be overwitten: Yes
Mass Units: Grams
Length Units: Meters
Time Units: Seconds
Angle Units: Radians

------- FORMATTING -----
Verbosity Level: 5
Crossover Decade for Scientific Notation: 4
Number of Digits After Decimal: 6
Integration Method: Runge-Kutta4
Direction: Forward
Time Step: 3.155760e+07
Stop Time: 2.333923e+17
Output Interval: 3.155760e+13
Use Variable Timestep: Yes
dEta: 0.010000
Minimum Value of ecc and obl: 1.000000e-10


---- INITIAL SYSTEM PROPERTIES ----
(Age) System Age [sec]: 2.356704e+14 
(Time) Simulation Time [sec]: 0.000000 
(TotAngMom) Total Angular Momentum [kg*m^2/sec]: 1.173392e+42 
(TotEnergy) Total System Energy [kg*m^2/sec^2]: -1.338804e+40 
(PotEnergy) Body's non-orbital Potential Energy [kg*m^2/sec^2]: -1.343056e+40 
(KinEnergy) Body's non-orbital Kinetic Energy [kg*m^2/sec^2]: 4.257691e+37 
(DeltaTime) Average Timestep Over Last Output Interval [sec]: 0.000000 

----- BODY: star ----
Active Modules: FLARE STELLAR
Module Bit Sum: 577
Color: 000000
(Mass) Mass [kg]: 3.868047e+29 
(Radius) Radius [m]: 4.461130e+08 
(RadGyra) Radius of Gyration/Moment of Inertia Constant []: 0.457346 
(RotAngMom) Rotational Angular Momentum [kg*m^2/sec]: 1.170949e+42 
(RotVel) Rotational Velocity [m/sec]: 3.244225e+04 
(BodyType) Type of Body (0 == planet) []: 0.000000 
(RotRate) Rotational Frequency [/sec]: 7.272205e-05 
(RotPer) Rotational Period [sec]: 8.640000e+04 
(Density) Average Density [kg/m^3]: 1040.084222 
(HZLimitDryRunaway) Semi-major axis of Dry Runaway HZ Limit [m]: 2.708485e+10 
(HZLimRecVenus) Recent Venus HZ Limit [m]: 2.426072e+10 
(HZLimRunaway) Runaway Greenhouse HZ Limit [m]: 3.199883e+10 
(HZLimMoistGreenhouse) Moist Greenhouse HZ Limit [m]: 3.210092e+10 
(HZLimMaxGreenhouse) Maximum Greenhouse HZ Limit [m]: 6.098851e+10 
(HZLimEarlyMars) Early Mars HZ Limit [m]: 6.651461e+10 
(Instellation) Orbit-averaged INcident STELLar radiATION [kg/sec^3]: -1.000000 
(CriticalSemiMajorAxis) Holman & Wiegert (1999) P-type Critical Semi-major Axis [m]: -1.000000 
(LXUVTot) Total XUV Luminosity [LSUN]: 0.000111 
(LostEnergy) Body's Total Lost Energy [kg*m^2/sec^2]: 5.562685e-309 
(LostAngMom) Lost Angular Momentum due to Magnetic Braking [kg*m^2/sec]: 5.562685e-309 
(EscapeVelocity) Escape Velocity [m/sec]: 3.402050e+05 
----- STELLAR PARAMETERS (star)------
(Luminosity) Luminosity [LSUN]: 0.039789 
(LXUVStellar) Base X-ray/XUV Luminosity [LSUN]: 0.000101 
(Temperature) Effective Temperature [K]: 3218.839195 
(LXUVFrac) Fraction of luminosity in XUV []: 0.002546 
(RossbyNumber) Rossby Number []: 0.016546 
(DRotPerDtStellar) Time Rate of Change of Rotation Period in STELLAR []: -8.565726e-11 
(WindTorque) Stellar Wind Torque []: 2.283461e+27 
----- FLARE PARAMETERS (star)------
(LXUVFlare) XUV Luminosity from flares [LSUN]: 9.654867e-06 
(FlareFreq1) First value of flare frequency range [/sec]: 1.721735e-06 
(FlareFreq2) Second value of flare frequency range [/sec]: 1.376219e-06 
(FlareFreq3) Third value of flare frequency range [/sec]: 1.100041e-06 
(FlareFreq4) Fourth value of flare frequency range [/sec]: 8.792860e-07 
(FlareFreqMin) Frequency of the flares with the lowest energy [/sec]: 1.721735e-06 
(FlareFreqMid) Frequency of the flares with the middle energy in the energy range [/sec]: 1.833070e-07 
(FlareFreqMax) Frequency of the flares with the highest energy [/sec]: 1.951605e-08 
(FlareEnergy1) First value of flare energy range [kg*m^2/sec^2]: 5.334000e+25 
(FlareEnergy2) Second value of flare energy range [kg*m^2/sec^2]: 7.534475e+25 
(FlareEnergy3) Third value of flare energy range [kg*m^2/sec^2]: 1.064273e+26 
(FlareEnergy4) Fourth value of flare energy range [kg*m^2/sec^2]: 1.503325e+26 
(FlareEnergyMin) Minimum flare energy [kg*m^2/sec^2]: 5.334000e+25 
(FlareEnergyMid) Middle flare energy in the range of energy values [kg*m^2/sec^2]: 1.686759e+27 
(FlareEnergyMax) Maximum flare energy [kg*m^2/sec^2]: 5.334000e+28 
(FlareYIntOUT) Instantaneous Davenport FFD y-intercept at current age and mass []: 20.396787 
(FlareSlopeOUT) Instantaneous Davenport FFD slope at current age and mass []: -0.648525 

Output Order: Time[year] Luminosity[LSUN] LXUVStellar[LSUN] LXUVFlare[LSUN] LXUVTot[LSUN]
Grid Output Order:

----- BODY: b ----
Active Modules: AtmEsc
Module Bit Sum: 9
Color: 000000
(Mass) Mass [kg]: 9.923673e+24 
(Radius) Radius [m]: 7.289835e+06 
(RadGyra) Radius of Gyration/Moment of Inertia Constant []: 0.500000 
(BodyType) Type of Body (0 == planet) []: 0.000000 
(Density) Average Density [kg/m^3]: 6115.483417 
(HZLimitDryRunaway) Semi-major axis of Dry Runaway HZ Limit [m]: 2.708525e+10 
(HZLimRecVenus) Recent Venus HZ Limit [m]: 2.426072e+10 
(HZLimRunaway) Runaway Greenhouse HZ Limit [m]: 3.199883e+10 
(HZLimMoistGreenhouse) Moist Greenhouse HZ Limit [m]: 3.210092e+10 
(HZLimMaxGreenhouse) Maximum Greenhouse HZ Limit [m]: 6.098851e+10 
(HZLimEarlyMars) Early Mars HZ Limit [m]: 6.651461e+10 
(Instellation) Orbit-averaged INcident STELLar radiATION [kg/sec^3]: 2.207962e+05 
(MeanMotion) Orbital Mean Motion [/sec]: 4.464489e-05 
(OrbPeriod) Orbital Period [sec]: 1.407370e+05 
(SemiMajorAxis) Semi-major Axis [m]: 2.348486e+09 
(LXUVTot) Total XUV Luminosity [kg/sec^3]: -1.000000 
(EscapeVelocity) Escape Velocity [m/sec]: 1.348015e+04 
----- ATMESC PARAMETERS (b)------
(SurfWaterMass) Surface water mass [kg]: 0.000000 
(EnvelopeMass) Envelope mass [kg]: 0.000000 
(OxygenMass) Oxygen mass in the atmosphere [kg]: 0.000000 
(RGLimit) Runaway greenhouse semi-major axis [m]: 3.066879e+10 
(XO) Atomic oxygen mixing ratio in upper atmosphere []: 0.000000 
(EtaO) Oxygen eta parameter (Luger and Barnes 2015) []: 0.000000 
(PlanetRadius) Planet radius [m]: 7.289835e+06 
(OxygenMantleMass) Mass of oxygen in mantle [kg]: 0.000000 
(RadXUV) XUV radius separating hydro. dyn. escape and equilibrium [m]: -1.000000 
(RadSolid) Radius to the solid surface [m]: -1.000000 
(PresXUV) Pressure at base of thermosphere [(null)]: 5.000000 
(ScaleHeight) Scale height in Lehmer & Catling (2016) model [m]: -1.000000 
(ThermTemp) Isothermal atmospheric temperature [K]: 400.000000 
(AtmGasConst) Atmospheric gas constant [(null)]: 4124.000000 
(PresSurf) Surface pressure due to atmosphere [Pa]: -1.000000 
(DEnvMassDt) Envelope Mass Loss Rate [kg/s]: 0.000000 
(FXUV) XUV flux [W/m^2]: 615.688900 
(AtmXAbsEffH2O) XUV atmospheric escape efficiency for H2O []: 0.300000 
(RocheRadius) Roche Lobe Radius [m]: 4.802578e+07 
(BondiRadius) Bondi Radius [m]: 3.555308e+08 
(HEscapeRegime) Integer flag for H envelope escape regime []: 8.000000 
(RRCriticalFlux) Critical XUV Flux that separates RR and energy-limited escape [W/m^2]: 59.510057 
(CrossoverMass) Crossover mass, defines oxygen is escaping if mc > mo [kg]: 0.000000 
(WaterEscapeRegime) What water escape regime the code is currently in []: 8.000000 
(FXUVCRITDRAG) Critical Drag XUV flux [W/m^2]: 0.492572 
(HREFFLUX) The Hydrogen Reference Flux (m^-2 s^-1) [m^-2 s^-1]: 3.954009e+20 
(XO2) Molecular oxygen mixing ratio in atmosphere []: 0.000000 
(XH2O) Water mixing ratio in upper atmosphere []: 0.000000 
(HDiffFlux) The Hydrogen Diffusion Flux (m^-2 s^-1) [m^-2 s^-1]: 2.413376e+17 
(HRefODragMod) Multiply by H ref flux to get flux with drag []: 1.000000 
(KTide) Mass loss enhancement due to stellar gravity []: 0.774064 
(CumulativeXUVFlux) Cumulative XUV flux [W/m^2]: 0.000000 
(RunawayGreenhouseFlux) Incident flux that triggers runaway greenhouse [kg/sec^3]: 1294.675873 
(RGDuration) Runaway Greenhouse Duration [years]: 0.00000e+00

Output Order: Time[year] CumulativeXUVFlux[W/m^2]
Grid Output Order:



---- FINAL SYSTEM PROPERTIES ----
(Age) System Age [sec]: 2.336357e+17 
(Time) Simulation Time [sec]: 2.334000e+17 
(TotAngMom) Total Angular Momentum [kg*m^2/sec]: 1.175012e+42 
(TotEnergy) Total System Energy [kg*m^2/sec^2]: -1.337129e+40 
(PotEnergy) Body's non-orbital Potential Energy [kg*m^2/sec^2]: -4.087933e+40 
(KinEnergy) Body's non-orbital Kinetic Energy [kg*m^2/sec^2]: 5.846087e+32 
(DeltaTime) Average Timestep Over Last Output Interval [sec]: 1.577880e+13 

----- BODY: star ----
Active Modules: FLARE STELLAR
Module Bit Sum: 577
Color: 000000
(Mass) Mass [kg]: 3.868047e+29 
(Radius) Radius [m]: 1.465667e+08 
(RadGyra) Radius of Gyration/Moment of Inertia Constant []: 0.460358 
(RotAngMom) Rotational Angular Momentum [kg*m^2/sec]: 1.434910e+39 
(RotVel) Rotational Velocity [m/sec]: 119.427917 
(BodyType) Type of Body (0 == planet) []: 0.000000 
(RotRate) Rotational Frequency [/sec]: 8.148367e-07 
(RotPer) Rotational Period [sec]: 7.710975e+06 
(Density) Average Density [kg/m^3]: 2.932900e+04 
(HZLimitDryRunaway) Semi-major axis of Dry Runaway HZ Limit [m]: 9.051043e+09 
(HZLimRecVenus) Recent Venus HZ Limit [m]: 8.103131e+09 
(HZLimRunaway) Runaway Greenhouse HZ Limit [m]: 1.069021e+10 
(HZLimMoistGreenhouse) Moist Greenhouse HZ Limit [m]: 1.072177e+10 
(HZLimMaxGreenhouse) Maximum Greenhouse HZ Limit [m]: 2.034978e+10 
(HZLimEarlyMars) Early Mars HZ Limit [m]: 2.219369e+10 
(Instellation) Orbit-averaged INcident STELLar radiATION [kg/sec^3]: -1.000000 
(CriticalSemiMajorAxis) Holman & Wiegert (1999) P-type Critical Semi-major Axis [m]: -1.000000 
(LXUVTot) Total XUV Luminosity [LSUN]: 1.485758e-06 
(LostEnergy) Body's Total Lost Energy [kg*m^2/sec^2]: 2.750810e+40 
(LostAngMom) Lost Angular Momentum due to Magnetic Braking [kg*m^2/sec]: 1.171133e+42 
(EscapeVelocity) Escape Velocity [m/sec]: 5.935338e+05 
----- STELLAR PARAMETERS (star)------
(Luminosity) Luminosity [LSUN]: 0.004443 
(LXUVStellar) Base X-ray/XUV Luminosity [LSUN]: 1.136113e-06 
(Temperature) Effective Temperature [K]: 3245.236191 
(LXUVFrac) Fraction of luminosity in XUV []: 0.000256 
(RossbyNumber) Rossby Number []: 1.496789 
(DRotPerDtStellar) Time Rate of Change of Rotation Period in STELLAR []: 1.459133e-11 
(WindTorque) Stellar Wind Torque []: 2.715253e+21 
----- FLARE PARAMETERS (star)------
(LXUVFlare) XUV Luminosity from flares [LSUN]: 3.496245e-07 
(FlareFreq1) First value of flare frequency range [/sec]: 5.584091e-07 
(FlareFreq2) Second value of flare frequency range [/sec]: 3.831400e-07 
(FlareFreq3) Third value of flare frequency range [/sec]: 2.628829e-07 
(FlareFreq4) Fourth value of flare frequency range [/sec]: 1.803713e-07 
(FlareFreqMin) Frequency of the flares with the lowest energy [/sec]: 5.584091e-07 
(FlareFreqMid) Frequency of the flares with the middle energy in the energy range [/sec]: 1.291225e-08 
(FlareFreqMax) Frequency of the flares with the highest energy [/sec]: 2.985737e-10 
(FlareEnergy1) First value of flare energy range [kg*m^2/sec^2]: 5.334000e+25 
(FlareEnergy2) Second value of flare energy range [kg*m^2/sec^2]: 7.534475e+25 
(FlareEnergy3) Third value of flare energy range [kg*m^2/sec^2]: 1.064273e+26 
(FlareEnergy4) Fourth value of flare energy range [kg*m^2/sec^2]: 1.503325e+26 
(FlareEnergyMin) Minimum flare energy [kg*m^2/sec^2]: 5.334000e+25 
(FlareEnergyMid) Middle flare energy in the range of energy values [kg*m^2/sec^2]: 1.686759e+27 
(FlareEnergyMax) Maximum flare energy [kg*m^2/sec^2]: 5.334000e+28 
(FlareYIntOUT) Instantaneous Davenport FFD y-intercept at current age and mass []: 34.376692 
(FlareSlopeOUT) Instantaneous Davenport FFD slope at current age and mass []: -1.090634 

Output Order: Time[year] Luminosity[LSUN] LXUVStellar[LSUN] LXUVFlare[LSUN] LXUVTot[LSUN]
Grid Output Order:

----- BODY: b ----
Active Modules: AtmEsc
Module Bit Sum: 9
Color: 000000
(Mass) Mass [kg]: 9.923673e+24 
(Radius) Radius [m]: 7.289835e+06 
(RadGyra) Radius of Gyration/Moment of Inertia Constant []: 0.500000 
(BodyType) Type of Body (0 == planet) []: 0.000000 
(Density) Average Density [kg/m^3]: 6115.483417 
(HZLimitDryRunaway) Semi-major axis of Dry Runaway HZ Limit [m]: 9.051178e+09 
(HZLimRecVenus) Recent Venus HZ Limit [m]: 8.103131e+09 
(HZLimRunaway) Runaway Greenhouse HZ Limit [m]: 1.069021e+10 
(HZLimMoistGreenhouse) Moist Greenhouse HZ Limit [m]: 1.072177e+10 
(HZLimMaxGreenhouse) Maximum Greenhouse HZ Limit [m]: 2.034978e+10 
(HZLimEarlyMars) Early Mars HZ Limit [m]: 2.219369e+10 
(Instellation) Orbit-averaged INcident STELLar radiATION [kg/sec^3]: 2.465675e+04 
(MeanMotion) Orbital Mean Motion [/sec]: 4.464489e-05 
(OrbPeriod) Orbital Period [sec]: 1.407370e+05 
(SemiMajorAxis) Semi-major Axis [m]: 2.348486e+09 
(LXUVTot) Total XUV Luminosity [kg/sec^3]: -1.000000 
(EscapeVelocity) Escape Velocity [m/sec]: 1.348015e+04 
----- ATMESC PARAMETERS (b)------
(SurfWaterMass) Surface water mass [kg]: 0.000000 
(EnvelopeMass) Envelope mass [kg]: 0.000000 
(OxygenMass) Oxygen mass in the atmosphere [kg]: 0.000000 
(RGLimit) Runaway greenhouse semi-major axis [m]: 1.024598e+10 
(XO) Atomic oxygen mixing ratio in upper atmosphere []: 0.000000 
(EtaO) Oxygen eta parameter (Luger and Barnes 2015) []: 0.000000 
(PlanetRadius) Planet radius [m]: 7.289835e+06 
(OxygenMantleMass) Mass of oxygen in mantle [kg]: 0.000000 
(RadXUV) XUV radius separating hydro. dyn. escape and equilibrium [m]: -1.000000 
(RadSolid) Radius to the solid surface [m]: -1.000000 
(PresXUV) Pressure at base of thermosphere [(null)]: 5.000000 
(ScaleHeight) Scale height in Lehmer & Catling (2016) model [m]: -1.000000 
(ThermTemp) Isothermal atmospheric temperature [K]: 400.000000 
(AtmGasConst) Atmospheric gas constant [(null)]: 4124.000000 
(PresSurf) Surface pressure due to atmosphere [Pa]: -1.000000 
(DEnvMassDt) Envelope Mass Loss Rate [kg/s]: 0.000000 
(FXUV) XUV flux [W/m^2]: 8.244759 
(AtmXAbsEffH2O) XUV atmospheric escape efficiency for H2O []: 0.300000 
(RocheRadius) Roche Lobe Radius [m]: 4.802578e+07 
(BondiRadius) Bondi Radius [m]: 6.152264e+08 
(HEscapeRegime) Integer flag for H envelope escape regime []: 8.000000 
(RRCriticalFlux) Critical XUV Flux that separates RR and energy-limited escape [W/m^2]: 59.510057 
(CrossoverMass) Crossover mass, defines oxygen is escaping if mc > mo [kg]: 0.000000 
(WaterEscapeRegime) What water escape regime the code is currently in []: 8.000000 
(FXUVCRITDRAG) Critical Drag XUV flux [W/m^2]: 0.492572 
(HREFFLUX) The Hydrogen Reference Flux (m^-2 s^-1) [m^-2 s^-1]: 5.294858e+18 
(XO2) Molecular oxygen mixing ratio in atmosphere []: 0.000000 
(XH2O) Water mixing ratio in upper atmosphere []: 0.000000 
(HDiffFlux) The Hydrogen Diffusion Flux (m^-2 s^-1) [m^-2 s^-1]: 2.413376e+17 
(HRefODragMod) Multiply by H ref flux to get flux with drag []: 1.000000 
(KTide) Mass loss enhancement due to stellar gravity []: 0.774064 
(CumulativeXUVFlux) Cumulative XUV flux [W/m^2]: 5.772034e+18 
(RunawayGreenhouseFlux) Incident flux that triggers runaway greenhouse [kg/sec^3]: 1295.363377 
(RGDuration) Runaway Greenhouse Duration [years]: 0.00000e+00

Output Order: Time[year] CumulativeXUVFlux[W/m^2]
Grid Output Order:
