-------- Log file gj1132.log -------

Executable: /home/vplanet/.local/bin/vplanet
Version: Unknown
System Name: gj1132
Primary Input File: vpl.in
Body File #1: star.in
Body File #2: b.in
Allow files to be overwitten: Yes
Mass Units: Grams
Length Units: Meters
Time Units: Seconds
Angle Units: Radians

------- FORMATTING -----
Verbosity Level: 5
Crossover Decade for Scientific Notation: 4
Number of Digits After Decimal: 6
Integration Method: Runge-Kutta4
Direction: Forward
Time Step: 3.155760e+07
Stop Time: 2.489280e+17
Output Interval: 3.155760e+13
Use Variable Timestep: Yes
dEta: 0.010000
Minimum Value of ecc and obl: 1.000000e-10


---- INITIAL SYSTEM PROPERTIES ----
(Age) System Age [sec]: 1.632860e+14 
(Time) Simulation Time [sec]: 0.000000 
(TotAngMom) Total Angular Momentum [kg*m^2/sec]: 1.609908e+42 
(TotEnergy) Total System Energy [kg*m^2/sec^2]: -1.200686e+40 
(PotEnergy) Body's non-orbital Potential Energy [kg*m^2/sec^2]: -1.206525e+40 
(KinEnergy) Body's non-orbital Kinetic Energy [kg*m^2/sec^2]: 5.844982e+37 
(DeltaTime) Average Timestep Over Last Output Interval [sec]: 0.000000 

----- BODY: star ----
Active Modules: FLARE STELLAR
Module Bit Sum: 577
Color: 000000
(Mass) Mass [kg]: 3.953384e+29 
(Radius) Radius [m]: 5.187489e+08 
(RadGyra) Radius of Gyration/Moment of Inertia Constant []: 0.455826 
(RotAngMom) Rotational Angular Momentum [kg*m^2/sec]: 1.607485e+42 
(RotVel) Rotational Velocity [m/sec]: 3.772449e+04 
(BodyType) Type of Body (0 == planet) []: 0.000000 
(RotRate) Rotational Frequency [/sec]: 7.272205e-05 
(RotPer) Rotational Period [sec]: 8.640000e+04 
(Density) Average Density [kg/m^3]: 676.096583 
(HZLimitDryRunaway) Semi-major axis of Dry Runaway HZ Limit [m]: 3.147441e+10 
(HZLimRecVenus) Recent Venus HZ Limit [m]: 2.819245e+10 
(HZLimRunaway) Runaway Greenhouse HZ Limit [m]: 3.718469e+10 
(HZLimMoistGreenhouse) Moist Greenhouse HZ Limit [m]: 3.730324e+10 
(HZLimMaxGreenhouse) Maximum Greenhouse HZ Limit [m]: 7.087169e+10 
(HZLimEarlyMars) Early Mars HZ Limit [m]: 7.729330e+10 
(Instellation) Orbit-averaged INcident STELLar radiATION [kg/sec^3]: -1.000000 
(CriticalSemiMajorAxis) Holman & Wiegert (1999) P-type Critical Semi-major Axis [m]: -1.000000 
(LXUVTot) Total XUV Luminosity [LSUN]: 0.000275 
(LostEnergy) Body's Total Lost Energy [kg*m^2/sec^2]: 5.562685e-309 
(LostAngMom) Lost Angular Momentum due to Magnetic Braking [kg*m^2/sec]: 5.562685e-309 
(EscapeVelocity) Escape Velocity [m/sec]: 3.189504e+05 
----- STELLAR PARAMETERS (star)------
(Luminosity) Luminosity [LSUN]: 0.053731 
(LXUVStellar) Base X-ray/XUV Luminosity [LSUN]: 0.000263 
(Temperature) Effective Temperature [K]: 3219.096791 
(LXUVFrac) Fraction of luminosity in XUV []: 0.004888 
(RossbyNumber) Rossby Number []: 0.016548 
(DRotPerDtStellar) Time Rate of Change of Rotation Period in STELLAR []: -1.311728e-10 
(WindTorque) Stellar Wind Torque []: 5.031235e+27 
----- FLARE PARAMETERS (star)------
(LXUVFlare) XUV Luminosity from flares [LSUN]: 1.204194e-05 
(FlareFreq1) First value of flare frequency range [/sec]: 1.836004e-06 
(FlareFreq2) Second value of flare frequency range [/sec]: 1.481517e-06 
(FlareFreq3) Third value of flare frequency range [/sec]: 1.195472e-06 
(FlareFreq4) Fourth value of flare frequency range [/sec]: 9.646559e-07 
(FlareFreqMin) Frequency of the flares with the lowest energy [/sec]: 1.836004e-06 
(FlareFreqMid) Frequency of the flares with the middle energy in the energy range [/sec]: 2.148834e-07 
(FlareFreqMax) Frequency of the flares with the highest energy [/sec]: 2.514966e-08 
(FlareEnergy1) First value of flare energy range [kg*m^2/sec^2]: 5.334000e+25 
(FlareEnergy2) Second value of flare energy range [kg*m^2/sec^2]: 7.534475e+25 
(FlareEnergy3) Third value of flare energy range [kg*m^2/sec^2]: 1.064273e+26 
(FlareEnergy4) Fourth value of flare energy range [kg*m^2/sec^2]: 1.503325e+26 
(FlareEnergyMin) Minimum flare energy [kg*m^2/sec^2]: 5.334000e+25 
(FlareEnergyMid) Middle flare energy in the range of energy values [kg*m^2/sec^2]: 1.686759e+27 
(FlareEnergyMax) Maximum flare energy [kg*m^2/sec^2]: 5.334000e+28 
(FlareYIntOUT) Instantaneous Davenport FFD y-intercept at current age and mass []: 19.527614 
(FlareSlopeOUT) Instantaneous Davenport FFD slope at current age and mass []: -0.621114 

Output Order: Time[year] Luminosity[LSUN] LXUVStellar[LSUN] LXUVFlare[LSUN] LXUVTot[LSUN]
Grid Output Order:

----- BODY: b ----
Active Modules: AtmEsc
Module Bit Sum: 9
Color: 000000
(Mass) Mass [kg]: 9.696895e+24 
(Radius) Radius [m]: 7.173872e+06 
(RadGyra) Radius of Gyration/Moment of Inertia Constant []: 0.500000 
(BodyType) Type of Body (0 == planet) []: 0.000000 
(Density) Average Density [kg/m^3]: 6270.225831 
(HZLimitDryRunaway) Semi-major axis of Dry Runaway HZ Limit [m]: 3.147649e+10 
(HZLimRecVenus) Recent Venus HZ Limit [m]: 2.819245e+10 
(HZLimRunaway) Runaway Greenhouse HZ Limit [m]: 3.718469e+10 
(HZLimMoistGreenhouse) Moist Greenhouse HZ Limit [m]: 3.730324e+10 
(HZLimMaxGreenhouse) Maximum Greenhouse HZ Limit [m]: 7.087169e+10 
(HZLimEarlyMars) Early Mars HZ Limit [m]: 7.729330e+10 
(Instellation) Orbit-averaged INcident STELLar radiATION [kg/sec^3]: 2.938698e+05 
(MeanMotion) Orbital Mean Motion [/sec]: 4.464463e-05 
(OrbPeriod) Orbital Period [sec]: 1.407378e+05 
(SemiMajorAxis) Semi-major Axis [m]: 2.365639e+09 
(LXUVTot) Total XUV Luminosity [kg/sec^3]: -1.000000 
(EscapeVelocity) Escape Velocity [m/sec]: 1.343250e+04 
----- ATMESC PARAMETERS (b)------
(SurfWaterMass) Surface water mass [kg]: 0.000000 
(EnvelopeMass) Envelope mass [kg]: 0.000000 
(OxygenMass) Oxygen mass in the atmosphere [kg]: 0.000000 
(RGLimit) Runaway greenhouse semi-major axis [m]: 3.565721e+10 
(XO) Atomic oxygen mixing ratio in upper atmosphere []: 0.000000 
(EtaO) Oxygen eta parameter (Luger and Barnes 2015) []: 0.000000 
(PlanetRadius) Planet radius [m]: 7.173872e+06 
(OxygenMantleMass) Mass of oxygen in mantle [kg]: 0.000000 
(RadXUV) XUV radius separating hydro. dyn. escape and equilibrium [m]: -1.000000 
(RadSolid) Radius to the solid surface [m]: -1.000000 
(PresXUV) Pressure at base of thermosphere [(null)]: 5.000000 
(ScaleHeight) Scale height in Lehmer & Catling (2016) model [m]: -1.000000 
(ThermTemp) Isothermal atmospheric temperature [K]: 400.000000 
(AtmGasConst) Atmospheric gas constant [(null)]: 4124.000000 
(PresSurf) Surface pressure due to atmosphere [Pa]: -1.000000 
(DEnvMassDt) Envelope Mass Loss Rate [kg/s]: 0.000000 
(FXUV) XUV flux [W/m^2]: 1502.222539 
(AtmXAbsEffH2O) XUV atmospheric escape efficiency for H2O []: 0.300000 
(RocheRadius) Roche Lobe Radius [m]: 4.765729e+07 
(BondiRadius) Bondi Radius [m]: 3.209713e+08 
(HEscapeRegime) Integer flag for H envelope escape regime []: 8.000000 
(RRCriticalFlux) Critical XUV Flux that separates RR and energy-limited escape [W/m^2]: 59.906259 
(CrossoverMass) Crossover mass, defines oxygen is escaping if mc > mo [kg]: 0.000000 
(WaterEscapeRegime) What water escape regime the code is currently in []: 8.000000 
(FXUVCRITDRAG) Critical Drag XUV flux [W/m^2]: 0.493494 
(HREFFLUX) The Hydrogen Reference Flux (m^-2 s^-1) [m^-2 s^-1]: 9.692856e+20 
(XO2) Molecular oxygen mixing ratio in atmosphere []: 0.000000 
(XH2O) Water mixing ratio in upper atmosphere []: 0.000000 
(HDiffFlux) The Hydrogen Diffusion Flux (m^-2 s^-1) [m^-2 s^-1]: 2.435080e+17 
(HRefODragMod) Multiply by H ref flux to get flux with drag []: 1.000000 
(KTide) Mass loss enhancement due to stellar gravity []: 0.775910 
(CumulativeXUVFlux) Cumulative XUV flux [W/m^2]: 0.000000 
(RunawayGreenhouseFlux) Incident flux that triggers runaway greenhouse [kg/sec^3]: 1293.301909 
(RGDuration) Runaway Greenhouse Duration [years]: 0.00000e+00

Output Order: Time[year] CumulativeXUVFlux[W/m^2]
Grid Output Order:



---- FINAL SYSTEM PROPERTIES ----
(Age) System Age [sec]: 2.491212e+17 
(Time) Simulation Time [sec]: 2.489579e+17 
(TotAngMom) Total Angular Momentum [kg*m^2/sec]: 1.614255e+42 
(TotEnergy) Total System Energy [kg*m^2/sec^2]: -1.199163e+40 
(PotEnergy) Body's non-orbital Potential Energy [kg*m^2/sec^2]: -4.147261e+40 
(KinEnergy) Body's non-orbital Kinetic Energy [kg*m^2/sec^2]: 5.709449e+32 
(DeltaTime) Average Timestep Over Last Output Interval [sec]: 1.577880e+13 

----- BODY: star ----
Active Modules: FLARE STELLAR
Module Bit Sum: 577
Color: 000000
(Mass) Mass [kg]: 3.953384e+29 
(Radius) Radius [m]: 1.509150e+08 
(RadGyra) Radius of Gyration/Moment of Inertia Constant []: 0.460161 
(RotAngMom) Rotational Angular Momentum [kg*m^2/sec]: 1.475499e+39 
(RotVel) Rotational Velocity [m/sec]: 116.793202 
(BodyType) Type of Body (0 == planet) []: 0.000000 
(RotRate) Rotational Frequency [/sec]: 7.739007e-07 
(RotPer) Rotational Period [sec]: 8.118852e+06 
(Density) Average Density [kg/m^3]: 2.745892e+04 
(HZLimitDryRunaway) Semi-major axis of Dry Runaway HZ Limit [m]: 9.386264e+09 
(HZLimRecVenus) Recent Venus HZ Limit [m]: 8.400838e+09 
(HZLimRunaway) Runaway Greenhouse HZ Limit [m]: 1.108442e+10 
(HZLimMoistGreenhouse) Moist Greenhouse HZ Limit [m]: 1.111569e+10 
(HZLimMaxGreenhouse) Maximum Greenhouse HZ Limit [m]: 2.108568e+10 
(HZLimEarlyMars) Early Mars HZ Limit [m]: 2.299629e+10 
(Instellation) Orbit-averaged INcident STELLar radiATION [kg/sec^3]: -1.000000 
(CriticalSemiMajorAxis) Holman & Wiegert (1999) P-type Critical Semi-major Axis [m]: -1.000000 
(LXUVTot) Total XUV Luminosity [LSUN]: 8.867087e-07 
(LostEnergy) Body's Total Lost Energy [kg*m^2/sec^2]: 2.948103e+40 
(LostAngMom) Lost Angular Momentum due to Magnetic Braking [kg*m^2/sec]: 1.610357e+42 
(EscapeVelocity) Escape Velocity [m/sec]: 5.913377e+05 
----- STELLAR PARAMETERS (star)------
(Luminosity) Luminosity [LSUN]: 0.004779 
(LXUVStellar) Base X-ray/XUV Luminosity [LSUN]: 5.394286e-07 
(Temperature) Effective Temperature [K]: 3259.797408 
(LXUVFrac) Fraction of luminosity in XUV []: 0.000113 
(RossbyNumber) Rossby Number []: 1.587760 
(DRotPerDtStellar) Time Rate of Change of Rotation Period in STELLAR []: 1.315934e-11 
(WindTorque) Stellar Wind Torque []: 2.417036e+21 
----- FLARE PARAMETERS (star)------
(LXUVFlare) XUV Luminosity from flares [LSUN]: 3.472619e-07 
(FlareFreq1) First value of flare frequency range [/sec]: 5.548152e-07 
(FlareFreq2) Second value of flare frequency range [/sec]: 3.806639e-07 
(FlareFreq3) Third value of flare frequency range [/sec]: 2.611770e-07 
(FlareFreq4) Fourth value of flare frequency range [/sec]: 1.791960e-07 
(FlareFreqMin) Frequency of the flares with the lowest energy [/sec]: 5.548152e-07 
(FlareFreqMid) Frequency of the flares with the middle energy in the energy range [/sec]: 1.282572e-08 
(FlareFreqMax) Frequency of the flares with the highest energy [/sec]: 2.964935e-10 
(FlareEnergy1) First value of flare energy range [kg*m^2/sec^2]: 5.334000e+25 
(FlareEnergy2) Second value of flare energy range [kg*m^2/sec^2]: 7.534475e+25 
(FlareEnergy3) Third value of flare energy range [kg*m^2/sec^2]: 1.064273e+26 
(FlareEnergy4) Fourth value of flare energy range [kg*m^2/sec^2]: 1.503325e+26 
(FlareEnergyMin) Minimum flare energy [kg*m^2/sec^2]: 5.334000e+25 
(FlareEnergyMid) Middle flare energy in the range of energy values [kg*m^2/sec^2]: 1.686759e+27 
(FlareEnergyMax) Maximum flare energy [kg*m^2/sec^2]: 5.334000e+28 
(FlareYIntOUT) Instantaneous Davenport FFD y-intercept at current age and mass []: 34.376420 
(FlareSlopeOUT) Instantaneous Davenport FFD slope at current age and mass []: -1.090711 

Output Order: Time[year] Luminosity[LSUN] LXUVStellar[LSUN] LXUVFlare[LSUN] LXUVTot[LSUN]
Grid Output Order:

----- BODY: b ----
Active Modules: AtmEsc
Module Bit Sum: 9
Color: 000000
(Mass) Mass [kg]: 9.696895e+24 
(Radius) Radius [m]: 7.173872e+06 
(RadGyra) Radius of Gyration/Moment of Inertia Constant []: 0.500000 
(BodyType) Type of Body (0 == planet) []: 0.000000 
(Density) Average Density [kg/m^3]: 6270.225831 
(HZLimitDryRunaway) Semi-major axis of Dry Runaway HZ Limit [m]: 9.386884e+09 
(HZLimRecVenus) Recent Venus HZ Limit [m]: 8.400838e+09 
(HZLimRunaway) Runaway Greenhouse HZ Limit [m]: 1.108442e+10 
(HZLimMoistGreenhouse) Moist Greenhouse HZ Limit [m]: 1.111569e+10 
(HZLimMaxGreenhouse) Maximum Greenhouse HZ Limit [m]: 2.108568e+10 
(HZLimEarlyMars) Early Mars HZ Limit [m]: 2.299629e+10 
(Instellation) Orbit-averaged INcident STELLar radiATION [kg/sec^3]: 2.613516e+04 
(MeanMotion) Orbital Mean Motion [/sec]: 4.464463e-05 
(OrbPeriod) Orbital Period [sec]: 1.407378e+05 
(SemiMajorAxis) Semi-major Axis [m]: 2.365639e+09 
(LXUVTot) Total XUV Luminosity [kg/sec^3]: -1.000000 
(EscapeVelocity) Escape Velocity [m/sec]: 1.343250e+04 
----- ATMESC PARAMETERS (b)------
(SurfWaterMass) Surface water mass [kg]: 0.000000 
(EnvelopeMass) Envelope mass [kg]: 0.000000 
(OxygenMass) Oxygen mass in the atmosphere [kg]: 0.000000 
(RGLimit) Runaway greenhouse semi-major axis [m]: 1.062928e+10 
(XO) Atomic oxygen mixing ratio in upper atmosphere []: 0.000000 
(EtaO) Oxygen eta parameter (Luger and Barnes 2015) []: 0.000000 
(PlanetRadius) Planet radius [m]: 7.173872e+06 
(OxygenMantleMass) Mass of oxygen in mantle [kg]: 0.000000 
(RadXUV) XUV radius separating hydro. dyn. escape and equilibrium [m]: -1.000000 
(RadSolid) Radius to the solid surface [m]: -1.000000 
(PresXUV) Pressure at base of thermosphere [(null)]: 5.000000 
(ScaleHeight) Scale height in Lehmer & Catling (2016) model [m]: -1.000000 
(ThermTemp) Isothermal atmospheric temperature [K]: 400.000000 
(AtmGasConst) Atmospheric gas constant [(null)]: 4124.000000 
(PresSurf) Surface pressure due to atmosphere [Pa]: -1.000000 
(DEnvMassDt) Envelope Mass Loss Rate [kg/s]: 0.000000 
(FXUV) XUV flux [W/m^2]: 4.849668 
(AtmXAbsEffH2O) XUV atmospheric escape efficiency for H2O []: 0.300000 
(RocheRadius) Roche Lobe Radius [m]: 4.765729e+07 
(BondiRadius) Bondi Radius [m]: 5.876546e+08 
(HEscapeRegime) Integer flag for H envelope escape regime []: 8.000000 
(RRCriticalFlux) Critical XUV Flux that separates RR and energy-limited escape [W/m^2]: 59.906259 
(CrossoverMass) Crossover mass, defines oxygen is escaping if mc > mo [kg]: 0.000000 
(WaterEscapeRegime) What water escape regime the code is currently in []: 8.000000 
(FXUVCRITDRAG) Critical Drag XUV flux [W/m^2]: 0.493494 
(HREFFLUX) The Hydrogen Reference Flux (m^-2 s^-1) [m^-2 s^-1]: 3.129173e+18 
(XO2) Molecular oxygen mixing ratio in atmosphere []: 0.000000 
(XH2O) Water mixing ratio in upper atmosphere []: 0.000000 
(HDiffFlux) The Hydrogen Diffusion Flux (m^-2 s^-1) [m^-2 s^-1]: 2.435080e+17 
(HRefODragMod) Multiply by H ref flux to get flux with drag []: 1.000000 
(KTide) Mass loss enhancement due to stellar gravity []: 0.775910 
(CumulativeXUVFlux) Cumulative XUV flux [W/m^2]: 6.026141e+18 
(RunawayGreenhouseFlux) Incident flux that triggers runaway greenhouse [kg/sec^3]: 1294.365299 
(RGDuration) Runaway Greenhouse Duration [years]: 0.00000e+00

Output Order: Time[year] CumulativeXUVFlux[W/m^2]
Grid Output Order:
