-------- Log file gj1132.log -------

Executable: /home/vplanet/.local/bin/vplanet
Version: Unknown
System Name: gj1132
Primary Input File: vpl.in
Body File #1: star.in
Body File #2: b.in
Allow files to be overwitten: Yes
Mass Units: Grams
Length Units: Meters
Time Units: Seconds
Angle Units: Radians

------- FORMATTING -----
Verbosity Level: 5
Crossover Decade for Scientific Notation: 4
Number of Digits After Decimal: 6
Integration Method: Runge-Kutta4
Direction: Forward
Time Step: 3.155760e+07
Stop Time: 2.479420e+17
Output Interval: 3.155760e+13
Use Variable Timestep: Yes
dEta: 0.010000
Minimum Value of ecc and obl: 1.000000e-10


---- INITIAL SYSTEM PROPERTIES ----
(Age) System Age [sec]: 1.265943e+14 
(Time) Simulation Time [sec]: 0.000000 
(TotAngMom) Total Angular Momentum [kg*m^2/sec]: 1.958447e+42 
(TotEnergy) Total System Energy [kg*m^2/sec^2]: -1.094112e+40 
(PotEnergy) Body's non-orbital Potential Energy [kg*m^2/sec^2]: -1.101218e+40 
(KinEnergy) Body's non-orbital Kinetic Energy [kg*m^2/sec^2]: 7.112237e+37 
(DeltaTime) Average Timestep Over Last Output Interval [sec]: 0.000000 

----- BODY: star ----
Active Modules: FLARE STELLAR
Module Bit Sum: 577
Color: 000000
(Mass) Mass [kg]: 3.968626e+29 
(Radius) Radius [m]: 5.727467e+08 
(RadGyra) Radius of Gyration/Moment of Inertia Constant []: 0.454537 
(RotAngMom) Rotational Angular Momentum [kg*m^2/sec]: 1.956006e+42 
(RotVel) Rotational Velocity [m/sec]: 4.165132e+04 
(BodyType) Type of Body (0 == planet) []: 0.000000 
(RotRate) Rotational Frequency [/sec]: 7.272205e-05 
(RotPer) Rotational Period [sec]: 8.640000e+04 
(Density) Average Density [kg/m^3]: 504.270695 
(HZLimitDryRunaway) Semi-major axis of Dry Runaway HZ Limit [m]: 3.439816e+10 
(HZLimRecVenus) Recent Venus HZ Limit [m]: 3.082036e+10 
(HZLimRunaway) Runaway Greenhouse HZ Limit [m]: 4.064527e+10 
(HZLimMoistGreenhouse) Moist Greenhouse HZ Limit [m]: 4.078041e+10 
(HZLimMaxGreenhouse) Maximum Greenhouse HZ Limit [m]: 7.752283e+10 
(HZLimEarlyMars) Early Mars HZ Limit [m]: 8.454701e+10 
(Instellation) Orbit-averaged INcident STELLar radiATION [kg/sec^3]: -1.000000 
(CriticalSemiMajorAxis) Holman & Wiegert (1999) P-type Critical Semi-major Axis [m]: -1.000000 
(LXUVTot) Total XUV Luminosity [LSUN]: 5.445393e-05 
(LostEnergy) Body's Total Lost Energy [kg*m^2/sec^2]: 5.562685e-309 
(LostAngMom) Lost Angular Momentum due to Magnetic Braking [kg*m^2/sec]: 5.562685e-309 
(EscapeVelocity) Escape Velocity [m/sec]: 3.041277e+05 
----- STELLAR PARAMETERS (star)------
(Luminosity) Luminosity [LSUN]: 0.064177 
(LXUVStellar) Base X-ray/XUV Luminosity [LSUN]: 5.362728e-05 
(Temperature) Effective Temperature [K]: 3203.868640 
(LXUVFrac) Fraction of luminosity in XUV []: 0.000836 
(RossbyNumber) Rossby Number []: 0.016420 
(DRotPerDtStellar) Time Rate of Change of Rotation Period in STELLAR []: -1.208666e-10 
(WindTorque) Stellar Wind Torque []: 8.509865e+27 
----- FLARE PARAMETERS (star)------
(LXUVFlare) XUV Luminosity from flares [LSUN]: 8.266515e-07 
(FlareFreq1) First value of flare frequency range [/sec]: 3.046842e-05 
(FlareFreq2) Second value of flare frequency range [/sec]: 2.652357e-05 
(FlareFreq3) Third value of flare frequency range [/sec]: 2.308946e-05 
(FlareFreq4) Fourth value of flare frequency range [/sec]: 2.009999e-05 
(FlareFreqMin) Frequency of the flares with the lowest energy [/sec]: 3.046842e-05 
(FlareFreqMid) Frequency of the flares with the middle energy in the energy range [/sec]: 7.614989e-06 
(FlareFreqMax) Frequency of the flares with the highest energy [/sec]: 1.903218e-06 
(FlareEnergy1) First value of flare energy range [kg*m^2/sec^2]: 5.334000e+23 
(FlareEnergy2) Second value of flare energy range [kg*m^2/sec^2]: 6.715108e+23 
(FlareEnergy3) Third value of flare energy range [kg*m^2/sec^2]: 8.453820e+23 
(FlareEnergy4) Fourth value of flare energy range [kg*m^2/sec^2]: 1.064273e+24 
(FlareEnergyMin) Minimum flare energy [kg*m^2/sec^2]: 5.334000e+23 
(FlareEnergyMid) Middle flare energy in the range of energy values [kg*m^2/sec^2]: 5.334000e+24 
(FlareEnergyMax) Maximum flare energy [kg*m^2/sec^2]: 5.334000e+25 
(FlareYIntOUT) Instantaneous Davenport FFD y-intercept at current age and mass []: 18.923603 
(FlareSlopeOUT) Instantaneous Davenport FFD slope at current age and mass []: -0.602181 

Output Order: Time[year] Luminosity[LSUN] LXUVStellar[LSUN] LXUVFlare[LSUN] LXUVTot[LSUN]
Grid Output Order:

----- BODY: b ----
Active Modules: AtmEsc
Module Bit Sum: 9
Color: 000000
(Mass) Mass [kg]: 9.746955e+24 
(Radius) Radius [m]: 7.476695e+06 
(RadGyra) Radius of Gyration/Moment of Inertia Constant []: 0.500000 
(BodyType) Type of Body (0 == planet) []: 0.000000 
(Density) Average Density [kg/m^3]: 5567.387416 
(HZLimitDryRunaway) Semi-major axis of Dry Runaway HZ Limit [m]: 3.439891e+10 
(HZLimRecVenus) Recent Venus HZ Limit [m]: 3.082036e+10 
(HZLimRunaway) Runaway Greenhouse HZ Limit [m]: 4.064527e+10 
(HZLimMoistGreenhouse) Moist Greenhouse HZ Limit [m]: 4.078041e+10 
(HZLimMaxGreenhouse) Maximum Greenhouse HZ Limit [m]: 7.752283e+10 
(HZLimEarlyMars) Early Mars HZ Limit [m]: 8.454701e+10 
(Instellation) Orbit-averaged INcident STELLar radiATION [kg/sec^3]: 3.500850e+05 
(MeanMotion) Orbital Mean Motion [/sec]: 4.464437e-05 
(OrbPeriod) Orbital Period [sec]: 1.407386e+05 
(SemiMajorAxis) Semi-major Axis [m]: 2.368685e+09 
(LXUVTot) Total XUV Luminosity [kg/sec^3]: -1.000000 
(EscapeVelocity) Escape Velocity [m/sec]: 1.319158e+04 
----- ATMESC PARAMETERS (b)------
(SurfWaterMass) Surface water mass [kg]: 0.000000 
(EnvelopeMass) Envelope mass [kg]: 0.000000 
(OxygenMass) Oxygen mass in the atmosphere [kg]: 0.000000 
(RGLimit) Runaway greenhouse semi-major axis [m]: 3.897166e+10 
(XO) Atomic oxygen mixing ratio in upper atmosphere []: 0.000000 
(EtaO) Oxygen eta parameter (Luger and Barnes 2015) []: 0.000000 
(PlanetRadius) Planet radius [m]: 7.476695e+06 
(OxygenMantleMass) Mass of oxygen in mantle [kg]: 0.000000 
(RadXUV) XUV radius separating hydro. dyn. escape and equilibrium [m]: -1.000000 
(RadSolid) Radius to the solid surface [m]: -1.000000 
(PresXUV) Pressure at base of thermosphere [(null)]: 5.000000 
(ScaleHeight) Scale height in Lehmer & Catling (2016) model [m]: -1.000000 
(ThermTemp) Isothermal atmospheric temperature [K]: 400.000000 
(AtmGasConst) Atmospheric gas constant [(null)]: 4124.000000 
(PresSurf) Surface pressure due to atmosphere [Pa]: -1.000000 
(DEnvMassDt) Envelope Mass Loss Rate [kg/s]: 0.000000 
(FXUV) XUV flux [W/m^2]: 297.045901 
(AtmXAbsEffH2O) XUV atmospheric escape efficiency for H2O []: 0.300000 
(RocheRadius) Roche Lobe Radius [m]: 4.773935e+07 
(BondiRadius) Bondi Radius [m]: 3.083044e+08 
(HEscapeRegime) Integer flag for H envelope escape regime []: 8.000000 
(RRCriticalFlux) Critical XUV Flux that separates RR and energy-limited escape [W/m^2]: 52.244804 
(CrossoverMass) Crossover mass, defines oxygen is escaping if mc > mo [kg]: 0.000000 
(WaterEscapeRegime) What water escape regime the code is currently in []: 8.000000 
(FXUVCRITDRAG) Critical Drag XUV flux [W/m^2]: 0.440440 
(HREFFLUX) The Hydrogen Reference Flux (m^-2 s^-1) [m^-2 s^-1]: 2.010377e+20 
(XO2) Molecular oxygen mixing ratio in atmosphere []: 0.000000 
(XH2O) Water mixing ratio in upper atmosphere []: 0.000000 
(HDiffFlux) The Hydrogen Diffusion Flux (m^-2 s^-1) [m^-2 s^-1]: 2.253396e+17 
(HRefODragMod) Multiply by H ref flux to get flux with drag []: 1.000000 
(KTide) Mass loss enhancement due to stellar gravity []: 0.766998 
(CumulativeXUVFlux) Cumulative XUV flux [W/m^2]: 0.000000 
(RunawayGreenhouseFlux) Incident flux that triggers runaway greenhouse [kg/sec^3]: 1293.216309 
(RGDuration) Runaway Greenhouse Duration [years]: 0.00000e+00

Output Order: Time[year] CumulativeXUVFlux[W/m^2]
Grid Output Order:



---- FINAL SYSTEM PROPERTIES ----
(Age) System Age [sec]: 2.480747e+17 
(Time) Simulation Time [sec]: 2.479481e+17 
(TotAngMom) Total Angular Momentum [kg*m^2/sec]: 1.962149e+42 
(TotEnergy) Total System Energy [kg*m^2/sec^2]: -1.094307e+40 
(PotEnergy) Body's non-orbital Potential Energy [kg*m^2/sec^2]: -4.153816e+40 
(KinEnergy) Body's non-orbital Kinetic Energy [kg*m^2/sec^2]: 5.769254e+32 
(DeltaTime) Average Timestep Over Last Output Interval [sec]: 1.577880e+13 

----- BODY: star ----
Active Modules: FLARE STELLAR
Module Bit Sum: 577
Color: 000000
(Mass) Mass [kg]: 3.968626e+29 
(Radius) Radius [m]: 1.518409e+08 
(RadGyra) Radius of Gyration/Moment of Inertia Constant []: 0.460122 
(RotAngMom) Rotational Angular Momentum [kg*m^2/sec]: 1.495053e+39 
(RotVel) Rotational Velocity [m/sec]: 117.187664 
(BodyType) Type of Body (0 == planet) []: 0.000000 
(RotRate) Rotational Frequency [/sec]: 7.717792e-07 
(RotPer) Rotational Period [sec]: 8.141170e+06 
(Density) Average Density [kg/m^3]: 2.706357e+04 
(HZLimitDryRunaway) Semi-major axis of Dry Runaway HZ Limit [m]: 9.453843e+09 
(HZLimRecVenus) Recent Venus HZ Limit [m]: 8.460873e+09 
(HZLimRunaway) Runaway Greenhouse HZ Limit [m]: 1.116390e+10 
(HZLimMoistGreenhouse) Moist Greenhouse HZ Limit [m]: 1.119512e+10 
(HZLimMaxGreenhouse) Maximum Greenhouse HZ Limit [m]: 2.123417e+10 
(HZLimEarlyMars) Early Mars HZ Limit [m]: 2.315825e+10 
(Instellation) Orbit-averaged INcident STELLar radiATION [kg/sec^3]: -1.000000 
(CriticalSemiMajorAxis) Holman & Wiegert (1999) P-type Critical Semi-major Axis [m]: -1.000000 
(LXUVTot) Total XUV Luminosity [LSUN]: 7.754538e-07 
(LostEnergy) Body's Total Lost Energy [kg*m^2/sec^2]: 3.059515e+40 
(LostAngMom) Lost Angular Momentum due to Magnetic Braking [kg*m^2/sec]: 1.958212e+42 
(EscapeVelocity) Escape Velocity [m/sec]: 5.906673e+05 
----- STELLAR PARAMETERS (star)------
(Luminosity) Luminosity [LSUN]: 0.004848 
(LXUVStellar) Base X-ray/XUV Luminosity [LSUN]: 3.967451e-07 
(Temperature) Effective Temperature [K]: 3262.490704 
(LXUVFrac) Fraction of luminosity in XUV []: 8.184386e-05 
(RossbyNumber) Rossby Number []: 1.594322 
(DRotPerDtStellar) Time Rate of Change of Rotation Period in STELLAR []: 1.331906e-11 
(WindTorque) Stellar Wind Torque []: 2.456836e+21 
----- FLARE PARAMETERS (star)------
(LXUVFlare) XUV Luminosity from flares [LSUN]: 3.787050e-07 
(FlareFreq1) First value of flare frequency range [/sec]: 8.350548e-05 
(FlareFreq2) Second value of flare frequency range [/sec]: 6.498126e-05 
(FlareFreq3) Third value of flare frequency range [/sec]: 5.056631e-05 
(FlareFreq4) Fourth value of flare frequency range [/sec]: 3.934907e-05 
(FlareFreqMin) Frequency of the flares with the lowest energy [/sec]: 8.350548e-05 
(FlareFreqMid) Frequency of the flares with the middle energy in the energy range [/sec]: 6.799023e-06 
(FlareFreqMax) Frequency of the flares with the highest energy [/sec]: 5.535771e-07 
(FlareEnergy1) First value of flare energy range [kg*m^2/sec^2]: 5.334000e+23 
(FlareEnergy2) Second value of flare energy range [kg*m^2/sec^2]: 6.715108e+23 
(FlareEnergy3) Third value of flare energy range [kg*m^2/sec^2]: 8.453820e+23 
(FlareEnergy4) Fourth value of flare energy range [kg*m^2/sec^2]: 1.064273e+24 
(FlareEnergyMin) Minimum flare energy [kg*m^2/sec^2]: 5.334000e+23 
(FlareEnergyMid) Middle flare energy in the range of energy values [kg*m^2/sec^2]: 5.334000e+24 
(FlareEnergyMax) Maximum flare energy [kg*m^2/sec^2]: 5.334000e+25 
(FlareYIntOUT) Instantaneous Davenport FFD y-intercept at current age and mass []: 34.328237 
(FlareSlopeOUT) Instantaneous Davenport FFD slope at current age and mass []: -1.089268 

Output Order: Time[year] Luminosity[LSUN] LXUVStellar[LSUN] LXUVFlare[LSUN] LXUVTot[LSUN]
Grid Output Order:

----- BODY: b ----
Active Modules: AtmEsc
Module Bit Sum: 9
Color: 000000
(Mass) Mass [kg]: 9.746955e+24 
(Radius) Radius [m]: 7.476695e+06 
(RadGyra) Radius of Gyration/Moment of Inertia Constant []: 0.500000 
(BodyType) Type of Body (0 == planet) []: 0.000000 
(Density) Average Density [kg/m^3]: 5567.387416 
(HZLimitDryRunaway) Semi-major axis of Dry Runaway HZ Limit [m]: 9.454050e+09 
(HZLimRecVenus) Recent Venus HZ Limit [m]: 8.460873e+09 
(HZLimRunaway) Runaway Greenhouse HZ Limit [m]: 1.116390e+10 
(HZLimMoistGreenhouse) Moist Greenhouse HZ Limit [m]: 1.119512e+10 
(HZLimMaxGreenhouse) Maximum Greenhouse HZ Limit [m]: 2.123417e+10 
(HZLimEarlyMars) Early Mars HZ Limit [m]: 2.315825e+10 
(Instellation) Orbit-averaged INcident STELLar radiATION [kg/sec^3]: 2.644355e+04 
(MeanMotion) Orbital Mean Motion [/sec]: 4.464437e-05 
(OrbPeriod) Orbital Period [sec]: 1.407386e+05 
(SemiMajorAxis) Semi-major Axis [m]: 2.368685e+09 
(LXUVTot) Total XUV Luminosity [kg/sec^3]: -1.000000 
(EscapeVelocity) Escape Velocity [m/sec]: 1.319158e+04 
----- ATMESC PARAMETERS (b)------
(SurfWaterMass) Surface water mass [kg]: 0.000000 
(EnvelopeMass) Envelope mass [kg]: 0.000000 
(OxygenMass) Oxygen mass in the atmosphere [kg]: 0.000000 
(RGLimit) Runaway greenhouse semi-major axis [m]: 1.070448e+10 
(XO) Atomic oxygen mixing ratio in upper atmosphere []: 0.000000 
(EtaO) Oxygen eta parameter (Luger and Barnes 2015) []: 0.000000 
(PlanetRadius) Planet radius [m]: 7.476695e+06 
(OxygenMantleMass) Mass of oxygen in mantle [kg]: 0.000000 
(RadXUV) XUV radius separating hydro. dyn. escape and equilibrium [m]: -1.000000 
(RadSolid) Radius to the solid surface [m]: -1.000000 
(PresXUV) Pressure at base of thermosphere [(null)]: 5.000000 
(ScaleHeight) Scale height in Lehmer & Catling (2016) model [m]: -1.000000 
(ThermTemp) Isothermal atmospheric temperature [K]: 400.000000 
(AtmGasConst) Atmospheric gas constant [(null)]: 4124.000000 
(PresSurf) Surface pressure due to atmosphere [Pa]: -1.000000 
(DEnvMassDt) Envelope Mass Loss Rate [kg/s]: 0.000000 
(FXUV) XUV flux [W/m^2]: 4.230096 
(AtmXAbsEffH2O) XUV atmospheric escape efficiency for H2O []: 0.300000 
(RocheRadius) Roche Lobe Radius [m]: 4.773935e+07 
(BondiRadius) Bondi Radius [m]: 5.880200e+08 
(HEscapeRegime) Integer flag for H envelope escape regime []: 8.000000 
(RRCriticalFlux) Critical XUV Flux that separates RR and energy-limited escape [W/m^2]: 52.244804 
(CrossoverMass) Crossover mass, defines oxygen is escaping if mc > mo [kg]: 0.000000 
(WaterEscapeRegime) What water escape regime the code is currently in []: 8.000000 
(FXUVCRITDRAG) Critical Drag XUV flux [W/m^2]: 0.440440 
(HREFFLUX) The Hydrogen Reference Flux (m^-2 s^-1) [m^-2 s^-1]: 2.862888e+18 
(XO2) Molecular oxygen mixing ratio in atmosphere []: 0.000000 
(XH2O) Water mixing ratio in upper atmosphere []: 0.000000 
(HDiffFlux) The Hydrogen Diffusion Flux (m^-2 s^-1) [m^-2 s^-1]: 2.253396e+17 
(HRefODragMod) Multiply by H ref flux to get flux with drag []: 1.000000 
(KTide) Mass loss enhancement due to stellar gravity []: 0.766998 
(CumulativeXUVFlux) Cumulative XUV flux [W/m^2]: 2.382525e+18 
(RunawayGreenhouseFlux) Incident flux that triggers runaway greenhouse [kg/sec^3]: 1294.744059 
(RGDuration) Runaway Greenhouse Duration [years]: 0.00000e+00

Output Order: Time[year] CumulativeXUVFlux[W/m^2]
Grid Output Order:
