-------- Log file gj1132.log -------

Executable: /home/vplanet/.local/bin/vplanet
Version: Unknown
System Name: gj1132
Primary Input File: vpl.in
Body File #1: star.in
Body File #2: b.in
Allow files to be overwitten: Yes
Mass Units: Grams
Length Units: Meters
Time Units: Seconds
Angle Units: Radians

------- FORMATTING -----
Verbosity Level: 5
Crossover Decade for Scientific Notation: 4
Number of Digits After Decimal: 6
Integration Method: Runge-Kutta4
Direction: Forward
Time Step: 3.155760e+07
Stop Time: 2.199428e+17
Output Interval: 3.155760e+13
Use Variable Timestep: Yes
dEta: 0.010000
Minimum Value of ecc and obl: 1.000000e-10


---- INITIAL SYSTEM PROPERTIES ----
(Age) System Age [sec]: 1.059100e+14 
(Time) Simulation Time [sec]: 0.000000 
(TotAngMom) Total Angular Momentum [kg*m^2/sec]: 2.168204e+42 
(TotEnergy) Total System Energy [kg*m^2/sec^2]: -1.004786e+40 
(PotEnergy) Body's non-orbital Potential Energy [kg*m^2/sec^2]: -1.012655e+40 
(KinEnergy) Body's non-orbital Kinetic Energy [kg*m^2/sec^2]: 7.874784e+37 
(DeltaTime) Average Timestep Over Last Output Interval [sec]: 0.000000 

----- BODY: star ----
Active Modules: FLARE STELLAR
Module Bit Sum: 577
Color: 000000
(Mass) Mass [kg]: 3.920133e+29 
(Radius) Radius [m]: 6.077090e+08 
(RadGyra) Radius of Gyration/Moment of Inertia Constant []: 0.453547 
(RotAngMom) Rotational Angular Momentum [kg*m^2/sec]: 2.165721e+42 
(RotVel) Rotational Velocity [m/sec]: 4.419384e+04 
(BodyType) Type of Body (0 == planet) []: 0.000000 
(RotRate) Rotational Frequency [/sec]: 7.272205e-05 
(RotPer) Rotational Period [sec]: 8.640000e+04 
(Density) Average Density [kg/m^3]: 416.989540 
(HZLimitDryRunaway) Semi-major axis of Dry Runaway HZ Limit [m]: 3.613768e+10 
(HZLimRecVenus) Recent Venus HZ Limit [m]: 3.238942e+10 
(HZLimRunaway) Runaway Greenhouse HZ Limit [m]: 4.270808e+10 
(HZLimMoistGreenhouse) Moist Greenhouse HZ Limit [m]: 4.285653e+10 
(HZLimMaxGreenhouse) Maximum Greenhouse HZ Limit [m]: 8.152200e+10 
(HZLimEarlyMars) Early Mars HZ Limit [m]: 8.890846e+10 
(Instellation) Orbit-averaged INcident STELLar radiATION [kg/sec^3]: -1.000000 
(CriticalSemiMajorAxis) Holman & Wiegert (1999) P-type Critical Semi-major Axis [m]: -1.000000 
(LXUVTot) Total XUV Luminosity [LSUN]: 0.000726 
(LostEnergy) Body's Total Lost Energy [kg*m^2/sec^2]: 5.562685e-309 
(LostAngMom) Lost Angular Momentum due to Magnetic Braking [kg*m^2/sec]: 5.562685e-309 
(EscapeVelocity) Escape Velocity [m/sec]: 2.934403e+05 
----- STELLAR PARAMETERS (star)------
(Luminosity) Luminosity [LSUN]: 0.070832 
(LXUVStellar) Base X-ray/XUV Luminosity [LSUN]: 0.000711 
(Temperature) Effective Temperature [K]: 3186.927471 
(LXUVFrac) Fraction of luminosity in XUV []: 0.010034 
(RossbyNumber) Rossby Number []: 0.016278 
(DRotPerDtStellar) Time Rate of Change of Rotation Period in STELLAR []: -6.826838e-11 
(WindTorque) Stellar Wind Torque []: 1.176861e+28 
----- FLARE PARAMETERS (star)------
(LXUVFlare) XUV Luminosity from flares [LSUN]: 1.500370e-05 
(FlareFreq1) First value of flare frequency range [/sec]: 1.975397e-06 
(FlareFreq2) Second value of flare frequency range [/sec]: 1.608015e-06 
(FlareFreq3) Third value of flare frequency range [/sec]: 1.308958e-06 
(FlareFreq4) Fourth value of flare frequency range [/sec]: 1.065519e-06 
(FlareFreqMin) Frequency of the flares with the lowest energy [/sec]: 1.975397e-06 
(FlareFreqMid) Frequency of the flares with the middle energy in the energy range [/sec]: 2.523540e-07 
(FlareFreqMax) Frequency of the flares with the highest energy [/sec]: 3.223785e-08 
(FlareEnergy1) First value of flare energy range [kg*m^2/sec^2]: 5.334000e+25 
(FlareEnergy2) Second value of flare energy range [kg*m^2/sec^2]: 7.534475e+25 
(FlareEnergy3) Third value of flare energy range [kg*m^2/sec^2]: 1.064273e+26 
(FlareEnergy4) Fourth value of flare energy range [kg*m^2/sec^2]: 1.503325e+26 
(FlareEnergyMin) Minimum flare energy [kg*m^2/sec^2]: 5.334000e+25 
(FlareEnergyMid) Middle flare energy in the range of energy values [kg*m^2/sec^2]: 1.686759e+27 
(FlareEnergyMax) Maximum flare energy [kg*m^2/sec^2]: 5.334000e+28 
(FlareYIntOUT) Instantaneous Davenport FFD y-intercept at current age and mass []: 18.729728 
(FlareSlopeOUT) Instantaneous Davenport FFD slope at current age and mass []: -0.595763 

Output Order: Time[year] Luminosity[LSUN] LXUVStellar[LSUN] LXUVFlare[LSUN] LXUVTot[LSUN]
Grid Output Order:

----- BODY: b ----
Active Modules: AtmEsc
Module Bit Sum: 9
Color: 000000
(Mass) Mass [kg]: 9.994622e+24 
(Radius) Radius [m]: 7.224510e+06 
(RadGyra) Radius of Gyration/Moment of Inertia Constant []: 0.500000 
(BodyType) Type of Body (0 == planet) []: 0.000000 
(Density) Average Density [kg/m^3]: 6327.797544 
(HZLimitDryRunaway) Semi-major axis of Dry Runaway HZ Limit [m]: 3.613861e+10 
(HZLimRecVenus) Recent Venus HZ Limit [m]: 3.238942e+10 
(HZLimRunaway) Runaway Greenhouse HZ Limit [m]: 4.270808e+10 
(HZLimMoistGreenhouse) Moist Greenhouse HZ Limit [m]: 4.285653e+10 
(HZLimMaxGreenhouse) Maximum Greenhouse HZ Limit [m]: 8.152200e+10 
(HZLimEarlyMars) Early Mars HZ Limit [m]: 8.890846e+10 
(Instellation) Orbit-averaged INcident STELLar radiATION [kg/sec^3]: 3.895696e+05 
(MeanMotion) Orbital Mean Motion [/sec]: 4.464442e-05 
(OrbPeriod) Orbital Period [sec]: 1.407384e+05 
(SemiMajorAxis) Semi-major Axis [m]: 2.358997e+09 
(LXUVTot) Total XUV Luminosity [kg/sec^3]: -1.000000 
(EscapeVelocity) Escape Velocity [m/sec]: 1.358927e+04 
----- ATMESC PARAMETERS (b)------
(SurfWaterMass) Surface water mass [kg]: 0.000000 
(EnvelopeMass) Envelope mass [kg]: 0.000000 
(OxygenMass) Oxygen mass in the atmosphere [kg]: 0.000000 
(RGLimit) Runaway greenhouse semi-major axis [m]: 4.092556e+10 
(XO) Atomic oxygen mixing ratio in upper atmosphere []: 0.000000 
(EtaO) Oxygen eta parameter (Luger and Barnes 2015) []: 0.000000 
(PlanetRadius) Planet radius [m]: 7.224510e+06 
(OxygenMantleMass) Mass of oxygen in mantle [kg]: 0.000000 
(RadXUV) XUV radius separating hydro. dyn. escape and equilibrium [m]: -1.000000 
(RadSolid) Radius to the solid surface [m]: -1.000000 
(PresXUV) Pressure at base of thermosphere [(null)]: 5.000000 
(ScaleHeight) Scale height in Lehmer & Catling (2016) model [m]: -1.000000 
(ThermTemp) Isothermal atmospheric temperature [K]: 400.000000 
(AtmGasConst) Atmospheric gas constant [(null)]: 4124.000000 
(PresSurf) Surface pressure due to atmosphere [Pa]: -1.000000 
(DEnvMassDt) Envelope Mass Loss Rate [kg/s]: 0.000000 
(FXUV) XUV flux [W/m^2]: 3991.405759 
(AtmXAbsEffH2O) XUV atmospheric escape efficiency for H2O []: 0.300000 
(RocheRadius) Roche Lobe Radius [m]: 4.814030e+07 
(BondiRadius) Bondi Radius [m]: 3.091741e+08 
(HEscapeRegime) Integer flag for H envelope escape regime []: 8.000000 
(RRCriticalFlux) Critical XUV Flux that separates RR and energy-limited escape [W/m^2]: 62.420515 
(CrossoverMass) Crossover mass, defines oxygen is escaping if mc > mo [kg]: 0.000000 
(WaterEscapeRegime) What water escape regime the code is currently in []: 8.000000 
(FXUVCRITDRAG) Critical Drag XUV flux [W/m^2]: 0.513316 
(HREFFLUX) The Hydrogen Reference Flux (m^-2 s^-1) [m^-2 s^-1]: 2.514134e+21 
(XO2) Molecular oxygen mixing ratio in atmosphere []: 0.000000 
(XH2O) Water mixing ratio in upper atmosphere []: 0.000000 
(HDiffFlux) The Hydrogen Diffusion Flux (m^-2 s^-1) [m^-2 s^-1]: 2.474785e+17 
(HRefODragMod) Multiply by H ref flux to get flux with drag []: 1.000000 
(KTide) Mass loss enhancement due to stellar gravity []: 0.776582 
(CumulativeXUVFlux) Cumulative XUV flux [W/m^2]: 0.000000 
(RunawayGreenhouseFlux) Incident flux that triggers runaway greenhouse [kg/sec^3]: 1294.279590 
(RGDuration) Runaway Greenhouse Duration [years]: 0.00000e+00

Output Order: Time[year] CumulativeXUVFlux[W/m^2]
Grid Output Order:



---- FINAL SYSTEM PROPERTIES ----
(Age) System Age [sec]: 2.200488e+17 
(Time) Simulation Time [sec]: 2.199429e+17 
(TotAngMom) Total Angular Momentum [kg*m^2/sec]: 2.165940e+42 
(TotEnergy) Total System Energy [kg*m^2/sec^2]: -1.008282e+40 
(PotEnergy) Body's non-orbital Potential Energy [kg*m^2/sec^2]: -4.140665e+40 
(KinEnergy) Body's non-orbital Kinetic Energy [kg*m^2/sec^2]: 6.385512e+32 
(DeltaTime) Average Timestep Over Last Output Interval [sec]: 2.629800e+12 

----- BODY: star ----
Active Modules: FLARE STELLAR
Module Bit Sum: 577
Color: 000000
(Mass) Mass [kg]: 3.920133e+29 
(Radius) Radius [m]: 1.486234e+08 
(RadGyra) Radius of Gyration/Moment of Inertia Constant []: 0.460243 
(RotAngMom) Rotational Angular Momentum [kg*m^2/sec]: 1.530513e+39 
(RotVel) Rotational Velocity [m/sec]: 124.015426 
(BodyType) Type of Body (0 == planet) []: 0.000000 
(RotRate) Rotational Frequency [/sec]: 8.344275e-07 
(RotPer) Rotational Period [sec]: 7.529935e+06 
(Density) Average Density [kg/m^3]: 2.850696e+04 
(HZLimitDryRunaway) Semi-major axis of Dry Runaway HZ Limit [m]: 9.228563e+09 
(HZLimRecVenus) Recent Venus HZ Limit [m]: 8.260770e+09 
(HZLimRunaway) Runaway Greenhouse HZ Limit [m]: 1.089896e+10 
(HZLimMoistGreenhouse) Moist Greenhouse HZ Limit [m]: 1.093035e+10 
(HZLimMaxGreenhouse) Maximum Greenhouse HZ Limit [m]: 2.073936e+10 
(HZLimEarlyMars) Early Mars HZ Limit [m]: 2.261858e+10 
(Instellation) Orbit-averaged INcident STELLar radiATION [kg/sec^3]: -1.000000 
(CriticalSemiMajorAxis) Holman & Wiegert (1999) P-type Critical Semi-major Axis [m]: -1.000000 
(LXUVTot) Total XUV Luminosity [LSUN]: 3.466153e-06 
(LostEnergy) Body's Total Lost Energy [kg*m^2/sec^2]: 3.132388e+40 
(LostAngMom) Lost Angular Momentum due to Magnetic Braking [kg*m^2/sec]: 2.161926e+42 
(EscapeVelocity) Escape Velocity [m/sec]: 5.933679e+05 
----- STELLAR PARAMETERS (star)------
(Luminosity) Luminosity [LSUN]: 0.004619 
(LXUVStellar) Base X-ray/XUV Luminosity [LSUN]: 3.102087e-06 
(Temperature) Effective Temperature [K]: 3253.191069 
(LXUVFrac) Fraction of luminosity in XUV []: 0.000672 
(RossbyNumber) Rossby Number []: 1.467614 
(DRotPerDtStellar) Time Rate of Change of Rotation Period in STELLAR []: 3.171816e-11 
(WindTorque) Stellar Wind Torque []: 3.264406e+21 
----- FLARE PARAMETERS (star)------
(LXUVFlare) XUV Luminosity from flares [LSUN]: 3.640636e-07 
(FlareFreq1) First value of flare frequency range [/sec]: 5.670987e-07 
(FlareFreq2) Second value of flare frequency range [/sec]: 3.899049e-07 
(FlareFreq3) Third value of flare frequency range [/sec]: 2.680765e-07 
(FlareFreq4) Fourth value of flare frequency range [/sec]: 1.843141e-07 
(FlareFreqMin) Frequency of the flares with the lowest energy [/sec]: 5.670987e-07 
(FlareFreqMid) Frequency of the flares with the middle energy in the energy range [/sec]: 1.338624e-08 
(FlareFreqMax) Frequency of the flares with the highest energy [/sec]: 3.159793e-10 
(FlareEnergy1) First value of flare energy range [kg*m^2/sec^2]: 5.334000e+25 
(FlareEnergy2) Second value of flare energy range [kg*m^2/sec^2]: 7.534475e+25 
(FlareEnergy3) Third value of flare energy range [kg*m^2/sec^2]: 1.064273e+26 
(FlareEnergy4) Fourth value of flare energy range [kg*m^2/sec^2]: 1.503325e+26 
(FlareEnergyMin) Minimum flare energy [kg*m^2/sec^2]: 5.334000e+25 
(FlareEnergyMid) Middle flare energy in the range of energy values [kg*m^2/sec^2]: 1.686759e+27 
(FlareEnergyMax) Maximum flare energy [kg*m^2/sec^2]: 5.334000e+28 
(FlareYIntOUT) Instantaneous Davenport FFD y-intercept at current age and mass []: 34.188117 
(FlareSlopeOUT) Instantaneous Davenport FFD slope at current age and mass []: -1.084667 

Output Order: Time[year] Luminosity[LSUN] LXUVStellar[LSUN] LXUVFlare[LSUN] LXUVTot[LSUN]
Grid Output Order:

----- BODY: b ----
Active Modules: AtmEsc
Module Bit Sum: 9
Color: 000000
(Mass) Mass [kg]: 9.994622e+24 
(Radius) Radius [m]: 7.224510e+06 
(RadGyra) Radius of Gyration/Moment of Inertia Constant []: 0.500000 
(BodyType) Type of Body (0 == planet) []: 0.000000 
(Density) Average Density [kg/m^3]: 6327.797544 
(HZLimitDryRunaway) Semi-major axis of Dry Runaway HZ Limit [m]: 9.228801e+09 
(HZLimRecVenus) Recent Venus HZ Limit [m]: 8.260770e+09 
(HZLimRunaway) Runaway Greenhouse HZ Limit [m]: 1.089896e+10 
(HZLimMoistGreenhouse) Moist Greenhouse HZ Limit [m]: 1.093035e+10 
(HZLimMaxGreenhouse) Maximum Greenhouse HZ Limit [m]: 2.073936e+10 
(HZLimEarlyMars) Early Mars HZ Limit [m]: 2.261858e+10 
(Instellation) Orbit-averaged INcident STELLar radiATION [kg/sec^3]: 2.540580e+04 
(MeanMotion) Orbital Mean Motion [/sec]: 4.464442e-05 
(OrbPeriod) Orbital Period [sec]: 1.407384e+05 
(SemiMajorAxis) Semi-major Axis [m]: 2.358997e+09 
(LXUVTot) Total XUV Luminosity [kg/sec^3]: -1.000000 
(EscapeVelocity) Escape Velocity [m/sec]: 1.358927e+04 
----- ATMESC PARAMETERS (b)------
(SurfWaterMass) Surface water mass [kg]: 0.000000 
(EnvelopeMass) Envelope mass [kg]: 0.000000 
(OxygenMass) Oxygen mass in the atmosphere [kg]: 0.000000 
(RGLimit) Runaway greenhouse semi-major axis [m]: 1.044433e+10 
(XO) Atomic oxygen mixing ratio in upper atmosphere []: 0.000000 
(EtaO) Oxygen eta parameter (Luger and Barnes 2015) []: 0.000000 
(PlanetRadius) Planet radius [m]: 7.224510e+06 
(OxygenMantleMass) Mass of oxygen in mantle [kg]: 0.000000 
(RadXUV) XUV radius separating hydro. dyn. escape and equilibrium [m]: -1.000000 
(RadSolid) Radius to the solid surface [m]: -1.000000 
(PresXUV) Pressure at base of thermosphere [(null)]: 5.000000 
(ScaleHeight) Scale height in Lehmer & Catling (2016) model [m]: -1.000000 
(ThermTemp) Isothermal atmospheric temperature [K]: 400.000000 
(AtmGasConst) Atmospheric gas constant [(null)]: 4124.000000 
(PresSurf) Surface pressure due to atmosphere [Pa]: -1.000000 
(DEnvMassDt) Envelope Mass Loss Rate [kg/s]: 0.000000 
(FXUV) XUV flux [W/m^2]: 19.063545 
(AtmXAbsEffH2O) XUV atmospheric escape efficiency for H2O []: 0.300000 
(RocheRadius) Roche Lobe Radius [m]: 4.814030e+07 
(BondiRadius) Bondi Radius [m]: 6.124492e+08 
(HEscapeRegime) Integer flag for H envelope escape regime []: 8.000000 
(RRCriticalFlux) Critical XUV Flux that separates RR and energy-limited escape [W/m^2]: 62.420515 
(CrossoverMass) Crossover mass, defines oxygen is escaping if mc > mo [kg]: 0.000000 
(WaterEscapeRegime) What water escape regime the code is currently in []: 8.000000 
(FXUVCRITDRAG) Critical Drag XUV flux [W/m^2]: 0.513316 
(HREFFLUX) The Hydrogen Reference Flux (m^-2 s^-1) [m^-2 s^-1]: 1.200788e+19 
(XO2) Molecular oxygen mixing ratio in atmosphere []: 0.000000 
(XH2O) Water mixing ratio in upper atmosphere []: 0.000000 
(HDiffFlux) The Hydrogen Diffusion Flux (m^-2 s^-1) [m^-2 s^-1]: 2.474785e+17 
(HRefODragMod) Multiply by H ref flux to get flux with drag []: 1.000000 
(KTide) Mass loss enhancement due to stellar gravity []: 0.776582 
(CumulativeXUVFlux) Cumulative XUV flux [W/m^2]: 1.770466e+19 
(RunawayGreenhouseFlux) Incident flux that triggers runaway greenhouse [kg/sec^3]: 1295.997815 
(RGDuration) Runaway Greenhouse Duration [years]: 0.00000e+00

Output Order: Time[year] CumulativeXUVFlux[W/m^2]
Grid Output Order:
