-------- Log file gj1132.log -------

Executable: /home/vplanet/.local/bin/vplanet
Version: Unknown
System Name: gj1132
Primary Input File: vpl.in
Body File #1: star.in
Body File #2: b.in
Allow files to be overwitten: Yes
Mass Units: Grams
Length Units: Meters
Time Units: Seconds
Angle Units: Radians

------- FORMATTING -----
Verbosity Level: 5
Crossover Decade for Scientific Notation: 4
Number of Digits After Decimal: 6
Integration Method: Runge-Kutta4
Direction: Forward
Time Step: 3.155760e+07
Stop Time: 2.193452e+17
Output Interval: 3.155760e+13
Use Variable Timestep: Yes
dEta: 0.010000
Minimum Value of ecc and obl: 1.000000e-10


---- INITIAL SYSTEM PROPERTIES ----
(Age) System Age [sec]: 1.673039e+14 
(Time) Simulation Time [sec]: 0.000000 
(TotAngMom) Total Angular Momentum [kg*m^2/sec]: 1.569453e+42 
(TotEnergy) Total System Energy [kg*m^2/sec^2]: -1.206795e+40 
(PotEnergy) Body's non-orbital Potential Energy [kg*m^2/sec^2]: -1.212487e+40 
(KinEnergy) Body's non-orbital Kinetic Energy [kg*m^2/sec^2]: 5.697777e+37 
(DeltaTime) Average Timestep Over Last Output Interval [sec]: 0.000000 

----- BODY: star ----
Active Modules: FLARE STELLAR
Module Bit Sum: 577
Color: 000000
(Mass) Mass [kg]: 3.940757e+29 
(Radius) Radius [m]: 5.129061e+08 
(RadGyra) Radius of Gyration/Moment of Inertia Constant []: 0.455905 
(RotAngMom) Rotational Angular Momentum [kg*m^2/sec]: 1.567001e+42 
(RotVel) Rotational Velocity [m/sec]: 3.729958e+04 
(BodyType) Type of Body (0 == planet) []: 0.000000 
(RotRate) Rotational Frequency [/sec]: 7.272205e-05 
(RotPer) Rotational Period [sec]: 8.640000e+04 
(Density) Average Density [kg/m^3]: 697.232330 
(HZLimitDryRunaway) Semi-major axis of Dry Runaway HZ Limit [m]: 3.111845e+10 
(HZLimRecVenus) Recent Venus HZ Limit [m]: 2.787383e+10 
(HZLimRunaway) Runaway Greenhouse HZ Limit [m]: 3.676431e+10 
(HZLimMoistGreenhouse) Moist Greenhouse HZ Limit [m]: 3.688166e+10 
(HZLimMaxGreenhouse) Maximum Greenhouse HZ Limit [m]: 7.007186e+10 
(HZLimEarlyMars) Early Mars HZ Limit [m]: 7.642099e+10 
(Instellation) Orbit-averaged INcident STELLar radiATION [kg/sec^3]: -1.000000 
(CriticalSemiMajorAxis) Holman & Wiegert (1999) P-type Critical Semi-major Axis [m]: -1.000000 
(LXUVTot) Total XUV Luminosity [LSUN]: 8.243273e-05 
(LostEnergy) Body's Total Lost Energy [kg*m^2/sec^2]: 5.562685e-309 
(LostAngMom) Lost Angular Momentum due to Magnetic Braking [kg*m^2/sec]: 5.562685e-309 
(EscapeVelocity) Escape Velocity [m/sec]: 3.202493e+05 
----- STELLAR PARAMETERS (star)------
(Luminosity) Luminosity [LSUN]: 0.052522 
(LXUVStellar) Base X-ray/XUV Luminosity [LSUN]: 7.048007e-05 
(Temperature) Effective Temperature [K]: 3218.678800 
(LXUVFrac) Fraction of luminosity in XUV []: 0.001342 
(RossbyNumber) Rossby Number []: 0.016545 
(DRotPerDtStellar) Time Rate of Change of Rotation Period in STELLAR []: -1.015015e-10 
(WindTorque) Stellar Wind Torque []: 4.746399e+27 
----- FLARE PARAMETERS (star)------
(LXUVFlare) XUV Luminosity from flares [LSUN]: 1.195266e-05 
(FlareFreq1) First value of flare frequency range [/sec]: 1.835205e-06 
(FlareFreq2) Second value of flare frequency range [/sec]: 1.480249e-06 
(FlareFreq3) Third value of flare frequency range [/sec]: 1.193947e-06 
(FlareFreq4) Fourth value of flare frequency range [/sec]: 9.630197e-07 
(FlareFreqMin) Frequency of the flares with the lowest energy [/sec]: 1.835205e-06 
(FlareFreqMid) Frequency of the flares with the middle energy in the energy range [/sec]: 2.138881e-07 
(FlareFreqMax) Frequency of the flares with the highest energy [/sec]: 2.492808e-08 
(FlareEnergy1) First value of flare energy range [kg*m^2/sec^2]: 5.334000e+25 
(FlareEnergy2) Second value of flare energy range [kg*m^2/sec^2]: 7.534475e+25 
(FlareEnergy3) Third value of flare energy range [kg*m^2/sec^2]: 1.064273e+26 
(FlareEnergy4) Fourth value of flare energy range [kg*m^2/sec^2]: 1.503325e+26 
(FlareEnergyMin) Minimum flare energy [kg*m^2/sec^2]: 5.334000e+25 
(FlareEnergyMid) Middle flare energy in the range of energy values [kg*m^2/sec^2]: 1.686759e+27 
(FlareEnergyMax) Maximum flare energy [kg*m^2/sec^2]: 5.334000e+28 
(FlareYIntOUT) Instantaneous Davenport FFD y-intercept at current age and mass []: 19.567288 
(FlareSlopeOUT) Instantaneous Davenport FFD slope at current age and mass []: -0.622332 

Output Order: Time[year] Luminosity[LSUN] LXUVStellar[LSUN] LXUVFlare[LSUN] LXUVTot[LSUN]
Grid Output Order:

----- BODY: b ----
Active Modules: AtmEsc
Module Bit Sum: 9
Color: 000000
(Mass) Mass [kg]: 9.835635e+24 
(Radius) Radius [m]: 7.260274e+06 
(RadGyra) Radius of Gyration/Moment of Inertia Constant []: 0.500000 
(BodyType) Type of Body (0 == planet) []: 0.000000 
(Density) Average Density [kg/m^3]: 6135.568936 
(HZLimitDryRunaway) Semi-major axis of Dry Runaway HZ Limit [m]: 3.111902e+10 
(HZLimRecVenus) Recent Venus HZ Limit [m]: 2.787383e+10 
(HZLimRunaway) Runaway Greenhouse HZ Limit [m]: 3.676431e+10 
(HZLimMoistGreenhouse) Moist Greenhouse HZ Limit [m]: 3.688166e+10 
(HZLimMaxGreenhouse) Maximum Greenhouse HZ Limit [m]: 7.007186e+10 
(HZLimEarlyMars) Early Mars HZ Limit [m]: 7.642099e+10 
(Instellation) Orbit-averaged INcident STELLar radiATION [kg/sec^3]: 2.878493e+05 
(MeanMotion) Orbital Mean Motion [/sec]: 4.464341e-05 
(OrbPeriod) Orbital Period [sec]: 1.407416e+05 
(SemiMajorAxis) Semi-major Axis [m]: 2.363161e+09 
(LXUVTot) Total XUV Luminosity [kg/sec^3]: -1.000000 
(EscapeVelocity) Escape Velocity [m/sec]: 1.344751e+04 
----- ATMESC PARAMETERS (b)------
(SurfWaterMass) Surface water mass [kg]: 0.000000 
(EnvelopeMass) Envelope mass [kg]: 0.000000 
(OxygenMass) Oxygen mass in the atmosphere [kg]: 0.000000 
(RGLimit) Runaway greenhouse semi-major axis [m]: 3.524338e+10 
(XO) Atomic oxygen mixing ratio in upper atmosphere []: 0.000000 
(EtaO) Oxygen eta parameter (Luger and Barnes 2015) []: 0.000000 
(PlanetRadius) Planet radius [m]: 7.260274e+06 
(OxygenMantleMass) Mass of oxygen in mantle [kg]: 0.000000 
(RadXUV) XUV radius separating hydro. dyn. escape and equilibrium [m]: -1.000000 
(RadSolid) Radius to the solid surface [m]: -1.000000 
(PresXUV) Pressure at base of thermosphere [(null)]: 5.000000 
(ScaleHeight) Scale height in Lehmer & Catling (2016) model [m]: -1.000000 
(ThermTemp) Isothermal atmospheric temperature [K]: 400.000000 
(AtmGasConst) Atmospheric gas constant [(null)]: 4124.000000 
(PresSurf) Surface pressure due to atmosphere [Pa]: -1.000000 
(DEnvMassDt) Envelope Mass Loss Rate [kg/s]: 0.000000 
(FXUV) XUV flux [W/m^2]: 451.772929 
(AtmXAbsEffH2O) XUV atmospheric escape efficiency for H2O []: 0.300000 
(RocheRadius) Roche Lobe Radius [m]: 4.788438e+07 
(BondiRadius) Bondi Radius [m]: 3.276269e+08 
(HEscapeRegime) Integer flag for H envelope escape regime []: 8.000000 
(RRCriticalFlux) Critical XUV Flux that separates RR and energy-limited escape [W/m^2]: 59.213730 
(CrossoverMass) Crossover mass, defines oxygen is escaping if mc > mo [kg]: 0.000000 
(WaterEscapeRegime) What water escape regime the code is currently in []: 8.000000 
(FXUVCRITDRAG) Critical Drag XUV flux [W/m^2]: 0.489805 
(HREFFLUX) The Hydrogen Reference Flux (m^-2 s^-1) [m^-2 s^-1]: 2.914492e+20 
(XO2) Molecular oxygen mixing ratio in atmosphere []: 0.000000 
(XH2O) Water mixing ratio in upper atmosphere []: 0.000000 
(HDiffFlux) The Hydrogen Diffusion Flux (m^-2 s^-1) [m^-2 s^-1]: 2.411483e+17 
(HRefODragMod) Multiply by H ref flux to get flux with drag []: 1.000000 
(KTide) Mass loss enhancement due to stellar gravity []: 0.774311 
(CumulativeXUVFlux) Cumulative XUV flux [W/m^2]: 0.000000 
(RunawayGreenhouseFlux) Incident flux that triggers runaway greenhouse [kg/sec^3]: 1294.139525 
(RGDuration) Runaway Greenhouse Duration [years]: 0.00000e+00

Output Order: Time[year] CumulativeXUVFlux[W/m^2]
Grid Output Order:



---- FINAL SYSTEM PROPERTIES ----
(Age) System Age [sec]: 2.195137e+17 
(Time) Simulation Time [sec]: 2.193464e+17 
(TotAngMom) Total Angular Momentum [kg*m^2/sec]: 1.569663e+42 
(TotEnergy) Total System Energy [kg*m^2/sec^2]: -1.206740e+40 
(PotEnergy) Body's non-orbital Potential Energy [kg*m^2/sec^2]: -4.155395e+40 
(KinEnergy) Body's non-orbital Kinetic Energy [kg*m^2/sec^2]: 6.386092e+32 
(DeltaTime) Average Timestep Over Last Output Interval [sec]: 1.660926e+12 

----- BODY: star ----
Active Modules: FLARE STELLAR
Module Bit Sum: 577
Color: 000000
(Mass) Mass [kg]: 3.940757e+29 
(Radius) Radius [m]: 1.496590e+08 
(RadGyra) Radius of Gyration/Moment of Inertia Constant []: 0.460193 
(RotAngMom) Rotational Angular Momentum [kg*m^2/sec]: 1.545130e+39 
(RotVel) Rotational Velocity [m/sec]: 123.709454 
(BodyType) Type of Body (0 == planet) []: 0.000000 
(RotRate) Rotational Frequency [/sec]: 8.266091e-07 
(RotPer) Rotational Period [sec]: 7.601157e+06 
(Density) Average Density [kg/m^3]: 2.806616e+04 
(HZLimitDryRunaway) Semi-major axis of Dry Runaway HZ Limit [m]: 9.311509e+09 
(HZLimRecVenus) Recent Venus HZ Limit [m]: 8.334456e+09 
(HZLimRunaway) Runaway Greenhouse HZ Limit [m]: 1.099652e+10 
(HZLimMoistGreenhouse) Moist Greenhouse HZ Limit [m]: 1.102785e+10 
(HZLimMaxGreenhouse) Maximum Greenhouse HZ Limit [m]: 2.092161e+10 
(HZLimEarlyMars) Early Mars HZ Limit [m]: 2.281736e+10 
(Instellation) Orbit-averaged INcident STELLar radiATION [kg/sec^3]: -1.000000 
(CriticalSemiMajorAxis) Holman & Wiegert (1999) P-type Critical Semi-major Axis [m]: -1.000000 
(LXUVTot) Total XUV Luminosity [LSUN]: 7.988635e-07 
(LostEnergy) Body's Total Lost Energy [kg*m^2/sec^2]: 2.948660e+40 
(LostAngMom) Lost Angular Momentum due to Magnetic Braking [kg*m^2/sec]: 1.565666e+42 
(EscapeVelocity) Escape Velocity [m/sec]: 5.928648e+05 
----- STELLAR PARAMETERS (star)------
(Luminosity) Luminosity [LSUN]: 0.004703 
(LXUVStellar) Base X-ray/XUV Luminosity [LSUN]: 4.328130e-07 
(Temperature) Effective Temperature [K]: 3256.610797 
(LXUVFrac) Fraction of luminosity in XUV []: 9.203466e-05 
(RossbyNumber) Rossby Number []: 1.484093 
(DRotPerDtStellar) Time Rate of Change of Rotation Period in STELLAR []: 3.062711e-11 
(WindTorque) Stellar Wind Torque []: 3.220520e+21 
----- FLARE PARAMETERS (star)------
(LXUVFlare) XUV Luminosity from flares [LSUN]: 3.660491e-07 
(FlareFreq1) First value of flare frequency range [/sec]: 5.708057e-07 
(FlareFreq2) Second value of flare frequency range [/sec]: 3.924189e-07 
(FlareFreq3) Third value of flare frequency range [/sec]: 2.697811e-07 
(FlareFreq4) Fourth value of flare frequency range [/sec]: 1.854698e-07 
(FlareFreqMin) Frequency of the flares with the lowest energy [/sec]: 5.708057e-07 
(FlareFreqMid) Frequency of the flares with the middle energy in the energy range [/sec]: 1.346184e-08 
(FlareFreqMax) Frequency of the flares with the highest energy [/sec]: 3.174828e-10 
(FlareEnergy1) First value of flare energy range [kg*m^2/sec^2]: 5.334000e+25 
(FlareEnergy2) Second value of flare energy range [kg*m^2/sec^2]: 7.534475e+25 
(FlareEnergy3) Third value of flare energy range [kg*m^2/sec^2]: 1.064273e+26 
(FlareEnergy4) Fourth value of flare energy range [kg*m^2/sec^2]: 1.503325e+26 
(FlareEnergyMin) Minimum flare energy [kg*m^2/sec^2]: 5.334000e+25 
(FlareEnergyMid) Middle flare energy in the range of energy values [kg*m^2/sec^2]: 1.686759e+27 
(FlareEnergyMax) Maximum flare energy [kg*m^2/sec^2]: 5.334000e+28 
(FlareYIntOUT) Instantaneous Davenport FFD y-intercept at current age and mass []: 34.199325 
(FlareSlopeOUT) Instantaneous Davenport FFD slope at current age and mass []: -1.084923 

Output Order: Time[year] Luminosity[LSUN] LXUVStellar[LSUN] LXUVFlare[LSUN] LXUVTot[LSUN]
Grid Output Order:

----- BODY: b ----
Active Modules: AtmEsc
Module Bit Sum: 9
Color: 000000
(Mass) Mass [kg]: 9.835635e+24 
(Radius) Radius [m]: 7.260274e+06 
(RadGyra) Radius of Gyration/Moment of Inertia Constant []: 0.500000 
(BodyType) Type of Body (0 == planet) []: 0.000000 
(Density) Average Density [kg/m^3]: 6135.568936 
(HZLimitDryRunaway) Semi-major axis of Dry Runaway HZ Limit [m]: 9.311678e+09 
(HZLimRecVenus) Recent Venus HZ Limit [m]: 8.334456e+09 
(HZLimRunaway) Runaway Greenhouse HZ Limit [m]: 1.099652e+10 
(HZLimMoistGreenhouse) Moist Greenhouse HZ Limit [m]: 1.102785e+10 
(HZLimMaxGreenhouse) Maximum Greenhouse HZ Limit [m]: 2.092161e+10 
(HZLimEarlyMars) Early Mars HZ Limit [m]: 2.281736e+10 
(Instellation) Orbit-averaged INcident STELLar radiATION [kg/sec^3]: 2.577326e+04 
(MeanMotion) Orbital Mean Motion [/sec]: 4.464341e-05 
(OrbPeriod) Orbital Period [sec]: 1.407416e+05 
(SemiMajorAxis) Semi-major Axis [m]: 2.363161e+09 
(LXUVTot) Total XUV Luminosity [kg/sec^3]: -1.000000 
(EscapeVelocity) Escape Velocity [m/sec]: 1.344751e+04 
----- ATMESC PARAMETERS (b)------
(SurfWaterMass) Surface water mass [kg]: 0.000000 
(EnvelopeMass) Envelope mass [kg]: 0.000000 
(OxygenMass) Oxygen mass in the atmosphere [kg]: 0.000000 
(RGLimit) Runaway greenhouse semi-major axis [m]: 1.054177e+10 
(XO) Atomic oxygen mixing ratio in upper atmosphere []: 0.000000 
(EtaO) Oxygen eta parameter (Luger and Barnes 2015) []: 0.000000 
(PlanetRadius) Planet radius [m]: 7.260274e+06 
(OxygenMantleMass) Mass of oxygen in mantle [kg]: 0.000000 
(RadXUV) XUV radius separating hydro. dyn. escape and equilibrium [m]: -1.000000 
(RadSolid) Radius to the solid surface [m]: -1.000000 
(PresXUV) Pressure at base of thermosphere [(null)]: 5.000000 
(ScaleHeight) Scale height in Lehmer & Catling (2016) model [m]: -1.000000 
(ThermTemp) Isothermal atmospheric temperature [K]: 400.000000 
(AtmGasConst) Atmospheric gas constant [(null)]: 4124.000000 
(PresSurf) Surface pressure due to atmosphere [Pa]: -1.000000 
(DEnvMassDt) Envelope Mass Loss Rate [kg/s]: 0.000000 
(FXUV) XUV flux [W/m^2]: 4.378175 
(AtmXAbsEffH2O) XUV atmospheric escape efficiency for H2O []: 0.300000 
(RocheRadius) Roche Lobe Radius [m]: 4.788438e+07 
(BondiRadius) Bondi Radius [m]: 5.994583e+08 
(HEscapeRegime) Integer flag for H envelope escape regime []: 8.000000 
(RRCriticalFlux) Critical XUV Flux that separates RR and energy-limited escape [W/m^2]: 59.213730 
(CrossoverMass) Crossover mass, defines oxygen is escaping if mc > mo [kg]: 0.000000 
(WaterEscapeRegime) What water escape regime the code is currently in []: 8.000000 
(FXUVCRITDRAG) Critical Drag XUV flux [W/m^2]: 0.489805 
(HREFFLUX) The Hydrogen Reference Flux (m^-2 s^-1) [m^-2 s^-1]: 2.824462e+18 
(XO2) Molecular oxygen mixing ratio in atmosphere []: 0.000000 
(XH2O) Water mixing ratio in upper atmosphere []: 0.000000 
(HDiffFlux) The Hydrogen Diffusion Flux (m^-2 s^-1) [m^-2 s^-1]: 2.411483e+17 
(HRefODragMod) Multiply by H ref flux to get flux with drag []: 1.000000 
(KTide) Mass loss enhancement due to stellar gravity []: 0.774311 
(CumulativeXUVFlux) Cumulative XUV flux [W/m^2]: 3.527523e+18 
(RunawayGreenhouseFlux) Incident flux that triggers runaway greenhouse [kg/sec^3]: 1295.129949 
(RGDuration) Runaway Greenhouse Duration [years]: 0.00000e+00

Output Order: Time[year] CumulativeXUVFlux[W/m^2]
Grid Output Order:
