-------- Log file gj1132.log -------

Executable: /home/vplanet/.local/bin/vplanet
Version: Unknown
System Name: gj1132
Primary Input File: vpl.in
Body File #1: star.in
Body File #2: b.in
Allow files to be overwitten: Yes
Mass Units: Grams
Length Units: Meters
Time Units: Seconds
Angle Units: Radians

------- FORMATTING -----
Verbosity Level: 5
Crossover Decade for Scientific Notation: 4
Number of Digits After Decimal: 6
Integration Method: Runge-Kutta4
Direction: Forward
Time Step: 3.155760e+07
Stop Time: 2.115610e+17
Output Interval: 3.155760e+13
Use Variable Timestep: Yes
dEta: 0.010000
Minimum Value of ecc and obl: 1.000000e-10


---- INITIAL SYSTEM PROPERTIES ----
(Age) System Age [sec]: 1.482461e+14 
(Time) Simulation Time [sec]: 0.000000 
(TotAngMom) Total Angular Momentum [kg*m^2/sec]: 1.645947e+42 
(TotEnergy) Total System Energy [kg*m^2/sec^2]: -1.120611e+40 
(PotEnergy) Body's non-orbital Potential Energy [kg*m^2/sec^2]: -1.126581e+40 
(KinEnergy) Body's non-orbital Kinetic Energy [kg*m^2/sec^2]: 5.975916e+37 
(DeltaTime) Average Timestep Over Last Output Interval [sec]: 0.000000 

----- BODY: star ----
Active Modules: FLARE STELLAR
Module Bit Sum: 577
Color: 000000
(Mass) Mass [kg]: 3.864851e+29 
(Radius) Radius [m]: 5.309563e+08 
(RadGyra) Radius of Gyration/Moment of Inertia Constant []: 0.455434 
(RotAngMom) Rotational Angular Momentum [kg*m^2/sec]: 1.643495e+42 
(RotVel) Rotational Velocity [m/sec]: 3.861223e+04 
(BodyType) Type of Body (0 == planet) []: 0.000000 
(RotRate) Rotational Frequency [/sec]: 7.272205e-05 
(RotPer) Rotational Period [sec]: 8.640000e+04 
(Density) Average Density [kg/m^3]: 616.407328 
(HZLimitDryRunaway) Semi-major axis of Dry Runaway HZ Limit [m]: 3.179535e+10 
(HZLimRecVenus) Recent Venus HZ Limit [m]: 2.849142e+10 
(HZLimRunaway) Runaway Greenhouse HZ Limit [m]: 3.757198e+10 
(HZLimMoistGreenhouse) Moist Greenhouse HZ Limit [m]: 3.769884e+10 
(HZLimMaxGreenhouse) Maximum Greenhouse HZ Limit [m]: 7.168059e+10 
(HZLimEarlyMars) Early Mars HZ Limit [m]: 7.817539e+10 
(Instellation) Orbit-averaged INcident STELLar radiATION [kg/sec^3]: -1.000000 
(CriticalSemiMajorAxis) Holman & Wiegert (1999) P-type Critical Semi-major Axis [m]: -1.000000 
(LXUVTot) Total XUV Luminosity [LSUN]: 1.504283e-05 
(LostEnergy) Body's Total Lost Energy [kg*m^2/sec^2]: 5.562685e-309 
(LostAngMom) Lost Angular Momentum due to Magnetic Braking [kg*m^2/sec]: 5.562685e-309 
(EscapeVelocity) Escape Velocity [m/sec]: 3.117125e+05 
----- STELLAR PARAMETERS (star)------
(Luminosity) Luminosity [LSUN]: 0.054832 
(LXUVStellar) Base X-ray/XUV Luminosity [LSUN]: 1.422933e-05 
(Temperature) Effective Temperature [K]: 3198.088264 
(LXUVFrac) Fraction of luminosity in XUV []: 0.000260 
(RossbyNumber) Rossby Number []: 0.016371 
(DRotPerDtStellar) Time Rate of Change of Rotation Period in STELLAR []: -1.308738e-10 
(WindTorque) Stellar Wind Torque []: 5.782388e+27 
----- FLARE PARAMETERS (star)------
(LXUVFlare) XUV Luminosity from flares [LSUN]: 8.135047e-07 
(FlareFreq1) First value of flare frequency range [/sec]: 3.190934e-05 
(FlareFreq2) Second value of flare frequency range [/sec]: 2.767929e-05 
(FlareFreq3) Third value of flare frequency range [/sec]: 2.400999e-05 
(FlareFreq4) Fourth value of flare frequency range [/sec]: 2.082711e-05 
(FlareFreqMin) Frequency of the flares with the lowest energy [/sec]: 3.190934e-05 
(FlareFreqMid) Frequency of the flares with the middle energy in the energy range [/sec]: 7.696408e-06 
(FlareFreqMax) Frequency of the flares with the highest energy [/sec]: 1.856343e-06 
(FlareEnergy1) First value of flare energy range [kg*m^2/sec^2]: 5.334000e+23 
(FlareEnergy2) Second value of flare energy range [kg*m^2/sec^2]: 6.715108e+23 
(FlareEnergy3) Third value of flare energy range [kg*m^2/sec^2]: 8.453820e+23 
(FlareEnergy4) Fourth value of flare energy range [kg*m^2/sec^2]: 1.064273e+24 
(FlareEnergyMin) Minimum flare energy [kg*m^2/sec^2]: 5.334000e+23 
(FlareEnergyMid) Middle flare energy in the range of energy values [kg*m^2/sec^2]: 5.334000e+24 
(FlareEnergyMax) Maximum flare energy [kg*m^2/sec^2]: 5.334000e+25 
(FlareYIntOUT) Instantaneous Davenport FFD y-intercept at current age and mass []: 19.418374 
(FlareSlopeOUT) Instantaneous Davenport FFD slope at current age and mass []: -0.617630 

Output Order: Time[year] Luminosity[LSUN] LXUVStellar[LSUN] LXUVFlare[LSUN] LXUVTot[LSUN]
Grid Output Order:

----- BODY: b ----
Active Modules: AtmEsc
Module Bit Sum: 9
Color: 000000
(Mass) Mass [kg]: 9.966116e+24 
(Radius) Radius [m]: 7.167890e+06 
(RadGyra) Radius of Gyration/Moment of Inertia Constant []: 0.500000 
(BodyType) Type of Body (0 == planet) []: 0.000000 
(Density) Average Density [kg/m^3]: 6460.457646 
(HZLimitDryRunaway) Semi-major axis of Dry Runaway HZ Limit [m]: 3.179611e+10 
(HZLimRecVenus) Recent Venus HZ Limit [m]: 2.849142e+10 
(HZLimRunaway) Runaway Greenhouse HZ Limit [m]: 3.757198e+10 
(HZLimMoistGreenhouse) Moist Greenhouse HZ Limit [m]: 3.769884e+10 
(HZLimMaxGreenhouse) Maximum Greenhouse HZ Limit [m]: 7.168059e+10 
(HZLimEarlyMars) Early Mars HZ Limit [m]: 7.817539e+10 
(Instellation) Orbit-averaged INcident STELLar radiATION [kg/sec^3]: 3.044465e+05 
(MeanMotion) Orbital Mean Motion [/sec]: 4.464504e-05 
(OrbPeriod) Orbital Period [sec]: 1.407365e+05 
(SemiMajorAxis) Semi-major Axis [m]: 2.347834e+09 
(LXUVTot) Total XUV Luminosity [kg/sec^3]: -1.000000 
(EscapeVelocity) Escape Velocity [m/sec]: 1.362337e+04 
----- ATMESC PARAMETERS (b)------
(SurfWaterMass) Surface water mass [kg]: 0.000000 
(EnvelopeMass) Envelope mass [kg]: 0.000000 
(OxygenMass) Oxygen mass in the atmosphere [kg]: 0.000000 
(RGLimit) Runaway greenhouse semi-major axis [m]: 3.600634e+10 
(XO) Atomic oxygen mixing ratio in upper atmosphere []: 0.000000 
(EtaO) Oxygen eta parameter (Luger and Barnes 2015) []: 0.000000 
(PlanetRadius) Planet radius [m]: 7.167890e+06 
(OxygenMantleMass) Mass of oxygen in mantle [kg]: 0.000000 
(RadXUV) XUV radius separating hydro. dyn. escape and equilibrium [m]: -1.000000 
(RadSolid) Radius to the solid surface [m]: -1.000000 
(PresXUV) Pressure at base of thermosphere [(null)]: 5.000000 
(ScaleHeight) Scale height in Lehmer & Catling (2016) model [m]: -1.000000 
(ThermTemp) Isothermal atmospheric temperature [K]: 400.000000 
(AtmGasConst) Atmospheric gas constant [(null)]: 4124.000000 
(PresSurf) Surface pressure due to atmosphere [Pa]: -1.000000 
(DEnvMassDt) Envelope Mass Loss Rate [kg/s]: 0.000000 
(FXUV) XUV flux [W/m^2]: 83.522742 
(AtmXAbsEffH2O) XUV atmospheric escape efficiency for H2O []: 0.300000 
(RocheRadius) Roche Lobe Radius [m]: 4.809405e+07 
(BondiRadius) Bondi Radius [m]: 3.294525e+08 
(HEscapeRegime) Integer flag for H envelope escape regime []: 8.000000 
(RRCriticalFlux) Critical XUV Flux that separates RR and energy-limited escape [W/m^2]: 63.795527 
(CrossoverMass) Crossover mass, defines oxygen is escaping if mc > mo [kg]: 0.000000 
(WaterEscapeRegime) What water escape regime the code is currently in []: 8.000000 
(FXUVCRITDRAG) Critical Drag XUV flux [W/m^2]: 0.522583 
(HREFFLUX) The Hydrogen Reference Flux (m^-2 s^-1) [m^-2 s^-1]: 5.224495e+19 
(XO2) Molecular oxygen mixing ratio in atmosphere []: 0.000000 
(XH2O) Water mixing ratio in upper atmosphere []: 0.000000 
(HDiffFlux) The Hydrogen Diffusion Flux (m^-2 s^-1) [m^-2 s^-1]: 2.506866e+17 
(HRefODragMod) Multiply by H ref flux to get flux with drag []: 1.000000 
(KTide) Mass loss enhancement due to stellar gravity []: 0.778097 
(CumulativeXUVFlux) Cumulative XUV flux [W/m^2]: 0.000000 
(RunawayGreenhouseFlux) Incident flux that triggers runaway greenhouse [kg/sec^3]: 1294.395430 
(RGDuration) Runaway Greenhouse Duration [years]: 0.00000e+00

Output Order: Time[year] CumulativeXUVFlux[W/m^2]
Grid Output Order:



---- FINAL SYSTEM PROPERTIES ----
(Age) System Age [sec]: 2.117100e+17 
(Time) Simulation Time [sec]: 2.115617e+17 
(TotAngMom) Total Angular Momentum [kg*m^2/sec]: 1.648104e+42 
(TotEnergy) Total System Energy [kg*m^2/sec^2]: -1.119948e+40 
(PotEnergy) Body's non-orbital Potential Energy [kg*m^2/sec^2]: -4.104719e+40 
(KinEnergy) Body's non-orbital Kinetic Energy [kg*m^2/sec^2]: 6.539537e+32 
(DeltaTime) Average Timestep Over Last Output Interval [sec]: 9.562909e+11 

----- BODY: star ----
Active Modules: FLARE STELLAR
Module Bit Sum: 577
Color: 000000
(Mass) Mass [kg]: 3.864851e+29 
(Radius) Radius [m]: 1.457263e+08 
(RadGyra) Radius of Gyration/Moment of Inertia Constant []: 0.460400 
(RotAngMom) Rotational Angular Momentum [kg*m^2/sec]: 1.508440e+39 
(RotVel) Rotational Velocity [m/sec]: 126.353345 
(BodyType) Type of Body (0 == planet) []: 0.000000 
(RotRate) Rotational Frequency [/sec]: 8.670595e-07 
(RotPer) Rotational Period [sec]: 7.246544e+06 
(Density) Average Density [kg/m^3]: 2.981472e+04 
(HZLimitDryRunaway) Semi-major axis of Dry Runaway HZ Limit [m]: 9.026979e+09 
(HZLimRecVenus) Recent Venus HZ Limit [m]: 8.081660e+09 
(HZLimRunaway) Runaway Greenhouse HZ Limit [m]: 1.066184e+10 
(HZLimMoistGreenhouse) Moist Greenhouse HZ Limit [m]: 1.069336e+10 
(HZLimMaxGreenhouse) Maximum Greenhouse HZ Limit [m]: 2.029621e+10 
(HZLimEarlyMars) Early Mars HZ Limit [m]: 2.213527e+10 
(Instellation) Orbit-averaged INcident STELLar radiATION [kg/sec^3]: -1.000000 
(CriticalSemiMajorAxis) Holman & Wiegert (1999) P-type Critical Semi-major Axis [m]: -1.000000 
(LXUVTot) Total XUV Luminosity [LSUN]: 5.763069e-07 
(LostEnergy) Body's Total Lost Energy [kg*m^2/sec^2]: 2.984776e+40 
(LostAngMom) Lost Angular Momentum due to Magnetic Braking [kg*m^2/sec]: 1.644143e+42 
(EscapeVelocity) Escape Velocity [m/sec]: 5.949969e+05 
----- STELLAR PARAMETERS (star)------
(Luminosity) Luminosity [LSUN]: 0.004420 
(LXUVStellar) Base X-ray/XUV Luminosity [LSUN]: 1.927475e-07 
(Temperature) Effective Temperature [K]: 3244.777628 
(LXUVFrac) Fraction of luminosity in XUV []: 4.361091e-05 
(RossbyNumber) Rossby Number []: 1.406307 
(DRotPerDtStellar) Time Rate of Change of Rotation Period in STELLAR []: 1.712314e-11 
(WindTorque) Stellar Wind Torque []: 3.594360e+21 
----- FLARE PARAMETERS (star)------
(LXUVFlare) XUV Luminosity from flares [LSUN]: 3.835593e-07 
(FlareFreq1) First value of flare frequency range [/sec]: 8.311671e-05 
(FlareFreq2) Second value of flare frequency range [/sec]: 6.475749e-05 
(FlareFreq3) Third value of flare frequency range [/sec]: 5.045355e-05 
(FlareFreq4) Fourth value of flare frequency range [/sec]: 3.930913e-05 
(FlareFreqMin) Frequency of the flares with the lowest energy [/sec]: 8.311671e-05 
(FlareFreqMid) Frequency of the flares with the middle energy in the energy range [/sec]: 6.850231e-06 
(FlareFreqMax) Frequency of the flares with the highest energy [/sec]: 5.645756e-07 
(FlareEnergy1) First value of flare energy range [kg*m^2/sec^2]: 5.334000e+23 
(FlareEnergy2) Second value of flare energy range [kg*m^2/sec^2]: 6.715108e+23 
(FlareEnergy3) Third value of flare energy range [kg*m^2/sec^2]: 8.453820e+23 
(FlareEnergy4) Fourth value of flare energy range [kg*m^2/sec^2]: 1.064273e+24 
(FlareEnergyMin) Minimum flare energy [kg*m^2/sec^2]: 5.334000e+23 
(FlareEnergyMid) Middle flare energy in the range of energy values [kg*m^2/sec^2]: 5.334000e+24 
(FlareEnergyMax) Maximum flare energy [kg*m^2/sec^2]: 5.334000e+25 
(FlareYIntOUT) Instantaneous Davenport FFD y-intercept at current age and mass []: 34.163809 
(FlareSlopeOUT) Instantaneous Davenport FFD slope at current age and mass []: -1.083983 

Output Order: Time[year] Luminosity[LSUN] LXUVStellar[LSUN] LXUVFlare[LSUN] LXUVTot[LSUN]
Grid Output Order:

----- BODY: b ----
Active Modules: AtmEsc
Module Bit Sum: 9
Color: 000000
(Mass) Mass [kg]: 9.966116e+24 
(Radius) Radius [m]: 7.167890e+06 
(RadGyra) Radius of Gyration/Moment of Inertia Constant []: 0.500000 
(BodyType) Type of Body (0 == planet) []: 0.000000 
(Density) Average Density [kg/m^3]: 6460.457646 
(HZLimitDryRunaway) Semi-major axis of Dry Runaway HZ Limit [m]: 9.027195e+09 
(HZLimRecVenus) Recent Venus HZ Limit [m]: 8.081660e+09 
(HZLimRunaway) Runaway Greenhouse HZ Limit [m]: 1.066184e+10 
(HZLimMoistGreenhouse) Moist Greenhouse HZ Limit [m]: 1.069336e+10 
(HZLimMaxGreenhouse) Maximum Greenhouse HZ Limit [m]: 2.029621e+10 
(HZLimEarlyMars) Early Mars HZ Limit [m]: 2.213527e+10 
(Instellation) Orbit-averaged INcident STELLar radiATION [kg/sec^3]: 2.453966e+04 
(MeanMotion) Orbital Mean Motion [/sec]: 4.464504e-05 
(OrbPeriod) Orbital Period [sec]: 1.407365e+05 
(SemiMajorAxis) Semi-major Axis [m]: 2.347834e+09 
(LXUVTot) Total XUV Luminosity [kg/sec^3]: -1.000000 
(EscapeVelocity) Escape Velocity [m/sec]: 1.362337e+04 
----- ATMESC PARAMETERS (b)------
(SurfWaterMass) Surface water mass [kg]: 0.000000 
(EnvelopeMass) Envelope mass [kg]: 0.000000 
(OxygenMass) Oxygen mass in the atmosphere [kg]: 0.000000 
(RGLimit) Runaway greenhouse semi-major axis [m]: 1.021774e+10 
(XO) Atomic oxygen mixing ratio in upper atmosphere []: 0.000000 
(EtaO) Oxygen eta parameter (Luger and Barnes 2015) []: 0.000000 
(PlanetRadius) Planet radius [m]: 7.167890e+06 
(OxygenMantleMass) Mass of oxygen in mantle [kg]: 0.000000 
(RadXUV) XUV radius separating hydro. dyn. escape and equilibrium [m]: -1.000000 
(RadSolid) Radius to the solid surface [m]: -1.000000 
(PresXUV) Pressure at base of thermosphere [(null)]: 5.000000 
(ScaleHeight) Scale height in Lehmer & Catling (2016) model [m]: -1.000000 
(ThermTemp) Isothermal atmospheric temperature [K]: 400.000000 
(AtmGasConst) Atmospheric gas constant [(null)]: 4124.000000 
(PresSurf) Surface pressure due to atmosphere [Pa]: -1.000000 
(DEnvMassDt) Envelope Mass Loss Rate [kg/s]: 0.000000 
(FXUV) XUV flux [W/m^2]: 3.199845 
(AtmXAbsEffH2O) XUV atmospheric escape efficiency for H2O []: 0.300000 
(RocheRadius) Roche Lobe Radius [m]: 4.809405e+07 
(BondiRadius) Bondi Radius [m]: 6.198104e+08 
(HEscapeRegime) Integer flag for H envelope escape regime []: 8.000000 
(RRCriticalFlux) Critical XUV Flux that separates RR and energy-limited escape [W/m^2]: 63.795527 
(CrossoverMass) Crossover mass, defines oxygen is escaping if mc > mo [kg]: 0.000000 
(WaterEscapeRegime) What water escape regime the code is currently in []: 8.000000 
(FXUVCRITDRAG) Critical Drag XUV flux [W/m^2]: 0.522583 
(HREFFLUX) The Hydrogen Reference Flux (m^-2 s^-1) [m^-2 s^-1]: 2.001560e+18 
(XO2) Molecular oxygen mixing ratio in atmosphere []: 0.000000 
(XH2O) Water mixing ratio in upper atmosphere []: 0.000000 
(HDiffFlux) The Hydrogen Diffusion Flux (m^-2 s^-1) [m^-2 s^-1]: 2.506866e+17 
(HRefODragMod) Multiply by H ref flux to get flux with drag []: 1.000000 
(KTide) Mass loss enhancement due to stellar gravity []: 0.778097 
(CumulativeXUVFlux) Cumulative XUV flux [W/m^2]: 1.165546e+18 
(RunawayGreenhouseFlux) Incident flux that triggers runaway greenhouse [kg/sec^3]: 1295.606296 
(RGDuration) Runaway Greenhouse Duration [years]: 0.00000e+00

Output Order: Time[year] CumulativeXUVFlux[W/m^2]
Grid Output Order:
