-------- Log file gj1132.log -------

Executable: /home/vplanet/.local/bin/vplanet
Version: Unknown
System Name: gj1132
Primary Input File: vpl.in
Body File #1: star.in
Body File #2: b.in
Allow files to be overwitten: Yes
Mass Units: Grams
Length Units: Meters
Time Units: Seconds
Angle Units: Radians

------- FORMATTING -----
Verbosity Level: 5
Crossover Decade for Scientific Notation: 4
Number of Digits After Decimal: 6
Integration Method: Runge-Kutta4
Direction: Forward
Time Step: 3.155760e+07
Stop Time: 2.467023e+17
Output Interval: 3.155760e+13
Use Variable Timestep: Yes
dEta: 0.010000
Minimum Value of ecc and obl: 1.000000e-10


---- INITIAL SYSTEM PROPERTIES ----
(Age) System Age [sec]: 1.150986e+14 
(Time) Simulation Time [sec]: 0.000000 
(TotAngMom) Total Angular Momentum [kg*m^2/sec]: 1.993797e+42 
(TotEnergy) Total System Energy [kg*m^2/sec^2]: -1.021186e+40 
(PotEnergy) Body's non-orbital Potential Energy [kg*m^2/sec^2]: -1.028422e+40 
(KinEnergy) Body's non-orbital Kinetic Energy [kg*m^2/sec^2]: 7.240913e+37 
(DeltaTime) Average Timestep Over Last Output Interval [sec]: 0.000000 

----- BODY: star ----
Active Modules: FLARE STELLAR
Module Bit Sum: 577
Color: 000000
(Mass) Mass [kg]: 3.877085e+29 
(Radius) Radius [m]: 5.853222e+08 
(RadGyra) Radius of Gyration/Moment of Inertia Constant []: 0.454044 
(RotAngMom) Rotational Angular Momentum [kg*m^2/sec]: 1.991394e+42 
(RotVel) Rotational Velocity [m/sec]: 4.256583e+04 
(BodyType) Type of Body (0 == planet) []: 0.000000 
(RotRate) Rotational Frequency [/sec]: 7.272205e-05 
(RotPer) Rotational Period [sec]: 8.640000e+04 
(Density) Average Density [kg/m^3]: 461.563782 
(HZLimitDryRunaway) Semi-major axis of Dry Runaway HZ Limit [m]: 3.473161e+10 
(HZLimRecVenus) Recent Venus HZ Limit [m]: 3.113165e+10 
(HZLimRunaway) Runaway Greenhouse HZ Limit [m]: 4.104810e+10 
(HZLimMoistGreenhouse) Moist Greenhouse HZ Limit [m]: 4.119230e+10 
(HZLimMaxGreenhouse) Maximum Greenhouse HZ Limit [m]: 7.836864e+10 
(HZLimEarlyMars) Early Mars HZ Limit [m]: 8.546936e+10 
(Instellation) Orbit-averaged INcident STELLar radiATION [kg/sec^3]: -1.000000 
(CriticalSemiMajorAxis) Holman & Wiegert (1999) P-type Critical Semi-major Axis [m]: -1.000000 
(LXUVTot) Total XUV Luminosity [LSUN]: 6.601409e-05 
(LostEnergy) Body's Total Lost Energy [kg*m^2/sec^2]: 5.562685e-309 
(LostAngMom) Lost Angular Momentum due to Magnetic Braking [kg*m^2/sec]: 5.562685e-309 
(EscapeVelocity) Escape Velocity [m/sec]: 2.973530e+05 
----- STELLAR PARAMETERS (star)------
(Luminosity) Luminosity [LSUN]: 0.065427 
(LXUVStellar) Base X-ray/XUV Luminosity [LSUN]: 5.172857e-05 
(Temperature) Effective Temperature [K]: 3182.775462 
(LXUVFrac) Fraction of luminosity in XUV []: 0.000791 
(RossbyNumber) Rossby Number []: 0.016243 
(DRotPerDtStellar) Time Rate of Change of Rotation Period in STELLAR []: -1.337833e-10 
(WindTorque) Stellar Wind Torque []: 9.704769e+27 
----- FLARE PARAMETERS (star)------
(LXUVFlare) XUV Luminosity from flares [LSUN]: 1.428553e-05 
(FlareFreq1) First value of flare frequency range [/sec]: 1.946715e-06 
(FlareFreq2) Second value of flare frequency range [/sec]: 1.581429e-06 
(FlareFreq3) Third value of flare frequency range [/sec]: 1.284687e-06 
(FlareFreq4) Fourth value of flare frequency range [/sec]: 1.043625e-06 
(FlareFreqMin) Frequency of the flares with the lowest energy [/sec]: 1.946715e-06 
(FlareFreqMid) Frequency of the flares with the middle energy in the energy range [/sec]: 2.436555e-07 
(FlareFreqMax) Frequency of the flares with the highest energy [/sec]: 3.049650e-08 
(FlareEnergy1) First value of flare energy range [kg*m^2/sec^2]: 5.334000e+25 
(FlareEnergy2) Second value of flare energy range [kg*m^2/sec^2]: 7.534475e+25 
(FlareEnergy3) Third value of flare energy range [kg*m^2/sec^2]: 1.064273e+26 
(FlareEnergy4) Fourth value of flare energy range [kg*m^2/sec^2]: 1.503325e+26 
(FlareEnergyMin) Minimum flare energy [kg*m^2/sec^2]: 5.334000e+25 
(FlareEnergyMid) Middle flare energy in the range of energy values [kg*m^2/sec^2]: 1.686759e+27 
(FlareEnergyMax) Maximum flare energy [kg*m^2/sec^2]: 5.334000e+28 
(FlareYIntOUT) Instantaneous Davenport FFD y-intercept at current age and mass []: 18.917164 
(FlareSlopeOUT) Instantaneous Davenport FFD slope at current age and mass []: -0.601684 

Output Order: Time[year] Luminosity[LSUN] LXUVStellar[LSUN] LXUVFlare[LSUN] LXUVTot[LSUN]
Grid Output Order:

----- BODY: b ----
Active Modules: AtmEsc
Module Bit Sum: 9
Color: 000000
(Mass) Mass [kg]: 9.745429e+24 
(Radius) Radius [m]: 7.249340e+06 
(RadGyra) Radius of Gyration/Moment of Inertia Constant []: 0.500000 
(BodyType) Type of Body (0 == planet) []: 0.000000 
(Density) Average Density [kg/m^3]: 6106.844942 
(HZLimitDryRunaway) Semi-major axis of Dry Runaway HZ Limit [m]: 3.473170e+10 
(HZLimRecVenus) Recent Venus HZ Limit [m]: 3.113165e+10 
(HZLimRunaway) Runaway Greenhouse HZ Limit [m]: 4.104810e+10 
(HZLimMoistGreenhouse) Moist Greenhouse HZ Limit [m]: 4.119230e+10 
(HZLimMaxGreenhouse) Maximum Greenhouse HZ Limit [m]: 7.836864e+10 
(HZLimEarlyMars) Early Mars HZ Limit [m]: 8.546936e+10 
(Instellation) Orbit-averaged INcident STELLar radiATION [kg/sec^3]: 3.624879e+05 
(MeanMotion) Orbital Mean Motion [/sec]: 4.464380e-05 
(OrbPeriod) Orbital Period [sec]: 1.407404e+05 
(SemiMajorAxis) Semi-major Axis [m]: 2.350351e+09 
(LXUVTot) Total XUV Luminosity [kg/sec^3]: -1.000000 
(EscapeVelocity) Escape Velocity [m/sec]: 1.339579e+04 
----- ATMESC PARAMETERS (b)------
(SurfWaterMass) Surface water mass [kg]: 0.000000 
(EnvelopeMass) Envelope mass [kg]: 0.000000 
(OxygenMass) Oxygen mass in the atmosphere [kg]: 0.000000 
(RGLimit) Runaway greenhouse semi-major axis [m]: 3.935821e+10 
(XO) Atomic oxygen mixing ratio in upper atmosphere []: 0.000000 
(EtaO) Oxygen eta parameter (Luger and Barnes 2015) []: 0.000000 
(PlanetRadius) Planet radius [m]: 7.249340e+06 
(OxygenMantleMass) Mass of oxygen in mantle [kg]: 0.000000 
(RadXUV) XUV radius separating hydro. dyn. escape and equilibrium [m]: -1.000000 
(RadSolid) Radius to the solid surface [m]: -1.000000 
(PresXUV) Pressure at base of thermosphere [(null)]: 5.000000 
(ScaleHeight) Scale height in Lehmer & Catling (2016) model [m]: -1.000000 
(ThermTemp) Isothermal atmospheric temperature [K]: 400.000000 
(AtmGasConst) Atmospheric gas constant [(null)]: 4124.000000 
(PresSurf) Surface pressure due to atmosphere [Pa]: -1.000000 
(DEnvMassDt) Envelope Mass Loss Rate [kg/s]: 0.000000 
(FXUV) XUV flux [W/m^2]: 365.739293 
(AtmXAbsEffH2O) XUV atmospheric escape efficiency for H2O []: 0.300000 
(RocheRadius) Roche Lobe Radius [m]: 4.773727e+07 
(BondiRadius) Bondi Radius [m]: 3.081424e+08 
(HEscapeRegime) Integer flag for H envelope escape regime []: 8.000000 
(RRCriticalFlux) Critical XUV Flux that separates RR and energy-limited escape [W/m^2]: 58.343344 
(CrossoverMass) Crossover mass, defines oxygen is escaping if mc > mo [kg]: 0.000000 
(WaterEscapeRegime) What water escape regime the code is currently in []: 8.000000 
(FXUVCRITDRAG) Critical Drag XUV flux [W/m^2]: 0.483041 
(HREFFLUX) The Hydrogen Reference Flux (m^-2 s^-1) [m^-2 s^-1]: 2.378796e+20 
(XO2) Molecular oxygen mixing ratio in atmosphere []: 0.000000 
(XH2O) Water mixing ratio in upper atmosphere []: 0.000000 
(HDiffFlux) The Hydrogen Diffusion Flux (m^-2 s^-1) [m^-2 s^-1]: 2.396579e+17 
(HRefODragMod) Multiply by H ref flux to get flux with drag []: 1.000000 
(KTide) Mass loss enhancement due to stellar gravity []: 0.773962 
(CumulativeXUVFlux) Cumulative XUV flux [W/m^2]: 0.000000 
(RunawayGreenhouseFlux) Incident flux that triggers runaway greenhouse [kg/sec^3]: 1292.665763 
(RGDuration) Runaway Greenhouse Duration [years]: 0.00000e+00

Output Order: Time[year] CumulativeXUVFlux[W/m^2]
Grid Output Order:



---- FINAL SYSTEM PROPERTIES ----
(Age) System Age [sec]: 2.468324e+17 
(Time) Simulation Time [sec]: 2.467173e+17 
(TotAngMom) Total Angular Momentum [kg*m^2/sec]: 1.996443e+42 
(TotEnergy) Total System Energy [kg*m^2/sec^2]: -1.020542e+40 
(PotEnergy) Body's non-orbital Potential Energy [kg*m^2/sec^2]: -4.096267e+40 
(KinEnergy) Body's non-orbital Kinetic Energy [kg*m^2/sec^2]: 5.662760e+32 
(DeltaTime) Average Timestep Over Last Output Interval [sec]: 1.577880e+13 

----- BODY: star ----
Active Modules: FLARE STELLAR
Module Bit Sum: 577
Color: 000000
(Mass) Mass [kg]: 3.877085e+29 
(Radius) Radius [m]: 1.469529e+08 
(RadGyra) Radius of Gyration/Moment of Inertia Constant []: 0.460339 
(RotAngMom) Rotational Angular Momentum [kg*m^2/sec]: 1.417547e+39 
(RotVel) Rotational Velocity [m/sec]: 117.408227 
(BodyType) Type of Body (0 == planet) []: 0.000000 
(RotRate) Rotational Frequency [/sec]: 7.989517e-07 
(RotPer) Rotational Period [sec]: 7.864287e+06 
(Density) Average Density [kg/m^3]: 2.916639e+04 
(HZLimitDryRunaway) Semi-major axis of Dry Runaway HZ Limit [m]: 9.089863e+09 
(HZLimRecVenus) Recent Venus HZ Limit [m]: 8.137535e+09 
(HZLimRunaway) Runaway Greenhouse HZ Limit [m]: 1.073581e+10 
(HZLimMoistGreenhouse) Moist Greenhouse HZ Limit [m]: 1.076729e+10 
(HZLimMaxGreenhouse) Maximum Greenhouse HZ Limit [m]: 2.043446e+10 
(HZLimEarlyMars) Early Mars HZ Limit [m]: 2.228605e+10 
(Instellation) Orbit-averaged INcident STELLar radiATION [kg/sec^3]: -1.000000 
(CriticalSemiMajorAxis) Holman & Wiegert (1999) P-type Critical Semi-major Axis [m]: -1.000000 
(LXUVTot) Total XUV Luminosity [LSUN]: 5.010726e-07 
(LostEnergy) Body's Total Lost Energy [kg*m^2/sec^2]: 3.075730e+40 
(LostAngMom) Lost Angular Momentum due to Magnetic Braking [kg*m^2/sec]: 1.992622e+42 
(EscapeVelocity) Escape Velocity [m/sec]: 5.934455e+05 
----- STELLAR PARAMETERS (star)------
(Luminosity) Luminosity [LSUN]: 0.004481 
(LXUVStellar) Base X-ray/XUV Luminosity [LSUN]: 1.566301e-07 
(Temperature) Effective Temperature [K]: 3247.433323 
(LXUVFrac) Fraction of luminosity in XUV []: 3.495038e-05 
(RossbyNumber) Rossby Number []: 1.528267 
(DRotPerDtStellar) Time Rate of Change of Rotation Period in STELLAR []: 1.314555e-11 
(WindTorque) Stellar Wind Torque []: 2.491603e+21 
----- FLARE PARAMETERS (star)------
(LXUVFlare) XUV Luminosity from flares [LSUN]: 3.444237e-07 
(FlareFreq1) First value of flare frequency range [/sec]: 5.597148e-07 
(FlareFreq2) Second value of flare frequency range [/sec]: 3.834860e-07 
(FlareFreq3) Third value of flare frequency range [/sec]: 2.627437e-07 
(FlareFreq4) Fourth value of flare frequency range [/sec]: 1.800177e-07 
(FlareFreqMin) Frequency of the flares with the lowest energy [/sec]: 5.597148e-07 
(FlareFreqMid) Frequency of the flares with the middle energy in the energy range [/sec]: 1.275835e-08 
(FlareFreqMax) Frequency of the flares with the highest energy [/sec]: 2.908186e-10 
(FlareEnergy1) First value of flare energy range [kg*m^2/sec^2]: 5.334000e+25 
(FlareEnergy2) Second value of flare energy range [kg*m^2/sec^2]: 7.534475e+25 
(FlareEnergy3) Third value of flare energy range [kg*m^2/sec^2]: 1.064273e+26 
(FlareEnergy4) Fourth value of flare energy range [kg*m^2/sec^2]: 1.503325e+26 
(FlareEnergyMin) Minimum flare energy [kg*m^2/sec^2]: 5.334000e+25 
(FlareEnergyMid) Middle flare energy in the range of energy values [kg*m^2/sec^2]: 1.686759e+27 
(FlareEnergyMax) Maximum flare energy [kg*m^2/sec^2]: 5.334000e+28 
(FlareYIntOUT) Instantaneous Davenport FFD y-intercept at current age and mass []: 34.513454 
(FlareSlopeOUT) Instantaneous Davenport FFD slope at current age and mass []: -1.094782 

Output Order: Time[year] Luminosity[LSUN] LXUVStellar[LSUN] LXUVFlare[LSUN] LXUVTot[LSUN]
Grid Output Order:

----- BODY: b ----
Active Modules: AtmEsc
Module Bit Sum: 9
Color: 000000
(Mass) Mass [kg]: 9.745429e+24 
(Radius) Radius [m]: 7.249340e+06 
(RadGyra) Radius of Gyration/Moment of Inertia Constant []: 0.500000 
(BodyType) Type of Body (0 == planet) []: 0.000000 
(Density) Average Density [kg/m^3]: 6106.844942 
(HZLimitDryRunaway) Semi-major axis of Dry Runaway HZ Limit [m]: 9.089886e+09 
(HZLimRecVenus) Recent Venus HZ Limit [m]: 8.137535e+09 
(HZLimRunaway) Runaway Greenhouse HZ Limit [m]: 1.073581e+10 
(HZLimMoistGreenhouse) Moist Greenhouse HZ Limit [m]: 1.076729e+10 
(HZLimMaxGreenhouse) Maximum Greenhouse HZ Limit [m]: 2.043446e+10 
(HZLimEarlyMars) Early Mars HZ Limit [m]: 2.228605e+10 
(Instellation) Orbit-averaged INcident STELLar radiATION [kg/sec^3]: 2.482895e+04 
(MeanMotion) Orbital Mean Motion [/sec]: 4.464380e-05 
(OrbPeriod) Orbital Period [sec]: 1.407404e+05 
(SemiMajorAxis) Semi-major Axis [m]: 2.350351e+09 
(LXUVTot) Total XUV Luminosity [kg/sec^3]: -1.000000 
(EscapeVelocity) Escape Velocity [m/sec]: 1.339579e+04 
----- ATMESC PARAMETERS (b)------
(SurfWaterMass) Surface water mass [kg]: 0.000000 
(EnvelopeMass) Envelope mass [kg]: 0.000000 
(OxygenMass) Oxygen mass in the atmosphere [kg]: 0.000000 
(RGLimit) Runaway greenhouse semi-major axis [m]: 1.029407e+10 
(XO) Atomic oxygen mixing ratio in upper atmosphere []: 0.000000 
(EtaO) Oxygen eta parameter (Luger and Barnes 2015) []: 0.000000 
(PlanetRadius) Planet radius [m]: 7.249340e+06 
(OxygenMantleMass) Mass of oxygen in mantle [kg]: 0.000000 
(RadXUV) XUV radius separating hydro. dyn. escape and equilibrium [m]: -1.000000 
(RadSolid) Radius to the solid surface [m]: -1.000000 
(PresXUV) Pressure at base of thermosphere [(null)]: 5.000000 
(ScaleHeight) Scale height in Lehmer & Catling (2016) model [m]: -1.000000 
(ThermTemp) Isothermal atmospheric temperature [K]: 400.000000 
(AtmGasConst) Atmospheric gas constant [(null)]: 4124.000000 
(PresSurf) Surface pressure due to atmosphere [Pa]: -1.000000 
(DEnvMassDt) Envelope Mass Loss Rate [kg/s]: 0.000000 
(FXUV) XUV flux [W/m^2]: 2.776103 
(AtmXAbsEffH2O) XUV atmospheric escape efficiency for H2O []: 0.300000 
(RocheRadius) Roche Lobe Radius [m]: 4.773727e+07 
(BondiRadius) Bondi Radius [m]: 6.027341e+08 
(HEscapeRegime) Integer flag for H envelope escape regime []: 8.000000 
(RRCriticalFlux) Critical XUV Flux that separates RR and energy-limited escape [W/m^2]: 58.343344 
(CrossoverMass) Crossover mass, defines oxygen is escaping if mc > mo [kg]: 0.000000 
(WaterEscapeRegime) What water escape regime the code is currently in []: 8.000000 
(FXUVCRITDRAG) Critical Drag XUV flux [W/m^2]: 0.483041 
(HREFFLUX) The Hydrogen Reference Flux (m^-2 s^-1) [m^-2 s^-1]: 1.805598e+18 
(XO2) Molecular oxygen mixing ratio in atmosphere []: 0.000000 
(XH2O) Water mixing ratio in upper atmosphere []: 0.000000 
(HDiffFlux) The Hydrogen Diffusion Flux (m^-2 s^-1) [m^-2 s^-1]: 2.396579e+17 
(HRefODragMod) Multiply by H ref flux to get flux with drag []: 1.000000 
(KTide) Mass loss enhancement due to stellar gravity []: 0.773962 
(CumulativeXUVFlux) Cumulative XUV flux [W/m^2]: 2.665430e+18 
(RunawayGreenhouseFlux) Incident flux that triggers runaway greenhouse [kg/sec^3]: 1294.338289 
(RGDuration) Runaway Greenhouse Duration [years]: 0.00000e+00

Output Order: Time[year] CumulativeXUVFlux[W/m^2]
Grid Output Order:
