-------- Log file gj1132.log -------

Executable: /home/vplanet/.local/bin/vplanet
Version: Unknown
System Name: gj1132
Primary Input File: vpl.in
Body File #1: star.in
Body File #2: b.in
Allow files to be overwitten: Yes
Mass Units: Grams
Length Units: Meters
Time Units: Seconds
Angle Units: Radians

------- FORMATTING -----
Verbosity Level: 5
Crossover Decade for Scientific Notation: 4
Number of Digits After Decimal: 6
Integration Method: Runge-Kutta4
Direction: Forward
Time Step: 3.155760e+07
Stop Time: 2.230558e+17
Output Interval: 3.155760e+13
Use Variable Timestep: Yes
dEta: 0.010000
Minimum Value of ecc and obl: 1.000000e-10


---- INITIAL SYSTEM PROPERTIES ----
(Age) System Age [sec]: 1.715253e+14 
(Time) Simulation Time [sec]: 0.000000 
(TotAngMom) Total Angular Momentum [kg*m^2/sec]: 1.586748e+42 
(TotEnergy) Total System Energy [kg*m^2/sec^2]: -1.240207e+40 
(PotEnergy) Body's non-orbital Potential Energy [kg*m^2/sec^2]: -1.245962e+40 
(KinEnergy) Body's non-orbital Kinetic Energy [kg*m^2/sec^2]: 5.760487e+37 
(DeltaTime) Average Timestep Over Last Output Interval [sec]: 0.000000 

----- BODY: star ----
Active Modules: FLARE STELLAR
Module Bit Sum: 577
Color: 000000
(Mass) Mass [kg]: 3.992386e+29 
(Radius) Radius [m]: 5.122903e+08 
(RadGyra) Radius of Gyration/Moment of Inertia Constant []: 0.455980 
(RotAngMom) Rotational Angular Momentum [kg*m^2/sec]: 1.584248e+42 
(RotVel) Rotational Velocity [m/sec]: 3.725480e+04 
(BodyType) Type of Body (0 == planet) []: 0.000000 
(RotRate) Rotational Frequency [/sec]: 7.272205e-05 
(RotPer) Rotational Period [sec]: 8.640000e+04 
(Density) Average Density [kg/m^3]: 708.917135 
(HZLimitDryRunaway) Semi-major axis of Dry Runaway HZ Limit [m]: 3.121170e+10 
(HZLimRecVenus) Recent Venus HZ Limit [m]: 2.795327e+10 
(HZLimRunaway) Runaway Greenhouse HZ Limit [m]: 3.687158e+10 
(HZLimMoistGreenhouse) Moist Greenhouse HZ Limit [m]: 3.698677e+10 
(HZLimMaxGreenhouse) Maximum Greenhouse HZ Limit [m]: 7.025136e+10 
(HZLimEarlyMars) Early Mars HZ Limit [m]: 7.661679e+10 
(Instellation) Orbit-averaged INcident STELLar radiATION [kg/sec^3]: -1.000000 
(CriticalSemiMajorAxis) Holman & Wiegert (1999) P-type Critical Semi-major Axis [m]: -1.000000 
(LXUVTot) Total XUV Luminosity [LSUN]: 0.000462 
(LostEnergy) Body's Total Lost Energy [kg*m^2/sec^2]: 5.562685e-309 
(LostAngMom) Lost Angular Momentum due to Magnetic Braking [kg*m^2/sec]: 5.562685e-309 
(EscapeVelocity) Escape Velocity [m/sec]: 3.225339e+05 
----- STELLAR PARAMETERS (star)------
(Luminosity) Luminosity [LSUN]: 0.052838 
(LXUVStellar) Base X-ray/XUV Luminosity [LSUN]: 0.000450 
(Temperature) Effective Temperature [K]: 3226.221764 
(LXUVFrac) Fraction of luminosity in XUV []: 0.008515 
(RossbyNumber) Rossby Number []: 0.016609 
(DRotPerDtStellar) Time Rate of Change of Rotation Period in STELLAR []: -1.146758e-10 
(WindTorque) Stellar Wind Torque []: 4.675341e+27 
----- FLARE PARAMETERS (star)------
(LXUVFlare) XUV Luminosity from flares [LSUN]: 1.188750e-05 
(FlareFreq1) First value of flare frequency range [/sec]: 1.837463e-06 
(FlareFreq2) Second value of flare frequency range [/sec]: 1.481474e-06 
(FlareFreq3) Third value of flare frequency range [/sec]: 1.194454e-06 
(FlareFreq4) Fourth value of flare frequency range [/sec]: 9.630415e-07 
(FlareFreqMin) Frequency of the flares with the lowest energy [/sec]: 1.837463e-06 
(FlareFreqMid) Frequency of the flares with the middle energy in the energy range [/sec]: 2.132914e-07 
(FlareFreqMax) Frequency of the flares with the highest energy [/sec]: 2.475871e-08 
(FlareEnergy1) First value of flare energy range [kg*m^2/sec^2]: 5.334000e+25 
(FlareEnergy2) Second value of flare energy range [kg*m^2/sec^2]: 7.534475e+25 
(FlareEnergy3) Third value of flare energy range [kg*m^2/sec^2]: 1.064273e+26 
(FlareEnergy4) Fourth value of flare energy range [kg*m^2/sec^2]: 1.503325e+26 
(FlareEnergyMin) Minimum flare energy [kg*m^2/sec^2]: 5.334000e+25 
(FlareEnergyMid) Middle flare energy in the range of energy values [kg*m^2/sec^2]: 1.686759e+27 
(FlareEnergyMax) Maximum flare energy [kg*m^2/sec^2]: 5.334000e+28 
(FlareYIntOUT) Instantaneous Davenport FFD y-intercept at current age and mass []: 19.605947 
(FlareSlopeOUT) Instantaneous Davenport FFD slope at current age and mass []: -0.623497 

Output Order: Time[year] Luminosity[LSUN] LXUVStellar[LSUN] LXUVFlare[LSUN] LXUVTot[LSUN]
Grid Output Order:

----- BODY: b ----
Active Modules: AtmEsc
Module Bit Sum: 9
Color: 000000
(Mass) Mass [kg]: 9.942895e+24 
(Radius) Radius [m]: 7.156028e+06 
(RadGyra) Radius of Gyration/Moment of Inertia Constant []: 0.500000 
(BodyType) Type of Body (0 == planet) []: 0.000000 
(Density) Average Density [kg/m^3]: 6477.512104 
(HZLimitDryRunaway) Semi-major axis of Dry Runaway HZ Limit [m]: 3.121325e+10 
(HZLimRecVenus) Recent Venus HZ Limit [m]: 2.795327e+10 
(HZLimRunaway) Runaway Greenhouse HZ Limit [m]: 3.687158e+10 
(HZLimMoistGreenhouse) Moist Greenhouse HZ Limit [m]: 3.698677e+10 
(HZLimMaxGreenhouse) Maximum Greenhouse HZ Limit [m]: 7.025136e+10 
(HZLimEarlyMars) Early Mars HZ Limit [m]: 7.661679e+10 
(Instellation) Orbit-averaged INcident STELLar radiATION [kg/sec^3]: 2.870956e+05 
(MeanMotion) Orbital Mean Motion [/sec]: 4.464476e-05 
(OrbPeriod) Orbital Period [sec]: 1.407374e+05 
(SemiMajorAxis) Semi-major Axis [m]: 2.373389e+09 
(LXUVTot) Total XUV Luminosity [kg/sec^3]: -1.000000 
(EscapeVelocity) Escape Velocity [m/sec]: 1.361876e+04 
----- ATMESC PARAMETERS (b)------
(SurfWaterMass) Surface water mass [kg]: 0.000000 
(EnvelopeMass) Envelope mass [kg]: 0.000000 
(OxygenMass) Oxygen mass in the atmosphere [kg]: 0.000000 
(RGLimit) Runaway greenhouse semi-major axis [m]: 3.533692e+10 
(XO) Atomic oxygen mixing ratio in upper atmosphere []: 0.000000 
(EtaO) Oxygen eta parameter (Luger and Barnes 2015) []: 0.000000 
(PlanetRadius) Planet radius [m]: 7.156028e+06 
(OxygenMantleMass) Mass of oxygen in mantle [kg]: 0.000000 
(RadXUV) XUV radius separating hydro. dyn. escape and equilibrium [m]: -1.000000 
(RadSolid) Radius to the solid surface [m]: -1.000000 
(PresXUV) Pressure at base of thermosphere [(null)]: 5.000000 
(ScaleHeight) Scale height in Lehmer & Catling (2016) model [m]: -1.000000 
(ThermTemp) Isothermal atmospheric temperature [K]: 400.000000 
(AtmGasConst) Atmospheric gas constant [(null)]: 4124.000000 
(PresSurf) Surface pressure due to atmosphere [Pa]: -1.000000 
(DEnvMassDt) Envelope Mass Loss Rate [kg/s]: 0.000000 
(FXUV) XUV flux [W/m^2]: 2509.174277 
(AtmXAbsEffH2O) XUV atmospheric escape efficiency for H2O []: 0.300000 
(RocheRadius) Roche Lobe Radius [m]: 4.805685e+07 
(BondiRadius) Bondi Radius [m]: 3.299108e+08 
(HEscapeRegime) Integer flag for H envelope escape regime []: 8.000000 
(RRCriticalFlux) Critical XUV Flux that separates RR and energy-limited escape [W/m^2]: 63.846539 
(CrossoverMass) Crossover mass, defines oxygen is escaping if mc > mo [kg]: 0.000000 
(WaterEscapeRegime) What water escape regime the code is currently in []: 8.000000 
(FXUVCRITDRAG) Critical Drag XUV flux [W/m^2]: 0.522742 
(HREFFLUX) The Hydrogen Reference Flux (m^-2 s^-1) [m^-2 s^-1]: 1.570206e+21 
(XO2) Molecular oxygen mixing ratio in atmosphere []: 0.000000 
(XH2O) Water mixing ratio in upper atmosphere []: 0.000000 
(HDiffFlux) The Hydrogen Diffusion Flux (m^-2 s^-1) [m^-2 s^-1]: 2.509324e+17 
(HRefODragMod) Multiply by H ref flux to get flux with drag []: 1.000000 
(KTide) Mass loss enhancement due to stellar gravity []: 0.778290 
(CumulativeXUVFlux) Cumulative XUV flux [W/m^2]: 0.000000 
(RunawayGreenhouseFlux) Incident flux that triggers runaway greenhouse [kg/sec^3]: 1294.982922 
(RGDuration) Runaway Greenhouse Duration [years]: 0.00000e+00

Output Order: Time[year] CumulativeXUVFlux[W/m^2]
Grid Output Order:



---- FINAL SYSTEM PROPERTIES ----
(Age) System Age [sec]: 2.232522e+17 
(Time) Simulation Time [sec]: 2.230807e+17 
(TotAngMom) Total Angular Momentum [kg*m^2/sec]: 1.589360e+42 
(TotEnergy) Total System Energy [kg*m^2/sec^2]: -1.239686e+40 
(PotEnergy) Body's non-orbital Potential Energy [kg*m^2/sec^2]: -4.183726e+40 
(KinEnergy) Body's non-orbital Kinetic Energy [kg*m^2/sec^2]: 6.341012e+32 
(DeltaTime) Average Timestep Over Last Output Interval [sec]: 1.577880e+13 

----- BODY: star ----
Active Modules: FLARE STELLAR
Module Bit Sum: 577
Color: 000000
(Mass) Mass [kg]: 3.992386e+29 
(Radius) Radius [m]: 1.525659e+08 
(RadGyra) Radius of Gyration/Moment of Inertia Constant []: 0.460088 
(RotAngMom) Rotational Angular Momentum [kg*m^2/sec]: 1.579460e+39 
(RotVel) Rotational Velocity [m/sec]: 122.500392 
(BodyType) Type of Body (0 == planet) []: 0.000000 
(RotRate) Rotational Frequency [/sec]: 8.029340e-07 
(RotPer) Rotational Period [sec]: 7.825282e+06 
(Density) Average Density [kg/m^3]: 2.683930e+04 
(HZLimitDryRunaway) Semi-major axis of Dry Runaway HZ Limit [m]: 9.492889e+09 
(HZLimRecVenus) Recent Venus HZ Limit [m]: 8.495587e+09 
(HZLimRunaway) Runaway Greenhouse HZ Limit [m]: 1.120985e+10 
(HZLimMoistGreenhouse) Moist Greenhouse HZ Limit [m]: 1.124105e+10 
(HZLimMaxGreenhouse) Maximum Greenhouse HZ Limit [m]: 2.132017e+10 
(HZLimEarlyMars) Early Mars HZ Limit [m]: 2.325204e+10 
(Instellation) Orbit-averaged INcident STELLar radiATION [kg/sec^3]: -1.000000 
(CriticalSemiMajorAxis) Holman & Wiegert (1999) P-type Critical Semi-major Axis [m]: -1.000000 
(LXUVTot) Total XUV Luminosity [LSUN]: 1.815831e-06 
(LostEnergy) Body's Total Lost Energy [kg*m^2/sec^2]: 2.944046e+40 
(LostAngMom) Lost Angular Momentum due to Magnetic Braking [kg*m^2/sec]: 1.585280e+42 
(EscapeVelocity) Escape Velocity [m/sec]: 5.910234e+05 
----- STELLAR PARAMETERS (star)------
(Luminosity) Luminosity [LSUN]: 0.004888 
(LXUVStellar) Base X-ray/XUV Luminosity [LSUN]: 1.447928e-06 
(Temperature) Effective Temperature [K]: 3263.867459 
(LXUVFrac) Fraction of luminosity in XUV []: 0.000296 
(RossbyNumber) Rossby Number []: 1.533542 
(DRotPerDtStellar) Time Rate of Change of Rotation Period in STELLAR []: 2.062558e-11 
(WindTorque) Stellar Wind Torque []: 3.059253e+21 
----- FLARE PARAMETERS (star)------
(LXUVFlare) XUV Luminosity from flares [LSUN]: 3.678810e-07 
(FlareFreq1) First value of flare frequency range [/sec]: 5.671539e-07 
(FlareFreq2) Second value of flare frequency range [/sec]: 3.902736e-07 
(FlareFreq3) Third value of flare frequency range [/sec]: 2.685576e-07 
(FlareFreq4) Fourth value of flare frequency range [/sec]: 1.848016e-07 
(FlareFreqMin) Frequency of the flares with the lowest energy [/sec]: 5.671539e-07 
(FlareFreqMid) Frequency of the flares with the middle energy in the energy range [/sec]: 1.350154e-08 
(FlareFreqMax) Frequency of the flares with the highest energy [/sec]: 3.214148e-10 
(FlareEnergy1) First value of flare energy range [kg*m^2/sec^2]: 5.334000e+25 
(FlareEnergy2) Second value of flare energy range [kg*m^2/sec^2]: 7.534475e+25 
(FlareEnergy3) Third value of flare energy range [kg*m^2/sec^2]: 1.064273e+26 
(FlareEnergy4) Fourth value of flare energy range [kg*m^2/sec^2]: 1.503325e+26 
(FlareEnergyMin) Minimum flare energy [kg*m^2/sec^2]: 5.334000e+25 
(FlareEnergyMid) Middle flare energy in the range of energy values [kg*m^2/sec^2]: 1.686759e+27 
(FlareEnergyMax) Maximum flare energy [kg*m^2/sec^2]: 5.334000e+28 
(FlareYIntOUT) Instantaneous Davenport FFD y-intercept at current age and mass []: 34.107814 
(FlareSlopeOUT) Instantaneous Davenport FFD slope at current age and mass []: -1.082212 

Output Order: Time[year] Luminosity[LSUN] LXUVStellar[LSUN] LXUVFlare[LSUN] LXUVTot[LSUN]
Grid Output Order:

----- BODY: b ----
Active Modules: AtmEsc
Module Bit Sum: 9
Color: 000000
(Mass) Mass [kg]: 9.942895e+24 
(Radius) Radius [m]: 7.156028e+06 
(RadGyra) Radius of Gyration/Moment of Inertia Constant []: 0.500000 
(BodyType) Type of Body (0 == planet) []: 0.000000 
(Density) Average Density [kg/m^3]: 6477.512104 
(HZLimitDryRunaway) Semi-major axis of Dry Runaway HZ Limit [m]: 9.493360e+09 
(HZLimRecVenus) Recent Venus HZ Limit [m]: 8.495587e+09 
(HZLimRunaway) Runaway Greenhouse HZ Limit [m]: 1.120985e+10 
(HZLimMoistGreenhouse) Moist Greenhouse HZ Limit [m]: 1.124105e+10 
(HZLimMaxGreenhouse) Maximum Greenhouse HZ Limit [m]: 2.132017e+10 
(HZLimEarlyMars) Early Mars HZ Limit [m]: 2.325204e+10 
(Instellation) Orbit-averaged INcident STELLar radiATION [kg/sec^3]: 2.655758e+04 
(MeanMotion) Orbital Mean Motion [/sec]: 4.464476e-05 
(OrbPeriod) Orbital Period [sec]: 1.407374e+05 
(SemiMajorAxis) Semi-major Axis [m]: 2.373389e+09 
(LXUVTot) Total XUV Luminosity [kg/sec^3]: -1.000000 
(EscapeVelocity) Escape Velocity [m/sec]: 1.361876e+04 
----- ATMESC PARAMETERS (b)------
(SurfWaterMass) Surface water mass [kg]: 0.000000 
(EnvelopeMass) Envelope mass [kg]: 0.000000 
(OxygenMass) Oxygen mass in the atmosphere [kg]: 0.000000 
(RGLimit) Runaway greenhouse semi-major axis [m]: 1.074346e+10 
(XO) Atomic oxygen mixing ratio in upper atmosphere []: 0.000000 
(EtaO) Oxygen eta parameter (Luger and Barnes 2015) []: 0.000000 
(PlanetRadius) Planet radius [m]: 7.156028e+06 
(OxygenMantleMass) Mass of oxygen in mantle [kg]: 0.000000 
(RadXUV) XUV radius separating hydro. dyn. escape and equilibrium [m]: -1.000000 
(RadSolid) Radius to the solid surface [m]: -1.000000 
(PresXUV) Pressure at base of thermosphere [(null)]: 5.000000 
(ScaleHeight) Scale height in Lehmer & Catling (2016) model [m]: -1.000000 
(ThermTemp) Isothermal atmospheric temperature [K]: 400.000000 
(AtmGasConst) Atmospheric gas constant [(null)]: 4124.000000 
(PresSurf) Surface pressure due to atmosphere [Pa]: -1.000000 
(DEnvMassDt) Envelope Mass Loss Rate [kg/s]: 0.000000 
(FXUV) XUV flux [W/m^2]: 9.866397 
(AtmXAbsEffH2O) XUV atmospheric escape efficiency for H2O []: 0.300000 
(RocheRadius) Roche Lobe Radius [m]: 4.805685e+07 
(BondiRadius) Bondi Radius [m]: 5.975683e+08 
(HEscapeRegime) Integer flag for H envelope escape regime []: 8.000000 
(RRCriticalFlux) Critical XUV Flux that separates RR and energy-limited escape [W/m^2]: 63.846539 
(CrossoverMass) Crossover mass, defines oxygen is escaping if mc > mo [kg]: 0.000000 
(WaterEscapeRegime) What water escape regime the code is currently in []: 8.000000 
(FXUVCRITDRAG) Critical Drag XUV flux [W/m^2]: 0.522742 
(HREFFLUX) The Hydrogen Reference Flux (m^-2 s^-1) [m^-2 s^-1]: 6.174251e+18 
(XO2) Molecular oxygen mixing ratio in atmosphere []: 0.000000 
(XH2O) Water mixing ratio in upper atmosphere []: 0.000000 
(HDiffFlux) The Hydrogen Diffusion Flux (m^-2 s^-1) [m^-2 s^-1]: 2.509324e+17 
(HRefODragMod) Multiply by H ref flux to get flux with drag []: 1.000000 
(KTide) Mass loss enhancement due to stellar gravity []: 0.778290 
(CumulativeXUVFlux) Cumulative XUV flux [W/m^2]: 1.435547e+19 
(RunawayGreenhouseFlux) Incident flux that triggers runaway greenhouse [kg/sec^3]: 1295.969542 
(RGDuration) Runaway Greenhouse Duration [years]: 0.00000e+00

Output Order: Time[year] CumulativeXUVFlux[W/m^2]
Grid Output Order:
