-------- Log file gj1132.log -------

Executable: /home/vplanet/.local/bin/vplanet
Version: v1.0.0-10152-g6bccf9cc92a813bfdb457599676b24250ebfa7a1
System Name: gj1132
Primary Input File: vpl.in
Body File #1: star.in
Body File #2: b.in
Allow files to be overwitten: Yes
Mass Units: Grams
Length Units: Meters
Time Units: Seconds
Angle Units: Radians

------- FORMATTING -----
Verbosity Level: 5
Crossover Decade for Scientific Notation: 4
Number of Digits After Decimal: 6
Integration Method: Runge-Kutta4
Direction: Forward
Time Step: 3.155760e+07
Stop Time: 2.339752e+17
Output Interval: 3.155760e+13
Use Variable Timestep: Yes
dEta: 0.010000
Minimum Value of ecc and obl: 1.000000e-10


---- INITIAL SYSTEM PROPERTIES ----
(Age) System Age [sec]: 9.382841e+13 
(Time) Simulation Time [sec]: 0.000000 
(TotAngMom) Total Angular Momentum [kg*m^2/sec]: 2.358158e+42 
(TotEnergy) Total System Energy [kg*m^2/sec^2]: -9.542742e+39 
(PotEnergy) Body's non-orbital Potential Energy [kg*m^2/sec^2]: -9.628344e+39 
(KinEnergy) Body's non-orbital Kinetic Energy [kg*m^2/sec^2]: 8.565701e+37 
(DeltaTime) Average Timestep Over Last Output Interval [sec]: 0.000000 

----- BODY: star ----
Active Modules: FLARE STELLAR
Module Bit Sum: 577
Color: 000000
(Mass) Mass [kg]: 3.909644e+29 
(TimeStepVar) Number of variable responsible for setting timestep []: 0.000000 
(Radius) Radius [m]: 6.357386e+08 
(RadGyra) Radius of Gyration/Moment of Inertia Constant []: 0.452776 
(RotAngMom) Rotational Angular Momentum [kg*m^2/sec]: 2.355737e+42 
(RotVel) Rotational Velocity [m/sec]: 4.623221e+04 
(BodyType) Type of Body (0 == planet) []: 0.000000 
(RotRate) Rotational Frequency [/sec]: 7.272205e-05 
(RotPer) Rotational Period [sec]: 8.640000e+04 
(Density) Average Density [kg/m^3]: 363.256158 
(HZLimitDryRunaway) Semi-major axis of Dry Runaway HZ Limit [m]: 3.770621e+10 
(HZLimRecVenus) Recent Venus HZ Limit [m]: 3.379843e+10 
(HZLimRunaway) Runaway Greenhouse HZ Limit [m]: 4.456403e+10 
(HZLimMoistGreenhouse) Moist Greenhouse HZ Limit [m]: 4.472089e+10 
(HZLimMaxGreenhouse) Maximum Greenhouse HZ Limit [m]: 8.508433e+10 
(HZLimEarlyMars) Early Mars HZ Limit [m]: 9.279353e+10 
(Instellation) Orbit-averaged INcident STELLar radiATION [kg/sec^3]: -1.000000 
(CriticalSemiMajorAxis) Holman & Wiegert (1999) P-type Critical Semi-major Axis [m]: -1.000000 
(LXUVTot) Total XUV Luminosity [LSUN]: 0.000363 
(LostEnergy) Body's Total Lost Energy [kg*m^2/sec^2]: 5.562685e-309 
(LostAngMom) Lost Angular Momentum due to Magnetic Braking [kg*m^2/sec]: 5.562685e-309 
(EscapeVelocity) Escape Velocity [m/sec]: 2.865145e+05 
(CassiniL) Correia (2015)'s Cassini state angular momnetum invariant []: -1.000000 
(CassiniG1) Correia (2015)'s Cassini state G1 parameter []: -1.000000 
(CassiniG2) Correia (2015)'s Cassini state G2 parameter []: -1.000000 
(CassiniAlpha1) Correia (2015)'s Cassini state alpha1 parameter []: -1.000000 
(CassiniAlpha2) Correia (2015)'s Cassini state alpha2 parameter []: -1.000000 
(CassiniGamma) Correia (2015)'s Cassini state gamma parameter []: -1.000000 
----- STELLAR PARAMETERS (star)------
(Luminosity) Luminosity [LSUN]: 0.077114 
(LXUVStellar) Quiescent XUV Luminosity [LSUN]: 0.000347 
(Temperature) Effective Temperature [K]: 3181.994409 
(LXUVFrac) Fraction of luminosity in XUV []: 0.004503 
(RossbyNumber) Rossby Number []: 0.016237 
(DRotPerDtStellar) Time Rate of Change of Rotation Period in STELLAR []: -1.039406e-10 
(WindTorque) Stellar Wind Torque []: 1.499488e+28 
----- FLARE PARAMETERS (star)------
(LXUVFlare) XUV Luminosity from flares [LSUN]: 1.619123e-05 
(FlareFreq1) First value of flare frequency range [/sec]: 9.569622e-07 
(FlareFreq2) Second value of flare frequency range [/sec]: 7.820489e-07 
(FlareFreq3) Third value of flare frequency range [/sec]: 6.391062e-07 
(FlareFreq4) Fourth value of flare frequency range [/sec]: 5.222906e-07 
(FlareFreqMin) Frequency of the flares with the lowest energy [/sec]: 9.569622e-07 
(FlareFreqMid) Frequency of the flares with the middle energy in the energy range [/sec]: 1.271412e-07 
(FlareFreqMax) Frequency of the flares with the highest energy [/sec]: 1.689187e-08 
(FlareEnergy1) First value of flare energy range [kg*m^2/sec^2]: 1.000000e+26 
(FlareEnergy2) Second value of flare energy range [kg*m^2/sec^2]: 1.412538e+26 
(FlareEnergy3) Third value of flare energy range [kg*m^2/sec^2]: 1.995262e+26 
(FlareEnergy4) Fourth value of flare energy range [kg*m^2/sec^2]: 2.818383e+26 
(FlareEnergyMin) Minimum flare energy [kg*m^2/sec^2]: 1.000000e+26 
(FlareEnergyMid) Middle flare energy in the range of energy values [kg*m^2/sec^2]: 3.162278e+27 
(FlareEnergyMax) Maximum flare energy [kg*m^2/sec^2]: 1.000000e+29 
(FlareEnergyXUV1) First value of flare energy range in XUV [kg*m^2/sec^2]: 1.875000e+26 
(FlareEnergyXUV2) Second value of flare energy range in XUV [kg*m^2/sec^2]: 2.648508e+26 
(FlareEnergyXUV3) Third value of flare energy range in XUV [kg*m^2/sec^2]: 3.741117e+26 
(FlareEnergyXUV4) Fourth value of flare energy range in XUV [kg*m^2/sec^2]: 5.284468e+26 
(FlareEnergyXUVMin) Minimum flare energy in the XUV range [kg*m^2/sec^2]: 1.875000e+26 
(FlareEnergyXUVMid) Middle flare energy in the range of energy values of XUV [kg*m^2/sec^2]: 5.929271e+27 
(FlareEnergyXUVMax) Maximum flare energy in the XUV range [kg*m^2/sec^2]: 1.875000e+29 
(FlareYIntOUT) FFD Y-Intercept [/sec]: 18.362341 
(FlareSlopeOUT) FFD slope [kg*m^2/sec^3]: -0.584406 
(CMEFluence30MeV) Particle flux of 30 MeV protons due to CMEs at the stellar surface [m^-2 sec^-1]: 1.368303e+21 
(FlareFreqKepler1) First Kepler-band flare frequency [/sec]: 1.381778e-06 
(FlareFreqKepler2) Second Kepler-band flare frequency [/sec]: 1.129217e-06 
(FlareFreqKepler3) Third Kepler-band flare frequency [/sec]: 9.228191e-07 
(FlareFreqKepler4) Fourth Kepler-band flare frequency [/sec]: 7.541465e-07 

Output Order: Time[year] Luminosity[LSUN] LXUVStellar[LSUN] LXUVFlare[LSUN] LXUVTot[LSUN]
Grid Output Order:

----- BODY: b ----
Active Modules: AtmEsc
Module Bit Sum: 9
Color: 000000
(Mass) Mass [kg]: 9.761849e+24 
(TimeStepVar) Number of variable responsible for setting timestep []: 0.000000 
(Radius) Radius [m]: 7.330322e+06 
(RadGyra) Radius of Gyration/Moment of Inertia Constant []: 0.500000 
(BodyType) Type of Body (0 == planet) []: 0.000000 
(Density) Average Density [kg/m^3]: 5916.629216 
(SurfWaterMass) Surface water mass [kg]: 0.000000 
(HZLimitDryRunaway) Semi-major axis of Dry Runaway HZ Limit [m]: 3.770651e+10 
(HZLimRecVenus) Recent Venus HZ Limit [m]: 3.379843e+10 
(HZLimRunaway) Runaway Greenhouse HZ Limit [m]: 4.456403e+10 
(HZLimMoistGreenhouse) Moist Greenhouse HZ Limit [m]: 4.472089e+10 
(HZLimMaxGreenhouse) Maximum Greenhouse HZ Limit [m]: 8.508433e+10 
(HZLimEarlyMars) Early Mars HZ Limit [m]: 9.279353e+10 
(Instellation) Orbit-averaged INcident STELLar radiATION [kg/sec^3]: 4.248760e+05 
(MeanMotion) Orbital Mean Motion [/sec]: 4.464470e-05 
(OrbPeriod) Orbital Period [sec]: 1.407375e+05 
(SemiMajorAxis) Semi-major Axis [m]: 2.356881e+09 
(LXUVTot) Total XUV Luminosity [kg/sec^3]: -1.000000 
(EscapeVelocity) Escape Velocity [m/sec]: 1.333281e+04 
(CassiniL) Correia (2015)'s Cassini state angular momnetum invariant []: -1.000000 
(CassiniG1) Correia (2015)'s Cassini state G1 parameter []: -1.000000 
(CassiniG2) Correia (2015)'s Cassini state G2 parameter []: -1.000000 
(CassiniAlpha1) Correia (2015)'s Cassini state alpha1 parameter []: -1.000000 
(CassiniAlpha2) Correia (2015)'s Cassini state alpha2 parameter []: -1.000000 
(CassiniGamma) Correia (2015)'s Cassini state gamma parameter []: -1.000000 
----- ATMESC PARAMETERS (b)------
(OceanMassLost) Ocean Mass Lost [kg]: 0.000000 
(WaterLossRate) Water Loss Rate [kg/sec]: 5.562685e-309 
(EnvelopeMass) Envelope mass [kg]: 0.000000 
(OxygenMass) Oxygen mass in the atmosphere [kg]: 0.000000 
(RGLimit) Runaway greenhouse semi-major axis [m]: 4.272761e+10 
(XO) Atomic oxygen mixing ratio in upper atmosphere []: 0.000000 
(EtaO) Oxygen eta parameter (Luger and Barnes 2015) []: 0.000000 
(PlanetRadius) Planet radius [m]: 7.330322e+06 
(OxygenMantleMass) Mass of oxygen in mantle [kg]: 0.000000 
(RadXUV) XUV radius separating hydro. dyn. escape and equilibrium [m]: -1.000000 
(RadSolid) Radius to the solid surface [m]: -1.000000 
(PresXUV) Pressure at base of thermosphere [kg/m/sec^2]: 5.000000 
(ScaleHeight) Scale height in Lehmer & Catling (2016) model [m]: -1.000000 
(ThermTemp) Isothermal atmospheric temperature [K]: 400.000000 
(AtmGasConst) Atmospheric gas constant [kg*m^2/sec^2/K/kg]: 1.700738e+04 
(PresSurf) Surface pressure due to atmosphere [kg/m/sec^2]: -1.000000 
(DEnvMassDt) Envelope Mass Loss Rate [kg/sec]: 0.000000 
(FXUV) XUV flux [W/m^2]: 2002.549676 
(AtmXAbsEffH2O) XUV atmospheric escape efficiency for H2O []: 0.300000 
(RocheRadius) Roche Lobe Radius [m]: 4.776342e+07 
(BondiRadius) Bondi Radius [m]: 2.958319e+08 
(HEscapeRegime) Integer flag for H envelope escape regime []: 8.000000 
(RRCriticalFlux) Critical XUV Flux that separates RR and energy-limited escape [W/m^2]: 56.276222 
(CrossoverMass) Crossover mass, defines oxygen is escaping if mc > mo [kg]: 0.000000 
(WaterEscapeRegime) What water escape regime the code is currently in []: 8.000000 
(FXUVCRITDRAG) Critical Drag XUV flux [W/m^2]: -0.000000 
(HREFFLUX) The Hydrogen Reference Flux [m^-2 sec^-1]: 1.318833e+21 
(XO2) Molecular oxygen mixing ratio in atmosphere []: 0.000000 
(XH2O) Water mixing ratio in upper atmosphere []: 0.000000 
(HDiffFlux) The Hydrogen Diffusion Flux [m^-2 sec^-1]: -0.000000 
(HRefODragMod) Multiply by H ref flux to get flux with drag []: 1.000000 
(KTide) Mass loss enhancement due to stellar gravity []: 0.771600 
(CumulativeXUVFlux) Cumulative XUV flux [W/m^2]: 0.000000 
(CMELossHydrogen) Mass of hydrogen lost due to CME stripping [kg]: 0.000000 
(CMELossWater) Mass of water lost due to CME stripping [kg]: 0.000000 
(CMELossOxygen) Mass of oxygen lost due to CME stripping [kg]: 0.000000 
(CMELossCO2) Mass of carbon dioxide lost due to CME stripping [kg]: 0.000000 
(DEnvMassDtCME) Envelope Mass Loss Rate due to CMEs [kg/sec]: 0.000000 
(DWaterMassDtCME) Water Mass Loss Rate due to CMEs [kg/sec]: 0.000000 
(DCO2MassDtCME) CO2 Mass Loss Rate due to CMEs [kg/sec]: 0.000000 
(DOxygenMassDtCME) Oxygen Mass Loss Rate due to CMEs [kg/sec]: 0.000000 
(RGDuration) Runaway Greenhouse Duration [years]: 0.00000e+00

Output Order: Time[year] CumulativeXUVFlux[W/m^2]
Grid Output Order:



---- FINAL SYSTEM PROPERTIES ----
(Age) System Age [sec]: 2.340934e+17 
(Time) Simulation Time [sec]: 2.339996e+17 
(TotAngMom) Total Angular Momentum [kg*m^2/sec]: 2.363147e+42 
(TotEnergy) Total System Energy [kg*m^2/sec^2]: -9.544514e+39 
(PotEnergy) Body's non-orbital Potential Energy [kg*m^2/sec^2]: -4.121094e+40 
(KinEnergy) Body's non-orbital Kinetic Energy [kg*m^2/sec^2]: 5.999469e+32 
(DeltaTime) Average Timestep Over Last Output Interval [sec]: 1.577880e+13 

----- BODY: star ----
Active Modules: FLARE STELLAR
Module Bit Sum: 577
Color: 000000
(Mass) Mass [kg]: 3.909644e+29 
(TimeStepVar) Number of variable responsible for setting timestep []: 1502.000000 
(Radius) Radius [m]: 1.485312e+08 
(RadGyra) Radius of Gyration/Moment of Inertia Constant []: 0.460267 
(RotAngMom) Rotational Angular Momentum [kg*m^2/sec]: 1.480701e+39 
(RotVel) Rotational Velocity [m/sec]: 120.362988 
(BodyType) Type of Body (0 == planet) []: 0.000000 
(RotRate) Rotational Frequency [/sec]: 8.103550e-07 
(RotPer) Rotational Period [sec]: 7.753621e+06 
(Density) Average Density [kg/m^3]: 2.848365e+04 
(HZLimitDryRunaway) Semi-major axis of Dry Runaway HZ Limit [m]: 9.198780e+09 
(HZLimRecVenus) Recent Venus HZ Limit [m]: 8.234381e+09 
(HZLimRunaway) Runaway Greenhouse HZ Limit [m]: 1.086398e+10 
(HZLimMoistGreenhouse) Moist Greenhouse HZ Limit [m]: 1.089544e+10 
(HZLimMaxGreenhouse) Maximum Greenhouse HZ Limit [m]: 2.067443e+10 
(HZLimEarlyMars) Early Mars HZ Limit [m]: 2.254777e+10 
(Instellation) Orbit-averaged INcident STELLar radiATION [kg/sec^3]: -1.000000 
(CriticalSemiMajorAxis) Holman & Wiegert (1999) P-type Critical Semi-major Axis [m]: -1.000000 
(LXUVTot) Total XUV Luminosity [LSUN]: 6.856286e-07 
(LostEnergy) Body's Total Lost Energy [kg*m^2/sec^2]: 3.166648e+40 
(LostAngMom) Lost Angular Momentum due to Magnetic Braking [kg*m^2/sec]: 2.359245e+42 
(EscapeVelocity) Escape Velocity [m/sec]: 5.927574e+05 
(CassiniL) Correia (2015)'s Cassini state angular momnetum invariant []: -1.000000 
(CassiniG1) Correia (2015)'s Cassini state G1 parameter []: -1.000000 
(CassiniG2) Correia (2015)'s Cassini state G2 parameter []: -1.000000 
(CassiniAlpha1) Correia (2015)'s Cassini state alpha1 parameter []: -1.000000 
(CassiniAlpha2) Correia (2015)'s Cassini state alpha2 parameter []: -1.000000 
(CassiniGamma) Correia (2015)'s Cassini state gamma parameter []: -1.000000 
----- STELLAR PARAMETERS (star)------
(Luminosity) Luminosity [LSUN]: 0.004590 
(LXUVStellar) Quiescent XUV Luminosity [LSUN]: 3.329458e-07 
(Temperature) Effective Temperature [K]: 3251.513118 
(LXUVFrac) Fraction of luminosity in XUV []: 7.254449e-05 
(RossbyNumber) Rossby Number []: 1.509913 
(DRotPerDtStellar) Time Rate of Change of Rotation Period in STELLAR []: 1.474393e-11 
(WindTorque) Stellar Wind Torque []: 2.815635e+21 
----- FLARE PARAMETERS (star)------
(LXUVFlare) XUV Luminosity from flares [LSUN]: 3.526624e-07 
(FlareFreq1) First value of flare frequency range [/sec]: 1.426200e-07 
(FlareFreq2) Second value of flare frequency range [/sec]: 9.788474e-08 
(FlareFreq3) Third value of flare frequency range [/sec]: 6.718150e-08 
(FlareFreq4) Fourth value of flare frequency range [/sec]: 4.610886e-08 
(FlareFreqMin) Frequency of the flares with the lowest energy [/sec]: 1.426200e-07 
(FlareFreqMid) Frequency of the flares with the middle energy in the energy range [/sec]: 3.307708e-09 
(FlareFreqMax) Frequency of the flares with the highest energy [/sec]: 7.671389e-11 
(FlareEnergy1) First value of flare energy range [kg*m^2/sec^2]: 1.000000e+26 
(FlareEnergy2) Second value of flare energy range [kg*m^2/sec^2]: 1.412538e+26 
(FlareEnergy3) Third value of flare energy range [kg*m^2/sec^2]: 1.995262e+26 
(FlareEnergy4) Fourth value of flare energy range [kg*m^2/sec^2]: 2.818383e+26 
(FlareEnergyMin) Minimum flare energy [kg*m^2/sec^2]: 1.000000e+26 
(FlareEnergyMid) Middle flare energy in the range of energy values [kg*m^2/sec^2]: 3.162278e+27 
(FlareEnergyMax) Maximum flare energy [kg*m^2/sec^2]: 1.000000e+29 
(FlareEnergyXUV1) First value of flare energy range in XUV [kg*m^2/sec^2]: 1.875000e+26 
(FlareEnergyXUV2) Second value of flare energy range in XUV [kg*m^2/sec^2]: 2.648508e+26 
(FlareEnergyXUV3) Third value of flare energy range in XUV [kg*m^2/sec^2]: 3.741117e+26 
(FlareEnergyXUV4) Fourth value of flare energy range in XUV [kg*m^2/sec^2]: 5.284468e+26 
(FlareEnergyXUVMin) Minimum flare energy in the XUV range [kg*m^2/sec^2]: 1.875000e+26 
(FlareEnergyXUVMid) Middle flare energy in the range of energy values of XUV [kg*m^2/sec^2]: 5.929271e+27 
(FlareEnergyXUVMax) Maximum flare energy in the XUV range [kg*m^2/sec^2]: 1.875000e+29 
(FlareYIntOUT) FFD Y-Intercept [/sec]: 34.350572 
(FlareSlopeOUT) FFD slope [kg*m^2/sec^3]: -1.089769 
(CMEFluence30MeV) Particle flux of 30 MeV protons due to CMEs at the stellar surface [m^-2 sec^-1]: 5.460200e+20 
(FlareFreqKepler1) First Kepler-band flare frequency [/sec]: 2.829362e-07 
(FlareFreqKepler2) Second Kepler-band flare frequency [/sec]: 1.941884e-07 
(FlareFreqKepler3) Third Kepler-band flare frequency [/sec]: 1.332778e-07 
(FlareFreqKepler4) Fourth Kepler-band flare frequency [/sec]: 9.147294e-08 

Output Order: Time[year] Luminosity[LSUN] LXUVStellar[LSUN] LXUVFlare[LSUN] LXUVTot[LSUN]
Grid Output Order:

----- BODY: b ----
Active Modules: AtmEsc
Module Bit Sum: 9
Color: 000000
(Mass) Mass [kg]: 9.761849e+24 
(TimeStepVar) Number of variable responsible for setting timestep []: 1502.000000 
(Radius) Radius [m]: 7.330322e+06 
(RadGyra) Radius of Gyration/Moment of Inertia Constant []: 0.500000 
(BodyType) Type of Body (0 == planet) []: 0.000000 
(Density) Average Density [kg/m^3]: 5916.629216 
(SurfWaterMass) Surface water mass [kg]: 0.000000 
(HZLimitDryRunaway) Semi-major axis of Dry Runaway HZ Limit [m]: 9.198853e+09 
(HZLimRecVenus) Recent Venus HZ Limit [m]: 8.234381e+09 
(HZLimRunaway) Runaway Greenhouse HZ Limit [m]: 1.086398e+10 
(HZLimMoistGreenhouse) Moist Greenhouse HZ Limit [m]: 1.089544e+10 
(HZLimMaxGreenhouse) Maximum Greenhouse HZ Limit [m]: 2.067443e+10 
(HZLimEarlyMars) Early Mars HZ Limit [m]: 2.254777e+10 
(Instellation) Orbit-averaged INcident STELLar radiATION [kg/sec^3]: 2.528697e+04 
(MeanMotion) Orbital Mean Motion [/sec]: 4.464470e-05 
(OrbPeriod) Orbital Period [sec]: 1.407375e+05 
(SemiMajorAxis) Semi-major Axis [m]: 2.356881e+09 
(LXUVTot) Total XUV Luminosity [kg/sec^3]: -1.000000 
(EscapeVelocity) Escape Velocity [m/sec]: 1.333281e+04 
(CassiniL) Correia (2015)'s Cassini state angular momnetum invariant []: -1.000000 
(CassiniG1) Correia (2015)'s Cassini state G1 parameter []: -1.000000 
(CassiniG2) Correia (2015)'s Cassini state G2 parameter []: -1.000000 
(CassiniAlpha1) Correia (2015)'s Cassini state alpha1 parameter []: -1.000000 
(CassiniAlpha2) Correia (2015)'s Cassini state alpha2 parameter []: -1.000000 
(CassiniGamma) Correia (2015)'s Cassini state gamma parameter []: -1.000000 
----- ATMESC PARAMETERS (b)------
(OceanMassLost) Ocean Mass Lost [kg]: 0.000000 
(WaterLossRate) Water Loss Rate [kg/sec]: 5.562685e-309 
(EnvelopeMass) Envelope mass [kg]: 0.000000 
(OxygenMass) Oxygen mass in the atmosphere [kg]: 0.000000 
(RGLimit) Runaway greenhouse semi-major axis [m]: 1.041655e+10 
(XO) Atomic oxygen mixing ratio in upper atmosphere []: 0.000000 
(EtaO) Oxygen eta parameter (Luger and Barnes 2015) []: 0.000000 
(PlanetRadius) Planet radius [m]: 7.330322e+06 
(OxygenMantleMass) Mass of oxygen in mantle [kg]: 0.000000 
(RadXUV) XUV radius separating hydro. dyn. escape and equilibrium [m]: -1.000000 
(RadSolid) Radius to the solid surface [m]: -1.000000 
(PresXUV) Pressure at base of thermosphere [kg/m/sec^2]: 5.000000 
(ScaleHeight) Scale height in Lehmer & Catling (2016) model [m]: -1.000000 
(ThermTemp) Isothermal atmospheric temperature [K]: 400.000000 
(AtmGasConst) Atmospheric gas constant [kg*m^2/sec^2/K/kg]: 1.700738e+04 
(PresSurf) Surface pressure due to atmosphere [kg/m/sec^2]: -1.000000 
(DEnvMassDt) Envelope Mass Loss Rate [kg/sec]: 0.000000 
(FXUV) XUV flux [W/m^2]: 3.777606 
(AtmXAbsEffH2O) XUV atmospheric escape efficiency for H2O []: 0.300000 
(RocheRadius) Roche Lobe Radius [m]: 4.776342e+07 
(BondiRadius) Bondi Radius [m]: 5.989484e+08 
(HEscapeRegime) Integer flag for H envelope escape regime []: 8.000000 
(RRCriticalFlux) Critical XUV Flux that separates RR and energy-limited escape [W/m^2]: 56.276222 
(CrossoverMass) Crossover mass, defines oxygen is escaping if mc > mo [kg]: 0.000000 
(WaterEscapeRegime) What water escape regime the code is currently in []: 8.000000 
(FXUVCRITDRAG) Critical Drag XUV flux [W/m^2]: -0.000000 
(HREFFLUX) The Hydrogen Reference Flux [m^-2 sec^-1]: 2.487844e+18 
(XO2) Molecular oxygen mixing ratio in atmosphere []: 0.000000 
(XH2O) Water mixing ratio in upper atmosphere []: 0.000000 
(HDiffFlux) The Hydrogen Diffusion Flux [m^-2 sec^-1]: -0.000000 
(HRefODragMod) Multiply by H ref flux to get flux with drag []: 1.000000 
(KTide) Mass loss enhancement due to stellar gravity []: 0.771600 
(CumulativeXUVFlux) Cumulative XUV flux [W/m^2]: 4.677278e+18 
(CMELossHydrogen) Mass of hydrogen lost due to CME stripping [kg]: 0.000000 
(CMELossWater) Mass of water lost due to CME stripping [kg]: 0.000000 
(CMELossOxygen) Mass of oxygen lost due to CME stripping [kg]: 0.000000 
(CMELossCO2) Mass of carbon dioxide lost due to CME stripping [kg]: 0.000000 
(DEnvMassDtCME) Envelope Mass Loss Rate due to CMEs [kg/sec]: 0.000000 
(DWaterMassDtCME) Water Mass Loss Rate due to CMEs [kg/sec]: 0.000000 
(DCO2MassDtCME) CO2 Mass Loss Rate due to CMEs [kg/sec]: 0.000000 
(DOxygenMassDtCME) Oxygen Mass Loss Rate due to CMEs [kg/sec]: 0.000000 
(RGDuration) Runaway Greenhouse Duration [years]: 0.00000e+00

Output Order: Time[year] CumulativeXUVFlux[W/m^2]
Grid Output Order:
