-------- Log file gj1132.log -------

Executable: /home/vplanet/.local/bin/vplanet
Version: Unknown
System Name: gj1132
Primary Input File: vpl.in
Body File #1: star.in
Body File #2: b.in
Allow files to be overwitten: Yes
Mass Units: Grams
Length Units: Meters
Time Units: Seconds
Angle Units: Radians

------- FORMATTING -----
Verbosity Level: 5
Crossover Decade for Scientific Notation: 4
Number of Digits After Decimal: 6
Integration Method: Runge-Kutta4
Direction: Forward
Time Step: 3.155760e+07
Stop Time: 2.220955e+17
Output Interval: 3.155760e+13
Use Variable Timestep: Yes
dEta: 0.010000
Minimum Value of ecc and obl: 1.000000e-10


---- INITIAL SYSTEM PROPERTIES ----
(Age) System Age [sec]: 1.457804e+14 
(Time) Simulation Time [sec]: 0.000000 
(TotAngMom) Total Angular Momentum [kg*m^2/sec]: 1.595439e+42 
(TotEnergy) Total System Energy [kg*m^2/sec^2]: -1.072454e+40 
(PotEnergy) Body's non-orbital Potential Energy [kg*m^2/sec^2]: -1.078242e+40 
(KinEnergy) Body's non-orbital Kinetic Energy [kg*m^2/sec^2]: 5.792602e+37 
(DeltaTime) Average Timestep Over Last Output Interval [sec]: 0.000000 

----- BODY: star ----
Active Modules: FLARE STELLAR
Module Bit Sum: 577
Color: 000000
(Mass) Mass [kg]: 3.774197e+29 
(Radius) Radius [m]: 5.290402e+08 
(RadGyra) Radius of Gyration/Moment of Inertia Constant []: 0.455391 
(RotAngMom) Rotational Angular Momentum [kg*m^2/sec]: 1.593080e+42 
(RotVel) Rotational Velocity [m/sec]: 3.847289e+04 
(BodyType) Type of Body (0 == planet) []: 0.000000 
(RotRate) Rotational Frequency [/sec]: 7.272205e-05 
(RotPer) Rotational Period [sec]: 8.640000e+04 
(Density) Average Density [kg/m^3]: 608.513200 
(HZLimitDryRunaway) Semi-major axis of Dry Runaway HZ Limit [m]: 3.144838e+10 
(HZLimRecVenus) Recent Venus HZ Limit [m]: 2.818677e+10 
(HZLimRunaway) Runaway Greenhouse HZ Limit [m]: 3.716638e+10 
(HZLimMoistGreenhouse) Moist Greenhouse HZ Limit [m]: 3.729573e+10 
(HZLimMaxGreenhouse) Maximum Greenhouse HZ Limit [m]: 7.094549e+10 
(HZLimEarlyMars) Early Mars HZ Limit [m]: 7.737363e+10 
(Instellation) Orbit-averaged INcident STELLar radiATION [kg/sec^3]: -1.000000 
(CriticalSemiMajorAxis) Holman & Wiegert (1999) P-type Critical Semi-major Axis [m]: -1.000000 
(LXUVTot) Total XUV Luminosity [LSUN]: 0.000112 
(LostEnergy) Body's Total Lost Energy [kg*m^2/sec^2]: 5.562685e-309 
(LostAngMom) Lost Angular Momentum due to Magnetic Braking [kg*m^2/sec]: 5.562685e-309 
(EscapeVelocity) Escape Velocity [m/sec]: 3.085923e+05 
----- STELLAR PARAMETERS (star)------
(Luminosity) Luminosity [LSUN]: 0.053642 
(LXUVStellar) Base X-ray/XUV Luminosity [LSUN]: 0.000100 
(Temperature) Effective Temperature [K]: 3186.449630 
(LXUVFrac) Fraction of luminosity in XUV []: 0.001866 
(RossbyNumber) Rossby Number []: 0.016274 
(DRotPerDtStellar) Time Rate of Change of Rotation Period in STELLAR []: -1.159747e-10 
(WindTorque) Stellar Wind Torque []: 5.762424e+27 
----- FLARE PARAMETERS (star)------
(LXUVFlare) XUV Luminosity from flares [LSUN]: 1.226769e-05 
(FlareFreq1) First value of flare frequency range [/sec]: 1.836976e-06 
(FlareFreq2) Second value of flare frequency range [/sec]: 1.483906e-06 
(FlareFreq3) Third value of flare frequency range [/sec]: 1.198697e-06 
(FlareFreq4) Fourth value of flare frequency range [/sec]: 9.683056e-07 
(FlareFreqMin) Frequency of the flares with the lowest energy [/sec]: 1.836976e-06 
(FlareFreqMid) Frequency of the flares with the middle energy in the energy range [/sec]: 2.173368e-07 
(FlareFreqMax) Frequency of the flares with the highest energy [/sec]: 2.571362e-08 
(FlareEnergy1) First value of flare energy range [kg*m^2/sec^2]: 5.334000e+25 
(FlareEnergy2) Second value of flare energy range [kg*m^2/sec^2]: 7.534475e+25 
(FlareEnergy3) Third value of flare energy range [kg*m^2/sec^2]: 1.064273e+26 
(FlareEnergy4) Fourth value of flare energy range [kg*m^2/sec^2]: 1.503325e+26 
(FlareEnergyMin) Minimum flare energy [kg*m^2/sec^2]: 5.334000e+25 
(FlareEnergyMid) Middle flare energy in the range of energy values [kg*m^2/sec^2]: 1.686759e+27 
(FlareEnergyMax) Maximum flare energy [kg*m^2/sec^2]: 5.334000e+28 
(FlareYIntOUT) Instantaneous Davenport FFD y-intercept at current age and mass []: 19.425285 
(FlareSlopeOUT) Instantaneous Davenport FFD slope at current age and mass []: -0.617980 

Output Order: Time[year] Luminosity[LSUN] LXUVStellar[LSUN] LXUVFlare[LSUN] LXUVTot[LSUN]
Grid Output Order:

----- BODY: b ----
Active Modules: AtmEsc
Module Bit Sum: 9
Color: 000000
(Mass) Mass [kg]: 9.739862e+24 
(Radius) Radius [m]: 7.289746e+06 
(RadGyra) Radius of Gyration/Moment of Inertia Constant []: 0.500000 
(BodyType) Type of Body (0 == planet) []: 0.000000 
(Density) Average Density [kg/m^3]: 6002.427387 
(HZLimitDryRunaway) Semi-major axis of Dry Runaway HZ Limit [m]: 3.144962e+10 
(HZLimRecVenus) Recent Venus HZ Limit [m]: 2.818677e+10 
(HZLimRunaway) Runaway Greenhouse HZ Limit [m]: 3.716638e+10 
(HZLimMoistGreenhouse) Moist Greenhouse HZ Limit [m]: 3.729573e+10 
(HZLimMaxGreenhouse) Maximum Greenhouse HZ Limit [m]: 7.094549e+10 
(HZLimEarlyMars) Early Mars HZ Limit [m]: 7.737363e+10 
(Instellation) Orbit-averaged INcident STELLar radiATION [kg/sec^3]: 3.025861e+05 
(MeanMotion) Orbital Mean Motion [/sec]: 4.464425e-05 
(OrbPeriod) Orbital Period [sec]: 1.407390e+05 
(SemiMajorAxis) Semi-major Axis [m]: 2.329359e+09 
(LXUVTot) Total XUV Luminosity [kg/sec^3]: -1.000000 
(EscapeVelocity) Escape Velocity [m/sec]: 1.335480e+04 
----- ATMESC PARAMETERS (b)------
(SurfWaterMass) Surface water mass [kg]: 0.000000 
(EnvelopeMass) Envelope mass [kg]: 0.000000 
(OxygenMass) Oxygen mass in the atmosphere [kg]: 0.000000 
(RGLimit) Runaway greenhouse semi-major axis [m]: 3.563614e+10 
(XO) Atomic oxygen mixing ratio in upper atmosphere []: 0.000000 
(EtaO) Oxygen eta parameter (Luger and Barnes 2015) []: 0.000000 
(PlanetRadius) Planet radius [m]: 7.289746e+06 
(OxygenMantleMass) Mass of oxygen in mantle [kg]: 0.000000 
(RadXUV) XUV radius separating hydro. dyn. escape and equilibrium [m]: -1.000000 
(RadSolid) Radius to the solid surface [m]: -1.000000 
(PresXUV) Pressure at base of thermosphere [(null)]: 5.000000 
(ScaleHeight) Scale height in Lehmer & Catling (2016) model [m]: -1.000000 
(ThermTemp) Isothermal atmospheric temperature [K]: 400.000000 
(AtmGasConst) Atmospheric gas constant [(null)]: 4124.000000 
(PresSurf) Surface pressure due to atmosphere [Pa]: -1.000000 
(DEnvMassDt) Envelope Mass Loss Rate [kg/s]: 0.000000 
(FXUV) XUV flux [W/m^2]: 633.976674 
(AtmXAbsEffH2O) XUV atmospheric escape efficiency for H2O []: 0.300000 
(RocheRadius) Roche Lobe Radius [m]: 4.772787e+07 
(BondiRadius) Bondi Radius [m]: 3.250152e+08 
(HEscapeRegime) Integer flag for H envelope escape regime []: 8.000000 
(RRCriticalFlux) Critical XUV Flux that separates RR and energy-limited escape [W/m^2]: 57.122962 
(CrossoverMass) Crossover mass, defines oxygen is escaping if mc > mo [kg]: 0.000000 
(WaterEscapeRegime) What water escape regime the code is currently in []: 8.000000 
(FXUVCRITDRAG) Critical Drag XUV flux [W/m^2]: 0.474510 
(HREFFLUX) The Hydrogen Reference Flux (m^-2 s^-1) [m^-2 s^-1]: 4.155680e+20 
(XO2) Molecular oxygen mixing ratio in atmosphere []: 0.000000 
(XH2O) Water mixing ratio in upper atmosphere []: 0.000000 
(HDiffFlux) The Hydrogen Diffusion Flux (m^-2 s^-1) [m^-2 s^-1]: 2.368731e+17 
(HRefODragMod) Multiply by H ref flux to get flux with drag []: 1.000000 
(KTide) Mass loss enhancement due to stellar gravity []: 0.772678 
(CumulativeXUVFlux) Cumulative XUV flux [W/m^2]: 0.000000 
(RunawayGreenhouseFlux) Incident flux that triggers runaway greenhouse [kg/sec^3]: 1292.725670 
(RGDuration) Runaway Greenhouse Duration [years]: 0.00000e+00

Output Order: Time[year] CumulativeXUVFlux[W/m^2]
Grid Output Order:



---- FINAL SYSTEM PROPERTIES ----
(Age) System Age [sec]: 2.222440e+17 
(Time) Simulation Time [sec]: 2.220983e+17 
(TotAngMom) Total Angular Momentum [kg*m^2/sec]: 1.595503e+42 
(TotEnergy) Total System Energy [kg*m^2/sec^2]: -1.073016e+40 
(PotEnergy) Body's non-orbital Potential Energy [kg*m^2/sec^2]: -3.990627e+40 
(KinEnergy) Body's non-orbital Kinetic Energy [kg*m^2/sec^2]: 6.003519e+32 
(DeltaTime) Average Timestep Over Last Output Interval [sec]: 2.868873e+12 

----- BODY: star ----
Active Modules: FLARE STELLAR
Module Bit Sum: 577
Color: 000000
(Mass) Mass [kg]: 3.774197e+29 
(Radius) Radius [m]: 1.429432e+08 
(RadGyra) Radius of Gyration/Moment of Inertia Constant []: 0.460536 
(RotAngMom) Rotational Angular Momentum [kg*m^2/sec]: 1.401385e+39 
(RotVel) Rotational Velocity [m/sec]: 122.473450 
(BodyType) Type of Body (0 == planet) []: 0.000000 
(RotRate) Rotational Frequency [/sec]: 8.567979e-07 
(RotPer) Rotational Period [sec]: 7.333334e+06 
(Density) Average Density [kg/m^3]: 3.084929e+04 
(HZLimitDryRunaway) Semi-major axis of Dry Runaway HZ Limit [m]: 8.768827e+09 
(HZLimRecVenus) Recent Venus HZ Limit [m]: 7.852352e+09 
(HZLimRunaway) Runaway Greenhouse HZ Limit [m]: 1.035822e+10 
(HZLimMoistGreenhouse) Moist Greenhouse HZ Limit [m]: 1.038995e+10 
(HZLimMaxGreenhouse) Maximum Greenhouse HZ Limit [m]: 1.972922e+10 
(HZLimEarlyMars) Early Mars HZ Limit [m]: 2.151689e+10 
(Instellation) Orbit-averaged INcident STELLar radiATION [kg/sec^3]: -1.000000 
(CriticalSemiMajorAxis) Holman & Wiegert (1999) P-type Critical Semi-major Axis [m]: -1.000000 
(LXUVTot) Total XUV Luminosity [LSUN]: 8.106653e-07 
(LostEnergy) Body's Total Lost Energy [kg*m^2/sec^2]: 2.917617e+40 
(LostAngMom) Lost Angular Momentum due to Magnetic Braking [kg*m^2/sec]: 1.591742e+42 
(EscapeVelocity) Escape Velocity [m/sec]: 5.936735e+05 
----- STELLAR PARAMETERS (star)------
(Luminosity) Luminosity [LSUN]: 0.004171 
(LXUVStellar) Base X-ray/XUV Luminosity [LSUN]: 4.595177e-07 
(Temperature) Effective Temperature [K]: 3232.970950 
(LXUVFrac) Fraction of luminosity in XUV []: 0.000110 
(RossbyNumber) Rossby Number []: 1.414570 
(DRotPerDtStellar) Time Rate of Change of Rotation Period in STELLAR []: 2.279158e-11 
(WindTorque) Stellar Wind Torque []: 3.104405e+21 
----- FLARE PARAMETERS (star)------
(LXUVFlare) XUV Luminosity from flares [LSUN]: 3.511446e-07 
(FlareFreq1) First value of flare frequency range [/sec]: 5.608620e-07 
(FlareFreq2) Second value of flare frequency range [/sec]: 3.848216e-07 
(FlareFreq3) Third value of flare frequency range [/sec]: 2.640357e-07 
(FlareFreq4) Fourth value of flare frequency range [/sec]: 1.811616e-07 
(FlareFreqMin) Frequency of the flares with the lowest energy [/sec]: 5.608620e-07 
(FlareFreqMid) Frequency of the flares with the middle energy in the energy range [/sec]: 1.296849e-08 
(FlareFreqMax) Frequency of the flares with the highest energy [/sec]: 2.998630e-10 
(FlareEnergy1) First value of flare energy range [kg*m^2/sec^2]: 5.334000e+25 
(FlareEnergy2) Second value of flare energy range [kg*m^2/sec^2]: 7.534475e+25 
(FlareEnergy3) Third value of flare energy range [kg*m^2/sec^2]: 1.064273e+26 
(FlareEnergy4) Fourth value of flare energy range [kg*m^2/sec^2]: 1.503325e+26 
(FlareEnergyMin) Minimum flare energy [kg*m^2/sec^2]: 5.334000e+25 
(FlareEnergyMid) Middle flare energy in the range of energy values [kg*m^2/sec^2]: 1.686759e+27 
(FlareEnergyMax) Maximum flare energy [kg*m^2/sec^2]: 5.334000e+28 
(FlareYIntOUT) Instantaneous Davenport FFD y-intercept at current age and mass []: 34.378947 
(FlareSlopeOUT) Instantaneous Davenport FFD slope at current age and mass []: -1.090644 

Output Order: Time[year] Luminosity[LSUN] LXUVStellar[LSUN] LXUVFlare[LSUN] LXUVTot[LSUN]
Grid Output Order:

----- BODY: b ----
Active Modules: AtmEsc
Module Bit Sum: 9
Color: 000000
(Mass) Mass [kg]: 9.739862e+24 
(Radius) Radius [m]: 7.289746e+06 
(RadGyra) Radius of Gyration/Moment of Inertia Constant []: 0.500000 
(BodyType) Type of Body (0 == planet) []: 0.000000 
(Density) Average Density [kg/m^3]: 6002.427387 
(HZLimitDryRunaway) Semi-major axis of Dry Runaway HZ Limit [m]: 8.769172e+09 
(HZLimRecVenus) Recent Venus HZ Limit [m]: 7.852352e+09 
(HZLimRunaway) Runaway Greenhouse HZ Limit [m]: 1.035822e+10 
(HZLimMoistGreenhouse) Moist Greenhouse HZ Limit [m]: 1.038995e+10 
(HZLimMaxGreenhouse) Maximum Greenhouse HZ Limit [m]: 1.972922e+10 
(HZLimEarlyMars) Early Mars HZ Limit [m]: 2.151689e+10 
(Instellation) Orbit-averaged INcident STELLar radiATION [kg/sec^3]: 2.352531e+04 
(MeanMotion) Orbital Mean Motion [/sec]: 4.464425e-05 
(OrbPeriod) Orbital Period [sec]: 1.407390e+05 
(SemiMajorAxis) Semi-major Axis [m]: 2.329359e+09 
(LXUVTot) Total XUV Luminosity [kg/sec^3]: -1.000000 
(EscapeVelocity) Escape Velocity [m/sec]: 1.335480e+04 
----- ATMESC PARAMETERS (b)------
(SurfWaterMass) Surface water mass [kg]: 0.000000 
(EnvelopeMass) Envelope mass [kg]: 0.000000 
(OxygenMass) Oxygen mass in the atmosphere [kg]: 0.000000 
(RGLimit) Runaway greenhouse semi-major axis [m]: 9.931898e+09 
(XO) Atomic oxygen mixing ratio in upper atmosphere []: 0.000000 
(EtaO) Oxygen eta parameter (Luger and Barnes 2015) []: 0.000000 
(PlanetRadius) Planet radius [m]: 7.289746e+06 
(OxygenMantleMass) Mass of oxygen in mantle [kg]: 0.000000 
(RadXUV) XUV radius separating hydro. dyn. escape and equilibrium [m]: -1.000000 
(RadSolid) Radius to the solid surface [m]: -1.000000 
(PresXUV) Pressure at base of thermosphere [(null)]: 5.000000 
(ScaleHeight) Scale height in Lehmer & Catling (2016) model [m]: -1.000000 
(ThermTemp) Isothermal atmospheric temperature [K]: 400.000000 
(AtmGasConst) Atmospheric gas constant [(null)]: 4124.000000 
(PresSurf) Surface pressure due to atmosphere [Pa]: -1.000000 
(DEnvMassDt) Envelope Mass Loss Rate [kg/s]: 0.000000 
(FXUV) XUV flux [W/m^2]: 4.572832 
(AtmXAbsEffH2O) XUV atmospheric escape efficiency for H2O []: 0.300000 
(RocheRadius) Roche Lobe Radius [m]: 4.772787e+07 
(BondiRadius) Bondi Radius [m]: 6.162706e+08 
(HEscapeRegime) Integer flag for H envelope escape regime []: 8.000000 
(RRCriticalFlux) Critical XUV Flux that separates RR and energy-limited escape [W/m^2]: 57.122962 
(CrossoverMass) Crossover mass, defines oxygen is escaping if mc > mo [kg]: 0.000000 
(WaterEscapeRegime) What water escape regime the code is currently in []: 8.000000 
(FXUVCRITDRAG) Critical Drag XUV flux [W/m^2]: 0.474510 
(HREFFLUX) The Hydrogen Reference Flux (m^-2 s^-1) [m^-2 s^-1]: 2.997465e+18 
(XO2) Molecular oxygen mixing ratio in atmosphere []: 0.000000 
(XH2O) Water mixing ratio in upper atmosphere []: 0.000000 
(HDiffFlux) The Hydrogen Diffusion Flux (m^-2 s^-1) [m^-2 s^-1]: 2.368731e+17 
(HRefODragMod) Multiply by H ref flux to get flux with drag []: 1.000000 
(KTide) Mass loss enhancement due to stellar gravity []: 0.772678 
(CumulativeXUVFlux) Cumulative XUV flux [W/m^2]: 3.290697e+18 
(RunawayGreenhouseFlux) Incident flux that triggers runaway greenhouse [kg/sec^3]: 1293.926215 
(RGDuration) Runaway Greenhouse Duration [years]: 0.00000e+00

Output Order: Time[year] CumulativeXUVFlux[W/m^2]
Grid Output Order:
