-------- Log file gj1132.log -------

Executable: /home/vplanet/.local/bin/vplanet
Version: Unknown
System Name: gj1132
Primary Input File: vpl.in
Body File #1: star.in
Body File #2: b.in
Allow files to be overwitten: Yes
Mass Units: Grams
Length Units: Meters
Time Units: Seconds
Angle Units: Radians

------- FORMATTING -----
Verbosity Level: 5
Crossover Decade for Scientific Notation: 4
Number of Digits After Decimal: 6
Integration Method: Runge-Kutta4
Direction: Forward
Time Step: 3.155760e+07
Stop Time: 2.179937e+17
Output Interval: 3.155760e+13
Use Variable Timestep: Yes
dEta: 0.010000
Minimum Value of ecc and obl: 1.000000e-10


---- INITIAL SYSTEM PROPERTIES ----
(Age) System Age [sec]: 1.580604e+14 
(Time) Simulation Time [sec]: 0.000000 
(TotAngMom) Total Angular Momentum [kg*m^2/sec]: 1.565325e+42 
(TotEnergy) Total System Energy [kg*m^2/sec^2]: -1.146030e+40 
(PotEnergy) Body's non-orbital Potential Energy [kg*m^2/sec^2]: -1.151707e+40 
(KinEnergy) Body's non-orbital Kinetic Energy [kg*m^2/sec^2]: 5.682582e+37 
(DeltaTime) Average Timestep Over Last Output Interval [sec]: 0.000000 

----- BODY: star ----
Active Modules: FLARE STELLAR
Module Bit Sum: 577
Color: 000000
(Mass) Mass [kg]: 3.858880e+29 
(Radius) Radius [m]: 5.177693e+08 
(RadGyra) Radius of Gyration/Moment of Inertia Constant []: 0.455779 
(RotAngMom) Rotational Angular Momentum [kg*m^2/sec]: 1.562822e+42 
(RotVel) Rotational Velocity [m/sec]: 3.765325e+04 
(BodyType) Type of Body (0 == planet) []: 0.000000 
(RotRate) Rotational Frequency [/sec]: 7.272205e-05 
(RotPer) Rotational Period [sec]: 8.640000e+04 
(Density) Average Density [kg/m^3]: 663.687655 
(HZLimitDryRunaway) Semi-major axis of Dry Runaway HZ Limit [m]: 3.108786e+10 
(HZLimRecVenus) Recent Venus HZ Limit [m]: 2.785504e+10 
(HZLimRunaway) Runaway Greenhouse HZ Limit [m]: 3.673425e+10 
(HZLimMoistGreenhouse) Moist Greenhouse HZ Limit [m]: 3.685679e+10 
(HZLimMaxGreenhouse) Maximum Greenhouse HZ Limit [m]: 7.006746e+10 
(HZLimEarlyMars) Early Mars HZ Limit [m]: 7.641612e+10 
(Instellation) Orbit-averaged INcident STELLar radiATION [kg/sec^3]: -1.000000 
(CriticalSemiMajorAxis) Holman & Wiegert (1999) P-type Critical Semi-major Axis [m]: -1.000000 
(LXUVTot) Total XUV Luminosity [LSUN]: 0.000153 
(LostEnergy) Body's Total Lost Energy [kg*m^2/sec^2]: 5.562685e-309 
(LostAngMom) Lost Angular Momentum due to Magnetic Braking [kg*m^2/sec]: 5.562685e-309 
(EscapeVelocity) Escape Velocity [m/sec]: 3.154131e+05 
----- STELLAR PARAMETERS (star)------
(Luminosity) Luminosity [LSUN]: 0.052419 
(LXUVStellar) Base X-ray/XUV Luminosity [LSUN]: 0.000141 
(Temperature) Effective Temperature [K]: 3202.612267 
(LXUVFrac) Fraction of luminosity in XUV []: 0.002696 
(RossbyNumber) Rossby Number []: 0.016409 
(DRotPerDtStellar) Time Rate of Change of Rotation Period in STELLAR []: -1.301393e-10 
(WindTorque) Stellar Wind Torque []: 5.061761e+27 
----- FLARE PARAMETERS (star)------
(LXUVFlare) XUV Luminosity from flares [LSUN]: 1.189763e-05 
(FlareFreq1) First value of flare frequency range [/sec]: 1.846449e-06 
(FlareFreq2) Second value of flare frequency range [/sec]: 1.488359e-06 
(FlareFreq3) Third value of flare frequency range [/sec]: 1.199715e-06 
(FlareFreq4) Fourth value of flare frequency range [/sec]: 9.670489e-07 
(FlareFreqMin) Frequency of the flares with the lowest energy [/sec]: 1.846449e-06 
(FlareFreqMid) Frequency of the flares with the middle energy in the energy range [/sec]: 2.138163e-07 
(FlareFreqMax) Frequency of the flares with the highest energy [/sec]: 2.475964e-08 
(FlareEnergy1) First value of flare energy range [kg*m^2/sec^2]: 5.334000e+25 
(FlareEnergy2) Second value of flare energy range [kg*m^2/sec^2]: 7.534475e+25 
(FlareEnergy3) Third value of flare energy range [kg*m^2/sec^2]: 1.064273e+26 
(FlareEnergy4) Fourth value of flare energy range [kg*m^2/sec^2]: 1.503325e+26 
(FlareEnergyMin) Minimum flare energy [kg*m^2/sec^2]: 5.334000e+25 
(FlareEnergyMid) Middle flare energy in the range of energy values [kg*m^2/sec^2]: 1.686759e+27 
(FlareEnergyMax) Maximum flare energy [kg*m^2/sec^2]: 5.334000e+28 
(FlareYIntOUT) Instantaneous Davenport FFD y-intercept at current age and mass []: 19.631001 
(FlareSlopeOUT) Instantaneous Davenport FFD slope at current age and mass []: -0.624198 

Output Order: Time[year] Luminosity[LSUN] LXUVStellar[LSUN] LXUVFlare[LSUN] LXUVTot[LSUN]
Grid Output Order:

----- BODY: b ----
Active Modules: AtmEsc
Module Bit Sum: 9
Color: 000000
(Mass) Mass [kg]: 1.017882e+25 
(Radius) Radius [m]: 7.287795e+06 
(RadGyra) Radius of Gyration/Moment of Inertia Constant []: 0.500000 
(BodyType) Type of Body (0 == planet) []: 0.000000 
(Density) Average Density [kg/m^3]: 6277.987795 
(HZLimitDryRunaway) Semi-major axis of Dry Runaway HZ Limit [m]: 3.108798e+10 
(HZLimRecVenus) Recent Venus HZ Limit [m]: 2.785504e+10 
(HZLimRunaway) Runaway Greenhouse HZ Limit [m]: 3.673425e+10 
(HZLimMoistGreenhouse) Moist Greenhouse HZ Limit [m]: 3.685679e+10 
(HZLimMaxGreenhouse) Maximum Greenhouse HZ Limit [m]: 7.006746e+10 
(HZLimEarlyMars) Early Mars HZ Limit [m]: 7.641612e+10 
(Instellation) Orbit-averaged INcident STELLar radiATION [kg/sec^3]: 2.913264e+05 
(MeanMotion) Orbital Mean Motion [/sec]: 4.464316e-05 
(OrbPeriod) Orbital Period [sec]: 1.407424e+05 
(SemiMajorAxis) Semi-major Axis [m]: 2.346690e+09 
(LXUVTot) Total XUV Luminosity [kg/sec^3]: -1.000000 
(EscapeVelocity) Escape Velocity [m/sec]: 1.365425e+04 
----- ATMESC PARAMETERS (b)------
(SurfWaterMass) Surface water mass [kg]: 0.000000 
(EnvelopeMass) Envelope mass [kg]: 0.000000 
(OxygenMass) Oxygen mass in the atmosphere [kg]: 0.000000 
(RGLimit) Runaway greenhouse semi-major axis [m]: 3.518677e+10 
(XO) Atomic oxygen mixing ratio in upper atmosphere []: 0.000000 
(EtaO) Oxygen eta parameter (Luger and Barnes 2015) []: 0.000000 
(PlanetRadius) Planet radius [m]: 7.287795e+06 
(OxygenMantleMass) Mass of oxygen in mantle [kg]: 0.000000 
(RadXUV) XUV radius separating hydro. dyn. escape and equilibrium [m]: -1.000000 
(RadSolid) Radius to the solid surface [m]: -1.000000 
(PresXUV) Pressure at base of thermosphere [(null)]: 5.000000 
(ScaleHeight) Scale height in Lehmer & Catling (2016) model [m]: -1.000000 
(ThermTemp) Isothermal atmospheric temperature [K]: 400.000000 
(AtmGasConst) Atmospheric gas constant [(null)]: 4124.000000 
(PresSurf) Surface pressure due to atmosphere [Pa]: -1.000000 
(DEnvMassDt) Envelope Mass Loss Rate [kg/s]: 0.000000 
(FXUV) XUV flux [W/m^2]: 851.621030 
(AtmXAbsEffH2O) XUV atmospheric escape efficiency for H2O []: 0.300000 
(RocheRadius) Roche Lobe Radius [m]: 4.843517e+07 
(BondiRadius) Bondi Radius [m]: 3.403437e+08 
(HEscapeRegime) Integer flag for H envelope escape regime []: 8.000000 
(RRCriticalFlux) Critical XUV Flux that separates RR and energy-limited escape [W/m^2]: 62.976980 
(CrossoverMass) Crossover mass, defines oxygen is escaping if mc > mo [kg]: 0.000000 
(WaterEscapeRegime) What water escape regime the code is currently in []: 8.000000 
(FXUVCRITDRAG) Critical Drag XUV flux [W/m^2]: 0.518662 
(HREFFLUX) The Hydrogen Reference Flux (m^-2 s^-1) [m^-2 s^-1]: 5.317258e+20 
(XO2) Molecular oxygen mixing ratio in atmosphere []: 0.000000 
(XH2O) Water mixing ratio in upper atmosphere []: 0.000000 
(HDiffFlux) The Hydrogen Diffusion Flux (m^-2 s^-1) [m^-2 s^-1]: 2.476812e+17 
(HRefODragMod) Multiply by H ref flux to get flux with drag []: 1.000000 
(KTide) Mass loss enhancement due to stellar gravity []: 0.776006 
(CumulativeXUVFlux) Cumulative XUV flux [W/m^2]: 0.000000 
(RunawayGreenhouseFlux) Incident flux that triggers runaway greenhouse [kg/sec^3]: 1295.772905 
(RGDuration) Runaway Greenhouse Duration [years]: 0.00000e+00

Output Order: Time[year] CumulativeXUVFlux[W/m^2]
Grid Output Order:



---- FINAL SYSTEM PROPERTIES ----
(Age) System Age [sec]: 2.181523e+17 
(Time) Simulation Time [sec]: 2.179943e+17 
(TotAngMom) Total Angular Momentum [kg*m^2/sec]: 1.564883e+42 
(TotEnergy) Total System Energy [kg*m^2/sec^2]: -1.146475e+40 
(PotEnergy) Body's non-orbital Potential Energy [kg*m^2/sec^2]: -4.097337e+40 
(KinEnergy) Body's non-orbital Kinetic Energy [kg*m^2/sec^2]: 6.322395e+32 
(DeltaTime) Average Timestep Over Last Output Interval [sec]: 1.017987e+12 

----- BODY: star ----
Active Modules: FLARE STELLAR
Module Bit Sum: 577
Color: 000000
(Mass) Mass [kg]: 3.858880e+29 
(Radius) Radius [m]: 1.455380e+08 
(RadGyra) Radius of Gyration/Moment of Inertia Constant []: 0.460377 
(RotAngMom) Rotational Angular Momentum [kg*m^2/sec]: 1.480052e+39 
(RotVel) Rotational Velocity [m/sec]: 124.340138 
(BodyType) Type of Body (0 == planet) []: 0.000000 
(RotRate) Rotational Frequency [/sec]: 8.543480e-07 
(RotPer) Rotational Period [sec]: 7.354363e+06 
(Density) Average Density [kg/m^3]: 2.988430e+04 
(HZLimitDryRunaway) Semi-major axis of Dry Runaway HZ Limit [m]: 9.010878e+09 
(HZLimRecVenus) Recent Venus HZ Limit [m]: 8.067379e+09 
(HZLimRunaway) Runaway Greenhouse HZ Limit [m]: 1.064292e+10 
(HZLimMoistGreenhouse) Moist Greenhouse HZ Limit [m]: 1.067447e+10 
(HZLimMaxGreenhouse) Maximum Greenhouse HZ Limit [m]: 2.026100e+10 
(HZLimEarlyMars) Early Mars HZ Limit [m]: 2.209687e+10 
(Instellation) Orbit-averaged INcident STELLar radiATION [kg/sec^3]: -1.000000 
(CriticalSemiMajorAxis) Holman & Wiegert (1999) P-type Critical Semi-major Axis [m]: -1.000000 
(LXUVTot) Total XUV Luminosity [LSUN]: 5.805894e-07 
(LostEnergy) Body's Total Lost Energy [kg*m^2/sec^2]: 2.950868e+40 
(LostAngMom) Lost Angular Momentum due to Magnetic Braking [kg*m^2/sec]: 1.560900e+42 
(EscapeVelocity) Escape Velocity [m/sec]: 5.949214e+05 
----- STELLAR PARAMETERS (star)------
(Luminosity) Luminosity [LSUN]: 0.004404 
(LXUVStellar) Base X-ray/XUV Luminosity [LSUN]: 2.233651e-07 
(Temperature) Effective Temperature [K]: 3243.929203 
(LXUVFrac) Fraction of luminosity in XUV []: 5.071921e-05 
(RossbyNumber) Rossby Number []: 1.426611 
(DRotPerDtStellar) Time Rate of Change of Rotation Period in STELLAR []: 2.326685e-11 
(WindTorque) Stellar Wind Torque []: 3.318984e+21 
----- FLARE PARAMETERS (star)------
(LXUVFlare) XUV Luminosity from flares [LSUN]: 3.572238e-07 
(FlareFreq1) First value of flare frequency range [/sec]: 5.638139e-07 
(FlareFreq2) Second value of flare frequency range [/sec]: 3.872271e-07 
(FlareFreq3) Third value of flare frequency range [/sec]: 2.659475e-07 
(FlareFreq4) Fourth value of flare frequency range [/sec]: 1.826526e-07 
(FlareFreqMin) Frequency of the flares with the lowest energy [/sec]: 5.638139e-07 
(FlareFreqMid) Frequency of the flares with the middle energy in the energy range [/sec]: 1.316546e-08 
(FlareFreqMax) Frequency of the flares with the highest energy [/sec]: 3.074231e-10 
(FlareEnergy1) First value of flare energy range [kg*m^2/sec^2]: 5.334000e+25 
(FlareEnergy2) Second value of flare energy range [kg*m^2/sec^2]: 7.534475e+25 
(FlareEnergy3) Third value of flare energy range [kg*m^2/sec^2]: 1.064273e+26 
(FlareEnergy4) Fourth value of flare energy range [kg*m^2/sec^2]: 1.503325e+26 
(FlareEnergyMin) Minimum flare energy [kg*m^2/sec^2]: 5.334000e+25 
(FlareEnergyMid) Middle flare energy in the range of energy values [kg*m^2/sec^2]: 1.686759e+27 
(FlareEnergyMax) Maximum flare energy [kg*m^2/sec^2]: 5.334000e+28 
(FlareYIntOUT) Instantaneous Davenport FFD y-intercept at current age and mass []: 34.288130 
(FlareSlopeOUT) Instantaneous Davenport FFD slope at current age and mass []: -1.087800 

Output Order: Time[year] Luminosity[LSUN] LXUVStellar[LSUN] LXUVFlare[LSUN] LXUVTot[LSUN]
Grid Output Order:

----- BODY: b ----
Active Modules: AtmEsc
Module Bit Sum: 9
Color: 000000
(Mass) Mass [kg]: 1.017882e+25 
(Radius) Radius [m]: 7.287795e+06 
(RadGyra) Radius of Gyration/Moment of Inertia Constant []: 0.500000 
(BodyType) Type of Body (0 == planet) []: 0.000000 
(Density) Average Density [kg/m^3]: 6277.987795 
(HZLimitDryRunaway) Semi-major axis of Dry Runaway HZ Limit [m]: 9.010915e+09 
(HZLimRecVenus) Recent Venus HZ Limit [m]: 8.067379e+09 
(HZLimRunaway) Runaway Greenhouse HZ Limit [m]: 1.064292e+10 
(HZLimMoistGreenhouse) Moist Greenhouse HZ Limit [m]: 1.067447e+10 
(HZLimMaxGreenhouse) Maximum Greenhouse HZ Limit [m]: 2.026100e+10 
(HZLimEarlyMars) Early Mars HZ Limit [m]: 2.209687e+10 
(Instellation) Orbit-averaged INcident STELLar radiATION [kg/sec^3]: 2.447556e+04 
(MeanMotion) Orbital Mean Motion [/sec]: 4.464316e-05 
(OrbPeriod) Orbital Period [sec]: 1.407424e+05 
(SemiMajorAxis) Semi-major Axis [m]: 2.346690e+09 
(LXUVTot) Total XUV Luminosity [kg/sec^3]: -1.000000 
(EscapeVelocity) Escape Velocity [m/sec]: 1.365425e+04 
----- ATMESC PARAMETERS (b)------
(SurfWaterMass) Surface water mass [kg]: 0.000000 
(EnvelopeMass) Envelope mass [kg]: 0.000000 
(OxygenMass) Oxygen mass in the atmosphere [kg]: 0.000000 
(RGLimit) Runaway greenhouse semi-major axis [m]: 1.019474e+10 
(XO) Atomic oxygen mixing ratio in upper atmosphere []: 0.000000 
(EtaO) Oxygen eta parameter (Luger and Barnes 2015) []: 0.000000 
(PlanetRadius) Planet radius [m]: 7.287795e+06 
(OxygenMantleMass) Mass of oxygen in mantle [kg]: 0.000000 
(RadXUV) XUV radius separating hydro. dyn. escape and equilibrium [m]: -1.000000 
(RadSolid) Radius to the solid surface [m]: -1.000000 
(PresXUV) Pressure at base of thermosphere [(null)]: 5.000000 
(ScaleHeight) Scale height in Lehmer & Catling (2016) model [m]: -1.000000 
(ThermTemp) Isothermal atmospheric temperature [K]: 400.000000 
(AtmGasConst) Atmospheric gas constant [(null)]: 4124.000000 
(PresSurf) Surface pressure due to atmosphere [Pa]: -1.000000 
(DEnvMassDt) Envelope Mass Loss Rate [kg/s]: 0.000000 
(FXUV) XUV flux [W/m^2]: 3.226702 
(AtmXAbsEffH2O) XUV atmospheric escape efficiency for H2O []: 0.300000 
(RocheRadius) Roche Lobe Radius [m]: 4.843517e+07 
(BondiRadius) Bondi Radius [m]: 6.337683e+08 
(HEscapeRegime) Integer flag for H envelope escape regime []: 8.000000 
(RRCriticalFlux) Critical XUV Flux that separates RR and energy-limited escape [W/m^2]: 62.976980 
(CrossoverMass) Crossover mass, defines oxygen is escaping if mc > mo [kg]: 0.000000 
(WaterEscapeRegime) What water escape regime the code is currently in []: 8.000000 
(FXUVCRITDRAG) Critical Drag XUV flux [W/m^2]: 0.518662 
(HREFFLUX) The Hydrogen Reference Flux (m^-2 s^-1) [m^-2 s^-1]: 2.014653e+18 
(XO2) Molecular oxygen mixing ratio in atmosphere []: 0.000000 
(XH2O) Water mixing ratio in upper atmosphere []: 0.000000 
(HDiffFlux) The Hydrogen Diffusion Flux (m^-2 s^-1) [m^-2 s^-1]: 2.476812e+17 
(HRefODragMod) Multiply by H ref flux to get flux with drag []: 1.000000 
(KTide) Mass loss enhancement due to stellar gravity []: 0.776006 
(CumulativeXUVFlux) Cumulative XUV flux [W/m^2]: 2.342107e+18 
(RunawayGreenhouseFlux) Incident flux that triggers runaway greenhouse [kg/sec^3]: 1296.845562 
(RGDuration) Runaway Greenhouse Duration [years]: 0.00000e+00

Output Order: Time[year] CumulativeXUVFlux[W/m^2]
Grid Output Order:
