-------- Log file gj1132.log -------

Executable: /home/vplanet/.local/bin/vplanet
Version: Unknown
System Name: gj1132
Primary Input File: vpl.in
Body File #1: star.in
Body File #2: b.in
Allow files to be overwitten: Yes
Mass Units: Grams
Length Units: Meters
Time Units: Seconds
Angle Units: Radians

------- FORMATTING -----
Verbosity Level: 5
Crossover Decade for Scientific Notation: 4
Number of Digits After Decimal: 6
Integration Method: Runge-Kutta4
Direction: Forward
Time Step: 3.155760e+07
Stop Time: 2.096923e+17
Output Interval: 3.155760e+13
Use Variable Timestep: Yes
dEta: 0.010000
Minimum Value of ecc and obl: 1.000000e-10


---- INITIAL SYSTEM PROPERTIES ----
(Age) System Age [sec]: 1.992522e+14 
(Time) Simulation Time [sec]: 0.000000 
(TotAngMom) Total Angular Momentum [kg*m^2/sec]: 1.344273e+42 
(TotEnergy) Total System Energy [kg*m^2/sec^2]: -1.269547e+40 
(PotEnergy) Body's non-orbital Potential Energy [kg*m^2/sec^2]: -1.274421e+40 
(KinEnergy) Body's non-orbital Kinetic Energy [kg*m^2/sec^2]: 4.879149e+37 
(DeltaTime) Average Timestep Over Last Output Interval [sec]: 0.000000 

----- BODY: star ----
Active Modules: FLARE STELLAR
Module Bit Sum: 577
Color: 000000
(Mass) Mass [kg]: 3.894614e+29 
(Radius) Radius [m]: 4.766191e+08 
(RadGyra) Radius of Gyration/Moment of Inertia Constant []: 0.456686 
(RotAngMom) Rotational Angular Momentum [kg*m^2/sec]: 1.341862e+42 
(RotVel) Rotational Velocity [m/sec]: 3.466072e+04 
(BodyType) Type of Body (0 == planet) []: 0.000000 
(RotRate) Rotational Frequency [/sec]: 7.272205e-05 
(RotPer) Rotational Period [sec]: 8.640000e+04 
(Density) Average Density [kg/m^3]: 858.739279 
(HZLimitDryRunaway) Semi-major axis of Dry Runaway HZ Limit [m]: 2.891491e+10 
(HZLimRecVenus) Recent Venus HZ Limit [m]: 2.590080e+10 
(HZLimRunaway) Runaway Greenhouse HZ Limit [m]: 3.416151e+10 
(HZLimMoistGreenhouse) Moist Greenhouse HZ Limit [m]: 3.427101e+10 
(HZLimMaxGreenhouse) Maximum Greenhouse HZ Limit [m]: 6.511559e+10 
(HZLimEarlyMars) Early Mars HZ Limit [m]: 7.101564e+10 
(Instellation) Orbit-averaged INcident STELLar radiATION [kg/sec^3]: -1.000000 
(CriticalSemiMajorAxis) Holman & Wiegert (1999) P-type Critical Semi-major Axis [m]: -1.000000 
(LXUVTot) Total XUV Luminosity [LSUN]: 7.492284e-05 
(LostEnergy) Body's Total Lost Energy [kg*m^2/sec^2]: 5.562685e-309 
(LostAngMom) Lost Angular Momentum due to Magnetic Braking [kg*m^2/sec]: 5.562685e-309 
(EscapeVelocity) Escape Velocity [m/sec]: 3.302658e+05 
----- STELLAR PARAMETERS (star)------
(Luminosity) Luminosity [LSUN]: 0.045347 
(LXUVStellar) Base X-ray/XUV Luminosity [LSUN]: 7.413760e-05 
(Temperature) Effective Temperature [K]: 3217.175284 
(LXUVFrac) Fraction of luminosity in XUV []: 0.001635 
(RossbyNumber) Rossby Number []: 0.016532 
(DRotPerDtStellar) Time Rate of Change of Rotation Period in STELLAR []: -1.113443e-10 
(WindTorque) Stellar Wind Torque []: 3.234599e+27 
----- FLARE PARAMETERS (star)------
(LXUVFlare) XUV Luminosity from flares [LSUN]: 7.852418e-07 
(FlareFreq1) First value of flare frequency range [/sec]: 3.292079e-05 
(FlareFreq2) Second value of flare frequency range [/sec]: 2.844760e-05 
(FlareFreq3) Third value of flare frequency range [/sec]: 2.458222e-05 
(FlareFreq4) Fourth value of flare frequency range [/sec]: 2.124206e-05 
(FlareFreqMin) Frequency of the flares with the lowest energy [/sec]: 3.292079e-05 
(FlareFreqMid) Frequency of the flares with the middle energy in the energy range [/sec]: 7.642312e-06 
(FlareFreqMax) Frequency of the flares with the highest energy [/sec]: 1.774105e-06 
(FlareEnergy1) First value of flare energy range [kg*m^2/sec^2]: 5.334000e+23 
(FlareEnergy2) Second value of flare energy range [kg*m^2/sec^2]: 6.715108e+23 
(FlareEnergy3) Third value of flare energy range [kg*m^2/sec^2]: 8.453820e+23 
(FlareEnergy4) Fourth value of flare energy range [kg*m^2/sec^2]: 1.064273e+24 
(FlareEnergyMin) Minimum flare energy [kg*m^2/sec^2]: 5.334000e+23 
(FlareEnergyMid) Middle flare energy in the range of energy values [kg*m^2/sec^2]: 5.334000e+24 
(FlareEnergyMax) Maximum flare energy [kg*m^2/sec^2]: 5.334000e+25 
(FlareYIntOUT) Instantaneous Davenport FFD y-intercept at current age and mass []: 19.942477 
(FlareSlopeOUT) Instantaneous Davenport FFD slope at current age and mass []: -0.634245 

Output Order: Time[year] Luminosity[LSUN] LXUVStellar[LSUN] LXUVFlare[LSUN] LXUVTot[LSUN]
Grid Output Order:

----- BODY: b ----
Active Modules: AtmEsc
Module Bit Sum: 9
Color: 000000
(Mass) Mass [kg]: 9.745401e+24 
(Radius) Radius [m]: 6.996073e+06 
(RadGyra) Radius of Gyration/Moment of Inertia Constant []: 0.500000 
(BodyType) Type of Body (0 == planet) []: 0.000000 
(Density) Average Density [kg/m^3]: 6794.354207 
(HZLimitDryRunaway) Semi-major axis of Dry Runaway HZ Limit [m]: 2.891510e+10 
(HZLimRecVenus) Recent Venus HZ Limit [m]: 2.590080e+10 
(HZLimRunaway) Runaway Greenhouse HZ Limit [m]: 3.416151e+10 
(HZLimMoistGreenhouse) Moist Greenhouse HZ Limit [m]: 3.427101e+10 
(HZLimMaxGreenhouse) Maximum Greenhouse HZ Limit [m]: 6.511559e+10 
(HZLimEarlyMars) Early Mars HZ Limit [m]: 7.101564e+10 
(Instellation) Orbit-averaged INcident STELLar radiATION [kg/sec^3]: 2.504956e+05 
(MeanMotion) Orbital Mean Motion [/sec]: 4.464511e-05 
(OrbPeriod) Orbital Period [sec]: 1.407362e+05 
(SemiMajorAxis) Semi-major Axis [m]: 2.353842e+09 
(LXUVTot) Total XUV Luminosity [kg/sec^3]: -1.000000 
(EscapeVelocity) Escape Velocity [m/sec]: 1.363609e+04 
----- ATMESC PARAMETERS (b)------
(SurfWaterMass) Surface water mass [kg]: 0.000000 
(EnvelopeMass) Envelope mass [kg]: 0.000000 
(OxygenMass) Oxygen mass in the atmosphere [kg]: 0.000000 
(RGLimit) Runaway greenhouse semi-major axis [m]: 3.275540e+10 
(XO) Atomic oxygen mixing ratio in upper atmosphere []: 0.000000 
(EtaO) Oxygen eta parameter (Luger and Barnes 2015) []: 0.000000 
(PlanetRadius) Planet radius [m]: 6.996073e+06 
(OxygenMantleMass) Mass of oxygen in mantle [kg]: 0.000000 
(RadXUV) XUV radius separating hydro. dyn. escape and equilibrium [m]: -1.000000 
(RadSolid) Radius to the solid surface [m]: -1.000000 
(PresXUV) Pressure at base of thermosphere [(null)]: 5.000000 
(ScaleHeight) Scale height in Lehmer & Catling (2016) model [m]: -1.000000 
(ThermTemp) Isothermal atmospheric temperature [K]: 400.000000 
(AtmGasConst) Atmospheric gas constant [(null)]: 4124.000000 
(PresSurf) Surface pressure due to atmosphere [Pa]: -1.000000 
(DEnvMassDt) Envelope Mass Loss Rate [kg/s]: 0.000000 
(FXUV) XUV flux [W/m^2]: 413.868023 
(AtmXAbsEffH2O) XUV atmospheric escape efficiency for H2O []: 0.300000 
(RocheRadius) Roche Lobe Radius [m]: 4.773629e+07 
(BondiRadius) Bondi Radius [m]: 3.375756e+08 
(HEscapeRegime) Integer flag for H envelope escape regime []: 8.000000 
(RRCriticalFlux) Critical XUV Flux that separates RR and energy-limited escape [W/m^2]: 66.222436 
(CrossoverMass) Crossover mass, defines oxygen is escaping if mc > mo [kg]: 0.000000 
(WaterEscapeRegime) What water escape regime the code is currently in []: 8.000000 
(FXUVCRITDRAG) Critical Drag XUV flux [W/m^2]: 0.537420 
(HREFFLUX) The Hydrogen Reference Flux (m^-2 s^-1) [m^-2 s^-1]: 2.571950e+20 
(XO2) Molecular oxygen mixing ratio in atmosphere []: 0.000000 
(XH2O) Water mixing ratio in upper atmosphere []: 0.000000 
(HDiffFlux) The Hydrogen Diffusion Flux (m^-2 s^-1) [m^-2 s^-1]: 2.573232e+17 
(HRefODragMod) Multiply by H ref flux to get flux with drag []: 1.000000 
(KTide) Mass loss enhancement due to stellar gravity []: 0.781739 
(CumulativeXUVFlux) Cumulative XUV flux [W/m^2]: 0.000000 
(RunawayGreenhouseFlux) Incident flux that triggers runaway greenhouse [kg/sec^3]: 1293.550179 
(RGDuration) Runaway Greenhouse Duration [years]: 0.00000e+00

Output Order: Time[year] CumulativeXUVFlux[W/m^2]
Grid Output Order:



---- FINAL SYSTEM PROPERTIES ----
(Age) System Age [sec]: 2.098995e+17 
(Time) Simulation Time [sec]: 2.097002e+17 
(TotAngMom) Total Angular Momentum [kg*m^2/sec]: 1.348090e+42 
(TotEnergy) Total System Energy [kg*m^2/sec^2]: -1.268235e+40 
(PotEnergy) Body's non-orbital Potential Energy [kg*m^2/sec^2]: -4.129639e+40 
(KinEnergy) Body's non-orbital Kinetic Energy [kg*m^2/sec^2]: 6.592486e+32 
(DeltaTime) Average Timestep Over Last Output Interval [sec]: 1.577880e+13 

----- BODY: star ----
Active Modules: FLARE STELLAR
Module Bit Sum: 577
Color: 000000
(Mass) Mass [kg]: 3.894614e+29 
(Radius) Radius [m]: 1.470863e+08 
(RadGyra) Radius of Gyration/Moment of Inertia Constant []: 0.460365 
(RotAngMom) Rotational Angular Momentum [kg*m^2/sec]: 1.534428e+39 
(RotVel) Rotational Velocity [m/sec]: 126.387788 
(BodyType) Type of Body (0 == planet) []: 0.000000 
(RotRate) Rotational Frequency [/sec]: 8.592761e-07 
(RotPer) Rotational Period [sec]: 7.312184e+06 
(Density) Average Density [kg/m^3]: 2.921855e+04 
(HZLimitDryRunaway) Semi-major axis of Dry Runaway HZ Limit [m]: 9.126744e+09 
(HZLimRecVenus) Recent Venus HZ Limit [m]: 8.170272e+09 
(HZLimRunaway) Runaway Greenhouse HZ Limit [m]: 1.077917e+10 
(HZLimMoistGreenhouse) Moist Greenhouse HZ Limit [m]: 1.081061e+10 
(HZLimMaxGreenhouse) Maximum Greenhouse HZ Limit [m]: 2.051530e+10 
(HZLimEarlyMars) Early Mars HZ Limit [m]: 2.237422e+10 
(Instellation) Orbit-averaged INcident STELLar radiATION [kg/sec^3]: -1.000000 
(CriticalSemiMajorAxis) Holman & Wiegert (1999) P-type Critical Semi-major Axis [m]: -1.000000 
(LXUVTot) Total XUV Luminosity [LSUN]: 7.654710e-07 
(LostEnergy) Body's Total Lost Energy [kg*m^2/sec^2]: 2.861409e+40 
(LostAngMom) Lost Angular Momentum due to Magnetic Braking [kg*m^2/sec]: 1.344145e+42 
(EscapeVelocity) Escape Velocity [m/sec]: 5.945155e+05 
----- STELLAR PARAMETERS (star)------
(Luminosity) Luminosity [LSUN]: 0.004518 
(LXUVStellar) Base X-ray/XUV Luminosity [LSUN]: 3.778152e-07 
(Temperature) Effective Temperature [K]: 3249.177140 
(LXUVFrac) Fraction of luminosity in XUV []: 8.362557e-05 
(RossbyNumber) Rossby Number []: 1.422247 
(DRotPerDtStellar) Time Rate of Change of Rotation Period in STELLAR []: 1.683484e-11 
(WindTorque) Stellar Wind Torque []: 3.592007e+21 
----- FLARE PARAMETERS (star)------
(LXUVFlare) XUV Luminosity from flares [LSUN]: 3.876512e-07 
(FlareFreq1) First value of flare frequency range [/sec]: 8.348000e-05 
(FlareFreq2) Second value of flare frequency range [/sec]: 6.506892e-05 
(FlareFreq3) Third value of flare frequency range [/sec]: 5.071831e-05 
(FlareFreq4) Fourth value of flare frequency range [/sec]: 3.953265e-05 
(FlareFreqMin) Frequency of the flares with the lowest energy [/sec]: 8.348000e-05 
(FlareFreqMid) Frequency of the flares with the middle energy in the energy range [/sec]: 6.910258e-06 
(FlareFreqMax) Frequency of the flares with the highest energy [/sec]: 5.720132e-07 
(FlareEnergy1) First value of flare energy range [kg*m^2/sec^2]: 5.334000e+23 
(FlareEnergy2) Second value of flare energy range [kg*m^2/sec^2]: 6.715108e+23 
(FlareEnergy3) Third value of flare energy range [kg*m^2/sec^2]: 8.453820e+23 
(FlareEnergy4) Fourth value of flare energy range [kg*m^2/sec^2]: 1.064273e+24 
(FlareEnergyMin) Minimum flare energy [kg*m^2/sec^2]: 5.334000e+23 
(FlareEnergyMid) Middle flare energy in the range of energy values [kg*m^2/sec^2]: 5.334000e+24 
(FlareEnergyMax) Maximum flare energy [kg*m^2/sec^2]: 5.334000e+25 
(FlareYIntOUT) Instantaneous Davenport FFD y-intercept at current age and mass []: 34.107478 
(FlareSlopeOUT) Instantaneous Davenport FFD slope at current age and mass []: -1.082088 

Output Order: Time[year] Luminosity[LSUN] LXUVStellar[LSUN] LXUVFlare[LSUN] LXUVTot[LSUN]
Grid Output Order:

----- BODY: b ----
Active Modules: AtmEsc
Module Bit Sum: 9
Color: 000000
(Mass) Mass [kg]: 9.745401e+24 
(Radius) Radius [m]: 6.996073e+06 
(RadGyra) Radius of Gyration/Moment of Inertia Constant []: 0.500000 
(BodyType) Type of Body (0 == planet) []: 0.000000 
(Density) Average Density [kg/m^3]: 6794.354207 
(HZLimitDryRunaway) Semi-major axis of Dry Runaway HZ Limit [m]: 9.126801e+09 
(HZLimRecVenus) Recent Venus HZ Limit [m]: 8.170272e+09 
(HZLimRunaway) Runaway Greenhouse HZ Limit [m]: 1.077917e+10 
(HZLimMoistGreenhouse) Moist Greenhouse HZ Limit [m]: 1.081061e+10 
(HZLimMaxGreenhouse) Maximum Greenhouse HZ Limit [m]: 2.051530e+10 
(HZLimEarlyMars) Early Mars HZ Limit [m]: 2.237422e+10 
(Instellation) Orbit-averaged INcident STELLar radiATION [kg/sec^3]: 2.495675e+04 
(MeanMotion) Orbital Mean Motion [/sec]: 4.464511e-05 
(OrbPeriod) Orbital Period [sec]: 1.407362e+05 
(SemiMajorAxis) Semi-major Axis [m]: 2.353842e+09 
(LXUVTot) Total XUV Luminosity [kg/sec^3]: -1.000000 
(EscapeVelocity) Escape Velocity [m/sec]: 1.363609e+04 
----- ATMESC PARAMETERS (b)------
(SurfWaterMass) Surface water mass [kg]: 0.000000 
(EnvelopeMass) Envelope mass [kg]: 0.000000 
(OxygenMass) Oxygen mass in the atmosphere [kg]: 0.000000 
(RGLimit) Runaway greenhouse semi-major axis [m]: 1.033563e+10 
(XO) Atomic oxygen mixing ratio in upper atmosphere []: 0.000000 
(EtaO) Oxygen eta parameter (Luger and Barnes 2015) []: 0.000000 
(PlanetRadius) Planet radius [m]: 6.996073e+06 
(OxygenMantleMass) Mass of oxygen in mantle [kg]: 0.000000 
(RadXUV) XUV radius separating hydro. dyn. escape and equilibrium [m]: -1.000000 
(RadSolid) Radius to the solid surface [m]: -1.000000 
(PresXUV) Pressure at base of thermosphere [(null)]: 5.000000 
(ScaleHeight) Scale height in Lehmer & Catling (2016) model [m]: -1.000000 
(ThermTemp) Isothermal atmospheric temperature [K]: 400.000000 
(AtmGasConst) Atmospheric gas constant [(null)]: 4124.000000 
(PresSurf) Surface pressure due to atmosphere [Pa]: -1.000000 
(DEnvMassDt) Envelope Mass Loss Rate [kg/s]: 0.000000 
(FXUV) XUV flux [W/m^2]: 4.228403 
(AtmXAbsEffH2O) XUV atmospheric escape efficiency for H2O []: 0.300000 
(RocheRadius) Roche Lobe Radius [m]: 4.773629e+07 
(BondiRadius) Bondi Radius [m]: 6.016888e+08 
(HEscapeRegime) Integer flag for H envelope escape regime []: 8.000000 
(RRCriticalFlux) Critical XUV Flux that separates RR and energy-limited escape [W/m^2]: 66.222436 
(CrossoverMass) Crossover mass, defines oxygen is escaping if mc > mo [kg]: 0.000000 
(WaterEscapeRegime) What water escape regime the code is currently in []: 8.000000 
(FXUVCRITDRAG) Critical Drag XUV flux [W/m^2]: 0.537420 
(HREFFLUX) The Hydrogen Reference Flux (m^-2 s^-1) [m^-2 s^-1]: 2.627707e+18 
(XO2) Molecular oxygen mixing ratio in atmosphere []: 0.000000 
(XH2O) Water mixing ratio in upper atmosphere []: 0.000000 
(HDiffFlux) The Hydrogen Diffusion Flux (m^-2 s^-1) [m^-2 s^-1]: 2.573232e+17 
(HRefODragMod) Multiply by H ref flux to get flux with drag []: 1.000000 
(KTide) Mass loss enhancement due to stellar gravity []: 0.781739 
(CumulativeXUVFlux) Cumulative XUV flux [W/m^2]: 3.900828e+18 
(RunawayGreenhouseFlux) Incident flux that triggers runaway greenhouse [kg/sec^3]: 1294.383869 
(RGDuration) Runaway Greenhouse Duration [years]: 0.00000e+00

Output Order: Time[year] CumulativeXUVFlux[W/m^2]
Grid Output Order:
