-------- Log file gj1132.log -------

Executable: /home/vplanet/.local/bin/vplanet
Version: v1.0.0-10152-g6bccf9cc92a813bfdb457599676b24250ebfa7a1
System Name: gj1132
Primary Input File: vpl.in
Body File #1: star.in
Body File #2: b.in
Allow files to be overwitten: Yes
Mass Units: Grams
Length Units: Meters
Time Units: Seconds
Angle Units: Radians

------- FORMATTING -----
Verbosity Level: 5
Crossover Decade for Scientific Notation: 4
Number of Digits After Decimal: 6
Integration Method: Runge-Kutta4
Direction: Forward
Time Step: 3.155760e+07
Stop Time: 2.215290e+17
Output Interval: 3.155760e+13
Use Variable Timestep: Yes
dEta: 0.010000
Minimum Value of ecc and obl: 1.000000e-10


---- INITIAL SYSTEM PROPERTIES ----
(Age) System Age [sec]: 1.379687e+14 
(Time) Simulation Time [sec]: 0.000000 
(TotAngMom) Total Angular Momentum [kg*m^2/sec]: 1.771478e+42 
(TotEnergy) Total System Energy [kg*m^2/sec^2]: -1.106050e+40 
(PotEnergy) Body's non-orbital Potential Energy [kg*m^2/sec^2]: -1.112476e+40 
(KinEnergy) Body's non-orbital Kinetic Energy [kg*m^2/sec^2]: 6.432228e+37 
(DeltaTime) Average Timestep Over Last Output Interval [sec]: 0.000000 

----- BODY: star ----
Active Modules: FLARE STELLAR
Module Bit Sum: 577
Color: 000000
(Mass) Mass [kg]: 3.903802e+29 
(TimeStepVar) Number of variable responsible for setting timestep []: 0.000000 
(Radius) Radius [m]: 5.485805e+08 
(RadGyra) Radius of Gyration/Moment of Inertia Constant []: 0.455036 
(RotAngMom) Rotational Angular Momentum [kg*m^2/sec]: 1.768990e+42 
(RotVel) Rotational Velocity [m/sec]: 3.989390e+04 
(BodyType) Type of Body (0 == planet) []: 0.000000 
(RotRate) Rotational Frequency [/sec]: 7.272205e-05 
(RotPer) Rotational Period [sec]: 8.640000e+04 
(Density) Average Density [kg/m^3]: 564.518193 
(HZLimitDryRunaway) Semi-major axis of Dry Runaway HZ Limit [m]: 3.283788e+10 
(HZLimRecVenus) Recent Venus HZ Limit [m]: 2.942573e+10 
(HZLimRunaway) Runaway Greenhouse HZ Limit [m]: 3.880399e+10 
(HZLimMoistGreenhouse) Moist Greenhouse HZ Limit [m]: 3.893508e+10 
(HZLimMaxGreenhouse) Maximum Greenhouse HZ Limit [m]: 7.403169e+10 
(HZLimEarlyMars) Early Mars HZ Limit [m]: 8.073952e+10 
(Instellation) Orbit-averaged INcident STELLar radiATION [kg/sec^3]: -1.000000 
(CriticalSemiMajorAxis) Holman & Wiegert (1999) P-type Critical Semi-major Axis [m]: -1.000000 
(LXUVTot) Total XUV Luminosity [LSUN]: 0.000137 
(LostEnergy) Body's Total Lost Energy [kg*m^2/sec^2]: 5.562685e-309 
(LostAngMom) Lost Angular Momentum due to Magnetic Braking [kg*m^2/sec]: 5.562685e-309 
(EscapeVelocity) Escape Velocity [m/sec]: 3.082059e+05 
(CassiniL) Correia (2015)'s Cassini state angular momnetum invariant []: -1.000000 
(CassiniG1) Correia (2015)'s Cassini state G1 parameter []: -1.000000 
(CassiniG2) Correia (2015)'s Cassini state G2 parameter []: -1.000000 
(CassiniAlpha1) Correia (2015)'s Cassini state alpha1 parameter []: -1.000000 
(CassiniAlpha2) Correia (2015)'s Cassini state alpha2 parameter []: -1.000000 
(CassiniGamma) Correia (2015)'s Cassini state gamma parameter []: -1.000000 
----- STELLAR PARAMETERS (star)------
(Luminosity) Luminosity [LSUN]: 0.058487 
(LXUVStellar) Quiescent XUV Luminosity [LSUN]: 0.000124 
(Temperature) Effective Temperature [K]: 3197.902528 
(LXUVFrac) Fraction of luminosity in XUV []: 0.002126 
(RossbyNumber) Rossby Number []: 0.016370 
(DRotPerDtStellar) Time Rate of Change of Rotation Period in STELLAR []: -1.605124e-10 
(WindTorque) Stellar Wind Torque []: 6.836583e+27 
----- FLARE PARAMETERS (star)------
(LXUVFlare) XUV Luminosity from flares [LSUN]: 1.296730e-05 
(FlareFreq1) First value of flare frequency range [/sec]: 8.754923e-07 
(FlareFreq2) Second value of flare frequency range [/sec]: 7.082885e-07 
(FlareFreq3) Third value of flare frequency range [/sec]: 5.730177e-07 
(FlareFreq4) Fourth value of flare frequency range [/sec]: 4.635813e-07 
(FlareFreqMin) Frequency of the flares with the lowest energy [/sec]: 8.754923e-07 
(FlareFreqMid) Frequency of the flares with the middle energy in the energy range [/sec]: 1.051552e-07 
(FlareFreqMax) Frequency of the flares with the highest energy [/sec]: 1.263018e-08 
(FlareEnergy1) First value of flare energy range [kg*m^2/sec^2]: 1.000000e+26 
(FlareEnergy2) Second value of flare energy range [kg*m^2/sec^2]: 1.412538e+26 
(FlareEnergy3) Third value of flare energy range [kg*m^2/sec^2]: 1.995262e+26 
(FlareEnergy4) Fourth value of flare energy range [kg*m^2/sec^2]: 2.818383e+26 
(FlareEnergyMin) Minimum flare energy [kg*m^2/sec^2]: 1.000000e+26 
(FlareEnergyMid) Middle flare energy in the range of energy values [kg*m^2/sec^2]: 3.162278e+27 
(FlareEnergyMax) Maximum flare energy [kg*m^2/sec^2]: 1.000000e+29 
(FlareEnergyXUV1) First value of flare energy range in XUV [kg*m^2/sec^2]: 1.875000e+26 
(FlareEnergyXUV2) Second value of flare energy range in XUV [kg*m^2/sec^2]: 2.648508e+26 
(FlareEnergyXUV3) Third value of flare energy range in XUV [kg*m^2/sec^2]: 3.741117e+26 
(FlareEnergyXUV4) Fourth value of flare energy range in XUV [kg*m^2/sec^2]: 5.284468e+26 
(FlareEnergyXUVMin) Minimum flare energy in the XUV range [kg*m^2/sec^2]: 1.875000e+26 
(FlareEnergyXUVMid) Middle flare energy in the range of energy values of XUV [kg*m^2/sec^2]: 5.929271e+27 
(FlareEnergyXUVMax) Maximum flare energy in the XUV range [kg*m^2/sec^2]: 1.875000e+29 
(FlareYIntOUT) FFD Y-Intercept [/sec]: 19.295555 
(FlareSlopeOUT) FFD slope [kg*m^2/sec^3]: -0.613614 
(CMEFluence30MeV) Particle flux of 30 MeV protons due to CMEs at the stellar surface [m^-2 sec^-1]: 1.471730e+21 
(FlareFreqKepler1) First Kepler-band flare frequency [/sec]: 1.287567e-06 
(FlareFreqKepler2) Second Kepler-band flare frequency [/sec]: 1.041664e-06 
(FlareFreqKepler3) Third Kepler-band flare frequency [/sec]: 8.427243e-07 
(FlareFreqKepler4) Fourth Kepler-band flare frequency [/sec]: 6.817786e-07 

Output Order: Time[year] Luminosity[LSUN] LXUVStellar[LSUN] LXUVFlare[LSUN] LXUVTot[LSUN]
Grid Output Order:

----- BODY: b ----
Active Modules: AtmEsc
Module Bit Sum: 9
Color: 000000
(Mass) Mass [kg]: 1.004490e+25 
(TimeStepVar) Number of variable responsible for setting timestep []: 0.000000 
(Radius) Radius [m]: 7.152761e+06 
(RadGyra) Radius of Gyration/Moment of Inertia Constant []: 0.500000 
(BodyType) Type of Body (0 == planet) []: 0.000000 
(Density) Average Density [kg/m^3]: 6552.935104 
(SurfWaterMass) Surface water mass [kg]: 0.000000 
(HZLimitDryRunaway) Semi-major axis of Dry Runaway HZ Limit [m]: 3.283795e+10 
(HZLimRecVenus) Recent Venus HZ Limit [m]: 2.942573e+10 
(HZLimRunaway) Runaway Greenhouse HZ Limit [m]: 3.880399e+10 
(HZLimMoistGreenhouse) Moist Greenhouse HZ Limit [m]: 3.893508e+10 
(HZLimMaxGreenhouse) Maximum Greenhouse HZ Limit [m]: 7.403169e+10 
(HZLimEarlyMars) Early Mars HZ Limit [m]: 8.073952e+10 
(Instellation) Orbit-averaged INcident STELLar radiATION [kg/sec^3]: 3.225454e+05 
(MeanMotion) Orbital Mean Motion [/sec]: 4.464270e-05 
(OrbPeriod) Orbital Period [sec]: 1.407439e+05 
(SemiMajorAxis) Semi-major Axis [m]: 2.355777e+09 
(LXUVTot) Total XUV Luminosity [kg/sec^3]: -1.000000 
(EscapeVelocity) Escape Velocity [m/sec]: 1.369157e+04 
(CassiniL) Correia (2015)'s Cassini state angular momnetum invariant []: -1.000000 
(CassiniG1) Correia (2015)'s Cassini state G1 parameter []: -1.000000 
(CassiniG2) Correia (2015)'s Cassini state G2 parameter []: -1.000000 
(CassiniAlpha1) Correia (2015)'s Cassini state alpha1 parameter []: -1.000000 
(CassiniAlpha2) Correia (2015)'s Cassini state alpha2 parameter []: -1.000000 
(CassiniGamma) Correia (2015)'s Cassini state gamma parameter []: -1.000000 
----- ATMESC PARAMETERS (b)------
(OceanMassLost) Ocean Mass Lost [kg]: 0.000000 
(WaterLossRate) Water Loss Rate [kg/sec]: 5.562685e-309 
(EnvelopeMass) Envelope mass [kg]: 0.000000 
(OxygenMass) Oxygen mass in the atmosphere [kg]: 0.000000 
(RGLimit) Runaway greenhouse semi-major axis [m]: 3.718066e+10 
(XO) Atomic oxygen mixing ratio in upper atmosphere []: 0.000000 
(EtaO) Oxygen eta parameter (Luger and Barnes 2015) []: 0.000000 
(PlanetRadius) Planet radius [m]: 7.152761e+06 
(OxygenMantleMass) Mass of oxygen in mantle [kg]: 0.000000 
(RadXUV) XUV radius separating hydro. dyn. escape and equilibrium [m]: -1.000000 
(RadSolid) Radius to the solid surface [m]: -1.000000 
(PresXUV) Pressure at base of thermosphere [kg/m/sec^2]: 5.000000 
(ScaleHeight) Scale height in Lehmer & Catling (2016) model [m]: -1.000000 
(ThermTemp) Isothermal atmospheric temperature [K]: 400.000000 
(AtmGasConst) Atmospheric gas constant [kg*m^2/sec^2/K/kg]: 1.700738e+04 
(PresSurf) Surface pressure due to atmosphere [kg/m/sec^2]: -1.000000 
(DEnvMassDt) Envelope Mass Loss Rate [kg/sec]: 0.000000 
(FXUV) XUV flux [W/m^2]: 757.362951 
(AtmXAbsEffH2O) XUV atmospheric escape efficiency for H2O []: 0.300000 
(RocheRadius) Roche Lobe Radius [m]: 4.822213e+07 
(BondiRadius) Bondi Radius [m]: 3.261471e+08 
(HEscapeRegime) Integer flag for H envelope escape regime []: 8.000000 
(RRCriticalFlux) Critical XUV Flux that separates RR and energy-limited escape [W/m^2]: 65.394856 
(CrossoverMass) Crossover mass, defines oxygen is escaping if mc > mo [kg]: 0.000000 
(WaterEscapeRegime) What water escape regime the code is currently in []: 8.000000 
(FXUVCRITDRAG) Critical Drag XUV flux [W/m^2]: -0.000000 
(HREFFLUX) The Hydrogen Reference Flux [m^-2 sec^-1]: 4.684096e+20 
(XO2) Molecular oxygen mixing ratio in atmosphere []: 0.000000 
(XH2O) Water mixing ratio in upper atmosphere []: 0.000000 
(HDiffFlux) The Hydrogen Diffusion Flux [m^-2 sec^-1]: -0.000000 
(HRefODragMod) Multiply by H ref flux to get flux with drag []: 1.000000 
(KTide) Mass loss enhancement due to stellar gravity []: 0.779138 
(CumulativeXUVFlux) Cumulative XUV flux [W/m^2]: 0.000000 
(CMELossHydrogen) Mass of hydrogen lost due to CME stripping [kg]: 0.000000 
(CMELossWater) Mass of water lost due to CME stripping [kg]: 0.000000 
(CMELossOxygen) Mass of oxygen lost due to CME stripping [kg]: 0.000000 
(CMELossCO2) Mass of carbon dioxide lost due to CME stripping [kg]: 0.000000 
(DEnvMassDtCME) Envelope Mass Loss Rate due to CMEs [kg/sec]: 0.000000 
(DWaterMassDtCME) Water Mass Loss Rate due to CMEs [kg/sec]: 0.000000 
(DCO2MassDtCME) CO2 Mass Loss Rate due to CMEs [kg/sec]: 0.000000 
(DOxygenMassDtCME) Oxygen Mass Loss Rate due to CMEs [kg/sec]: 0.000000 
(RGDuration) Runaway Greenhouse Duration [years]: 0.00000e+00

Output Order: Time[year] CumulativeXUVFlux[W/m^2]
Grid Output Order:



---- FINAL SYSTEM PROPERTIES ----
(Age) System Age [sec]: 2.216723e+17 
(Time) Simulation Time [sec]: 2.215344e+17 
(TotAngMom) Total Angular Momentum [kg*m^2/sec]: 1.776711e+42 
(TotEnergy) Total System Energy [kg*m^2/sec^2]: -1.103760e+40 
(PotEnergy) Body's non-orbital Potential Energy [kg*m^2/sec^2]: -4.122857e+40 
(KinEnergy) Body's non-orbital Kinetic Energy [kg*m^2/sec^2]: 6.279658e+32 
(DeltaTime) Average Timestep Over Last Output Interval [sec]: 1.577880e+13 

----- BODY: star ----
Active Modules: FLARE STELLAR
Module Bit Sum: 577
Color: 000000
(Mass) Mass [kg]: 3.903802e+29 
(TimeStepVar) Number of variable responsible for setting timestep []: 1005.000000 
(Radius) Radius [m]: 1.480243e+08 
(RadGyra) Radius of Gyration/Moment of Inertia Constant []: 0.460280 
(RotAngMom) Rotational Angular Momentum [kg*m^2/sec]: 1.508628e+39 
(RotVel) Rotational Velocity [m/sec]: 123.230077 
(BodyType) Type of Body (0 == planet) []: 0.000000 
(RotRate) Rotational Frequency [/sec]: 8.324992e-07 
(RotPer) Rotational Period [sec]: 7.547377e+06 
(Density) Average Density [kg/m^3]: 2.873429e+04 
(HZLimitDryRunaway) Semi-major axis of Dry Runaway HZ Limit [m]: 9.166778e+09 
(HZLimRecVenus) Recent Venus HZ Limit [m]: 8.205883e+09 
(HZLimRunaway) Runaway Greenhouse HZ Limit [m]: 1.082629e+10 
(HZLimMoistGreenhouse) Moist Greenhouse HZ Limit [m]: 1.085773e+10 
(HZLimMaxGreenhouse) Maximum Greenhouse HZ Limit [m]: 2.060360e+10 
(HZLimEarlyMars) Early Mars HZ Limit [m]: 2.247052e+10 
(Instellation) Orbit-averaged INcident STELLar radiATION [kg/sec^3]: -1.000000 
(CriticalSemiMajorAxis) Holman & Wiegert (1999) P-type Critical Semi-major Axis [m]: -1.000000 
(LXUVTot) Total XUV Luminosity [LSUN]: 1.171946e-06 
(LostEnergy) Body's Total Lost Energy [kg*m^2/sec^2]: 3.019103e+40 
(LostAngMom) Lost Angular Momentum due to Magnetic Braking [kg*m^2/sec]: 1.772714e+42 
(EscapeVelocity) Escape Velocity [m/sec]: 5.933277e+05 
(CassiniL) Correia (2015)'s Cassini state angular momnetum invariant []: -1.000000 
(CassiniG1) Correia (2015)'s Cassini state G1 parameter []: -1.000000 
(CassiniG2) Correia (2015)'s Cassini state G2 parameter []: -1.000000 
(CassiniAlpha1) Correia (2015)'s Cassini state alpha1 parameter []: -1.000000 
(CassiniAlpha2) Correia (2015)'s Cassini state alpha2 parameter []: -1.000000 
(CassiniGamma) Correia (2015)'s Cassini state gamma parameter []: -1.000000 
----- STELLAR PARAMETERS (star)------
(Luminosity) Luminosity [LSUN]: 0.004558 
(LXUVStellar) Quiescent XUV Luminosity [LSUN]: 8.120932e-07 
(Temperature) Effective Temperature [K]: 3250.595671 
(LXUVFrac) Fraction of luminosity in XUV []: 0.000178 
(RossbyNumber) Rossby Number []: 1.469060 
(DRotPerDtStellar) Time Rate of Change of Rotation Period in STELLAR []: 2.780779e-11 
(WindTorque) Stellar Wind Torque []: 3.166891e+21 
----- FLARE PARAMETERS (star)------
(LXUVFlare) XUV Luminosity from flares [LSUN]: 3.598307e-07 
(FlareFreq1) First value of flare frequency range [/sec]: 1.442558e-07 
(FlareFreq2) Second value of flare frequency range [/sec]: 9.910912e-08 
(FlareFreq3) Third value of flare frequency range [/sec]: 6.809165e-08 
(FlareFreq4) Fourth value of flare frequency range [/sec]: 4.678150e-08 
(FlareFreqMin) Frequency of the flares with the lowest energy [/sec]: 1.442558e-07 
(FlareFreqMid) Frequency of the flares with the middle energy in the energy range [/sec]: 3.380148e-09 
(FlareFreqMax) Frequency of the flares with the highest energy [/sec]: 7.920236e-11 
(FlareEnergy1) First value of flare energy range [kg*m^2/sec^2]: 1.000000e+26 
(FlareEnergy2) Second value of flare energy range [kg*m^2/sec^2]: 1.412538e+26 
(FlareEnergy3) Third value of flare energy range [kg*m^2/sec^2]: 1.995262e+26 
(FlareEnergy4) Fourth value of flare energy range [kg*m^2/sec^2]: 2.818383e+26 
(FlareEnergyMin) Minimum flare energy [kg*m^2/sec^2]: 1.000000e+26 
(FlareEnergyMid) Middle flare energy in the range of energy values [kg*m^2/sec^2]: 3.162278e+27 
(FlareEnergyMax) Maximum flare energy [kg*m^2/sec^2]: 1.000000e+29 
(FlareEnergyXUV1) First value of flare energy range in XUV [kg*m^2/sec^2]: 1.875000e+26 
(FlareEnergyXUV2) Second value of flare energy range in XUV [kg*m^2/sec^2]: 2.648508e+26 
(FlareEnergyXUV3) Third value of flare energy range in XUV [kg*m^2/sec^2]: 3.741117e+26 
(FlareEnergyXUV4) Fourth value of flare energy range in XUV [kg*m^2/sec^2]: 5.284468e+26 
(FlareEnergyXUVMin) Minimum flare energy in the XUV range [kg*m^2/sec^2]: 1.875000e+26 
(FlareEnergyXUVMid) Middle flare energy in the range of energy values of XUV [kg*m^2/sec^2]: 5.929271e+27 
(FlareEnergyXUVMax) Maximum flare energy in the XUV range [kg*m^2/sec^2]: 1.875000e+29 
(FlareYIntOUT) FFD Y-Intercept [/sec]: 34.256693 
(FlareSlopeOUT) FFD slope [kg*m^2/sec^3]: -1.086798 
(CMEFluence30MeV) Particle flux of 30 MeV protons due to CMEs at the stellar surface [m^-2 sec^-1]: 5.609431e+20 
(FlareFreqKepler1) First Kepler-band flare frequency [/sec]: 2.856477e-07 
(FlareFreqKepler2) Second Kepler-band flare frequency [/sec]: 1.962506e-07 
(FlareFreqKepler3) Third Kepler-band flare frequency [/sec]: 1.348315e-07 
(FlareFreqKepler4) Fourth Kepler-band flare frequency [/sec]: 9.263422e-08 

Output Order: Time[year] Luminosity[LSUN] LXUVStellar[LSUN] LXUVFlare[LSUN] LXUVTot[LSUN]
Grid Output Order:

----- BODY: b ----
Active Modules: AtmEsc
Module Bit Sum: 9
Color: 000000
(Mass) Mass [kg]: 1.004490e+25 
(TimeStepVar) Number of variable responsible for setting timestep []: 1005.000000 
(Radius) Radius [m]: 7.152761e+06 
(RadGyra) Radius of Gyration/Moment of Inertia Constant []: 0.500000 
(BodyType) Type of Body (0 == planet) []: 0.000000 
(Density) Average Density [kg/m^3]: 6552.935104 
(SurfWaterMass) Surface water mass [kg]: 0.000000 
(HZLimitDryRunaway) Semi-major axis of Dry Runaway HZ Limit [m]: 9.166798e+09 
(HZLimRecVenus) Recent Venus HZ Limit [m]: 8.205883e+09 
(HZLimRunaway) Runaway Greenhouse HZ Limit [m]: 1.082629e+10 
(HZLimMoistGreenhouse) Moist Greenhouse HZ Limit [m]: 1.085773e+10 
(HZLimMaxGreenhouse) Maximum Greenhouse HZ Limit [m]: 2.060360e+10 
(HZLimEarlyMars) Early Mars HZ Limit [m]: 2.247052e+10 
(Instellation) Orbit-averaged INcident STELLar radiATION [kg/sec^3]: 2.513472e+04 
(MeanMotion) Orbital Mean Motion [/sec]: 4.464270e-05 
(OrbPeriod) Orbital Period [sec]: 1.407439e+05 
(SemiMajorAxis) Semi-major Axis [m]: 2.355777e+09 
(LXUVTot) Total XUV Luminosity [kg/sec^3]: -1.000000 
(EscapeVelocity) Escape Velocity [m/sec]: 1.369157e+04 
(CassiniL) Correia (2015)'s Cassini state angular momnetum invariant []: -1.000000 
(CassiniG1) Correia (2015)'s Cassini state G1 parameter []: -1.000000 
(CassiniG2) Correia (2015)'s Cassini state G2 parameter []: -1.000000 
(CassiniAlpha1) Correia (2015)'s Cassini state alpha1 parameter []: -1.000000 
(CassiniAlpha2) Correia (2015)'s Cassini state alpha2 parameter []: -1.000000 
(CassiniGamma) Correia (2015)'s Cassini state gamma parameter []: -1.000000 
----- ATMESC PARAMETERS (b)------
(OceanMassLost) Ocean Mass Lost [kg]: 0.000000 
(WaterLossRate) Water Loss Rate [kg/sec]: 5.562685e-309 
(EnvelopeMass) Envelope mass [kg]: 0.000000 
(OxygenMass) Oxygen mass in the atmosphere [kg]: 0.000000 
(RGLimit) Runaway greenhouse semi-major axis [m]: 1.037360e+10 
(XO) Atomic oxygen mixing ratio in upper atmosphere []: 0.000000 
(EtaO) Oxygen eta parameter (Luger and Barnes 2015) []: 0.000000 
(PlanetRadius) Planet radius [m]: 7.152761e+06 
(OxygenMantleMass) Mass of oxygen in mantle [kg]: 0.000000 
(RadXUV) XUV radius separating hydro. dyn. escape and equilibrium [m]: -1.000000 
(RadSolid) Radius to the solid surface [m]: -1.000000 
(PresXUV) Pressure at base of thermosphere [kg/m/sec^2]: 5.000000 
(ScaleHeight) Scale height in Lehmer & Catling (2016) model [m]: -1.000000 
(ThermTemp) Isothermal atmospheric temperature [K]: 400.000000 
(AtmGasConst) Atmospheric gas constant [kg*m^2/sec^2/K/kg]: 1.700738e+04 
(PresSurf) Surface pressure due to atmosphere [kg/m/sec^2]: -1.000000 
(DEnvMassDt) Envelope Mass Loss Rate [kg/sec]: 0.000000 
(FXUV) XUV flux [W/m^2]: 6.463082 
(AtmXAbsEffH2O) XUV atmospheric escape efficiency for H2O []: 0.300000 
(RocheRadius) Roche Lobe Radius [m]: 4.822213e+07 
(BondiRadius) Bondi Radius [m]: 6.176885e+08 
(HEscapeRegime) Integer flag for H envelope escape regime []: 8.000000 
(RRCriticalFlux) Critical XUV Flux that separates RR and energy-limited escape [W/m^2]: 65.394856 
(CrossoverMass) Crossover mass, defines oxygen is escaping if mc > mo [kg]: 0.000000 
(WaterEscapeRegime) What water escape regime the code is currently in []: 8.000000 
(FXUVCRITDRAG) Critical Drag XUV flux [W/m^2]: -0.000000 
(HREFFLUX) The Hydrogen Reference Flux [m^-2 sec^-1]: 3.997251e+18 
(XO2) Molecular oxygen mixing ratio in atmosphere []: 0.000000 
(XH2O) Water mixing ratio in upper atmosphere []: 0.000000 
(HDiffFlux) The Hydrogen Diffusion Flux [m^-2 sec^-1]: -0.000000 
(HRefODragMod) Multiply by H ref flux to get flux with drag []: 1.000000 
(KTide) Mass loss enhancement due to stellar gravity []: 0.779138 
(CumulativeXUVFlux) Cumulative XUV flux [W/m^2]: 4.840984e+18 
(CMELossHydrogen) Mass of hydrogen lost due to CME stripping [kg]: 0.000000 
(CMELossWater) Mass of water lost due to CME stripping [kg]: 0.000000 
(CMELossOxygen) Mass of oxygen lost due to CME stripping [kg]: 0.000000 
(CMELossCO2) Mass of carbon dioxide lost due to CME stripping [kg]: 0.000000 
(DEnvMassDtCME) Envelope Mass Loss Rate due to CMEs [kg/sec]: 0.000000 
(DWaterMassDtCME) Water Mass Loss Rate due to CMEs [kg/sec]: 0.000000 
(DCO2MassDtCME) CO2 Mass Loss Rate due to CMEs [kg/sec]: 0.000000 
(DOxygenMassDtCME) Oxygen Mass Loss Rate due to CMEs [kg/sec]: 0.000000 
(RGDuration) Runaway Greenhouse Duration [years]: 0.00000e+00

Output Order: Time[year] CumulativeXUVFlux[W/m^2]
Grid Output Order:
