-------- Log file gj1132.log -------

Executable: /home/vplanet/.local/bin/vplanet
Version: Unknown
System Name: gj1132
Primary Input File: vpl.in
Body File #1: star.in
Body File #2: b.in
Allow files to be overwitten: Yes
Mass Units: Grams
Length Units: Meters
Time Units: Seconds
Angle Units: Radians

------- FORMATTING -----
Verbosity Level: 5
Crossover Decade for Scientific Notation: 4
Number of Digits After Decimal: 6
Integration Method: Runge-Kutta4
Direction: Forward
Time Step: 3.155760e+07
Stop Time: 2.040040e+17
Output Interval: 3.155760e+13
Use Variable Timestep: Yes
dEta: 0.010000
Minimum Value of ecc and obl: 1.000000e-10


---- INITIAL SYSTEM PROPERTIES ----
(Age) System Age [sec]: 1.470162e+14 
(Time) Simulation Time [sec]: 0.000000 
(TotAngMom) Total Angular Momentum [kg*m^2/sec]: 1.659062e+42 
(TotEnergy) Total System Energy [kg*m^2/sec^2]: -1.118515e+40 
(PotEnergy) Body's non-orbital Potential Energy [kg*m^2/sec^2]: -1.124533e+40 
(KinEnergy) Body's non-orbital Kinetic Energy [kg*m^2/sec^2]: 6.023441e+37 
(DeltaTime) Average Timestep Over Last Output Interval [sec]: 0.000000 

----- BODY: star ----
Active Modules: FLARE STELLAR
Module Bit Sum: 577
Color: 000000
(Mass) Mass [kg]: 3.868360e+29 
(Radius) Radius [m]: 5.328896e+08 
(RadGyra) Radius of Gyration/Moment of Inertia Constant []: 0.455376 
(RotAngMom) Rotational Angular Momentum [kg*m^2/sec]: 1.656565e+42 
(RotVel) Rotational Velocity [m/sec]: 3.875282e+04 
(BodyType) Type of Body (0 == planet) []: 0.000000 
(RotRate) Rotational Frequency [/sec]: 7.272205e-05 
(RotPer) Rotational Period [sec]: 8.640000e+04 
(Density) Average Density [kg/m^3]: 610.276435 
(HZLimitDryRunaway) Semi-major axis of Dry Runaway HZ Limit [m]: 3.189958e+10 
(HZLimRecVenus) Recent Venus HZ Limit [m]: 2.858494e+10 
(HZLimRunaway) Runaway Greenhouse HZ Limit [m]: 3.769523e+10 
(HZLimMoistGreenhouse) Moist Greenhouse HZ Limit [m]: 3.782257e+10 
(HZLimMaxGreenhouse) Maximum Greenhouse HZ Limit [m]: 7.191640e+10 
(HZLimEarlyMars) Early Mars HZ Limit [m]: 7.843257e+10 
(Instellation) Orbit-averaged INcident STELLar radiATION [kg/sec^3]: -1.000000 
(CriticalSemiMajorAxis) Holman & Wiegert (1999) P-type Critical Semi-major Axis [m]: -1.000000 
(LXUVTot) Total XUV Luminosity [LSUN]: 0.000199 
(LostEnergy) Body's Total Lost Energy [kg*m^2/sec^2]: 5.562685e-309 
(LostAngMom) Lost Angular Momentum due to Magnetic Braking [kg*m^2/sec]: 5.562685e-309 
(EscapeVelocity) Escape Velocity [m/sec]: 3.112878e+05 
----- STELLAR PARAMETERS (star)------
(Luminosity) Luminosity [LSUN]: 0.055192 
(LXUVStellar) Base X-ray/XUV Luminosity [LSUN]: 0.000186 
(Temperature) Effective Temperature [K]: 3197.888722 
(LXUVFrac) Fraction of luminosity in XUV []: 0.003371 
(RossbyNumber) Rossby Number []: 0.016369 
(DRotPerDtStellar) Time Rate of Change of Rotation Period in STELLAR []: -1.155964e-10 
(WindTorque) Stellar Wind Torque []: 5.892000e+27 
----- FLARE PARAMETERS (star)------
(LXUVFlare) XUV Luminosity from flares [LSUN]: 1.244350e-05 
(FlareFreq1) First value of flare frequency range [/sec]: 1.855388e-06 
(FlareFreq2) Second value of flare frequency range [/sec]: 1.499162e-06 
(FlareFreq3) Third value of flare frequency range [/sec]: 1.211329e-06 
(FlareFreq4) Fourth value of flare frequency range [/sec]: 9.787595e-07 
(FlareFreqMin) Frequency of the flares with the lowest energy [/sec]: 1.855388e-06 
(FlareFreqMid) Frequency of the flares with the middle energy in the energy range [/sec]: 2.200759e-07 
(FlareFreqMax) Frequency of the flares with the highest energy [/sec]: 2.610421e-08 
(FlareEnergy1) First value of flare energy range [kg*m^2/sec^2]: 5.334000e+25 
(FlareEnergy2) Second value of flare energy range [kg*m^2/sec^2]: 7.534475e+25 
(FlareEnergy3) Third value of flare energy range [kg*m^2/sec^2]: 1.064273e+26 
(FlareEnergy4) Fourth value of flare energy range [kg*m^2/sec^2]: 1.503325e+26 
(FlareEnergyMin) Minimum flare energy [kg*m^2/sec^2]: 5.334000e+25 
(FlareEnergyMid) Middle flare energy in the range of energy values [kg*m^2/sec^2]: 1.686759e+27 
(FlareEnergyMax) Maximum flare energy [kg*m^2/sec^2]: 5.334000e+28 
(FlareYIntOUT) Instantaneous Davenport FFD y-intercept at current age and mass []: 19.405440 
(FlareSlopeOUT) Instantaneous Davenport FFD slope at current age and mass []: -0.617241 

Output Order: Time[year] Luminosity[LSUN] LXUVStellar[LSUN] LXUVFlare[LSUN] LXUVTot[LSUN]
Grid Output Order:

----- BODY: b ----
Active Modules: AtmEsc
Module Bit Sum: 9
Color: 000000
(Mass) Mass [kg]: 1.013904e+25 
(Radius) Radius [m]: 7.079340e+06 
(RadGyra) Radius of Gyration/Moment of Inertia Constant []: 0.500000 
(BodyType) Type of Body (0 == planet) []: 0.000000 
(Density) Average Density [kg/m^3]: 6822.287550 
(HZLimitDryRunaway) Semi-major axis of Dry Runaway HZ Limit [m]: 3.190175e+10 
(HZLimRecVenus) Recent Venus HZ Limit [m]: 2.858494e+10 
(HZLimRunaway) Runaway Greenhouse HZ Limit [m]: 3.769523e+10 
(HZLimMoistGreenhouse) Moist Greenhouse HZ Limit [m]: 3.782257e+10 
(HZLimMaxGreenhouse) Maximum Greenhouse HZ Limit [m]: 7.191640e+10 
(HZLimEarlyMars) Early Mars HZ Limit [m]: 7.843257e+10 
(Instellation) Orbit-averaged INcident STELLar radiATION [kg/sec^3]: 3.062685e+05 
(MeanMotion) Orbital Mean Motion [/sec]: 4.464444e-05 
(OrbPeriod) Orbital Period [sec]: 1.407384e+05 
(SemiMajorAxis) Semi-major Axis [m]: 2.348565e+09 
(LXUVTot) Total XUV Luminosity [kg/sec^3]: -1.000000 
(EscapeVelocity) Escape Velocity [m/sec]: 1.382672e+04 
----- ATMESC PARAMETERS (b)------
(SurfWaterMass) Surface water mass [kg]: 0.000000 
(EnvelopeMass) Envelope mass [kg]: 0.000000 
(OxygenMass) Oxygen mass in the atmosphere [kg]: 0.000000 
(RGLimit) Runaway greenhouse semi-major axis [m]: 3.610933e+10 
(XO) Atomic oxygen mixing ratio in upper atmosphere []: 0.000000 
(EtaO) Oxygen eta parameter (Luger and Barnes 2015) []: 0.000000 
(PlanetRadius) Planet radius [m]: 7.079340e+06 
(OxygenMantleMass) Mass of oxygen in mantle [kg]: 0.000000 
(RadXUV) XUV radius separating hydro. dyn. escape and equilibrium [m]: -1.000000 
(RadSolid) Radius to the solid surface [m]: -1.000000 
(PresXUV) Pressure at base of thermosphere [(null)]: 5.000000 
(ScaleHeight) Scale height in Lehmer & Catling (2016) model [m]: -1.000000 
(ThermTemp) Isothermal atmospheric temperature [K]: 400.000000 
(AtmGasConst) Atmospheric gas constant [(null)]: 4124.000000 
(PresSurf) Surface pressure due to atmosphere [Pa]: -1.000000 
(DEnvMassDt) Envelope Mass Loss Rate [kg/s]: 0.000000 
(FXUV) XUV flux [W/m^2]: 1101.582341 
(AtmXAbsEffH2O) XUV atmospheric escape efficiency for H2O []: 0.300000 
(RocheRadius) Roche Lobe Radius [m]: 4.837105e+07 
(BondiRadius) Bondi Radius [m]: 3.345292e+08 
(HEscapeRegime) Integer flag for H envelope escape regime []: 8.000000 
(RRCriticalFlux) Critical XUV Flux that separates RR and energy-limited escape [W/m^2]: 69.233013 
(CrossoverMass) Crossover mass, defines oxygen is escaping if mc > mo [kg]: 0.000000 
(WaterEscapeRegime) What water escape regime the code is currently in []: 8.000000 
(FXUVCRITDRAG) Critical Drag XUV flux [W/m^2]: 0.561427 
(HREFFLUX) The Hydrogen Reference Flux (m^-2 s^-1) [m^-2 s^-1]: 6.655710e+20 
(XO2) Molecular oxygen mixing ratio in atmosphere []: 0.000000 
(XH2O) Water mixing ratio in upper atmosphere []: 0.000000 
(HDiffFlux) The Hydrogen Diffusion Flux (m^-2 s^-1) [m^-2 s^-1]: 2.614564e+17 
(HRefODragMod) Multiply by H ref flux to get flux with drag []: 1.000000 
(KTide) Mass loss enhancement due to stellar gravity []: 0.782035 
(CumulativeXUVFlux) Cumulative XUV flux [W/m^2]: 0.000000 
(RunawayGreenhouseFlux) Incident flux that triggers runaway greenhouse [kg/sec^3]: 1295.417515 
(RGDuration) Runaway Greenhouse Duration [years]: 0.00000e+00

Output Order: Time[year] CumulativeXUVFlux[W/m^2]
Grid Output Order:



---- FINAL SYSTEM PROPERTIES ----
(Age) System Age [sec]: 2.041669e+17 
(Time) Simulation Time [sec]: 2.040199e+17 
(TotAngMom) Total Angular Momentum [kg*m^2/sec]: 1.659982e+42 
(TotEnergy) Total System Energy [kg*m^2/sec^2]: -1.116969e+40 
(PotEnergy) Body's non-orbital Potential Energy [kg*m^2/sec^2]: -4.107973e+40 
(KinEnergy) Body's non-orbital Kinetic Energy [kg*m^2/sec^2]: 6.792744e+32 
(DeltaTime) Average Timestep Over Last Output Interval [sec]: 1.577880e+13 

----- BODY: star ----
Active Modules: FLARE STELLAR
Module Bit Sum: 577
Color: 000000
(Mass) Mass [kg]: 3.868360e+29 
(Radius) Radius [m]: 1.458753e+08 
(RadGyra) Radius of Gyration/Moment of Inertia Constant []: 0.460452 
(RotAngMom) Rotational Angular Momentum [kg*m^2/sec]: 1.539810e+39 
(RotVel) Rotational Velocity [m/sec]: 128.703370 
(BodyType) Type of Body (0 == planet) []: 0.000000 
(RotRate) Rotational Frequency [/sec]: 8.822834e-07 
(RotPer) Rotational Period [sec]: 7.121505e+06 
(Density) Average Density [kg/m^3]: 2.975040e+04 
(HZLimitDryRunaway) Semi-major axis of Dry Runaway HZ Limit [m]: 9.032917e+09 
(HZLimRecVenus) Recent Venus HZ Limit [m]: 8.086896e+09 
(HZLimRunaway) Runaway Greenhouse HZ Limit [m]: 1.066880e+10 
(HZLimMoistGreenhouse) Moist Greenhouse HZ Limit [m]: 1.070029e+10 
(HZLimMaxGreenhouse) Maximum Greenhouse HZ Limit [m]: 2.030897e+10 
(HZLimEarlyMars) Early Mars HZ Limit [m]: 2.214918e+10 
(Instellation) Orbit-averaged INcident STELLar radiATION [kg/sec^3]: -1.000000 
(CriticalSemiMajorAxis) Holman & Wiegert (1999) P-type Critical Semi-major Axis [m]: -1.000000 
(LXUVTot) Total XUV Luminosity [LSUN]: 7.651481e-07 
(LostEnergy) Body's Total Lost Energy [kg*m^2/sec^2]: 2.991009e+40 
(LostAngMom) Lost Angular Momentum due to Magnetic Braking [kg*m^2/sec]: 1.655945e+42 
(EscapeVelocity) Escape Velocity [m/sec]: 5.949627e+05 
----- STELLAR PARAMETERS (star)------
(Luminosity) Luminosity [LSUN]: 0.004426 
(LXUVStellar) Base X-ray/XUV Luminosity [LSUN]: 3.956516e-07 
(Temperature) Effective Temperature [K]: 3245.281291 
(LXUVFrac) Fraction of luminosity in XUV []: 8.940220e-05 
(RossbyNumber) Rossby Number []: 1.382398 
(DRotPerDtStellar) Time Rate of Change of Rotation Period in STELLAR []: 1.826916e-11 
(WindTorque) Stellar Wind Torque []: 3.940241e+21 
----- FLARE PARAMETERS (star)------
(LXUVFlare) XUV Luminosity from flares [LSUN]: 3.694720e-07 
(FlareFreq1) First value of flare frequency range [/sec]: 5.751802e-07 
(FlareFreq2) Second value of flare frequency range [/sec]: 3.954806e-07 
(FlareFreq3) Third value of flare frequency range [/sec]: 2.719233e-07 
(FlareFreq4) Fourth value of flare frequency range [/sec]: 1.869682e-07 
(FlareFreqMin) Frequency of the flares with the lowest energy [/sec]: 5.751802e-07 
(FlareFreqMid) Frequency of the flares with the middle energy in the energy range [/sec]: 1.358366e-08 
(FlareFreqMax) Frequency of the flares with the highest energy [/sec]: 3.207964e-10 
(FlareEnergy1) First value of flare energy range [kg*m^2/sec^2]: 5.334000e+25 
(FlareEnergy2) Second value of flare energy range [kg*m^2/sec^2]: 7.534475e+25 
(FlareEnergy3) Third value of flare energy range [kg*m^2/sec^2]: 1.064273e+26 
(FlareEnergy4) Fourth value of flare energy range [kg*m^2/sec^2]: 1.503325e+26 
(FlareEnergyMin) Minimum flare energy [kg*m^2/sec^2]: 5.334000e+25 
(FlareEnergyMid) Middle flare energy in the range of energy values [kg*m^2/sec^2]: 1.686759e+27 
(FlareEnergyMax) Maximum flare energy [kg*m^2/sec^2]: 5.334000e+28 
(FlareYIntOUT) Instantaneous Davenport FFD y-intercept at current age and mass []: 34.189620 
(FlareSlopeOUT) Instantaneous Davenport FFD slope at current age and mass []: -1.084525 

Output Order: Time[year] Luminosity[LSUN] LXUVStellar[LSUN] LXUVFlare[LSUN] LXUVTot[LSUN]
Grid Output Order:

----- BODY: b ----
Active Modules: AtmEsc
Module Bit Sum: 9
Color: 000000
(Mass) Mass [kg]: 1.013904e+25 
(Radius) Radius [m]: 7.079340e+06 
(RadGyra) Radius of Gyration/Moment of Inertia Constant []: 0.500000 
(BodyType) Type of Body (0 == planet) []: 0.000000 
(Density) Average Density [kg/m^3]: 6822.287550 
(HZLimitDryRunaway) Semi-major axis of Dry Runaway HZ Limit [m]: 9.033530e+09 
(HZLimRecVenus) Recent Venus HZ Limit [m]: 8.086896e+09 
(HZLimRunaway) Runaway Greenhouse HZ Limit [m]: 1.066880e+10 
(HZLimMoistGreenhouse) Moist Greenhouse HZ Limit [m]: 1.070029e+10 
(HZLimMaxGreenhouse) Maximum Greenhouse HZ Limit [m]: 2.030897e+10 
(HZLimEarlyMars) Early Mars HZ Limit [m]: 2.214918e+10 
(Instellation) Orbit-averaged INcident STELLar radiATION [kg/sec^3]: 2.455774e+04 
(MeanMotion) Orbital Mean Motion [/sec]: 4.464444e-05 
(OrbPeriod) Orbital Period [sec]: 1.407384e+05 
(SemiMajorAxis) Semi-major Axis [m]: 2.348565e+09 
(LXUVTot) Total XUV Luminosity [kg/sec^3]: -1.000000 
(EscapeVelocity) Escape Velocity [m/sec]: 1.382672e+04 
----- ATMESC PARAMETERS (b)------
(SurfWaterMass) Surface water mass [kg]: 0.000000 
(EnvelopeMass) Envelope mass [kg]: 0.000000 
(OxygenMass) Oxygen mass in the atmosphere [kg]: 0.000000 
(RGLimit) Runaway greenhouse semi-major axis [m]: 1.022013e+10 
(XO) Atomic oxygen mixing ratio in upper atmosphere []: 0.000000 
(EtaO) Oxygen eta parameter (Luger and Barnes 2015) []: 0.000000 
(PlanetRadius) Planet radius [m]: 7.079340e+06 
(OxygenMantleMass) Mass of oxygen in mantle [kg]: 0.000000 
(RadXUV) XUV radius separating hydro. dyn. escape and equilibrium [m]: -1.000000 
(RadSolid) Radius to the solid surface [m]: -1.000000 
(PresXUV) Pressure at base of thermosphere [(null)]: 5.000000 
(ScaleHeight) Scale height in Lehmer & Catling (2016) model [m]: -1.000000 
(ThermTemp) Isothermal atmospheric temperature [K]: 400.000000 
(AtmGasConst) Atmospheric gas constant [(null)]: 4124.000000 
(PresSurf) Surface pressure due to atmosphere [Pa]: -1.000000 
(DEnvMassDt) Envelope Mass Loss Rate [kg/s]: 0.000000 
(FXUV) XUV flux [W/m^2]: 4.245894 
(AtmXAbsEffH2O) XUV atmospheric escape efficiency for H2O []: 0.300000 
(RocheRadius) Roche Lobe Radius [m]: 4.837105e+07 
(BondiRadius) Bondi Radius [m]: 6.300467e+08 
(HEscapeRegime) Integer flag for H envelope escape regime []: 8.000000 
(RRCriticalFlux) Critical XUV Flux that separates RR and energy-limited escape [W/m^2]: 69.233013 
(CrossoverMass) Crossover mass, defines oxygen is escaping if mc > mo [kg]: 0.000000 
(WaterEscapeRegime) What water escape regime the code is currently in []: 8.000000 
(FXUVCRITDRAG) Critical Drag XUV flux [W/m^2]: 0.561427 
(HREFFLUX) The Hydrogen Reference Flux (m^-2 s^-1) [m^-2 s^-1]: 2.565350e+18 
(XO2) Molecular oxygen mixing ratio in atmosphere []: 0.000000 
(XH2O) Water mixing ratio in upper atmosphere []: 0.000000 
(HDiffFlux) The Hydrogen Diffusion Flux (m^-2 s^-1) [m^-2 s^-1]: 2.614564e+17 
(HRefODragMod) Multiply by H ref flux to get flux with drag []: 1.000000 
(KTide) Mass loss enhancement due to stellar gravity []: 0.782035 
(CumulativeXUVFlux) Cumulative XUV flux [W/m^2]: 3.468674e+18 
(RunawayGreenhouseFlux) Incident flux that triggers runaway greenhouse [kg/sec^3]: 1296.647069 
(RGDuration) Runaway Greenhouse Duration [years]: 0.00000e+00

Output Order: Time[year] CumulativeXUVFlux[W/m^2]
Grid Output Order:
