-------- Log file gj1132.log -------

Executable: /home/vplanet/.local/bin/vplanet
Version: Unknown
System Name: gj1132
Primary Input File: vpl.in
Body File #1: star.in
Body File #2: b.in
Allow files to be overwitten: Yes
Mass Units: Grams
Length Units: Meters
Time Units: Seconds
Angle Units: Radians

------- FORMATTING -----
Verbosity Level: 5
Crossover Decade for Scientific Notation: 4
Number of Digits After Decimal: 6
Integration Method: Runge-Kutta4
Direction: Forward
Time Step: 3.155760e+07
Stop Time: 2.330042e+17
Output Interval: 3.155760e+13
Use Variable Timestep: Yes
dEta: 0.010000
Minimum Value of ecc and obl: 1.000000e-10


---- INITIAL SYSTEM PROPERTIES ----
(Age) System Age [sec]: 1.268227e+14 
(Time) Simulation Time [sec]: 0.000000 
(TotAngMom) Total Angular Momentum [kg*m^2/sec]: 1.931527e+42 
(TotEnergy) Total System Energy [kg*m^2/sec^2]: -1.087439e+40 
(PotEnergy) Body's non-orbital Potential Energy [kg*m^2/sec^2]: -1.094448e+40 
(KinEnergy) Body's non-orbital Kinetic Energy [kg*m^2/sec^2]: 7.014232e+37 
(DeltaTime) Average Timestep Over Last Output Interval [sec]: 0.000000 

----- BODY: star ----
Active Modules: FLARE STELLAR
Module Bit Sum: 577
Color: 000000
(Mass) Mass [kg]: 3.947802e+29 
(Radius) Radius [m]: 5.702579e+08 
(RadGyra) Radius of Gyration/Moment of Inertia Constant []: 0.454559 
(RotAngMom) Rotational Angular Momentum [kg*m^2/sec]: 1.929052e+42 
(RotVel) Rotational Velocity [m/sec]: 4.147033e+04 
(BodyType) Type of Body (0 == planet) []: 0.000000 
(RotRate) Rotational Frequency [/sec]: 7.272205e-05 
(RotPer) Rotational Period [sec]: 8.640000e+04 
(Density) Average Density [kg/m^3]: 508.221180 
(HZLimitDryRunaway) Semi-major axis of Dry Runaway HZ Limit [m]: 3.417215e+10 
(HZLimRecVenus) Recent Venus HZ Limit [m]: 3.062010e+10 
(HZLimRunaway) Runaway Greenhouse HZ Limit [m]: 4.037979e+10 
(HZLimMoistGreenhouse) Moist Greenhouse HZ Limit [m]: 4.051543e+10 
(HZLimMaxGreenhouse) Maximum Greenhouse HZ Limit [m]: 7.703033e+10 
(HZLimEarlyMars) Early Mars HZ Limit [m]: 8.400987e+10 
(Instellation) Orbit-averaged INcident STELLar radiATION [kg/sec^3]: -1.000000 
(CriticalSemiMajorAxis) Holman & Wiegert (1999) P-type Critical Semi-major Axis [m]: -1.000000 
(LXUVTot) Total XUV Luminosity [LSUN]: 0.000195 
(LostEnergy) Body's Total Lost Energy [kg*m^2/sec^2]: 5.562685e-309 
(LostAngMom) Lost Angular Momentum due to Magnetic Braking [kg*m^2/sec]: 5.562685e-309 
(EscapeVelocity) Escape Velocity [m/sec]: 3.039899e+05 
----- STELLAR PARAMETERS (star)------
(Luminosity) Luminosity [LSUN]: 0.063336 
(LXUVStellar) Base X-ray/XUV Luminosity [LSUN]: 0.000181 
(Temperature) Effective Temperature [K]: 3200.041714 
(LXUVFrac) Fraction of luminosity in XUV []: 0.002857 
(RossbyNumber) Rossby Number []: 0.016387 
(DRotPerDtStellar) Time Rate of Change of Rotation Period in STELLAR []: -1.302438e-10 
(WindTorque) Stellar Wind Torque []: 8.343706e+27 
----- FLARE PARAMETERS (star)------
(LXUVFlare) XUV Luminosity from flares [LSUN]: 1.369726e-05 
(FlareFreq1) First value of flare frequency range [/sec]: 1.911683e-06 
(FlareFreq2) Second value of flare frequency range [/sec]: 1.550763e-06 
(FlareFreq3) Third value of flare frequency range [/sec]: 1.257983e-06 
(FlareFreq4) Fourth value of flare frequency range [/sec]: 1.020480e-06 
(FlareFreqMin) Frequency of the flares with the lowest energy [/sec]: 1.911683e-06 
(FlareFreqMid) Frequency of the flares with the middle energy in the energy range [/sec]: 2.358908e-07 
(FlareFreqMax) Frequency of the flares with the highest energy [/sec]: 2.910759e-08 
(FlareEnergy1) First value of flare energy range [kg*m^2/sec^2]: 5.334000e+25 
(FlareEnergy2) Second value of flare energy range [kg*m^2/sec^2]: 7.534475e+25 
(FlareEnergy3) Third value of flare energy range [kg*m^2/sec^2]: 1.064273e+26 
(FlareEnergy4) Fourth value of flare energy range [kg*m^2/sec^2]: 1.503325e+26 
(FlareEnergyMin) Minimum flare energy [kg*m^2/sec^2]: 5.334000e+25 
(FlareEnergyMid) Middle flare energy in the range of energy values [kg*m^2/sec^2]: 1.686759e+27 
(FlareEnergyMax) Maximum flare energy [kg*m^2/sec^2]: 5.334000e+28 
(FlareYIntOUT) Instantaneous Davenport FFD y-intercept at current age and mass []: 19.044082 
(FlareSlopeOUT) Instantaneous Davenport FFD slope at current age and mass []: -0.605803 

Output Order: Time[year] Luminosity[LSUN] LXUVStellar[LSUN] LXUVFlare[LSUN] LXUVTot[LSUN]
Grid Output Order:

----- BODY: b ----
Active Modules: AtmEsc
Module Bit Sum: 9
Color: 000000
(Mass) Mass [kg]: 9.914518e+24 
(Radius) Radius [m]: 7.254226e+06 
(RadGyra) Radius of Gyration/Moment of Inertia Constant []: 0.500000 
(BodyType) Type of Body (0 == planet) []: 0.000000 
(Density) Average Density [kg/m^3]: 6200.256807 
(HZLimitDryRunaway) Semi-major axis of Dry Runaway HZ Limit [m]: 3.417243e+10 
(HZLimRecVenus) Recent Venus HZ Limit [m]: 3.062010e+10 
(HZLimRunaway) Runaway Greenhouse HZ Limit [m]: 4.037979e+10 
(HZLimMoistGreenhouse) Moist Greenhouse HZ Limit [m]: 4.051543e+10 
(HZLimMaxGreenhouse) Maximum Greenhouse HZ Limit [m]: 7.703033e+10 
(HZLimEarlyMars) Early Mars HZ Limit [m]: 8.400987e+10 
(Instellation) Orbit-averaged INcident STELLar radiATION [kg/sec^3]: 3.466962e+05 
(MeanMotion) Orbital Mean Motion [/sec]: 4.464316e-05 
(OrbPeriod) Orbital Period [sec]: 1.407424e+05 
(SemiMajorAxis) Semi-major Axis [m]: 2.364578e+09 
(LXUVTot) Total XUV Luminosity [kg/sec^3]: -1.000000 
(EscapeVelocity) Escape Velocity [m/sec]: 1.350696e+04 
----- ATMESC PARAMETERS (b)------
(SurfWaterMass) Surface water mass [kg]: 0.000000 
(EnvelopeMass) Envelope mass [kg]: 0.000000 
(OxygenMass) Oxygen mass in the atmosphere [kg]: 0.000000 
(RGLimit) Runaway greenhouse semi-major axis [m]: 3.870211e+10 
(XO) Atomic oxygen mixing ratio in upper atmosphere []: 0.000000 
(EtaO) Oxygen eta parameter (Luger and Barnes 2015) []: 0.000000 
(PlanetRadius) Planet radius [m]: 7.254226e+06 
(OxygenMantleMass) Mass of oxygen in mantle [kg]: 0.000000 
(RadXUV) XUV radius separating hydro. dyn. escape and equilibrium [m]: -1.000000 
(RadSolid) Radius to the solid surface [m]: -1.000000 
(PresXUV) Pressure at base of thermosphere [(null)]: 5.000000 
(ScaleHeight) Scale height in Lehmer & Catling (2016) model [m]: -1.000000 
(ThermTemp) Isothermal atmospheric temperature [K]: 400.000000 
(AtmGasConst) Atmospheric gas constant [(null)]: 4124.000000 
(PresSurf) Surface pressure due to atmosphere [Pa]: -1.000000 
(DEnvMassDt) Envelope Mass Loss Rate [kg/s]: 0.000000 
(FXUV) XUV flux [W/m^2]: 1065.436533 
(AtmXAbsEffH2O) XUV atmospheric escape efficiency for H2O []: 0.300000 
(RocheRadius) Roche Lobe Radius [m]: 4.801223e+07 
(BondiRadius) Bondi Radius [m]: 3.149372e+08 
(HEscapeRegime) Integer flag for H envelope escape regime []: 8.000000 
(RRCriticalFlux) Critical XUV Flux that separates RR and energy-limited escape [W/m^2]: 60.438948 
(CrossoverMass) Crossover mass, defines oxygen is escaping if mc > mo [kg]: 0.000000 
(WaterEscapeRegime) What water escape regime the code is currently in []: 8.000000 
(FXUVCRITDRAG) Critical Drag XUV flux [W/m^2]: 0.498939 
(HREFFLUX) The Hydrogen Reference Flux (m^-2 s^-1) [m^-2 s^-1]: 6.806189e+20 
(XO2) Molecular oxygen mixing ratio in atmosphere []: 0.000000 
(XH2O) Water mixing ratio in upper atmosphere []: 0.000000 
(HDiffFlux) The Hydrogen Diffusion Flux (m^-2 s^-1) [m^-2 s^-1]: 2.434878e+17 
(HRefODragMod) Multiply by H ref flux to get flux with drag []: 1.000000 
(KTide) Mass loss enhancement due to stellar gravity []: 0.775088 
(CumulativeXUVFlux) Cumulative XUV flux [W/m^2]: 0.000000 
(RunawayGreenhouseFlux) Incident flux that triggers runaway greenhouse [kg/sec^3]: 1294.135691 
(RGDuration) Runaway Greenhouse Duration [years]: 0.00000e+00

Output Order: Time[year] CumulativeXUVFlux[W/m^2]
Grid Output Order:



---- FINAL SYSTEM PROPERTIES ----
(Age) System Age [sec]: 2.331481e+17 
(Time) Simulation Time [sec]: 2.330213e+17 
(TotAngMom) Total Angular Momentum [kg*m^2/sec]: 1.935058e+42 
(TotEnergy) Total System Energy [kg*m^2/sec^2]: -1.087221e+40 
(PotEnergy) Body's non-orbital Potential Energy [kg*m^2/sec^2]: -4.144248e+40 
(KinEnergy) Body's non-orbital Kinetic Energy [kg*m^2/sec^2]: 6.049736e+32 
(DeltaTime) Average Timestep Over Last Output Interval [sec]: 3.155760e+13 

----- BODY: star ----
Active Modules: FLARE STELLAR
Module Bit Sum: 577
Color: 000000
(Mass) Mass [kg]: 3.947802e+29 
(Radius) Radius [m]: 1.505985e+08 
(RadGyra) Radius of Gyration/Moment of Inertia Constant []: 0.460175 
(RotAngMom) Rotational Angular Momentum [kg*m^2/sec]: 1.514624e+39 
(RotVel) Rotational Velocity [m/sec]: 120.304594 
(BodyType) Type of Body (0 == planet) []: 0.000000 
(RotRate) Rotational Frequency [/sec]: 7.988434e-07 
(RotPer) Rotational Period [sec]: 7.865353e+06 
(Density) Average Density [kg/m^3]: 2.759339e+04 
(HZLimitDryRunaway) Semi-major axis of Dry Runaway HZ Limit [m]: 9.352012e+09 
(HZLimRecVenus) Recent Venus HZ Limit [m]: 8.370510e+09 
(HZLimRunaway) Runaway Greenhouse HZ Limit [m]: 1.104421e+10 
(HZLimMoistGreenhouse) Moist Greenhouse HZ Limit [m]: 1.107556e+10 
(HZLimMaxGreenhouse) Maximum Greenhouse HZ Limit [m]: 2.101115e+10 
(HZLimEarlyMars) Early Mars HZ Limit [m]: 2.291501e+10 
(Instellation) Orbit-averaged INcident STELLar radiATION [kg/sec^3]: -1.000000 
(CriticalSemiMajorAxis) Holman & Wiegert (1999) P-type Critical Semi-major Axis [m]: -1.000000 
(LXUVTot) Total XUV Luminosity [LSUN]: 1.395180e-06 
(LostEnergy) Body's Total Lost Energy [kg*m^2/sec^2]: 3.057033e+40 
(LostAngMom) Lost Angular Momentum due to Magnetic Braking [kg*m^2/sec]: 1.931069e+42 
(EscapeVelocity) Escape Velocity [m/sec]: 5.915406e+05 
----- STELLAR PARAMETERS (star)------
(Luminosity) Luminosity [LSUN]: 0.004744 
(LXUVStellar) Base X-ray/XUV Luminosity [LSUN]: 1.040751e-06 
(Temperature) Effective Temperature [K]: 3257.816649 
(LXUVFrac) Fraction of luminosity in XUV []: 0.000219 
(RossbyNumber) Rossby Number []: 1.536625 
(DRotPerDtStellar) Time Rate of Change of Rotation Period in STELLAR []: 1.455878e-11 
(WindTorque) Stellar Wind Torque []: 2.803571e+21 
----- FLARE PARAMETERS (star)------
(LXUVFlare) XUV Luminosity from flares [LSUN]: 3.544075e-07 
(FlareFreq1) First value of flare frequency range [/sec]: 5.603917e-07 
(FlareFreq2) Second value of flare frequency range [/sec]: 3.848189e-07 
(FlareFreq3) Third value of flare frequency range [/sec]: 2.642537e-07 
(FlareFreq4) Fourth value of flare frequency range [/sec]: 1.814620e-07 
(FlareFreqMin) Frequency of the flares with the lowest energy [/sec]: 5.603917e-07 
(FlareFreqMid) Frequency of the flares with the middle energy in the energy range [/sec]: 1.306587e-08 
(FlareFreqMax) Frequency of the flares with the highest energy [/sec]: 3.046388e-10 
(FlareEnergy1) First value of flare energy range [kg*m^2/sec^2]: 5.334000e+25 
(FlareEnergy2) Second value of flare energy range [kg*m^2/sec^2]: 7.534475e+25 
(FlareEnergy3) Third value of flare energy range [kg*m^2/sec^2]: 1.064273e+26 
(FlareEnergy4) Fourth value of flare energy range [kg*m^2/sec^2]: 1.503325e+26 
(FlareEnergyMin) Minimum flare energy [kg*m^2/sec^2]: 5.334000e+25 
(FlareEnergyMid) Middle flare energy in the range of energy values [kg*m^2/sec^2]: 1.686759e+27 
(FlareEnergyMax) Maximum flare energy [kg*m^2/sec^2]: 5.334000e+28 
(FlareYIntOUT) Instantaneous Davenport FFD y-intercept at current age and mass []: 34.299747 
(FlareSlopeOUT) Instantaneous Davenport FFD slope at current age and mass []: -1.088236 

Output Order: Time[year] Luminosity[LSUN] LXUVStellar[LSUN] LXUVFlare[LSUN] LXUVTot[LSUN]
Grid Output Order:

----- BODY: b ----
Active Modules: AtmEsc
Module Bit Sum: 9
Color: 000000
(Mass) Mass [kg]: 9.914518e+24 
(Radius) Radius [m]: 7.254226e+06 
(RadGyra) Radius of Gyration/Moment of Inertia Constant []: 0.500000 
(BodyType) Type of Body (0 == planet) []: 0.000000 
(Density) Average Density [kg/m^3]: 6200.256807 
(HZLimitDryRunaway) Semi-major axis of Dry Runaway HZ Limit [m]: 9.352089e+09 
(HZLimRecVenus) Recent Venus HZ Limit [m]: 8.370510e+09 
(HZLimRunaway) Runaway Greenhouse HZ Limit [m]: 1.104421e+10 
(HZLimMoistGreenhouse) Moist Greenhouse HZ Limit [m]: 1.107556e+10 
(HZLimMaxGreenhouse) Maximum Greenhouse HZ Limit [m]: 2.101115e+10 
(HZLimEarlyMars) Early Mars HZ Limit [m]: 2.291501e+10 
(Instellation) Orbit-averaged INcident STELLar radiATION [kg/sec^3]: 2.596657e+04 
(MeanMotion) Orbital Mean Motion [/sec]: 4.464316e-05 
(OrbPeriod) Orbital Period [sec]: 1.407424e+05 
(SemiMajorAxis) Semi-major Axis [m]: 2.364578e+09 
(LXUVTot) Total XUV Luminosity [kg/sec^3]: -1.000000 
(EscapeVelocity) Escape Velocity [m/sec]: 1.350696e+04 
----- ATMESC PARAMETERS (b)------
(SurfWaterMass) Surface water mass [kg]: 0.000000 
(EnvelopeMass) Envelope mass [kg]: 0.000000 
(OxygenMass) Oxygen mass in the atmosphere [kg]: 0.000000 
(RGLimit) Runaway greenhouse semi-major axis [m]: 1.058560e+10 
(XO) Atomic oxygen mixing ratio in upper atmosphere []: 0.000000 
(EtaO) Oxygen eta parameter (Luger and Barnes 2015) []: 0.000000 
(PlanetRadius) Planet radius [m]: 7.254226e+06 
(OxygenMantleMass) Mass of oxygen in mantle [kg]: 0.000000 
(RadXUV) XUV radius separating hydro. dyn. escape and equilibrium [m]: -1.000000 
(RadSolid) Radius to the solid surface [m]: -1.000000 
(PresXUV) Pressure at base of thermosphere [(null)]: 5.000000 
(ScaleHeight) Scale height in Lehmer & Catling (2016) model [m]: -1.000000 
(ThermTemp) Isothermal atmospheric temperature [K]: 400.000000 
(AtmGasConst) Atmospheric gas constant [(null)]: 4124.000000 
(PresSurf) Surface pressure due to atmosphere [Pa]: -1.000000 
(DEnvMassDt) Envelope Mass Loss Rate [kg/s]: 0.000000 
(FXUV) XUV flux [W/m^2]: 7.637055 
(AtmXAbsEffH2O) XUV atmospheric escape efficiency for H2O []: 0.300000 
(RocheRadius) Roche Lobe Radius [m]: 4.801223e+07 
(BondiRadius) Bondi Radius [m]: 6.019748e+08 
(HEscapeRegime) Integer flag for H envelope escape regime []: 8.000000 
(RRCriticalFlux) Critical XUV Flux that separates RR and energy-limited escape [W/m^2]: 60.438948 
(CrossoverMass) Crossover mass, defines oxygen is escaping if mc > mo [kg]: 0.000000 
(WaterEscapeRegime) What water escape regime the code is currently in []: 8.000000 
(FXUVCRITDRAG) Critical Drag XUV flux [W/m^2]: 0.498939 
(HREFFLUX) The Hydrogen Reference Flux (m^-2 s^-1) [m^-2 s^-1]: 4.878680e+18 
(XO2) Molecular oxygen mixing ratio in atmosphere []: 0.000000 
(XH2O) Water mixing ratio in upper atmosphere []: 0.000000 
(HDiffFlux) The Hydrogen Diffusion Flux (m^-2 s^-1) [m^-2 s^-1]: 2.434878e+17 
(HRefODragMod) Multiply by H ref flux to get flux with drag []: 1.000000 
(KTide) Mass loss enhancement due to stellar gravity []: 0.775088 
(CumulativeXUVFlux) Cumulative XUV flux [W/m^2]: 7.809630e+18 
(RunawayGreenhouseFlux) Incident flux that triggers runaway greenhouse [kg/sec^3]: 1295.638947 
(RGDuration) Runaway Greenhouse Duration [years]: 0.00000e+00

Output Order: Time[year] CumulativeXUVFlux[W/m^2]
Grid Output Order:
