-------- Log file gj1132.log -------

Executable: /home/vplanet/.local/bin/vplanet
Version: Unknown
System Name: gj1132
Primary Input File: vpl.in
Body File #1: star.in
Body File #2: b.in
Allow files to be overwitten: Yes
Mass Units: Grams
Length Units: Meters
Time Units: Seconds
Angle Units: Radians

------- FORMATTING -----
Verbosity Level: 5
Crossover Decade for Scientific Notation: 4
Number of Digits After Decimal: 6
Integration Method: Runge-Kutta4
Direction: Forward
Time Step: 3.155760e+07
Stop Time: 2.569234e+17
Output Interval: 3.155760e+13
Use Variable Timestep: Yes
dEta: 0.010000
Minimum Value of ecc and obl: 1.000000e-10


---- INITIAL SYSTEM PROPERTIES ----
(Age) System Age [sec]: 1.614218e+14 
(Time) Simulation Time [sec]: 0.000000 
(TotAngMom) Total Angular Momentum [kg*m^2/sec]: 1.617593e+42 
(TotEnergy) Total System Energy [kg*m^2/sec^2]: -1.192218e+40 
(PotEnergy) Body's non-orbital Potential Energy [kg*m^2/sec^2]: -1.198086e+40 
(KinEnergy) Body's non-orbital Kinetic Energy [kg*m^2/sec^2]: 5.872900e+37 
(DeltaTime) Average Timestep Over Last Output Interval [sec]: 0.000000 

----- BODY: star ----
Active Modules: FLARE STELLAR
Module Bit Sum: 577
Color: 000000
(Mass) Mass [kg]: 3.946148e+29 
(Radius) Radius [m]: 5.204926e+08 
(RadGyra) Radius of Gyration/Moment of Inertia Constant []: 0.455800 
(RotAngMom) Rotational Angular Momentum [kg*m^2/sec]: 1.615164e+42 
(RotVel) Rotational Velocity [m/sec]: 3.785129e+04 
(BodyType) Type of Body (0 == planet) []: 0.000000 
(RotRate) Rotational Frequency [/sec]: 7.272205e-05 
(RotPer) Rotational Period [sec]: 8.640000e+04 
(Density) Average Density [kg/m^3]: 668.099430 
(HZLimitDryRunaway) Semi-major axis of Dry Runaway HZ Limit [m]: 3.152588e+10 
(HZLimRecVenus) Recent Venus HZ Limit [m]: 2.823981e+10 
(HZLimRunaway) Runaway Greenhouse HZ Limit [m]: 3.724639e+10 
(HZLimMoistGreenhouse) Moist Greenhouse HZ Limit [m]: 3.736592e+10 
(HZLimMaxGreenhouse) Maximum Greenhouse HZ Limit [m]: 7.099705e+10 
(HZLimEarlyMars) Early Mars HZ Limit [m]: 7.743000e+10 
(Instellation) Orbit-averaged INcident STELLar radiATION [kg/sec^3]: -1.000000 
(CriticalSemiMajorAxis) Holman & Wiegert (1999) P-type Critical Semi-major Axis [m]: -1.000000 
(LXUVTot) Total XUV Luminosity [LSUN]: 4.950273e-05 
(LostEnergy) Body's Total Lost Energy [kg*m^2/sec^2]: 5.562685e-309 
(LostAngMom) Lost Angular Momentum due to Magnetic Braking [kg*m^2/sec]: 5.562685e-309 
(EscapeVelocity) Escape Velocity [m/sec]: 3.181241e+05 
----- STELLAR PARAMETERS (star)------
(Luminosity) Luminosity [LSUN]: 0.053907 
(LXUVStellar) Base X-ray/XUV Luminosity [LSUN]: 4.869696e-05 
(Temperature) Effective Temperature [K]: 3216.774654 
(LXUVFrac) Fraction of luminosity in XUV []: 0.000903 
(RossbyNumber) Rossby Number []: 0.016529 
(DRotPerDtStellar) Time Rate of Change of Rotation Period in STELLAR []: -1.657392e-10 
(WindTorque) Stellar Wind Torque []: 5.128348e+27 
----- FLARE PARAMETERS (star)------
(LXUVFlare) XUV Luminosity from flares [LSUN]: 8.057715e-07 
(FlareFreq1) First value of flare frequency range [/sec]: 3.199593e-05 
(FlareFreq2) Second value of flare frequency range [/sec]: 2.773489e-05 
(FlareFreq3) Third value of flare frequency range [/sec]: 2.404131e-05 
(FlareFreq4) Fourth value of flare frequency range [/sec]: 2.083962e-05 
(FlareFreqMin) Frequency of the flares with the lowest energy [/sec]: 3.199593e-05 
(FlareFreqMid) Frequency of the flares with the middle energy in the energy range [/sec]: 7.663226e-06 
(FlareFreqMax) Frequency of the flares with the highest energy [/sec]: 1.835391e-06 
(FlareEnergy1) First value of flare energy range [kg*m^2/sec^2]: 5.334000e+23 
(FlareEnergy2) Second value of flare energy range [kg*m^2/sec^2]: 6.715108e+23 
(FlareEnergy3) Third value of flare energy range [kg*m^2/sec^2]: 8.453820e+23 
(FlareEnergy4) Fourth value of flare energy range [kg*m^2/sec^2]: 1.064273e+24 
(FlareEnergyMin) Minimum flare energy [kg*m^2/sec^2]: 5.334000e+23 
(FlareEnergyMid) Middle flare energy in the range of energy values [kg*m^2/sec^2]: 5.334000e+24 
(FlareEnergyMax) Maximum flare energy [kg*m^2/sec^2]: 5.334000e+25 
(FlareYIntOUT) Instantaneous Davenport FFD y-intercept at current age and mass []: 19.513370 
(FlareSlopeOUT) Instantaneous Davenport FFD slope at current age and mass []: -0.620683 

Output Order: Time[year] Luminosity[LSUN] LXUVStellar[LSUN] LXUVFlare[LSUN] LXUVTot[LSUN]
Grid Output Order:

----- BODY: b ----
Active Modules: AtmEsc
Module Bit Sum: 9
Color: 000000
(Mass) Mass [kg]: 9.734723e+24 
(Radius) Radius [m]: 7.138432e+06 
(RadGyra) Radius of Gyration/Moment of Inertia Constant []: 0.500000 
(BodyType) Type of Body (0 == planet) []: 0.000000 
(Density) Average Density [kg/m^3]: 6388.907087 
(HZLimitDryRunaway) Semi-major axis of Dry Runaway HZ Limit [m]: 3.152597e+10 
(HZLimRecVenus) Recent Venus HZ Limit [m]: 2.823981e+10 
(HZLimRunaway) Runaway Greenhouse HZ Limit [m]: 3.724639e+10 
(HZLimMoistGreenhouse) Moist Greenhouse HZ Limit [m]: 3.736592e+10 
(HZLimMaxGreenhouse) Maximum Greenhouse HZ Limit [m]: 7.099705e+10 
(HZLimEarlyMars) Early Mars HZ Limit [m]: 7.743000e+10 
(Instellation) Orbit-averaged INcident STELLar radiATION [kg/sec^3]: 2.951721e+05 
(MeanMotion) Orbital Mean Motion [/sec]: 4.464450e-05 
(OrbPeriod) Orbital Period [sec]: 1.407382e+05 
(SemiMajorAxis) Semi-major Axis [m]: 2.364200e+09 
(LXUVTot) Total XUV Luminosity [kg/sec^3]: -1.000000 
(EscapeVelocity) Escape Velocity [m/sec]: 1.349204e+04 
----- ATMESC PARAMETERS (b)------
(SurfWaterMass) Surface water mass [kg]: 0.000000 
(EnvelopeMass) Envelope mass [kg]: 0.000000 
(OxygenMass) Oxygen mass in the atmosphere [kg]: 0.000000 
(RGLimit) Runaway greenhouse semi-major axis [m]: 3.571426e+10 
(XO) Atomic oxygen mixing ratio in upper atmosphere []: 0.000000 
(EtaO) Oxygen eta parameter (Luger and Barnes 2015) []: 0.000000 
(PlanetRadius) Planet radius [m]: 7.138432e+06 
(OxygenMantleMass) Mass of oxygen in mantle [kg]: 0.000000 
(RadXUV) XUV radius separating hydro. dyn. escape and equilibrium [m]: -1.000000 
(RadSolid) Radius to the solid surface [m]: -1.000000 
(PresXUV) Pressure at base of thermosphere [(null)]: 5.000000 
(ScaleHeight) Scale height in Lehmer & Catling (2016) model [m]: -1.000000 
(ThermTemp) Isothermal atmospheric temperature [K]: 400.000000 
(AtmGasConst) Atmospheric gas constant [(null)]: 4124.000000 
(PresSurf) Surface pressure due to atmosphere [Pa]: -1.000000 
(DEnvMassDt) Envelope Mass Loss Rate [kg/s]: 0.000000 
(FXUV) XUV flux [W/m^2]: 271.057488 
(AtmXAbsEffH2O) XUV atmospheric escape efficiency for H2O []: 0.300000 
(RocheRadius) Roche Lobe Radius [m]: 4.771928e+07 
(BondiRadius) Bondi Radius [m]: 3.220135e+08 
(HEscapeRegime) Integer flag for H envelope escape regime []: 8.000000 
(RRCriticalFlux) Critical XUV Flux that separates RR and energy-limited escape [W/m^2]: 61.495754 
(CrossoverMass) Crossover mass, defines oxygen is escaping if mc > mo [kg]: 0.000000 
(WaterEscapeRegime) What water escape regime the code is currently in []: 8.000000 
(FXUVCRITDRAG) Critical Drag XUV flux [W/m^2]: 0.504796 
(HREFFLUX) The Hydrogen Reference Flux (m^-2 s^-1) [m^-2 s^-1]: 1.730485e+20 
(XO2) Molecular oxygen mixing ratio in atmosphere []: 0.000000 
(XH2O) Water mixing ratio in upper atmosphere []: 0.000000 
(HDiffFlux) The Hydrogen Diffusion Flux (m^-2 s^-1) [m^-2 s^-1]: 2.468913e+17 
(HRefODragMod) Multiply by H ref flux to get flux with drag []: 1.000000 
(KTide) Mass loss enhancement due to stellar gravity []: 0.777285 
(CumulativeXUVFlux) Cumulative XUV flux [W/m^2]: 0.000000 
(RunawayGreenhouseFlux) Incident flux that triggers runaway greenhouse [kg/sec^3]: 1293.474346 
(RGDuration) Runaway Greenhouse Duration [years]: 0.00000e+00

Output Order: Time[year] CumulativeXUVFlux[W/m^2]
Grid Output Order:



---- FINAL SYSTEM PROPERTIES ----
(Age) System Age [sec]: 2.570862e+17 
(Time) Simulation Time [sec]: 2.569248e+17 
(TotAngMom) Total Angular Momentum [kg*m^2/sec]: 1.622015e+42 
(TotEnergy) Total System Energy [kg*m^2/sec^2]: -1.190439e+40 
(PotEnergy) Body's non-orbital Potential Energy [kg*m^2/sec^2]: -4.143841e+40 
(KinEnergy) Body's non-orbital Kinetic Energy [kg*m^2/sec^2]: 5.556933e+32 
(DeltaTime) Average Timestep Over Last Output Interval [sec]: 2.868873e+12 

----- BODY: star ----
Active Modules: FLARE STELLAR
Module Bit Sum: 577
Color: 000000
(Mass) Mass [kg]: 3.946148e+29 
(Radius) Radius [m]: 1.504871e+08 
(RadGyra) Radius of Gyration/Moment of Inertia Constant []: 0.460179 
(RotAngMom) Rotational Angular Momentum [kg*m^2/sec]: 1.450260e+39 
(RotVel) Rotational Velocity [m/sec]: 115.323730 
(BodyType) Type of Body (0 == planet) []: 0.000000 
(RotRate) Rotational Frequency [/sec]: 7.663363e-07 
(RotPer) Rotational Period [sec]: 8.198992e+06 
(Density) Average Density [kg/m^3]: 2.764311e+04 
(HZLimitDryRunaway) Semi-major axis of Dry Runaway HZ Limit [m]: 9.356639e+09 
(HZLimRecVenus) Recent Venus HZ Limit [m]: 8.374534e+09 
(HZLimRunaway) Runaway Greenhouse HZ Limit [m]: 1.104959e+10 
(HZLimMoistGreenhouse) Moist Greenhouse HZ Limit [m]: 1.108088e+10 
(HZLimMaxGreenhouse) Maximum Greenhouse HZ Limit [m]: 2.102068e+10 
(HZLimEarlyMars) Early Mars HZ Limit [m]: 2.292541e+10 
(Instellation) Orbit-averaged INcident STELLar radiATION [kg/sec^3]: -1.000000 
(CriticalSemiMajorAxis) Holman & Wiegert (1999) P-type Critical Semi-major Axis [m]: -1.000000 
(LXUVTot) Total XUV Luminosity [LSUN]: 5.950978e-07 
(LostEnergy) Body's Total Lost Energy [kg*m^2/sec^2]: 2.953408e+40 
(LostAngMom) Lost Angular Momentum due to Magnetic Braking [kg*m^2/sec]: 1.618136e+42 
(EscapeVelocity) Escape Velocity [m/sec]: 5.916355e+05 
----- STELLAR PARAMETERS (star)------
(Luminosity) Luminosity [LSUN]: 0.004748 
(LXUVStellar) Base X-ray/XUV Luminosity [LSUN]: 2.115448e-07 
(Temperature) Effective Temperature [K]: 3258.523064 
(LXUVFrac) Fraction of luminosity in XUV []: 4.455065e-05 
(RossbyNumber) Rossby Number []: 1.602386 
(DRotPerDtStellar) Time Rate of Change of Rotation Period in STELLAR []: 1.284274e-11 
(WindTorque) Stellar Wind Torque []: 2.269384e+21 
----- FLARE PARAMETERS (star)------
(LXUVFlare) XUV Luminosity from flares [LSUN]: 3.835528e-07 
(FlareFreq1) First value of flare frequency range [/sec]: 8.616655e-05 
(FlareFreq2) Second value of flare frequency range [/sec]: 6.696440e-05 
(FlareFreq3) Third value of flare frequency range [/sec]: 5.204143e-05 
(FlareFreq4) Fourth value of flare frequency range [/sec]: 4.044403e-05 
(FlareFreqMin) Frequency of the flares with the lowest energy [/sec]: 8.616655e-05 
(FlareFreqMid) Frequency of the flares with the middle energy in the energy range [/sec]: 6.924546e-06 
(FlareFreqMax) Frequency of the flares with the highest energy [/sec]: 5.564727e-07 
(FlareEnergy1) First value of flare energy range [kg*m^2/sec^2]: 5.334000e+23 
(FlareEnergy2) Second value of flare energy range [kg*m^2/sec^2]: 6.715108e+23 
(FlareEnergy3) Third value of flare energy range [kg*m^2/sec^2]: 8.453820e+23 
(FlareEnergy4) Fourth value of flare energy range [kg*m^2/sec^2]: 1.064273e+24 
(FlareEnergyMin) Minimum flare energy [kg*m^2/sec^2]: 5.334000e+23 
(FlareEnergyMid) Middle flare energy in the range of energy values [kg*m^2/sec^2]: 5.334000e+24 
(FlareEnergyMax) Maximum flare energy [kg*m^2/sec^2]: 5.334000e+25 
(FlareYIntOUT) Instantaneous Davenport FFD y-intercept at current age and mass []: 34.516360 
(FlareSlopeOUT) Instantaneous Davenport FFD slope at current age and mass []: -1.094947 

Output Order: Time[year] Luminosity[LSUN] LXUVStellar[LSUN] LXUVFlare[LSUN] LXUVTot[LSUN]
Grid Output Order:

----- BODY: b ----
Active Modules: AtmEsc
Module Bit Sum: 9
Color: 000000
(Mass) Mass [kg]: 9.734723e+24 
(Radius) Radius [m]: 7.138432e+06 
(RadGyra) Radius of Gyration/Moment of Inertia Constant []: 0.500000 
(BodyType) Type of Body (0 == planet) []: 0.000000 
(Density) Average Density [kg/m^3]: 6388.907087 
(HZLimitDryRunaway) Semi-major axis of Dry Runaway HZ Limit [m]: 9.356666e+09 
(HZLimRecVenus) Recent Venus HZ Limit [m]: 8.374534e+09 
(HZLimRunaway) Runaway Greenhouse HZ Limit [m]: 1.104959e+10 
(HZLimMoistGreenhouse) Moist Greenhouse HZ Limit [m]: 1.108088e+10 
(HZLimMaxGreenhouse) Maximum Greenhouse HZ Limit [m]: 2.102068e+10 
(HZLimEarlyMars) Early Mars HZ Limit [m]: 2.292541e+10 
(Instellation) Orbit-averaged INcident STELLar radiATION [kg/sec^3]: 2.600044e+04 
(MeanMotion) Orbital Mean Motion [/sec]: 4.464450e-05 
(OrbPeriod) Orbital Period [sec]: 1.407382e+05 
(SemiMajorAxis) Semi-major Axis [m]: 2.364200e+09 
(LXUVTot) Total XUV Luminosity [kg/sec^3]: -1.000000 
(EscapeVelocity) Escape Velocity [m/sec]: 1.349204e+04 
----- ATMESC PARAMETERS (b)------
(SurfWaterMass) Surface water mass [kg]: 0.000000 
(EnvelopeMass) Envelope mass [kg]: 0.000000 
(OxygenMass) Oxygen mass in the atmosphere [kg]: 0.000000 
(RGLimit) Runaway greenhouse semi-major axis [m]: 1.059526e+10 
(XO) Atomic oxygen mixing ratio in upper atmosphere []: 0.000000 
(EtaO) Oxygen eta parameter (Luger and Barnes 2015) []: 0.000000 
(PlanetRadius) Planet radius [m]: 7.138432e+06 
(OxygenMantleMass) Mass of oxygen in mantle [kg]: 0.000000 
(RadXUV) XUV radius separating hydro. dyn. escape and equilibrium [m]: -1.000000 
(RadSolid) Radius to the solid surface [m]: -1.000000 
(PresXUV) Pressure at base of thermosphere [(null)]: 5.000000 
(ScaleHeight) Scale height in Lehmer & Catling (2016) model [m]: -1.000000 
(ThermTemp) Isothermal atmospheric temperature [K]: 400.000000 
(AtmGasConst) Atmospheric gas constant [(null)]: 4124.000000 
(PresSurf) Surface pressure due to atmosphere [Pa]: -1.000000 
(DEnvMassDt) Envelope Mass Loss Rate [kg/s]: 0.000000 
(FXUV) XUV flux [W/m^2]: 3.258522 
(AtmXAbsEffH2O) XUV atmospheric escape efficiency for H2O []: 0.300000 
(RocheRadius) Roche Lobe Radius [m]: 4.771928e+07 
(BondiRadius) Bondi Radius [m]: 5.911961e+08 
(HEscapeRegime) Integer flag for H envelope escape regime []: 8.000000 
(RRCriticalFlux) Critical XUV Flux that separates RR and energy-limited escape [W/m^2]: 61.495754 
(CrossoverMass) Crossover mass, defines oxygen is escaping if mc > mo [kg]: 0.000000 
(WaterEscapeRegime) What water escape regime the code is currently in []: 8.000000 
(FXUVCRITDRAG) Critical Drag XUV flux [W/m^2]: 0.504796 
(HREFFLUX) The Hydrogen Reference Flux (m^-2 s^-1) [m^-2 s^-1]: 2.080305e+18 
(XO2) Molecular oxygen mixing ratio in atmosphere []: 0.000000 
(XH2O) Water mixing ratio in upper atmosphere []: 0.000000 
(HDiffFlux) The Hydrogen Diffusion Flux (m^-2 s^-1) [m^-2 s^-1]: 2.468913e+17 
(HRefODragMod) Multiply by H ref flux to get flux with drag []: 1.000000 
(KTide) Mass loss enhancement due to stellar gravity []: 0.777285 
(CumulativeXUVFlux) Cumulative XUV flux [W/m^2]: 2.088651e+18 
(RunawayGreenhouseFlux) Incident flux that triggers runaway greenhouse [kg/sec^3]: 1294.564279 
(RGDuration) Runaway Greenhouse Duration [years]: 0.00000e+00

Output Order: Time[year] CumulativeXUVFlux[W/m^2]
Grid Output Order:
