-------- Log file gj1132.log -------

Executable: /home/vplanet/.local/bin/vplanet
Version: Unknown
System Name: gj1132
Primary Input File: vpl.in
Body File #1: star.in
Body File #2: b.in
Allow files to be overwitten: Yes
Mass Units: Grams
Length Units: Meters
Time Units: Seconds
Angle Units: Radians

------- FORMATTING -----
Verbosity Level: 5
Crossover Decade for Scientific Notation: 4
Number of Digits After Decimal: 6
Integration Method: Runge-Kutta4
Direction: Forward
Time Step: 3.155760e+07
Stop Time: 2.273713e+17
Output Interval: 3.155760e+13
Use Variable Timestep: Yes
dEta: 0.010000
Minimum Value of ecc and obl: 1.000000e-10


---- INITIAL SYSTEM PROPERTIES ----
(Age) System Age [sec]: 1.579916e+14 
(Time) Simulation Time [sec]: 0.000000 
(TotAngMom) Total Angular Momentum [kg*m^2/sec]: 1.613832e+42 
(TotEnergy) Total System Energy [kg*m^2/sec^2]: -1.169299e+40 
(PotEnergy) Body's non-orbital Potential Energy [kg*m^2/sec^2]: -1.175153e+40 
(KinEnergy) Body's non-orbital Kinetic Energy [kg*m^2/sec^2]: 5.859059e+37 
(DeltaTime) Average Timestep Over Last Output Interval [sec]: 0.000000 

----- BODY: star ----
Active Modules: FLARE STELLAR
Module Bit Sum: 577
Color: 000000
(Mass) Mass [kg]: 3.914149e+29 
(Radius) Radius [m]: 5.220787e+08 
(RadGyra) Radius of Gyration/Moment of Inertia Constant []: 0.455731 
(RotAngMom) Rotational Angular Momentum [kg*m^2/sec]: 1.611357e+42 
(RotVel) Rotational Velocity [m/sec]: 3.796663e+04 
(BodyType) Type of Body (0 == planet) []: 0.000000 
(RotRate) Rotational Frequency [/sec]: 7.272205e-05 
(RotPer) Rotational Period [sec]: 8.640000e+04 
(Density) Average Density [kg/m^3]: 656.660471 
(HZLimitDryRunaway) Semi-major axis of Dry Runaway HZ Limit [m]: 3.147689e+10 
(HZLimRecVenus) Recent Venus HZ Limit [m]: 2.819970e+10 
(HZLimRunaway) Runaway Greenhouse HZ Limit [m]: 3.719118e+10 
(HZLimMoistGreenhouse) Moist Greenhouse HZ Limit [m]: 3.731284e+10 
(HZLimMaxGreenhouse) Maximum Greenhouse HZ Limit [m]: 7.091492e+10 
(HZLimEarlyMars) Early Mars HZ Limit [m]: 7.734040e+10 
(Instellation) Orbit-averaged INcident STELLar radiATION [kg/sec^3]: -1.000000 
(CriticalSemiMajorAxis) Holman & Wiegert (1999) P-type Critical Semi-major Axis [m]: -1.000000 
(LXUVTot) Total XUV Luminosity [LSUN]: 6.545841e-05 
(LostEnergy) Body's Total Lost Energy [kg*m^2/sec^2]: 5.562685e-309 
(LostAngMom) Lost Angular Momentum due to Magnetic Braking [kg*m^2/sec]: 5.562685e-309 
(EscapeVelocity) Escape Velocity [m/sec]: 3.163500e+05 
----- STELLAR PARAMETERS (star)------
(Luminosity) Luminosity [LSUN]: 0.053739 
(LXUVStellar) Base X-ray/XUV Luminosity [LSUN]: 6.464984e-05 
(Temperature) Effective Temperature [K]: 3209.843348 
(LXUVFrac) Fraction of luminosity in XUV []: 0.001203 
(RossbyNumber) Rossby Number []: 0.016470 
(DRotPerDtStellar) Time Rate of Change of Rotation Period in STELLAR []: -1.234696e-10 
(WindTorque) Stellar Wind Torque []: 5.240615e+27 
----- FLARE PARAMETERS (star)------
(LXUVFlare) XUV Luminosity from flares [LSUN]: 8.085709e-07 
(FlareFreq1) First value of flare frequency range [/sec]: 3.191846e-05 
(FlareFreq2) Second value of flare frequency range [/sec]: 2.767708e-05 
(FlareFreq3) Third value of flare frequency range [/sec]: 2.399931e-05 
(FlareFreq4) Fourth value of flare frequency range [/sec]: 2.081025e-05 
(FlareFreqMin) Frequency of the flares with the lowest energy [/sec]: 3.191846e-05 
(FlareFreqMid) Frequency of the flares with the middle energy in the energy range [/sec]: 7.670551e-06 
(FlareFreqMax) Frequency of the flares with the highest energy [/sec]: 1.843365e-06 
(FlareEnergy1) First value of flare energy range [kg*m^2/sec^2]: 5.334000e+23 
(FlareEnergy2) Second value of flare energy range [kg*m^2/sec^2]: 6.715108e+23 
(FlareEnergy3) Third value of flare energy range [kg*m^2/sec^2]: 8.453820e+23 
(FlareEnergy4) Fourth value of flare energy range [kg*m^2/sec^2]: 1.064273e+24 
(FlareEnergyMin) Minimum flare energy [kg*m^2/sec^2]: 5.334000e+23 
(FlareEnergyMid) Middle flare energy in the range of energy values [kg*m^2/sec^2]: 5.334000e+24 
(FlareEnergyMax) Maximum flare energy [kg*m^2/sec^2]: 5.334000e+25 
(FlareYIntOUT) Instantaneous Davenport FFD y-intercept at current age and mass []: 19.467218 
(FlareSlopeOUT) Instantaneous Davenport FFD slope at current age and mass []: -0.619215 

Output Order: Time[year] Luminosity[LSUN] LXUVStellar[LSUN] LXUVFlare[LSUN] LXUVTot[LSUN]
Grid Output Order:

----- BODY: b ----
Active Modules: AtmEsc
Module Bit Sum: 9
Color: 000000
(Mass) Mass [kg]: 9.971682e+24 
(Radius) Radius [m]: 7.166628e+06 
(RadGyra) Radius of Gyration/Moment of Inertia Constant []: 0.500000 
(BodyType) Type of Body (0 == planet) []: 0.000000 
(Density) Average Density [kg/m^3]: 6467.481020 
(HZLimitDryRunaway) Semi-major axis of Dry Runaway HZ Limit [m]: 3.147697e+10 
(HZLimRecVenus) Recent Venus HZ Limit [m]: 2.819970e+10 
(HZLimRunaway) Runaway Greenhouse HZ Limit [m]: 3.719118e+10 
(HZLimMoistGreenhouse) Moist Greenhouse HZ Limit [m]: 3.731284e+10 
(HZLimMaxGreenhouse) Maximum Greenhouse HZ Limit [m]: 7.091492e+10 
(HZLimEarlyMars) Early Mars HZ Limit [m]: 7.734040e+10 
(Instellation) Orbit-averaged INcident STELLar radiATION [kg/sec^3]: 2.958461e+05 
(MeanMotion) Orbital Mean Motion [/sec]: 4.464328e-05 
(OrbPeriod) Orbital Period [sec]: 1.407420e+05 
(SemiMajorAxis) Semi-major Axis [m]: 2.357836e+09 
(LXUVTot) Total XUV Luminosity [kg/sec^3]: -1.000000 
(EscapeVelocity) Escape Velocity [m/sec]: 1.362837e+04 
----- ATMESC PARAMETERS (b)------
(SurfWaterMass) Surface water mass [kg]: 0.000000 
(EnvelopeMass) Envelope mass [kg]: 0.000000 
(OxygenMass) Oxygen mass in the atmosphere [kg]: 0.000000 
(RGLimit) Runaway greenhouse semi-major axis [m]: 3.564147e+10 
(XO) Atomic oxygen mixing ratio in upper atmosphere []: 0.000000 
(EtaO) Oxygen eta parameter (Luger and Barnes 2015) []: 0.000000 
(PlanetRadius) Planet radius [m]: 7.166628e+06 
(OxygenMantleMass) Mass of oxygen in mantle [kg]: 0.000000 
(RadXUV) XUV radius separating hydro. dyn. escape and equilibrium [m]: -1.000000 
(RadSolid) Radius to the solid surface [m]: -1.000000 
(PresXUV) Pressure at base of thermosphere [(null)]: 5.000000 
(ScaleHeight) Scale height in Lehmer & Catling (2016) model [m]: -1.000000 
(ThermTemp) Isothermal atmospheric temperature [K]: 400.000000 
(AtmGasConst) Atmospheric gas constant [(null)]: 4124.000000 
(PresSurf) Surface pressure due to atmosphere [Pa]: -1.000000 
(DEnvMassDt) Envelope Mass Loss Rate [kg/s]: 0.000000 
(FXUV) XUV flux [W/m^2]: 360.361887 
(AtmXAbsEffH2O) XUV atmospheric escape efficiency for H2O []: 0.300000 
(RocheRadius) Roche Lobe Radius [m]: 4.810425e+07 
(BondiRadius) Bondi Radius [m]: 3.305067e+08 
(HEscapeRegime) Integer flag for H envelope escape regime []: 8.000000 
(RRCriticalFlux) Critical XUV Flux that separates RR and energy-limited escape [W/m^2]: 63.914489 
(CrossoverMass) Crossover mass, defines oxygen is escaping if mc > mo [kg]: 0.000000 
(WaterEscapeRegime) What water escape regime the code is currently in []: 8.000000 
(FXUVCRITDRAG) Critical Drag XUV flux [W/m^2]: 0.523443 
(HREFFLUX) The Hydrogen Reference Flux (m^-2 s^-1) [m^-2 s^-1]: 2.252227e+20 
(XO2) Molecular oxygen mixing ratio in atmosphere []: 0.000000 
(XH2O) Water mixing ratio in upper atmosphere []: 0.000000 
(HDiffFlux) The Hydrogen Diffusion Flux (m^-2 s^-1) [m^-2 s^-1]: 2.509149e+17 
(HRefODragMod) Multiply by H ref flux to get flux with drag []: 1.000000 
(KTide) Mass loss enhancement due to stellar gravity []: 0.778182 
(CumulativeXUVFlux) Cumulative XUV flux [W/m^2]: 0.000000 
(RunawayGreenhouseFlux) Incident flux that triggers runaway greenhouse [kg/sec^3]: 1294.731532 
(RGDuration) Runaway Greenhouse Duration [years]: 0.00000e+00

Output Order: Time[year] CumulativeXUVFlux[W/m^2]
Grid Output Order:



---- FINAL SYSTEM PROPERTIES ----
(Age) System Age [sec]: 2.275305e+17 
(Time) Simulation Time [sec]: 2.273725e+17 
(TotAngMom) Total Angular Momentum [kg*m^2/sec]: 1.612884e+42 
(TotEnergy) Total System Energy [kg*m^2/sec^2]: -1.170011e+40 
(PotEnergy) Body's non-orbital Potential Energy [kg*m^2/sec^2]: -4.123893e+40 
(KinEnergy) Body's non-orbital Kinetic Energy [kg*m^2/sec^2]: 6.110779e+32 
(DeltaTime) Average Timestep Over Last Output Interval [sec]: 1.577880e+13 

----- BODY: star ----
Active Modules: FLARE STELLAR
Module Bit Sum: 577
Color: 000000
(Mass) Mass [kg]: 3.914149e+29 
(Radius) Radius [m]: 1.487726e+08 
(RadGyra) Radius of Gyration/Moment of Inertia Constant []: 0.460257 
(RotAngMom) Rotational Angular Momentum [kg*m^2/sec]: 1.497631e+39 
(RotVel) Rotational Velocity [m/sec]: 121.407252 
(BodyType) Type of Body (0 == planet) []: 0.000000 
(RotRate) Rotational Frequency [/sec]: 8.160592e-07 
(RotPer) Rotational Period [sec]: 7.699423e+06 
(Density) Average Density [kg/m^3]: 2.837787e+04 
(HZLimitDryRunaway) Semi-major axis of Dry Runaway HZ Limit [m]: 9.213547e+09 
(HZLimRecVenus) Recent Venus HZ Limit [m]: 8.247484e+09 
(HZLimRunaway) Runaway Greenhouse HZ Limit [m]: 1.088134e+10 
(HZLimMoistGreenhouse) Moist Greenhouse HZ Limit [m]: 1.091277e+10 
(HZLimMaxGreenhouse) Maximum Greenhouse HZ Limit [m]: 2.070676e+10 
(HZLimEarlyMars) Early Mars HZ Limit [m]: 2.258303e+10 
(Instellation) Orbit-averaged INcident STELLar radiATION [kg/sec^3]: -1.000000 
(CriticalSemiMajorAxis) Holman & Wiegert (1999) P-type Critical Semi-major Axis [m]: -1.000000 
(LXUVTot) Total XUV Luminosity [LSUN]: 7.221678e-07 
(LostEnergy) Body's Total Lost Energy [kg*m^2/sec^2]: 2.953887e+40 
(LostAngMom) Lost Angular Momentum due to Magnetic Braking [kg*m^2/sec]: 1.608911e+42 
(EscapeVelocity) Escape Velocity [m/sec]: 5.926174e+05 
----- STELLAR PARAMETERS (star)------
(Luminosity) Luminosity [LSUN]: 0.004604 
(LXUVStellar) Base X-ray/XUV Luminosity [LSUN]: 3.377481e-07 
(Temperature) Effective Temperature [K]: 3252.228819 
(LXUVFrac) Fraction of luminosity in XUV []: 7.335515e-05 
(RossbyNumber) Rossby Number []: 1.499909 
(DRotPerDtStellar) Time Rate of Change of Rotation Period in STELLAR []: 1.534973e-11 
(WindTorque) Stellar Wind Torque []: 2.939249e+21 
----- FLARE PARAMETERS (star)------
(LXUVFlare) XUV Luminosity from flares [LSUN]: 3.844155e-07 
(FlareFreq1) First value of flare frequency range [/sec]: 8.415965e-05 
(FlareFreq2) Second value of flare frequency range [/sec]: 6.552316e-05 
(FlareFreq3) Third value of flare frequency range [/sec]: 5.101356e-05 
(FlareFreq4) Fourth value of flare frequency range [/sec]: 3.971701e-05 
(FlareFreqMin) Frequency of the flares with the lowest energy [/sec]: 8.415965e-05 
(FlareFreqMid) Frequency of the flares with the middle energy in the energy range [/sec]: 6.886722e-06 
(FlareFreqMax) Frequency of the flares with the highest energy [/sec]: 5.635354e-07 
(FlareEnergy1) First value of flare energy range [kg*m^2/sec^2]: 5.334000e+23 
(FlareEnergy2) Second value of flare energy range [kg*m^2/sec^2]: 6.715108e+23 
(FlareEnergy3) Third value of flare energy range [kg*m^2/sec^2]: 8.453820e+23 
(FlareEnergy4) Fourth value of flare energy range [kg*m^2/sec^2]: 1.064273e+24 
(FlareEnergyMin) Minimum flare energy [kg*m^2/sec^2]: 5.334000e+23 
(FlareEnergyMid) Middle flare energy in the range of energy values [kg*m^2/sec^2]: 5.334000e+24 
(FlareEnergyMax) Maximum flare energy [kg*m^2/sec^2]: 5.334000e+25 
(FlareYIntOUT) Instantaneous Davenport FFD y-intercept at current age and mass []: 34.264732 
(FlareSlopeOUT) Instantaneous Davenport FFD slope at current age and mass []: -1.087091 

Output Order: Time[year] Luminosity[LSUN] LXUVStellar[LSUN] LXUVFlare[LSUN] LXUVTot[LSUN]
Grid Output Order:

----- BODY: b ----
Active Modules: AtmEsc
Module Bit Sum: 9
Color: 000000
(Mass) Mass [kg]: 9.971682e+24 
(Radius) Radius [m]: 7.166628e+06 
(RadGyra) Radius of Gyration/Moment of Inertia Constant []: 0.500000 
(BodyType) Type of Body (0 == planet) []: 0.000000 
(Density) Average Density [kg/m^3]: 6467.481020 
(HZLimitDryRunaway) Semi-major axis of Dry Runaway HZ Limit [m]: 9.213568e+09 
(HZLimRecVenus) Recent Venus HZ Limit [m]: 8.247484e+09 
(HZLimRunaway) Runaway Greenhouse HZ Limit [m]: 1.088134e+10 
(HZLimMoistGreenhouse) Moist Greenhouse HZ Limit [m]: 1.091277e+10 
(HZLimMaxGreenhouse) Maximum Greenhouse HZ Limit [m]: 2.070676e+10 
(HZLimEarlyMars) Early Mars HZ Limit [m]: 2.258303e+10 
(Instellation) Orbit-averaged INcident STELLar radiATION [kg/sec^3]: 2.534754e+04 
(MeanMotion) Orbital Mean Motion [/sec]: 4.464328e-05 
(OrbPeriod) Orbital Period [sec]: 1.407420e+05 
(SemiMajorAxis) Semi-major Axis [m]: 2.357836e+09 
(LXUVTot) Total XUV Luminosity [kg/sec^3]: -1.000000 
(EscapeVelocity) Escape Velocity [m/sec]: 1.362837e+04 
----- ATMESC PARAMETERS (b)------
(SurfWaterMass) Surface water mass [kg]: 0.000000 
(EnvelopeMass) Envelope mass [kg]: 0.000000 
(OxygenMass) Oxygen mass in the atmosphere [kg]: 0.000000 
(RGLimit) Runaway greenhouse semi-major axis [m]: 1.042811e+10 
(XO) Atomic oxygen mixing ratio in upper atmosphere []: 0.000000 
(EtaO) Oxygen eta parameter (Luger and Barnes 2015) []: 0.000000 
(PlanetRadius) Planet radius [m]: 7.166628e+06 
(OxygenMantleMass) Mass of oxygen in mantle [kg]: 0.000000 
(RadXUV) XUV radius separating hydro. dyn. escape and equilibrium [m]: -1.000000 
(RadSolid) Radius to the solid surface [m]: -1.000000 
(PresXUV) Pressure at base of thermosphere [(null)]: 5.000000 
(ScaleHeight) Scale height in Lehmer & Catling (2016) model [m]: -1.000000 
(ThermTemp) Isothermal atmospheric temperature [K]: 400.000000 
(AtmGasConst) Atmospheric gas constant [(null)]: 4124.000000 
(PresSurf) Surface pressure due to atmosphere [Pa]: -1.000000 
(DEnvMassDt) Envelope Mass Loss Rate [kg/s]: 0.000000 
(FXUV) XUV flux [W/m^2]: 3.975681 
(AtmXAbsEffH2O) XUV atmospheric escape efficiency for H2O []: 0.300000 
(RocheRadius) Roche Lobe Radius [m]: 4.810425e+07 
(BondiRadius) Bondi Radius [m]: 6.110680e+08 
(HEscapeRegime) Integer flag for H envelope escape regime []: 8.000000 
(RRCriticalFlux) Critical XUV Flux that separates RR and energy-limited escape [W/m^2]: 63.914489 
(CrossoverMass) Crossover mass, defines oxygen is escaping if mc > mo [kg]: 0.000000 
(WaterEscapeRegime) What water escape regime the code is currently in []: 8.000000 
(FXUVCRITDRAG) Critical Drag XUV flux [W/m^2]: 0.523443 
(HREFFLUX) The Hydrogen Reference Flux (m^-2 s^-1) [m^-2 s^-1]: 2.484762e+18 
(XO2) Molecular oxygen mixing ratio in atmosphere []: 0.000000 
(XH2O) Water mixing ratio in upper atmosphere []: 0.000000 
(HDiffFlux) The Hydrogen Diffusion Flux (m^-2 s^-1) [m^-2 s^-1]: 2.509149e+17 
(HRefODragMod) Multiply by H ref flux to get flux with drag []: 1.000000 
(KTide) Mass loss enhancement due to stellar gravity []: 0.778182 
(CumulativeXUVFlux) Cumulative XUV flux [W/m^2]: 2.981105e+18 
(RunawayGreenhouseFlux) Incident flux that triggers runaway greenhouse [kg/sec^3]: 1295.835237 
(RGDuration) Runaway Greenhouse Duration [years]: 0.00000e+00

Output Order: Time[year] CumulativeXUVFlux[W/m^2]
Grid Output Order:
