-------- Log file gj1132.log -------

Executable: /home/vplanet/.local/bin/vplanet
Version: Unknown
System Name: gj1132
Primary Input File: vpl.in
Body File #1: star.in
Body File #2: b.in
Allow files to be overwitten: Yes
Mass Units: Grams
Length Units: Meters
Time Units: Seconds
Angle Units: Radians

------- FORMATTING -----
Verbosity Level: 5
Crossover Decade for Scientific Notation: 4
Number of Digits After Decimal: 6
Integration Method: Runge-Kutta4
Direction: Forward
Time Step: 3.155760e+07
Stop Time: 2.402560e+17
Output Interval: 3.155760e+13
Use Variable Timestep: Yes
dEta: 0.010000
Minimum Value of ecc and obl: 1.000000e-10


---- INITIAL SYSTEM PROPERTIES ----
(Age) System Age [sec]: 1.596002e+14 
(Time) Simulation Time [sec]: 0.000000 
(TotAngMom) Total Angular Momentum [kg*m^2/sec]: 1.538403e+42 
(TotEnergy) Total System Energy [kg*m^2/sec^2]: -1.141859e+40 
(PotEnergy) Body's non-orbital Potential Energy [kg*m^2/sec^2]: -1.147438e+40 
(KinEnergy) Body's non-orbital Kinetic Energy [kg*m^2/sec^2]: 5.584859e+37 
(DeltaTime) Average Timestep Over Last Output Interval [sec]: 0.000000 

----- BODY: star ----
Active Modules: FLARE STELLAR
Module Bit Sum: 577
Color: 000000
(Mass) Mass [kg]: 3.839585e+29 
(Radius) Radius [m]: 5.145111e+08 
(RadGyra) Radius of Gyration/Moment of Inertia Constant []: 0.455846 
(RotAngMom) Rotational Angular Momentum [kg*m^2/sec]: 1.535947e+42 
(RotVel) Rotational Velocity [m/sec]: 3.741631e+04 
(BodyType) Type of Body (0 == planet) []: 0.000000 
(RotRate) Rotational Frequency [/sec]: 7.272205e-05 
(RotPer) Rotational Period [sec]: 8.640000e+04 
(Density) Average Density [kg/m^3]: 672.994154 
(HZLimitDryRunaway) Semi-major axis of Dry Runaway HZ Limit [m]: 3.087797e+10 
(HZLimRecVenus) Recent Venus HZ Limit [m]: 2.766764e+10 
(HZLimRunaway) Runaway Greenhouse HZ Limit [m]: 3.648671e+10 
(HZLimMoistGreenhouse) Moist Greenhouse HZ Limit [m]: 3.660884e+10 
(HZLimMaxGreenhouse) Maximum Greenhouse HZ Limit [m]: 6.959939e+10 
(HZLimEarlyMars) Early Mars HZ Limit [m]: 7.590564e+10 
(Instellation) Orbit-averaged INcident STELLar radiATION [kg/sec^3]: -1.000000 
(CriticalSemiMajorAxis) Holman & Wiegert (1999) P-type Critical Semi-major Axis [m]: -1.000000 
(LXUVTot) Total XUV Luminosity [LSUN]: 0.000637 
(LostEnergy) Body's Total Lost Energy [kg*m^2/sec^2]: 5.562685e-309 
(LostAngMom) Lost Angular Momentum due to Magnetic Braking [kg*m^2/sec]: 5.562685e-309 
(EscapeVelocity) Escape Velocity [m/sec]: 3.156181e+05 
----- STELLAR PARAMETERS (star)------
(Luminosity) Luminosity [LSUN]: 0.051714 
(LXUVStellar) Base X-ray/XUV Luminosity [LSUN]: 0.000625 
(Temperature) Effective Temperature [K]: 3201.359824 
(LXUVFrac) Fraction of luminosity in XUV []: 0.012084 
(RossbyNumber) Rossby Number []: 0.016399 
(DRotPerDtStellar) Time Rate of Change of Rotation Period in STELLAR []: -1.505507e-10 
(WindTorque) Stellar Wind Torque []: 4.910565e+27 
----- FLARE PARAMETERS (star)------
(LXUVFlare) XUV Luminosity from flares [LSUN]: 1.196487e-05 
(FlareFreq1) First value of flare frequency range [/sec]: 1.833814e-06 
(FlareFreq2) Second value of flare frequency range [/sec]: 1.479286e-06 
(FlareFreq3) Third value of flare frequency range [/sec]: 1.193297e-06 
(FlareFreq4) Fourth value of flare frequency range [/sec]: 9.625986e-07 
(FlareFreqMin) Frequency of the flares with the lowest energy [/sec]: 1.833814e-06 
(FlareFreqMid) Frequency of the flares with the middle energy in the energy range [/sec]: 2.139545e-07 
(FlareFreqMax) Frequency of the flares with the highest energy [/sec]: 2.496247e-08 
(FlareEnergy1) First value of flare energy range [kg*m^2/sec^2]: 5.334000e+25 
(FlareEnergy2) Second value of flare energy range [kg*m^2/sec^2]: 7.534475e+25 
(FlareEnergy3) Third value of flare energy range [kg*m^2/sec^2]: 1.064273e+26 
(FlareEnergy4) Fourth value of flare energy range [kg*m^2/sec^2]: 1.503325e+26 
(FlareEnergyMin) Minimum flare energy [kg*m^2/sec^2]: 5.334000e+25 
(FlareEnergyMid) Middle flare energy in the range of energy values [kg*m^2/sec^2]: 1.686759e+27 
(FlareEnergyMax) Maximum flare energy [kg*m^2/sec^2]: 5.334000e+28 
(FlareYIntOUT) Instantaneous Davenport FFD y-intercept at current age and mass []: 19.556836 
(FlareSlopeOUT) Instantaneous Davenport FFD slope at current age and mass []: -0.622023 

Output Order: Time[year] Luminosity[LSUN] LXUVStellar[LSUN] LXUVFlare[LSUN] LXUVTot[LSUN]
Grid Output Order:

----- BODY: b ----
Active Modules: AtmEsc
Module Bit Sum: 9
Color: 000000
(Mass) Mass [kg]: 1.002554e+25 
(Radius) Radius [m]: 7.205965e+06 
(RadGyra) Radius of Gyration/Moment of Inertia Constant []: 0.500000 
(BodyType) Type of Body (0 == planet) []: 0.000000 
(Density) Average Density [kg/m^3]: 6396.505159 
(HZLimitDryRunaway) Semi-major axis of Dry Runaway HZ Limit [m]: 3.087846e+10 
(HZLimRecVenus) Recent Venus HZ Limit [m]: 2.766764e+10 
(HZLimRunaway) Runaway Greenhouse HZ Limit [m]: 3.648671e+10 
(HZLimMoistGreenhouse) Moist Greenhouse HZ Limit [m]: 3.660884e+10 
(HZLimMaxGreenhouse) Maximum Greenhouse HZ Limit [m]: 6.959939e+10 
(HZLimEarlyMars) Early Mars HZ Limit [m]: 7.590564e+10 
(Instellation) Orbit-averaged INcident STELLar radiATION [kg/sec^3]: 2.883900e+05 
(MeanMotion) Orbital Mean Motion [/sec]: 4.464531e-05 
(OrbPeriod) Orbital Period [sec]: 1.407356e+05 
(SemiMajorAxis) Semi-major Axis [m]: 2.342697e+09 
(LXUVTot) Total XUV Luminosity [kg/sec^3]: -1.000000 
(EscapeVelocity) Escape Velocity [m/sec]: 1.362778e+04 
----- ATMESC PARAMETERS (b)------
(SurfWaterMass) Surface water mass [kg]: 0.000000 
(EnvelopeMass) Envelope mass [kg]: 0.000000 
(OxygenMass) Oxygen mass in the atmosphere [kg]: 0.000000 
(RGLimit) Runaway greenhouse semi-major axis [m]: 3.496167e+10 
(XO) Atomic oxygen mixing ratio in upper atmosphere []: 0.000000 
(EtaO) Oxygen eta parameter (Luger and Barnes 2015) []: 0.000000 
(PlanetRadius) Planet radius [m]: 7.205965e+06 
(OxygenMantleMass) Mass of oxygen in mantle [kg]: 0.000000 
(RadXUV) XUV radius separating hydro. dyn. escape and equilibrium [m]: -1.000000 
(RadSolid) Radius to the solid surface [m]: -1.000000 
(PresXUV) Pressure at base of thermosphere [(null)]: 5.000000 
(ScaleHeight) Scale height in Lehmer & Catling (2016) model [m]: -1.000000 
(ThermTemp) Isothermal atmospheric temperature [K]: 400.000000 
(AtmGasConst) Atmospheric gas constant [(null)]: 4124.000000 
(PresSurf) Surface pressure due to atmosphere [Pa]: -1.000000 
(DEnvMassDt) Envelope Mass Loss Rate [kg/s]: 0.000000 
(FXUV) XUV flux [W/m^2]: 3551.562590 
(AtmXAbsEffH2O) XUV atmospheric escape efficiency for H2O []: 0.300000 
(RocheRadius) Roche Lobe Radius [m]: 4.818925e+07 
(BondiRadius) Bondi Radius [m]: 3.366962e+08 
(HEscapeRegime) Integer flag for H envelope escape regime []: 8.000000 
(RRCriticalFlux) Critical XUV Flux that separates RR and energy-limited escape [W/m^2]: 63.421964 
(CrossoverMass) Crossover mass, defines oxygen is escaping if mc > mo [kg]: 0.000000 
(WaterEscapeRegime) What water escape regime the code is currently in []: 8.000000 
(FXUVCRITDRAG) Critical Drag XUV flux [W/m^2]: 0.520495 
(HREFFLUX) The Hydrogen Reference Flux (m^-2 s^-1) [m^-2 s^-1]: 2.222204e+21 
(XO2) Molecular oxygen mixing ratio in atmosphere []: 0.000000 
(XH2O) Water mixing ratio in upper atmosphere []: 0.000000 
(HDiffFlux) The Hydrogen Diffusion Flux (m^-2 s^-1) [m^-2 s^-1]: 2.495234e+17 
(HRefODragMod) Multiply by H ref flux to get flux with drag []: 1.000000 
(KTide) Mass loss enhancement due to stellar gravity []: 0.777370 
(CumulativeXUVFlux) Cumulative XUV flux [W/m^2]: 0.000000 
(RunawayGreenhouseFlux) Incident flux that triggers runaway greenhouse [kg/sec^3]: 1294.834563 
(RGDuration) Runaway Greenhouse Duration [years]: 0.00000e+00

Output Order: Time[year] CumulativeXUVFlux[W/m^2]
Grid Output Order:



---- FINAL SYSTEM PROPERTIES ----
(Age) System Age [sec]: 2.404193e+17 
(Time) Simulation Time [sec]: 2.402597e+17 
(TotAngMom) Total Angular Momentum [kg*m^2/sec]: 1.539426e+42 
(TotEnergy) Total System Energy [kg*m^2/sec^2]: -1.141761e+40 
(PotEnergy) Body's non-orbital Potential Energy [kg*m^2/sec^2]: -4.060881e+40 
(KinEnergy) Body's non-orbital Kinetic Energy [kg*m^2/sec^2]: 5.693077e+32 
(DeltaTime) Average Timestep Over Last Output Interval [sec]: 1.051920e+13 

----- BODY: star ----
Active Modules: FLARE STELLAR
Module Bit Sum: 577
Color: 000000
(Mass) Mass [kg]: 3.839585e+29 
(Radius) Radius [m]: 1.453797e+08 
(RadGyra) Radius of Gyration/Moment of Inertia Constant []: 0.460416 
(RotAngMom) Rotational Angular Momentum [kg*m^2/sec]: 1.399539e+39 
(RotVel) Rotational Velocity [m/sec]: 118.275827 
(BodyType) Type of Body (0 == planet) []: 0.000000 
(RotRate) Rotational Frequency [/sec]: 8.135648e-07 
(RotPer) Rotational Period [sec]: 7.723030e+06 
(Density) Average Density [kg/m^3]: 2.983212e+04 
(HZLimitDryRunaway) Semi-major axis of Dry Runaway HZ Limit [m]: 8.960404e+09 
(HZLimRecVenus) Recent Venus HZ Limit [m]: 8.022588e+09 
(HZLimRunaway) Runaway Greenhouse HZ Limit [m]: 1.058359e+10 
(HZLimMoistGreenhouse) Moist Greenhouse HZ Limit [m]: 1.061520e+10 
(HZLimMaxGreenhouse) Maximum Greenhouse HZ Limit [m]: 2.015047e+10 
(HZLimEarlyMars) Early Mars HZ Limit [m]: 2.197631e+10 
(Instellation) Orbit-averaged INcident STELLar radiATION [kg/sec^3]: -1.000000 
(CriticalSemiMajorAxis) Holman & Wiegert (1999) P-type Critical Semi-major Axis [m]: -1.000000 
(LXUVTot) Total XUV Luminosity [LSUN]: 1.665457e-06 
(LostEnergy) Body's Total Lost Energy [kg*m^2/sec^2]: 2.919126e+40 
(LostAngMom) Lost Angular Momentum due to Magnetic Braking [kg*m^2/sec]: 1.535570e+42 
(EscapeVelocity) Escape Velocity [m/sec]: 5.937552e+05 
----- STELLAR PARAMETERS (star)------
(Luminosity) Luminosity [LSUN]: 0.004355 
(LXUVStellar) Base X-ray/XUV Luminosity [LSUN]: 1.320167e-06 
(Temperature) Effective Temperature [K]: 3241.390678 
(LXUVFrac) Fraction of luminosity in XUV []: 0.000303 
(RossbyNumber) Rossby Number []: 1.496179 
(DRotPerDtStellar) Time Rate of Change of Rotation Period in STELLAR []: 1.441667e-11 
(WindTorque) Stellar Wind Torque []: 2.592521e+21 
----- FLARE PARAMETERS (star)------
(LXUVFlare) XUV Luminosity from flares [LSUN]: 3.452859e-07 
(FlareFreq1) First value of flare frequency range [/sec]: 5.523994e-07 
(FlareFreq2) Second value of flare frequency range [/sec]: 3.789644e-07 
(FlareFreq3) Third value of flare frequency range [/sec]: 2.599822e-07 
(FlareFreq4) Fourth value of flare frequency range [/sec]: 1.783564e-07 
(FlareFreqMin) Frequency of the flares with the lowest energy [/sec]: 5.523994e-07 
(FlareFreqMid) Frequency of the flares with the middle energy in the energy range [/sec]: 1.275572e-08 
(FlareFreqMax) Frequency of the flares with the highest energy [/sec]: 2.945486e-10 
(FlareEnergy1) First value of flare energy range [kg*m^2/sec^2]: 5.334000e+25 
(FlareEnergy2) Second value of flare energy range [kg*m^2/sec^2]: 7.534475e+25 
(FlareEnergy3) Third value of flare energy range [kg*m^2/sec^2]: 1.064273e+26 
(FlareEnergy4) Fourth value of flare energy range [kg*m^2/sec^2]: 1.503325e+26 
(FlareEnergyMin) Minimum flare energy [kg*m^2/sec^2]: 5.334000e+25 
(FlareEnergyMid) Middle flare energy in the range of energy values [kg*m^2/sec^2]: 1.686759e+27 
(FlareEnergyMax) Maximum flare energy [kg*m^2/sec^2]: 5.334000e+28 
(FlareYIntOUT) Instantaneous Davenport FFD y-intercept at current age and mass []: 34.385031 
(FlareSlopeOUT) Instantaneous Davenport FFD slope at current age and mass []: -1.091032 

Output Order: Time[year] Luminosity[LSUN] LXUVStellar[LSUN] LXUVFlare[LSUN] LXUVTot[LSUN]
Grid Output Order:

----- BODY: b ----
Active Modules: AtmEsc
Module Bit Sum: 9
Color: 000000
(Mass) Mass [kg]: 1.002554e+25 
(Radius) Radius [m]: 7.205965e+06 
(RadGyra) Radius of Gyration/Moment of Inertia Constant []: 0.500000 
(BodyType) Type of Body (0 == planet) []: 0.000000 
(Density) Average Density [kg/m^3]: 6396.505159 
(HZLimitDryRunaway) Semi-major axis of Dry Runaway HZ Limit [m]: 8.960546e+09 
(HZLimRecVenus) Recent Venus HZ Limit [m]: 8.022588e+09 
(HZLimRunaway) Runaway Greenhouse HZ Limit [m]: 1.058359e+10 
(HZLimMoistGreenhouse) Moist Greenhouse HZ Limit [m]: 1.061520e+10 
(HZLimMaxGreenhouse) Maximum Greenhouse HZ Limit [m]: 2.015047e+10 
(HZLimEarlyMars) Early Mars HZ Limit [m]: 2.197631e+10 
(Instellation) Orbit-averaged INcident STELLar radiATION [kg/sec^3]: 2.428499e+04 
(MeanMotion) Orbital Mean Motion [/sec]: 4.464531e-05 
(OrbPeriod) Orbital Period [sec]: 1.407356e+05 
(SemiMajorAxis) Semi-major Axis [m]: 2.342697e+09 
(LXUVTot) Total XUV Luminosity [kg/sec^3]: -1.000000 
(EscapeVelocity) Escape Velocity [m/sec]: 1.362778e+04 
----- ATMESC PARAMETERS (b)------
(SurfWaterMass) Surface water mass [kg]: 0.000000 
(EnvelopeMass) Envelope mass [kg]: 0.000000 
(OxygenMass) Oxygen mass in the atmosphere [kg]: 0.000000 
(RGLimit) Runaway greenhouse semi-major axis [m]: 1.014138e+10 
(XO) Atomic oxygen mixing ratio in upper atmosphere []: 0.000000 
(EtaO) Oxygen eta parameter (Luger and Barnes 2015) []: 0.000000 
(PlanetRadius) Planet radius [m]: 7.205965e+06 
(OxygenMantleMass) Mass of oxygen in mantle [kg]: 0.000000 
(RadXUV) XUV radius separating hydro. dyn. escape and equilibrium [m]: -1.000000 
(RadSolid) Radius to the solid surface [m]: -1.000000 
(PresXUV) Pressure at base of thermosphere [(null)]: 5.000000 
(ScaleHeight) Scale height in Lehmer & Catling (2016) model [m]: -1.000000 
(ThermTemp) Isothermal atmospheric temperature [K]: 400.000000 
(AtmGasConst) Atmospheric gas constant [(null)]: 4124.000000 
(PresSurf) Surface pressure due to atmosphere [Pa]: -1.000000 
(DEnvMassDt) Envelope Mass Loss Rate [kg/s]: 0.000000 
(FXUV) XUV flux [W/m^2]: 9.287684 
(AtmXAbsEffH2O) XUV atmospheric escape efficiency for H2O []: 0.300000 
(RocheRadius) Roche Lobe Radius [m]: 4.818925e+07 
(BondiRadius) Bondi Radius [m]: 6.255857e+08 
(HEscapeRegime) Integer flag for H envelope escape regime []: 8.000000 
(RRCriticalFlux) Critical XUV Flux that separates RR and energy-limited escape [W/m^2]: 63.421964 
(CrossoverMass) Crossover mass, defines oxygen is escaping if mc > mo [kg]: 0.000000 
(WaterEscapeRegime) What water escape regime the code is currently in []: 8.000000 
(FXUVCRITDRAG) Critical Drag XUV flux [W/m^2]: 0.520495 
(HREFFLUX) The Hydrogen Reference Flux (m^-2 s^-1) [m^-2 s^-1]: 5.811281e+18 
(XO2) Molecular oxygen mixing ratio in atmosphere []: 0.000000 
(XH2O) Water mixing ratio in upper atmosphere []: 0.000000 
(HDiffFlux) The Hydrogen Diffusion Flux (m^-2 s^-1) [m^-2 s^-1]: 2.495234e+17 
(HRefODragMod) Multiply by H ref flux to get flux with drag []: 1.000000 
(KTide) Mass loss enhancement due to stellar gravity []: 0.777370 
(CumulativeXUVFlux) Cumulative XUV flux [W/m^2]: 1.452368e+19 
(RunawayGreenhouseFlux) Incident flux that triggers runaway greenhouse [kg/sec^3]: 1295.872731 
(RGDuration) Runaway Greenhouse Duration [years]: 0.00000e+00

Output Order: Time[year] CumulativeXUVFlux[W/m^2]
Grid Output Order:
