-------- Log file gj1132.log -------

Executable: /home/vplanet/.local/bin/vplanet
Version: Unknown
System Name: gj1132
Primary Input File: vpl.in
Body File #1: star.in
Body File #2: b.in
Allow files to be overwitten: Yes
Mass Units: Grams
Length Units: Meters
Time Units: Seconds
Angle Units: Radians

------- FORMATTING -----
Verbosity Level: 5
Crossover Decade for Scientific Notation: 4
Number of Digits After Decimal: 6
Integration Method: Runge-Kutta4
Direction: Forward
Time Step: 3.155760e+07
Stop Time: 2.300549e+17
Output Interval: 3.155760e+13
Use Variable Timestep: Yes
dEta: 0.010000
Minimum Value of ecc and obl: 1.000000e-10


---- INITIAL SYSTEM PROPERTIES ----
(Age) System Age [sec]: 1.332146e+14 
(Time) Simulation Time [sec]: 0.000000 
(TotAngMom) Total Angular Momentum [kg*m^2/sec]: 1.644219e+42 
(TotEnergy) Total System Energy [kg*m^2/sec^2]: -9.942689e+39 
(PotEnergy) Body's non-orbital Potential Energy [kg*m^2/sec^2]: -1.000234e+40 
(KinEnergy) Body's non-orbital Kinetic Energy [kg*m^2/sec^2]: 5.970106e+37 
(DeltaTime) Average Timestep Over Last Output Interval [sec]: 0.000000 

----- BODY: star ----
Active Modules: FLARE STELLAR
Module Bit Sum: 577
Color: 000000
(Mass) Mass [kg]: 3.686006e+29 
(Radius) Radius [m]: 5.439592e+08 
(RadGyra) Radius of Gyration/Moment of Inertia Constant []: 0.454983 
(RotAngMom) Rotational Angular Momentum [kg*m^2/sec]: 1.641897e+42 
(RotVel) Rotational Velocity [m/sec]: 3.955783e+04 
(BodyType) Type of Body (0 == planet) []: 0.000000 
(RotRate) Rotational Frequency [/sec]: 7.272205e-05 
(RotPer) Rotational Period [sec]: 8.640000e+04 
(Density) Average Density [kg/m^3]: 546.724553 
(HZLimitDryRunaway) Semi-major axis of Dry Runaway HZ Limit [m]: 3.203907e+10 
(HZLimRecVenus) Recent Venus HZ Limit [m]: 2.872496e+10 
(HZLimRunaway) Runaway Greenhouse HZ Limit [m]: 3.787063e+10 
(HZLimMoistGreenhouse) Moist Greenhouse HZ Limit [m]: 3.800784e+10 
(HZLimMaxGreenhouse) Maximum Greenhouse HZ Limit [m]: 7.234435e+10 
(HZLimEarlyMars) Early Mars HZ Limit [m]: 7.889917e+10 
(Instellation) Orbit-averaged INcident STELLar radiATION [kg/sec^3]: -1.000000 
(CriticalSemiMajorAxis) Holman & Wiegert (1999) P-type Critical Semi-major Axis [m]: -1.000000 
(LXUVTot) Total XUV Luminosity [LSUN]: 0.000130 
(LostEnergy) Body's Total Lost Energy [kg*m^2/sec^2]: 5.562685e-309 
(LostAngMom) Lost Angular Momentum due to Magnetic Braking [kg*m^2/sec]: 5.562685e-309 
(EscapeVelocity) Escape Velocity [m/sec]: 3.007545e+05 
----- STELLAR PARAMETERS (star)------
(Luminosity) Luminosity [LSUN]: 0.055676 
(LXUVStellar) Base X-ray/XUV Luminosity [LSUN]: 0.000117 
(Temperature) Effective Temperature [K]: 3170.334082 
(LXUVFrac) Fraction of luminosity in XUV []: 0.002108 
(RossbyNumber) Rossby Number []: 0.016140 
(DRotPerDtStellar) Time Rate of Change of Rotation Period in STELLAR []: -1.175778e-10 
(WindTorque) Stellar Wind Torque []: 6.789925e+27 
----- FLARE PARAMETERS (star)------
(LXUVFlare) XUV Luminosity from flares [LSUN]: 1.284900e-05 
(FlareFreq1) First value of flare frequency range [/sec]: 1.856690e-06 
(FlareFreq2) Second value of flare frequency range [/sec]: 1.503033e-06 
(FlareFreq3) Third value of flare frequency range [/sec]: 1.216739e-06 
(FlareFreq4) Fourth value of flare frequency range [/sec]: 9.849777e-07 
(FlareFreqMin) Frequency of the flares with the lowest energy [/sec]: 1.856690e-06 
(FlareFreqMid) Frequency of the flares with the middle energy in the energy range [/sec]: 2.244033e-07 
(FlareFreqMax) Frequency of the flares with the highest energy [/sec]: 2.712184e-08 
(FlareEnergy1) First value of flare energy range [kg*m^2/sec^2]: 5.334000e+25 
(FlareEnergy2) Second value of flare energy range [kg*m^2/sec^2]: 7.534475e+25 
(FlareEnergy3) Third value of flare energy range [kg*m^2/sec^2]: 1.064273e+26 
(FlareEnergy4) Fourth value of flare energy range [kg*m^2/sec^2]: 1.503325e+26 
(FlareEnergyMin) Minimum flare energy [kg*m^2/sec^2]: 5.334000e+25 
(FlareEnergyMid) Middle flare energy in the range of energy values [kg*m^2/sec^2]: 1.686759e+27 
(FlareEnergyMax) Maximum flare energy [kg*m^2/sec^2]: 5.334000e+28 
(FlareYIntOUT) Instantaneous Davenport FFD y-intercept at current age and mass []: 19.227885 
(FlareSlopeOUT) Instantaneous Davenport FFD slope at current age and mass []: -0.611807 

Output Order: Time[year] Luminosity[LSUN] LXUVStellar[LSUN] LXUVFlare[LSUN] LXUVTot[LSUN]
Grid Output Order:

----- BODY: b ----
Active Modules: AtmEsc
Module Bit Sum: 9
Color: 000000
(Mass) Mass [kg]: 9.737111e+24 
(Radius) Radius [m]: 7.430360e+06 
(RadGyra) Radius of Gyration/Moment of Inertia Constant []: 0.500000 
(BodyType) Type of Body (0 == planet) []: 0.000000 
(Density) Average Density [kg/m^3]: 5666.462010 
(HZLimitDryRunaway) Semi-major axis of Dry Runaway HZ Limit [m]: 3.203907e+10 
(HZLimRecVenus) Recent Venus HZ Limit [m]: 2.872496e+10 
(HZLimRunaway) Runaway Greenhouse HZ Limit [m]: 3.787063e+10 
(HZLimMoistGreenhouse) Moist Greenhouse HZ Limit [m]: 3.800784e+10 
(HZLimMaxGreenhouse) Maximum Greenhouse HZ Limit [m]: 7.234435e+10 
(HZLimEarlyMars) Early Mars HZ Limit [m]: 7.889917e+10 
(Instellation) Orbit-averaged INcident STELLar radiATION [kg/sec^3]: 3.190358e+05 
(MeanMotion) Orbital Mean Motion [/sec]: 4.464416e-05 
(OrbPeriod) Orbital Period [sec]: 1.407392e+05 
(SemiMajorAxis) Semi-major Axis [m]: 2.311076e+09 
(LXUVTot) Total XUV Luminosity [kg/sec^3]: -1.000000 
(EscapeVelocity) Escape Velocity [m/sec]: 1.322596e+04 
----- ATMESC PARAMETERS (b)------
(SurfWaterMass) Surface water mass [kg]: 0.000000 
(EnvelopeMass) Envelope mass [kg]: 0.000000 
(OxygenMass) Oxygen mass in the atmosphere [kg]: 0.000000 
(RGLimit) Runaway greenhouse semi-major axis [m]: 3.631222e+10 
(XO) Atomic oxygen mixing ratio in upper atmosphere []: 0.000000 
(EtaO) Oxygen eta parameter (Luger and Barnes 2015) []: 0.000000 
(PlanetRadius) Planet radius [m]: 7.430360e+06 
(OxygenMantleMass) Mass of oxygen in mantle [kg]: 0.000000 
(RadXUV) XUV radius separating hydro. dyn. escape and equilibrium [m]: -1.000000 
(RadSolid) Radius to the solid surface [m]: -1.000000 
(PresXUV) Pressure at base of thermosphere [(null)]: 5.000000 
(ScaleHeight) Scale height in Lehmer & Catling (2016) model [m]: -1.000000 
(ThermTemp) Isothermal atmospheric temperature [K]: 400.000000 
(AtmGasConst) Atmospheric gas constant [(null)]: 4124.000000 
(PresSurf) Surface pressure due to atmosphere [Pa]: -1.000000 
(DEnvMassDt) Envelope Mass Loss Rate [kg/s]: 0.000000 
(FXUV) XUV flux [W/m^2]: 746.101125 
(AtmXAbsEffH2O) XUV atmospheric escape efficiency for H2O []: 0.300000 
(RocheRadius) Roche Lobe Radius [m]: 4.772345e+07 
(BondiRadius) Bondi Radius [m]: 3.233369e+08 
(HEscapeRegime) Integer flag for H envelope escape regime []: 8.000000 
(RRCriticalFlux) Critical XUV Flux that separates RR and energy-limited escape [W/m^2]: 53.307218 
(CrossoverMass) Crossover mass, defines oxygen is escaping if mc > mo [kg]: 0.000000 
(WaterEscapeRegime) What water escape regime the code is currently in []: 8.000000 
(FXUVCRITDRAG) Critical Drag XUV flux [W/m^2]: 0.447825 
(HREFFLUX) The Hydrogen Reference Flux (m^-2 s^-1) [m^-2 s^-1]: 5.014529e+20 
(XO2) Molecular oxygen mixing ratio in atmosphere []: 0.000000 
(XH2O) Water mixing ratio in upper atmosphere []: 0.000000 
(HDiffFlux) The Hydrogen Diffusion Flux (m^-2 s^-1) [m^-2 s^-1]: 2.279283e+17 
(HRefODragMod) Multiply by H ref flux to get flux with drag []: 1.000000 
(KTide) Mass loss enhancement due to stellar gravity []: 0.768343 
(CumulativeXUVFlux) Cumulative XUV flux [W/m^2]: 0.000000 
(RunawayGreenhouseFlux) Incident flux that triggers runaway greenhouse [kg/sec^3]: 1292.297067 
(RGDuration) Runaway Greenhouse Duration [years]: 0.00000e+00

Output Order: Time[year] CumulativeXUVFlux[W/m^2]
Grid Output Order:



---- FINAL SYSTEM PROPERTIES ----
(Age) System Age [sec]: 2.301883e+17 
(Time) Simulation Time [sec]: 2.300551e+17 
(TotAngMom) Total Angular Momentum [kg*m^2/sec]: 1.645117e+42 
(TotEnergy) Total System Energy [kg*m^2/sec^2]: -9.943989e+39 
(PotEnergy) Body's non-orbital Potential Energy [kg*m^2/sec^2]: -3.868028e+40 
(KinEnergy) Body's non-orbital Kinetic Energy [kg*m^2/sec^2]: 5.579211e+32 
(DeltaTime) Average Timestep Over Last Output Interval [sec]: 3.155760e+13 

----- BODY: star ----
Active Modules: FLARE STELLAR
Module Bit Sum: 577
Color: 000000
(Mass) Mass [kg]: 3.686006e+29 
(Radius) Radius [m]: 1.406625e+08 
(RadGyra) Radius of Gyration/Moment of Inertia Constant []: 0.460677 
(RotAngMom) Rotational Angular Momentum [kg*m^2/sec]: 1.314177e+39 
(RotVel) Rotational Velocity [m/sec]: 119.433801 
(BodyType) Type of Body (0 == planet) []: 0.000000 
(RotRate) Rotational Frequency [/sec]: 8.490809e-07 
(RotPer) Rotational Period [sec]: 7.399984e+06 
(Density) Average Density [kg/m^3]: 3.161789e+04 
(HZLimitDryRunaway) Semi-major axis of Dry Runaway HZ Limit [m]: 8.572627e+09 
(HZLimRecVenus) Recent Venus HZ Limit [m]: 7.678110e+09 
(HZLimRunaway) Runaway Greenhouse HZ Limit [m]: 1.012749e+10 
(HZLimMoistGreenhouse) Moist Greenhouse HZ Limit [m]: 1.015940e+10 
(HZLimMaxGreenhouse) Maximum Greenhouse HZ Limit [m]: 1.929861e+10 
(HZLimEarlyMars) Early Mars HZ Limit [m]: 2.104724e+10 
(Instellation) Orbit-averaged INcident STELLar radiATION [kg/sec^3]: -1.000000 
(CriticalSemiMajorAxis) Holman & Wiegert (1999) P-type Critical Semi-major Axis [m]: -1.000000 
(LXUVTot) Total XUV Luminosity [LSUN]: 6.539541e-07 
(LostEnergy) Body's Total Lost Energy [kg*m^2/sec^2]: 2.873634e+40 
(LostAngMom) Lost Angular Momentum due to Magnetic Braking [kg*m^2/sec]: 1.641481e+42 
(EscapeVelocity) Escape Velocity [m/sec]: 5.914338e+05 
----- STELLAR PARAMETERS (star)------
(Luminosity) Luminosity [LSUN]: 0.003986 
(LXUVStellar) Base X-ray/XUV Luminosity [LSUN]: 3.085503e-07 
(Temperature) Effective Temperature [K]: 3223.227082 
(LXUVFrac) Fraction of luminosity in XUV []: 7.740865e-05 
(RossbyNumber) Rossby Number []: 1.420320 
(DRotPerDtStellar) Time Rate of Change of Rotation Period in STELLAR []: 1.539132e-11 
(WindTorque) Stellar Wind Torque []: 2.766445e+21 
----- FLARE PARAMETERS (star)------
(LXUVFlare) XUV Luminosity from flares [LSUN]: 3.454037e-07 
(FlareFreq1) First value of flare frequency range [/sec]: 5.518054e-07 
(FlareFreq2) Second value of flare frequency range [/sec]: 3.786011e-07 
(FlareFreq3) Third value of flare frequency range [/sec]: 2.597634e-07 
(FlareFreq4) Fourth value of flare frequency range [/sec]: 1.782272e-07 
(FlareFreqMin) Frequency of the flares with the lowest energy [/sec]: 5.518054e-07 
(FlareFreqMid) Frequency of the flares with the middle energy in the energy range [/sec]: 1.275692e-08 
(FlareFreqMax) Frequency of the flares with the highest energy [/sec]: 2.949212e-10 
(FlareEnergy1) First value of flare energy range [kg*m^2/sec^2]: 5.334000e+25 
(FlareEnergy2) Second value of flare energy range [kg*m^2/sec^2]: 7.534475e+25 
(FlareEnergy3) Third value of flare energy range [kg*m^2/sec^2]: 1.064273e+26 
(FlareEnergy4) Fourth value of flare energy range [kg*m^2/sec^2]: 1.503325e+26 
(FlareEnergyMin) Minimum flare energy [kg*m^2/sec^2]: 5.334000e+25 
(FlareEnergyMid) Middle flare energy in the range of energy values [kg*m^2/sec^2]: 1.686759e+27 
(FlareEnergyMax) Maximum flare energy [kg*m^2/sec^2]: 5.334000e+28 
(FlareYIntOUT) Instantaneous Davenport FFD y-intercept at current age and mass []: 34.373478 
(FlareSlopeOUT) Instantaneous Davenport FFD slope at current age and mass []: -1.090693 

Output Order: Time[year] Luminosity[LSUN] LXUVStellar[LSUN] LXUVFlare[LSUN] LXUVTot[LSUN]
Grid Output Order:

----- BODY: b ----
Active Modules: AtmEsc
Module Bit Sum: 9
Color: 000000
(Mass) Mass [kg]: 9.737111e+24 
(Radius) Radius [m]: 7.430360e+06 
(RadGyra) Radius of Gyration/Moment of Inertia Constant []: 0.500000 
(BodyType) Type of Body (0 == planet) []: 0.000000 
(Density) Average Density [kg/m^3]: 5666.462010 
(HZLimitDryRunaway) Semi-major axis of Dry Runaway HZ Limit [m]: 8.572627e+09 
(HZLimRecVenus) Recent Venus HZ Limit [m]: 7.678110e+09 
(HZLimRunaway) Runaway Greenhouse HZ Limit [m]: 1.012749e+10 
(HZLimMoistGreenhouse) Moist Greenhouse HZ Limit [m]: 1.015940e+10 
(HZLimMaxGreenhouse) Maximum Greenhouse HZ Limit [m]: 1.929861e+10 
(HZLimEarlyMars) Early Mars HZ Limit [m]: 2.104724e+10 
(Instellation) Orbit-averaged INcident STELLar radiATION [kg/sec^3]: 2.284060e+04 
(MeanMotion) Orbital Mean Motion [/sec]: 4.464416e-05 
(OrbPeriod) Orbital Period [sec]: 1.407392e+05 
(SemiMajorAxis) Semi-major Axis [m]: 2.311076e+09 
(LXUVTot) Total XUV Luminosity [kg/sec^3]: -1.000000 
(EscapeVelocity) Escape Velocity [m/sec]: 1.322596e+04 
----- ATMESC PARAMETERS (b)------
(SurfWaterMass) Surface water mass [kg]: 0.000000 
(EnvelopeMass) Envelope mass [kg]: 0.000000 
(OxygenMass) Oxygen mass in the atmosphere [kg]: 0.000000 
(RGLimit) Runaway greenhouse semi-major axis [m]: 9.710879e+09 
(XO) Atomic oxygen mixing ratio in upper atmosphere []: 0.000000 
(EtaO) Oxygen eta parameter (Luger and Barnes 2015) []: 0.000000 
(PlanetRadius) Planet radius [m]: 7.430360e+06 
(OxygenMantleMass) Mass of oxygen in mantle [kg]: 0.000000 
(RadXUV) XUV radius separating hydro. dyn. escape and equilibrium [m]: -1.000000 
(RadSolid) Radius to the solid surface [m]: -1.000000 
(PresXUV) Pressure at base of thermosphere [(null)]: 5.000000 
(ScaleHeight) Scale height in Lehmer & Catling (2016) model [m]: -1.000000 
(ThermTemp) Isothermal atmospheric temperature [K]: 400.000000 
(AtmGasConst) Atmospheric gas constant [(null)]: 4124.000000 
(PresSurf) Surface pressure due to atmosphere [Pa]: -1.000000 
(DEnvMassDt) Envelope Mass Loss Rate [kg/s]: 0.000000 
(FXUV) XUV flux [W/m^2]: 3.747298 
(AtmXAbsEffH2O) XUV atmospheric escape efficiency for H2O []: 0.300000 
(RocheRadius) Roche Lobe Radius [m]: 4.772345e+07 
(BondiRadius) Bondi Radius [m]: 6.254080e+08 
(HEscapeRegime) Integer flag for H envelope escape regime []: 8.000000 
(RRCriticalFlux) Critical XUV Flux that separates RR and energy-limited escape [W/m^2]: 53.307218 
(CrossoverMass) Crossover mass, defines oxygen is escaping if mc > mo [kg]: 0.000000 
(WaterEscapeRegime) What water escape regime the code is currently in []: 8.000000 
(FXUVCRITDRAG) Critical Drag XUV flux [W/m^2]: 0.447825 
(HREFFLUX) The Hydrogen Reference Flux (m^-2 s^-1) [m^-2 s^-1]: 2.518551e+18 
(XO2) Molecular oxygen mixing ratio in atmosphere []: 0.000000 
(XH2O) Water mixing ratio in upper atmosphere []: 0.000000 
(HDiffFlux) The Hydrogen Diffusion Flux (m^-2 s^-1) [m^-2 s^-1]: 2.279283e+17 
(HRefODragMod) Multiply by H ref flux to get flux with drag []: 1.000000 
(KTide) Mass loss enhancement due to stellar gravity []: 0.768343 
(CumulativeXUVFlux) Cumulative XUV flux [W/m^2]: 4.398720e+18 
(RunawayGreenhouseFlux) Incident flux that triggers runaway greenhouse [kg/sec^3]: 1293.656113 
(RGDuration) Runaway Greenhouse Duration [years]: 0.00000e+00

Output Order: Time[year] CumulativeXUVFlux[W/m^2]
Grid Output Order:
