-------- Log file gj1132.log -------

Executable: /home/vplanet/.local/bin/vplanet
Version: Unknown
System Name: gj1132
Primary Input File: vpl.in
Body File #1: star.in
Body File #2: b.in
Allow files to be overwitten: Yes
Mass Units: Grams
Length Units: Meters
Time Units: Seconds
Angle Units: Radians

------- FORMATTING -----
Verbosity Level: 5
Crossover Decade for Scientific Notation: 4
Number of Digits After Decimal: 6
Integration Method: Runge-Kutta4
Direction: Forward
Time Step: 3.155760e+07
Stop Time: 2.223573e+17
Output Interval: 3.155760e+13
Use Variable Timestep: Yes
dEta: 0.010000
Minimum Value of ecc and obl: 1.000000e-10


---- INITIAL SYSTEM PROPERTIES ----
(Age) System Age [sec]: 1.689461e+14 
(Time) Simulation Time [sec]: 0.000000 
(TotAngMom) Total Angular Momentum [kg*m^2/sec]: 1.390954e+42 
(TotEnergy) Total System Energy [kg*m^2/sec^2]: -1.107921e+40 
(PotEnergy) Body's non-orbital Potential Energy [kg*m^2/sec^2]: -1.112965e+40 
(KinEnergy) Body's non-orbital Kinetic Energy [kg*m^2/sec^2]: 5.049259e+37 
(DeltaTime) Average Timestep Over Last Output Interval [sec]: 0.000000 

----- BODY: star ----
Active Modules: FLARE STELLAR
Module Bit Sum: 577
Color: 000000
(Mass) Mass [kg]: 3.716274e+29 
(Radius) Radius [m]: 4.969233e+08 
(RadGyra) Radius of Gyration/Moment of Inertia Constant []: 0.456162 
(RotAngMom) Rotational Angular Momentum [kg*m^2/sec]: 1.388646e+42 
(RotVel) Rotational Velocity [m/sec]: 3.613728e+04 
(BodyType) Type of Body (0 == planet) []: 0.000000 
(RotRate) Rotational Frequency [/sec]: 7.272205e-05 
(RotPer) Rotational Period [sec]: 8.640000e+04 
(Density) Average Density [kg/m^3]: 723.021042 
(HZLimitDryRunaway) Semi-major axis of Dry Runaway HZ Limit [m]: 2.974566e+10 
(HZLimRecVenus) Recent Venus HZ Limit [m]: 2.665583e+10 
(HZLimRunaway) Runaway Greenhouse HZ Limit [m]: 3.515068e+10 
(HZLimMoistGreenhouse) Moist Greenhouse HZ Limit [m]: 3.527005e+10 
(HZLimMaxGreenhouse) Maximum Greenhouse HZ Limit [m]: 6.706803e+10 
(HZLimEarlyMars) Early Mars HZ Limit [m]: 7.314489e+10 
(Instellation) Orbit-averaged INcident STELLar radiATION [kg/sec^3]: -1.000000 
(CriticalSemiMajorAxis) Holman & Wiegert (1999) P-type Critical Semi-major Axis [m]: -1.000000 
(LXUVTot) Total XUV Luminosity [LSUN]: 4.281685e-05 
(LostEnergy) Body's Total Lost Energy [kg*m^2/sec^2]: 5.562685e-309 
(LostAngMom) Lost Angular Momentum due to Magnetic Braking [kg*m^2/sec]: 5.562685e-309 
(EscapeVelocity) Escape Velocity [m/sec]: 3.159558e+05 
----- STELLAR PARAMETERS (star)------
(Luminosity) Luminosity [LSUN]: 0.047991 
(LXUVStellar) Base X-ray/XUV Luminosity [LSUN]: 4.202329e-05 
(Temperature) Effective Temperature [K]: 3195.912828 
(LXUVFrac) Fraction of luminosity in XUV []: 0.000876 
(RossbyNumber) Rossby Number []: 0.016353 
(DRotPerDtStellar) Time Rate of Change of Rotation Period in STELLAR []: -1.139063e-10 
(WindTorque) Stellar Wind Torque []: 4.168889e+27 
----- FLARE PARAMETERS (star)------
(LXUVFlare) XUV Luminosity from flares [LSUN]: 7.935568e-07 
(FlareFreq1) First value of flare frequency range [/sec]: 3.253706e-05 
(FlareFreq2) Second value of flare frequency range [/sec]: 2.815207e-05 
(FlareFreq3) Third value of flare frequency range [/sec]: 2.435805e-05 
(FlareFreq4) Fourth value of flare frequency range [/sec]: 2.107534e-05 
(FlareFreqMin) Frequency of the flares with the lowest energy [/sec]: 3.253706e-05 
(FlareFreqMid) Frequency of the flares with the middle energy in the energy range [/sec]: 7.650672e-06 
(FlareFreqMax) Frequency of the flares with the highest energy [/sec]: 1.798958e-06 
(FlareEnergy1) First value of flare energy range [kg*m^2/sec^2]: 5.334000e+23 
(FlareEnergy2) Second value of flare energy range [kg*m^2/sec^2]: 6.715108e+23 
(FlareEnergy3) Third value of flare energy range [kg*m^2/sec^2]: 8.453820e+23 
(FlareEnergy4) Fourth value of flare energy range [kg*m^2/sec^2]: 1.064273e+24 
(FlareEnergyMin) Minimum flare energy [kg*m^2/sec^2]: 5.334000e+23 
(FlareEnergyMid) Middle flare energy in the range of energy values [kg*m^2/sec^2]: 5.334000e+24 
(FlareEnergyMax) Maximum flare energy [kg*m^2/sec^2]: 5.334000e+25 
(FlareYIntOUT) Instantaneous Davenport FFD y-intercept at current age and mass []: 19.766335 
(FlareSlopeOUT) Instantaneous Davenport FFD slope at current age and mass []: -0.628679 

Output Order: Time[year] Luminosity[LSUN] LXUVStellar[LSUN] LXUVFlare[LSUN] LXUVTot[LSUN]
Grid Output Order:

----- BODY: b ----
Active Modules: AtmEsc
Module Bit Sum: 9
Color: 000000
(Mass) Mass [kg]: 9.628110e+24 
(Radius) Radius [m]: 7.208479e+06 
(RadGyra) Radius of Gyration/Moment of Inertia Constant []: 0.500000 
(BodyType) Type of Body (0 == planet) []: 0.000000 
(Density) Average Density [kg/m^3]: 6136.510750 
(HZLimitDryRunaway) Semi-major axis of Dry Runaway HZ Limit [m]: 2.974577e+10 
(HZLimRecVenus) Recent Venus HZ Limit [m]: 2.665583e+10 
(HZLimRunaway) Runaway Greenhouse HZ Limit [m]: 3.515068e+10 
(HZLimMoistGreenhouse) Moist Greenhouse HZ Limit [m]: 3.527005e+10 
(HZLimMaxGreenhouse) Maximum Greenhouse HZ Limit [m]: 6.706803e+10 
(HZLimEarlyMars) Early Mars HZ Limit [m]: 7.314489e+10 
(Instellation) Orbit-averaged INcident STELLar radiATION [kg/sec^3]: 2.734947e+05 
(MeanMotion) Orbital Mean Motion [/sec]: 4.464323e-05 
(OrbPeriod) Orbital Period [sec]: 1.407422e+05 
(SemiMajorAxis) Semi-major Axis [m]: 2.317416e+09 
(LXUVTot) Total XUV Luminosity [kg/sec^3]: -1.000000 
(EscapeVelocity) Escape Velocity [m/sec]: 1.335260e+04 
----- ATMESC PARAMETERS (b)------
(SurfWaterMass) Surface water mass [kg]: 0.000000 
(EnvelopeMass) Envelope mass [kg]: 0.000000 
(OxygenMass) Oxygen mass in the atmosphere [kg]: 0.000000 
(RGLimit) Runaway greenhouse semi-major axis [m]: 3.371310e+10 
(XO) Atomic oxygen mixing ratio in upper atmosphere []: 0.000000 
(EtaO) Oxygen eta parameter (Luger and Barnes 2015) []: 0.000000 
(PlanetRadius) Planet radius [m]: 7.208479e+06 
(OxygenMantleMass) Mass of oxygen in mantle [kg]: 0.000000 
(RadXUV) XUV radius separating hydro. dyn. escape and equilibrium [m]: -1.000000 
(RadSolid) Radius to the solid surface [m]: -1.000000 
(PresXUV) Pressure at base of thermosphere [(null)]: 5.000000 
(ScaleHeight) Scale height in Lehmer & Catling (2016) model [m]: -1.000000 
(ThermTemp) Isothermal atmospheric temperature [K]: 400.000000 
(AtmGasConst) Atmospheric gas constant [(null)]: 4124.000000 
(PresSurf) Surface pressure due to atmosphere [Pa]: -1.000000 
(DEnvMassDt) Envelope Mass Loss Rate [kg/s]: 0.000000 
(FXUV) XUV flux [W/m^2]: 244.010009 
(AtmXAbsEffH2O) XUV atmospheric escape efficiency for H2O []: 0.300000 
(RocheRadius) Roche Lobe Radius [m]: 4.754535e+07 
(BondiRadius) Bondi Radius [m]: 3.313751e+08 
(HEscapeRegime) Integer flag for H envelope escape regime []: 8.000000 
(RRCriticalFlux) Critical XUV Flux that separates RR and energy-limited escape [W/m^2]: 57.975062 
(CrossoverMass) Crossover mass, defines oxygen is escaping if mc > mo [kg]: 0.000000 
(WaterEscapeRegime) What water escape regime the code is currently in []: 8.000000 
(FXUVCRITDRAG) Critical Drag XUV flux [W/m^2]: 0.479544 
(HREFFLUX) The Hydrogen Reference Flux (m^-2 s^-1) [m^-2 s^-1]: 1.596598e+20 
(XO2) Molecular oxygen mixing ratio in atmosphere []: 0.000000 
(XH2O) Water mixing ratio in upper atmosphere []: 0.000000 
(HDiffFlux) The Hydrogen Diffusion Flux (m^-2 s^-1) [m^-2 s^-1]: 2.394648e+17 
(HRefODragMod) Multiply by H ref flux to get flux with drag []: 1.000000 
(KTide) Mass loss enhancement due to stellar gravity []: 0.774323 
(CumulativeXUVFlux) Cumulative XUV flux [W/m^2]: 0.000000 
(RunawayGreenhouseFlux) Incident flux that triggers runaway greenhouse [kg/sec^3]: 1292.279215 
(RGDuration) Runaway Greenhouse Duration [years]: 0.00000e+00

Output Order: Time[year] CumulativeXUVFlux[W/m^2]
Grid Output Order:



---- FINAL SYSTEM PROPERTIES ----
(Age) System Age [sec]: 2.225554e+17 
(Time) Simulation Time [sec]: 2.223864e+17 
(TotAngMom) Total Angular Momentum [kg*m^2/sec]: 1.391046e+42 
(TotEnergy) Total System Energy [kg*m^2/sec^2]: -1.107006e+40 
(PotEnergy) Body's non-orbital Potential Energy [kg*m^2/sec^2]: -3.913432e+40 
(KinEnergy) Body's non-orbital Kinetic Energy [kg*m^2/sec^2]: 5.824998e+32 
(DeltaTime) Average Timestep Over Last Output Interval [sec]: 1.577880e+13 

----- BODY: star ----
Active Modules: FLARE STELLAR
Module Bit Sum: 577
Color: 000000
(Mass) Mass [kg]: 3.716274e+29 
(Radius) Radius [m]: 1.413231e+08 
(RadGyra) Radius of Gyration/Moment of Inertia Constant []: 0.460631 
(RotAngMom) Rotational Angular Momentum [kg*m^2/sec]: 1.354512e+39 
(RotVel) Rotational Velocity [m/sec]: 121.550350 
(BodyType) Type of Body (0 == planet) []: 0.000000 
(RotRate) Rotational Frequency [/sec]: 8.600883e-07 
(RotPer) Rotational Period [sec]: 7.305280e+06 
(Density) Average Density [kg/m^3]: 3.143254e+04 
(HZLimitDryRunaway) Semi-major axis of Dry Runaway HZ Limit [m]: 8.631723e+09 
(HZLimRecVenus) Recent Venus HZ Limit [m]: 7.730562e+09 
(HZLimRunaway) Runaway Greenhouse HZ Limit [m]: 1.019696e+10 
(HZLimMoistGreenhouse) Moist Greenhouse HZ Limit [m]: 1.022880e+10 
(HZLimMaxGreenhouse) Maximum Greenhouse HZ Limit [m]: 1.942808e+10 
(HZLimEarlyMars) Early Mars HZ Limit [m]: 2.118844e+10 
(Instellation) Orbit-averaged INcident STELLar radiATION [kg/sec^3]: -1.000000 
(CriticalSemiMajorAxis) Holman & Wiegert (1999) P-type Critical Semi-major Axis [m]: -1.000000 
(LXUVTot) Total XUV Luminosity [LSUN]: 6.156598e-07 
(LostEnergy) Body's Total Lost Energy [kg*m^2/sec^2]: 2.806432e+40 
(LostAngMom) Lost Angular Momentum due to Magnetic Braking [kg*m^2/sec]: 1.387383e+42 
(EscapeVelocity) Escape Velocity [m/sec]: 5.924674e+05 
----- STELLAR PARAMETERS (star)------
(Luminosity) Luminosity [LSUN]: 0.004041 
(LXUVStellar) Base X-ray/XUV Luminosity [LSUN]: 2.269938e-07 
(Temperature) Effective Temperature [K]: 3226.421681 
(LXUVFrac) Fraction of luminosity in XUV []: 5.617076e-05 
(RossbyNumber) Rossby Number []: 1.404439 
(DRotPerDtStellar) Time Rate of Change of Rotation Period in STELLAR []: 2.109387e-11 
(WindTorque) Stellar Wind Torque []: 3.008690e+21 
----- FLARE PARAMETERS (star)------
(LXUVFlare) XUV Luminosity from flares [LSUN]: 3.886618e-07 
(FlareFreq1) First value of flare frequency range [/sec]: 8.702279e-05 
(FlareFreq2) Second value of flare frequency range [/sec]: 6.764570e-05 
(FlareFreq3) Third value of flare frequency range [/sec]: 5.258325e-05 
(FlareFreq4) Fourth value of flare frequency range [/sec]: 4.087470e-05 
(FlareFreqMin) Frequency of the flares with the lowest energy [/sec]: 8.702279e-05 
(FlareFreqMid) Frequency of the flares with the middle energy in the energy range [/sec]: 7.009792e-06 
(FlareFreqMax) Frequency of the flares with the highest energy [/sec]: 5.646473e-07 
(FlareEnergy1) First value of flare energy range [kg*m^2/sec^2]: 5.334000e+23 
(FlareEnergy2) Second value of flare energy range [kg*m^2/sec^2]: 6.715108e+23 
(FlareEnergy3) Third value of flare energy range [kg*m^2/sec^2]: 8.453820e+23 
(FlareEnergy4) Fourth value of flare energy range [kg*m^2/sec^2]: 1.064273e+24 
(FlareEnergyMin) Minimum flare energy [kg*m^2/sec^2]: 5.334000e+23 
(FlareEnergyMid) Middle flare energy in the range of energy values [kg*m^2/sec^2]: 5.334000e+24 
(FlareEnergyMax) Maximum flare energy [kg*m^2/sec^2]: 5.334000e+25 
(FlareYIntOUT) Instantaneous Davenport FFD y-intercept at current age and mass []: 34.489327 
(FlareSlopeOUT) Instantaneous Davenport FFD slope at current age and mass []: -1.093928 

Output Order: Time[year] Luminosity[LSUN] LXUVStellar[LSUN] LXUVFlare[LSUN] LXUVTot[LSUN]
Grid Output Order:

----- BODY: b ----
Active Modules: AtmEsc
Module Bit Sum: 9
Color: 000000
(Mass) Mass [kg]: 9.628110e+24 
(Radius) Radius [m]: 7.208479e+06 
(RadGyra) Radius of Gyration/Moment of Inertia Constant []: 0.500000 
(BodyType) Type of Body (0 == planet) []: 0.000000 
(Density) Average Density [kg/m^3]: 6136.510750 
(HZLimitDryRunaway) Semi-major axis of Dry Runaway HZ Limit [m]: 8.631754e+09 
(HZLimRecVenus) Recent Venus HZ Limit [m]: 7.730562e+09 
(HZLimRunaway) Runaway Greenhouse HZ Limit [m]: 1.019696e+10 
(HZLimMoistGreenhouse) Moist Greenhouse HZ Limit [m]: 1.022880e+10 
(HZLimMaxGreenhouse) Maximum Greenhouse HZ Limit [m]: 1.942808e+10 
(HZLimEarlyMars) Early Mars HZ Limit [m]: 2.118844e+10 
(Instellation) Orbit-averaged INcident STELLar radiATION [kg/sec^3]: 2.303014e+04 
(MeanMotion) Orbital Mean Motion [/sec]: 4.464323e-05 
(OrbPeriod) Orbital Period [sec]: 1.407422e+05 
(SemiMajorAxis) Semi-major Axis [m]: 2.317416e+09 
(LXUVTot) Total XUV Luminosity [kg/sec^3]: -1.000000 
(EscapeVelocity) Escape Velocity [m/sec]: 1.335260e+04 
----- ATMESC PARAMETERS (b)------
(SurfWaterMass) Surface water mass [kg]: 0.000000 
(EnvelopeMass) Envelope mass [kg]: 0.000000 
(OxygenMass) Oxygen mass in the atmosphere [kg]: 0.000000 
(RGLimit) Runaway greenhouse semi-major axis [m]: 9.780032e+09 
(XO) Atomic oxygen mixing ratio in upper atmosphere []: 0.000000 
(EtaO) Oxygen eta parameter (Luger and Barnes 2015) []: 0.000000 
(PlanetRadius) Planet radius [m]: 7.208479e+06 
(OxygenMantleMass) Mass of oxygen in mantle [kg]: 0.000000 
(RadXUV) XUV radius separating hydro. dyn. escape and equilibrium [m]: -1.000000 
(RadSolid) Radius to the solid surface [m]: -1.000000 
(PresXUV) Pressure at base of thermosphere [(null)]: 5.000000 
(ScaleHeight) Scale height in Lehmer & Catling (2016) model [m]: -1.000000 
(ThermTemp) Isothermal atmospheric temperature [K]: 400.000000 
(AtmGasConst) Atmospheric gas constant [(null)]: 4124.000000 
(PresSurf) Surface pressure due to atmosphere [Pa]: -1.000000 
(DEnvMassDt) Envelope Mass Loss Rate [kg/s]: 0.000000 
(FXUV) XUV flux [W/m^2]: 3.508599 
(AtmXAbsEffH2O) XUV atmospheric escape efficiency for H2O []: 0.300000 
(RocheRadius) Roche Lobe Radius [m]: 4.754535e+07 
(BondiRadius) Bondi Radius [m]: 6.155053e+08 
(HEscapeRegime) Integer flag for H envelope escape regime []: 8.000000 
(RRCriticalFlux) Critical XUV Flux that separates RR and energy-limited escape [W/m^2]: 57.975062 
(CrossoverMass) Crossover mass, defines oxygen is escaping if mc > mo [kg]: 0.000000 
(WaterEscapeRegime) What water escape regime the code is currently in []: 8.000000 
(FXUVCRITDRAG) Critical Drag XUV flux [W/m^2]: 0.479544 
(HREFFLUX) The Hydrogen Reference Flux (m^-2 s^-1) [m^-2 s^-1]: 2.295735e+18 
(XO2) Molecular oxygen mixing ratio in atmosphere []: 0.000000 
(XH2O) Water mixing ratio in upper atmosphere []: 0.000000 
(HDiffFlux) The Hydrogen Diffusion Flux (m^-2 s^-1) [m^-2 s^-1]: 2.394648e+17 
(HRefODragMod) Multiply by H ref flux to get flux with drag []: 1.000000 
(KTide) Mass loss enhancement due to stellar gravity []: 0.774323 
(CumulativeXUVFlux) Cumulative XUV flux [W/m^2]: 1.999072e+18 
(RunawayGreenhouseFlux) Incident flux that triggers runaway greenhouse [kg/sec^3]: 1293.066654 
(RGDuration) Runaway Greenhouse Duration [years]: 0.00000e+00

Output Order: Time[year] CumulativeXUVFlux[W/m^2]
Grid Output Order:
