-------- Log file gj1132.log -------

Executable: /home/vplanet/.local/bin/vplanet
Version: Unknown
System Name: gj1132
Primary Input File: vpl.in
Body File #1: star.in
Body File #2: b.in
Allow files to be overwitten: Yes
Mass Units: Grams
Length Units: Meters
Time Units: Seconds
Angle Units: Radians

------- FORMATTING -----
Verbosity Level: 5
Crossover Decade for Scientific Notation: 4
Number of Digits After Decimal: 6
Integration Method: Runge-Kutta4
Direction: Forward
Time Step: 3.155760e+07
Stop Time: 1.918622e+17
Output Interval: 3.155760e+13
Use Variable Timestep: Yes
dEta: 0.010000
Minimum Value of ecc and obl: 1.000000e-10


---- INITIAL SYSTEM PROPERTIES ----
(Age) System Age [sec]: 1.313032e+14 
(Time) Simulation Time [sec]: 0.000000 
(TotAngMom) Total Angular Momentum [kg*m^2/sec]: 1.839806e+42 
(TotEnergy) Total System Energy [kg*m^2/sec^2]: -1.086906e+40 
(PotEnergy) Body's non-orbital Potential Energy [kg*m^2/sec^2]: -1.093581e+40 
(KinEnergy) Body's non-orbital Kinetic Energy [kg*m^2/sec^2]: 6.680676e+37 
(DeltaTime) Average Timestep Over Last Output Interval [sec]: 0.000000 

----- BODY: star ----
Active Modules: FLARE STELLAR
Module Bit Sum: 577
Color: 000000
(Mass) Mass [kg]: 3.907582e+29 
(Radius) Radius [m]: 5.591403e+08 
(RadGyra) Radius of Gyration/Moment of Inertia Constant []: 0.454762 
(RotAngMom) Rotational Angular Momentum [kg*m^2/sec]: 1.837318e+42 
(RotVel) Rotational Velocity [m/sec]: 4.066183e+04 
(BodyType) Type of Body (0 == planet) []: 0.000000 
(RotRate) Rotational Frequency [/sec]: 7.272205e-05 
(RotPer) Rotational Period [sec]: 8.640000e+04 
(Density) Average Density [kg/m^3]: 533.650811 
(HZLimitDryRunaway) Semi-major axis of Dry Runaway HZ Limit [m]: 3.342353e+10 
(HZLimRecVenus) Recent Venus HZ Limit [m]: 2.995206e+10 
(HZLimRunaway) Runaway Greenhouse HZ Limit [m]: 3.949713e+10 
(HZLimMoistGreenhouse) Moist Greenhouse HZ Limit [m]: 3.963150e+10 
(HZLimMaxGreenhouse) Maximum Greenhouse HZ Limit [m]: 7.536358e+10 
(HZLimEarlyMars) Early Mars HZ Limit [m]: 8.219208e+10 
(Instellation) Orbit-averaged INcident STELLar radiATION [kg/sec^3]: -1.000000 
(CriticalSemiMajorAxis) Holman & Wiegert (1999) P-type Critical Semi-major Axis [m]: -1.000000 
(LXUVTot) Total XUV Luminosity [LSUN]: 3.744866e-05 
(LostEnergy) Body's Total Lost Energy [kg*m^2/sec^2]: 5.562685e-309 
(LostAngMom) Lost Angular Momentum due to Magnetic Braking [kg*m^2/sec]: 5.562685e-309 
(EscapeVelocity) Escape Velocity [m/sec]: 3.054294e+05 
----- STELLAR PARAMETERS (star)------
(Luminosity) Luminosity [LSUN]: 0.060592 
(LXUVStellar) Base X-ray/XUV Luminosity [LSUN]: 3.662188e-05 
(Temperature) Effective Temperature [K]: 3195.215709 
(LXUVFrac) Fraction of luminosity in XUV []: 0.000604 
(RossbyNumber) Rossby Number []: 0.016347 
(DRotPerDtStellar) Time Rate of Change of Rotation Period in STELLAR []: -1.337492e-10 
(WindTorque) Stellar Wind Torque []: 7.563465e+27 
----- FLARE PARAMETERS (star)------
(LXUVFlare) XUV Luminosity from flares [LSUN]: 8.267788e-07 
(FlareFreq1) First value of flare frequency range [/sec]: 3.136512e-05 
(FlareFreq2) Second value of flare frequency range [/sec]: 2.725924e-05 
(FlareFreq3) Third value of flare frequency range [/sec]: 2.369084e-05 
(FlareFreq4) Fourth value of flare frequency range [/sec]: 2.058957e-05 
(FlareFreqMin) Frequency of the flares with the lowest energy [/sec]: 3.136512e-05 
(FlareFreqMid) Frequency of the flares with the middle energy in the energy range [/sec]: 7.711076e-06 
(FlareFreqMax) Frequency of the flares with the highest energy [/sec]: 1.895759e-06 
(FlareEnergy1) First value of flare energy range [kg*m^2/sec^2]: 5.334000e+23 
(FlareEnergy2) Second value of flare energy range [kg*m^2/sec^2]: 6.715108e+23 
(FlareEnergy3) Third value of flare energy range [kg*m^2/sec^2]: 8.453820e+23 
(FlareEnergy4) Fourth value of flare energy range [kg*m^2/sec^2]: 1.064273e+24 
(FlareEnergyMin) Minimum flare energy [kg*m^2/sec^2]: 5.334000e+23 
(FlareEnergyMid) Middle flare energy in the range of energy values [kg*m^2/sec^2]: 5.334000e+24 
(FlareEnergyMax) Maximum flare energy [kg*m^2/sec^2]: 5.334000e+25 
(FlareYIntOUT) Instantaneous Davenport FFD y-intercept at current age and mass []: 19.155936 
(FlareSlopeOUT) Instantaneous Davenport FFD slope at current age and mass []: -0.609332 

Output Order: Time[year] Luminosity[LSUN] LXUVStellar[LSUN] LXUVFlare[LSUN] LXUVTot[LSUN]
Grid Output Order:

----- BODY: b ----
Active Modules: AtmEsc
Module Bit Sum: 9
Color: 000000
(Mass) Mass [kg]: 1.003595e+25 
(Radius) Radius [m]: 6.985811e+06 
(RadGyra) Radius of Gyration/Moment of Inertia Constant []: 0.500000 
(BodyType) Type of Body (0 == planet) []: 0.000000 
(Density) Average Density [kg/m^3]: 7027.802789 
(HZLimitDryRunaway) Semi-major axis of Dry Runaway HZ Limit [m]: 3.342423e+10 
(HZLimRecVenus) Recent Venus HZ Limit [m]: 2.995206e+10 
(HZLimRunaway) Runaway Greenhouse HZ Limit [m]: 3.949713e+10 
(HZLimMoistGreenhouse) Moist Greenhouse HZ Limit [m]: 3.963150e+10 
(HZLimMaxGreenhouse) Maximum Greenhouse HZ Limit [m]: 7.536358e+10 
(HZLimEarlyMars) Early Mars HZ Limit [m]: 8.219208e+10 
(Instellation) Orbit-averaged INcident STELLar radiATION [kg/sec^3]: 3.339521e+05 
(MeanMotion) Orbital Mean Motion [/sec]: 4.464353e-05 
(OrbPeriod) Orbital Period [sec]: 1.407412e+05 
(SemiMajorAxis) Semi-major Axis [m]: 2.356508e+09 
(LXUVTot) Total XUV Luminosity [kg/sec^3]: -1.000000 
(EscapeVelocity) Escape Velocity [m/sec]: 1.384803e+04 
----- ATMESC PARAMETERS (b)------
(SurfWaterMass) Surface water mass [kg]: 0.000000 
(EnvelopeMass) Envelope mass [kg]: 0.000000 
(OxygenMass) Oxygen mass in the atmosphere [kg]: 0.000000 
(RGLimit) Runaway greenhouse semi-major axis [m]: 3.784519e+10 
(XO) Atomic oxygen mixing ratio in upper atmosphere []: 0.000000 
(EtaO) Oxygen eta parameter (Luger and Barnes 2015) []: 0.000000 
(PlanetRadius) Planet radius [m]: 6.985811e+06 
(OxygenMantleMass) Mass of oxygen in mantle [kg]: 0.000000 
(RadXUV) XUV radius separating hydro. dyn. escape and equilibrium [m]: -1.000000 
(RadSolid) Radius to the solid surface [m]: -1.000000 
(PresXUV) Pressure at base of thermosphere [(null)]: 5.000000 
(ScaleHeight) Scale height in Lehmer & Catling (2016) model [m]: -1.000000 
(ThermTemp) Isothermal atmospheric temperature [K]: 400.000000 
(AtmGasConst) Atmospheric gas constant [(null)]: 4124.000000 
(PresSurf) Surface pressure due to atmosphere [Pa]: -1.000000 
(DEnvMassDt) Envelope Mass Loss Rate [kg/s]: 0.000000 
(FXUV) XUV flux [W/m^2]: 206.398822 
(AtmXAbsEffH2O) XUV atmospheric escape efficiency for H2O []: 0.300000 
(RocheRadius) Roche Lobe Radius [m]: 4.820721e+07 
(BondiRadius) Bondi Radius [m]: 3.229863e+08 
(HEscapeRegime) Integer flag for H envelope escape regime []: 8.000000 
(RRCriticalFlux) Critical XUV Flux that separates RR and energy-limited escape [W/m^2]: 70.976405 
(CrossoverMass) Crossover mass, defines oxygen is escaping if mc > mo [kg]: 0.000000 
(WaterEscapeRegime) What water escape regime the code is currently in []: 8.000000 
(FXUVCRITDRAG) Critical Drag XUV flux [W/m^2]: 0.572459 
(HREFFLUX) The Hydrogen Reference Flux (m^-2 s^-1) [m^-2 s^-1]: 1.239859e+20 
(XO2) Molecular oxygen mixing ratio in atmosphere []: 0.000000 
(XH2O) Water mixing ratio in upper atmosphere []: 0.000000 
(HDiffFlux) The Hydrogen Diffusion Flux (m^-2 s^-1) [m^-2 s^-1]: 2.657742e+17 
(HRefODragMod) Multiply by H ref flux to get flux with drag []: 1.000000 
(KTide) Mass loss enhancement due to stellar gravity []: 0.784153 
(CumulativeXUVFlux) Cumulative XUV flux [W/m^2]: 0.000000 
(RunawayGreenhouseFlux) Incident flux that triggers runaway greenhouse [kg/sec^3]: 1294.738606 
(RGDuration) Runaway Greenhouse Duration [years]: 0.00000e+00

Output Order: Time[year] CumulativeXUVFlux[W/m^2]
Grid Output Order:



---- FINAL SYSTEM PROPERTIES ----
(Age) System Age [sec]: 1.919942e+17 
(Time) Simulation Time [sec]: 1.918629e+17 
(TotAngMom) Total Angular Momentum [kg*m^2/sec]: 1.844852e+42 
(TotEnergy) Total System Energy [kg*m^2/sec^2]: -1.086489e+40 
(PotEnergy) Body's non-orbital Potential Energy [kg*m^2/sec^2]: -4.138563e+40 
(KinEnergy) Body's non-orbital Kinetic Energy [kg*m^2/sec^2]: 7.316403e+32 
(DeltaTime) Average Timestep Over Last Output Interval [sec]: 1.262304e+12 

----- BODY: star ----
Active Modules: FLARE STELLAR
Module Bit Sum: 577
Color: 000000
(Mass) Mass [kg]: 3.907582e+29 
(Radius) Radius [m]: 1.477482e+08 
(RadGyra) Radius of Gyration/Moment of Inertia Constant []: 0.460369 
(RotAngMom) Rotational Angular Momentum [kg*m^2/sec]: 1.626469e+39 
(RotVel) Rotational Velocity [m/sec]: 132.924217 
(BodyType) Type of Body (0 == planet) []: 0.000000 
(RotRate) Rotational Frequency [/sec]: 8.996671e-07 
(RotPer) Rotational Period [sec]: 6.983900e+06 
(Density) Average Density [kg/m^3]: 2.892362e+04 
(HZLimitDryRunaway) Semi-major axis of Dry Runaway HZ Limit [m]: 9.165500e+09 
(HZLimRecVenus) Recent Venus HZ Limit [m]: 8.204642e+09 
(HZLimRunaway) Runaway Greenhouse HZ Limit [m]: 1.082471e+10 
(HZLimMoistGreenhouse) Moist Greenhouse HZ Limit [m]: 1.085609e+10 
(HZLimMaxGreenhouse) Maximum Greenhouse HZ Limit [m]: 2.060002e+10 
(HZLimEarlyMars) Early Mars HZ Limit [m]: 2.246661e+10 
(Instellation) Orbit-averaged INcident STELLar radiATION [kg/sec^3]: -1.000000 
(CriticalSemiMajorAxis) Holman & Wiegert (1999) P-type Critical Semi-major Axis [m]: -1.000000 
(LXUVTot) Total XUV Luminosity [LSUN]: 5.900859e-07 
(LostEnergy) Body's Total Lost Energy [kg*m^2/sec^2]: 3.052079e+40 
(LostAngMom) Lost Angular Momentum due to Magnetic Braking [kg*m^2/sec]: 1.840737e+42 
(EscapeVelocity) Escape Velocity [m/sec]: 5.941692e+05 
----- STELLAR PARAMETERS (star)------
(Luminosity) Luminosity [LSUN]: 0.004556 
(LXUVStellar) Base X-ray/XUV Luminosity [LSUN]: 2.023896e-07 
(Temperature) Effective Temperature [K]: 3251.188970 
(LXUVFrac) Fraction of luminosity in XUV []: 4.441883e-05 
(RossbyNumber) Rossby Number []: 1.359795 
(DRotPerDtStellar) Time Rate of Change of Rotation Period in STELLAR []: 1.932355e-11 
(WindTorque) Stellar Wind Torque []: 4.618700e+21 
----- FLARE PARAMETERS (star)------
(LXUVFlare) XUV Luminosity from flares [LSUN]: 3.876961e-07 
(FlareFreq1) First value of flare frequency range [/sec]: 8.191785e-05 
(FlareFreq2) Second value of flare frequency range [/sec]: 6.393591e-05 
(FlareFreq3) Third value of flare frequency range [/sec]: 4.990122e-05 
(FlareFreq4) Fourth value of flare frequency range [/sec]: 3.894732e-05 
(FlareFreqMin) Frequency of the flares with the lowest energy [/sec]: 8.191785e-05 
(FlareFreqMid) Frequency of the flares with the middle energy in the energy range [/sec]: 6.871346e-06 
(FlareFreqMax) Frequency of the flares with the highest energy [/sec]: 5.763749e-07 
(FlareEnergy1) First value of flare energy range [kg*m^2/sec^2]: 5.334000e+23 
(FlareEnergy2) Second value of flare energy range [kg*m^2/sec^2]: 6.715108e+23 
(FlareEnergy3) Third value of flare energy range [kg*m^2/sec^2]: 8.453820e+23 
(FlareEnergy4) Fourth value of flare energy range [kg*m^2/sec^2]: 1.064273e+24 
(FlareEnergyMin) Minimum flare energy [kg*m^2/sec^2]: 5.334000e+23 
(FlareEnergyMid) Middle flare energy in the range of energy values [kg*m^2/sec^2]: 5.334000e+24 
(FlareEnergyMax) Maximum flare energy [kg*m^2/sec^2]: 5.334000e+25 
(FlareYIntOUT) Instantaneous Davenport FFD y-intercept at current age and mass []: 33.922549 
(FlareSlopeOUT) Instantaneous Davenport FFD slope at current age and mass []: -1.076337 

Output Order: Time[year] Luminosity[LSUN] LXUVStellar[LSUN] LXUVFlare[LSUN] LXUVTot[LSUN]
Grid Output Order:

----- BODY: b ----
Active Modules: AtmEsc
Module Bit Sum: 9
Color: 000000
(Mass) Mass [kg]: 1.003595e+25 
(Radius) Radius [m]: 6.985811e+06 
(RadGyra) Radius of Gyration/Moment of Inertia Constant []: 0.500000 
(BodyType) Type of Body (0 == planet) []: 0.000000 
(Density) Average Density [kg/m^3]: 7027.802789 
(HZLimitDryRunaway) Semi-major axis of Dry Runaway HZ Limit [m]: 9.165693e+09 
(HZLimRecVenus) Recent Venus HZ Limit [m]: 8.204642e+09 
(HZLimRunaway) Runaway Greenhouse HZ Limit [m]: 1.082471e+10 
(HZLimMoistGreenhouse) Moist Greenhouse HZ Limit [m]: 1.085609e+10 
(HZLimMaxGreenhouse) Maximum Greenhouse HZ Limit [m]: 2.060002e+10 
(HZLimEarlyMars) Early Mars HZ Limit [m]: 2.246661e+10 
(Instellation) Orbit-averaged INcident STELLar radiATION [kg/sec^3]: 2.511261e+04 
(MeanMotion) Orbital Mean Motion [/sec]: 4.464353e-05 
(OrbPeriod) Orbital Period [sec]: 1.407412e+05 
(SemiMajorAxis) Semi-major Axis [m]: 2.356508e+09 
(LXUVTot) Total XUV Luminosity [kg/sec^3]: -1.000000 
(EscapeVelocity) Escape Velocity [m/sec]: 1.384803e+04 
----- ATMESC PARAMETERS (b)------
(SurfWaterMass) Surface water mass [kg]: 0.000000 
(EnvelopeMass) Envelope mass [kg]: 0.000000 
(OxygenMass) Oxygen mass in the atmosphere [kg]: 0.000000 
(RGLimit) Runaway greenhouse semi-major axis [m]: 1.037220e+10 
(XO) Atomic oxygen mixing ratio in upper atmosphere []: 0.000000 
(EtaO) Oxygen eta parameter (Luger and Barnes 2015) []: 0.000000 
(PlanetRadius) Planet radius [m]: 6.985811e+06 
(OxygenMantleMass) Mass of oxygen in mantle [kg]: 0.000000 
(RadXUV) XUV radius separating hydro. dyn. escape and equilibrium [m]: -1.000000 
(RadSolid) Radius to the solid surface [m]: -1.000000 
(PresXUV) Pressure at base of thermosphere [(null)]: 5.000000 
(ScaleHeight) Scale height in Lehmer & Catling (2016) model [m]: -1.000000 
(ThermTemp) Isothermal atmospheric temperature [K]: 400.000000 
(AtmGasConst) Atmospheric gas constant [(null)]: 4124.000000 
(PresSurf) Surface pressure due to atmosphere [Pa]: -1.000000 
(DEnvMassDt) Envelope Mass Loss Rate [kg/s]: 0.000000 
(FXUV) XUV flux [W/m^2]: 3.252266 
(AtmXAbsEffH2O) XUV atmospheric escape efficiency for H2O []: 0.300000 
(RocheRadius) Roche Lobe Radius [m]: 4.820721e+07 
(BondiRadius) Bondi Radius [m]: 6.175062e+08 
(HEscapeRegime) Integer flag for H envelope escape regime []: 8.000000 
(RRCriticalFlux) Critical XUV Flux that separates RR and energy-limited escape [W/m^2]: 70.976405 
(CrossoverMass) Crossover mass, defines oxygen is escaping if mc > mo [kg]: 0.000000 
(WaterEscapeRegime) What water escape regime the code is currently in []: 8.000000 
(FXUVCRITDRAG) Critical Drag XUV flux [W/m^2]: 0.572459 
(HREFFLUX) The Hydrogen Reference Flux (m^-2 s^-1) [m^-2 s^-1]: 1.953669e+18 
(XO2) Molecular oxygen mixing ratio in atmosphere []: 0.000000 
(XH2O) Water mixing ratio in upper atmosphere []: 0.000000 
(HDiffFlux) The Hydrogen Diffusion Flux (m^-2 s^-1) [m^-2 s^-1]: 2.657742e+17 
(HRefODragMod) Multiply by H ref flux to get flux with drag []: 1.000000 
(KTide) Mass loss enhancement due to stellar gravity []: 0.784153 
(CumulativeXUVFlux) Cumulative XUV flux [W/m^2]: 1.601302e+18 
(RunawayGreenhouseFlux) Incident flux that triggers runaway greenhouse [kg/sec^3]: 1296.191693 
(RGDuration) Runaway Greenhouse Duration [years]: 0.00000e+00

Output Order: Time[year] CumulativeXUVFlux[W/m^2]
Grid Output Order:
