-------- Log file gj1132.log -------

Executable: /home/vplanet/.local/bin/vplanet
Version: Unknown
System Name: gj1132
Primary Input File: vpl.in
Body File #1: star.in
Body File #2: b.in
Allow files to be overwitten: Yes
Mass Units: Grams
Length Units: Meters
Time Units: Seconds
Angle Units: Radians

------- FORMATTING -----
Verbosity Level: 5
Crossover Decade for Scientific Notation: 4
Number of Digits After Decimal: 6
Integration Method: Runge-Kutta4
Direction: Forward
Time Step: 3.155760e+07
Stop Time: 2.587338e+17
Output Interval: 3.155760e+13
Use Variable Timestep: Yes
dEta: 0.010000
Minimum Value of ecc and obl: 1.000000e-10


---- INITIAL SYSTEM PROPERTIES ----
(Age) System Age [sec]: 1.488066e+14 
(Time) Simulation Time [sec]: 0.000000 
(TotAngMom) Total Angular Momentum [kg*m^2/sec]: 1.662673e+42 
(TotEnergy) Total System Energy [kg*m^2/sec^2]: -1.132709e+40 
(PotEnergy) Body's non-orbital Potential Energy [kg*m^2/sec^2]: -1.138741e+40 
(KinEnergy) Body's non-orbital Kinetic Energy [kg*m^2/sec^2]: 6.036844e+37 
(DeltaTime) Average Timestep Over Last Output Interval [sec]: 0.000000 

----- BODY: star ----
Active Modules: FLARE STELLAR
Module Bit Sum: 577
Color: 000000
(Mass) Mass [kg]: 3.889338e+29 
(Radius) Radius [m]: 5.319640e+08 
(RadGyra) Radius of Gyration/Moment of Inertia Constant []: 0.455443 
(RotAngMom) Rotational Angular Momentum [kg*m^2/sec]: 1.660251e+42 
(RotVel) Rotational Velocity [m/sec]: 3.868551e+04 
(BodyType) Type of Body (0 == planet) []: 0.000000 
(RotRate) Rotational Frequency [/sec]: 7.272205e-05 
(RotPer) Rotational Period [sec]: 8.640000e+04 
(Density) Average Density [kg/m^3]: 616.794348 
(HZLimitDryRunaway) Semi-major axis of Dry Runaway HZ Limit [m]: 3.192597e+10 
(HZLimRecVenus) Recent Venus HZ Limit [m]: 2.860651e+10 
(HZLimRunaway) Runaway Greenhouse HZ Limit [m]: 3.772495e+10 
(HZLimMoistGreenhouse) Moist Greenhouse HZ Limit [m]: 3.785112e+10 
(HZLimMaxGreenhouse) Maximum Greenhouse HZ Limit [m]: 7.196036e+10 
(HZLimEarlyMars) Early Mars HZ Limit [m]: 7.848052e+10 
(Instellation) Orbit-averaged INcident STELLar radiATION [kg/sec^3]: -1.000000 
(CriticalSemiMajorAxis) Holman & Wiegert (1999) P-type Critical Semi-major Axis [m]: -1.000000 
(LXUVTot) Total XUV Luminosity [LSUN]: 2.418253e-05 
(LostEnergy) Body's Total Lost Energy [kg*m^2/sec^2]: 5.562685e-309 
(LostAngMom) Lost Angular Momentum due to Magnetic Braking [kg*m^2/sec]: 5.562685e-309 
(EscapeVelocity) Escape Velocity [m/sec]: 3.124021e+05 
----- STELLAR PARAMETERS (star)------
(Luminosity) Luminosity [LSUN]: 0.055284 
(LXUVStellar) Base X-ray/XUV Luminosity [LSUN]: 2.337169e-05 
(Temperature) Effective Temperature [K]: 3201.661524 
(LXUVFrac) Fraction of luminosity in XUV []: 0.000423 
(RossbyNumber) Rossby Number []: 0.016401 
(DRotPerDtStellar) Time Rate of Change of Rotation Period in STELLAR []: -1.303387e-10 
(WindTorque) Stellar Wind Torque []: 5.816614e+27 
----- FLARE PARAMETERS (star)------
(LXUVFlare) XUV Luminosity from flares [LSUN]: 8.108374e-07 
(FlareFreq1) First value of flare frequency range [/sec]: 3.163874e-05 
(FlareFreq2) Second value of flare frequency range [/sec]: 2.745278e-05 
(FlareFreq3) Third value of flare frequency range [/sec]: 2.382065e-05 
(FlareFreq4) Fourth value of flare frequency range [/sec]: 2.066906e-05 
(FlareFreqMin) Frequency of the flares with the lowest energy [/sec]: 3.163874e-05 
(FlareFreqMid) Frequency of the flares with the middle energy in the energy range [/sec]: 7.654051e-06 
(FlareFreqMax) Frequency of the flares with the highest energy [/sec]: 1.851670e-06 
(FlareEnergy1) First value of flare energy range [kg*m^2/sec^2]: 5.334000e+23 
(FlareEnergy2) Second value of flare energy range [kg*m^2/sec^2]: 6.715108e+23 
(FlareEnergy3) Third value of flare energy range [kg*m^2/sec^2]: 8.453820e+23 
(FlareEnergy4) Fourth value of flare energy range [kg*m^2/sec^2]: 1.064273e+24 
(FlareEnergyMin) Minimum flare energy [kg*m^2/sec^2]: 5.334000e+23 
(FlareEnergyMid) Middle flare energy in the range of energy values [kg*m^2/sec^2]: 5.334000e+24 
(FlareEnergyMax) Maximum flare energy [kg*m^2/sec^2]: 5.334000e+25 
(FlareYIntOUT) Instantaneous Davenport FFD y-intercept at current age and mass []: 19.374670 
(FlareSlopeOUT) Instantaneous Davenport FFD slope at current age and mass []: -0.616328 

Output Order: Time[year] Luminosity[LSUN] LXUVStellar[LSUN] LXUVFlare[LSUN] LXUVTot[LSUN]
Grid Output Order:

----- BODY: b ----
Active Modules: AtmEsc
Module Bit Sum: 9
Color: 000000
(Mass) Mass [kg]: 9.799466e+24 
(Radius) Radius [m]: 7.059641e+06 
(RadGyra) Radius of Gyration/Moment of Inertia Constant []: 0.500000 
(BodyType) Type of Body (0 == planet) []: 0.000000 
(Density) Average Density [kg/m^3]: 6649.146656 
(HZLimitDryRunaway) Semi-major axis of Dry Runaway HZ Limit [m]: 3.192734e+10 
(HZLimRecVenus) Recent Venus HZ Limit [m]: 2.860651e+10 
(HZLimRunaway) Runaway Greenhouse HZ Limit [m]: 3.772495e+10 
(HZLimMoistGreenhouse) Moist Greenhouse HZ Limit [m]: 3.785112e+10 
(HZLimMaxGreenhouse) Maximum Greenhouse HZ Limit [m]: 7.196036e+10 
(HZLimEarlyMars) Early Mars HZ Limit [m]: 7.848052e+10 
(Instellation) Orbit-averaged INcident STELLar radiATION [kg/sec^3]: 3.056560e+05 
(MeanMotion) Orbital Mean Motion [/sec]: 4.464358e-05 
(OrbPeriod) Orbital Period [sec]: 1.407411e+05 
(SemiMajorAxis) Semi-major Axis [m]: 2.352832e+09 
(LXUVTot) Total XUV Luminosity [kg/sec^3]: -1.000000 
(EscapeVelocity) Escape Velocity [m/sec]: 1.361216e+04 
----- ATMESC PARAMETERS (b)------
(SurfWaterMass) Surface water mass [kg]: 0.000000 
(EnvelopeMass) Envelope mass [kg]: 0.000000 
(OxygenMass) Oxygen mass in the atmosphere [kg]: 0.000000 
(RGLimit) Runaway greenhouse semi-major axis [m]: 3.616670e+10 
(XO) Atomic oxygen mixing ratio in upper atmosphere []: 0.000000 
(EtaO) Oxygen eta parameter (Luger and Barnes 2015) []: 0.000000 
(PlanetRadius) Planet radius [m]: 7.059641e+06 
(OxygenMantleMass) Mass of oxygen in mantle [kg]: 0.000000 
(RadXUV) XUV radius separating hydro. dyn. escape and equilibrium [m]: -1.000000 
(RadSolid) Radius to the solid surface [m]: -1.000000 
(PresXUV) Pressure at base of thermosphere [(null)]: 5.000000 
(ScaleHeight) Scale height in Lehmer & Catling (2016) model [m]: -1.000000 
(ThermTemp) Isothermal atmospheric temperature [K]: 400.000000 
(AtmGasConst) Atmospheric gas constant [(null)]: 4124.000000 
(PresSurf) Surface pressure due to atmosphere [Pa]: -1.000000 
(DEnvMassDt) Envelope Mass Loss Rate [kg/s]: 0.000000 
(FXUV) XUV flux [W/m^2]: 133.701962 
(AtmXAbsEffH2O) XUV atmospheric escape efficiency for H2O []: 0.300000 
(RocheRadius) Roche Lobe Radius [m]: 4.782550e+07 
(BondiRadius) Bondi Radius [m]: 3.229318e+08 
(HEscapeRegime) Integer flag for H envelope escape regime []: 8.000000 
(RRCriticalFlux) Critical XUV Flux that separates RR and energy-limited escape [W/m^2]: 64.908608 
(CrossoverMass) Crossover mass, defines oxygen is escaping if mc > mo [kg]: 0.000000 
(WaterEscapeRegime) What water escape regime the code is currently in []: 8.000000 
(FXUVCRITDRAG) Critical Drag XUV flux [W/m^2]: 0.528852 
(HREFFLUX) The Hydrogen Reference Flux (m^-2 s^-1) [m^-2 s^-1]: 8.354601e+19 
(XO2) Molecular oxygen mixing ratio in atmosphere []: 0.000000 
(XH2O) Water mixing ratio in upper atmosphere []: 0.000000 
(HDiffFlux) The Hydrogen Diffusion Flux (m^-2 s^-1) [m^-2 s^-1]: 2.541119e+17 
(HRefODragMod) Multiply by H ref flux to get flux with drag []: 1.000000 
(KTide) Mass loss enhancement due to stellar gravity []: 0.780189 
(CumulativeXUVFlux) Cumulative XUV flux [W/m^2]: 0.000000 
(RunawayGreenhouseFlux) Incident flux that triggers runaway greenhouse [kg/sec^3]: 1293.480354 
(RGDuration) Runaway Greenhouse Duration [years]: 0.00000e+00

Output Order: Time[year] CumulativeXUVFlux[W/m^2]
Grid Output Order:



---- FINAL SYSTEM PROPERTIES ----
(Age) System Age [sec]: 2.588831e+17 
(Time) Simulation Time [sec]: 2.587343e+17 
(TotAngMom) Total Angular Momentum [kg*m^2/sec]: 1.665488e+42 
(TotEnergy) Total System Energy [kg*m^2/sec^2]: -1.131445e+40 
(PotEnergy) Body's non-orbital Potential Energy [kg*m^2/sec^2]: -4.106925e+40 
(KinEnergy) Body's non-orbital Kinetic Energy [kg*m^2/sec^2]: 5.441108e+32 
(DeltaTime) Average Timestep Over Last Output Interval [sec]: 1.088193e+12 

----- BODY: star ----
Active Modules: FLARE STELLAR
Module Bit Sum: 577
Color: 000000
(Mass) Mass [kg]: 3.889338e+29 
(Radius) Radius [m]: 1.474994e+08 
(RadGyra) Radius of Gyration/Moment of Inertia Constant []: 0.460313 
(RotAngMom) Rotational Angular Momentum [kg*m^2/sec]: 1.396817e+39 
(RotVel) Rotational Velocity [m/sec]: 114.912692 
(BodyType) Type of Body (0 == planet) []: 0.000000 
(RotRate) Rotational Frequency [/sec]: 7.790723e-07 
(RotPer) Rotational Period [sec]: 8.064957e+06 
(Density) Average Density [kg/m^3]: 2.893453e+04 
(HZLimitDryRunaway) Semi-major axis of Dry Runaway HZ Limit [m]: 9.137331e+09 
(HZLimRecVenus) Recent Venus HZ Limit [m]: 8.179727e+09 
(HZLimRunaway) Runaway Greenhouse HZ Limit [m]: 1.079166e+10 
(HZLimMoistGreenhouse) Moist Greenhouse HZ Limit [m]: 1.082312e+10 
(HZLimMaxGreenhouse) Maximum Greenhouse HZ Limit [m]: 2.053893e+10 
(HZLimEarlyMars) Early Mars HZ Limit [m]: 2.239999e+10 
(Instellation) Orbit-averaged INcident STELLar radiATION [kg/sec^3]: -1.000000 
(CriticalSemiMajorAxis) Holman & Wiegert (1999) P-type Critical Semi-major Axis [m]: -1.000000 
(LXUVTot) Total XUV Luminosity [LSUN]: 7.728361e-07 
(LostEnergy) Body's Total Lost Energy [kg*m^2/sec^2]: 2.975486e+40 
(LostAngMom) Lost Angular Momentum due to Magnetic Braking [kg*m^2/sec]: 1.661670e+42 
(EscapeVelocity) Escape Velocity [m/sec]: 5.932803e+05 
----- STELLAR PARAMETERS (star)------
(Luminosity) Luminosity [LSUN]: 0.004528 
(LXUVStellar) Base X-ray/XUV Luminosity [LSUN]: 3.951887e-07 
(Temperature) Effective Temperature [K]: 3249.321005 
(LXUVFrac) Fraction of luminosity in XUV []: 8.726842e-05 
(RossbyNumber) Rossby Number []: 1.568780 
(DRotPerDtStellar) Time Rate of Change of Rotation Period in STELLAR []: 1.290959e-11 
(WindTorque) Stellar Wind Torque []: 2.235888e+21 
----- FLARE PARAMETERS (star)------
(LXUVFlare) XUV Luminosity from flares [LSUN]: 3.776473e-07 
(FlareFreq1) First value of flare frequency range [/sec]: 8.515001e-05 
(FlareFreq2) Second value of flare frequency range [/sec]: 6.615744e-05 
(FlareFreq3) Third value of flare frequency range [/sec]: 5.140112e-05 
(FlareFreq4) Fourth value of flare frequency range [/sec]: 3.993619e-05 
(FlareFreqMin) Frequency of the flares with the lowest energy [/sec]: 8.515001e-05 
(FlareFreqMid) Frequency of the flares with the middle energy in the energy range [/sec]: 6.825341e-06 
(FlareFreqMax) Frequency of the flares with the highest energy [/sec]: 5.470965e-07 
(FlareEnergy1) First value of flare energy range [kg*m^2/sec^2]: 5.334000e+23 
(FlareEnergy2) Second value of flare energy range [kg*m^2/sec^2]: 6.715108e+23 
(FlareEnergy3) Third value of flare energy range [kg*m^2/sec^2]: 8.453820e+23 
(FlareEnergy4) Fourth value of flare energy range [kg*m^2/sec^2]: 1.064273e+24 
(FlareEnergyMin) Minimum flare energy [kg*m^2/sec^2]: 5.334000e+23 
(FlareEnergyMid) Middle flare energy in the range of energy values [kg*m^2/sec^2]: 5.334000e+24 
(FlareEnergyMax) Maximum flare energy [kg*m^2/sec^2]: 5.334000e+25 
(FlareYIntOUT) Instantaneous Davenport FFD y-intercept at current age and mass []: 34.545404 
(FlareSlopeOUT) Instantaneous Davenport FFD slope at current age and mass []: -1.096060 

Output Order: Time[year] Luminosity[LSUN] LXUVStellar[LSUN] LXUVFlare[LSUN] LXUVTot[LSUN]
Grid Output Order:

----- BODY: b ----
Active Modules: AtmEsc
Module Bit Sum: 9
Color: 000000
(Mass) Mass [kg]: 9.799466e+24 
(Radius) Radius [m]: 7.059641e+06 
(RadGyra) Radius of Gyration/Moment of Inertia Constant []: 0.500000 
(BodyType) Type of Body (0 == planet) []: 0.000000 
(Density) Average Density [kg/m^3]: 6649.146656 
(HZLimitDryRunaway) Semi-major axis of Dry Runaway HZ Limit [m]: 9.137724e+09 
(HZLimRecVenus) Recent Venus HZ Limit [m]: 8.179727e+09 
(HZLimRunaway) Runaway Greenhouse HZ Limit [m]: 1.079166e+10 
(HZLimMoistGreenhouse) Moist Greenhouse HZ Limit [m]: 1.082312e+10 
(HZLimMaxGreenhouse) Maximum Greenhouse HZ Limit [m]: 2.053893e+10 
(HZLimEarlyMars) Early Mars HZ Limit [m]: 2.239999e+10 
(Instellation) Orbit-averaged INcident STELLar radiATION [kg/sec^3]: 2.503707e+04 
(MeanMotion) Orbital Mean Motion [/sec]: 4.464358e-05 
(OrbPeriod) Orbital Period [sec]: 1.407411e+05 
(SemiMajorAxis) Semi-major Axis [m]: 2.352832e+09 
(LXUVTot) Total XUV Luminosity [kg/sec^3]: -1.000000 
(EscapeVelocity) Escape Velocity [m/sec]: 1.361216e+04 
----- ATMESC PARAMETERS (b)------
(SurfWaterMass) Surface water mass [kg]: 0.000000 
(EnvelopeMass) Envelope mass [kg]: 0.000000 
(OxygenMass) Oxygen mass in the atmosphere [kg]: 0.000000 
(RGLimit) Runaway greenhouse semi-major axis [m]: 1.034609e+10 
(XO) Atomic oxygen mixing ratio in upper atmosphere []: 0.000000 
(EtaO) Oxygen eta parameter (Luger and Barnes 2015) []: 0.000000 
(PlanetRadius) Planet radius [m]: 7.059641e+06 
(OxygenMantleMass) Mass of oxygen in mantle [kg]: 0.000000 
(RadXUV) XUV radius separating hydro. dyn. escape and equilibrium [m]: -1.000000 
(RadSolid) Radius to the solid surface [m]: -1.000000 
(PresXUV) Pressure at base of thermosphere [(null)]: 5.000000 
(ScaleHeight) Scale height in Lehmer & Catling (2016) model [m]: -1.000000 
(ThermTemp) Isothermal atmospheric temperature [K]: 400.000000 
(AtmGasConst) Atmospheric gas constant [(null)]: 4124.000000 
(PresSurf) Surface pressure due to atmosphere [Pa]: -1.000000 
(DEnvMassDt) Envelope Mass Loss Rate [kg/s]: 0.000000 
(FXUV) XUV flux [W/m^2]: 4.272908 
(AtmXAbsEffH2O) XUV atmospheric escape efficiency for H2O []: 0.300000 
(RocheRadius) Roche Lobe Radius [m]: 4.782550e+07 
(BondiRadius) Bondi Radius [m]: 6.042820e+08 
(HEscapeRegime) Integer flag for H envelope escape regime []: 8.000000 
(RRCriticalFlux) Critical XUV Flux that separates RR and energy-limited escape [W/m^2]: 64.908608 
(CrossoverMass) Crossover mass, defines oxygen is escaping if mc > mo [kg]: 0.000000 
(WaterEscapeRegime) What water escape regime the code is currently in []: 8.000000 
(FXUVCRITDRAG) Critical Drag XUV flux [W/m^2]: 0.528852 
(HREFFLUX) The Hydrogen Reference Flux (m^-2 s^-1) [m^-2 s^-1]: 2.670001e+18 
(XO2) Molecular oxygen mixing ratio in atmosphere []: 0.000000 
(XH2O) Water mixing ratio in upper atmosphere []: 0.000000 
(HDiffFlux) The Hydrogen Diffusion Flux (m^-2 s^-1) [m^-2 s^-1]: 2.541119e+17 
(HRefODragMod) Multiply by H ref flux to get flux with drag []: 1.000000 
(KTide) Mass loss enhancement due to stellar gravity []: 0.780189 
(CumulativeXUVFlux) Cumulative XUV flux [W/m^2]: 2.235044e+18 
(RunawayGreenhouseFlux) Incident flux that triggers runaway greenhouse [kg/sec^3]: 1294.718131 
(RGDuration) Runaway Greenhouse Duration [years]: 0.00000e+00

Output Order: Time[year] CumulativeXUVFlux[W/m^2]
Grid Output Order:
