-------- Log file gj1132.log -------

Executable: /home/vplanet/.local/bin/vplanet
Version: Unknown
System Name: gj1132
Primary Input File: vpl.in
Body File #1: star.in
Body File #2: b.in
Allow files to be overwitten: Yes
Mass Units: Grams
Length Units: Meters
Time Units: Seconds
Angle Units: Radians

------- FORMATTING -----
Verbosity Level: 5
Crossover Decade for Scientific Notation: 4
Number of Digits After Decimal: 6
Integration Method: Runge-Kutta4
Direction: Forward
Time Step: 3.155760e+07
Stop Time: 2.462065e+17
Output Interval: 3.155760e+13
Use Variable Timestep: Yes
dEta: 0.010000
Minimum Value of ecc and obl: 1.000000e-10


---- INITIAL SYSTEM PROPERTIES ----
(Age) System Age [sec]: 1.584719e+14 
(Time) Simulation Time [sec]: 0.000000 
(TotAngMom) Total Angular Momentum [kg*m^2/sec]: 1.513706e+42 
(TotEnergy) Total System Energy [kg*m^2/sec^2]: -1.117955e+40 
(PotEnergy) Body's non-orbital Potential Energy [kg*m^2/sec^2]: -1.123445e+40 
(KinEnergy) Body's non-orbital Kinetic Energy [kg*m^2/sec^2]: 5.495333e+37 
(DeltaTime) Average Timestep Over Last Output Interval [sec]: 0.000000 

----- BODY: star ----
Active Modules: FLARE STELLAR
Module Bit Sum: 577
Color: 000000
(Mass) Mass [kg]: 3.795013e+29 
(Radius) Radius [m]: 5.133699e+08 
(RadGyra) Radius of Gyration/Moment of Inertia Constant []: 0.455836 
(RotAngMom) Rotational Angular Momentum [kg*m^2/sec]: 1.511325e+42 
(RotVel) Rotational Velocity [m/sec]: 3.733331e+04 
(BodyType) Type of Body (0 == planet) []: 0.000000 
(RotRate) Rotational Frequency [/sec]: 7.272205e-05 
(RotPer) Rotational Period [sec]: 8.640000e+04 
(Density) Average Density [kg/m^3]: 669.627975 
(HZLimitDryRunaway) Semi-major axis of Dry Runaway HZ Limit [m]: 3.070376e+10 
(HZLimRecVenus) Recent Venus HZ Limit [m]: 2.751440e+10 
(HZLimRunaway) Runaway Greenhouse HZ Limit [m]: 3.628287e+10 
(HZLimMoistGreenhouse) Moist Greenhouse HZ Limit [m]: 3.640607e+10 
(HZLimMaxGreenhouse) Maximum Greenhouse HZ Limit [m]: 6.922817e+10 
(HZLimEarlyMars) Early Mars HZ Limit [m]: 7.550076e+10 
(Instellation) Orbit-averaged INcident STELLar radiATION [kg/sec^3]: -1.000000 
(CriticalSemiMajorAxis) Holman & Wiegert (1999) P-type Critical Semi-major Axis [m]: -1.000000 
(LXUVTot) Total XUV Luminosity [LSUN]: 0.000913 
(LostEnergy) Body's Total Lost Energy [kg*m^2/sec^2]: 5.562685e-309 
(LostAngMom) Lost Angular Momentum due to Magnetic Braking [kg*m^2/sec]: 5.562685e-309 
(EscapeVelocity) Escape Velocity [m/sec]: 3.141295e+05 
----- STELLAR PARAMETERS (star)------
(Luminosity) Luminosity [LSUN]: 0.051132 
(LXUVStellar) Base X-ray/XUV Luminosity [LSUN]: 0.000901 
(Temperature) Effective Temperature [K]: 3195.939980 
(LXUVFrac) Fraction of luminosity in XUV []: 0.017617 
(RossbyNumber) Rossby Number []: 0.016353 
(DRotPerDtStellar) Time Rate of Change of Rotation Period in STELLAR []: -1.397010e-10 
(WindTorque) Stellar Wind Torque []: 4.890672e+27 
----- FLARE PARAMETERS (star)------
(LXUVFlare) XUV Luminosity from flares [LSUN]: 1.183721e-05 
(FlareFreq1) First value of flare frequency range [/sec]: 1.819043e-06 
(FlareFreq2) Second value of flare frequency range [/sec]: 1.467137e-06 
(FlareFreq3) Third value of flare frequency range [/sec]: 1.183310e-06 
(FlareFreq4) Fourth value of flare frequency range [/sec]: 9.543905e-07 
(FlareFreqMin) Frequency of the flares with the lowest energy [/sec]: 1.819043e-06 
(FlareFreqMid) Frequency of the flares with the middle energy in the energy range [/sec]: 2.118949e-07 
(FlareFreqMax) Frequency of the flares with the highest energy [/sec]: 2.468301e-08 
(FlareEnergy1) First value of flare energy range [kg*m^2/sec^2]: 5.334000e+25 
(FlareEnergy2) Second value of flare energy range [kg*m^2/sec^2]: 7.534475e+25 
(FlareEnergy3) Third value of flare energy range [kg*m^2/sec^2]: 1.064273e+26 
(FlareEnergy4) Fourth value of flare energy range [kg*m^2/sec^2]: 1.503325e+26 
(FlareEnergyMin) Minimum flare energy [kg*m^2/sec^2]: 5.334000e+25 
(FlareEnergyMid) Middle flare energy in the range of energy values [kg*m^2/sec^2]: 1.686759e+27 
(FlareEnergyMax) Maximum flare energy [kg*m^2/sec^2]: 5.334000e+28 
(FlareYIntOUT) Instantaneous Davenport FFD y-intercept at current age and mass []: 19.568345 
(FlareSlopeOUT) Instantaneous Davenport FFD slope at current age and mass []: -0.622482 

Output Order: Time[year] Luminosity[LSUN] LXUVStellar[LSUN] LXUVFlare[LSUN] LXUVTot[LSUN]
Grid Output Order:

----- BODY: b ----
Active Modules: AtmEsc
Module Bit Sum: 9
Color: 000000
(Mass) Mass [kg]: 9.791359e+24 
(Radius) Radius [m]: 7.280750e+06 
(RadGyra) Radius of Gyration/Moment of Inertia Constant []: 0.500000 
(BodyType) Type of Body (0 == planet) []: 0.000000 
(Density) Average Density [kg/m^3]: 6056.559884 
(HZLimitDryRunaway) Semi-major axis of Dry Runaway HZ Limit [m]: 3.070385e+10 
(HZLimRecVenus) Recent Venus HZ Limit [m]: 2.751440e+10 
(HZLimRunaway) Runaway Greenhouse HZ Limit [m]: 3.628287e+10 
(HZLimMoistGreenhouse) Moist Greenhouse HZ Limit [m]: 3.640607e+10 
(HZLimMaxGreenhouse) Maximum Greenhouse HZ Limit [m]: 6.922817e+10 
(HZLimEarlyMars) Early Mars HZ Limit [m]: 7.550076e+10 
(Instellation) Orbit-averaged INcident STELLar radiATION [kg/sec^3]: 2.873548e+05 
(MeanMotion) Orbital Mean Motion [/sec]: 4.464357e-05 
(OrbPeriod) Orbital Period [sec]: 1.407411e+05 
(SemiMajorAxis) Semi-major Axis [m]: 2.333657e+09 
(LXUVTot) Total XUV Luminosity [kg/sec^3]: -1.000000 
(EscapeVelocity) Escape Velocity [m/sec]: 1.339833e+04 
----- ATMESC PARAMETERS (b)------
(SurfWaterMass) Surface water mass [kg]: 0.000000 
(EnvelopeMass) Envelope mass [kg]: 0.000000 
(OxygenMass) Oxygen mass in the atmosphere [kg]: 0.000000 
(RGLimit) Runaway greenhouse semi-major axis [m]: 3.478549e+10 
(XO) Atomic oxygen mixing ratio in upper atmosphere []: 0.000000 
(EtaO) Oxygen eta parameter (Luger and Barnes 2015) []: 0.000000 
(PlanetRadius) Planet radius [m]: 7.280750e+06 
(OxygenMantleMass) Mass of oxygen in mantle [kg]: 0.000000 
(RadXUV) XUV radius separating hydro. dyn. escape and equilibrium [m]: -1.000000 
(RadSolid) Radius to the solid surface [m]: -1.000000 
(PresXUV) Pressure at base of thermosphere [(null)]: 5.000000 
(ScaleHeight) Scale height in Lehmer & Catling (2016) model [m]: -1.000000 
(ThermTemp) Isothermal atmospheric temperature [K]: 400.000000 
(AtmGasConst) Atmospheric gas constant [(null)]: 4124.000000 
(PresSurf) Surface pressure due to atmosphere [Pa]: -1.000000 
(DEnvMassDt) Envelope Mass Loss Rate [kg/s]: 0.000000 
(FXUV) XUV flux [W/m^2]: 5128.772291 
(AtmXAbsEffH2O) XUV atmospheric escape efficiency for H2O []: 0.300000 
(RocheRadius) Roche Lobe Radius [m]: 4.781232e+07 
(BondiRadius) Bondi Radius [m]: 3.303932e+08 
(HEscapeRegime) Integer flag for H envelope escape regime []: 8.000000 
(RRCriticalFlux) Critical XUV Flux that separates RR and energy-limited escape [W/m^2]: 58.043536 
(CrossoverMass) Crossover mass, defines oxygen is escaping if mc > mo [kg]: 0.000000 
(WaterEscapeRegime) What water escape regime the code is currently in []: 8.000000 
(FXUVCRITDRAG) Critical Drag XUV flux [W/m^2]: 0.481321 
(HREFFLUX) The Hydrogen Reference Flux (m^-2 s^-1) [m^-2 s^-1]: 3.337174e+21 
(XO2) Molecular oxygen mixing ratio in atmosphere []: 0.000000 
(XH2O) Water mixing ratio in upper atmosphere []: 0.000000 
(HDiffFlux) The Hydrogen Diffusion Flux (m^-2 s^-1) [m^-2 s^-1]: 2.387144e+17 
(HRefODragMod) Multiply by H ref flux to get flux with drag []: 1.000000 
(KTide) Mass loss enhancement due to stellar gravity []: 0.773349 
(CumulativeXUVFlux) Cumulative XUV flux [W/m^2]: 0.000000 
(RunawayGreenhouseFlux) Incident flux that triggers runaway greenhouse [kg/sec^3]: 1293.283874 
(RGDuration) Runaway Greenhouse Duration [years]: 0.00000e+00

Output Order: Time[year] CumulativeXUVFlux[W/m^2]
Grid Output Order:



---- FINAL SYSTEM PROPERTIES ----
(Age) System Age [sec]: 2.463709e+17 
(Time) Simulation Time [sec]: 2.462124e+17 
(TotAngMom) Total Angular Momentum [kg*m^2/sec]: 1.513661e+42 
(TotEnergy) Total System Energy [kg*m^2/sec^2]: -1.117272e+40 
(PotEnergy) Body's non-orbital Potential Energy [kg*m^2/sec^2]: -4.012763e+40 
(KinEnergy) Body's non-orbital Kinetic Energy [kg*m^2/sec^2]: 5.481114e+32 
(DeltaTime) Average Timestep Over Last Output Interval [sec]: 3.155760e+13 

----- BODY: star ----
Active Modules: FLARE STELLAR
Module Bit Sum: 577
Color: 000000
(Mass) Mass [kg]: 3.795013e+29 
(Radius) Radius [m]: 1.437271e+08 
(RadGyra) Radius of Gyration/Moment of Inertia Constant []: 0.460500 
(RotAngMom) Rotational Angular Momentum [kg*m^2/sec]: 1.349970e+39 
(RotVel) Rotational Velocity [m/sec]: 116.711457 
(BodyType) Type of Body (0 == planet) []: 0.000000 
(RotRate) Rotational Frequency [/sec]: 8.120350e-07 
(RotPer) Rotational Period [sec]: 7.737579e+06 
(Density) Average Density [kg/m^3]: 3.051466e+04 
(HZLimitDryRunaway) Semi-major axis of Dry Runaway HZ Limit [m]: 8.837621e+09 
(HZLimRecVenus) Recent Venus HZ Limit [m]: 7.913452e+09 
(HZLimRunaway) Runaway Greenhouse HZ Limit [m]: 1.043913e+10 
(HZLimMoistGreenhouse) Moist Greenhouse HZ Limit [m]: 1.047080e+10 
(HZLimMaxGreenhouse) Maximum Greenhouse HZ Limit [m]: 1.988026e+10 
(HZLimEarlyMars) Early Mars HZ Limit [m]: 2.168161e+10 
(Instellation) Orbit-averaged INcident STELLar radiATION [kg/sec^3]: -1.000000 
(CriticalSemiMajorAxis) Holman & Wiegert (1999) P-type Critical Semi-major Axis [m]: -1.000000 
(LXUVTot) Total XUV Luminosity [LSUN]: 1.796505e-06 
(LostEnergy) Body's Total Lost Energy [kg*m^2/sec^2]: 2.895496e+40 
(LostAngMom) Lost Angular Momentum due to Magnetic Braking [kg*m^2/sec]: 1.509930e+42 
(EscapeVelocity) Escape Velocity [m/sec]: 5.936828e+05 
----- STELLAR PARAMETERS (star)------
(Luminosity) Luminosity [LSUN]: 0.004236 
(LXUVStellar) Base X-ray/XUV Luminosity [LSUN]: 1.458796e-06 
(Temperature) Effective Temperature [K]: 3236.237391 
(LXUVFrac) Fraction of luminosity in XUV []: 0.000344 
(RossbyNumber) Rossby Number []: 1.495046 
(DRotPerDtStellar) Time Rate of Change of Rotation Period in STELLAR []: 1.307332e-11 
(WindTorque) Stellar Wind Torque []: 2.435204e+21 
----- FLARE PARAMETERS (star)------
(LXUVFlare) XUV Luminosity from flares [LSUN]: 3.376901e-07 
(FlareFreq1) First value of flare frequency range [/sec]: 5.540163e-07 
(FlareFreq2) Second value of flare frequency range [/sec]: 3.792825e-07 
(FlareFreq3) Third value of flare frequency range [/sec]: 2.596588e-07 
(FlareFreq4) Fourth value of flare frequency range [/sec]: 1.777638e-07 
(FlareFreqMin) Frequency of the flares with the lowest energy [/sec]: 5.540163e-07 
(FlareFreqMid) Frequency of the flares with the middle energy in the energy range [/sec]: 1.252925e-08 
(FlareFreqMax) Frequency of the flares with the highest energy [/sec]: 2.833528e-10 
(FlareEnergy1) First value of flare energy range [kg*m^2/sec^2]: 5.334000e+25 
(FlareEnergy2) Second value of flare energy range [kg*m^2/sec^2]: 7.534475e+25 
(FlareEnergy3) Third value of flare energy range [kg*m^2/sec^2]: 1.064273e+26 
(FlareEnergy4) Fourth value of flare energy range [kg*m^2/sec^2]: 1.503325e+26 
(FlareEnergyMin) Minimum flare energy [kg*m^2/sec^2]: 5.334000e+25 
(FlareEnergyMid) Middle flare energy in the range of energy values [kg*m^2/sec^2]: 1.686759e+27 
(FlareEnergyMax) Maximum flare energy [kg*m^2/sec^2]: 5.334000e+28 
(FlareYIntOUT) Instantaneous Davenport FFD y-intercept at current age and mass []: 34.583741 
(FlareSlopeOUT) Instantaneous Davenport FFD slope at current age and mass []: -1.097065 

Output Order: Time[year] Luminosity[LSUN] LXUVStellar[LSUN] LXUVFlare[LSUN] LXUVTot[LSUN]
Grid Output Order:

----- BODY: b ----
Active Modules: AtmEsc
Module Bit Sum: 9
Color: 000000
(Mass) Mass [kg]: 9.791359e+24 
(Radius) Radius [m]: 7.280750e+06 
(RadGyra) Radius of Gyration/Moment of Inertia Constant []: 0.500000 
(BodyType) Type of Body (0 == planet) []: 0.000000 
(Density) Average Density [kg/m^3]: 6056.559884 
(HZLimitDryRunaway) Semi-major axis of Dry Runaway HZ Limit [m]: 8.837646e+09 
(HZLimRecVenus) Recent Venus HZ Limit [m]: 7.913452e+09 
(HZLimRunaway) Runaway Greenhouse HZ Limit [m]: 1.043913e+10 
(HZLimMoistGreenhouse) Moist Greenhouse HZ Limit [m]: 1.047080e+10 
(HZLimMaxGreenhouse) Maximum Greenhouse HZ Limit [m]: 1.988026e+10 
(HZLimEarlyMars) Early Mars HZ Limit [m]: 2.168161e+10 
(Instellation) Orbit-averaged INcident STELLar radiATION [kg/sec^3]: 2.380708e+04 
(MeanMotion) Orbital Mean Motion [/sec]: 4.464357e-05 
(OrbPeriod) Orbital Period [sec]: 1.407411e+05 
(SemiMajorAxis) Semi-major Axis [m]: 2.333657e+09 
(LXUVTot) Total XUV Luminosity [kg/sec^3]: -1.000000 
(EscapeVelocity) Escape Velocity [m/sec]: 1.339833e+04 
----- ATMESC PARAMETERS (b)------
(SurfWaterMass) Surface water mass [kg]: 0.000000 
(EnvelopeMass) Envelope mass [kg]: 0.000000 
(OxygenMass) Oxygen mass in the atmosphere [kg]: 0.000000 
(RGLimit) Runaway greenhouse semi-major axis [m]: 1.000845e+10 
(XO) Atomic oxygen mixing ratio in upper atmosphere []: 0.000000 
(EtaO) Oxygen eta parameter (Luger and Barnes 2015) []: 0.000000 
(PlanetRadius) Planet radius [m]: 7.280750e+06 
(OxygenMantleMass) Mass of oxygen in mantle [kg]: 0.000000 
(RadXUV) XUV radius separating hydro. dyn. escape and equilibrium [m]: -1.000000 
(RadSolid) Radius to the solid surface [m]: -1.000000 
(PresXUV) Pressure at base of thermosphere [(null)]: 5.000000 
(ScaleHeight) Scale height in Lehmer & Catling (2016) model [m]: -1.000000 
(ThermTemp) Isothermal atmospheric temperature [K]: 400.000000 
(AtmGasConst) Atmospheric gas constant [(null)]: 4124.000000 
(PresSurf) Surface pressure due to atmosphere [Pa]: -1.000000 
(DEnvMassDt) Envelope Mass Loss Rate [kg/s]: 0.000000 
(FXUV) XUV flux [W/m^2]: 10.096133 
(AtmXAbsEffH2O) XUV atmospheric escape efficiency for H2O []: 0.300000 
(RocheRadius) Roche Lobe Radius [m]: 4.781232e+07 
(BondiRadius) Bondi Radius [m]: 6.166450e+08 
(HEscapeRegime) Integer flag for H envelope escape regime []: 8.000000 
(RRCriticalFlux) Critical XUV Flux that separates RR and energy-limited escape [W/m^2]: 58.043536 
(CrossoverMass) Crossover mass, defines oxygen is escaping if mc > mo [kg]: 0.000000 
(WaterEscapeRegime) What water escape regime the code is currently in []: 8.000000 
(FXUVCRITDRAG) Critical Drag XUV flux [W/m^2]: 0.481321 
(HREFFLUX) The Hydrogen Reference Flux (m^-2 s^-1) [m^-2 s^-1]: 6.569321e+18 
(XO2) Molecular oxygen mixing ratio in atmosphere []: 0.000000 
(XH2O) Water mixing ratio in upper atmosphere []: 0.000000 
(HDiffFlux) The Hydrogen Diffusion Flux (m^-2 s^-1) [m^-2 s^-1]: 2.387144e+17 
(HRefODragMod) Multiply by H ref flux to get flux with drag []: 1.000000 
(KTide) Mass loss enhancement due to stellar gravity []: 0.773349 
(CumulativeXUVFlux) Cumulative XUV flux [W/m^2]: 2.225929e+19 
(RunawayGreenhouseFlux) Incident flux that triggers runaway greenhouse [kg/sec^3]: 1294.326328 
(RGDuration) Runaway Greenhouse Duration [years]: 0.00000e+00

Output Order: Time[year] CumulativeXUVFlux[W/m^2]
Grid Output Order:
