-------- Log file gj1132.log -------

Executable: /home/vplanet/.local/bin/vplanet
Version: Unknown
System Name: gj1132
Primary Input File: vpl.in
Body File #1: star.in
Body File #2: b.in
Allow files to be overwitten: Yes
Mass Units: Grams
Length Units: Meters
Time Units: Seconds
Angle Units: Radians

------- FORMATTING -----
Verbosity Level: 5
Crossover Decade for Scientific Notation: 4
Number of Digits After Decimal: 6
Integration Method: Runge-Kutta4
Direction: Forward
Time Step: 3.155760e+07
Stop Time: 2.246531e+17
Output Interval: 3.155760e+13
Use Variable Timestep: Yes
dEta: 0.010000
Minimum Value of ecc and obl: 1.000000e-10


---- INITIAL SYSTEM PROPERTIES ----
(Age) System Age [sec]: 1.811714e+14 
(Time) Simulation Time [sec]: 0.000000 
(TotAngMom) Total Angular Momentum [kg*m^2/sec]: 1.446243e+42 
(TotEnergy) Total System Energy [kg*m^2/sec^2]: -1.225502e+40 
(PotEnergy) Body's non-orbital Potential Energy [kg*m^2/sec^2]: -1.230746e+40 
(KinEnergy) Body's non-orbital Kinetic Energy [kg*m^2/sec^2]: 5.249727e+37 
(DeltaTime) Average Timestep Over Last Output Interval [sec]: 0.000000 

----- BODY: star ----
Active Modules: FLARE STELLAR
Module Bit Sum: 577
Color: 000000
(Mass) Mass [kg]: 3.898601e+29 
(Radius) Radius [m]: 4.945438e+08 
(RadGyra) Radius of Gyration/Moment of Inertia Constant []: 0.456308 
(RotAngMom) Rotational Angular Momentum [kg*m^2/sec]: 1.443779e+42 
(RotVel) Rotational Velocity [m/sec]: 3.596424e+04 
(BodyType) Type of Body (0 == planet) []: 0.000000 
(RotRate) Rotational Frequency [/sec]: 7.272205e-05 
(RotPer) Rotational Period [sec]: 8.640000e+04 
(Density) Average Density [kg/m^3]: 769.494882 
(HZLimitDryRunaway) Semi-major axis of Dry Runaway HZ Limit [m]: 2.994524e+10 
(HZLimRecVenus) Recent Venus HZ Limit [m]: 2.682470e+10 
(HZLimRunaway) Runaway Greenhouse HZ Limit [m]: 3.537948e+10 
(HZLimMoistGreenhouse) Moist Greenhouse HZ Limit [m]: 3.549348e+10 
(HZLimMaxGreenhouse) Maximum Greenhouse HZ Limit [m]: 6.744312e+10 
(HZLimEarlyMars) Early Mars HZ Limit [m]: 7.355405e+10 
(Instellation) Orbit-averaged INcident STELLar radiATION [kg/sec^3]: -1.000000 
(CriticalSemiMajorAxis) Holman & Wiegert (1999) P-type Critical Semi-major Axis [m]: -1.000000 
(LXUVTot) Total XUV Luminosity [LSUN]: 0.000155 
(LostEnergy) Body's Total Lost Energy [kg*m^2/sec^2]: 5.562685e-309 
(LostAngMom) Lost Angular Momentum due to Magnetic Braking [kg*m^2/sec]: 5.562685e-309 
(EscapeVelocity) Escape Velocity [m/sec]: 3.243913e+05 
----- STELLAR PARAMETERS (star)------
(Luminosity) Luminosity [LSUN]: 0.048637 
(LXUVStellar) Base X-ray/XUV Luminosity [LSUN]: 0.000144 
(Temperature) Effective Temperature [K]: 3215.302883 
(LXUVFrac) Fraction of luminosity in XUV []: 0.002953 
(RossbyNumber) Rossby Number []: 0.016516 
(DRotPerDtStellar) Time Rate of Change of Rotation Period in STELLAR []: -6.792087e-11 
(WindTorque) Stellar Wind Torque []: 3.935820e+27 
----- FLARE PARAMETERS (star)------
(LXUVFlare) XUV Luminosity from flares [LSUN]: 1.126201e-05 
(FlareFreq1) First value of flare frequency range [/sec]: 1.806560e-06 
(FlareFreq2) Second value of flare frequency range [/sec]: 1.453310e-06 
(FlareFreq3) Third value of flare frequency range [/sec]: 1.169134e-06 
(FlareFreq4) Fourth value of flare frequency range [/sec]: 9.405243e-07 
(FlareFreqMin) Frequency of the flares with the lowest energy [/sec]: 1.806560e-06 
(FlareFreqMid) Frequency of the flares with the middle energy in the energy range [/sec]: 2.050743e-07 
(FlareFreqMax) Frequency of the flares with the highest energy [/sec]: 2.327931e-08 
(FlareEnergy1) First value of flare energy range [kg*m^2/sec^2]: 5.334000e+25 
(FlareEnergy2) Second value of flare energy range [kg*m^2/sec^2]: 7.534475e+25 
(FlareEnergy3) Third value of flare energy range [kg*m^2/sec^2]: 1.064273e+26 
(FlareEnergy4) Fourth value of flare energy range [kg*m^2/sec^2]: 1.503325e+26 
(FlareEnergyMin) Minimum flare energy [kg*m^2/sec^2]: 5.334000e+25 
(FlareEnergyMid) Middle flare energy in the range of energy values [kg*m^2/sec^2]: 1.686759e+27 
(FlareEnergyMax) Maximum flare energy [kg*m^2/sec^2]: 5.334000e+28 
(FlareYIntOUT) Instantaneous Davenport FFD y-intercept at current age and mass []: 19.810125 
(FlareSlopeOUT) Instantaneous Davenport FFD slope at current age and mass []: -0.629961 

Output Order: Time[year] Luminosity[LSUN] LXUVStellar[LSUN] LXUVFlare[LSUN] LXUVTot[LSUN]
Grid Output Order:

----- BODY: b ----
Active Modules: AtmEsc
Module Bit Sum: 9
Color: 000000
(Mass) Mass [kg]: 9.956697e+24 
(Radius) Radius [m]: 7.153837e+06 
(RadGyra) Radius of Gyration/Moment of Inertia Constant []: 0.500000 
(BodyType) Type of Body (0 == planet) []: 0.000000 
(Density) Average Density [kg/m^3]: 6492.462910 
(HZLimitDryRunaway) Semi-major axis of Dry Runaway HZ Limit [m]: 2.994672e+10 
(HZLimRecVenus) Recent Venus HZ Limit [m]: 2.682470e+10 
(HZLimRunaway) Runaway Greenhouse HZ Limit [m]: 3.537948e+10 
(HZLimMoistGreenhouse) Moist Greenhouse HZ Limit [m]: 3.549348e+10 
(HZLimMaxGreenhouse) Maximum Greenhouse HZ Limit [m]: 6.744312e+10 
(HZLimEarlyMars) Early Mars HZ Limit [m]: 7.355405e+10 
(Instellation) Orbit-averaged INcident STELLar radiATION [kg/sec^3]: 2.684802e+05 
(MeanMotion) Orbital Mean Motion [/sec]: 4.464342e-05 
(OrbPeriod) Orbital Period [sec]: 1.407416e+05 
(SemiMajorAxis) Semi-major Axis [m]: 2.354705e+09 
(LXUVTot) Total XUV Luminosity [kg/sec^3]: -1.000000 
(EscapeVelocity) Escape Velocity [m/sec]: 1.363030e+04 
----- ATMESC PARAMETERS (b)------
(SurfWaterMass) Surface water mass [kg]: 0.000000 
(EnvelopeMass) Envelope mass [kg]: 0.000000 
(OxygenMass) Oxygen mass in the atmosphere [kg]: 0.000000 
(RGLimit) Runaway greenhouse semi-major axis [m]: 3.390570e+10 
(XO) Atomic oxygen mixing ratio in upper atmosphere []: 0.000000 
(EtaO) Oxygen eta parameter (Luger and Barnes 2015) []: 0.000000 
(PlanetRadius) Planet radius [m]: 7.153837e+06 
(OxygenMantleMass) Mass of oxygen in mantle [kg]: 0.000000 
(RadXUV) XUV radius separating hydro. dyn. escape and equilibrium [m]: -1.000000 
(RadSolid) Radius to the solid surface [m]: -1.000000 
(PresXUV) Pressure at base of thermosphere [(null)]: 5.000000 
(ScaleHeight) Scale height in Lehmer & Catling (2016) model [m]: -1.000000 
(ThermTemp) Isothermal atmospheric temperature [K]: 400.000000 
(AtmGasConst) Atmospheric gas constant [(null)]: 4124.000000 
(PresSurf) Surface pressure due to atmosphere [Pa]: -1.000000 
(DEnvMassDt) Envelope Mass Loss Rate [kg/s]: 0.000000 
(FXUV) XUV flux [W/m^2]: 854.944401 
(AtmXAbsEffH2O) XUV atmospheric escape efficiency for H2O []: 0.300000 
(RocheRadius) Roche Lobe Radius [m]: 4.808005e+07 
(BondiRadius) Bondi Radius [m]: 3.387219e+08 
(HEscapeRegime) Integer flag for H envelope escape regime []: 8.000000 
(RRCriticalFlux) Critical XUV Flux that separates RR and energy-limited escape [W/m^2]: 64.111091 
(CrossoverMass) Crossover mass, defines oxygen is escaping if mc > mo [kg]: 0.000000 
(WaterEscapeRegime) What water escape regime the code is currently in []: 8.000000 
(FXUVCRITDRAG) Critical Drag XUV flux [W/m^2]: 0.524676 
(HREFFLUX) The Hydrogen Reference Flux (m^-2 s^-1) [m^-2 s^-1]: 5.339888e+20 
(XO2) Molecular oxygen mixing ratio in atmosphere []: 0.000000 
(XH2O) Water mixing ratio in upper atmosphere []: 0.000000 
(HDiffFlux) The Hydrogen Diffusion Flux (m^-2 s^-1) [m^-2 s^-1]: 2.514346e+17 
(HRefODragMod) Multiply by H ref flux to get flux with drag []: 1.000000 
(KTide) Mass loss enhancement due to stellar gravity []: 0.778462 
(CumulativeXUVFlux) Cumulative XUV flux [W/m^2]: 0.000000 
(RunawayGreenhouseFlux) Incident flux that triggers runaway greenhouse [kg/sec^3]: 1294.782766 
(RGDuration) Runaway Greenhouse Duration [years]: 0.00000e+00

Output Order: Time[year] CumulativeXUVFlux[W/m^2]
Grid Output Order:



---- FINAL SYSTEM PROPERTIES ----
(Age) System Age [sec]: 2.248353e+17 
(Time) Simulation Time [sec]: 2.246542e+17 
(TotAngMom) Total Angular Momentum [kg*m^2/sec]: 1.440166e+42 
(TotEnergy) Total System Energy [kg*m^2/sec^2]: -1.228819e+40 
(PotEnergy) Body's non-orbital Potential Energy [kg*m^2/sec^2]: -4.113897e+40 
(KinEnergy) Body's non-orbital Kinetic Energy [kg*m^2/sec^2]: 6.136817e+32 
(DeltaTime) Average Timestep Over Last Output Interval [sec]: 1.127057e+12 

----- BODY: star ----
Active Modules: FLARE STELLAR
Module Bit Sum: 577
Color: 000000
(Mass) Mass [kg]: 3.898601e+29 
(Radius) Radius [m]: 1.479516e+08 
(RadGyra) Radius of Gyration/Moment of Inertia Constant []: 0.460292 
(RotAngMom) Rotational Angular Momentum [kg*m^2/sec]: 1.489684e+39 
(RotVel) Rotational Velocity [m/sec]: 121.898609 
(BodyType) Type of Body (0 == planet) []: 0.000000 
(RotRate) Rotational Frequency [/sec]: 8.239085e-07 
(RotPer) Rotational Period [sec]: 7.626071e+06 
(Density) Average Density [kg/m^3]: 2.873829e+04 
(HZLimitDryRunaway) Semi-major axis of Dry Runaway HZ Limit [m]: 9.151816e+09 
(HZLimRecVenus) Recent Venus HZ Limit [m]: 8.192618e+09 
(HZLimRunaway) Runaway Greenhouse HZ Limit [m]: 1.080871e+10 
(HZLimMoistGreenhouse) Moist Greenhouse HZ Limit [m]: 1.084018e+10 
(HZLimMaxGreenhouse) Maximum Greenhouse HZ Limit [m]: 2.057093e+10 
(HZLimEarlyMars) Early Mars HZ Limit [m]: 2.243489e+10 
(Instellation) Orbit-averaged INcident STELLar radiATION [kg/sec^3]: -1.000000 
(CriticalSemiMajorAxis) Holman & Wiegert (1999) P-type Critical Semi-major Axis [m]: -1.000000 
(LXUVTot) Total XUV Luminosity [LSUN]: 6.913987e-07 
(LostEnergy) Body's Total Lost Energy [kg*m^2/sec^2]: 2.885084e+40 
(LostAngMom) Lost Angular Momentum due to Magnetic Braking [kg*m^2/sec]: 1.436212e+42 
(EscapeVelocity) Escape Velocity [m/sec]: 5.930779e+05 
----- STELLAR PARAMETERS (star)------
(Luminosity) Luminosity [LSUN]: 0.004543 
(LXUVStellar) Base X-ray/XUV Luminosity [LSUN]: 3.328668e-07 
(Temperature) Effective Temperature [K]: 3249.789078 
(LXUVFrac) Fraction of luminosity in XUV []: 7.327356e-05 
(RossbyNumber) Rossby Number []: 1.483764 
(DRotPerDtStellar) Time Rate of Change of Rotation Period in STELLAR []: 1.783617e-11 
(WindTorque) Stellar Wind Torque []: 3.001638e+21 
----- FLARE PARAMETERS (star)------
(LXUVFlare) XUV Luminosity from flares [LSUN]: 3.585311e-07 
(FlareFreq1) First value of flare frequency range [/sec]: 5.650545e-07 
(FlareFreq2) Second value of flare frequency range [/sec]: 3.881257e-07 
(FlareFreq3) Third value of flare frequency range [/sec]: 2.665965e-07 
(FlareFreq4) Fourth value of flare frequency range [/sec]: 1.831203e-07 
(FlareFreqMin) Frequency of the flares with the lowest energy [/sec]: 5.650545e-07 
(FlareFreqMid) Frequency of the flares with the middle energy in the energy range [/sec]: 1.321025e-08 
(FlareFreqMax) Frequency of the flares with the highest energy [/sec]: 3.088386e-10 
(FlareEnergy1) First value of flare energy range [kg*m^2/sec^2]: 5.334000e+25 
(FlareEnergy2) Second value of flare energy range [kg*m^2/sec^2]: 7.534475e+25 
(FlareEnergy3) Third value of flare energy range [kg*m^2/sec^2]: 1.064273e+26 
(FlareEnergy4) Fourth value of flare energy range [kg*m^2/sec^2]: 1.503325e+26 
(FlareEnergyMin) Minimum flare energy [kg*m^2/sec^2]: 5.334000e+25 
(FlareEnergyMid) Middle flare energy in the range of energy values [kg*m^2/sec^2]: 1.686759e+27 
(FlareEnergyMax) Maximum flare energy [kg*m^2/sec^2]: 5.334000e+28 
(FlareYIntOUT) Instantaneous Davenport FFD y-intercept at current age and mass []: 34.277733 
(FlareSlopeOUT) Instantaneous Davenport FFD slope at current age and mass []: -1.087453 

Output Order: Time[year] Luminosity[LSUN] LXUVStellar[LSUN] LXUVFlare[LSUN] LXUVTot[LSUN]
Grid Output Order:

----- BODY: b ----
Active Modules: AtmEsc
Module Bit Sum: 9
Color: 000000
(Mass) Mass [kg]: 9.956697e+24 
(Radius) Radius [m]: 7.153837e+06 
(RadGyra) Radius of Gyration/Moment of Inertia Constant []: 0.500000 
(BodyType) Type of Body (0 == planet) []: 0.000000 
(Density) Average Density [kg/m^3]: 6492.462910 
(HZLimitDryRunaway) Semi-major axis of Dry Runaway HZ Limit [m]: 9.152267e+09 
(HZLimRecVenus) Recent Venus HZ Limit [m]: 8.192618e+09 
(HZLimRunaway) Runaway Greenhouse HZ Limit [m]: 1.080871e+10 
(HZLimMoistGreenhouse) Moist Greenhouse HZ Limit [m]: 1.084018e+10 
(HZLimMaxGreenhouse) Maximum Greenhouse HZ Limit [m]: 2.057093e+10 
(HZLimEarlyMars) Early Mars HZ Limit [m]: 2.243489e+10 
(Instellation) Orbit-averaged INcident STELLar radiATION [kg/sec^3]: 2.507674e+04 
(MeanMotion) Orbital Mean Motion [/sec]: 4.464342e-05 
(OrbPeriod) Orbital Period [sec]: 1.407416e+05 
(SemiMajorAxis) Semi-major Axis [m]: 2.354705e+09 
(LXUVTot) Total XUV Luminosity [kg/sec^3]: -1.000000 
(EscapeVelocity) Escape Velocity [m/sec]: 1.363030e+04 
----- ATMESC PARAMETERS (b)------
(SurfWaterMass) Surface water mass [kg]: 0.000000 
(EnvelopeMass) Envelope mass [kg]: 0.000000 
(OxygenMass) Oxygen mass in the atmosphere [kg]: 0.000000 
(RGLimit) Runaway greenhouse semi-major axis [m]: 1.035861e+10 
(XO) Atomic oxygen mixing ratio in upper atmosphere []: 0.000000 
(EtaO) Oxygen eta parameter (Luger and Barnes 2015) []: 0.000000 
(PlanetRadius) Planet radius [m]: 7.153837e+06 
(OxygenMantleMass) Mass of oxygen in mantle [kg]: 0.000000 
(RadXUV) XUV radius separating hydro. dyn. escape and equilibrium [m]: -1.000000 
(RadSolid) Radius to the solid surface [m]: -1.000000 
(PresXUV) Pressure at base of thermosphere [(null)]: 5.000000 
(ScaleHeight) Scale height in Lehmer & Catling (2016) model [m]: -1.000000 
(ThermTemp) Isothermal atmospheric temperature [K]: 400.000000 
(AtmGasConst) Atmospheric gas constant [(null)]: 4124.000000 
(PresSurf) Surface pressure due to atmosphere [Pa]: -1.000000 
(DEnvMassDt) Envelope Mass Loss Rate [kg/s]: 0.000000 
(FXUV) XUV flux [W/m^2]: 3.816599 
(AtmXAbsEffH2O) XUV atmospheric escape efficiency for H2O []: 0.300000 
(RocheRadius) Roche Lobe Radius [m]: 4.808005e+07 
(BondiRadius) Bondi Radius [m]: 6.127065e+08 
(HEscapeRegime) Integer flag for H envelope escape regime []: 8.000000 
(RRCriticalFlux) Critical XUV Flux that separates RR and energy-limited escape [W/m^2]: 64.111091 
(CrossoverMass) Crossover mass, defines oxygen is escaping if mc > mo [kg]: 0.000000 
(WaterEscapeRegime) What water escape regime the code is currently in []: 8.000000 
(FXUVCRITDRAG) Critical Drag XUV flux [W/m^2]: 0.524676 
(HREFFLUX) The Hydrogen Reference Flux (m^-2 s^-1) [m^-2 s^-1]: 2.383805e+18 
(XO2) Molecular oxygen mixing ratio in atmosphere []: 0.000000 
(XH2O) Water mixing ratio in upper atmosphere []: 0.000000 
(HDiffFlux) The Hydrogen Diffusion Flux (m^-2 s^-1) [m^-2 s^-1]: 2.514346e+17 
(HRefODragMod) Multiply by H ref flux to get flux with drag []: 1.000000 
(KTide) Mass loss enhancement due to stellar gravity []: 0.778462 
(CumulativeXUVFlux) Cumulative XUV flux [W/m^2]: 3.726223e+18 
(RunawayGreenhouseFlux) Incident flux that triggers runaway greenhouse [kg/sec^3]: 1295.681274 
(RGDuration) Runaway Greenhouse Duration [years]: 0.00000e+00

Output Order: Time[year] CumulativeXUVFlux[W/m^2]
Grid Output Order:
