-------- Log file gj1132.log -------

Executable: /home/vplanet/.local/bin/vplanet
Version: Unknown
System Name: gj1132
Primary Input File: vpl.in
Body File #1: star.in
Body File #2: b.in
Allow files to be overwitten: Yes
Mass Units: Grams
Length Units: Meters
Time Units: Seconds
Angle Units: Radians

------- FORMATTING -----
Verbosity Level: 5
Crossover Decade for Scientific Notation: 4
Number of Digits After Decimal: 6
Integration Method: Runge-Kutta4
Direction: Forward
Time Step: 3.155760e+07
Stop Time: 2.254931e+17
Output Interval: 3.155760e+13
Use Variable Timestep: Yes
dEta: 0.010000
Minimum Value of ecc and obl: 1.000000e-10


---- INITIAL SYSTEM PROPERTIES ----
(Age) System Age [sec]: 1.731798e+14 
(Time) Simulation Time [sec]: 0.000000 
(TotAngMom) Total Angular Momentum [kg*m^2/sec]: 1.515823e+42 
(TotEnergy) Total System Energy [kg*m^2/sec^2]: -1.216197e+40 
(PotEnergy) Body's non-orbital Potential Energy [kg*m^2/sec^2]: -1.221695e+40 
(KinEnergy) Body's non-orbital Kinetic Energy [kg*m^2/sec^2]: 5.502859e+37 
(DeltaTime) Average Timestep Over Last Output Interval [sec]: 0.000000 

----- BODY: star ----
Active Modules: FLARE STELLAR
Module Bit Sum: 577
Color: 000000
(Mass) Mass [kg]: 3.924690e+29 
(Radius) Radius [m]: 5.048982e+08 
(RadGyra) Radius of Gyration/Moment of Inertia Constant []: 0.456075 
(RotAngMom) Rotational Angular Momentum [kg*m^2/sec]: 1.513395e+42 
(RotVel) Rotational Velocity [m/sec]: 3.671723e+04 
(BodyType) Type of Body (0 == planet) []: 0.000000 
(RotRate) Rotational Frequency [/sec]: 7.272205e-05 
(RotPer) Rotational Period [sec]: 8.640000e+04 
(Density) Average Density [kg/m^3]: 727.956433 
(HZLimitDryRunaway) Semi-major axis of Dry Runaway HZ Limit [m]: 3.062922e+10 
(HZLimRecVenus) Recent Venus HZ Limit [m]: 2.743592e+10 
(HZLimRunaway) Runaway Greenhouse HZ Limit [m]: 3.618654e+10 
(HZLimMoistGreenhouse) Moist Greenhouse HZ Limit [m]: 3.630223e+10 
(HZLimMaxGreenhouse) Maximum Greenhouse HZ Limit [m]: 6.897254e+10 
(HZLimEarlyMars) Early Mars HZ Limit [m]: 7.522206e+10 
(Instellation) Orbit-averaged INcident STELLar radiATION [kg/sec^3]: -1.000000 
(CriticalSemiMajorAxis) Holman & Wiegert (1999) P-type Critical Semi-major Axis [m]: -1.000000 
(LXUVTot) Total XUV Luminosity [LSUN]: 0.000131 
(LostEnergy) Body's Total Lost Energy [kg*m^2/sec^2]: 5.562685e-309 
(LostAngMom) Lost Angular Momentum due to Magnetic Braking [kg*m^2/sec]: 5.562685e-309 
(EscapeVelocity) Escape Velocity [m/sec]: 3.221202e+05 
----- STELLAR PARAMETERS (star)------
(Luminosity) Luminosity [LSUN]: 0.050884 
(LXUVStellar) Base X-ray/XUV Luminosity [LSUN]: 0.000130 
(Temperature) Effective Temperature [K]: 3218.093762 
(LXUVFrac) Fraction of luminosity in XUV []: 0.002556 
(RossbyNumber) Rossby Number []: 0.016540 
(DRotPerDtStellar) Time Rate of Change of Rotation Period in STELLAR []: -1.194469e-10 
(WindTorque) Stellar Wind Torque []: 4.376217e+27 
----- FLARE PARAMETERS (star)------
(LXUVFlare) XUV Luminosity from flares [LSUN]: 7.926406e-07 
(FlareFreq1) First value of flare frequency range [/sec]: 3.175104e-05 
(FlareFreq2) Second value of flare frequency range [/sec]: 2.750880e-05 
(FlareFreq3) Third value of flare frequency range [/sec]: 2.383336e-05 
(FlareFreq4) Fourth value of flare frequency range [/sec]: 2.064900e-05 
(FlareFreqMin) Frequency of the flares with the lowest energy [/sec]: 3.175104e-05 
(FlareFreqMid) Frequency of the flares with the middle energy in the energy range [/sec]: 7.566493e-06 
(FlareFreqMax) Frequency of the flares with the highest energy [/sec]: 1.803148e-06 
(FlareEnergy1) First value of flare energy range [kg*m^2/sec^2]: 5.334000e+23 
(FlareEnergy2) Second value of flare energy range [kg*m^2/sec^2]: 6.715108e+23 
(FlareEnergy3) Third value of flare energy range [kg*m^2/sec^2]: 8.453820e+23 
(FlareEnergy4) Fourth value of flare energy range [kg*m^2/sec^2]: 1.064273e+24 
(FlareEnergyMin) Minimum flare energy [kg*m^2/sec^2]: 5.334000e+23 
(FlareEnergyMid) Middle flare energy in the range of energy values [kg*m^2/sec^2]: 5.334000e+24 
(FlareEnergyMax) Maximum flare energy [kg*m^2/sec^2]: 5.334000e+25 
(FlareYIntOUT) Instantaneous Davenport FFD y-intercept at current age and mass []: 19.577024 
(FlareSlopeOUT) Instantaneous Davenport FFD slope at current age and mass []: -0.622863 

Output Order: Time[year] Luminosity[LSUN] LXUVStellar[LSUN] LXUVFlare[LSUN] LXUVTot[LSUN]
Grid Output Order:

----- BODY: b ----
Active Modules: AtmEsc
Module Bit Sum: 9
Color: 000000
(Mass) Mass [kg]: 9.765285e+24 
(Radius) Radius [m]: 7.052017e+06 
(RadGyra) Radius of Gyration/Moment of Inertia Constant []: 0.500000 
(BodyType) Type of Body (0 == planet) []: 0.000000 
(Density) Average Density [kg/m^3]: 6647.468050 
(HZLimitDryRunaway) Semi-major axis of Dry Runaway HZ Limit [m]: 3.062968e+10 
(HZLimRecVenus) Recent Venus HZ Limit [m]: 2.743592e+10 
(HZLimRunaway) Runaway Greenhouse HZ Limit [m]: 3.618654e+10 
(HZLimMoistGreenhouse) Moist Greenhouse HZ Limit [m]: 3.630223e+10 
(HZLimMaxGreenhouse) Maximum Greenhouse HZ Limit [m]: 6.897254e+10 
(HZLimEarlyMars) Early Mars HZ Limit [m]: 7.522206e+10 
(Instellation) Orbit-averaged INcident STELLar radiATION [kg/sec^3]: 2.796418e+05 
(MeanMotion) Orbital Mean Motion [/sec]: 4.464491e-05 
(OrbPeriod) Orbital Period [sec]: 1.407369e+05 
(SemiMajorAxis) Semi-major Axis [m]: 2.359893e+09 
(LXUVTot) Total XUV Luminosity [kg/sec^3]: -1.000000 
(EscapeVelocity) Escape Velocity [m/sec]: 1.359574e+04 
----- ATMESC PARAMETERS (b)------
(SurfWaterMass) Surface water mass [kg]: 0.000000 
(EnvelopeMass) Envelope mass [kg]: 0.000000 
(OxygenMass) Oxygen mass in the atmosphere [kg]: 0.000000 
(RGLimit) Runaway greenhouse semi-major axis [m]: 3.469531e+10 
(XO) Atomic oxygen mixing ratio in upper atmosphere []: 0.000000 
(EtaO) Oxygen eta parameter (Luger and Barnes 2015) []: 0.000000 
(PlanetRadius) Planet radius [m]: 7.052017e+06 
(OxygenMantleMass) Mass of oxygen in mantle [kg]: 0.000000 
(RadXUV) XUV radius separating hydro. dyn. escape and equilibrium [m]: -1.000000 
(RadSolid) Radius to the solid surface [m]: -1.000000 
(PresXUV) Pressure at base of thermosphere [(null)]: 5.000000 
(ScaleHeight) Scale height in Lehmer & Catling (2016) model [m]: -1.000000 
(ThermTemp) Isothermal atmospheric temperature [K]: 400.000000 
(AtmGasConst) Atmospheric gas constant [(null)]: 4124.000000 
(PresSurf) Surface pressure due to atmosphere [Pa]: -1.000000 
(DEnvMassDt) Envelope Mass Loss Rate [kg/s]: 0.000000 
(FXUV) XUV flux [W/m^2]: 719.187941 
(AtmXAbsEffH2O) XUV atmospheric escape efficiency for H2O []: 0.300000 
(RocheRadius) Roche Lobe Radius [m]: 4.776887e+07 
(BondiRadius) Bondi Radius [m]: 3.281396e+08 
(HEscapeRegime) Integer flag for H envelope escape regime []: 8.000000 
(RRCriticalFlux) Critical XUV Flux that separates RR and energy-limited escape [W/m^2]: 64.662136 
(CrossoverMass) Crossover mass, defines oxygen is escaping if mc > mo [kg]: 0.000000 
(WaterEscapeRegime) What water escape regime the code is currently in []: 8.000000 
(FXUVCRITDRAG) Critical Drag XUV flux [W/m^2]: 0.526875 
(HREFFLUX) The Hydrogen Reference Flux (m^-2 s^-1) [m^-2 s^-1]: 4.504962e+20 
(XO2) Molecular oxygen mixing ratio in atmosphere []: 0.000000 
(XH2O) Water mixing ratio in upper atmosphere []: 0.000000 
(HDiffFlux) The Hydrogen Diffusion Flux (m^-2 s^-1) [m^-2 s^-1]: 2.537734e+17 
(HRefODragMod) Multiply by H ref flux to get flux with drag []: 1.000000 
(KTide) Mass loss enhancement due to stellar gravity []: 0.780167 
(CumulativeXUVFlux) Cumulative XUV flux [W/m^2]: 0.000000 
(RunawayGreenhouseFlux) Incident flux that triggers runaway greenhouse [kg/sec^3]: 1293.695677 
(RGDuration) Runaway Greenhouse Duration [years]: 0.00000e+00

Output Order: Time[year] CumulativeXUVFlux[W/m^2]
Grid Output Order:



---- FINAL SYSTEM PROPERTIES ----
(Age) System Age [sec]: 2.256838e+17 
(Time) Simulation Time [sec]: 2.255106e+17 
(TotAngMom) Total Angular Momentum [kg*m^2/sec]: 1.519017e+42 
(TotEnergy) Total System Energy [kg*m^2/sec^2]: -1.215886e+40 
(PotEnergy) Body's non-orbital Potential Energy [kg*m^2/sec^2]: -4.131456e+40 
(KinEnergy) Body's non-orbital Kinetic Energy [kg*m^2/sec^2]: 6.161746e+32 
(DeltaTime) Average Timestep Over Last Output Interval [sec]: 1.577880e+13 

----- BODY: star ----
Active Modules: FLARE STELLAR
Module Bit Sum: 577
Color: 000000
(Mass) Mass [kg]: 3.924690e+29 
(Radius) Radius [m]: 1.493012e+08 
(RadGyra) Radius of Gyration/Moment of Inertia Constant []: 0.460232 
(RotAngMom) Rotational Angular Momentum [kg*m^2/sec]: 1.511157e+39 
(RotVel) Rotational Velocity [m/sec]: 121.755220 
(BodyType) Type of Body (0 == planet) []: 0.000000 
(RotRate) Rotational Frequency [/sec]: 8.155005e-07 
(RotPer) Rotational Period [sec]: 7.704698e+06 
(Density) Average Density [kg/m^3]: 2.815313e+04 
(HZLimitDryRunaway) Semi-major axis of Dry Runaway HZ Limit [m]: 9.252142e+09 
(HZLimRecVenus) Recent Venus HZ Limit [m]: 8.281755e+09 
(HZLimRunaway) Runaway Greenhouse HZ Limit [m]: 1.092672e+10 
(HZLimMoistGreenhouse) Moist Greenhouse HZ Limit [m]: 1.095812e+10 
(HZLimMaxGreenhouse) Maximum Greenhouse HZ Limit [m]: 2.079145e+10 
(HZLimEarlyMars) Early Mars HZ Limit [m]: 2.267540e+10 
(Instellation) Orbit-averaged INcident STELLar radiATION [kg/sec^3]: -1.000000 
(CriticalSemiMajorAxis) Holman & Wiegert (1999) P-type Critical Semi-major Axis [m]: -1.000000 
(LXUVTot) Total XUV Luminosity [LSUN]: 5.768789e-07 
(LostEnergy) Body's Total Lost Energy [kg*m^2/sec^2]: 2.915575e+40 
(LostAngMom) Lost Angular Momentum due to Magnetic Braking [kg*m^2/sec]: 1.515078e+42 
(EscapeVelocity) Escape Velocity [m/sec]: 5.923634e+05 
----- STELLAR PARAMETERS (star)------
(Luminosity) Luminosity [LSUN]: 0.004643 
(LXUVStellar) Base X-ray/XUV Luminosity [LSUN]: 1.964878e-07 
(Temperature) Effective Temperature [K]: 3253.932899 
(LXUVFrac) Fraction of luminosity in XUV []: 4.231967e-05 
(RossbyNumber) Rossby Number []: 1.502247 
(DRotPerDtStellar) Time Rate of Change of Rotation Period in STELLAR []: 1.713103e-11 
(WindTorque) Stellar Wind Torque []: 2.979792e+21 
----- FLARE PARAMETERS (star)------
(LXUVFlare) XUV Luminosity from flares [LSUN]: 3.803869e-07 
(FlareFreq1) First value of flare frequency range [/sec]: 8.231002e-05 
(FlareFreq2) Second value of flare frequency range [/sec]: 6.413547e-05 
(FlareFreq3) Third value of flare frequency range [/sec]: 4.997397e-05 
(FlareFreq4) Fourth value of flare frequency range [/sec]: 3.893942e-05 
(FlareFreqMin) Frequency of the flares with the lowest energy [/sec]: 8.231002e-05 
(FlareFreqMid) Frequency of the flares with the middle energy in the energy range [/sec]: 6.790607e-06 
(FlareFreqMax) Frequency of the flares with the highest energy [/sec]: 5.602276e-07 
(FlareEnergy1) First value of flare energy range [kg*m^2/sec^2]: 5.334000e+23 
(FlareEnergy2) Second value of flare energy range [kg*m^2/sec^2]: 6.715108e+23 
(FlareEnergy3) Third value of flare energy range [kg*m^2/sec^2]: 8.453820e+23 
(FlareEnergy4) Fourth value of flare energy range [kg*m^2/sec^2]: 1.064273e+24 
(FlareEnergyMin) Minimum flare energy [kg*m^2/sec^2]: 5.334000e+23 
(FlareEnergyMid) Middle flare energy in the range of energy values [kg*m^2/sec^2]: 5.334000e+24 
(FlareEnergyMax) Maximum flare energy [kg*m^2/sec^2]: 5.334000e+25 
(FlareYIntOUT) Instantaneous Davenport FFD y-intercept at current age and mass []: 34.146083 
(FlareSlopeOUT) Instantaneous Davenport FFD slope at current age and mass []: -1.083544 

Output Order: Time[year] Luminosity[LSUN] LXUVStellar[LSUN] LXUVFlare[LSUN] LXUVTot[LSUN]
Grid Output Order:

----- BODY: b ----
Active Modules: AtmEsc
Module Bit Sum: 9
Color: 000000
(Mass) Mass [kg]: 9.765285e+24 
(Radius) Radius [m]: 7.052017e+06 
(RadGyra) Radius of Gyration/Moment of Inertia Constant []: 0.500000 
(BodyType) Type of Body (0 == planet) []: 0.000000 
(Density) Average Density [kg/m^3]: 6647.468050 
(HZLimitDryRunaway) Semi-major axis of Dry Runaway HZ Limit [m]: 9.252280e+09 
(HZLimRecVenus) Recent Venus HZ Limit [m]: 8.281755e+09 
(HZLimRunaway) Runaway Greenhouse HZ Limit [m]: 1.092672e+10 
(HZLimMoistGreenhouse) Moist Greenhouse HZ Limit [m]: 1.095812e+10 
(HZLimMaxGreenhouse) Maximum Greenhouse HZ Limit [m]: 2.079145e+10 
(HZLimEarlyMars) Early Mars HZ Limit [m]: 2.267540e+10 
(Instellation) Orbit-averaged INcident STELLar radiATION [kg/sec^3]: 2.551612e+04 
(MeanMotion) Orbital Mean Motion [/sec]: 4.464491e-05 
(OrbPeriod) Orbital Period [sec]: 1.407369e+05 
(SemiMajorAxis) Semi-major Axis [m]: 2.359893e+09 
(LXUVTot) Total XUV Luminosity [kg/sec^3]: -1.000000 
(EscapeVelocity) Escape Velocity [m/sec]: 1.359574e+04 
----- ATMESC PARAMETERS (b)------
(SurfWaterMass) Surface water mass [kg]: 0.000000 
(EnvelopeMass) Envelope mass [kg]: 0.000000 
(OxygenMass) Oxygen mass in the atmosphere [kg]: 0.000000 
(RGLimit) Runaway greenhouse semi-major axis [m]: 1.047660e+10 
(XO) Atomic oxygen mixing ratio in upper atmosphere []: 0.000000 
(EtaO) Oxygen eta parameter (Luger and Barnes 2015) []: 0.000000 
(PlanetRadius) Planet radius [m]: 7.052017e+06 
(OxygenMantleMass) Mass of oxygen in mantle [kg]: 0.000000 
(RadXUV) XUV radius separating hydro. dyn. escape and equilibrium [m]: -1.000000 
(RadSolid) Radius to the solid surface [m]: -1.000000 
(PresXUV) Pressure at base of thermosphere [(null)]: 5.000000 
(ScaleHeight) Scale height in Lehmer & Catling (2016) model [m]: -1.000000 
(ThermTemp) Isothermal atmospheric temperature [K]: 400.000000 
(AtmGasConst) Atmospheric gas constant [(null)]: 4124.000000 
(PresSurf) Surface pressure due to atmosphere [Pa]: -1.000000 
(DEnvMassDt) Envelope Mass Loss Rate [kg/s]: 0.000000 
(FXUV) XUV flux [W/m^2]: 3.170342 
(AtmXAbsEffH2O) XUV atmospheric escape efficiency for H2O []: 0.300000 
(RocheRadius) Roche Lobe Radius [m]: 4.776887e+07 
(BondiRadius) Bondi Radius [m]: 5.967865e+08 
(HEscapeRegime) Integer flag for H envelope escape regime []: 8.000000 
(RRCriticalFlux) Critical XUV Flux that separates RR and energy-limited escape [W/m^2]: 64.662136 
(CrossoverMass) Crossover mass, defines oxygen is escaping if mc > mo [kg]: 0.000000 
(WaterEscapeRegime) What water escape regime the code is currently in []: 8.000000 
(FXUVCRITDRAG) Critical Drag XUV flux [W/m^2]: 0.526875 
(HREFFLUX) The Hydrogen Reference Flux (m^-2 s^-1) [m^-2 s^-1]: 1.985888e+18 
(XO2) Molecular oxygen mixing ratio in atmosphere []: 0.000000 
(XH2O) Water mixing ratio in upper atmosphere []: 0.000000 
(HDiffFlux) The Hydrogen Diffusion Flux (m^-2 s^-1) [m^-2 s^-1]: 2.537734e+17 
(HRefODragMod) Multiply by H ref flux to get flux with drag []: 1.000000 
(KTide) Mass loss enhancement due to stellar gravity []: 0.780167 
(CumulativeXUVFlux) Cumulative XUV flux [W/m^2]: 2.722868e+18 
(RunawayGreenhouseFlux) Incident flux that triggers runaway greenhouse [kg/sec^3]: 1294.630612 
(RGDuration) Runaway Greenhouse Duration [years]: 0.00000e+00

Output Order: Time[year] CumulativeXUVFlux[W/m^2]
Grid Output Order:
