-------- Log file gj1132.log -------

Executable: /home/vplanet/.local/bin/vplanet
Version: Unknown
System Name: gj1132
Primary Input File: vpl.in
Body File #1: star.in
Body File #2: b.in
Allow files to be overwitten: Yes
Mass Units: Grams
Length Units: Meters
Time Units: Seconds
Angle Units: Radians

------- FORMATTING -----
Verbosity Level: 5
Crossover Decade for Scientific Notation: 4
Number of Digits After Decimal: 6
Integration Method: Runge-Kutta4
Direction: Forward
Time Step: 3.155760e+07
Stop Time: 2.254459e+17
Output Interval: 3.155760e+13
Use Variable Timestep: Yes
dEta: 0.010000
Minimum Value of ecc and obl: 1.000000e-10


---- INITIAL SYSTEM PROPERTIES ----
(Age) System Age [sec]: 1.692832e+14 
(Time) Simulation Time [sec]: 0.000000 
(TotAngMom) Total Angular Momentum [kg*m^2/sec]: 1.414523e+42 
(TotEnergy) Total System Energy [kg*m^2/sec^2]: -1.129608e+40 
(PotEnergy) Body's non-orbital Potential Energy [kg*m^2/sec^2]: -1.134737e+40 
(KinEnergy) Body's non-orbital Kinetic Energy [kg*m^2/sec^2]: 5.134677e+37 
(DeltaTime) Average Timestep Over Last Output Interval [sec]: 0.000000 

----- BODY: star ----
Active Modules: FLARE STELLAR
Module Bit Sum: 577
Color: 000000
(Mass) Mass [kg]: 3.757820e+29 
(Radius) Radius [m]: 4.983475e+08 
(RadGyra) Radius of Gyration/Moment of Inertia Constant []: 0.456147 
(RotAngMom) Rotational Angular Momentum [kg*m^2/sec]: 1.412138e+42 
(RotVel) Rotational Velocity [m/sec]: 3.624085e+04 
(BodyType) Type of Body (0 == planet) []: 0.000000 
(RotRate) Rotational Frequency [/sec]: 7.272205e-05 
(RotPer) Rotational Period [sec]: 8.640000e+04 
(Density) Average Density [kg/m^3]: 724.853856 
(HZLimitDryRunaway) Semi-major axis of Dry Runaway HZ Limit [m]: 2.989287e+10 
(HZLimRecVenus) Recent Venus HZ Limit [m]: 2.678609e+10 
(HZLimRunaway) Runaway Greenhouse HZ Limit [m]: 3.532347e+10 
(HZLimMoistGreenhouse) Moist Greenhouse HZ Limit [m]: 3.544240e+10 
(HZLimMaxGreenhouse) Maximum Greenhouse HZ Limit [m]: 6.738745e+10 
(HZLimEarlyMars) Early Mars HZ Limit [m]: 7.349326e+10 
(Instellation) Orbit-averaged INcident STELLar radiATION [kg/sec^3]: -1.000000 
(CriticalSemiMajorAxis) Holman & Wiegert (1999) P-type Critical Semi-major Axis [m]: -1.000000 
(LXUVTot) Total XUV Luminosity [LSUN]: 0.000543 
(LostEnergy) Body's Total Lost Energy [kg*m^2/sec^2]: 5.562685e-309 
(LostAngMom) Lost Angular Momentum due to Magnetic Braking [kg*m^2/sec]: 5.562685e-309 
(EscapeVelocity) Escape Velocity [m/sec]: 3.172627e+05 
----- STELLAR PARAMETERS (star)------
(Luminosity) Luminosity [LSUN]: 0.048467 
(LXUVStellar) Base X-ray/XUV Luminosity [LSUN]: 0.000532 
(Temperature) Effective Temperature [K]: 3199.158730 
(LXUVFrac) Fraction of luminosity in XUV []: 0.010972 
(RossbyNumber) Rossby Number []: 0.016380 
(DRotPerDtStellar) Time Rate of Change of Rotation Period in STELLAR []: -1.150854e-10 
(WindTorque) Stellar Wind Torque []: 4.201752e+27 
----- FLARE PARAMETERS (star)------
(LXUVFlare) XUV Luminosity from flares [LSUN]: 1.141641e-05 
(FlareFreq1) First value of flare frequency range [/sec]: 1.797420e-06 
(FlareFreq2) Second value of flare frequency range [/sec]: 1.447586e-06 
(FlareFreq3) Third value of flare frequency range [/sec]: 1.165841e-06 
(FlareFreq4) Fourth value of flare frequency range [/sec]: 9.389316e-07 
(FlareFreqMin) Frequency of the flares with the lowest energy [/sec]: 1.797420e-06 
(FlareFreqMid) Frequency of the flares with the middle energy in the energy range [/sec]: 2.063468e-07 
(FlareFreqMax) Frequency of the flares with the highest energy [/sec]: 2.368895e-08 
(FlareEnergy1) First value of flare energy range [kg*m^2/sec^2]: 5.334000e+25 
(FlareEnergy2) Second value of flare energy range [kg*m^2/sec^2]: 7.534475e+25 
(FlareEnergy3) Third value of flare energy range [kg*m^2/sec^2]: 1.064273e+26 
(FlareEnergy4) Fourth value of flare energy range [kg*m^2/sec^2]: 1.503325e+26 
(FlareEnergyMin) Minimum flare energy [kg*m^2/sec^2]: 5.334000e+25 
(FlareEnergyMid) Middle flare energy in the range of energy values [kg*m^2/sec^2]: 1.686759e+27 
(FlareEnergyMax) Maximum flare energy [kg*m^2/sec^2]: 5.334000e+28 
(FlareYIntOUT) Instantaneous Davenport FFD y-intercept at current age and mass []: 19.701248 
(FlareSlopeOUT) Instantaneous Davenport FFD slope at current age and mass []: -0.626701 

Output Order: Time[year] Luminosity[LSUN] LXUVStellar[LSUN] LXUVFlare[LSUN] LXUVTot[LSUN]
Grid Output Order:

----- BODY: b ----
Active Modules: AtmEsc
Module Bit Sum: 9
Color: 000000
(Mass) Mass [kg]: 9.877955e+24 
(Radius) Radius [m]: 7.279238e+06 
(RadGyra) Radius of Gyration/Moment of Inertia Constant []: 0.500000 
(BodyType) Type of Body (0 == planet) []: 0.000000 
(Density) Average Density [kg/m^3]: 6113.933667 
(HZLimitDryRunaway) Semi-major axis of Dry Runaway HZ Limit [m]: 2.989297e+10 
(HZLimRecVenus) Recent Venus HZ Limit [m]: 2.678609e+10 
(HZLimRunaway) Runaway Greenhouse HZ Limit [m]: 3.532347e+10 
(HZLimMoistGreenhouse) Moist Greenhouse HZ Limit [m]: 3.544240e+10 
(HZLimMaxGreenhouse) Maximum Greenhouse HZ Limit [m]: 6.738745e+10 
(HZLimEarlyMars) Early Mars HZ Limit [m]: 7.349326e+10 
(Instellation) Orbit-averaged INcident STELLar radiATION [kg/sec^3]: 2.741747e+05 
(MeanMotion) Orbital Mean Motion [/sec]: 4.464398e-05 
(OrbPeriod) Orbital Period [sec]: 1.407398e+05 
(SemiMajorAxis) Semi-major Axis [m]: 2.325994e+09 
(LXUVTot) Total XUV Luminosity [kg/sec^3]: -1.000000 
(EscapeVelocity) Escape Velocity [m/sec]: 1.345884e+04 
----- ATMESC PARAMETERS (b)------
(SurfWaterMass) Surface water mass [kg]: 0.000000 
(EnvelopeMass) Envelope mass [kg]: 0.000000 
(OxygenMass) Oxygen mass in the atmosphere [kg]: 0.000000 
(RGLimit) Runaway greenhouse semi-major axis [m]: 3.385883e+10 
(XO) Atomic oxygen mixing ratio in upper atmosphere []: 0.000000 
(EtaO) Oxygen eta parameter (Luger and Barnes 2015) []: 0.000000 
(PlanetRadius) Planet radius [m]: 7.279238e+06 
(OxygenMantleMass) Mass of oxygen in mantle [kg]: 0.000000 
(RadXUV) XUV radius separating hydro. dyn. escape and equilibrium [m]: -1.000000 
(RadSolid) Radius to the solid surface [m]: -1.000000 
(PresXUV) Pressure at base of thermosphere [(null)]: 5.000000 
(ScaleHeight) Scale height in Lehmer & Catling (2016) model [m]: -1.000000 
(ThermTemp) Isothermal atmospheric temperature [K]: 400.000000 
(AtmGasConst) Atmospheric gas constant [(null)]: 4124.000000 
(PresSurf) Surface pressure due to atmosphere [Pa]: -1.000000 
(DEnvMassDt) Envelope Mass Loss Rate [kg/s]: 0.000000 
(FXUV) XUV flux [W/m^2]: 3072.927658 
(AtmXAbsEffH2O) XUV atmospheric escape efficiency for H2O []: 0.300000 
(RocheRadius) Roche Lobe Radius [m]: 4.795257e+07 
(BondiRadius) Bondi Radius [m]: 3.385176e+08 
(HEscapeRegime) Integer flag for H envelope escape regime []: 8.000000 
(RRCriticalFlux) Critical XUV Flux that separates RR and energy-limited escape [W/m^2]: 59.218476 
(CrossoverMass) Crossover mass, defines oxygen is escaping if mc > mo [kg]: 0.000000 
(WaterEscapeRegime) What water escape regime the code is currently in []: 8.000000 
(FXUVCRITDRAG) Critical Drag XUV flux [W/m^2]: 0.490178 
(HREFFLUX) The Hydrogen Reference Flux (m^-2 s^-1) [m^-2 s^-1]: 1.979754e+21 
(XO2) Molecular oxygen mixing ratio in atmosphere []: 0.000000 
(XH2O) Water mixing ratio in upper atmosphere []: 0.000000 
(HDiffFlux) The Hydrogen Diffusion Flux (m^-2 s^-1) [m^-2 s^-1]: 2.409257e+17 
(HRefODragMod) Multiply by H ref flux to get flux with drag []: 1.000000 
(KTide) Mass loss enhancement due to stellar gravity []: 0.774048 
(CumulativeXUVFlux) Cumulative XUV flux [W/m^2]: 0.000000 
(RunawayGreenhouseFlux) Incident flux that triggers runaway greenhouse [kg/sec^3]: 1293.892367 
(RGDuration) Runaway Greenhouse Duration [years]: 0.00000e+00

Output Order: Time[year] CumulativeXUVFlux[W/m^2]
Grid Output Order:



---- FINAL SYSTEM PROPERTIES ----
(Age) System Age [sec]: 2.256168e+17 
(Time) Simulation Time [sec]: 2.254475e+17 
(TotAngMom) Total Angular Momentum [kg*m^2/sec]: 1.414581e+42 
(TotEnergy) Total System Energy [kg*m^2/sec^2]: -1.129853e+40 
(PotEnergy) Body's non-orbital Potential Energy [kg*m^2/sec^2]: -3.966887e+40 
(KinEnergy) Body's non-orbital Kinetic Energy [kg*m^2/sec^2]: 5.846481e+32 
(DeltaTime) Average Timestep Over Last Output Interval [sec]: 1.577880e+13 

----- BODY: star ----
Active Modules: FLARE STELLAR
Module Bit Sum: 577
Color: 000000
(Mass) Mass [kg]: 3.757820e+29 
(Radius) Radius [m]: 1.425534e+08 
(RadGyra) Radius of Gyration/Moment of Inertia Constant []: 0.460564 
(RotAngMom) Rotational Angular Momentum [kg*m^2/sec]: 1.376252e+39 
(RotVel) Rotational Velocity [m/sec]: 121.116807 
(BodyType) Type of Body (0 == planet) []: 0.000000 
(RotRate) Rotational Frequency [/sec]: 8.496239e-07 
(RotPer) Rotational Period [sec]: 7.395255e+06 
(Density) Average Density [kg/m^3]: 3.096807e+04 
(HZLimitDryRunaway) Semi-major axis of Dry Runaway HZ Limit [m]: 8.732001e+09 
(HZLimRecVenus) Recent Venus HZ Limit [m]: 7.819667e+09 
(HZLimRunaway) Runaway Greenhouse HZ Limit [m]: 1.031493e+10 
(HZLimMoistGreenhouse) Moist Greenhouse HZ Limit [m]: 1.034670e+10 
(HZLimMaxGreenhouse) Maximum Greenhouse HZ Limit [m]: 1.964854e+10 
(HZLimEarlyMars) Early Mars HZ Limit [m]: 2.142889e+10 
(Instellation) Orbit-averaged INcident STELLar radiATION [kg/sec^3]: -1.000000 
(CriticalSemiMajorAxis) Holman & Wiegert (1999) P-type Critical Semi-major Axis [m]: -1.000000 
(LXUVTot) Total XUV Luminosity [LSUN]: 1.611044e-06 
(LostEnergy) Body's Total Lost Energy [kg*m^2/sec^2]: 2.837039e+40 
(LostAngMom) Lost Angular Momentum due to Magnetic Braking [kg*m^2/sec]: 1.410819e+42 
(EscapeVelocity) Escape Velocity [m/sec]: 5.931934e+05 
----- STELLAR PARAMETERS (star)------
(Luminosity) Luminosity [LSUN]: 0.004136 
(LXUVStellar) Base X-ray/XUV Luminosity [LSUN]: 1.258635e-06 
(Temperature) Effective Temperature [K]: 3231.052966 
(LXUVFrac) Fraction of luminosity in XUV []: 0.000304 
(RossbyNumber) Rossby Number []: 1.425114 
(DRotPerDtStellar) Time Rate of Change of Rotation Period in STELLAR []: 1.729774e-11 
(WindTorque) Stellar Wind Torque []: 2.942080e+21 
----- FLARE PARAMETERS (star)------
(LXUVFlare) XUV Luminosity from flares [LSUN]: 3.523879e-07 
(FlareFreq1) First value of flare frequency range [/sec]: 5.638842e-07 
(FlareFreq2) Second value of flare frequency range [/sec]: 3.868364e-07 
(FlareFreq3) Third value of flare frequency range [/sec]: 2.653778e-07 
(FlareFreq4) Fourth value of flare frequency range [/sec]: 1.820548e-07 
(FlareFreqMin) Frequency of the flares with the lowest energy [/sec]: 5.638842e-07 
(FlareFreqMid) Frequency of the flares with the middle energy in the energy range [/sec]: 1.301858e-08 
(FlareFreqMax) Frequency of the flares with the highest energy [/sec]: 3.005644e-10 
(FlareEnergy1) First value of flare energy range [kg*m^2/sec^2]: 5.334000e+25 
(FlareEnergy2) Second value of flare energy range [kg*m^2/sec^2]: 7.534475e+25 
(FlareEnergy3) Third value of flare energy range [kg*m^2/sec^2]: 1.064273e+26 
(FlareEnergy4) Fourth value of flare energy range [kg*m^2/sec^2]: 1.503325e+26 
(FlareEnergyMin) Minimum flare energy [kg*m^2/sec^2]: 5.334000e+25 
(FlareEnergyMid) Middle flare energy in the range of energy values [kg*m^2/sec^2]: 1.686759e+27 
(FlareEnergyMax) Maximum flare energy [kg*m^2/sec^2]: 5.334000e+28 
(FlareYIntOUT) Instantaneous Davenport FFD y-intercept at current age and mass []: 34.395671 
(FlareSlopeOUT) Instantaneous Davenport FFD slope at current age and mass []: -1.091084 

Output Order: Time[year] Luminosity[LSUN] LXUVStellar[LSUN] LXUVFlare[LSUN] LXUVTot[LSUN]
Grid Output Order:

----- BODY: b ----
Active Modules: AtmEsc
Module Bit Sum: 9
Color: 000000
(Mass) Mass [kg]: 9.877955e+24 
(Radius) Radius [m]: 7.279238e+06 
(RadGyra) Radius of Gyration/Moment of Inertia Constant []: 0.500000 
(BodyType) Type of Body (0 == planet) []: 0.000000 
(Density) Average Density [kg/m^3]: 6113.933667 
(HZLimitDryRunaway) Semi-major axis of Dry Runaway HZ Limit [m]: 8.732029e+09 
(HZLimRecVenus) Recent Venus HZ Limit [m]: 7.819667e+09 
(HZLimRunaway) Runaway Greenhouse HZ Limit [m]: 1.031493e+10 
(HZLimMoistGreenhouse) Moist Greenhouse HZ Limit [m]: 1.034670e+10 
(HZLimMaxGreenhouse) Maximum Greenhouse HZ Limit [m]: 1.964854e+10 
(HZLimEarlyMars) Early Mars HZ Limit [m]: 2.142889e+10 
(Instellation) Orbit-averaged INcident STELLar radiATION [kg/sec^3]: 2.339482e+04 
(MeanMotion) Orbital Mean Motion [/sec]: 4.464398e-05 
(OrbPeriod) Orbital Period [sec]: 1.407398e+05 
(SemiMajorAxis) Semi-major Axis [m]: 2.325994e+09 
(LXUVTot) Total XUV Luminosity [kg/sec^3]: -1.000000 
(EscapeVelocity) Escape Velocity [m/sec]: 1.345884e+04 
----- ATMESC PARAMETERS (b)------
(SurfWaterMass) Surface water mass [kg]: 0.000000 
(EnvelopeMass) Envelope mass [kg]: 0.000000 
(OxygenMass) Oxygen mass in the atmosphere [kg]: 0.000000 
(RGLimit) Runaway greenhouse semi-major axis [m]: 9.887345e+09 
(XO) Atomic oxygen mixing ratio in upper atmosphere []: 0.000000 
(EtaO) Oxygen eta parameter (Luger and Barnes 2015) []: 0.000000 
(PlanetRadius) Planet radius [m]: 7.279238e+06 
(OxygenMantleMass) Mass of oxygen in mantle [kg]: 0.000000 
(RadXUV) XUV radius separating hydro. dyn. escape and equilibrium [m]: -1.000000 
(RadSolid) Radius to the solid surface [m]: -1.000000 
(PresXUV) Pressure at base of thermosphere [(null)]: 5.000000 
(ScaleHeight) Scale height in Lehmer & Catling (2016) model [m]: -1.000000 
(ThermTemp) Isothermal atmospheric temperature [K]: 400.000000 
(AtmGasConst) Atmospheric gas constant [(null)]: 4124.000000 
(PresSurf) Surface pressure due to atmosphere [Pa]: -1.000000 
(DEnvMassDt) Envelope Mass Loss Rate [kg/s]: 0.000000 
(FXUV) XUV flux [W/m^2]: 9.113620 
(AtmXAbsEffH2O) XUV atmospheric escape efficiency for H2O []: 0.300000 
(RocheRadius) Roche Lobe Radius [m]: 4.795257e+07 
(BondiRadius) Bondi Radius [m]: 6.266864e+08 
(HEscapeRegime) Integer flag for H envelope escape regime []: 8.000000 
(RRCriticalFlux) Critical XUV Flux that separates RR and energy-limited escape [W/m^2]: 59.218476 
(CrossoverMass) Crossover mass, defines oxygen is escaping if mc > mo [kg]: 0.000000 
(WaterEscapeRegime) What water escape regime the code is currently in []: 8.000000 
(FXUVCRITDRAG) Critical Drag XUV flux [W/m^2]: 0.490178 
(HREFFLUX) The Hydrogen Reference Flux (m^-2 s^-1) [m^-2 s^-1]: 5.871509e+18 
(XO2) Molecular oxygen mixing ratio in atmosphere []: 0.000000 
(XH2O) Water mixing ratio in upper atmosphere []: 0.000000 
(HDiffFlux) The Hydrogen Diffusion Flux (m^-2 s^-1) [m^-2 s^-1]: 2.409257e+17 
(HRefODragMod) Multiply by H ref flux to get flux with drag []: 1.000000 
(KTide) Mass loss enhancement due to stellar gravity []: 0.774048 
(CumulativeXUVFlux) Cumulative XUV flux [W/m^2]: 1.127845e+19 
(RunawayGreenhouseFlux) Incident flux that triggers runaway greenhouse [kg/sec^3]: 1294.717170 
(RGDuration) Runaway Greenhouse Duration [years]: 0.00000e+00

Output Order: Time[year] CumulativeXUVFlux[W/m^2]
Grid Output Order:
