-------- Log file gj1132.log -------

Executable: /home/vplanet/.local/bin/vplanet
Version: Unknown
System Name: gj1132
Primary Input File: vpl.in
Body File #1: star.in
Body File #2: b.in
Allow files to be overwitten: Yes
Mass Units: Grams
Length Units: Meters
Time Units: Seconds
Angle Units: Radians

------- FORMATTING -----
Verbosity Level: 5
Crossover Decade for Scientific Notation: 4
Number of Digits After Decimal: 6
Integration Method: Runge-Kutta4
Direction: Forward
Time Step: 3.155760e+07
Stop Time: 2.397084e+17
Output Interval: 3.155760e+13
Use Variable Timestep: Yes
dEta: 0.010000
Minimum Value of ecc and obl: 1.000000e-10


---- INITIAL SYSTEM PROPERTIES ----
(Age) System Age [sec]: 1.716331e+14 
(Time) Simulation Time [sec]: 0.000000 
(TotAngMom) Total Angular Momentum [kg*m^2/sec]: 1.446834e+42 
(TotEnergy) Total System Energy [kg*m^2/sec^2]: -1.169240e+40 
(PotEnergy) Body's non-orbital Potential Energy [kg*m^2/sec^2]: -1.174487e+40 
(KinEnergy) Body's non-orbital Kinetic Energy [kg*m^2/sec^2]: 5.251901e+37 
(DeltaTime) Average Timestep Over Last Output Interval [sec]: 0.000000 

----- BODY: star ----
Active Modules: FLARE STELLAR
Module Bit Sum: 577
Color: 000000
(Mass) Mass [kg]: 3.827184e+29 
(Radius) Radius [m]: 4.994203e+08 
(RadGyra) Radius of Gyration/Moment of Inertia Constant []: 0.456143 
(RotAngMom) Rotational Angular Momentum [kg*m^2/sec]: 1.444376e+42 
(RotVel) Rotational Velocity [m/sec]: 3.631887e+04 
(BodyType) Type of Body (0 == planet) []: 0.000000 
(RotRate) Rotational Frequency [/sec]: 7.272205e-05 
(RotPer) Rotational Period [sec]: 8.640000e+04 
(Density) Average Density [kg/m^3]: 733.486337 
(HZLimitDryRunaway) Semi-major axis of Dry Runaway HZ Limit [m]: 3.009150e+10 
(HZLimRecVenus) Recent Venus HZ Limit [m]: 2.696035e+10 
(HZLimRunaway) Runaway Greenhouse HZ Limit [m]: 3.555556e+10 
(HZLimMoistGreenhouse) Moist Greenhouse HZ Limit [m]: 3.567298e+10 
(HZLimMaxGreenhouse) Maximum Greenhouse HZ Limit [m]: 6.780727e+10 
(HZLimEarlyMars) Early Mars HZ Limit [m]: 7.395115e+10 
(Instellation) Orbit-averaged INcident STELLar radiATION [kg/sec^3]: -1.000000 
(CriticalSemiMajorAxis) Holman & Wiegert (1999) P-type Critical Semi-major Axis [m]: -1.000000 
(LXUVTot) Total XUV Luminosity [LSUN]: 8.261062e-05 
(LostEnergy) Body's Total Lost Energy [kg*m^2/sec^2]: 5.562685e-309 
(LostAngMom) Lost Angular Momentum due to Magnetic Braking [kg*m^2/sec]: 5.562685e-309 
(EscapeVelocity) Escape Velocity [m/sec]: 3.198334e+05 
----- STELLAR PARAMETERS (star)------
(Luminosity) Luminosity [LSUN]: 0.049113 
(LXUVStellar) Base X-ray/XUV Luminosity [LSUN]: 8.181578e-05 
(Temperature) Effective Temperature [K]: 3206.362723 
(LXUVFrac) Fraction of luminosity in XUV []: 0.001666 
(RossbyNumber) Rossby Number []: 0.016441 
(DRotPerDtStellar) Time Rate of Change of Rotation Period in STELLAR []: -1.296836e-10 
(WindTorque) Stellar Wind Torque []: 4.198709e+27 
----- FLARE PARAMETERS (star)------
(LXUVFlare) XUV Luminosity from flares [LSUN]: 7.948465e-07 
(FlareFreq1) First value of flare frequency range [/sec]: 3.221879e-05 
(FlareFreq2) Second value of flare frequency range [/sec]: 2.789506e-05 
(FlareFreq3) Third value of flare frequency range [/sec]: 2.415158e-05 
(FlareFreq4) Fourth value of flare frequency range [/sec]: 2.091046e-05 
(FlareFreqMin) Frequency of the flares with the lowest energy [/sec]: 3.221879e-05 
(FlareFreqMid) Frequency of the flares with the middle energy in the energy range [/sec]: 7.625896e-06 
(FlareFreqMax) Frequency of the flares with the highest energy [/sec]: 1.804981e-06 
(FlareEnergy1) First value of flare energy range [kg*m^2/sec^2]: 5.334000e+23 
(FlareEnergy2) Second value of flare energy range [kg*m^2/sec^2]: 6.715108e+23 
(FlareEnergy3) Third value of flare energy range [kg*m^2/sec^2]: 8.453820e+23 
(FlareEnergy4) Fourth value of flare energy range [kg*m^2/sec^2]: 1.064273e+24 
(FlareEnergyMin) Minimum flare energy [kg*m^2/sec^2]: 5.334000e+23 
(FlareEnergyMid) Middle flare energy in the range of energy values [kg*m^2/sec^2]: 5.334000e+24 
(FlareEnergyMax) Maximum flare energy [kg*m^2/sec^2]: 5.334000e+25 
(FlareYIntOUT) Instantaneous Davenport FFD y-intercept at current age and mass []: 19.674175 
(FlareSlopeOUT) Instantaneous Davenport FFD slope at current age and mass []: -0.625818 

Output Order: Time[year] Luminosity[LSUN] LXUVStellar[LSUN] LXUVFlare[LSUN] LXUVTot[LSUN]
Grid Output Order:

----- BODY: b ----
Active Modules: AtmEsc
Module Bit Sum: 9
Color: 000000
(Mass) Mass [kg]: 1.005290e+25 
(Radius) Radius [m]: 7.283878e+06 
(RadGyra) Radius of Gyration/Moment of Inertia Constant []: 0.500000 
(BodyType) Type of Body (0 == planet) []: 0.000000 
(Density) Average Density [kg/m^3]: 6210.331586 
(HZLimitDryRunaway) Semi-major axis of Dry Runaway HZ Limit [m]: 3.009160e+10 
(HZLimRecVenus) Recent Venus HZ Limit [m]: 2.696035e+10 
(HZLimRunaway) Runaway Greenhouse HZ Limit [m]: 3.555556e+10 
(HZLimMoistGreenhouse) Moist Greenhouse HZ Limit [m]: 3.567298e+10 
(HZLimMaxGreenhouse) Maximum Greenhouse HZ Limit [m]: 6.780727e+10 
(HZLimEarlyMars) Early Mars HZ Limit [m]: 7.395115e+10 
(Instellation) Orbit-averaged INcident STELLar radiATION [kg/sec^3]: 2.744656e+05 
(MeanMotion) Orbital Mean Motion [/sec]: 4.464426e-05 
(OrbPeriod) Orbital Period [sec]: 1.407389e+05 
(SemiMajorAxis) Semi-major Axis [m]: 2.340209e+09 
(LXUVTot) Total XUV Luminosity [kg/sec^3]: -1.000000 
(EscapeVelocity) Escape Velocity [m/sec]: 1.357318e+04 
----- ATMESC PARAMETERS (b)------
(SurfWaterMass) Surface water mass [kg]: 0.000000 
(EnvelopeMass) Envelope mass [kg]: 0.000000 
(OxygenMass) Oxygen mass in the atmosphere [kg]: 0.000000 
(RGLimit) Runaway greenhouse semi-major axis [m]: 3.406757e+10 
(XO) Atomic oxygen mixing ratio in upper atmosphere []: 0.000000 
(EtaO) Oxygen eta parameter (Luger and Barnes 2015) []: 0.000000 
(PlanetRadius) Planet radius [m]: 7.283878e+06 
(OxygenMantleMass) Mass of oxygen in mantle [kg]: 0.000000 
(RadXUV) XUV radius separating hydro. dyn. escape and equilibrium [m]: -1.000000 
(RadSolid) Radius to the solid surface [m]: -1.000000 
(PresXUV) Pressure at base of thermosphere [(null)]: 5.000000 
(ScaleHeight) Scale height in Lehmer & Catling (2016) model [m]: -1.000000 
(ThermTemp) Isothermal atmospheric temperature [K]: 400.000000 
(AtmGasConst) Atmospheric gas constant [(null)]: 4124.000000 
(PresSurf) Surface pressure due to atmosphere [Pa]: -1.000000 
(DEnvMassDt) Envelope Mass Loss Rate [kg/s]: 0.000000 
(FXUV) XUV flux [W/m^2]: 461.665444 
(AtmXAbsEffH2O) XUV atmospheric escape efficiency for H2O []: 0.300000 
(RocheRadius) Roche Lobe Radius [m]: 4.823381e+07 
(BondiRadius) Bondi Radius [m]: 3.423251e+08 
(HEscapeRegime) Integer flag for H envelope escape regime []: 8.000000 
(RRCriticalFlux) Critical XUV Flux that separates RR and energy-limited escape [W/m^2]: 61.400530 
(CrossoverMass) Crossover mass, defines oxygen is escaping if mc > mo [kg]: 0.000000 
(WaterEscapeRegime) What water escape regime the code is currently in []: 8.000000 
(FXUVCRITDRAG) Critical Drag XUV flux [W/m^2]: 0.506725 
(HREFFLUX) The Hydrogen Reference Flux (m^-2 s^-1) [m^-2 s^-1]: 2.920051e+20 
(XO2) Molecular oxygen mixing ratio in atmosphere []: 0.000000 
(XH2O) Water mixing ratio in upper atmosphere []: 0.000000 
(HDiffFlux) The Hydrogen Diffusion Flux (m^-2 s^-1) [m^-2 s^-1]: 2.448803e+17 
(HRefODragMod) Multiply by H ref flux to get flux with drag []: 1.000000 
(KTide) Mass loss enhancement due to stellar gravity []: 0.775204 
(CumulativeXUVFlux) Cumulative XUV flux [W/m^2]: 0.000000 
(RunawayGreenhouseFlux) Incident flux that triggers runaway greenhouse [kg/sec^3]: 1295.126175 
(RGDuration) Runaway Greenhouse Duration [years]: 0.00000e+00

Output Order: Time[year] CumulativeXUVFlux[W/m^2]
Grid Output Order:



---- FINAL SYSTEM PROPERTIES ----
(Age) System Age [sec]: 2.398826e+17 
(Time) Simulation Time [sec]: 2.397110e+17 
(TotAngMom) Total Angular Momentum [kg*m^2/sec]: 1.448892e+42 
(TotEnergy) Total System Energy [kg*m^2/sec^2]: -1.168769e+40 
(PotEnergy) Body's non-orbital Potential Energy [kg*m^2/sec^2]: -4.048101e+40 
(KinEnergy) Body's non-orbital Kinetic Energy [kg*m^2/sec^2]: 5.671295e+32 
(DeltaTime) Average Timestep Over Last Output Interval [sec]: 2.629800e+12 

----- BODY: star ----
Active Modules: FLARE STELLAR
Module Bit Sum: 577
Color: 000000
(Mass) Mass [kg]: 3.827184e+29 
(Radius) Radius [m]: 1.448982e+08 
(RadGyra) Radius of Gyration/Moment of Inertia Constant []: 0.460440 
(RotAngMom) Rotational Angular Momentum [kg*m^2/sec]: 1.390055e+39 
(RotVel) Rotational Velocity [m/sec]: 118.234265 
(BodyType) Type of Body (0 == planet) []: 0.000000 
(RotRate) Rotational Frequency [/sec]: 8.159816e-07 
(RotPer) Rotational Period [sec]: 7.700155e+06 
(Density) Average Density [kg/m^3]: 3.003321e+04 
(HZLimitDryRunaway) Semi-major axis of Dry Runaway HZ Limit [m]: 8.922213e+09 
(HZLimRecVenus) Recent Venus HZ Limit [m]: 7.988665e+09 
(HZLimRunaway) Runaway Greenhouse HZ Limit [m]: 1.053867e+10 
(HZLimMoistGreenhouse) Moist Greenhouse HZ Limit [m]: 1.057032e+10 
(HZLimMaxGreenhouse) Maximum Greenhouse HZ Limit [m]: 2.006659e+10 
(HZLimEarlyMars) Early Mars HZ Limit [m]: 2.188483e+10 
(Instellation) Orbit-averaged INcident STELLar radiATION [kg/sec^3]: -1.000000 
(CriticalSemiMajorAxis) Holman & Wiegert (1999) P-type Critical Semi-major Axis [m]: -1.000000 
(LXUVTot) Total XUV Luminosity [LSUN]: 7.401524e-07 
(LostEnergy) Body's Total Lost Energy [kg*m^2/sec^2]: 2.879337e+40 
(LostAngMom) Lost Angular Momentum due to Magnetic Braking [kg*m^2/sec]: 1.445044e+42 
(EscapeVelocity) Escape Velocity [m/sec]: 5.937798e+05 
----- STELLAR PARAMETERS (star)------
(Luminosity) Luminosity [LSUN]: 0.004318 
(LXUVStellar) Base X-ray/XUV Luminosity [LSUN]: 3.588968e-07 
(Temperature) Effective Temperature [K]: 3239.661211 
(LXUVFrac) Fraction of luminosity in XUV []: 8.312194e-05 
(RossbyNumber) Rossby Number []: 1.490427 
(DRotPerDtStellar) Time Rate of Change of Rotation Period in STELLAR []: 1.443067e-11 
(WindTorque) Stellar Wind Torque []: 2.590689e+21 
----- FLARE PARAMETERS (star)------
(LXUVFlare) XUV Luminosity from flares [LSUN]: 3.812550e-07 
(FlareFreq1) First value of flare frequency range [/sec]: 8.465395e-05 
(FlareFreq2) Second value of flare frequency range [/sec]: 6.584290e-05 
(FlareFreq3) Third value of flare frequency range [/sec]: 5.121188e-05 
(FlareFreq4) Fourth value of flare frequency range [/sec]: 3.983204e-05 
(FlareFreqMin) Frequency of the flares with the lowest energy [/sec]: 8.465395e-05 
(FlareFreqMid) Frequency of the flares with the middle energy in the energy range [/sec]: 6.859063e-06 
(FlareFreqMax) Frequency of the flares with the highest energy [/sec]: 5.557537e-07 
(FlareEnergy1) First value of flare energy range [kg*m^2/sec^2]: 5.334000e+23 
(FlareEnergy2) Second value of flare energy range [kg*m^2/sec^2]: 6.715108e+23 
(FlareEnergy3) Third value of flare energy range [kg*m^2/sec^2]: 8.453820e+23 
(FlareEnergy4) Fourth value of flare energy range [kg*m^2/sec^2]: 1.064273e+24 
(FlareEnergyMin) Minimum flare energy [kg*m^2/sec^2]: 5.334000e+23 
(FlareEnergyMid) Middle flare energy in the range of energy values [kg*m^2/sec^2]: 5.334000e+24 
(FlareEnergyMax) Maximum flare energy [kg*m^2/sec^2]: 5.334000e+25 
(FlareYIntOUT) Instantaneous Davenport FFD y-intercept at current age and mass []: 34.399126 
(FlareSlopeOUT) Instantaneous Davenport FFD slope at current age and mass []: -1.091382 

Output Order: Time[year] Luminosity[LSUN] LXUVStellar[LSUN] LXUVFlare[LSUN] LXUVTot[LSUN]
Grid Output Order:

----- BODY: b ----
Active Modules: AtmEsc
Module Bit Sum: 9
Color: 000000
(Mass) Mass [kg]: 1.005290e+25 
(Radius) Radius [m]: 7.283878e+06 
(RadGyra) Radius of Gyration/Moment of Inertia Constant []: 0.500000 
(BodyType) Type of Body (0 == planet) []: 0.000000 
(Density) Average Density [kg/m^3]: 6210.331586 
(HZLimitDryRunaway) Semi-major axis of Dry Runaway HZ Limit [m]: 8.922242e+09 
(HZLimRecVenus) Recent Venus HZ Limit [m]: 7.988665e+09 
(HZLimRunaway) Runaway Greenhouse HZ Limit [m]: 1.053867e+10 
(HZLimMoistGreenhouse) Moist Greenhouse HZ Limit [m]: 1.057032e+10 
(HZLimMaxGreenhouse) Maximum Greenhouse HZ Limit [m]: 2.006659e+10 
(HZLimEarlyMars) Early Mars HZ Limit [m]: 2.188483e+10 
(Instellation) Orbit-averaged INcident STELLar radiATION [kg/sec^3]: 2.412934e+04 
(MeanMotion) Orbital Mean Motion [/sec]: 4.464426e-05 
(OrbPeriod) Orbital Period [sec]: 1.407389e+05 
(SemiMajorAxis) Semi-major Axis [m]: 2.340209e+09 
(LXUVTot) Total XUV Luminosity [kg/sec^3]: -1.000000 
(EscapeVelocity) Escape Velocity [m/sec]: 1.357318e+04 
----- ATMESC PARAMETERS (b)------
(SurfWaterMass) Surface water mass [kg]: 0.000000 
(EnvelopeMass) Envelope mass [kg]: 0.000000 
(OxygenMass) Oxygen mass in the atmosphere [kg]: 0.000000 
(RGLimit) Runaway greenhouse semi-major axis [m]: 1.009776e+10 
(XO) Atomic oxygen mixing ratio in upper atmosphere []: 0.000000 
(EtaO) Oxygen eta parameter (Luger and Barnes 2015) []: 0.000000 
(PlanetRadius) Planet radius [m]: 7.283878e+06 
(OxygenMantleMass) Mass of oxygen in mantle [kg]: 0.000000 
(RadXUV) XUV radius separating hydro. dyn. escape and equilibrium [m]: -1.000000 
(RadSolid) Radius to the solid surface [m]: -1.000000 
(PresXUV) Pressure at base of thermosphere [(null)]: 5.000000 
(ScaleHeight) Scale height in Lehmer & Catling (2016) model [m]: -1.000000 
(ThermTemp) Isothermal atmospheric temperature [K]: 400.000000 
(AtmGasConst) Atmospheric gas constant [(null)]: 4124.000000 
(PresSurf) Surface pressure due to atmosphere [Pa]: -1.000000 
(DEnvMassDt) Envelope Mass Loss Rate [kg/s]: 0.000000 
(FXUV) XUV flux [W/m^2]: 4.136306 
(AtmXAbsEffH2O) XUV atmospheric escape efficiency for H2O []: 0.300000 
(RocheRadius) Roche Lobe Radius [m]: 4.823381e+07 
(BondiRadius) Bondi Radius [m]: 6.290040e+08 
(HEscapeRegime) Integer flag for H envelope escape regime []: 8.000000 
(RRCriticalFlux) Critical XUV Flux that separates RR and energy-limited escape [W/m^2]: 61.400530 
(CrossoverMass) Crossover mass, defines oxygen is escaping if mc > mo [kg]: 0.000000 
(WaterEscapeRegime) What water escape regime the code is currently in []: 8.000000 
(FXUVCRITDRAG) Critical Drag XUV flux [W/m^2]: 0.506725 
(HREFFLUX) The Hydrogen Reference Flux (m^-2 s^-1) [m^-2 s^-1]: 2.616228e+18 
(XO2) Molecular oxygen mixing ratio in atmosphere []: 0.000000 
(XH2O) Water mixing ratio in upper atmosphere []: 0.000000 
(HDiffFlux) The Hydrogen Diffusion Flux (m^-2 s^-1) [m^-2 s^-1]: 2.448803e+17 
(HRefODragMod) Multiply by H ref flux to get flux with drag []: 1.000000 
(KTide) Mass loss enhancement due to stellar gravity []: 0.775204 
(CumulativeXUVFlux) Cumulative XUV flux [W/m^2]: 2.577367e+18 
(RunawayGreenhouseFlux) Incident flux that triggers runaway greenhouse [kg/sec^3]: 1295.990303 
(RGDuration) Runaway Greenhouse Duration [years]: 0.00000e+00

Output Order: Time[year] CumulativeXUVFlux[W/m^2]
Grid Output Order:
