-------- Log file gj1132.log -------

Executable: /home/vplanet/.local/bin/vplanet
Version: Unknown
System Name: gj1132
Primary Input File: vpl.in
Body File #1: star.in
Body File #2: b.in
Allow files to be overwitten: Yes
Mass Units: Grams
Length Units: Meters
Time Units: Seconds
Angle Units: Radians

------- FORMATTING -----
Verbosity Level: 5
Crossover Decade for Scientific Notation: 4
Number of Digits After Decimal: 6
Integration Method: Runge-Kutta4
Direction: Forward
Time Step: 3.155760e+07
Stop Time: 2.457396e+17
Output Interval: 3.155760e+13
Use Variable Timestep: Yes
dEta: 0.010000
Minimum Value of ecc and obl: 1.000000e-10


---- INITIAL SYSTEM PROPERTIES ----
(Age) System Age [sec]: 1.286237e+14 
(Time) Simulation Time [sec]: 0.000000 
(TotAngMom) Total Angular Momentum [kg*m^2/sec]: 1.701905e+42 
(TotEnergy) Total System Energy [kg*m^2/sec^2]: -9.886384e+39 
(PotEnergy) Body's non-orbital Potential Energy [kg*m^2/sec^2]: -9.948127e+39 
(KinEnergy) Body's non-orbital Kinetic Energy [kg*m^2/sec^2]: 6.179651e+37 
(DeltaTime) Average Timestep Over Last Output Interval [sec]: 0.000000 

----- BODY: star ----
Active Modules: FLARE STELLAR
Module Bit Sum: 577
Color: 000000
(Mass) Mass [kg]: 3.704242e+29 
(Radius) Radius [m]: 5.523482e+08 
(RadGyra) Radius of Gyration/Moment of Inertia Constant []: 0.454745 
(RotAngMom) Rotational Angular Momentum [kg*m^2/sec]: 1.699526e+42 
(RotVel) Rotational Velocity [m/sec]: 4.016790e+04 
(BodyType) Type of Body (0 == planet) []: 0.000000 
(RotRate) Rotational Frequency [/sec]: 7.272205e-05 
(RotPer) Rotational Period [sec]: 8.640000e+04 
(Density) Average Density [kg/m^3]: 524.773414 
(HZLimitDryRunaway) Semi-major axis of Dry Runaway HZ Limit [m]: 3.250277e+10 
(HZLimRecVenus) Recent Venus HZ Limit [m]: 2.914111e+10 
(HZLimRunaway) Runaway Greenhouse HZ Limit [m]: 3.841902e+10 
(HZLimMoistGreenhouse) Moist Greenhouse HZ Limit [m]: 3.855848e+10 
(HZLimMaxGreenhouse) Maximum Greenhouse HZ Limit [m]: 7.339454e+10 
(HZLimEarlyMars) Early Mars HZ Limit [m]: 8.004451e+10 
(Instellation) Orbit-averaged INcident STELLar radiATION [kg/sec^3]: -1.000000 
(CriticalSemiMajorAxis) Holman & Wiegert (1999) P-type Critical Semi-major Axis [m]: -1.000000 
(LXUVTot) Total XUV Luminosity [LSUN]: 5.408208e-05 
(LostEnergy) Body's Total Lost Energy [kg*m^2/sec^2]: 5.562685e-309 
(LostAngMom) Lost Angular Momentum due to Magnetic Braking [kg*m^2/sec]: 5.562685e-309 
(EscapeVelocity) Escape Velocity [m/sec]: 2.991992e+05 
----- STELLAR PARAMETERS (star)------
(Luminosity) Luminosity [LSUN]: 0.057299 
(LXUVStellar) Base X-ray/XUV Luminosity [LSUN]: 5.326349e-05 
(Temperature) Effective Temperature [K]: 3169.577450 
(LXUVFrac) Fraction of luminosity in XUV []: 0.000930 
(RossbyNumber) Rossby Number []: 0.016134 
(DRotPerDtStellar) Time Rate of Change of Rotation Period in STELLAR []: -1.471657e-10 
(WindTorque) Stellar Wind Torque []: 7.343195e+27 
----- FLARE PARAMETERS (star)------
(LXUVFlare) XUV Luminosity from flares [LSUN]: 8.185900e-07 
(FlareFreq1) First value of flare frequency range [/sec]: 3.122819e-05 
(FlareFreq2) Second value of flare frequency range [/sec]: 2.713159e-05 
(FlareFreq3) Third value of flare frequency range [/sec]: 2.357239e-05 
(FlareFreq4) Fourth value of flare frequency range [/sec]: 2.048009e-05 
(FlareFreqMin) Frequency of the flares with the lowest energy [/sec]: 3.122819e-05 
(FlareFreqMid) Frequency of the flares with the middle energy in the energy range [/sec]: 7.652972e-06 
(FlareFreqMax) Frequency of the flares with the highest energy [/sec]: 1.875484e-06 
(FlareEnergy1) First value of flare energy range [kg*m^2/sec^2]: 5.334000e+23 
(FlareEnergy2) Second value of flare energy range [kg*m^2/sec^2]: 6.715108e+23 
(FlareEnergy3) Third value of flare energy range [kg*m^2/sec^2]: 8.453820e+23 
(FlareEnergy4) Fourth value of flare energy range [kg*m^2/sec^2]: 1.064273e+24 
(FlareEnergyMin) Minimum flare energy [kg*m^2/sec^2]: 5.334000e+23 
(FlareEnergyMid) Middle flare energy in the range of energy values [kg*m^2/sec^2]: 5.334000e+24 
(FlareEnergyMax) Maximum flare energy [kg*m^2/sec^2]: 5.334000e+25 
(FlareYIntOUT) Instantaneous Davenport FFD y-intercept at current age and mass []: 19.196587 
(FlareSlopeOUT) Instantaneous Davenport FFD slope at current age and mass []: -0.610717 

Output Order: Time[year] Luminosity[LSUN] LXUVStellar[LSUN] LXUVFlare[LSUN] LXUVTot[LSUN]
Grid Output Order:

----- BODY: b ----
Active Modules: AtmEsc
Module Bit Sum: 9
Color: 000000
(Mass) Mass [kg]: 9.944759e+24 
(Radius) Radius [m]: 6.963689e+06 
(RadGyra) Radius of Gyration/Moment of Inertia Constant []: 0.500000 
(BodyType) Type of Body (0 == planet) []: 0.000000 
(Density) Average Density [kg/m^3]: 7030.522008 
(HZLimitDryRunaway) Semi-major axis of Dry Runaway HZ Limit [m]: 3.250383e+10 
(HZLimRecVenus) Recent Venus HZ Limit [m]: 2.914111e+10 
(HZLimRunaway) Runaway Greenhouse HZ Limit [m]: 3.841902e+10 
(HZLimMoistGreenhouse) Moist Greenhouse HZ Limit [m]: 3.855848e+10 
(HZLimMaxGreenhouse) Maximum Greenhouse HZ Limit [m]: 7.339454e+10 
(HZLimEarlyMars) Early Mars HZ Limit [m]: 8.004451e+10 
(Instellation) Orbit-averaged INcident STELLar radiATION [kg/sec^3]: 3.272778e+05 
(MeanMotion) Orbital Mean Motion [/sec]: 4.464500e-05 
(OrbPeriod) Orbital Period [sec]: 1.407366e+05 
(SemiMajorAxis) Semi-major Axis [m]: 2.314852e+09 
(LXUVTot) Total XUV Luminosity [kg/sec^3]: -1.000000 
(EscapeVelocity) Escape Velocity [m/sec]: 1.380685e+04 
----- ATMESC PARAMETERS (b)------
(SurfWaterMass) Surface water mass [kg]: 0.000000 
(EnvelopeMass) Envelope mass [kg]: 0.000000 
(OxygenMass) Oxygen mass in the atmosphere [kg]: 0.000000 
(RGLimit) Runaway greenhouse semi-major axis [m]: 3.681949e+10 
(XO) Atomic oxygen mixing ratio in upper atmosphere []: 0.000000 
(EtaO) Oxygen eta parameter (Luger and Barnes 2015) []: 0.000000 
(PlanetRadius) Planet radius [m]: 6.963689e+06 
(OxygenMantleMass) Mass of oxygen in mantle [kg]: 0.000000 
(RadXUV) XUV radius separating hydro. dyn. escape and equilibrium [m]: -1.000000 
(RadSolid) Radius to the solid surface [m]: -1.000000 
(PresXUV) Pressure at base of thermosphere [(null)]: 5.000000 
(ScaleHeight) Scale height in Lehmer & Catling (2016) model [m]: -1.000000 
(ThermTemp) Isothermal atmospheric temperature [K]: 400.000000 
(AtmGasConst) Atmospheric gas constant [(null)]: 4124.000000 
(PresSurf) Surface pressure due to atmosphere [Pa]: -1.000000 
(DEnvMassDt) Envelope Mass Loss Rate [kg/s]: 0.000000 
(FXUV) XUV flux [W/m^2]: 308.901850 
(AtmXAbsEffH2O) XUV atmospheric escape efficiency for H2O []: 0.300000 
(RocheRadius) Roche Lobe Radius [m]: 4.805971e+07 
(BondiRadius) Bondi Radius [m]: 3.275256e+08 
(HEscapeRegime) Integer flag for H envelope escape regime []: 8.000000 
(RRCriticalFlux) Critical XUV Flux that separates RR and energy-limited escape [W/m^2]: 70.362769 
(CrossoverMass) Crossover mass, defines oxygen is escaping if mc > mo [kg]: 0.000000 
(WaterEscapeRegime) What water escape regime the code is currently in []: 8.000000 
(FXUVCRITDRAG) Critical Drag XUV flux [W/m^2]: 0.567477 
(HREFFLUX) The Hydrogen Reference Flux (m^-2 s^-1) [m^-2 s^-1]: 1.866637e+20 
(XO2) Molecular oxygen mixing ratio in atmosphere []: 0.000000 
(XH2O) Water mixing ratio in upper atmosphere []: 0.000000 
(HDiffFlux) The Hydrogen Diffusion Flux (m^-2 s^-1) [m^-2 s^-1]: 2.650351e+17 
(HRefODragMod) Multiply by H ref flux to get flux with drag []: 1.000000 
(KTide) Mass loss enhancement due to stellar gravity []: 0.784176 
(CumulativeXUVFlux) Cumulative XUV flux [W/m^2]: 0.000000 
(RunawayGreenhouseFlux) Incident flux that triggers runaway greenhouse [kg/sec^3]: 1293.537538 
(RGDuration) Runaway Greenhouse Duration [years]: 0.00000e+00

Output Order: Time[year] CumulativeXUVFlux[W/m^2]
Grid Output Order:



---- FINAL SYSTEM PROPERTIES ----
(Age) System Age [sec]: 2.458992e+17 
(Time) Simulation Time [sec]: 2.457706e+17 
(TotAngMom) Total Angular Momentum [kg*m^2/sec]: 1.705141e+42 
(TotEnergy) Total System Energy [kg*m^2/sec^2]: -9.879699e+39 
(PotEnergy) Body's non-orbital Potential Energy [kg*m^2/sec^2]: -3.894478e+40 
(KinEnergy) Body's non-orbital Kinetic Energy [kg*m^2/sec^2]: 5.295780e+32 
(DeltaTime) Average Timestep Over Last Output Interval [sec]: 3.155760e+13 

----- BODY: star ----
Active Modules: FLARE STELLAR
Module Bit Sum: 577
Color: 000000
(Mass) Mass [kg]: 3.704242e+29 
(Radius) Radius [m]: 1.410928e+08 
(RadGyra) Radius of Gyration/Moment of Inertia Constant []: 0.460649 
(RotAngMom) Rotational Angular Momentum [kg*m^2/sec]: 1.287374e+39 
(RotVel) Rotational Velocity [m/sec]: 116.080701 
(BodyType) Type of Body (0 == planet) []: 0.000000 
(RotRate) Rotational Frequency [/sec]: 8.227256e-07 
(RotPer) Rotational Period [sec]: 7.637036e+06 
(Density) Average Density [kg/m^3]: 3.148442e+04 
(HZLimitDryRunaway) Semi-major axis of Dry Runaway HZ Limit [m]: 8.615806e+09 
(HZLimRecVenus) Recent Venus HZ Limit [m]: 7.716416e+09 
(HZLimRunaway) Runaway Greenhouse HZ Limit [m]: 1.017824e+10 
(HZLimMoistGreenhouse) Moist Greenhouse HZ Limit [m]: 1.021009e+10 
(HZLimMaxGreenhouse) Maximum Greenhouse HZ Limit [m]: 1.939307e+10 
(HZLimEarlyMars) Early Mars HZ Limit [m]: 2.115026e+10 
(Instellation) Orbit-averaged INcident STELLar radiATION [kg/sec^3]: -1.000000 
(CriticalSemiMajorAxis) Holman & Wiegert (1999) P-type Critical Semi-major Axis [m]: -1.000000 
(LXUVTot) Total XUV Luminosity [LSUN]: 6.133711e-07 
(LostEnergy) Body's Total Lost Energy [kg*m^2/sec^2]: 2.906514e+40 
(LostAngMom) Lost Angular Momentum due to Magnetic Braking [kg*m^2/sec]: 1.701475e+42 
(EscapeVelocity) Escape Velocity [m/sec]: 5.919900e+05 
----- STELLAR PARAMETERS (star)------
(Luminosity) Luminosity [LSUN]: 0.004026 
(LXUVStellar) Base X-ray/XUV Luminosity [LSUN]: 2.344571e-07 
(Temperature) Effective Temperature [K]: 3225.687343 
(LXUVFrac) Fraction of luminosity in XUV []: 5.823215e-05 
(RossbyNumber) Rossby Number []: 1.467667 
(DRotPerDtStellar) Time Rate of Change of Rotation Period in STELLAR []: 1.340008e-11 
(WindTorque) Stellar Wind Torque []: 2.393863e+21 
----- FLARE PARAMETERS (star)------
(LXUVFlare) XUV Luminosity from flares [LSUN]: 3.789102e-07 
(FlareFreq1) First value of flare frequency range [/sec]: 8.550833e-05 
(FlareFreq2) Second value of flare frequency range [/sec]: 6.643181e-05 
(FlareFreq3) Third value of flare frequency range [/sec]: 5.161118e-05 
(FlareFreq4) Fourth value of flare frequency range [/sec]: 4.009697e-05 
(FlareFreqMin) Frequency of the flares with the lowest energy [/sec]: 8.550833e-05 
(FlareFreqMid) Frequency of the flares with the middle energy in the energy range [/sec]: 6.849919e-06 
(FlareFreqMax) Frequency of the flares with the highest energy [/sec]: 5.487348e-07 
(FlareEnergy1) First value of flare energy range [kg*m^2/sec^2]: 5.334000e+23 
(FlareEnergy2) Second value of flare energy range [kg*m^2/sec^2]: 6.715108e+23 
(FlareEnergy3) Third value of flare energy range [kg*m^2/sec^2]: 8.453820e+23 
(FlareEnergy4) Fourth value of flare energy range [kg*m^2/sec^2]: 1.064273e+24 
(FlareEnergyMin) Minimum flare energy [kg*m^2/sec^2]: 5.334000e+23 
(FlareEnergyMid) Middle flare energy in the range of energy values [kg*m^2/sec^2]: 5.334000e+24 
(FlareEnergyMax) Maximum flare energy [kg*m^2/sec^2]: 5.334000e+25 
(FlareYIntOUT) Instantaneous Davenport FFD y-intercept at current age and mass []: 34.555296 
(FlareSlopeOUT) Instantaneous Davenport FFD slope at current age and mass []: -1.096323 

Output Order: Time[year] Luminosity[LSUN] LXUVStellar[LSUN] LXUVFlare[LSUN] LXUVTot[LSUN]
Grid Output Order:

----- BODY: b ----
Active Modules: AtmEsc
Module Bit Sum: 9
Color: 000000
(Mass) Mass [kg]: 9.944759e+24 
(Radius) Radius [m]: 6.963689e+06 
(RadGyra) Radius of Gyration/Moment of Inertia Constant []: 0.500000 
(BodyType) Type of Body (0 == planet) []: 0.000000 
(Density) Average Density [kg/m^3]: 7030.522008 
(HZLimitDryRunaway) Semi-major axis of Dry Runaway HZ Limit [m]: 8.616087e+09 
(HZLimRecVenus) Recent Venus HZ Limit [m]: 7.716416e+09 
(HZLimRunaway) Runaway Greenhouse HZ Limit [m]: 1.017824e+10 
(HZLimMoistGreenhouse) Moist Greenhouse HZ Limit [m]: 1.021009e+10 
(HZLimMaxGreenhouse) Maximum Greenhouse HZ Limit [m]: 1.939307e+10 
(HZLimEarlyMars) Early Mars HZ Limit [m]: 2.115026e+10 
(Instellation) Orbit-averaged INcident STELLar radiATION [kg/sec^3]: 2.299681e+04 
(MeanMotion) Orbital Mean Motion [/sec]: 4.464500e-05 
(OrbPeriod) Orbital Period [sec]: 1.407366e+05 
(SemiMajorAxis) Semi-major Axis [m]: 2.314852e+09 
(LXUVTot) Total XUV Luminosity [kg/sec^3]: -1.000000 
(EscapeVelocity) Escape Velocity [m/sec]: 1.380685e+04 
----- ATMESC PARAMETERS (b)------
(SurfWaterMass) Surface water mass [kg]: 0.000000 
(EnvelopeMass) Envelope mass [kg]: 0.000000 
(OxygenMass) Oxygen mass in the atmosphere [kg]: 0.000000 
(RGLimit) Runaway greenhouse semi-major axis [m]: 9.754641e+09 
(XO) Atomic oxygen mixing ratio in upper atmosphere []: 0.000000 
(EtaO) Oxygen eta parameter (Luger and Barnes 2015) []: 0.000000 
(PlanetRadius) Planet radius [m]: 6.963689e+06 
(OxygenMantleMass) Mass of oxygen in mantle [kg]: 0.000000 
(RadXUV) XUV radius separating hydro. dyn. escape and equilibrium [m]: -1.000000 
(RadSolid) Radius to the solid surface [m]: -1.000000 
(PresXUV) Pressure at base of thermosphere [(null)]: 5.000000 
(ScaleHeight) Scale height in Lehmer & Catling (2016) model [m]: -1.000000 
(ThermTemp) Isothermal atmospheric temperature [K]: 400.000000 
(AtmGasConst) Atmospheric gas constant [(null)]: 4124.000000 
(PresSurf) Surface pressure due to atmosphere [Pa]: -1.000000 
(DEnvMassDt) Envelope Mass Loss Rate [kg/s]: 0.000000 
(FXUV) XUV flux [W/m^2]: 3.503405 
(AtmXAbsEffH2O) XUV atmospheric escape efficiency for H2O []: 0.300000 
(RocheRadius) Roche Lobe Radius [m]: 4.805971e+07 
(BondiRadius) Bondi Radius [m]: 6.367638e+08 
(HEscapeRegime) Integer flag for H envelope escape regime []: 8.000000 
(RRCriticalFlux) Critical XUV Flux that separates RR and energy-limited escape [W/m^2]: 70.362769 
(CrossoverMass) Crossover mass, defines oxygen is escaping if mc > mo [kg]: 0.000000 
(WaterEscapeRegime) What water escape regime the code is currently in []: 8.000000 
(FXUVCRITDRAG) Critical Drag XUV flux [W/m^2]: 0.567477 
(HREFFLUX) The Hydrogen Reference Flux (m^-2 s^-1) [m^-2 s^-1]: 2.117043e+18 
(XO2) Molecular oxygen mixing ratio in atmosphere []: 0.000000 
(XH2O) Water mixing ratio in upper atmosphere []: 0.000000 
(HDiffFlux) The Hydrogen Diffusion Flux (m^-2 s^-1) [m^-2 s^-1]: 2.650351e+17 
(HRefODragMod) Multiply by H ref flux to get flux with drag []: 1.000000 
(KTide) Mass loss enhancement due to stellar gravity []: 0.784176 
(CumulativeXUVFlux) Cumulative XUV flux [W/m^2]: 2.324903e+18 
(RunawayGreenhouseFlux) Incident flux that triggers runaway greenhouse [kg/sec^3]: 1294.980236 
(RGDuration) Runaway Greenhouse Duration [years]: 0.00000e+00

Output Order: Time[year] CumulativeXUVFlux[W/m^2]
Grid Output Order:
