-------- Log file gj1132.log -------

Executable: /home/vplanet/.local/bin/vplanet
Version: Unknown
System Name: gj1132
Primary Input File: vpl.in
Body File #1: star.in
Body File #2: b.in
Allow files to be overwitten: Yes
Mass Units: Grams
Length Units: Meters
Time Units: Seconds
Angle Units: Radians

------- FORMATTING -----
Verbosity Level: 5
Crossover Decade for Scientific Notation: 4
Number of Digits After Decimal: 6
Integration Method: Runge-Kutta4
Direction: Forward
Time Step: 3.155760e+07
Stop Time: 2.398181e+17
Output Interval: 3.155760e+13
Use Variable Timestep: Yes
dEta: 0.010000
Minimum Value of ecc and obl: 1.000000e-10


---- INITIAL SYSTEM PROPERTIES ----
(Age) System Age [sec]: 1.621113e+14 
(Time) Simulation Time [sec]: 0.000000 
(TotAngMom) Total Angular Momentum [kg*m^2/sec]: 1.601554e+42 
(TotEnergy) Total System Energy [kg*m^2/sec^2]: -1.190259e+40 
(PotEnergy) Body's non-orbital Potential Energy [kg*m^2/sec^2]: -1.196067e+40 
(KinEnergy) Body's non-orbital Kinetic Energy [kg*m^2/sec^2]: 5.814466e+37 
(DeltaTime) Average Timestep Over Last Output Interval [sec]: 0.000000 

----- BODY: star ----
Active Modules: FLARE STELLAR
Module Bit Sum: 577
Color: 000000
(Mass) Mass [kg]: 3.935520e+29 
(Radius) Radius [m]: 5.185663e+08 
(RadGyra) Radius of Gyration/Moment of Inertia Constant []: 0.455825 
(RotAngMom) Rotational Angular Momentum [kg*m^2/sec]: 1.599093e+42 
(RotVel) Rotational Velocity [m/sec]: 3.771120e+04 
(BodyType) Type of Body (0 == planet) []: 0.000000 
(RotRate) Rotational Frequency [/sec]: 7.272205e-05 
(RotPer) Rotational Period [sec]: 8.640000e+04 
(Density) Average Density [kg/m^3]: 673.753030 
(HZLimitDryRunaway) Semi-major axis of Dry Runaway HZ Limit [m]: 3.139512e+10 
(HZLimRecVenus) Recent Venus HZ Limit [m]: 2.812331e+10 
(HZLimRunaway) Runaway Greenhouse HZ Limit [m]: 3.709235e+10 
(HZLimMoistGreenhouse) Moist Greenhouse HZ Limit [m]: 3.721177e+10 
(HZLimMaxGreenhouse) Maximum Greenhouse HZ Limit [m]: 7.070727e+10 
(HZLimEarlyMars) Early Mars HZ Limit [m]: 7.711397e+10 
(Instellation) Orbit-averaged INcident STELLar radiATION [kg/sec^3]: -1.000000 
(CriticalSemiMajorAxis) Holman & Wiegert (1999) P-type Critical Semi-major Axis [m]: -1.000000 
(LXUVTot) Total XUV Luminosity [LSUN]: 3.677174e-05 
(LostEnergy) Body's Total Lost Energy [kg*m^2/sec^2]: 5.562685e-309 
(LostAngMom) Lost Angular Momentum due to Magnetic Braking [kg*m^2/sec]: 5.562685e-309 
(EscapeVelocity) Escape Velocity [m/sec]: 3.182850e+05 
----- STELLAR PARAMETERS (star)------
(Luminosity) Luminosity [LSUN]: 0.053461 
(LXUVStellar) Base X-ray/XUV Luminosity [LSUN]: 3.596766e-05 
(Temperature) Effective Temperature [K]: 3215.618992 
(LXUVFrac) Fraction of luminosity in XUV []: 0.000673 
(RossbyNumber) Rossby Number []: 0.016519 
(DRotPerDtStellar) Time Rate of Change of Rotation Period in STELLAR []: -1.659852e-10 
(WindTorque) Stellar Wind Torque []: 5.036979e+27 
----- FLARE PARAMETERS (star)------
(LXUVFlare) XUV Luminosity from flares [LSUN]: 8.040796e-07 
(FlareFreq1) First value of flare frequency range [/sec]: 3.161025e-05 
(FlareFreq2) Second value of flare frequency range [/sec]: 2.741633e-05 
(FlareFreq3) Third value of flare frequency range [/sec]: 2.377884e-05 
(FlareFreq4) Fourth value of flare frequency range [/sec]: 2.062396e-05 
(FlareFreqMin) Frequency of the flares with the lowest energy [/sec]: 3.161025e-05 
(FlareFreqMid) Frequency of the flares with the middle energy in the energy range [/sec]: 7.614504e-06 
(FlareFreqMax) Frequency of the flares with the highest energy [/sec]: 1.834236e-06 
(FlareEnergy1) First value of flare energy range [kg*m^2/sec^2]: 5.334000e+23 
(FlareEnergy2) Second value of flare energy range [kg*m^2/sec^2]: 6.715108e+23 
(FlareEnergy3) Third value of flare energy range [kg*m^2/sec^2]: 8.453820e+23 
(FlareEnergy4) Fourth value of flare energy range [kg*m^2/sec^2]: 1.064273e+24 
(FlareEnergyMin) Minimum flare energy [kg*m^2/sec^2]: 5.334000e+23 
(FlareEnergyMid) Middle flare energy in the range of energy values [kg*m^2/sec^2]: 5.334000e+24 
(FlareEnergyMax) Maximum flare energy [kg*m^2/sec^2]: 5.334000e+25 
(FlareYIntOUT) Instantaneous Davenport FFD y-intercept at current age and mass []: 19.431386 
(FlareSlopeOUT) Instantaneous Davenport FFD slope at current age and mass []: -0.618186 

Output Order: Time[year] Luminosity[LSUN] LXUVStellar[LSUN] LXUVFlare[LSUN] LXUVTot[LSUN]
Grid Output Order:

----- BODY: b ----
Active Modules: AtmEsc
Module Bit Sum: 9
Color: 000000
(Mass) Mass [kg]: 9.879666e+24 
(Radius) Radius [m]: 7.177177e+06 
(RadGyra) Radius of Gyration/Moment of Inertia Constant []: 0.500000 
(BodyType) Type of Body (0 == planet) []: 0.000000 
(Density) Average Density [kg/m^3]: 6379.587954 
(HZLimitDryRunaway) Semi-major axis of Dry Runaway HZ Limit [m]: 3.139619e+10 
(HZLimRecVenus) Recent Venus HZ Limit [m]: 2.812331e+10 
(HZLimRunaway) Runaway Greenhouse HZ Limit [m]: 3.709235e+10 
(HZLimMoistGreenhouse) Moist Greenhouse HZ Limit [m]: 3.721177e+10 
(HZLimMaxGreenhouse) Maximum Greenhouse HZ Limit [m]: 7.070727e+10 
(HZLimEarlyMars) Early Mars HZ Limit [m]: 7.711397e+10 
(Instellation) Orbit-averaged INcident STELLar radiATION [kg/sec^3]: 2.932611e+05 
(MeanMotion) Orbital Mean Motion [/sec]: 4.464411e-05 
(OrbPeriod) Orbital Period [sec]: 1.407394e+05 
(SemiMajorAxis) Semi-major Axis [m]: 2.362090e+09 
(LXUVTot) Total XUV Luminosity [kg/sec^3]: -1.000000 
(EscapeVelocity) Escape Velocity [m/sec]: 1.355537e+04 
----- ATMESC PARAMETERS (b)------
(SurfWaterMass) Surface water mass [kg]: 0.000000 
(EnvelopeMass) Envelope mass [kg]: 0.000000 
(OxygenMass) Oxygen mass in the atmosphere [kg]: 0.000000 
(RGLimit) Runaway greenhouse semi-major axis [m]: 3.555387e+10 
(XO) Atomic oxygen mixing ratio in upper atmosphere []: 0.000000 
(EtaO) Oxygen eta parameter (Luger and Barnes 2015) []: 0.000000 
(PlanetRadius) Planet radius [m]: 7.177177e+06 
(OxygenMantleMass) Mass of oxygen in mantle [kg]: 0.000000 
(RadXUV) XUV radius separating hydro. dyn. escape and equilibrium [m]: -1.000000 
(RadSolid) Radius to the solid surface [m]: -1.000000 
(PresXUV) Pressure at base of thermosphere [(null)]: 5.000000 
(ScaleHeight) Scale height in Lehmer & Catling (2016) model [m]: -1.000000 
(ThermTemp) Isothermal atmospheric temperature [K]: 400.000000 
(AtmGasConst) Atmospheric gas constant [(null)]: 4124.000000 
(PresSurf) Surface pressure due to atmosphere [Pa]: -1.000000 
(DEnvMassDt) Envelope Mass Loss Rate [kg/s]: 0.000000 
(FXUV) XUV flux [W/m^2]: 201.713820 
(AtmXAbsEffH2O) XUV atmospheric escape efficiency for H2O []: 0.300000 
(RocheRadius) Roche Lobe Radius [m]: 4.795523e+07 
(BondiRadius) Bondi Radius [m]: 3.276784e+08 
(HEscapeRegime) Integer flag for H envelope escape regime []: 8.000000 
(RRCriticalFlux) Critical XUV Flux that separates RR and energy-limited escape [W/m^2]: 62.303430 
(CrossoverMass) Crossover mass, defines oxygen is escaping if mc > mo [kg]: 0.000000 
(WaterEscapeRegime) What water escape regime the code is currently in []: 8.000000 
(FXUVCRITDRAG) Critical Drag XUV flux [W/m^2]: 0.511565 
(HREFFLUX) The Hydrogen Reference Flux (m^-2 s^-1) [m^-2 s^-1]: 1.275949e+20 
(XO2) Molecular oxygen mixing ratio in atmosphere []: 0.000000 
(XH2O) Water mixing ratio in upper atmosphere []: 0.000000 
(HDiffFlux) The Hydrogen Diffusion Flux (m^-2 s^-1) [m^-2 s^-1]: 2.478693e+17 
(HRefODragMod) Multiply by H ref flux to get flux with drag []: 1.000000 
(KTide) Mass loss enhancement due to stellar gravity []: 0.777180 
(CumulativeXUVFlux) Cumulative XUV flux [W/m^2]: 0.000000 
(RunawayGreenhouseFlux) Incident flux that triggers runaway greenhouse [kg/sec^3]: 1294.327106 
(RGDuration) Runaway Greenhouse Duration [years]: 0.00000e+00

Output Order: Time[year] CumulativeXUVFlux[W/m^2]
Grid Output Order:



---- FINAL SYSTEM PROPERTIES ----
(Age) System Age [sec]: 2.399827e+17 
(Time) Simulation Time [sec]: 2.398206e+17 
(TotAngMom) Total Angular Momentum [kg*m^2/sec]: 1.606574e+42 
(TotEnergy) Total System Energy [kg*m^2/sec^2]: -1.188820e+40 
(PotEnergy) Body's non-orbital Potential Energy [kg*m^2/sec^2]: -4.137588e+40 
(KinEnergy) Body's non-orbital Kinetic Energy [kg*m^2/sec^2]: 5.863852e+32 
(DeltaTime) Average Timestep Over Last Output Interval [sec]: 3.506400e+12 

----- BODY: star ----
Active Modules: FLARE STELLAR
Module Bit Sum: 577
Color: 000000
(Mass) Mass [kg]: 3.935520e+29 
(Radius) Radius [m]: 1.499038e+08 
(RadGyra) Radius of Gyration/Moment of Inertia Constant []: 0.460206 
(RotAngMom) Rotational Angular Momentum [kg*m^2/sec]: 1.482082e+39 
(RotVel) Rotational Velocity [m/sec]: 118.618779 
(BodyType) Type of Body (0 == planet) []: 0.000000 
(RotRate) Rotational Frequency [/sec]: 7.912993e-07 
(RotPer) Rotational Period [sec]: 7.940340e+06 
(Density) Average Density [kg/m^3]: 2.789174e+04 
(HZLimitDryRunaway) Semi-major axis of Dry Runaway HZ Limit [m]: 9.301097e+09 
(HZLimRecVenus) Recent Venus HZ Limit [m]: 8.325268e+09 
(HZLimRunaway) Runaway Greenhouse HZ Limit [m]: 1.098431e+10 
(HZLimMoistGreenhouse) Moist Greenhouse HZ Limit [m]: 1.101570e+10 
(HZLimMaxGreenhouse) Maximum Greenhouse HZ Limit [m]: 2.089919e+10 
(HZLimEarlyMars) Early Mars HZ Limit [m]: 2.279290e+10 
(Instellation) Orbit-averaged INcident STELLar radiATION [kg/sec^3]: -1.000000 
(CriticalSemiMajorAxis) Holman & Wiegert (1999) P-type Critical Semi-major Axis [m]: -1.000000 
(LXUVTot) Total XUV Luminosity [LSUN]: 9.570445e-07 
(LostEnergy) Body's Total Lost Energy [kg*m^2/sec^2]: 2.948774e+40 
(LostAngMom) Lost Angular Momentum due to Magnetic Braking [kg*m^2/sec]: 1.602631e+42 
(EscapeVelocity) Escape Velocity [m/sec]: 5.919867e+05 
----- STELLAR PARAMETERS (star)------
(Luminosity) Luminosity [LSUN]: 0.004692 
(LXUVStellar) Base X-ray/XUV Luminosity [LSUN]: 5.713939e-07 
(Temperature) Effective Temperature [K]: 3255.806820 
(LXUVFrac) Fraction of luminosity in XUV []: 0.000122 
(RossbyNumber) Rossby Number []: 1.549679 
(DRotPerDtStellar) Time Rate of Change of Rotation Period in STELLAR []: 1.404205e-11 
(WindTorque) Stellar Wind Torque []: 2.613969e+21 
----- FLARE PARAMETERS (star)------
(LXUVFlare) XUV Luminosity from flares [LSUN]: 3.856503e-07 
(FlareFreq1) First value of flare frequency range [/sec]: 8.504501e-05 
(FlareFreq2) Second value of flare frequency range [/sec]: 6.617884e-05 
(FlareFreq3) Third value of flare frequency range [/sec]: 5.149789e-05 
(FlareFreq4) Fourth value of flare frequency range [/sec]: 4.007372e-05 
(FlareFreqMin) Frequency of the flares with the lowest energy [/sec]: 8.504501e-05 
(FlareFreqMid) Frequency of the flares with the middle energy in the energy range [/sec]: 6.923913e-06 
(FlareFreqMax) Frequency of the flares with the highest energy [/sec]: 5.637081e-07 
(FlareEnergy1) First value of flare energy range [kg*m^2/sec^2]: 5.334000e+23 
(FlareEnergy2) Second value of flare energy range [kg*m^2/sec^2]: 6.715108e+23 
(FlareEnergy3) Third value of flare energy range [kg*m^2/sec^2]: 8.453820e+23 
(FlareEnergy4) Fourth value of flare energy range [kg*m^2/sec^2]: 1.064273e+24 
(FlareEnergyMin) Minimum flare energy [kg*m^2/sec^2]: 5.334000e+23 
(FlareEnergyMid) Middle flare energy in the range of energy values [kg*m^2/sec^2]: 5.334000e+24 
(FlareEnergyMax) Maximum flare energy [kg*m^2/sec^2]: 5.334000e+25 
(FlareYIntOUT) Instantaneous Davenport FFD y-intercept at current age and mass []: 34.337058 
(FlareSlopeOUT) Instantaneous Davenport FFD slope at current age and mass []: -1.089297 

Output Order: Time[year] Luminosity[LSUN] LXUVStellar[LSUN] LXUVFlare[LSUN] LXUVTot[LSUN]
Grid Output Order:

----- BODY: b ----
Active Modules: AtmEsc
Module Bit Sum: 9
Color: 000000
(Mass) Mass [kg]: 9.879666e+24 
(Radius) Radius [m]: 7.177177e+06 
(RadGyra) Radius of Gyration/Moment of Inertia Constant []: 0.500000 
(BodyType) Type of Body (0 == planet) []: 0.000000 
(Density) Average Density [kg/m^3]: 6379.587954 
(HZLimitDryRunaway) Semi-major axis of Dry Runaway HZ Limit [m]: 9.301412e+09 
(HZLimRecVenus) Recent Venus HZ Limit [m]: 8.325268e+09 
(HZLimRunaway) Runaway Greenhouse HZ Limit [m]: 1.098431e+10 
(HZLimMoistGreenhouse) Moist Greenhouse HZ Limit [m]: 1.101570e+10 
(HZLimMaxGreenhouse) Maximum Greenhouse HZ Limit [m]: 2.089919e+10 
(HZLimEarlyMars) Early Mars HZ Limit [m]: 2.279290e+10 
(Instellation) Orbit-averaged INcident STELLar radiATION [kg/sec^3]: 2.573940e+04 
(MeanMotion) Orbital Mean Motion [/sec]: 4.464411e-05 
(OrbPeriod) Orbital Period [sec]: 1.407394e+05 
(SemiMajorAxis) Semi-major Axis [m]: 2.362090e+09 
(LXUVTot) Total XUV Luminosity [kg/sec^3]: -1.000000 
(EscapeVelocity) Escape Velocity [m/sec]: 1.355537e+04 
----- ATMESC PARAMETERS (b)------
(SurfWaterMass) Surface water mass [kg]: 0.000000 
(EnvelopeMass) Envelope mass [kg]: 0.000000 
(OxygenMass) Oxygen mass in the atmosphere [kg]: 0.000000 
(RGLimit) Runaway greenhouse semi-major axis [m]: 1.052890e+10 
(XO) Atomic oxygen mixing ratio in upper atmosphere []: 0.000000 
(EtaO) Oxygen eta parameter (Luger and Barnes 2015) []: 0.000000 
(PlanetRadius) Planet radius [m]: 7.177177e+06 
(OxygenMantleMass) Mass of oxygen in mantle [kg]: 0.000000 
(RadXUV) XUV radius separating hydro. dyn. escape and equilibrium [m]: -1.000000 
(RadSolid) Radius to the solid surface [m]: -1.000000 
(PresXUV) Pressure at base of thermosphere [(null)]: 5.000000 
(ScaleHeight) Scale height in Lehmer & Catling (2016) model [m]: -1.000000 
(ThermTemp) Isothermal atmospheric temperature [K]: 400.000000 
(AtmGasConst) Atmospheric gas constant [(null)]: 4124.000000 
(PresSurf) Surface pressure due to atmosphere [Pa]: -1.000000 
(DEnvMassDt) Envelope Mass Loss Rate [kg/s]: 0.000000 
(FXUV) XUV flux [W/m^2]: 5.249931 
(AtmXAbsEffH2O) XUV atmospheric escape efficiency for H2O []: 0.300000 
(RocheRadius) Roche Lobe Radius [m]: 4.795523e+07 
(BondiRadius) Bondi Radius [m]: 6.019350e+08 
(HEscapeRegime) Integer flag for H envelope escape regime []: 8.000000 
(RRCriticalFlux) Critical XUV Flux that separates RR and energy-limited escape [W/m^2]: 62.303430 
(CrossoverMass) Crossover mass, defines oxygen is escaping if mc > mo [kg]: 0.000000 
(WaterEscapeRegime) What water escape regime the code is currently in []: 8.000000 
(FXUVCRITDRAG) Critical Drag XUV flux [W/m^2]: 0.511565 
(HREFFLUX) The Hydrogen Reference Flux (m^-2 s^-1) [m^-2 s^-1]: 3.320865e+18 
(XO2) Molecular oxygen mixing ratio in atmosphere []: 0.000000 
(XH2O) Water mixing ratio in upper atmosphere []: 0.000000 
(HDiffFlux) The Hydrogen Diffusion Flux (m^-2 s^-1) [m^-2 s^-1]: 2.478693e+17 
(HRefODragMod) Multiply by H ref flux to get flux with drag []: 1.000000 
(KTide) Mass loss enhancement due to stellar gravity []: 0.777180 
(CumulativeXUVFlux) Cumulative XUV flux [W/m^2]: 2.700993e+18 
(RunawayGreenhouseFlux) Incident flux that triggers runaway greenhouse [kg/sec^3]: 1295.375602 
(RGDuration) Runaway Greenhouse Duration [years]: 0.00000e+00

Output Order: Time[year] CumulativeXUVFlux[W/m^2]
Grid Output Order:
