-------- Log file gj1132.log -------

Executable: /home/vplanet/.local/bin/vplanet
Version: Unknown
System Name: gj1132
Primary Input File: vpl.in
Body File #1: star.in
Body File #2: b.in
Allow files to be overwitten: Yes
Mass Units: Grams
Length Units: Meters
Time Units: Seconds
Angle Units: Radians

------- FORMATTING -----
Verbosity Level: 5
Crossover Decade for Scientific Notation: 4
Number of Digits After Decimal: 6
Integration Method: Runge-Kutta4
Direction: Forward
Time Step: 3.155760e+07
Stop Time: 2.201382e+17
Output Interval: 3.155760e+13
Use Variable Timestep: Yes
dEta: 0.010000
Minimum Value of ecc and obl: 1.000000e-10


---- INITIAL SYSTEM PROPERTIES ----
(Age) System Age [sec]: 1.197423e+14 
(Time) Simulation Time [sec]: 0.000000 
(TotAngMom) Total Angular Momentum [kg*m^2/sec]: 1.857135e+42 
(TotEnergy) Total System Energy [kg*m^2/sec^2]: -9.991809e+39 
(PotEnergy) Body's non-orbital Potential Energy [kg*m^2/sec^2]: -1.005920e+40 
(KinEnergy) Body's non-orbital Kinetic Energy [kg*m^2/sec^2]: 6.744083e+37 
(DeltaTime) Average Timestep Over Last Output Interval [sec]: 0.000000 

----- BODY: star ----
Active Modules: FLARE STELLAR
Module Bit Sum: 577
Color: 000000
(Mass) Mass [kg]: 3.787778e+29 
(Radius) Radius [m]: 5.711649e+08 
(RadGyra) Radius of Gyration/Moment of Inertia Constant []: 0.454314 
(RotAngMom) Rotational Angular Momentum [kg*m^2/sec]: 1.854756e+42 
(RotVel) Rotational Velocity [m/sec]: 4.153628e+04 
(BodyType) Type of Body (0 == planet) []: 0.000000 
(RotRate) Rotational Frequency [/sec]: 7.272205e-05 
(RotPer) Rotational Period [sec]: 8.640000e+04 
(Density) Average Density [kg/m^3]: 485.301294 
(HZLimitDryRunaway) Semi-major axis of Dry Runaway HZ Limit [m]: 3.369471e+10 
(HZLimRecVenus) Recent Venus HZ Limit [m]: 3.020772e+10 
(HZLimRunaway) Runaway Greenhouse HZ Limit [m]: 3.982648e+10 
(HZLimMoistGreenhouse) Moist Greenhouse HZ Limit [m]: 3.996978e+10 
(HZLimMaxGreenhouse) Maximum Greenhouse HZ Limit [m]: 7.607054e+10 
(HZLimEarlyMars) Early Mars HZ Limit [m]: 8.296299e+10 
(Instellation) Orbit-averaged INcident STELLar radiATION [kg/sec^3]: -1.000000 
(CriticalSemiMajorAxis) Holman & Wiegert (1999) P-type Critical Semi-major Axis [m]: -1.000000 
(LXUVTot) Total XUV Luminosity [LSUN]: 8.476025e-05 
(LostEnergy) Body's Total Lost Energy [kg*m^2/sec^2]: 5.562685e-309 
(LostAngMom) Lost Angular Momentum due to Magnetic Braking [kg*m^2/sec]: 5.562685e-309 
(EscapeVelocity) Escape Velocity [m/sec]: 2.975286e+05 
----- STELLAR PARAMETERS (star)------
(Luminosity) Luminosity [LSUN]: 0.061579 
(LXUVStellar) Base X-ray/XUV Luminosity [LSUN]: 8.392692e-05 
(Temperature) Effective Temperature [K]: 3173.167027 
(LXUVFrac) Fraction of luminosity in XUV []: 0.001363 
(RossbyNumber) Rossby Number []: 0.016163 
(DRotPerDtStellar) Time Rate of Change of Rotation Period in STELLAR []: -1.572942e-10 
(WindTorque) Stellar Wind Torque []: 8.650086e+27 
----- FLARE PARAMETERS (star)------
(LXUVFlare) XUV Luminosity from flares [LSUN]: 8.333312e-07 
(FlareFreq1) First value of flare frequency range [/sec]: 3.095880e-05 
(FlareFreq2) Second value of flare frequency range [/sec]: 2.693829e-05 
(FlareFreq3) Third value of flare frequency range [/sec]: 2.343990e-05 
(FlareFreq4) Fourth value of flare frequency range [/sec]: 2.039584e-05 
(FlareFreqMin) Frequency of the flares with the lowest energy [/sec]: 3.095880e-05 
(FlareFreqMid) Frequency of the flares with the middle energy in the energy range [/sec]: 7.702691e-06 
(FlareFreqMax) Frequency of the flares with the highest energy [/sec]: 1.916465e-06 
(FlareEnergy1) First value of flare energy range [kg*m^2/sec^2]: 5.334000e+23 
(FlareEnergy2) Second value of flare energy range [kg*m^2/sec^2]: 6.715108e+23 
(FlareEnergy3) Third value of flare energy range [kg*m^2/sec^2]: 8.453820e+23 
(FlareEnergy4) Fourth value of flare energy range [kg*m^2/sec^2]: 1.064273e+24 
(FlareEnergyMin) Minimum flare energy [kg*m^2/sec^2]: 5.334000e+23 
(FlareEnergyMid) Middle flare energy in the range of energy values [kg*m^2/sec^2]: 5.334000e+24 
(FlareEnergyMax) Maximum flare energy [kg*m^2/sec^2]: 5.334000e+25 
(FlareYIntOUT) Instantaneous Davenport FFD y-intercept at current age and mass []: 18.990791 
(FlareSlopeOUT) Instantaneous Davenport FFD slope at current age and mass []: -0.604142 

Output Order: Time[year] Luminosity[LSUN] LXUVStellar[LSUN] LXUVFlare[LSUN] LXUVTot[LSUN]
Grid Output Order:

----- BODY: b ----
Active Modules: AtmEsc
Module Bit Sum: 9
Color: 000000
(Mass) Mass [kg]: 9.797278e+24 
(Radius) Radius [m]: 7.275134e+06 
(RadGyra) Radius of Gyration/Moment of Inertia Constant []: 0.500000 
(BodyType) Type of Body (0 == planet) []: 0.000000 
(Density) Average Density [kg/m^3]: 6074.266185 
(HZLimitDryRunaway) Semi-major axis of Dry Runaway HZ Limit [m]: 3.369524e+10 
(HZLimRecVenus) Recent Venus HZ Limit [m]: 3.020772e+10 
(HZLimRunaway) Runaway Greenhouse HZ Limit [m]: 3.982648e+10 
(HZLimMoistGreenhouse) Moist Greenhouse HZ Limit [m]: 3.996978e+10 
(HZLimMaxGreenhouse) Maximum Greenhouse HZ Limit [m]: 7.607054e+10 
(HZLimEarlyMars) Early Mars HZ Limit [m]: 8.296299e+10 
(Instellation) Orbit-averaged INcident STELLar radiATION [kg/sec^3]: 3.465064e+05 
(MeanMotion) Orbital Mean Motion [/sec]: 4.464314e-05 
(OrbPeriod) Orbital Period [sec]: 1.407425e+05 
(SemiMajorAxis) Semi-major Axis [m]: 2.332188e+09 
(LXUVTot) Total XUV Luminosity [kg/sec^3]: -1.000000 
(EscapeVelocity) Escape Velocity [m/sec]: 1.340755e+04 
----- ATMESC PARAMETERS (b)------
(SurfWaterMass) Surface water mass [kg]: 0.000000 
(EnvelopeMass) Envelope mass [kg]: 0.000000 
(OxygenMass) Oxygen mass in the atmosphere [kg]: 0.000000 
(RGLimit) Runaway greenhouse semi-major axis [m]: 3.818187e+10 
(XO) Atomic oxygen mixing ratio in upper atmosphere []: 0.000000 
(EtaO) Oxygen eta parameter (Luger and Barnes 2015) []: 0.000000 
(PlanetRadius) Planet radius [m]: 7.275134e+06 
(OxygenMantleMass) Mass of oxygen in mantle [kg]: 0.000000 
(RadXUV) XUV radius separating hydro. dyn. escape and equilibrium [m]: -1.000000 
(RadSolid) Radius to the solid surface [m]: -1.000000 
(PresXUV) Pressure at base of thermosphere [(null)]: 5.000000 
(ScaleHeight) Scale height in Lehmer & Catling (2016) model [m]: -1.000000 
(ThermTemp) Isothermal atmospheric temperature [K]: 400.000000 
(AtmGasConst) Atmospheric gas constant [(null)]: 4124.000000 
(PresSurf) Surface pressure due to atmosphere [Pa]: -1.000000 
(DEnvMassDt) Envelope Mass Loss Rate [kg/s]: 0.000000 
(FXUV) XUV flux [W/m^2]: 476.948388 
(AtmXAbsEffH2O) XUV atmospheric escape efficiency for H2O []: 0.300000 
(RocheRadius) Roche Lobe Radius [m]: 4.782226e+07 
(BondiRadius) Bondi Radius [m]: 3.157697e+08 
(HEscapeRegime) Integer flag for H envelope escape regime []: 8.000000 
(RRCriticalFlux) Critical XUV Flux that separates RR and energy-limited escape [W/m^2]: 58.281332 
(CrossoverMass) Crossover mass, defines oxygen is escaping if mc > mo [kg]: 0.000000 
(WaterEscapeRegime) What water escape regime the code is currently in []: 8.000000 
(FXUVCRITDRAG) Critical Drag XUV flux [W/m^2]: 0.483020 
(HREFFLUX) The Hydrogen Reference Flux (m^-2 s^-1) [m^-2 s^-1]: 3.098251e+20 
(XO2) Molecular oxygen mixing ratio in atmosphere []: 0.000000 
(XH2O) Water mixing ratio in upper atmosphere []: 0.000000 
(HDiffFlux) The Hydrogen Diffusion Flux (m^-2 s^-1) [m^-2 s^-1]: 2.392276e+17 
(HRefODragMod) Multiply by H ref flux to get flux with drag []: 1.000000 
(KTide) Mass loss enhancement due to stellar gravity []: 0.773567 
(CumulativeXUVFlux) Cumulative XUV flux [W/m^2]: 0.000000 
(RunawayGreenhouseFlux) Incident flux that triggers runaway greenhouse [kg/sec^3]: 1292.737103 
(RGDuration) Runaway Greenhouse Duration [years]: 0.00000e+00

Output Order: Time[year] CumulativeXUVFlux[W/m^2]
Grid Output Order:



---- FINAL SYSTEM PROPERTIES ----
(Age) System Age [sec]: 2.202616e+17 
(Time) Simulation Time [sec]: 2.201419e+17 
(TotAngMom) Total Angular Momentum [kg*m^2/sec]: 1.863663e+42 
(TotEnergy) Total System Energy [kg*m^2/sec^2]: -9.971888e+39 
(PotEnergy) Body's non-orbital Potential Energy [kg*m^2/sec^2]: -4.013017e+40 
(KinEnergy) Body's non-orbital Kinetic Energy [kg*m^2/sec^2]: 6.133872e+32 
(DeltaTime) Average Timestep Over Last Output Interval [sec]: 7.889400e+12 

----- BODY: star ----
Active Modules: FLARE STELLAR
Module Bit Sum: 577
Color: 000000
(Mass) Mass [kg]: 3.787778e+29 
(Radius) Radius [m]: 1.431706e+08 
(RadGyra) Radius of Gyration/Moment of Inertia Constant []: 0.460513 
(RotAngMom) Rotational Angular Momentum [kg*m^2/sec]: 1.421248e+39 
(RotVel) Rotational Velocity [m/sec]: 123.580133 
(BodyType) Type of Body (0 == planet) []: 0.000000 
(RotRate) Rotational Frequency [/sec]: 8.631672e-07 
(RotPer) Rotational Period [sec]: 7.279222e+06 
(Density) Average Density [kg/m^3]: 3.081305e+04 
(HZLimitDryRunaway) Semi-major axis of Dry Runaway HZ Limit [m]: 8.802743e+09 
(HZLimRecVenus) Recent Venus HZ Limit [m]: 7.882472e+09 
(HZLimRunaway) Runaway Greenhouse HZ Limit [m]: 1.039811e+10 
(HZLimMoistGreenhouse) Moist Greenhouse HZ Limit [m]: 1.042981e+10 
(HZLimMaxGreenhouse) Maximum Greenhouse HZ Limit [m]: 1.980367e+10 
(HZLimEarlyMars) Early Mars HZ Limit [m]: 2.159808e+10 
(Instellation) Orbit-averaged INcident STELLar radiATION [kg/sec^3]: -1.000000 
(CriticalSemiMajorAxis) Holman & Wiegert (1999) P-type Critical Semi-major Axis [m]: -1.000000 
(LXUVTot) Total XUV Luminosity [LSUN]: 6.574755e-07 
(LostEnergy) Body's Total Lost Energy [kg*m^2/sec^2]: 3.015834e+40 
(LostAngMom) Lost Angular Momentum due to Magnetic Braking [kg*m^2/sec]: 1.859863e+42 
(EscapeVelocity) Escape Velocity [m/sec]: 5.942684e+05 
----- STELLAR PARAMETERS (star)------
(Luminosity) Luminosity [LSUN]: 0.004203 
(LXUVStellar) Base X-ray/XUV Luminosity [LSUN]: 2.739894e-07 
(Temperature) Effective Temperature [K]: 3234.606121 
(LXUVFrac) Fraction of luminosity in XUV []: 6.519121e-05 
(RossbyNumber) Rossby Number []: 1.405308 
(DRotPerDtStellar) Time Rate of Change of Rotation Period in STELLAR []: 2.903709e-11 
(WindTorque) Stellar Wind Torque []: 3.241171e+21 
----- FLARE PARAMETERS (star)------
(LXUVFlare) XUV Luminosity from flares [LSUN]: 3.834842e-07 
(FlareFreq1) First value of flare frequency range [/sec]: 8.394998e-05 
(FlareFreq2) Second value of flare frequency range [/sec]: 6.536023e-05 
(FlareFreq3) Third value of flare frequency range [/sec]: 5.088696e-05 
(FlareFreq4) Fourth value of flare frequency range [/sec]: 3.961863e-05 
(FlareFreqMin) Frequency of the flares with the lowest energy [/sec]: 8.394998e-05 
(FlareFreqMid) Frequency of the flares with the middle energy in the energy range [/sec]: 6.869896e-06 
(FlareFreqMax) Frequency of the flares with the highest energy [/sec]: 5.621856e-07 
(FlareEnergy1) First value of flare energy range [kg*m^2/sec^2]: 5.334000e+23 
(FlareEnergy2) Second value of flare energy range [kg*m^2/sec^2]: 6.715108e+23 
(FlareEnergy3) Third value of flare energy range [kg*m^2/sec^2]: 8.453820e+23 
(FlareEnergy4) Fourth value of flare energy range [kg*m^2/sec^2]: 1.064273e+24 
(FlareEnergyMin) Minimum flare energy [kg*m^2/sec^2]: 5.334000e+23 
(FlareEnergyMid) Middle flare energy in the range of energy values [kg*m^2/sec^2]: 5.334000e+24 
(FlareEnergyMax) Maximum flare energy [kg*m^2/sec^2]: 5.334000e+25 
(FlareYIntOUT) Instantaneous Davenport FFD y-intercept at current age and mass []: 34.263005 
(FlareSlopeOUT) Instantaneous Davenport FFD slope at current age and mass []: -1.087070 

Output Order: Time[year] Luminosity[LSUN] LXUVStellar[LSUN] LXUVFlare[LSUN] LXUVTot[LSUN]
Grid Output Order:

----- BODY: b ----
Active Modules: AtmEsc
Module Bit Sum: 9
Color: 000000
(Mass) Mass [kg]: 9.797278e+24 
(Radius) Radius [m]: 7.275134e+06 
(RadGyra) Radius of Gyration/Moment of Inertia Constant []: 0.500000 
(BodyType) Type of Body (0 == planet) []: 0.000000 
(Density) Average Density [kg/m^3]: 6074.266185 
(HZLimitDryRunaway) Semi-major axis of Dry Runaway HZ Limit [m]: 8.802883e+09 
(HZLimRecVenus) Recent Venus HZ Limit [m]: 7.882472e+09 
(HZLimRunaway) Runaway Greenhouse HZ Limit [m]: 1.039811e+10 
(HZLimMoistGreenhouse) Moist Greenhouse HZ Limit [m]: 1.042981e+10 
(HZLimMaxGreenhouse) Maximum Greenhouse HZ Limit [m]: 1.980367e+10 
(HZLimEarlyMars) Early Mars HZ Limit [m]: 2.159808e+10 
(Instellation) Orbit-averaged INcident STELLar radiATION [kg/sec^3]: 2.364960e+04 
(MeanMotion) Orbital Mean Motion [/sec]: 4.464314e-05 
(OrbPeriod) Orbital Period [sec]: 1.407425e+05 
(SemiMajorAxis) Semi-major Axis [m]: 2.332188e+09 
(LXUVTot) Total XUV Luminosity [kg/sec^3]: -1.000000 
(EscapeVelocity) Escape Velocity [m/sec]: 1.340755e+04 
----- ATMESC PARAMETERS (b)------
(SurfWaterMass) Surface water mass [kg]: 0.000000 
(EnvelopeMass) Envelope mass [kg]: 0.000000 
(OxygenMass) Oxygen mass in the atmosphere [kg]: 0.000000 
(RGLimit) Runaway greenhouse semi-major axis [m]: 9.968913e+09 
(XO) Atomic oxygen mixing ratio in upper atmosphere []: 0.000000 
(EtaO) Oxygen eta parameter (Luger and Barnes 2015) []: 0.000000 
(PlanetRadius) Planet radius [m]: 7.275134e+06 
(OxygenMantleMass) Mass of oxygen in mantle [kg]: 0.000000 
(RadXUV) XUV radius separating hydro. dyn. escape and equilibrium [m]: -1.000000 
(RadSolid) Radius to the solid surface [m]: -1.000000 
(PresXUV) Pressure at base of thermosphere [(null)]: 5.000000 
(ScaleHeight) Scale height in Lehmer & Catling (2016) model [m]: -1.000000 
(ThermTemp) Isothermal atmospheric temperature [K]: 400.000000 
(AtmGasConst) Atmospheric gas constant [(null)]: 4124.000000 
(PresSurf) Surface pressure due to atmosphere [Pa]: -1.000000 
(DEnvMassDt) Envelope Mass Loss Rate [kg/s]: 0.000000 
(FXUV) XUV flux [W/m^2]: 3.699634 
(AtmXAbsEffH2O) XUV atmospheric escape efficiency for H2O []: 0.300000 
(RocheRadius) Roche Lobe Radius [m]: 4.782226e+07 
(BondiRadius) Bondi Radius [m]: 6.187224e+08 
(HEscapeRegime) Integer flag for H envelope escape regime []: 8.000000 
(RRCriticalFlux) Critical XUV Flux that separates RR and energy-limited escape [W/m^2]: 58.281332 
(CrossoverMass) Crossover mass, defines oxygen is escaping if mc > mo [kg]: 0.000000 
(WaterEscapeRegime) What water escape regime the code is currently in []: 8.000000 
(FXUVCRITDRAG) Critical Drag XUV flux [W/m^2]: 0.483020 
(HREFFLUX) The Hydrogen Reference Flux (m^-2 s^-1) [m^-2 s^-1]: 2.403277e+18 
(XO2) Molecular oxygen mixing ratio in atmosphere []: 0.000000 
(XH2O) Water mixing ratio in upper atmosphere []: 0.000000 
(HDiffFlux) The Hydrogen Diffusion Flux (m^-2 s^-1) [m^-2 s^-1]: 2.392276e+17 
(HRefODragMod) Multiply by H ref flux to get flux with drag []: 1.000000 
(KTide) Mass loss enhancement due to stellar gravity []: 0.773567 
(CumulativeXUVFlux) Cumulative XUV flux [W/m^2]: 3.364926e+18 
(RunawayGreenhouseFlux) Incident flux that triggers runaway greenhouse [kg/sec^3]: 1294.319888 
(RGDuration) Runaway Greenhouse Duration [years]: 0.00000e+00

Output Order: Time[year] CumulativeXUVFlux[W/m^2]
Grid Output Order:
