-------- Log file gj1132.log -------

Executable: /home/vplanet/.local/bin/vplanet
Version: Unknown
System Name: gj1132
Primary Input File: vpl.in
Body File #1: star.in
Body File #2: b.in
Allow files to be overwitten: Yes
Mass Units: Grams
Length Units: Meters
Time Units: Seconds
Angle Units: Radians

------- FORMATTING -----
Verbosity Level: 5
Crossover Decade for Scientific Notation: 4
Number of Digits After Decimal: 6
Integration Method: Runge-Kutta4
Direction: Forward
Time Step: 3.155760e+07
Stop Time: 2.422781e+17
Output Interval: 3.155760e+13
Use Variable Timestep: Yes
dEta: 0.010000
Minimum Value of ecc and obl: 1.000000e-10


---- INITIAL SYSTEM PROPERTIES ----
(Age) System Age [sec]: 1.495967e+14 
(Time) Simulation Time [sec]: 0.000000 
(TotAngMom) Total Angular Momentum [kg*m^2/sec]: 1.579938e+42 
(TotEnergy) Total System Energy [kg*m^2/sec^2]: -1.093231e+40 
(PotEnergy) Body's non-orbital Potential Energy [kg*m^2/sec^2]: -1.098961e+40 
(KinEnergy) Body's non-orbital Kinetic Energy [kg*m^2/sec^2]: 5.736105e+37 
(DeltaTime) Average Timestep Over Last Output Interval [sec]: 0.000000 

----- BODY: star ----
Active Modules: FLARE STELLAR
Module Bit Sum: 577
Color: 000000
(Mass) Mass [kg]: 3.795102e+29 
(Radius) Radius [m]: 5.248317e+08 
(RadGyra) Radius of Gyration/Moment of Inertia Constant []: 0.455539 
(RotAngMom) Rotational Angular Momentum [kg*m^2/sec]: 1.577542e+42 
(RotVel) Rotational Velocity [m/sec]: 3.816684e+04 
(BodyType) Type of Body (0 == planet) []: 0.000000 
(RotRate) Rotational Frequency [/sec]: 7.272205e-05 
(RotPer) Rotational Period [sec]: 8.640000e+04 
(Density) Average Density [kg/m^3]: 626.721406 
(HZLimitDryRunaway) Semi-major axis of Dry Runaway HZ Limit [m]: 3.130272e+10 
(HZLimRecVenus) Recent Venus HZ Limit [m]: 2.805391e+10 
(HZLimRunaway) Runaway Greenhouse HZ Limit [m]: 3.699261e+10 
(HZLimMoistGreenhouse) Moist Greenhouse HZ Limit [m]: 3.711993e+10 
(HZLimMaxGreenhouse) Maximum Greenhouse HZ Limit [m]: 7.059952e+10 
(HZLimEarlyMars) Early Mars HZ Limit [m]: 7.699633e+10 
(Instellation) Orbit-averaged INcident STELLar radiATION [kg/sec^3]: -1.000000 
(CriticalSemiMajorAxis) Holman & Wiegert (1999) P-type Critical Semi-major Axis [m]: -1.000000 
(LXUVTot) Total XUV Luminosity [LSUN]: 0.000217 
(LostEnergy) Body's Total Lost Energy [kg*m^2/sec^2]: 5.562685e-309 
(LostAngMom) Lost Angular Momentum due to Magnetic Braking [kg*m^2/sec]: 5.562685e-309 
(EscapeVelocity) Escape Velocity [m/sec]: 3.106840e+05 
----- STELLAR PARAMETERS (star)------
(Luminosity) Luminosity [LSUN]: 0.053146 
(LXUVStellar) Base X-ray/XUV Luminosity [LSUN]: 0.000204 
(Temperature) Effective Temperature [K]: 3190.759956 
(LXUVFrac) Fraction of luminosity in XUV []: 0.003845 
(RossbyNumber) Rossby Number []: 0.016310 
(DRotPerDtStellar) Time Rate of Change of Rotation Period in STELLAR []: -1.510453e-10 
(WindTorque) Stellar Wind Torque []: 5.501828e+27 
----- FLARE PARAMETERS (star)------
(LXUVFlare) XUV Luminosity from flares [LSUN]: 1.237721e-05 
(FlareFreq1) First value of flare frequency range [/sec]: 1.839953e-06 
(FlareFreq2) Second value of flare frequency range [/sec]: 1.486959e-06 
(FlareFreq3) Third value of flare frequency range [/sec]: 1.201686e-06 
(FlareFreq4) Fourth value of flare frequency range [/sec]: 9.711430e-07 
(FlareFreqMin) Frequency of the flares with the lowest energy [/sec]: 1.839953e-06 
(FlareFreqMid) Frequency of the flares with the middle energy in the energy range [/sec]: 2.186394e-07 
(FlareFreqMax) Frequency of the flares with the highest energy [/sec]: 2.598065e-08 
(FlareEnergy1) First value of flare energy range [kg*m^2/sec^2]: 5.334000e+25 
(FlareEnergy2) Second value of flare energy range [kg*m^2/sec^2]: 7.534475e+25 
(FlareEnergy3) Third value of flare energy range [kg*m^2/sec^2]: 1.064273e+26 
(FlareEnergy4) Fourth value of flare energy range [kg*m^2/sec^2]: 1.503325e+26 
(FlareEnergyMin) Minimum flare energy [kg*m^2/sec^2]: 5.334000e+25 
(FlareEnergyMid) Middle flare energy in the range of energy values [kg*m^2/sec^2]: 1.686759e+27 
(FlareEnergyMax) Maximum flare energy [kg*m^2/sec^2]: 5.334000e+28 
(FlareYIntOUT) Instantaneous Davenport FFD y-intercept at current age and mass []: 19.384713 
(FlareSlopeOUT) Instantaneous Davenport FFD slope at current age and mass []: -0.616719 

Output Order: Time[year] Luminosity[LSUN] LXUVStellar[LSUN] LXUVFlare[LSUN] LXUVTot[LSUN]
Grid Output Order:

----- BODY: b ----
Active Modules: AtmEsc
Module Bit Sum: 9
Color: 000000
(Mass) Mass [kg]: 9.856145e+24 
(Radius) Radius [m]: 7.309926e+06 
(RadGyra) Radius of Gyration/Moment of Inertia Constant []: 0.500000 
(BodyType) Type of Body (0 == planet) []: 0.000000 
(Density) Average Density [kg/m^3]: 6023.925122 
(HZLimitDryRunaway) Semi-major axis of Dry Runaway HZ Limit [m]: 3.130346e+10 
(HZLimRecVenus) Recent Venus HZ Limit [m]: 2.805391e+10 
(HZLimRunaway) Runaway Greenhouse HZ Limit [m]: 3.699261e+10 
(HZLimMoistGreenhouse) Moist Greenhouse HZ Limit [m]: 3.711993e+10 
(HZLimMaxGreenhouse) Maximum Greenhouse HZ Limit [m]: 7.059952e+10 
(HZLimEarlyMars) Early Mars HZ Limit [m]: 7.699633e+10 
(Instellation) Orbit-averaged INcident STELLar radiATION [kg/sec^3]: 2.986788e+05 
(MeanMotion) Orbital Mean Motion [/sec]: 4.464379e-05 
(OrbPeriod) Orbital Period [sec]: 1.407404e+05 
(SemiMajorAxis) Semi-major Axis [m]: 2.333668e+09 
(LXUVTot) Total XUV Luminosity [kg/sec^3]: -1.000000 
(EscapeVelocity) Escape Velocity [m/sec]: 1.341573e+04 
----- ATMESC PARAMETERS (b)------
(SurfWaterMass) Surface water mass [kg]: 0.000000 
(EnvelopeMass) Envelope mass [kg]: 0.000000 
(OxygenMass) Oxygen mass in the atmosphere [kg]: 0.000000 
(RGLimit) Runaway greenhouse semi-major axis [m]: 3.546012e+10 
(XO) Atomic oxygen mixing ratio in upper atmosphere []: 0.000000 
(EtaO) Oxygen eta parameter (Luger and Barnes 2015) []: 0.000000 
(PlanetRadius) Planet radius [m]: 7.309926e+06 
(OxygenMantleMass) Mass of oxygen in mantle [kg]: 0.000000 
(RadXUV) XUV radius separating hydro. dyn. escape and equilibrium [m]: -1.000000 
(RadSolid) Radius to the solid surface [m]: -1.000000 
(PresXUV) Pressure at base of thermosphere [(null)]: 5.000000 
(ScaleHeight) Scale height in Lehmer & Catling (2016) model [m]: -1.000000 
(ThermTemp) Isothermal atmospheric temperature [K]: 400.000000 
(AtmGasConst) Atmospheric gas constant [(null)]: 4124.000000 
(PresSurf) Surface pressure due to atmosphere [Pa]: -1.000000 
(DEnvMassDt) Envelope Mass Loss Rate [kg/s]: 0.000000 
(FXUV) XUV flux [W/m^2]: 1217.853694 
(AtmXAbsEffH2O) XUV atmospheric escape efficiency for H2O []: 0.300000 
(RocheRadius) Roche Lobe Radius [m]: 4.791739e+07 
(BondiRadius) Bondi Radius [m]: 3.294609e+08 
(HEscapeRegime) Integer flag for H envelope escape regime []: 8.000000 
(RRCriticalFlux) Critical XUV Flux that separates RR and energy-limited escape [W/m^2]: 58.052233 
(CrossoverMass) Crossover mass, defines oxygen is escaping if mc > mo [kg]: 0.000000 
(WaterEscapeRegime) What water escape regime the code is currently in []: 8.000000 
(FXUVCRITDRAG) Critical Drag XUV flux [W/m^2]: 0.481895 
(HREFFLUX) The Hydrogen Reference Flux (m^-2 s^-1) [m^-2 s^-1]: 7.907871e+20 
(XO2) Molecular oxygen mixing ratio in atmosphere []: 0.000000 
(XH2O) Water mixing ratio in upper atmosphere []: 0.000000 
(HDiffFlux) The Hydrogen Diffusion Flux (m^-2 s^-1) [m^-2 s^-1]: 2.383795e+17 
(HRefODragMod) Multiply by H ref flux to get flux with drag []: 1.000000 
(KTide) Mass loss enhancement due to stellar gravity []: 0.772946 
(CumulativeXUVFlux) Cumulative XUV flux [W/m^2]: 0.000000 
(RunawayGreenhouseFlux) Incident flux that triggers runaway greenhouse [kg/sec^3]: 1293.544748 
(RGDuration) Runaway Greenhouse Duration [years]: 0.00000e+00

Output Order: Time[year] CumulativeXUVFlux[W/m^2]
Grid Output Order:



---- FINAL SYSTEM PROPERTIES ----
(Age) System Age [sec]: 2.424309e+17 
(Time) Simulation Time [sec]: 2.422814e+17 
(TotAngMom) Total Angular Momentum [kg*m^2/sec]: 1.583597e+42 
(TotEnergy) Total System Energy [kg*m^2/sec^2]: -1.092118e+40 
(PotEnergy) Body's non-orbital Potential Energy [kg*m^2/sec^2]: -4.012316e+40 
(KinEnergy) Body's non-orbital Kinetic Energy [kg*m^2/sec^2]: 5.566685e+32 
(DeltaTime) Average Timestep Over Last Output Interval [sec]: 6.311520e+12 

----- BODY: star ----
Active Modules: FLARE STELLAR
Module Bit Sum: 577
Color: 000000
(Mass) Mass [kg]: 3.795102e+29 
(Radius) Radius [m]: 1.437498e+08 
(RadGyra) Radius of Gyration/Moment of Inertia Constant []: 0.460499 
(RotAngMom) Rotational Angular Momentum [kg*m^2/sec]: 1.360697e+39 
(RotVel) Rotational Velocity [m/sec]: 117.617646 
(BodyType) Type of Body (0 == planet) []: 0.000000 
(RotRate) Rotational Frequency [/sec]: 8.182106e-07 
(RotPer) Rotational Period [sec]: 7.679179e+06 
(Density) Average Density [kg/m^3]: 3.050090e+04 
(HZLimitDryRunaway) Semi-major axis of Dry Runaway HZ Limit [m]: 8.834973e+09 
(HZLimRecVenus) Recent Venus HZ Limit [m]: 7.911129e+09 
(HZLimRunaway) Runaway Greenhouse HZ Limit [m]: 1.043603e+10 
(HZLimMoistGreenhouse) Moist Greenhouse HZ Limit [m]: 1.046772e+10 
(HZLimMaxGreenhouse) Maximum Greenhouse HZ Limit [m]: 1.987466e+10 
(HZLimEarlyMars) Early Mars HZ Limit [m]: 2.167551e+10 
(Instellation) Orbit-averaged INcident STELLar radiATION [kg/sec^3]: -1.000000 
(CriticalSemiMajorAxis) Holman & Wiegert (1999) P-type Critical Semi-major Axis [m]: -1.000000 
(LXUVTot) Total XUV Luminosity [LSUN]: 9.620336e-07 
(LostEnergy) Body's Total Lost Energy [kg*m^2/sec^2]: 2.920203e+40 
(LostAngMom) Lost Angular Momentum due to Magnetic Braking [kg*m^2/sec]: 1.579840e+42 
(EscapeVelocity) Escape Velocity [m/sec]: 5.936428e+05 
----- STELLAR PARAMETERS (star)------
(Luminosity) Luminosity [LSUN]: 0.004234 
(LXUVStellar) Base X-ray/XUV Luminosity [LSUN]: 6.177635e-07 
(Temperature) Effective Temperature [K]: 3235.926637 
(LXUVFrac) Fraction of luminosity in XUV []: 0.000146 
(RossbyNumber) Rossby Number []: 1.483526 
(DRotPerDtStellar) Time Rate of Change of Rotation Period in STELLAR []: 1.424885e-11 
(WindTorque) Stellar Wind Torque []: 2.531316e+21 
----- FLARE PARAMETERS (star)------
(LXUVFlare) XUV Luminosity from flares [LSUN]: 3.442674e-07 
(FlareFreq1) First value of flare frequency range [/sec]: 5.565975e-07 
(FlareFreq2) Second value of flare frequency range [/sec]: 3.815123e-07 
(FlareFreq3) Third value of flare frequency range [/sec]: 2.615025e-07 
(FlareFreq4) Fourth value of flare frequency range [/sec]: 1.792434e-07 
(FlareFreqMin) Frequency of the flares with the lowest energy [/sec]: 5.565975e-07 
(FlareFreqMid) Frequency of the flares with the middle energy in the energy range [/sec]: 1.274131e-08 
(FlareFreqMax) Frequency of the flares with the highest energy [/sec]: 2.916669e-10 
(FlareEnergy1) First value of flare energy range [kg*m^2/sec^2]: 5.334000e+25 
(FlareEnergy2) Second value of flare energy range [kg*m^2/sec^2]: 7.534475e+25 
(FlareEnergy3) Third value of flare energy range [kg*m^2/sec^2]: 1.064273e+26 
(FlareEnergy4) Fourth value of flare energy range [kg*m^2/sec^2]: 1.503325e+26 
(FlareEnergyMin) Minimum flare energy [kg*m^2/sec^2]: 5.334000e+25 
(FlareEnergyMid) Middle flare energy in the range of energy values [kg*m^2/sec^2]: 1.686759e+27 
(FlareEnergyMax) Maximum flare energy [kg*m^2/sec^2]: 5.334000e+28 
(FlareYIntOUT) Instantaneous Davenport FFD y-intercept at current age and mass []: 34.470768 
(FlareSlopeOUT) Instantaneous Davenport FFD slope at current age and mass []: -1.093551 

Output Order: Time[year] Luminosity[LSUN] LXUVStellar[LSUN] LXUVFlare[LSUN] LXUVTot[LSUN]
Grid Output Order:

----- BODY: b ----
Active Modules: AtmEsc
Module Bit Sum: 9
Color: 000000
(Mass) Mass [kg]: 9.856145e+24 
(Radius) Radius [m]: 7.309926e+06 
(RadGyra) Radius of Gyration/Moment of Inertia Constant []: 0.500000 
(BodyType) Type of Body (0 == planet) []: 0.000000 
(Density) Average Density [kg/m^3]: 6023.925122 
(HZLimitDryRunaway) Semi-major axis of Dry Runaway HZ Limit [m]: 8.835183e+09 
(HZLimRecVenus) Recent Venus HZ Limit [m]: 7.911129e+09 
(HZLimRunaway) Runaway Greenhouse HZ Limit [m]: 1.043603e+10 
(HZLimMoistGreenhouse) Moist Greenhouse HZ Limit [m]: 1.046772e+10 
(HZLimMaxGreenhouse) Maximum Greenhouse HZ Limit [m]: 1.987466e+10 
(HZLimEarlyMars) Early Mars HZ Limit [m]: 2.167551e+10 
(Instellation) Orbit-averaged INcident STELLar radiATION [kg/sec^3]: 2.379309e+04 
(MeanMotion) Orbital Mean Motion [/sec]: 4.464379e-05 
(OrbPeriod) Orbital Period [sec]: 1.407404e+05 
(SemiMajorAxis) Semi-major Axis [m]: 2.333668e+09 
(LXUVTot) Total XUV Luminosity [kg/sec^3]: -1.000000 
(EscapeVelocity) Escape Velocity [m/sec]: 1.341573e+04 
----- ATMESC PARAMETERS (b)------
(SurfWaterMass) Surface water mass [kg]: 0.000000 
(EnvelopeMass) Envelope mass [kg]: 0.000000 
(OxygenMass) Oxygen mass in the atmosphere [kg]: 0.000000 
(RGLimit) Runaway greenhouse semi-major axis [m]: 1.000386e+10 
(XO) Atomic oxygen mixing ratio in upper atmosphere []: 0.000000 
(EtaO) Oxygen eta parameter (Luger and Barnes 2015) []: 0.000000 
(PlanetRadius) Planet radius [m]: 7.309926e+06 
(OxygenMantleMass) Mass of oxygen in mantle [kg]: 0.000000 
(RadXUV) XUV radius separating hydro. dyn. escape and equilibrium [m]: -1.000000 
(RadSolid) Radius to the solid surface [m]: -1.000000 
(PresXUV) Pressure at base of thermosphere [(null)]: 5.000000 
(ScaleHeight) Scale height in Lehmer & Catling (2016) model [m]: -1.000000 
(ThermTemp) Isothermal atmospheric temperature [K]: 400.000000 
(AtmGasConst) Atmospheric gas constant [(null)]: 4124.000000 
(PresSurf) Surface pressure due to atmosphere [Pa]: -1.000000 
(DEnvMassDt) Envelope Mass Loss Rate [kg/s]: 0.000000 
(FXUV) XUV flux [W/m^2]: 5.406571 
(AtmXAbsEffH2O) XUV atmospheric escape efficiency for H2O []: 0.300000 
(RocheRadius) Roche Lobe Radius [m]: 4.791739e+07 
(BondiRadius) Bondi Radius [m]: 6.207342e+08 
(HEscapeRegime) Integer flag for H envelope escape regime []: 8.000000 
(RRCriticalFlux) Critical XUV Flux that separates RR and energy-limited escape [W/m^2]: 58.052233 
(CrossoverMass) Crossover mass, defines oxygen is escaping if mc > mo [kg]: 0.000000 
(WaterEscapeRegime) What water escape regime the code is currently in []: 8.000000 
(FXUVCRITDRAG) Critical Drag XUV flux [W/m^2]: 0.481895 
(HREFFLUX) The Hydrogen Reference Flux (m^-2 s^-1) [m^-2 s^-1]: 3.510640e+18 
(XO2) Molecular oxygen mixing ratio in atmosphere []: 0.000000 
(XH2O) Water mixing ratio in upper atmosphere []: 0.000000 
(HDiffFlux) The Hydrogen Diffusion Flux (m^-2 s^-1) [m^-2 s^-1]: 2.383795e+17 
(HRefODragMod) Multiply by H ref flux to get flux with drag []: 1.000000 
(KTide) Mass loss enhancement due to stellar gravity []: 0.772946 
(CumulativeXUVFlux) Cumulative XUV flux [W/m^2]: 5.342248e+18 
(RunawayGreenhouseFlux) Incident flux that triggers runaway greenhouse [kg/sec^3]: 1294.712136 
(RGDuration) Runaway Greenhouse Duration [years]: 0.00000e+00

Output Order: Time[year] CumulativeXUVFlux[W/m^2]
Grid Output Order:
