-------- Log file gj1132.log -------

Executable: /home/vplanet/.local/bin/vplanet
Version: Unknown
System Name: gj1132
Primary Input File: vpl.in
Body File #1: star.in
Body File #2: b.in
Allow files to be overwitten: Yes
Mass Units: Grams
Length Units: Meters
Time Units: Seconds
Angle Units: Radians

------- FORMATTING -----
Verbosity Level: 5
Crossover Decade for Scientific Notation: 4
Number of Digits After Decimal: 6
Integration Method: Runge-Kutta4
Direction: Forward
Time Step: 3.155760e+07
Stop Time: 2.296318e+17
Output Interval: 3.155760e+13
Use Variable Timestep: Yes
dEta: 0.010000
Minimum Value of ecc and obl: 1.000000e-10


---- INITIAL SYSTEM PROPERTIES ----
(Age) System Age [sec]: 2.292158e+14 
(Time) Simulation Time [sec]: 0.000000 
(TotAngMom) Total Angular Momentum [kg*m^2/sec]: 1.193359e+42 
(TotEnergy) Total System Energy [kg*m^2/sec^2]: -1.322200e+40 
(PotEnergy) Body's non-orbital Potential Energy [kg*m^2/sec^2]: -1.326525e+40 
(KinEnergy) Body's non-orbital Kinetic Energy [kg*m^2/sec^2]: 4.330267e+37 
(DeltaTime) Average Timestep Over Last Output Interval [sec]: 0.000000 

----- BODY: star ----
Active Modules: FLARE STELLAR
Module Bit Sum: 577
Color: 000000
(Mass) Mass [kg]: 3.862292e+29 
(Radius) Radius [m]: 4.503296e+08 
(RadGyra) Radius of Gyration/Moment of Inertia Constant []: 0.457249 
(RotAngMom) Rotational Angular Momentum [kg*m^2/sec]: 1.190909e+42 
(RotVel) Rotational Velocity [m/sec]: 3.274889e+04 
(BodyType) Type of Body (0 == planet) []: 0.000000 
(RotRate) Rotational Frequency [/sec]: 7.272205e-05 
(RotPer) Rotational Period [sec]: 8.640000e+04 
(Density) Average Density [kg/m^3]: 1009.636702 
(HZLimitDryRunaway) Semi-major axis of Dry Runaway HZ Limit [m]: 2.732025e+10 
(HZLimRecVenus) Recent Venus HZ Limit [m]: 2.447225e+10 
(HZLimRunaway) Runaway Greenhouse HZ Limit [m]: 3.227742e+10 
(HZLimMoistGreenhouse) Moist Greenhouse HZ Limit [m]: 3.238081e+10 
(HZLimMaxGreenhouse) Maximum Greenhouse HZ Limit [m]: 6.152358e+10 
(HZLimEarlyMars) Early Mars HZ Limit [m]: 6.709816e+10 
(Instellation) Orbit-averaged INcident STELLar radiATION [kg/sec^3]: -1.000000 
(CriticalSemiMajorAxis) Holman & Wiegert (1999) P-type Critical Semi-major Axis [m]: -1.000000 
(LXUVTot) Total XUV Luminosity [LSUN]: 0.000908 
(LostEnergy) Body's Total Lost Energy [kg*m^2/sec^2]: 5.562685e-309 
(LostAngMom) Lost Angular Momentum due to Magnetic Braking [kg*m^2/sec]: 5.562685e-309 
(EscapeVelocity) Escape Velocity [m/sec]: 3.383565e+05 
----- STELLAR PARAMETERS (star)------
(Luminosity) Luminosity [LSUN]: 0.040484 
(LXUVStellar) Base X-ray/XUV Luminosity [LSUN]: 0.000898 
(Temperature) Effective Temperature [K]: 3217.424575 
(LXUVFrac) Fraction of luminosity in XUV []: 0.022172 
(RossbyNumber) Rossby Number []: 0.016534 
(DRotPerDtStellar) Time Rate of Change of Rotation Period in STELLAR []: -1.105539e-10 
(WindTorque) Stellar Wind Torque []: 2.403336e+27 
----- FLARE PARAMETERS (star)------
(LXUVFlare) XUV Luminosity from flares [LSUN]: 9.967349e-06 
(FlareFreq1) First value of flare frequency range [/sec]: 1.710403e-06 
(FlareFreq2) Second value of flare frequency range [/sec]: 1.370358e-06 
(FlareFreq3) Third value of flare frequency range [/sec]: 1.097917e-06 
(FlareFreq4) Fourth value of flare frequency range [/sec]: 8.796403e-07 
(FlareFreqMin) Frequency of the flares with the lowest energy [/sec]: 1.710403e-06 
(FlareFreqMid) Frequency of the flares with the middle energy in the energy range [/sec]: 1.864036e-07 
(FlareFreqMax) Frequency of the flares with the highest energy [/sec]: 2.031468e-08 
(FlareEnergy1) First value of flare energy range [kg*m^2/sec^2]: 5.334000e+25 
(FlareEnergy2) Second value of flare energy range [kg*m^2/sec^2]: 7.534475e+25 
(FlareEnergy3) Third value of flare energy range [kg*m^2/sec^2]: 1.064273e+26 
(FlareEnergy4) Fourth value of flare energy range [kg*m^2/sec^2]: 1.503325e+26 
(FlareEnergyMin) Minimum flare energy [kg*m^2/sec^2]: 5.334000e+25 
(FlareEnergyMid) Middle flare energy in the range of energy values [kg*m^2/sec^2]: 1.686759e+27 
(FlareEnergyMax) Maximum flare energy [kg*m^2/sec^2]: 5.334000e+28 
(FlareYIntOUT) Instantaneous Davenport FFD y-intercept at current age and mass []: 20.172616 
(FlareSlopeOUT) Instantaneous Davenport FFD slope at current age and mass []: -0.641763 

Output Order: Time[year] Luminosity[LSUN] LXUVStellar[LSUN] LXUVFlare[LSUN] LXUVTot[LSUN]
Grid Output Order:

----- BODY: b ----
Active Modules: AtmEsc
Module Bit Sum: 9
Color: 000000
(Mass) Mass [kg]: 9.961608e+24 
(Radius) Radius [m]: 7.137663e+06 
(RadGyra) Radius of Gyration/Moment of Inertia Constant []: 0.500000 
(BodyType) Type of Body (0 == planet) []: 0.000000 
(Density) Average Density [kg/m^3]: 6539.922944 
(HZLimitDryRunaway) Semi-major axis of Dry Runaway HZ Limit [m]: 2.732062e+10 
(HZLimRecVenus) Recent Venus HZ Limit [m]: 2.447225e+10 
(HZLimRunaway) Runaway Greenhouse HZ Limit [m]: 3.227742e+10 
(HZLimMoistGreenhouse) Moist Greenhouse HZ Limit [m]: 3.238081e+10 
(HZLimMaxGreenhouse) Maximum Greenhouse HZ Limit [m]: 6.152358e+10 
(HZLimEarlyMars) Early Mars HZ Limit [m]: 6.709816e+10 
(Instellation) Orbit-averaged INcident STELLar radiATION [kg/sec^3]: 2.248681e+05 
(MeanMotion) Orbital Mean Motion [/sec]: 4.464407e-05 
(OrbPeriod) Orbital Period [sec]: 1.407395e+05 
(SemiMajorAxis) Semi-major Axis [m]: 2.347349e+09 
(LXUVTot) Total XUV Luminosity [kg/sec^3]: -1.000000 
(EscapeVelocity) Escape Velocity [m/sec]: 1.364910e+04 
----- ATMESC PARAMETERS (b)------
(SurfWaterMass) Surface water mass [kg]: 0.000000 
(EnvelopeMass) Envelope mass [kg]: 0.000000 
(OxygenMass) Oxygen mass in the atmosphere [kg]: 0.000000 
(RGLimit) Runaway greenhouse semi-major axis [m]: 3.093309e+10 
(XO) Atomic oxygen mixing ratio in upper atmosphere []: 0.000000 
(EtaO) Oxygen eta parameter (Luger and Barnes 2015) []: 0.000000 
(PlanetRadius) Planet radius [m]: 7.137663e+06 
(OxygenMantleMass) Mass of oxygen in mantle [kg]: 0.000000 
(RadXUV) XUV radius separating hydro. dyn. escape and equilibrium [m]: -1.000000 
(RadSolid) Radius to the solid surface [m]: -1.000000 
(PresXUV) Pressure at base of thermosphere [(null)]: 5.000000 
(ScaleHeight) Scale height in Lehmer & Catling (2016) model [m]: -1.000000 
(ThermTemp) Isothermal atmospheric temperature [K]: 400.000000 
(AtmGasConst) Atmospheric gas constant [(null)]: 4124.000000 
(PresSurf) Surface pressure due to atmosphere [Pa]: -1.000000 
(DEnvMassDt) Envelope Mass Loss Rate [kg/s]: 0.000000 
(FXUV) XUV flux [W/m^2]: 5041.059696 
(AtmXAbsEffH2O) XUV atmospheric escape efficiency for H2O []: 0.300000 
(RocheRadius) Roche Lobe Radius [m]: 4.808749e+07 
(BondiRadius) Bondi Radius [m]: 3.554573e+08 
(HEscapeRegime) Integer flag for H envelope escape regime []: 8.000000 
(RRCriticalFlux) Critical XUV Flux that separates RR and energy-limited escape [W/m^2]: 64.699132 
(CrossoverMass) Crossover mass, defines oxygen is escaping if mc > mo [kg]: 0.000000 
(WaterEscapeRegime) What water escape regime the code is currently in []: 8.000000 
(FXUVCRITDRAG) Critical Drag XUV flux [W/m^2]: 0.528772 
(HREFFLUX) The Hydrogen Reference Flux (m^-2 s^-1) [m^-2 s^-1]: 3.137798e+21 
(XO2) Molecular oxygen mixing ratio in atmosphere []: 0.000000 
(XH2O) Water mixing ratio in upper atmosphere []: 0.000000 
(HDiffFlux) The Hydrogen Diffusion Flux (m^-2 s^-1) [m^-2 s^-1]: 2.526999e+17 
(HRefODragMod) Multiply by H ref flux to get flux with drag []: 1.000000 
(KTide) Mass loss enhancement due to stellar gravity []: 0.778989 
(CumulativeXUVFlux) Cumulative XUV flux [W/m^2]: 0.000000 
(RunawayGreenhouseFlux) Incident flux that triggers runaway greenhouse [kg/sec^3]: 1294.867109 
(RGDuration) Runaway Greenhouse Duration [years]: 0.00000e+00

Output Order: Time[year] CumulativeXUVFlux[W/m^2]
Grid Output Order:



---- FINAL SYSTEM PROPERTIES ----
(Age) System Age [sec]: 2.298739e+17 
(Time) Simulation Time [sec]: 2.296447e+17 
(TotAngMom) Total Angular Momentum [kg*m^2/sec]: 1.195836e+42 
(TotEnergy) Total System Energy [kg*m^2/sec^2]: -1.320835e+40 
(PotEnergy) Body's non-orbital Potential Energy [kg*m^2/sec^2]: -4.082688e+40 
(KinEnergy) Body's non-orbital Kinetic Energy [kg*m^2/sec^2]: 5.924729e+32 
(DeltaTime) Average Timestep Over Last Output Interval [sec]: 1.577880e+13 

----- BODY: star ----
Active Modules: FLARE STELLAR
Module Bit Sum: 577
Color: 000000
(Mass) Mass [kg]: 3.862292e+29 
(Radius) Radius [m]: 1.463187e+08 
(RadGyra) Radius of Gyration/Moment of Inertia Constant []: 0.460370 
(RotAngMom) Rotational Angular Momentum [kg*m^2/sec]: 1.441049e+39 
(RotVel) Rotational Velocity [m/sec]: 120.314919 
(BodyType) Type of Body (0 == planet) []: 0.000000 
(RotRate) Rotational Frequency [/sec]: 8.222800e-07 
(RotPer) Rotational Period [sec]: 7.641175e+06 
(Density) Average Density [kg/m^3]: 2.943454e+04 
(HZLimitDryRunaway) Semi-major axis of Dry Runaway HZ Limit [m]: 9.031893e+09 
(HZLimRecVenus) Recent Venus HZ Limit [m]: 8.086117e+09 
(HZLimRunaway) Runaway Greenhouse HZ Limit [m]: 1.066768e+10 
(HZLimMoistGreenhouse) Moist Greenhouse HZ Limit [m]: 1.069926e+10 
(HZLimMaxGreenhouse) Maximum Greenhouse HZ Limit [m]: 2.030769e+10 
(HZLimEarlyMars) Early Mars HZ Limit [m]: 2.214778e+10 
(Instellation) Orbit-averaged INcident STELLar radiATION [kg/sec^3]: -1.000000 
(CriticalSemiMajorAxis) Holman & Wiegert (1999) P-type Critical Semi-major Axis [m]: -1.000000 
(LXUVTot) Total XUV Luminosity [LSUN]: 1.753907e-06 
(LostEnergy) Body's Total Lost Energy [kg*m^2/sec^2]: 2.761858e+40 
(LostAngMom) Lost Angular Momentum due to Magnetic Braking [kg*m^2/sec]: 1.191944e+42 
(EscapeVelocity) Escape Velocity [m/sec]: 5.935945e+05 
----- STELLAR PARAMETERS (star)------
(Luminosity) Luminosity [LSUN]: 0.004425 
(LXUVStellar) Base X-ray/XUV Luminosity [LSUN]: 1.398229e-06 
(Temperature) Effective Temperature [K]: 3244.412660 
(LXUVFrac) Fraction of luminosity in XUV []: 0.000316 
(RossbyNumber) Rossby Number []: 1.482614 
(DRotPerDtStellar) Time Rate of Change of Rotation Period in STELLAR []: 1.449008e-11 
(WindTorque) Stellar Wind Torque []: 2.818801e+21 
----- FLARE PARAMETERS (star)------
(LXUVFlare) XUV Luminosity from flares [LSUN]: 3.556561e-07 
(FlareFreq1) First value of flare frequency range [/sec]: 5.563817e-07 
(FlareFreq2) Second value of flare frequency range [/sec]: 3.824018e-07 
(FlareFreq3) Third value of flare frequency range [/sec]: 2.628252e-07 
(FlareFreq4) Fourth value of flare frequency range [/sec]: 1.806400e-07 
(FlareFreqMin) Frequency of the flares with the lowest energy [/sec]: 5.563817e-07 
(FlareFreqMid) Frequency of the flares with the middle energy in the energy range [/sec]: 1.308710e-08 
(FlareFreqMax) Frequency of the flares with the highest energy [/sec]: 3.078322e-10 
(FlareEnergy1) First value of flare energy range [kg*m^2/sec^2]: 5.334000e+25 
(FlareEnergy2) Second value of flare energy range [kg*m^2/sec^2]: 7.534475e+25 
(FlareEnergy3) Third value of flare energy range [kg*m^2/sec^2]: 1.064273e+26 
(FlareEnergy4) Fourth value of flare energy range [kg*m^2/sec^2]: 1.503325e+26 
(FlareEnergyMin) Minimum flare energy [kg*m^2/sec^2]: 5.334000e+25 
(FlareEnergyMid) Middle flare energy in the range of energy values [kg*m^2/sec^2]: 1.686759e+27 
(FlareEnergyMax) Maximum flare energy [kg*m^2/sec^2]: 5.334000e+28 
(FlareYIntOUT) Instantaneous Davenport FFD y-intercept at current age and mass []: 34.213199 
(FlareSlopeOUT) Instantaneous Davenport FFD slope at current age and mass []: -1.085686 

Output Order: Time[year] Luminosity[LSUN] LXUVStellar[LSUN] LXUVFlare[LSUN] LXUVTot[LSUN]
Grid Output Order:

----- BODY: b ----
Active Modules: AtmEsc
Module Bit Sum: 9
Color: 000000
(Mass) Mass [kg]: 9.961608e+24 
(Radius) Radius [m]: 7.137663e+06 
(RadGyra) Radius of Gyration/Moment of Inertia Constant []: 0.500000 
(BodyType) Type of Body (0 == planet) []: 0.000000 
(Density) Average Density [kg/m^3]: 6539.922944 
(HZLimitDryRunaway) Semi-major axis of Dry Runaway HZ Limit [m]: 9.032013e+09 
(HZLimRecVenus) Recent Venus HZ Limit [m]: 8.086117e+09 
(HZLimRunaway) Runaway Greenhouse HZ Limit [m]: 1.066768e+10 
(HZLimMoistGreenhouse) Moist Greenhouse HZ Limit [m]: 1.069926e+10 
(HZLimMaxGreenhouse) Maximum Greenhouse HZ Limit [m]: 2.030769e+10 
(HZLimEarlyMars) Early Mars HZ Limit [m]: 2.214778e+10 
(Instellation) Orbit-averaged INcident STELLar radiATION [kg/sec^3]: 2.457627e+04 
(MeanMotion) Orbital Mean Motion [/sec]: 4.464407e-05 
(OrbPeriod) Orbital Period [sec]: 1.407395e+05 
(SemiMajorAxis) Semi-major Axis [m]: 2.347349e+09 
(LXUVTot) Total XUV Luminosity [kg/sec^3]: -1.000000 
(EscapeVelocity) Escape Velocity [m/sec]: 1.364910e+04 
----- ATMESC PARAMETERS (b)------
(SurfWaterMass) Surface water mass [kg]: 0.000000 
(EnvelopeMass) Envelope mass [kg]: 0.000000 
(OxygenMass) Oxygen mass in the atmosphere [kg]: 0.000000 
(RGLimit) Runaway greenhouse semi-major axis [m]: 1.022350e+10 
(XO) Atomic oxygen mixing ratio in upper atmosphere []: 0.000000 
(EtaO) Oxygen eta parameter (Luger and Barnes 2015) []: 0.000000 
(PlanetRadius) Planet radius [m]: 7.137663e+06 
(OxygenMantleMass) Mass of oxygen in mantle [kg]: 0.000000 
(RadXUV) XUV radius separating hydro. dyn. escape and equilibrium [m]: -1.000000 
(RadSolid) Radius to the solid surface [m]: -1.000000 
(PresXUV) Pressure at base of thermosphere [(null)]: 5.000000 
(ScaleHeight) Scale height in Lehmer & Catling (2016) model [m]: -1.000000 
(ThermTemp) Isothermal atmospheric temperature [K]: 400.000000 
(AtmGasConst) Atmospheric gas constant [(null)]: 4124.000000 
(PresSurf) Surface pressure due to atmosphere [Pa]: -1.000000 
(DEnvMassDt) Envelope Mass Loss Rate [kg/s]: 0.000000 
(FXUV) XUV flux [W/m^2]: 9.742181 
(AtmXAbsEffH2O) XUV atmospheric escape efficiency for H2O []: 0.300000 
(RocheRadius) Roche Lobe Radius [m]: 4.808749e+07 
(BondiRadius) Bondi Radius [m]: 6.184079e+08 
(HEscapeRegime) Integer flag for H envelope escape regime []: 8.000000 
(RRCriticalFlux) Critical XUV Flux that separates RR and energy-limited escape [W/m^2]: 64.699132 
(CrossoverMass) Crossover mass, defines oxygen is escaping if mc > mo [kg]: 0.000000 
(WaterEscapeRegime) What water escape regime the code is currently in []: 8.000000 
(FXUVCRITDRAG) Critical Drag XUV flux [W/m^2]: 0.528772 
(HREFFLUX) The Hydrogen Reference Flux (m^-2 s^-1) [m^-2 s^-1]: 6.064002e+18 
(XO2) Molecular oxygen mixing ratio in atmosphere []: 0.000000 
(XH2O) Water mixing ratio in upper atmosphere []: 0.000000 
(HDiffFlux) The Hydrogen Diffusion Flux (m^-2 s^-1) [m^-2 s^-1]: 2.526999e+17 
(HRefODragMod) Multiply by H ref flux to get flux with drag []: 1.000000 
(KTide) Mass loss enhancement due to stellar gravity []: 0.778989 
(CumulativeXUVFlux) Cumulative XUV flux [W/m^2]: 1.827299e+19 
(RunawayGreenhouseFlux) Incident flux that triggers runaway greenhouse [kg/sec^3]: 1295.569707 
(RGDuration) Runaway Greenhouse Duration [years]: 0.00000e+00

Output Order: Time[year] CumulativeXUVFlux[W/m^2]
Grid Output Order:
