-------- Log file gj1132.log -------

Executable: /home/vplanet/.local/bin/vplanet
Version: Unknown
System Name: gj1132
Primary Input File: vpl.in
Body File #1: star.in
Body File #2: b.in
Allow files to be overwitten: Yes
Mass Units: Grams
Length Units: Meters
Time Units: Seconds
Angle Units: Radians

------- FORMATTING -----
Verbosity Level: 5
Crossover Decade for Scientific Notation: 4
Number of Digits After Decimal: 6
Integration Method: Runge-Kutta4
Direction: Forward
Time Step: 3.155760e+07
Stop Time: 2.541361e+17
Output Interval: 3.155760e+13
Use Variable Timestep: Yes
dEta: 0.010000
Minimum Value of ecc and obl: 1.000000e-10


---- INITIAL SYSTEM PROPERTIES ----
(Age) System Age [sec]: 1.142471e+14 
(Time) Simulation Time [sec]: 0.000000 
(TotAngMom) Total Angular Momentum [kg*m^2/sec]: 2.062817e+42 
(TotEnergy) Total System Energy [kg*m^2/sec^2]: -1.038806e+40 
(PotEnergy) Body's non-orbital Potential Energy [kg*m^2/sec^2]: -1.046292e+40 
(KinEnergy) Body's non-orbital Kinetic Energy [kg*m^2/sec^2]: 7.491541e+37 
(DeltaTime) Average Timestep Over Last Output Interval [sec]: 0.000000 

----- BODY: star ----
Active Modules: FLARE STELLAR
Module Bit Sum: 577
Color: 000000
(Mass) Mass [kg]: 3.930806e+29 
(Radius) Radius [m]: 5.913791e+08 
(RadGyra) Radius of Gyration/Moment of Inertia Constant []: 0.453970 
(RotAngMom) Rotational Angular Momentum [kg*m^2/sec]: 2.060322e+42 
(RotVel) Rotational Velocity [m/sec]: 4.300631e+04 
(BodyType) Type of Body (0 == planet) []: 0.000000 
(RotRate) Rotational Frequency [/sec]: 7.272205e-05 
(RotPer) Rotational Period [sec]: 8.640000e+04 
(Density) Average Density [kg/m^3]: 453.727391 
(HZLimitDryRunaway) Semi-major axis of Dry Runaway HZ Limit [m]: 3.526840e+10 
(HZLimRecVenus) Recent Venus HZ Limit [m]: 3.160753e+10 
(HZLimRunaway) Runaway Greenhouse HZ Limit [m]: 4.167880e+10 
(HZLimMoistGreenhouse) Moist Greenhouse HZ Limit [m]: 4.182196e+10 
(HZLimMaxGreenhouse) Maximum Greenhouse HZ Limit [m]: 7.954004e+10 
(HZLimEarlyMars) Early Mars HZ Limit [m]: 8.674694e+10 
(Instellation) Orbit-averaged INcident STELLar radiATION [kg/sec^3]: -1.000000 
(CriticalSemiMajorAxis) Holman & Wiegert (1999) P-type Critical Semi-major Axis [m]: -1.000000 
(LXUVTot) Total XUV Luminosity [LSUN]: 0.000550 
(LostEnergy) Body's Total Lost Energy [kg*m^2/sec^2]: 5.562685e-309 
(LostAngMom) Lost Angular Momentum due to Magnetic Braking [kg*m^2/sec]: 5.562685e-309 
(EscapeVelocity) Escape Velocity [m/sec]: 2.978688e+05 
----- STELLAR PARAMETERS (star)------
(Luminosity) Luminosity [LSUN]: 0.067465 
(LXUVStellar) Base X-ray/XUV Luminosity [LSUN]: 0.000536 
(Temperature) Effective Temperature [K]: 3191.554334 
(LXUVFrac) Fraction of luminosity in XUV []: 0.007943 
(RossbyNumber) Rossby Number []: 0.016316 
(DRotPerDtStellar) Time Rate of Change of Rotation Period in STELLAR []: -1.798611e-10 
(WindTorque) Stellar Wind Torque []: 1.015889e+28 
----- FLARE PARAMETERS (star)------
(LXUVFlare) XUV Luminosity from flares [LSUN]: 1.456748e-05 
(FlareFreq1) First value of flare frequency range [/sec]: 1.944734e-06 
(FlareFreq2) Second value of flare frequency range [/sec]: 1.581752e-06 
(FlareFreq3) Third value of flare frequency range [/sec]: 1.286520e-06 
(FlareFreq4) Fourth value of flare frequency range [/sec]: 1.046393e-06 
(FlareFreqMin) Frequency of the flares with the lowest energy [/sec]: 1.944734e-06 
(FlareFreqMid) Frequency of the flares with the middle energy in the energy range [/sec]: 2.464010e-07 
(FlareFreqMax) Frequency of the flares with the highest energy [/sec]: 3.121942e-08 
(FlareEnergy1) First value of flare energy range [kg*m^2/sec^2]: 5.334000e+25 
(FlareEnergy2) Second value of flare energy range [kg*m^2/sec^2]: 7.534475e+25 
(FlareEnergy3) Third value of flare energy range [kg*m^2/sec^2]: 1.064273e+26 
(FlareEnergy4) Fourth value of flare energy range [kg*m^2/sec^2]: 1.503325e+26 
(FlareEnergyMin) Minimum flare energy [kg*m^2/sec^2]: 5.334000e+25 
(FlareEnergyMid) Middle flare energy in the range of energy values [kg*m^2/sec^2]: 1.686759e+27 
(FlareEnergyMax) Maximum flare energy [kg*m^2/sec^2]: 5.334000e+28 
(FlareYIntOUT) Instantaneous Davenport FFD y-intercept at current age and mass []: 18.800900 
(FlareSlopeOUT) Instantaneous Davenport FFD slope at current age and mass []: -0.598145 

Output Order: Time[year] Luminosity[LSUN] LXUVStellar[LSUN] LXUVFlare[LSUN] LXUVTot[LSUN]
Grid Output Order:

----- BODY: b ----
Active Modules: AtmEsc
Module Bit Sum: 9
Color: 000000
(Mass) Mass [kg]: 1.002561e+25 
(Radius) Radius [m]: 7.288792e+06 
(RadGyra) Radius of Gyration/Moment of Inertia Constant []: 0.500000 
(BodyType) Type of Body (0 == planet) []: 0.000000 
(Density) Average Density [kg/m^3]: 6180.955464 
(HZLimitDryRunaway) Semi-major axis of Dry Runaway HZ Limit [m]: 3.526973e+10 
(HZLimRecVenus) Recent Venus HZ Limit [m]: 3.160753e+10 
(HZLimRunaway) Runaway Greenhouse HZ Limit [m]: 4.167880e+10 
(HZLimMoistGreenhouse) Moist Greenhouse HZ Limit [m]: 4.182196e+10 
(HZLimMaxGreenhouse) Maximum Greenhouse HZ Limit [m]: 7.954004e+10 
(HZLimEarlyMars) Early Mars HZ Limit [m]: 8.674694e+10 
(Instellation) Orbit-averaged INcident STELLar radiATION [kg/sec^3]: 3.703911e+05 
(MeanMotion) Orbital Mean Motion [/sec]: 4.464491e-05 
(OrbPeriod) Orbital Period [sec]: 1.407369e+05 
(SemiMajorAxis) Semi-major Axis [m]: 2.361118e+09 
(LXUVTot) Total XUV Luminosity [kg/sec^3]: -1.000000 
(EscapeVelocity) Escape Velocity [m/sec]: 1.355017e+04 
----- ATMESC PARAMETERS (b)------
(SurfWaterMass) Surface water mass [kg]: 0.000000 
(EnvelopeMass) Envelope mass [kg]: 0.000000 
(OxygenMass) Oxygen mass in the atmosphere [kg]: 0.000000 
(RGLimit) Runaway greenhouse semi-major axis [m]: 3.993620e+10 
(XO) Atomic oxygen mixing ratio in upper atmosphere []: 0.000000 
(EtaO) Oxygen eta parameter (Luger and Barnes 2015) []: 0.000000 
(PlanetRadius) Planet radius [m]: 7.288792e+06 
(OxygenMantleMass) Mass of oxygen in mantle [kg]: 0.000000 
(RadXUV) XUV radius separating hydro. dyn. escape and equilibrium [m]: -1.000000 
(RadSolid) Radius to the solid surface [m]: -1.000000 
(PresXUV) Pressure at base of thermosphere [(null)]: 5.000000 
(ScaleHeight) Scale height in Lehmer & Catling (2016) model [m]: -1.000000 
(ThermTemp) Isothermal atmospheric temperature [K]: 400.000000 
(AtmGasConst) Atmospheric gas constant [(null)]: 4124.000000 
(PresSurf) Surface pressure due to atmosphere [Pa]: -1.000000 
(DEnvMassDt) Envelope Mass Loss Rate [kg/s]: 0.000000 
(FXUV) XUV flux [W/m^2]: 3022.113452 
(AtmXAbsEffH2O) XUV atmospheric escape efficiency for H2O []: 0.300000 
(RocheRadius) Roche Lobe Radius [m]: 4.818965e+07 
(BondiRadius) Bondi Radius [m]: 3.137886e+08 
(HEscapeRegime) Integer flag for H envelope escape regime []: 8.000000 
(RRCriticalFlux) Critical XUV Flux that separates RR and energy-limited escape [W/m^2]: 60.888818 
(CrossoverMass) Crossover mass, defines oxygen is escaping if mc > mo [kg]: 0.000000 
(WaterEscapeRegime) What water escape regime the code is currently in []: 8.000000 
(FXUVCRITDRAG) Critical Drag XUV flux [W/m^2]: 0.502959 
(HREFFLUX) The Hydrogen Reference Flux (m^-2 s^-1) [m^-2 s^-1]: 1.918866e+21 
(XO2) Molecular oxygen mixing ratio in atmosphere []: 0.000000 
(XH2O) Water mixing ratio in upper atmosphere []: 0.000000 
(HDiffFlux) The Hydrogen Diffusion Flux (m^-2 s^-1) [m^-2 s^-1]: 2.438864e+17 
(HRefODragMod) Multiply by H ref flux to get flux with drag []: 1.000000 
(KTide) Mass loss enhancement due to stellar gravity []: 0.774852 
(CumulativeXUVFlux) Cumulative XUV flux [W/m^2]: 0.000000 
(RunawayGreenhouseFlux) Incident flux that triggers runaway greenhouse [kg/sec^3]: 1294.583051 
(RGDuration) Runaway Greenhouse Duration [years]: 0.00000e+00

Output Order: Time[year] CumulativeXUVFlux[W/m^2]
Grid Output Order:



---- FINAL SYSTEM PROPERTIES ----
(Age) System Age [sec]: 2.542792e+17 
(Time) Simulation Time [sec]: 2.541649e+17 
(TotAngMom) Total Angular Momentum [kg*m^2/sec]: 2.070433e+42 
(TotEnergy) Total System Energy [kg*m^2/sec^2]: -1.037351e+40 
(PotEnergy) Body's non-orbital Potential Energy [kg*m^2/sec^2]: -4.135483e+40 
(KinEnergy) Body's non-orbital Kinetic Energy [kg*m^2/sec^2]: 5.609903e+32 
(DeltaTime) Average Timestep Over Last Output Interval [sec]: 1.577880e+13 

----- BODY: star ----
Active Modules: FLARE STELLAR
Module Bit Sum: 577
Color: 000000
(Mass) Mass [kg]: 3.930806e+29 
(Radius) Radius [m]: 1.496210e+08 
(RadGyra) Radius of Gyration/Moment of Inertia Constant []: 0.460217 
(RotAngMom) Rotational Angular Momentum [kg*m^2/sec]: 1.446069e+39 
(RotVel) Rotational Velocity [m/sec]: 116.088463 
(BodyType) Type of Body (0 == planet) []: 0.000000 
(RotRate) Rotational Frequency [/sec]: 7.758833e-07 
(RotPer) Rotational Period [sec]: 8.098106e+06 
(Density) Average Density [kg/m^3]: 2.801658e+04 
(HZLimitDryRunaway) Semi-major axis of Dry Runaway HZ Limit [m]: 9.291494e+09 
(HZLimRecVenus) Recent Venus HZ Limit [m]: 8.316654e+09 
(HZLimRunaway) Runaway Greenhouse HZ Limit [m]: 1.097296e+10 
(HZLimMoistGreenhouse) Moist Greenhouse HZ Limit [m]: 1.100430e+10 
(HZLimMaxGreenhouse) Maximum Greenhouse HZ Limit [m]: 2.087747e+10 
(HZLimEarlyMars) Early Mars HZ Limit [m]: 2.276922e+10 
(Instellation) Orbit-averaged INcident STELLar radiATION [kg/sec^3]: -1.000000 
(CriticalSemiMajorAxis) Holman & Wiegert (1999) P-type Critical Semi-major Axis [m]: -1.000000 
(LXUVTot) Total XUV Luminosity [LSUN]: 1.075164e-06 
(LostEnergy) Body's Total Lost Energy [kg*m^2/sec^2]: 3.098138e+40 
(LostAngMom) Lost Angular Momentum due to Magnetic Braking [kg*m^2/sec]: 2.066492e+42 
(EscapeVelocity) Escape Velocity [m/sec]: 5.921909e+05 
----- STELLAR PARAMETERS (star)------
(Luminosity) Luminosity [LSUN]: 0.004683 
(LXUVStellar) Base X-ray/XUV Luminosity [LSUN]: 7.330840e-07 
(Temperature) Effective Temperature [K]: 3255.923276 
(LXUVFrac) Fraction of luminosity in XUV []: 0.000157 
(RossbyNumber) Rossby Number []: 1.580563 
(DRotPerDtStellar) Time Rate of Change of Rotation Period in STELLAR []: 1.313692e-11 
(WindTorque) Stellar Wind Torque []: 2.347211e+21 
----- FLARE PARAMETERS (star)------
(LXUVFlare) XUV Luminosity from flares [LSUN]: 3.420618e-07 
(FlareFreq1) First value of flare frequency range [/sec]: 5.502200e-07 
(FlareFreq2) Second value of flare frequency range [/sec]: 3.773000e-07 
(FlareFreq3) Third value of flare frequency range [/sec]: 2.587243e-07 
(FlareFreq4) Fourth value of flare frequency range [/sec]: 1.774139e-07 
(FlareFreqMin) Frequency of the flares with the lowest energy [/sec]: 5.502200e-07 
(FlareFreqMid) Frequency of the flares with the middle energy in the energy range [/sec]: 1.264854e-08 
(FlareFreqMax) Frequency of the flares with the highest energy [/sec]: 2.907665e-10 
(FlareEnergy1) First value of flare energy range [kg*m^2/sec^2]: 5.334000e+25 
(FlareEnergy2) Second value of flare energy range [kg*m^2/sec^2]: 7.534475e+25 
(FlareEnergy3) Third value of flare energy range [kg*m^2/sec^2]: 1.064273e+26 
(FlareEnergy4) Fourth value of flare energy range [kg*m^2/sec^2]: 1.503325e+26 
(FlareEnergyMin) Minimum flare energy [kg*m^2/sec^2]: 5.334000e+25 
(FlareEnergyMid) Middle flare energy in the range of energy values [kg*m^2/sec^2]: 1.686759e+27 
(FlareEnergyMax) Maximum flare energy [kg*m^2/sec^2]: 5.334000e+28 
(FlareYIntOUT) Instantaneous Davenport FFD y-intercept at current age and mass []: 34.425814 
(FlareSlopeOUT) Instantaneous Davenport FFD slope at current age and mass []: -1.092331 

Output Order: Time[year] Luminosity[LSUN] LXUVStellar[LSUN] LXUVFlare[LSUN] LXUVTot[LSUN]
Grid Output Order:

----- BODY: b ----
Active Modules: AtmEsc
Module Bit Sum: 9
Color: 000000
(Mass) Mass [kg]: 1.002561e+25 
(Radius) Radius [m]: 7.288792e+06 
(RadGyra) Radius of Gyration/Moment of Inertia Constant []: 0.500000 
(BodyType) Type of Body (0 == planet) []: 0.000000 
(Density) Average Density [kg/m^3]: 6180.955464 
(HZLimitDryRunaway) Semi-major axis of Dry Runaway HZ Limit [m]: 9.291845e+09 
(HZLimRecVenus) Recent Venus HZ Limit [m]: 8.316654e+09 
(HZLimRunaway) Runaway Greenhouse HZ Limit [m]: 1.097296e+10 
(HZLimMoistGreenhouse) Moist Greenhouse HZ Limit [m]: 1.100430e+10 
(HZLimMaxGreenhouse) Maximum Greenhouse HZ Limit [m]: 2.087747e+10 
(HZLimEarlyMars) Early Mars HZ Limit [m]: 2.276922e+10 
(Instellation) Orbit-averaged INcident STELLar radiATION [kg/sec^3]: 2.570751e+04 
(MeanMotion) Orbital Mean Motion [/sec]: 4.464491e-05 
(OrbPeriod) Orbital Period [sec]: 1.407369e+05 
(SemiMajorAxis) Semi-major Axis [m]: 2.361118e+09 
(LXUVTot) Total XUV Luminosity [kg/sec^3]: -1.000000 
(EscapeVelocity) Escape Velocity [m/sec]: 1.355017e+04 
----- ATMESC PARAMETERS (b)------
(SurfWaterMass) Surface water mass [kg]: 0.000000 
(EnvelopeMass) Envelope mass [kg]: 0.000000 
(OxygenMass) Oxygen mass in the atmosphere [kg]: 0.000000 
(RGLimit) Runaway greenhouse semi-major axis [m]: 1.051444e+10 
(XO) Atomic oxygen mixing ratio in upper atmosphere []: 0.000000 
(EtaO) Oxygen eta parameter (Luger and Barnes 2015) []: 0.000000 
(PlanetRadius) Planet radius [m]: 7.288792e+06 
(OxygenMantleMass) Mass of oxygen in mantle [kg]: 0.000000 
(RadXUV) XUV radius separating hydro. dyn. escape and equilibrium [m]: -1.000000 
(RadSolid) Radius to the solid surface [m]: -1.000000 
(PresXUV) Pressure at base of thermosphere [(null)]: 5.000000 
(ScaleHeight) Scale height in Lehmer & Catling (2016) model [m]: -1.000000 
(ThermTemp) Isothermal atmospheric temperature [K]: 400.000000 
(AtmGasConst) Atmospheric gas constant [(null)]: 4124.000000 
(PresSurf) Surface pressure due to atmosphere [Pa]: -1.000000 
(DEnvMassDt) Envelope Mass Loss Rate [kg/s]: 0.000000 
(FXUV) XUV flux [W/m^2]: 5.902758 
(AtmXAbsEffH2O) XUV atmospheric escape efficiency for H2O []: 0.300000 
(RocheRadius) Roche Lobe Radius [m]: 4.818965e+07 
(BondiRadius) Bondi Radius [m]: 6.115077e+08 
(HEscapeRegime) Integer flag for H envelope escape regime []: 8.000000 
(RRCriticalFlux) Critical XUV Flux that separates RR and energy-limited escape [W/m^2]: 60.888818 
(CrossoverMass) Crossover mass, defines oxygen is escaping if mc > mo [kg]: 0.000000 
(WaterEscapeRegime) What water escape regime the code is currently in []: 8.000000 
(FXUVCRITDRAG) Critical Drag XUV flux [W/m^2]: 0.502959 
(HREFFLUX) The Hydrogen Reference Flux (m^-2 s^-1) [m^-2 s^-1]: 3.747907e+18 
(XO2) Molecular oxygen mixing ratio in atmosphere []: 0.000000 
(XH2O) Water mixing ratio in upper atmosphere []: 0.000000 
(HDiffFlux) The Hydrogen Diffusion Flux (m^-2 s^-1) [m^-2 s^-1]: 2.438864e+17 
(HRefODragMod) Multiply by H ref flux to get flux with drag []: 1.000000 
(KTide) Mass loss enhancement due to stellar gravity []: 0.774852 
(CumulativeXUVFlux) Cumulative XUV flux [W/m^2]: 1.028657e+19 
(RunawayGreenhouseFlux) Incident flux that triggers runaway greenhouse [kg/sec^3]: 1296.254698 
(RGDuration) Runaway Greenhouse Duration [years]: 0.00000e+00

Output Order: Time[year] CumulativeXUVFlux[W/m^2]
Grid Output Order:
