-------- Log file gj1132.log -------

Executable: /home/vplanet/.local/bin/vplanet
Version: Unknown
System Name: gj1132
Primary Input File: vpl.in
Body File #1: star.in
Body File #2: b.in
Allow files to be overwitten: Yes
Mass Units: Grams
Length Units: Meters
Time Units: Seconds
Angle Units: Radians

------- FORMATTING -----
Verbosity Level: 5
Crossover Decade for Scientific Notation: 4
Number of Digits After Decimal: 6
Integration Method: Runge-Kutta4
Direction: Forward
Time Step: 3.155760e+07
Stop Time: 1.869616e+17
Output Interval: 3.155760e+13
Use Variable Timestep: Yes
dEta: 0.010000
Minimum Value of ecc and obl: 1.000000e-10


---- INITIAL SYSTEM PROPERTIES ----
(Age) System Age [sec]: 1.632097e+14 
(Time) Simulation Time [sec]: 0.000000 
(TotAngMom) Total Angular Momentum [kg*m^2/sec]: 1.615938e+42 
(TotEnergy) Total System Energy [kg*m^2/sec^2]: -1.202460e+40 
(PotEnergy) Body's non-orbital Potential Energy [kg*m^2/sec^2]: -1.208321e+40 
(KinEnergy) Body's non-orbital Kinetic Energy [kg*m^2/sec^2]: 5.866637e+37 
(DeltaTime) Average Timestep Over Last Output Interval [sec]: 0.000000 

----- BODY: star ----
Active Modules: FLARE STELLAR
Module Bit Sum: 577
Color: 000000
(Mass) Mass [kg]: 3.958687e+29 
(Radius) Radius [m]: 5.193687e+08 
(RadGyra) Radius of Gyration/Moment of Inertia Constant []: 0.455819 
(RotAngMom) Rotational Angular Momentum [kg*m^2/sec]: 1.613441e+42 
(RotVel) Rotational Velocity [m/sec]: 3.776956e+04 
(BodyType) Type of Body (0 == planet) []: 0.000000 
(RotRate) Rotational Frequency [/sec]: 7.272205e-05 
(RotPer) Rotational Period [sec]: 8.640000e+04 
(Density) Average Density [kg/m^3]: 674.582796 
(HZLimitDryRunaway) Semi-major axis of Dry Runaway HZ Limit [m]: 3.152565e+10 
(HZLimRecVenus) Recent Venus HZ Limit [m]: 2.823790e+10 
(HZLimRunaway) Runaway Greenhouse HZ Limit [m]: 3.724491e+10 
(HZLimMoistGreenhouse) Moist Greenhouse HZ Limit [m]: 3.736338e+10 
(HZLimMaxGreenhouse) Maximum Greenhouse HZ Limit [m]: 7.098377e+10 
(HZLimEarlyMars) Early Mars HZ Limit [m]: 7.741553e+10 
(Instellation) Orbit-averaged INcident STELLar radiATION [kg/sec^3]: -1.000000 
(CriticalSemiMajorAxis) Holman & Wiegert (1999) P-type Critical Semi-major Axis [m]: -1.000000 
(LXUVTot) Total XUV Luminosity [LSUN]: 0.000165 
(LostEnergy) Body's Total Lost Energy [kg*m^2/sec^2]: 5.562685e-309 
(LostAngMom) Lost Angular Momentum due to Magnetic Braking [kg*m^2/sec]: 5.562685e-309 
(EscapeVelocity) Escape Velocity [m/sec]: 3.189737e+05 
----- STELLAR PARAMETERS (star)------
(Luminosity) Luminosity [LSUN]: 0.053906 
(LXUVStellar) Base X-ray/XUV Luminosity [LSUN]: 0.000164 
(Temperature) Effective Temperature [K]: 3219.905059 
(LXUVFrac) Fraction of luminosity in XUV []: 0.003042 
(RossbyNumber) Rossby Number []: 0.016555 
(DRotPerDtStellar) Time Rate of Change of Rotation Period in STELLAR []: -1.317782e-10 
(WindTorque) Stellar Wind Torque []: 5.058854e+27 
----- FLARE PARAMETERS (star)------
(LXUVFlare) XUV Luminosity from flares [LSUN]: 7.955531e-07 
(FlareFreq1) First value of flare frequency range [/sec]: 3.100394e-05 
(FlareFreq2) Second value of flare frequency range [/sec]: 2.690388e-05 
(FlareFreq3) Third value of flare frequency range [/sec]: 2.334602e-05 
(FlareFreq4) Fourth value of flare frequency range [/sec]: 2.025867e-05 
(FlareFreqMin) Frequency of the flares with the lowest energy [/sec]: 3.100394e-05 
(FlareFreqMid) Frequency of the flares with the middle energy in the energy range [/sec]: 7.505802e-06 
(FlareFreqMax) Frequency of the flares with the highest energy [/sec]: 1.817093e-06 
(FlareEnergy1) First value of flare energy range [kg*m^2/sec^2]: 5.334000e+23 
(FlareEnergy2) Second value of flare energy range [kg*m^2/sec^2]: 6.715108e+23 
(FlareEnergy3) Third value of flare energy range [kg*m^2/sec^2]: 8.453820e+23 
(FlareEnergy4) Fourth value of flare energy range [kg*m^2/sec^2]: 1.064273e+24 
(FlareEnergyMin) Minimum flare energy [kg*m^2/sec^2]: 5.334000e+23 
(FlareEnergyMid) Middle flare energy in the range of energy values [kg*m^2/sec^2]: 5.334000e+24 
(FlareEnergyMax) Maximum flare energy [kg*m^2/sec^2]: 5.334000e+25 
(FlareYIntOUT) Instantaneous Davenport FFD y-intercept at current age and mass []: 19.356405 
(FlareSlopeOUT) Instantaneous Davenport FFD slope at current age and mass []: -0.616020 

Output Order: Time[year] Luminosity[LSUN] LXUVStellar[LSUN] LXUVFlare[LSUN] LXUVTot[LSUN]
Grid Output Order:

----- BODY: b ----
Active Modules: AtmEsc
Module Bit Sum: 9
Color: 000000
(Mass) Mass [kg]: 9.984351e+24 
(Radius) Radius [m]: 7.468596e+06 
(RadGyra) Radius of Gyration/Moment of Inertia Constant []: 0.500000 
(BodyType) Type of Body (0 == planet) []: 0.000000 
(Density) Average Density [kg/m^3]: 5721.557948 
(HZLimitDryRunaway) Semi-major axis of Dry Runaway HZ Limit [m]: 3.152565e+10 
(HZLimRecVenus) Recent Venus HZ Limit [m]: 2.823790e+10 
(HZLimRunaway) Runaway Greenhouse HZ Limit [m]: 3.724491e+10 
(HZLimMoistGreenhouse) Moist Greenhouse HZ Limit [m]: 3.736338e+10 
(HZLimMaxGreenhouse) Maximum Greenhouse HZ Limit [m]: 7.098377e+10 
(HZLimEarlyMars) Early Mars HZ Limit [m]: 7.741553e+10 
(Instellation) Orbit-averaged INcident STELLar radiATION [kg/sec^3]: 2.945482e+05 
(MeanMotion) Orbital Mean Motion [/sec]: 4.464506e-05 
(OrbPeriod) Orbital Period [sec]: 1.407364e+05 
(SemiMajorAxis) Semi-major Axis [m]: 2.366682e+09 
(LXUVTot) Total XUV Luminosity [kg/sec^3]: -1.000000 
(EscapeVelocity) Escape Velocity [m/sec]: 1.335850e+04 
----- ATMESC PARAMETERS (b)------
(SurfWaterMass) Surface water mass [kg]: 0.000000 
(EnvelopeMass) Envelope mass [kg]: 0.000000 
(OxygenMass) Oxygen mass in the atmosphere [kg]: 0.000000 
(RGLimit) Runaway greenhouse semi-major axis [m]: 3.569208e+10 
(XO) Atomic oxygen mixing ratio in upper atmosphere []: 0.000000 
(EtaO) Oxygen eta parameter (Luger and Barnes 2015) []: 0.000000 
(PlanetRadius) Planet radius [m]: 7.468596e+06 
(OxygenMantleMass) Mass of oxygen in mantle [kg]: 0.000000 
(RadXUV) XUV radius separating hydro. dyn. escape and equilibrium [m]: -1.000000 
(RadSolid) Radius to the solid surface [m]: -1.000000 
(PresXUV) Pressure at base of thermosphere [(null)]: 5.000000 
(ScaleHeight) Scale height in Lehmer & Catling (2016) model [m]: -1.000000 
(ThermTemp) Isothermal atmospheric temperature [K]: 400.000000 
(AtmGasConst) Atmospheric gas constant [(null)]: 4124.000000 
(PresSurf) Surface pressure due to atmosphere [Pa]: -1.000000 
(DEnvMassDt) Envelope Mass Loss Rate [kg/s]: 0.000000 
(FXUV) XUV flux [W/m^2]: 900.276993 
(AtmXAbsEffH2O) XUV atmospheric escape efficiency for H2O []: 0.300000 
(RocheRadius) Roche Lobe Radius [m]: 4.812333e+07 
(BondiRadius) Bondi Radius [m]: 3.301333e+08 
(HEscapeRegime) Integer flag for H envelope escape regime []: 8.000000 
(RRCriticalFlux) Critical XUV Flux that separates RR and energy-limited escape [W/m^2]: 55.297278 
(CrossoverMass) Crossover mass, defines oxygen is escaping if mc > mo [kg]: 0.000000 
(WaterEscapeRegime) What water escape regime the code is currently in []: 8.000000 
(FXUVCRITDRAG) Critical Drag XUV flux [W/m^2]: 0.463661 
(HREFFLUX) The Hydrogen Reference Flux (m^-2 s^-1) [m^-2 s^-1]: 5.925639e+20 
(XO2) Molecular oxygen mixing ratio in atmosphere []: 0.000000 
(XH2O) Water mixing ratio in upper atmosphere []: 0.000000 
(HDiffFlux) The Hydrogen Diffusion Flux (m^-2 s^-1) [m^-2 s^-1]: 2.313288e+17 
(HRefODragMod) Multiply by H ref flux to get flux with drag []: 1.000000 
(KTide) Mass loss enhancement due to stellar gravity []: 0.769074 
(CumulativeXUVFlux) Cumulative XUV flux [W/m^2]: 0.000000 
(RunawayGreenhouseFlux) Incident flux that triggers runaway greenhouse [kg/sec^3]: 1295.067542 
(RGDuration) Runaway Greenhouse Duration [years]: 0.00000e+00

Output Order: Time[year] CumulativeXUVFlux[W/m^2]
Grid Output Order:



---- FINAL SYSTEM PROPERTIES ----
(Age) System Age [sec]: 1.871420e+17 
(Time) Simulation Time [sec]: 1.869788e+17 
(TotAngMom) Total Angular Momentum [kg*m^2/sec]: 1.619963e+42 
(TotEnergy) Total System Energy [kg*m^2/sec^2]: -1.201818e+40 
(PotEnergy) Body's non-orbital Potential Energy [kg*m^2/sec^2]: -4.168399e+40 
(KinEnergy) Body's non-orbital Kinetic Energy [kg*m^2/sec^2]: 7.500534e+32 
(DeltaTime) Average Timestep Over Last Output Interval [sec]: 1.577880e+13 

----- BODY: star ----
Active Modules: FLARE STELLAR
Module Bit Sum: 577
Color: 000000
(Mass) Mass [kg]: 3.958687e+29 
(Radius) Radius [m]: 1.505528e+08 
(RadGyra) Radius of Gyration/Moment of Inertia Constant []: 0.460247 
(RotAngMom) Rotational Angular Momentum [kg*m^2/sec]: 1.688561e+39 
(RotVel) Rotational Velocity [m/sec]: 133.750099 
(BodyType) Type of Body (0 == planet) []: 0.000000 
(RotRate) Rotational Frequency [/sec]: 8.883935e-07 
(RotPer) Rotational Period [sec]: 7.072525e+06 
(Density) Average Density [kg/m^3]: 2.769468e+04 
(HZLimitDryRunaway) Semi-major axis of Dry Runaway HZ Limit [m]: 9.366884e+09 
(HZLimRecVenus) Recent Venus HZ Limit [m]: 8.383508e+09 
(HZLimRunaway) Runaway Greenhouse HZ Limit [m]: 1.106155e+10 
(HZLimMoistGreenhouse) Moist Greenhouse HZ Limit [m]: 1.109276e+10 
(HZLimMaxGreenhouse) Maximum Greenhouse HZ Limit [m]: 2.104225e+10 
(HZLimEarlyMars) Early Mars HZ Limit [m]: 2.294893e+10 
(Instellation) Orbit-averaged INcident STELLar radiATION [kg/sec^3]: -1.000000 
(CriticalSemiMajorAxis) Holman & Wiegert (1999) P-type Critical Semi-major Axis [m]: -1.000000 
(LXUVTot) Total XUV Luminosity [LSUN]: 5.744661e-07 
(LostEnergy) Body's Total Lost Energy [kg*m^2/sec^2]: 2.966587e+40 
(LostAngMom) Lost Angular Momentum due to Magnetic Braking [kg*m^2/sec]: 1.615778e+42 
(EscapeVelocity) Escape Velocity [m/sec]: 5.924455e+05 
----- STELLAR PARAMETERS (star)------
(Luminosity) Luminosity [LSUN]: 0.004759 
(LXUVStellar) Base X-ray/XUV Luminosity [LSUN]: 1.904566e-07 
(Temperature) Effective Temperature [K]: 3259.708362 
(LXUVFrac) Fraction of luminosity in XUV []: 4.002184e-05 
(RossbyNumber) Rossby Number []: 1.383073 
(DRotPerDtStellar) Time Rate of Change of Rotation Period in STELLAR []: 1.990442e-11 
(WindTorque) Stellar Wind Torque []: 4.752584e+21 
----- FLARE PARAMETERS (star)------
(LXUVFlare) XUV Luminosity from flares [LSUN]: 3.840059e-07 
(FlareFreq1) First value of flare frequency range [/sec]: 7.910902e-05 
(FlareFreq2) Second value of flare frequency range [/sec]: 6.185235e-05 
(FlareFreq3) Third value of flare frequency range [/sec]: 4.836002e-05 
(FlareFreq4) Fourth value of flare frequency range [/sec]: 3.781087e-05 
(FlareFreqMin) Frequency of the flares with the lowest energy [/sec]: 7.910902e-05 
(FlareFreqMid) Frequency of the flares with the middle energy in the energy range [/sec]: 6.753493e-06 
(FlareFreqMax) Frequency of the flares with the highest energy [/sec]: 5.765420e-07 
(FlareEnergy1) First value of flare energy range [kg*m^2/sec^2]: 5.334000e+23 
(FlareEnergy2) Second value of flare energy range [kg*m^2/sec^2]: 6.715108e+23 
(FlareEnergy3) Third value of flare energy range [kg*m^2/sec^2]: 8.453820e+23 
(FlareEnergy4) Fourth value of flare energy range [kg*m^2/sec^2]: 1.064273e+24 
(FlareEnergyMin) Minimum flare energy [kg*m^2/sec^2]: 5.334000e+23 
(FlareEnergyMid) Middle flare energy in the range of energy values [kg*m^2/sec^2]: 5.334000e+24 
(FlareEnergyMax) Maximum flare energy [kg*m^2/sec^2]: 5.334000e+25 
(FlareYIntOUT) Instantaneous Davenport FFD y-intercept at current age and mass []: 33.672665 
(FlareSlopeOUT) Instantaneous Davenport FFD slope at current age and mass []: -1.068698 

Output Order: Time[year] Luminosity[LSUN] LXUVStellar[LSUN] LXUVFlare[LSUN] LXUVTot[LSUN]
Grid Output Order:

----- BODY: b ----
Active Modules: AtmEsc
Module Bit Sum: 9
Color: 000000
(Mass) Mass [kg]: 9.984351e+24 
(Radius) Radius [m]: 7.468596e+06 
(RadGyra) Radius of Gyration/Moment of Inertia Constant []: 0.500000 
(BodyType) Type of Body (0 == planet) []: 0.000000 
(Density) Average Density [kg/m^3]: 5721.557948 
(HZLimitDryRunaway) Semi-major axis of Dry Runaway HZ Limit [m]: 9.366885e+09 
(HZLimRecVenus) Recent Venus HZ Limit [m]: 8.383508e+09 
(HZLimRunaway) Runaway Greenhouse HZ Limit [m]: 1.106155e+10 
(HZLimMoistGreenhouse) Moist Greenhouse HZ Limit [m]: 1.109276e+10 
(HZLimMaxGreenhouse) Maximum Greenhouse HZ Limit [m]: 2.104225e+10 
(HZLimEarlyMars) Early Mars HZ Limit [m]: 2.294893e+10 
(Instellation) Orbit-averaged INcident STELLar radiATION [kg/sec^3]: 2.600271e+04 
(MeanMotion) Orbital Mean Motion [/sec]: 4.464506e-05 
(OrbPeriod) Orbital Period [sec]: 1.407364e+05 
(SemiMajorAxis) Semi-major Axis [m]: 2.366682e+09 
(LXUVTot) Total XUV Luminosity [kg/sec^3]: -1.000000 
(EscapeVelocity) Escape Velocity [m/sec]: 1.335850e+04 
----- ATMESC PARAMETERS (b)------
(SurfWaterMass) Surface water mass [kg]: 0.000000 
(EnvelopeMass) Envelope mass [kg]: 0.000000 
(OxygenMass) Oxygen mass in the atmosphere [kg]: 0.000000 
(RGLimit) Runaway greenhouse semi-major axis [m]: 1.060055e+10 
(XO) Atomic oxygen mixing ratio in upper atmosphere []: 0.000000 
(EtaO) Oxygen eta parameter (Luger and Barnes 2015) []: 0.000000 
(PlanetRadius) Planet radius [m]: 7.468596e+06 
(OxygenMantleMass) Mass of oxygen in mantle [kg]: 0.000000 
(RadXUV) XUV radius separating hydro. dyn. escape and equilibrium [m]: -1.000000 
(RadSolid) Radius to the solid surface [m]: -1.000000 
(PresXUV) Pressure at base of thermosphere [(null)]: 5.000000 
(ScaleHeight) Scale height in Lehmer & Catling (2016) model [m]: -1.000000 
(ThermTemp) Isothermal atmospheric temperature [K]: 400.000000 
(AtmGasConst) Atmospheric gas constant [(null)]: 4124.000000 
(PresSurf) Surface pressure due to atmosphere [Pa]: -1.000000 
(DEnvMassDt) Envelope Mass Loss Rate [kg/s]: 0.000000 
(FXUV) XUV flux [W/m^2]: 3.138948 
(AtmXAbsEffH2O) XUV atmospheric escape efficiency for H2O []: 0.300000 
(RocheRadius) Roche Lobe Radius [m]: 4.812333e+07 
(BondiRadius) Bondi Radius [m]: 6.056856e+08 
(HEscapeRegime) Integer flag for H envelope escape regime []: 8.000000 
(RRCriticalFlux) Critical XUV Flux that separates RR and energy-limited escape [W/m^2]: 55.297278 
(CrossoverMass) Crossover mass, defines oxygen is escaping if mc > mo [kg]: 0.000000 
(WaterEscapeRegime) What water escape regime the code is currently in []: 8.000000 
(FXUVCRITDRAG) Critical Drag XUV flux [W/m^2]: 0.463661 
(HREFFLUX) The Hydrogen Reference Flux (m^-2 s^-1) [m^-2 s^-1]: 2.066061e+18 
(XO2) Molecular oxygen mixing ratio in atmosphere []: 0.000000 
(XH2O) Water mixing ratio in upper atmosphere []: 0.000000 
(HDiffFlux) The Hydrogen Diffusion Flux (m^-2 s^-1) [m^-2 s^-1]: 2.313288e+17 
(HRefODragMod) Multiply by H ref flux to get flux with drag []: 1.000000 
(KTide) Mass loss enhancement due to stellar gravity []: 0.769074 
(CumulativeXUVFlux) Cumulative XUV flux [W/m^2]: 3.290135e+18 
(RunawayGreenhouseFlux) Incident flux that triggers runaway greenhouse [kg/sec^3]: 1296.108176 
(RGDuration) Runaway Greenhouse Duration [years]: 0.00000e+00

Output Order: Time[year] CumulativeXUVFlux[W/m^2]
Grid Output Order:
