-------- Log file gj1132.log -------

Executable: /home/vplanet/.local/bin/vplanet
Version: Unknown
System Name: gj1132
Primary Input File: vpl.in
Body File #1: star.in
Body File #2: b.in
Allow files to be overwitten: Yes
Mass Units: Grams
Length Units: Meters
Time Units: Seconds
Angle Units: Radians

------- FORMATTING -----
Verbosity Level: 5
Crossover Decade for Scientific Notation: 4
Number of Digits After Decimal: 6
Integration Method: Runge-Kutta4
Direction: Forward
Time Step: 3.155760e+07
Stop Time: 2.191764e+17
Output Interval: 3.155760e+13
Use Variable Timestep: Yes
dEta: 0.010000
Minimum Value of ecc and obl: 1.000000e-10


---- INITIAL SYSTEM PROPERTIES ----
(Age) System Age [sec]: 1.553166e+14 
(Time) Simulation Time [sec]: 0.000000 
(TotAngMom) Total Angular Momentum [kg*m^2/sec]: 1.538600e+42 
(TotEnergy) Total System Energy [kg*m^2/sec^2]: -1.110759e+40 
(PotEnergy) Body's non-orbital Potential Energy [kg*m^2/sec^2]: -1.116339e+40 
(KinEnergy) Body's non-orbital Kinetic Energy [kg*m^2/sec^2]: 5.585721e+37 
(DeltaTime) Average Timestep Over Last Output Interval [sec]: 0.000000 

----- BODY: star ----
Active Modules: FLARE STELLAR
Module Bit Sum: 577
Color: 000000
(Mass) Mass [kg]: 3.798126e+29 
(Radius) Radius [m]: 5.174855e+08 
(RadGyra) Radius of Gyration/Moment of Inertia Constant []: 0.455728 
(RotAngMom) Rotational Angular Momentum [kg*m^2/sec]: 1.536183e+42 
(RotVel) Rotational Velocity [m/sec]: 3.763261e+04 
(BodyType) Type of Body (0 == planet) []: 0.000000 
(RotRate) Rotational Frequency [/sec]: 7.272205e-05 
(RotPer) Rotational Period [sec]: 8.640000e+04 
(Density) Average Density [kg/m^3]: 654.313917 
(HZLimitDryRunaway) Semi-major axis of Dry Runaway HZ Limit [m]: 3.092387e+10 
(HZLimRecVenus) Recent Venus HZ Limit [m]: 2.771253e+10 
(HZLimRunaway) Runaway Greenhouse HZ Limit [m]: 3.654360e+10 
(HZLimMoistGreenhouse) Moist Greenhouse HZ Limit [m]: 3.666823e+10 
(HZLimMaxGreenhouse) Maximum Greenhouse HZ Limit [m]: 6.973113e+10 
(HZLimEarlyMars) Early Mars HZ Limit [m]: 7.604928e+10 
(Instellation) Orbit-averaged INcident STELLar radiATION [kg/sec^3]: -1.000000 
(CriticalSemiMajorAxis) Holman & Wiegert (1999) P-type Critical Semi-major Axis [m]: -1.000000 
(LXUVTot) Total XUV Luminosity [LSUN]: 2.244895e-05 
(LostEnergy) Body's Total Lost Energy [kg*m^2/sec^2]: 5.562685e-309 
(LostAngMom) Lost Angular Momentum due to Magnetic Braking [kg*m^2/sec]: 5.562685e-309 
(EscapeVelocity) Escape Velocity [m/sec]: 3.130061e+05 
----- STELLAR PARAMETERS (star)------
(Luminosity) Luminosity [LSUN]: 0.051868 
(LXUVStellar) Base X-ray/XUV Luminosity [LSUN]: 2.163544e-05 
(Temperature) Effective Temperature [K]: 3194.264919 
(LXUVFrac) Fraction of luminosity in XUV []: 0.000417 
(RossbyNumber) Rossby Number []: 0.016339 
(DRotPerDtStellar) Time Rate of Change of Rotation Period in STELLAR []: -1.096583e-10 
(WindTorque) Stellar Wind Torque []: 5.100659e+27 
----- FLARE PARAMETERS (star)------
(LXUVFlare) XUV Luminosity from flares [LSUN]: 8.135067e-07 
(FlareFreq1) First value of flare frequency range [/sec]: 3.276207e-05 
(FlareFreq2) Second value of flare frequency range [/sec]: 2.837601e-05 
(FlareFreq3) Third value of flare frequency range [/sec]: 2.457714e-05 
(FlareFreq4) Fourth value of flare frequency range [/sec]: 2.128684e-05 
(FlareFreqMin) Frequency of the flares with the lowest energy [/sec]: 3.276207e-05 
(FlareFreqMid) Frequency of the flares with the middle energy in the energy range [/sec]: 7.783427e-06 
(FlareFreqMax) Frequency of the flares with the highest energy [/sec]: 1.849142e-06 
(FlareEnergy1) First value of flare energy range [kg*m^2/sec^2]: 5.334000e+23 
(FlareEnergy2) Second value of flare energy range [kg*m^2/sec^2]: 6.715108e+23 
(FlareEnergy3) Third value of flare energy range [kg*m^2/sec^2]: 8.453820e+23 
(FlareEnergy4) Fourth value of flare energy range [kg*m^2/sec^2]: 1.064273e+24 
(FlareEnergyMin) Minimum flare energy [kg*m^2/sec^2]: 5.334000e+23 
(FlareEnergyMid) Middle flare energy in the range of energy values [kg*m^2/sec^2]: 5.334000e+24 
(FlareEnergyMax) Maximum flare energy [kg*m^2/sec^2]: 5.334000e+25 
(FlareYIntOUT) Instantaneous Davenport FFD y-intercept at current age and mass []: 19.631728 
(FlareSlopeOUT) Instantaneous Davenport FFD slope at current age and mass []: -0.624201 

Output Order: Time[year] Luminosity[LSUN] LXUVStellar[LSUN] LXUVFlare[LSUN] LXUVTot[LSUN]
Grid Output Order:

----- BODY: b ----
Active Modules: AtmEsc
Module Bit Sum: 9
Color: 000000
(Mass) Mass [kg]: 9.934356e+24 
(Radius) Radius [m]: 7.087189e+06 
(RadGyra) Radius of Gyration/Moment of Inertia Constant []: 0.500000 
(BodyType) Type of Body (0 == planet) []: 0.000000 
(Density) Average Density [kg/m^3]: 6662.375463 
(HZLimitDryRunaway) Semi-major axis of Dry Runaway HZ Limit [m]: 3.092678e+10 
(HZLimRecVenus) Recent Venus HZ Limit [m]: 2.771253e+10 
(HZLimRunaway) Runaway Greenhouse HZ Limit [m]: 3.654360e+10 
(HZLimMoistGreenhouse) Moist Greenhouse HZ Limit [m]: 3.666823e+10 
(HZLimMaxGreenhouse) Maximum Greenhouse HZ Limit [m]: 6.973113e+10 
(HZLimEarlyMars) Early Mars HZ Limit [m]: 7.604928e+10 
(Instellation) Orbit-averaged INcident STELLar radiATION [kg/sec^3]: 2.913591e+05 
(MeanMotion) Orbital Mean Motion [/sec]: 4.464383e-05 
(OrbPeriod) Orbital Period [sec]: 1.407403e+05 
(SemiMajorAxis) Semi-major Axis [m]: 2.334286e+09 
(LXUVTot) Total XUV Luminosity [kg/sec^3]: -1.000000 
(EscapeVelocity) Escape Velocity [m/sec]: 1.367887e+04 
----- ATMESC PARAMETERS (b)------
(SurfWaterMass) Surface water mass [kg]: 0.000000 
(EnvelopeMass) Envelope mass [kg]: 0.000000 
(OxygenMass) Oxygen mass in the atmosphere [kg]: 0.000000 
(RGLimit) Runaway greenhouse semi-major axis [m]: 3.502212e+10 
(XO) Atomic oxygen mixing ratio in upper atmosphere []: 0.000000 
(EtaO) Oxygen eta parameter (Luger and Barnes 2015) []: 0.000000 
(PlanetRadius) Planet radius [m]: 7.087189e+06 
(OxygenMantleMass) Mass of oxygen in mantle [kg]: 0.000000 
(RadXUV) XUV radius separating hydro. dyn. escape and equilibrium [m]: -1.000000 
(RadSolid) Radius to the solid surface [m]: -1.000000 
(PresXUV) Pressure at base of thermosphere [(null)]: 5.000000 
(ScaleHeight) Scale height in Lehmer & Catling (2016) model [m]: -1.000000 
(ThermTemp) Isothermal atmospheric temperature [K]: 400.000000 
(AtmGasConst) Atmospheric gas constant [(null)]: 4124.000000 
(PresSurf) Surface pressure due to atmosphere [Pa]: -1.000000 
(DEnvMassDt) Envelope Mass Loss Rate [kg/s]: 0.000000 
(FXUV) XUV flux [W/m^2]: 126.103817 
(AtmXAbsEffH2O) XUV atmospheric escape efficiency for H2O []: 0.300000 
(RocheRadius) Roche Lobe Radius [m]: 4.804377e+07 
(BondiRadius) Bondi Radius [m]: 3.340128e+08 
(HEscapeRegime) Integer flag for H envelope escape regime []: 8.000000 
(RRCriticalFlux) Critical XUV Flux that separates RR and energy-limited escape [W/m^2]: 65.957117 
(CrossoverMass) Crossover mass, defines oxygen is escaping if mc > mo [kg]: 0.000000 
(WaterEscapeRegime) What water escape regime the code is currently in []: 8.000000 
(FXUVCRITDRAG) Critical Drag XUV flux [W/m^2]: 0.537199 
(HREFFLUX) The Hydrogen Reference Flux (m^-2 s^-1) [m^-2 s^-1]: 7.801728e+19 
(XO2) Molecular oxygen mixing ratio in atmosphere []: 0.000000 
(XH2O) Water mixing ratio in upper atmosphere []: 0.000000 
(HDiffFlux) The Hydrogen Diffusion Flux (m^-2 s^-1) [m^-2 s^-1]: 2.556110e+17 
(HRefODragMod) Multiply by H ref flux to get flux with drag []: 1.000000 
(KTide) Mass loss enhancement due to stellar gravity []: 0.780332 
(CumulativeXUVFlux) Cumulative XUV flux [W/m^2]: 0.000000 
(RunawayGreenhouseFlux) Incident flux that triggers runaway greenhouse [kg/sec^3]: 1294.106623 
(RGDuration) Runaway Greenhouse Duration [years]: 0.00000e+00

Output Order: Time[year] CumulativeXUVFlux[W/m^2]
Grid Output Order:



---- FINAL SYSTEM PROPERTIES ----
(Age) System Age [sec]: 2.193322e+17 
(Time) Simulation Time [sec]: 2.191769e+17 
(TotAngMom) Total Angular Momentum [kg*m^2/sec]: 1.535890e+42 
(TotEnergy) Total System Energy [kg*m^2/sec^2]: -1.112233e+40 
(PotEnergy) Body's non-orbital Potential Energy [kg*m^2/sec^2]: -4.028599e+40 
(KinEnergy) Body's non-orbital Kinetic Energy [kg*m^2/sec^2]: 6.155441e+32 
(DeltaTime) Average Timestep Over Last Output Interval [sec]: 2.254114e+12 

----- BODY: star ----
Active Modules: FLARE STELLAR
Module Bit Sum: 577
Color: 000000
(Mass) Mass [kg]: 3.798126e+29 
(Radius) Radius [m]: 1.433971e+08 
(RadGyra) Radius of Gyration/Moment of Inertia Constant []: 0.460494 
(RotAngMom) Rotational Angular Momentum [kg*m^2/sec]: 1.427886e+39 
(RotVel) Rotational Velocity [m/sec]: 123.633419 
(BodyType) Type of Body (0 == planet) []: 0.000000 
(RotRate) Rotational Frequency [/sec]: 8.621752e-07 
(RotPer) Rotational Period [sec]: 7.287597e+06 
(Density) Average Density [kg/m^3]: 3.075103e+04 
(HZLimitDryRunaway) Semi-major axis of Dry Runaway HZ Limit [m]: 8.830218e+09 
(HZLimRecVenus) Recent Venus HZ Limit [m]: 7.906879e+09 
(HZLimRunaway) Runaway Greenhouse HZ Limit [m]: 1.043042e+10 
(HZLimMoistGreenhouse) Moist Greenhouse HZ Limit [m]: 1.046210e+10 
(HZLimMaxGreenhouse) Maximum Greenhouse HZ Limit [m]: 1.986402e+10 
(HZLimEarlyMars) Early Mars HZ Limit [m]: 2.166390e+10 
(Instellation) Orbit-averaged INcident STELLar radiATION [kg/sec^3]: -1.000000 
(CriticalSemiMajorAxis) Holman & Wiegert (1999) P-type Critical Semi-major Axis [m]: -1.000000 
(LXUVTot) Total XUV Luminosity [LSUN]: 5.706006e-07 
(LostEnergy) Body's Total Lost Energy [kg*m^2/sec^2]: 2.916371e+40 
(LostAngMom) Lost Angular Momentum due to Magnetic Braking [kg*m^2/sec]: 1.532046e+42 
(EscapeVelocity) Escape Velocity [m/sec]: 5.946093e+05 
----- STELLAR PARAMETERS (star)------
(Luminosity) Luminosity [LSUN]: 0.004229 
(LXUVStellar) Base X-ray/XUV Luminosity [LSUN]: 1.818188e-07 
(Temperature) Effective Temperature [K]: 3235.880698 
(LXUVFrac) Fraction of luminosity in XUV []: 4.299197e-05 
(RossbyNumber) Rossby Number []: 1.407844 
(DRotPerDtStellar) Time Rate of Change of Rotation Period in STELLAR []: 2.824586e-11 
(WindTorque) Stellar Wind Torque []: 3.243972e+21 
----- FLARE PARAMETERS (star)------
(LXUVFlare) XUV Luminosity from flares [LSUN]: 3.887817e-07 
(FlareFreq1) First value of flare frequency range [/sec]: 8.590869e-05 
(FlareFreq2) Second value of flare frequency range [/sec]: 6.684147e-05 
(FlareFreq3) Third value of flare frequency range [/sec]: 5.200618e-05 
(FlareFreq4) Fourth value of flare frequency range [/sec]: 4.046354e-05 
(FlareFreqMin) Frequency of the flares with the lowest energy [/sec]: 8.590869e-05 
(FlareFreqMid) Frequency of the flares with the middle energy in the energy range [/sec]: 6.984354e-06 
(FlareFreqMax) Frequency of the flares with the highest energy [/sec]: 5.678262e-07 
(FlareEnergy1) First value of flare energy range [kg*m^2/sec^2]: 5.334000e+23 
(FlareEnergy2) Second value of flare energy range [kg*m^2/sec^2]: 6.715108e+23 
(FlareEnergy3) Third value of flare energy range [kg*m^2/sec^2]: 8.453820e+23 
(FlareEnergy4) Fourth value of flare energy range [kg*m^2/sec^2]: 1.064273e+24 
(FlareEnergyMin) Minimum flare energy [kg*m^2/sec^2]: 5.334000e+23 
(FlareEnergyMid) Middle flare energy in the range of energy values [kg*m^2/sec^2]: 5.334000e+24 
(FlareEnergyMax) Maximum flare energy [kg*m^2/sec^2]: 5.334000e+25 
(FlareYIntOUT) Instantaneous Davenport FFD y-intercept at current age and mass []: 34.360299 
(FlareSlopeOUT) Instantaneous Davenport FFD slope at current age and mass []: -1.089911 

Output Order: Time[year] Luminosity[LSUN] LXUVStellar[LSUN] LXUVFlare[LSUN] LXUVTot[LSUN]
Grid Output Order:

----- BODY: b ----
Active Modules: AtmEsc
Module Bit Sum: 9
Color: 000000
(Mass) Mass [kg]: 9.934356e+24 
(Radius) Radius [m]: 7.087189e+06 
(RadGyra) Radius of Gyration/Moment of Inertia Constant []: 0.500000 
(BodyType) Type of Body (0 == planet) []: 0.000000 
(Density) Average Density [kg/m^3]: 6662.375463 
(HZLimitDryRunaway) Semi-major axis of Dry Runaway HZ Limit [m]: 8.831048e+09 
(HZLimRecVenus) Recent Venus HZ Limit [m]: 7.906879e+09 
(HZLimRunaway) Runaway Greenhouse HZ Limit [m]: 1.043042e+10 
(HZLimMoistGreenhouse) Moist Greenhouse HZ Limit [m]: 1.046210e+10 
(HZLimMaxGreenhouse) Maximum Greenhouse HZ Limit [m]: 1.986402e+10 
(HZLimEarlyMars) Early Mars HZ Limit [m]: 2.166390e+10 
(Instellation) Orbit-averaged INcident STELLar radiATION [kg/sec^3]: 2.375657e+04 
(MeanMotion) Orbital Mean Motion [/sec]: 4.464383e-05 
(OrbPeriod) Orbital Period [sec]: 1.407403e+05 
(SemiMajorAxis) Semi-major Axis [m]: 2.334286e+09 
(LXUVTot) Total XUV Luminosity [kg/sec^3]: -1.000000 
(EscapeVelocity) Escape Velocity [m/sec]: 1.367887e+04 
----- ATMESC PARAMETERS (b)------
(SurfWaterMass) Surface water mass [kg]: 0.000000 
(EnvelopeMass) Envelope mass [kg]: 0.000000 
(OxygenMass) Oxygen mass in the atmosphere [kg]: 0.000000 
(RGLimit) Runaway greenhouse semi-major axis [m]: 9.996304e+09 
(XO) Atomic oxygen mixing ratio in upper atmosphere []: 0.000000 
(EtaO) Oxygen eta parameter (Luger and Barnes 2015) []: 0.000000 
(PlanetRadius) Planet radius [m]: 7.087189e+06 
(OxygenMantleMass) Mass of oxygen in mantle [kg]: 0.000000 
(RadXUV) XUV radius separating hydro. dyn. escape and equilibrium [m]: -1.000000 
(RadSolid) Radius to the solid surface [m]: -1.000000 
(PresXUV) Pressure at base of thermosphere [(null)]: 5.000000 
(ScaleHeight) Scale height in Lehmer & Catling (2016) model [m]: -1.000000 
(ThermTemp) Isothermal atmospheric temperature [K]: 400.000000 
(AtmGasConst) Atmospheric gas constant [(null)]: 4124.000000 
(PresSurf) Surface pressure due to atmosphere [Pa]: -1.000000 
(DEnvMassDt) Envelope Mass Loss Rate [kg/s]: 0.000000 
(FXUV) XUV flux [W/m^2]: 3.205268 
(AtmXAbsEffH2O) XUV atmospheric escape efficiency for H2O []: 0.300000 
(RocheRadius) Roche Lobe Radius [m]: 4.804377e+07 
(BondiRadius) Bondi Radius [m]: 6.263549e+08 
(HEscapeRegime) Integer flag for H envelope escape regime []: 8.000000 
(RRCriticalFlux) Critical XUV Flux that separates RR and energy-limited escape [W/m^2]: 65.957117 
(CrossoverMass) Crossover mass, defines oxygen is escaping if mc > mo [kg]: 0.000000 
(WaterEscapeRegime) What water escape regime the code is currently in []: 8.000000 
(FXUVCRITDRAG) Critical Drag XUV flux [W/m^2]: 0.537199 
(HREFFLUX) The Hydrogen Reference Flux (m^-2 s^-1) [m^-2 s^-1]: 1.983019e+18 
(XO2) Molecular oxygen mixing ratio in atmosphere []: 0.000000 
(XH2O) Water mixing ratio in upper atmosphere []: 0.000000 
(HDiffFlux) The Hydrogen Diffusion Flux (m^-2 s^-1) [m^-2 s^-1]: 2.556110e+17 
(HRefODragMod) Multiply by H ref flux to get flux with drag []: 1.000000 
(KTide) Mass loss enhancement due to stellar gravity []: 0.780332 
(CumulativeXUVFlux) Cumulative XUV flux [W/m^2]: 1.614320e+18 
(RunawayGreenhouseFlux) Incident flux that triggers runaway greenhouse [kg/sec^3]: 1295.183042 
(RGDuration) Runaway Greenhouse Duration [years]: 0.00000e+00

Output Order: Time[year] CumulativeXUVFlux[W/m^2]
Grid Output Order:
