-------- Log file gj1132.log -------

Executable: /home/vplanet/.local/bin/vplanet
Version: Unknown
System Name: gj1132
Primary Input File: vpl.in
Body File #1: star.in
Body File #2: b.in
Allow files to be overwitten: Yes
Mass Units: Grams
Length Units: Meters
Time Units: Seconds
Angle Units: Radians

------- FORMATTING -----
Verbosity Level: 5
Crossover Decade for Scientific Notation: 4
Number of Digits After Decimal: 6
Integration Method: Runge-Kutta4
Direction: Forward
Time Step: 3.155760e+07
Stop Time: 1.444966e+17
Output Interval: 3.155760e+13
Use Variable Timestep: Yes
dEta: 0.010000
Minimum Value of ecc and obl: 1.000000e-10


---- INITIAL SYSTEM PROPERTIES ----
(Age) System Age [sec]: 1.420777e+14 
(Time) Simulation Time [sec]: 0.000000 
(TotAngMom) Total Angular Momentum [kg*m^2/sec]: 1.786542e+42 
(TotEnergy) Total System Energy [kg*m^2/sec^2]: -1.140192e+40 
(PotEnergy) Body's non-orbital Potential Energy [kg*m^2/sec^2]: -1.146674e+40 
(KinEnergy) Body's non-orbital Kinetic Energy [kg*m^2/sec^2]: 6.487108e+37 
(DeltaTime) Average Timestep Over Last Output Interval [sec]: 0.000000 

----- BODY: star ----
Active Modules: FLARE STELLAR
Module Bit Sum: 577
Color: 000000
(Mass) Mass [kg]: 3.957726e+29 
(Radius) Radius [m]: 5.470250e+08 
(RadGyra) Radius of Gyration/Moment of Inertia Constant []: 0.455139 
(RotAngMom) Rotational Angular Momentum [kg*m^2/sec]: 1.784083e+42 
(RotVel) Rotational Velocity [m/sec]: 3.978078e+04 
(BodyType) Type of Body (0 == planet) []: 0.000000 
(RotRate) Rotational Frequency [/sec]: 7.272205e-05 
(RotPer) Rotational Period [sec]: 8.640000e+04 
(Density) Average Density [kg/m^3]: 577.212290 
(HZLimitDryRunaway) Semi-major axis of Dry Runaway HZ Limit [m]: 3.298735e+10 
(HZLimRecVenus) Recent Venus HZ Limit [m]: 2.955339e+10 
(HZLimRunaway) Runaway Greenhouse HZ Limit [m]: 3.897619e+10 
(HZLimMoistGreenhouse) Moist Greenhouse HZ Limit [m]: 3.910399e+10 
(HZLimMaxGreenhouse) Maximum Greenhouse HZ Limit [m]: 7.432153e+10 
(HZLimEarlyMars) Early Mars HZ Limit [m]: 8.105567e+10 
(Instellation) Orbit-averaged INcident STELLar radiATION [kg/sec^3]: -1.000000 
(CriticalSemiMajorAxis) Holman & Wiegert (1999) P-type Critical Semi-major Axis [m]: -1.000000 
(LXUVTot) Total XUV Luminosity [LSUN]: 8.753948e-05 
(LostEnergy) Body's Total Lost Energy [kg*m^2/sec^2]: 5.562685e-309 
(LostAngMom) Lost Angular Momentum due to Magnetic Braking [kg*m^2/sec]: 5.562685e-309 
(EscapeVelocity) Escape Velocity [m/sec]: 3.107681e+05 
----- STELLAR PARAMETERS (star)------
(Luminosity) Luminosity [LSUN]: 0.059021 
(LXUVStellar) Base X-ray/XUV Luminosity [LSUN]: 8.671400e-05 
(Temperature) Effective Temperature [K]: 3208.979528 
(LXUVFrac) Fraction of luminosity in XUV []: 0.001469 
(RossbyNumber) Rossby Number []: 0.016463 
(DRotPerDtStellar) Time Rate of Change of Rotation Period in STELLAR []: -9.744066e-11 
(WindTorque) Stellar Wind Torque []: 6.672521e+27 
----- FLARE PARAMETERS (star)------
(LXUVFlare) XUV Luminosity from flares [LSUN]: 8.254769e-07 
(FlareFreq1) First value of flare frequency range [/sec]: 3.180880e-05 
(FlareFreq2) Second value of flare frequency range [/sec]: 2.762016e-05 
(FlareFreq3) Third value of flare frequency range [/sec]: 2.398308e-05 
(FlareFreq4) Fourth value of flare frequency range [/sec]: 2.082494e-05 
(FlareFreqMin) Frequency of the flares with the lowest energy [/sec]: 3.180880e-05 
(FlareFreqMid) Frequency of the flares with the middle energy in the energy range [/sec]: 7.750607e-06 
(FlareFreqMax) Frequency of the flares with the highest energy [/sec]: 1.888531e-06 
(FlareEnergy1) First value of flare energy range [kg*m^2/sec^2]: 5.334000e+23 
(FlareEnergy2) Second value of flare energy range [kg*m^2/sec^2]: 6.715108e+23 
(FlareEnergy3) Third value of flare energy range [kg*m^2/sec^2]: 8.453820e+23 
(FlareEnergy4) Fourth value of flare energy range [kg*m^2/sec^2]: 1.064273e+24 
(FlareEnergyMin) Minimum flare energy [kg*m^2/sec^2]: 5.334000e+23 
(FlareEnergyMid) Middle flare energy in the range of energy values [kg*m^2/sec^2]: 5.334000e+24 
(FlareEnergyMax) Maximum flare energy [kg*m^2/sec^2]: 5.334000e+25 
(FlareYIntOUT) Instantaneous Davenport FFD y-intercept at current age and mass []: 19.281247 
(FlareSlopeOUT) Instantaneous Davenport FFD slope at current age and mass []: -0.613212 

Output Order: Time[year] Luminosity[LSUN] LXUVStellar[LSUN] LXUVFlare[LSUN] LXUVTot[LSUN]
Grid Output Order:

----- BODY: b ----
Active Modules: AtmEsc
Module Bit Sum: 9
Color: 000000
(Mass) Mass [kg]: 9.837534e+24 
(Radius) Radius [m]: 7.338105e+06 
(RadGyra) Radius of Gyration/Moment of Inertia Constant []: 0.500000 
(BodyType) Type of Body (0 == planet) []: 0.000000 
(Density) Average Density [kg/m^3]: 5943.548480 
(HZLimitDryRunaway) Semi-major axis of Dry Runaway HZ Limit [m]: 3.298789e+10 
(HZLimRecVenus) Recent Venus HZ Limit [m]: 2.955339e+10 
(HZLimRunaway) Runaway Greenhouse HZ Limit [m]: 3.897619e+10 
(HZLimMoistGreenhouse) Moist Greenhouse HZ Limit [m]: 3.910399e+10 
(HZLimMaxGreenhouse) Maximum Greenhouse HZ Limit [m]: 7.432153e+10 
(HZLimEarlyMars) Early Mars HZ Limit [m]: 8.105567e+10 
(Instellation) Orbit-averaged INcident STELLar radiATION [kg/sec^3]: 3.225328e+05 
(MeanMotion) Orbital Mean Motion [/sec]: 4.464300e-05 
(OrbPeriod) Orbital Period [sec]: 1.407429e+05 
(SemiMajorAxis) Semi-major Axis [m]: 2.366563e+09 
(LXUVTot) Total XUV Luminosity [kg/sec^3]: -1.000000 
(EscapeVelocity) Escape Velocity [m/sec]: 1.337730e+04 
----- ATMESC PARAMETERS (b)------
(SurfWaterMass) Surface water mass [kg]: 0.000000 
(EnvelopeMass) Envelope mass [kg]: 0.000000 
(OxygenMass) Oxygen mass in the atmosphere [kg]: 0.000000 
(RGLimit) Runaway greenhouse semi-major axis [m]: 3.736349e+10 
(XO) Atomic oxygen mixing ratio in upper atmosphere []: 0.000000 
(EtaO) Oxygen eta parameter (Luger and Barnes 2015) []: 0.000000 
(PlanetRadius) Planet radius [m]: 7.338105e+06 
(OxygenMantleMass) Mass of oxygen in mantle [kg]: 0.000000 
(RadXUV) XUV radius separating hydro. dyn. escape and equilibrium [m]: -1.000000 
(RadSolid) Radius to the solid surface [m]: -1.000000 
(PresXUV) Pressure at base of thermosphere [(null)]: 5.000000 
(ScaleHeight) Scale height in Lehmer & Catling (2016) model [m]: -1.000000 
(ThermTemp) Isothermal atmospheric temperature [K]: 400.000000 
(AtmGasConst) Atmospheric gas constant [(null)]: 4124.000000 
(PresSurf) Surface pressure due to atmosphere [Pa]: -1.000000 
(DEnvMassDt) Envelope Mass Loss Rate [kg/s]: 0.000000 
(FXUV) XUV flux [W/m^2]: 478.381510 
(AtmXAbsEffH2O) XUV atmospheric escape efficiency for H2O []: 0.300000 
(RocheRadius) Roche Lobe Radius [m]: 4.788776e+07 
(BondiRadius) Bondi Radius [m]: 3.180366e+08 
(HEscapeRegime) Integer flag for H envelope escape regime []: 8.000000 
(RRCriticalFlux) Critical XUV Flux that separates RR and energy-limited escape [W/m^2]: 57.021616 
(CrossoverMass) Crossover mass, defines oxygen is escaping if mc > mo [kg]: 0.000000 
(WaterEscapeRegime) What water escape regime the code is currently in []: 8.000000 
(FXUVCRITDRAG) Critical Drag XUV flux [W/m^2]: 0.474568 
(HREFFLUX) The Hydrogen Reference Flux (m^-2 s^-1) [m^-2 s^-1]: 3.128189e+20 
(XO2) Molecular oxygen mixing ratio in atmosphere []: 0.000000 
(XH2O) Water mixing ratio in upper atmosphere []: 0.000000 
(HDiffFlux) The Hydrogen Diffusion Flux (m^-2 s^-1) [m^-2 s^-1]: 2.361056e+17 
(HRefODragMod) Multiply by H ref flux to get flux with drag []: 1.000000 
(KTide) Mass loss enhancement due to stellar gravity []: 0.771946 
(CumulativeXUVFlux) Cumulative XUV flux [W/m^2]: 0.000000 
(RunawayGreenhouseFlux) Incident flux that triggers runaway greenhouse [kg/sec^3]: 1293.900404 
(RGDuration) Runaway Greenhouse Duration [years]: 0.00000e+00

Output Order: Time[year] CumulativeXUVFlux[W/m^2]
Grid Output Order:



---- FINAL SYSTEM PROPERTIES ----
(Age) System Age [sec]: 1.446443e+17 
(Time) Simulation Time [sec]: 1.445023e+17 
(TotAngMom) Total Angular Momentum [kg*m^2/sec]: 1.787804e+42 
(TotEnergy) Total System Energy [kg*m^2/sec^2]: -1.141147e+40 
(PotEnergy) Body's non-orbital Potential Energy [kg*m^2/sec^2]: -4.167369e+40 
(KinEnergy) Body's non-orbital Kinetic Energy [kg*m^2/sec^2]: 1.044727e+33 
(DeltaTime) Average Timestep Over Last Output Interval [sec]: 3.155760e+13 

----- BODY: star ----
Active Modules: FLARE STELLAR
Module Bit Sum: 577
Color: 000000
(Mass) Mass [kg]: 3.957726e+29 
(Radius) Radius [m]: 1.505169e+08 
(RadGyra) Radius of Gyration/Moment of Inertia Constant []: 0.460250 
(RotAngMom) Rotational Angular Momentum [kg*m^2/sec]: 1.992132e+39 
(RotVel) Rotational Velocity [m/sec]: 157.870074 
(BodyType) Type of Body (0 == planet) []: 0.000000 
(RotRate) Rotational Frequency [/sec]: 1.048853e-06 
(RotPer) Rotational Period [sec]: 5.990531e+06 
(Density) Average Density [kg/m^3]: 2.770776e+04 
(HZLimitDryRunaway) Semi-major axis of Dry Runaway HZ Limit [m]: 9.342331e+09 
(HZLimRecVenus) Recent Venus HZ Limit [m]: 8.361727e+09 
(HZLimRunaway) Runaway Greenhouse HZ Limit [m]: 1.103269e+10 
(HZLimMoistGreenhouse) Moist Greenhouse HZ Limit [m]: 1.106394e+10 
(HZLimMaxGreenhouse) Maximum Greenhouse HZ Limit [m]: 2.098852e+10 
(HZLimEarlyMars) Early Mars HZ Limit [m]: 2.289033e+10 
(Instellation) Orbit-averaged INcident STELLar radiATION [kg/sec^3]: -1.000000 
(CriticalSemiMajorAxis) Holman & Wiegert (1999) P-type Critical Semi-major Axis [m]: -1.000000 
(LXUVTot) Total XUV Luminosity [LSUN]: 6.809806e-07 
(LostEnergy) Body's Total Lost Energy [kg*m^2/sec^2]: 3.026227e+40 
(LostAngMom) Lost Angular Momentum due to Magnetic Braking [kg*m^2/sec]: 1.783352e+42 
(EscapeVelocity) Escape Velocity [m/sec]: 5.924442e+05 
----- STELLAR PARAMETERS (star)------
(Luminosity) Luminosity [LSUN]: 0.004734 
(LXUVStellar) Base X-ray/XUV Luminosity [LSUN]: 2.820663e-07 
(Temperature) Effective Temperature [K]: 3258.535787 
(LXUVFrac) Fraction of luminosity in XUV []: 5.958432e-05 
(RossbyNumber) Rossby Number []: 1.170779 
(DRotPerDtStellar) Time Rate of Change of Rotation Period in STELLAR []: 3.274196e-11 
(WindTorque) Stellar Wind Torque []: 1.088915e+22 
----- FLARE PARAMETERS (star)------
(LXUVFlare) XUV Luminosity from flares [LSUN]: 3.989071e-07 
(FlareFreq1) First value of flare frequency range [/sec]: 7.908700e-05 
(FlareFreq2) Second value of flare frequency range [/sec]: 6.199930e-05 
(FlareFreq3) Third value of flare frequency range [/sec]: 4.860360e-05 
(FlareFreq4) Fourth value of flare frequency range [/sec]: 3.810221e-05 
(FlareFreqMin) Frequency of the flares with the lowest energy [/sec]: 7.908700e-05 
(FlareFreqMid) Frequency of the flares with the middle energy in the energy range [/sec]: 6.933012e-06 
(FlareFreqMax) Frequency of the flares with the highest energy [/sec]: 6.077694e-07 
(FlareEnergy1) First value of flare energy range [kg*m^2/sec^2]: 5.334000e+23 
(FlareEnergy2) Second value of flare energy range [kg*m^2/sec^2]: 6.715108e+23 
(FlareEnergy3) Third value of flare energy range [kg*m^2/sec^2]: 8.453820e+23 
(FlareEnergy4) Fourth value of flare energy range [kg*m^2/sec^2]: 1.064273e+24 
(FlareEnergyMin) Minimum flare energy [kg*m^2/sec^2]: 5.334000e+23 
(FlareEnergyMid) Middle flare energy in the range of energy values [kg*m^2/sec^2]: 5.334000e+24 
(FlareEnergyMax) Maximum flare energy [kg*m^2/sec^2]: 5.334000e+25 
(FlareYIntOUT) Instantaneous Davenport FFD y-intercept at current age and mass []: 33.318741 
(FlareSlopeOUT) Instantaneous Davenport FFD slope at current age and mass []: -1.057183 

Output Order: Time[year] Luminosity[LSUN] LXUVStellar[LSUN] LXUVFlare[LSUN] LXUVTot[LSUN]
Grid Output Order:

----- BODY: b ----
Active Modules: AtmEsc
Module Bit Sum: 9
Color: 000000
(Mass) Mass [kg]: 9.837534e+24 
(Radius) Radius [m]: 7.338105e+06 
(RadGyra) Radius of Gyration/Moment of Inertia Constant []: 0.500000 
(BodyType) Type of Body (0 == planet) []: 0.000000 
(Density) Average Density [kg/m^3]: 5943.548480 
(HZLimitDryRunaway) Semi-major axis of Dry Runaway HZ Limit [m]: 9.342486e+09 
(HZLimRecVenus) Recent Venus HZ Limit [m]: 8.361727e+09 
(HZLimRunaway) Runaway Greenhouse HZ Limit [m]: 1.103269e+10 
(HZLimMoistGreenhouse) Moist Greenhouse HZ Limit [m]: 1.106394e+10 
(HZLimMaxGreenhouse) Maximum Greenhouse HZ Limit [m]: 2.098852e+10 
(HZLimEarlyMars) Early Mars HZ Limit [m]: 2.289033e+10 
(Instellation) Orbit-averaged INcident STELLar radiATION [kg/sec^3]: 2.586960e+04 
(MeanMotion) Orbital Mean Motion [/sec]: 4.464300e-05 
(OrbPeriod) Orbital Period [sec]: 1.407429e+05 
(SemiMajorAxis) Semi-major Axis [m]: 2.366563e+09 
(LXUVTot) Total XUV Luminosity [kg/sec^3]: -1.000000 
(EscapeVelocity) Escape Velocity [m/sec]: 1.337730e+04 
----- ATMESC PARAMETERS (b)------
(SurfWaterMass) Surface water mass [kg]: 0.000000 
(EnvelopeMass) Envelope mass [kg]: 0.000000 
(OxygenMass) Oxygen mass in the atmosphere [kg]: 0.000000 
(RGLimit) Runaway greenhouse semi-major axis [m]: 1.057642e+10 
(XO) Atomic oxygen mixing ratio in upper atmosphere []: 0.000000 
(EtaO) Oxygen eta parameter (Luger and Barnes 2015) []: 0.000000 
(PlanetRadius) Planet radius [m]: 7.338105e+06 
(OxygenMantleMass) Mass of oxygen in mantle [kg]: 0.000000 
(RadXUV) XUV radius separating hydro. dyn. escape and equilibrium [m]: -1.000000 
(RadSolid) Radius to the solid surface [m]: -1.000000 
(PresXUV) Pressure at base of thermosphere [(null)]: 5.000000 
(ScaleHeight) Scale height in Lehmer & Catling (2016) model [m]: -1.000000 
(ThermTemp) Isothermal atmospheric temperature [K]: 400.000000 
(AtmGasConst) Atmospheric gas constant [(null)]: 4124.000000 
(PresSurf) Surface pressure due to atmosphere [Pa]: -1.000000 
(DEnvMassDt) Envelope Mass Loss Rate [kg/s]: 0.000000 
(FXUV) XUV flux [W/m^2]: 3.721390 
(AtmXAbsEffH2O) XUV atmospheric escape efficiency for H2O []: 0.300000 
(RocheRadius) Roche Lobe Radius [m]: 4.788776e+07 
(BondiRadius) Bondi Radius [m]: 5.970800e+08 
(HEscapeRegime) Integer flag for H envelope escape regime []: 8.000000 
(RRCriticalFlux) Critical XUV Flux that separates RR and energy-limited escape [W/m^2]: 57.021616 
(CrossoverMass) Crossover mass, defines oxygen is escaping if mc > mo [kg]: 0.000000 
(WaterEscapeRegime) What water escape regime the code is currently in []: 8.000000 
(FXUVCRITDRAG) Critical Drag XUV flux [W/m^2]: 0.474568 
(HREFFLUX) The Hydrogen Reference Flux (m^-2 s^-1) [m^-2 s^-1]: 2.433458e+18 
(XO2) Molecular oxygen mixing ratio in atmosphere []: 0.000000 
(XH2O) Water mixing ratio in upper atmosphere []: 0.000000 
(HDiffFlux) The Hydrogen Diffusion Flux (m^-2 s^-1) [m^-2 s^-1]: 2.361056e+17 
(HRefODragMod) Multiply by H ref flux to get flux with drag []: 1.000000 
(KTide) Mass loss enhancement due to stellar gravity []: 0.771946 
(CumulativeXUVFlux) Cumulative XUV flux [W/m^2]: 2.061969e+18 
(RunawayGreenhouseFlux) Incident flux that triggers runaway greenhouse [kg/sec^3]: 1295.192239 
(RGDuration) Runaway Greenhouse Duration [years]: 0.00000e+00

Output Order: Time[year] CumulativeXUVFlux[W/m^2]
Grid Output Order:
