-------- Log file gj1132.log -------

Executable: /home/vplanet/.local/bin/vplanet
Version: Unknown
System Name: gj1132
Primary Input File: vpl.in
Body File #1: star.in
Body File #2: b.in
Allow files to be overwitten: Yes
Mass Units: Grams
Length Units: Meters
Time Units: Seconds
Angle Units: Radians

------- FORMATTING -----
Verbosity Level: 5
Crossover Decade for Scientific Notation: 4
Number of Digits After Decimal: 6
Integration Method: Runge-Kutta4
Direction: Forward
Time Step: 3.155760e+07
Stop Time: 2.359026e+17
Output Interval: 3.155760e+13
Use Variable Timestep: Yes
dEta: 0.010000
Minimum Value of ecc and obl: 1.000000e-10


---- INITIAL SYSTEM PROPERTIES ----
(Age) System Age [sec]: 1.482023e+14 
(Time) Simulation Time [sec]: 0.000000 
(TotAngMom) Total Angular Momentum [kg*m^2/sec]: 1.715235e+42 
(TotEnergy) Total System Energy [kg*m^2/sec^2]: -1.150677e+40 
(PotEnergy) Body's non-orbital Potential Energy [kg*m^2/sec^2]: -1.156899e+40 
(KinEnergy) Body's non-orbital Kinetic Energy [kg*m^2/sec^2]: 6.227654e+37 
(DeltaTime) Average Timestep Over Last Output Interval [sec]: 0.000000 

----- BODY: star ----
Active Modules: FLARE STELLAR
Module Bit Sum: 577
Color: 000000
(Mass) Mass [kg]: 3.938705e+29 
(Radius) Radius [m]: 5.369910e+08 
(RadGyra) Radius of Gyration/Moment of Inertia Constant []: 0.455373 
(RotAngMom) Rotational Angular Momentum [kg*m^2/sec]: 1.712728e+42 
(RotVel) Rotational Velocity [m/sec]: 3.905109e+04 
(BodyType) Type of Body (0 == planet) []: 0.000000 
(RotRate) Rotational Frequency [/sec]: 7.272205e-05 
(RotPer) Rotational Period [sec]: 8.640000e+04 
(Density) Average Density [kg/m^3]: 607.244805 
(HZLimitDryRunaway) Semi-major axis of Dry Runaway HZ Limit [m]: 3.235490e+10 
(HZLimRecVenus) Recent Venus HZ Limit [m]: 2.898688e+10 
(HZLimRunaway) Runaway Greenhouse HZ Limit [m]: 3.822899e+10 
(HZLimMoistGreenhouse) Moist Greenhouse HZ Limit [m]: 3.835441e+10 
(HZLimMaxGreenhouse) Maximum Greenhouse HZ Limit [m]: 7.289742e+10 
(HZLimEarlyMars) Early Mars HZ Limit [m]: 7.950252e+10 
(Instellation) Orbit-averaged INcident STELLar radiATION [kg/sec^3]: -1.000000 
(CriticalSemiMajorAxis) Holman & Wiegert (1999) P-type Critical Semi-major Axis [m]: -1.000000 
(LXUVTot) Total XUV Luminosity [LSUN]: 8.635664e-05 
(LostEnergy) Body's Total Lost Energy [kg*m^2/sec^2]: 5.562685e-309 
(LostAngMom) Lost Angular Momentum due to Magnetic Braking [kg*m^2/sec]: 5.562685e-309 
(EscapeVelocity) Escape Velocity [m/sec]: 3.129035e+05 
----- STELLAR PARAMETERS (star)------
(Luminosity) Luminosity [LSUN]: 0.056779 
(LXUVStellar) Base X-ray/XUV Luminosity [LSUN]: 7.375206e-05 
(Temperature) Effective Temperature [K]: 3208.784880 
(LXUVFrac) Fraction of luminosity in XUV []: 0.001299 
(RossbyNumber) Rossby Number []: 0.016461 
(DRotPerDtStellar) Time Rate of Change of Rotation Period in STELLAR []: -1.232844e-10 
(WindTorque) Stellar Wind Torque []: 6.064624e+27 
----- FLARE PARAMETERS (star)------
(LXUVFlare) XUV Luminosity from flares [LSUN]: 1.260459e-05 
(FlareFreq1) First value of flare frequency range [/sec]: 1.860719e-06 
(FlareFreq2) Second value of flare frequency range [/sec]: 1.504369e-06 
(FlareFreq3) Third value of flare frequency range [/sec]: 1.216265e-06 
(FlareFreq4) Fourth value of flare frequency range [/sec]: 9.833359e-07 
(FlareFreqMin) Frequency of the flares with the lowest energy [/sec]: 1.860719e-06 
(FlareFreqMid) Frequency of the flares with the middle energy in the energy range [/sec]: 2.220333e-07 
(FlareFreqMax) Frequency of the flares with the highest energy [/sec]: 2.649448e-08 
(FlareEnergy1) First value of flare energy range [kg*m^2/sec^2]: 5.334000e+25 
(FlareEnergy2) Second value of flare energy range [kg*m^2/sec^2]: 7.534475e+25 
(FlareEnergy3) Third value of flare energy range [kg*m^2/sec^2]: 1.064273e+26 
(FlareEnergy4) Fourth value of flare energy range [kg*m^2/sec^2]: 1.503325e+26 
(FlareEnergyMin) Minimum flare energy [kg*m^2/sec^2]: 5.334000e+25 
(FlareEnergyMid) Middle flare energy in the range of energy values [kg*m^2/sec^2]: 1.686759e+27 
(FlareEnergyMax) Maximum flare energy [kg*m^2/sec^2]: 5.334000e+28 
(FlareYIntOUT) Instantaneous Davenport FFD y-intercept at current age and mass []: 19.349972 
(FlareSlopeOUT) Instantaneous Davenport FFD slope at current age and mass []: -0.615508 

Output Order: Time[year] Luminosity[LSUN] LXUVStellar[LSUN] LXUVFlare[LSUN] LXUVTot[LSUN]
Grid Output Order:

----- BODY: b ----
Active Modules: AtmEsc
Module Bit Sum: 9
Color: 000000
(Mass) Mass [kg]: 1.006108e+25 
(Radius) Radius [m]: 7.150306e+06 
(RadGyra) Radius of Gyration/Moment of Inertia Constant []: 0.500000 
(BodyType) Type of Body (0 == planet) []: 0.000000 
(Density) Average Density [kg/m^3]: 6570.253061 
(HZLimitDryRunaway) Semi-major axis of Dry Runaway HZ Limit [m]: 3.235490e+10 
(HZLimRecVenus) Recent Venus HZ Limit [m]: 2.898688e+10 
(HZLimRunaway) Runaway Greenhouse HZ Limit [m]: 3.822899e+10 
(HZLimMoistGreenhouse) Moist Greenhouse HZ Limit [m]: 3.835441e+10 
(HZLimMaxGreenhouse) Maximum Greenhouse HZ Limit [m]: 7.289742e+10 
(HZLimEarlyMars) Early Mars HZ Limit [m]: 7.950252e+10 
(Instellation) Orbit-averaged INcident STELLar radiATION [kg/sec^3]: 3.112952e+05 
(MeanMotion) Orbital Mean Motion [/sec]: 4.464498e-05 
(OrbPeriod) Orbital Period [sec]: 1.407367e+05 
(SemiMajorAxis) Semi-major Axis [m]: 2.362696e+09 
(LXUVTot) Total XUV Luminosity [kg/sec^3]: -1.000000 
(EscapeVelocity) Escape Velocity [m/sec]: 1.370494e+04 
----- ATMESC PARAMETERS (b)------
(SurfWaterMass) Surface water mass [kg]: 0.000000 
(EnvelopeMass) Envelope mass [kg]: 0.000000 
(OxygenMass) Oxygen mass in the atmosphere [kg]: 0.000000 
(RGLimit) Runaway greenhouse semi-major axis [m]: 3.662852e+10 
(XO) Atomic oxygen mixing ratio in upper atmosphere []: 0.000000 
(EtaO) Oxygen eta parameter (Luger and Barnes 2015) []: 0.000000 
(PlanetRadius) Planet radius [m]: 7.150306e+06 
(OxygenMantleMass) Mass of oxygen in mantle [kg]: 0.000000 
(RadXUV) XUV radius separating hydro. dyn. escape and equilibrium [m]: -1.000000 
(RadSolid) Radius to the solid surface [m]: -1.000000 
(PresXUV) Pressure at base of thermosphere [(null)]: 5.000000 
(ScaleHeight) Scale height in Lehmer & Catling (2016) model [m]: -1.000000 
(ThermTemp) Isothermal atmospheric temperature [K]: 400.000000 
(AtmGasConst) Atmospheric gas constant [(null)]: 4124.000000 
(PresSurf) Surface pressure due to atmosphere [Pa]: -1.000000 
(DEnvMassDt) Envelope Mass Loss Rate [kg/s]: 0.000000 
(FXUV) XUV flux [W/m^2]: 473.455803 
(AtmXAbsEffH2O) XUV atmospheric escape efficiency for H2O []: 0.300000 
(RocheRadius) Roche Lobe Radius [m]: 4.824636e+07 
(BondiRadius) Bondi Radius [m]: 3.285769e+08 
(HEscapeRegime) Integer flag for H envelope escape regime []: 8.000000 
(RRCriticalFlux) Critical XUV Flux that separates RR and energy-limited escape [W/m^2]: 65.704308 
(CrossoverMass) Crossover mass, defines oxygen is escaping if mc > mo [kg]: 0.000000 
(WaterEscapeRegime) What water escape regime the code is currently in []: 8.000000 
(FXUVCRITDRAG) Critical Drag XUV flux [W/m^2]: 0.536528 
(HREFFLUX) The Hydrogen Reference Flux (m^-2 s^-1) [m^-2 s^-1]: 2.921801e+20 
(XO2) Molecular oxygen mixing ratio in atmosphere []: 0.000000 
(XH2O) Water mixing ratio in upper atmosphere []: 0.000000 
(HDiffFlux) The Hydrogen Diffusion Flux (m^-2 s^-1) [m^-2 s^-1]: 2.543216e+17 
(HRefODragMod) Multiply by H ref flux to get flux with drag []: 1.000000 
(KTide) Mass loss enhancement due to stellar gravity []: 0.779322 
(CumulativeXUVFlux) Cumulative XUV flux [W/m^2]: 0.000000 
(RunawayGreenhouseFlux) Incident flux that triggers runaway greenhouse [kg/sec^3]: 1295.237212 
(RGDuration) Runaway Greenhouse Duration [years]: 0.00000e+00

Output Order: Time[year] CumulativeXUVFlux[W/m^2]
Grid Output Order:



---- FINAL SYSTEM PROPERTIES ----
(Age) System Age [sec]: 2.360728e+17 
(Time) Simulation Time [sec]: 2.359246e+17 
(TotAngMom) Total Angular Momentum [kg*m^2/sec]: 1.717858e+42 
(TotEnergy) Total System Energy [kg*m^2/sec^2]: -1.149678e+40 
(PotEnergy) Body's non-orbital Potential Energy [kg*m^2/sec^2]: -4.139392e+40 
(KinEnergy) Body's non-orbital Kinetic Energy [kg*m^2/sec^2]: 5.959248e+32 
(DeltaTime) Average Timestep Over Last Output Interval [sec]: 3.155760e+13 

----- BODY: star ----
Active Modules: FLARE STELLAR
Module Bit Sum: 577
Color: 000000
(Mass) Mass [kg]: 3.938705e+29 
(Radius) Radius [m]: 1.500811e+08 
(RadGyra) Radius of Gyration/Moment of Inertia Constant []: 0.460198 
(RotAngMom) Rotational Angular Momentum [kg*m^2/sec]: 1.496436e+39 
(RotVel) Rotational Velocity [m/sec]: 119.533431 
(BodyType) Type of Body (0 == planet) []: 0.000000 
(RotRate) Rotational Frequency [/sec]: 7.964590e-07 
(RotPer) Rotational Period [sec]: 7.888900e+06 
(Density) Average Density [kg/m^3]: 2.781551e+04 
(HZLimitDryRunaway) Semi-major axis of Dry Runaway HZ Limit [m]: 9.313319e+09 
(HZLimRecVenus) Recent Venus HZ Limit [m]: 8.336136e+09 
(HZLimRunaway) Runaway Greenhouse HZ Limit [m]: 1.099870e+10 
(HZLimMoistGreenhouse) Moist Greenhouse HZ Limit [m]: 1.103008e+10 
(HZLimMaxGreenhouse) Maximum Greenhouse HZ Limit [m]: 2.092612e+10 
(HZLimEarlyMars) Early Mars HZ Limit [m]: 2.282228e+10 
(Instellation) Orbit-averaged INcident STELLar radiATION [kg/sec^3]: -1.000000 
(CriticalSemiMajorAxis) Holman & Wiegert (1999) P-type Critical Semi-major Axis [m]: -1.000000 
(LXUVTot) Total XUV Luminosity [LSUN]: 6.061057e-07 
(LostEnergy) Body's Total Lost Energy [kg*m^2/sec^2]: 2.989720e+40 
(LostAngMom) Lost Angular Momentum due to Magnetic Braking [kg*m^2/sec]: 1.713854e+42 
(EscapeVelocity) Escape Velocity [m/sec]: 5.918763e+05 
----- STELLAR PARAMETERS (star)------
(Luminosity) Luminosity [LSUN]: 0.004705 
(LXUVStellar) Base X-ray/XUV Luminosity [LSUN]: 2.522753e-07 
(Temperature) Effective Temperature [K]: 3256.244747 
(LXUVFrac) Fraction of luminosity in XUV []: 5.362373e-05 
(RossbyNumber) Rossby Number []: 1.539985 
(DRotPerDtStellar) Time Rate of Change of Rotation Period in STELLAR []: 1.431777e-11 
(WindTorque) Stellar Wind Torque []: 2.715921e+21 
----- FLARE PARAMETERS (star)------
(LXUVFlare) XUV Luminosity from flares [LSUN]: 3.538100e-07 
(FlareFreq1) First value of flare frequency range [/sec]: 5.648835e-07 
(FlareFreq2) Second value of flare frequency range [/sec]: 3.875942e-07 
(FlareFreq3) Third value of flare frequency range [/sec]: 2.659473e-07 
(FlareFreq4) Fourth value of flare frequency range [/sec]: 1.824794e-07 
(FlareFreqMin) Frequency of the flares with the lowest energy [/sec]: 5.648835e-07 
(FlareFreqMid) Frequency of the flares with the middle energy in the energy range [/sec]: 1.306598e-08 
(FlareFreqMax) Frequency of the flares with the highest energy [/sec]: 3.022213e-10 
(FlareEnergy1) First value of flare energy range [kg*m^2/sec^2]: 5.334000e+25 
(FlareEnergy2) Second value of flare energy range [kg*m^2/sec^2]: 7.534475e+25 
(FlareEnergy3) Third value of flare energy range [kg*m^2/sec^2]: 1.064273e+26 
(FlareEnergy4) Fourth value of flare energy range [kg*m^2/sec^2]: 1.503325e+26 
(FlareEnergyMin) Minimum flare energy [kg*m^2/sec^2]: 5.334000e+25 
(FlareEnergyMid) Middle flare energy in the range of energy values [kg*m^2/sec^2]: 1.686759e+27 
(FlareEnergyMax) Maximum flare energy [kg*m^2/sec^2]: 5.334000e+28 
(FlareYIntOUT) Instantaneous Davenport FFD y-intercept at current age and mass []: 34.378784 
(FlareSlopeOUT) Instantaneous Davenport FFD slope at current age and mass []: -1.090545 

Output Order: Time[year] Luminosity[LSUN] LXUVStellar[LSUN] LXUVFlare[LSUN] LXUVTot[LSUN]
Grid Output Order:

----- BODY: b ----
Active Modules: AtmEsc
Module Bit Sum: 9
Color: 000000
(Mass) Mass [kg]: 1.006108e+25 
(Radius) Radius [m]: 7.150306e+06 
(RadGyra) Radius of Gyration/Moment of Inertia Constant []: 0.500000 
(BodyType) Type of Body (0 == planet) []: 0.000000 
(Density) Average Density [kg/m^3]: 6570.253061 
(HZLimitDryRunaway) Semi-major axis of Dry Runaway HZ Limit [m]: 9.313321e+09 
(HZLimRecVenus) Recent Venus HZ Limit [m]: 8.336136e+09 
(HZLimRunaway) Runaway Greenhouse HZ Limit [m]: 1.099870e+10 
(HZLimMoistGreenhouse) Moist Greenhouse HZ Limit [m]: 1.103008e+10 
(HZLimMaxGreenhouse) Maximum Greenhouse HZ Limit [m]: 2.092612e+10 
(HZLimEarlyMars) Early Mars HZ Limit [m]: 2.282228e+10 
(Instellation) Orbit-averaged INcident STELLar radiATION [kg/sec^3]: 2.579297e+04 
(MeanMotion) Orbital Mean Motion [/sec]: 4.464498e-05 
(OrbPeriod) Orbital Period [sec]: 1.407367e+05 
(SemiMajorAxis) Semi-major Axis [m]: 2.362696e+09 
(LXUVTot) Total XUV Luminosity [kg/sec^3]: -1.000000 
(EscapeVelocity) Escape Velocity [m/sec]: 1.370494e+04 
----- ATMESC PARAMETERS (b)------
(SurfWaterMass) Surface water mass [kg]: 0.000000 
(EnvelopeMass) Envelope mass [kg]: 0.000000 
(OxygenMass) Oxygen mass in the atmosphere [kg]: 0.000000 
(RGLimit) Runaway greenhouse semi-major axis [m]: 1.053845e+10 
(XO) Atomic oxygen mixing ratio in upper atmosphere []: 0.000000 
(EtaO) Oxygen eta parameter (Luger and Barnes 2015) []: 0.000000 
(PlanetRadius) Planet radius [m]: 7.150306e+06 
(OxygenMantleMass) Mass of oxygen in mantle [kg]: 0.000000 
(RadXUV) XUV radius separating hydro. dyn. escape and equilibrium [m]: -1.000000 
(RadSolid) Radius to the solid surface [m]: -1.000000 
(PresXUV) Pressure at base of thermosphere [(null)]: 5.000000 
(ScaleHeight) Scale height in Lehmer & Catling (2016) model [m]: -1.000000 
(ThermTemp) Isothermal atmospheric temperature [K]: 400.000000 
(AtmGasConst) Atmospheric gas constant [(null)]: 4124.000000 
(PresSurf) Surface pressure due to atmosphere [Pa]: -1.000000 
(DEnvMassDt) Envelope Mass Loss Rate [kg/s]: 0.000000 
(FXUV) XUV flux [W/m^2]: 3.323013 
(AtmXAbsEffH2O) XUV atmospheric escape efficiency for H2O []: 0.300000 
(RocheRadius) Roche Lobe Radius [m]: 4.824636e+07 
(BondiRadius) Bondi Radius [m]: 6.124647e+08 
(HEscapeRegime) Integer flag for H envelope escape regime []: 8.000000 
(RRCriticalFlux) Critical XUV Flux that separates RR and energy-limited escape [W/m^2]: 65.704308 
(CrossoverMass) Crossover mass, defines oxygen is escaping if mc > mo [kg]: 0.000000 
(WaterEscapeRegime) What water escape regime the code is currently in []: 8.000000 
(FXUVCRITDRAG) Critical Drag XUV flux [W/m^2]: 0.536528 
(HREFFLUX) The Hydrogen Reference Flux (m^-2 s^-1) [m^-2 s^-1]: 2.050705e+18 
(XO2) Molecular oxygen mixing ratio in atmosphere []: 0.000000 
(XH2O) Water mixing ratio in upper atmosphere []: 0.000000 
(HDiffFlux) The Hydrogen Diffusion Flux (m^-2 s^-1) [m^-2 s^-1]: 2.543216e+17 
(HRefODragMod) Multiply by H ref flux to get flux with drag []: 1.000000 
(KTide) Mass loss enhancement due to stellar gravity []: 0.779322 
(CumulativeXUVFlux) Cumulative XUV flux [W/m^2]: 3.181442e+18 
(RunawayGreenhouseFlux) Incident flux that triggers runaway greenhouse [kg/sec^3]: 1296.474144 
(RGDuration) Runaway Greenhouse Duration [years]: 0.00000e+00

Output Order: Time[year] CumulativeXUVFlux[W/m^2]
Grid Output Order:
