-------- Log file gj1132.log -------

Executable: /home/vplanet/.local/bin/vplanet
Version: Unknown
System Name: gj1132
Primary Input File: vpl.in
Body File #1: star.in
Body File #2: b.in
Allow files to be overwitten: Yes
Mass Units: Grams
Length Units: Meters
Time Units: Seconds
Angle Units: Radians

------- FORMATTING -----
Verbosity Level: 5
Crossover Decade for Scientific Notation: 4
Number of Digits After Decimal: 6
Integration Method: Runge-Kutta4
Direction: Forward
Time Step: 3.155760e+07
Stop Time: 2.120496e+17
Output Interval: 3.155760e+13
Use Variable Timestep: Yes
dEta: 0.010000
Minimum Value of ecc and obl: 1.000000e-10


---- INITIAL SYSTEM PROPERTIES ----
(Age) System Age [sec]: 1.446179e+14 
(Time) Simulation Time [sec]: 0.000000 
(TotAngMom) Total Angular Momentum [kg*m^2/sec]: 1.624898e+42 
(TotEnergy) Total System Energy [kg*m^2/sec^2]: -1.082271e+40 
(PotEnergy) Body's non-orbital Potential Energy [kg*m^2/sec^2]: -1.088165e+40 
(KinEnergy) Body's non-orbital Kinetic Energy [kg*m^2/sec^2]: 5.899602e+37 
(DeltaTime) Average Timestep Over Last Output Interval [sec]: 0.000000 

----- BODY: star ----
Active Modules: FLARE STELLAR
Module Bit Sum: 577
Color: 000000
(Mass) Mass [kg]: 3.802135e+29 
(Radius) Radius [m]: 5.320050e+08 
(RadGyra) Radius of Gyration/Moment of Inertia Constant []: 0.455335 
(RotAngMom) Rotational Angular Momentum [kg*m^2/sec]: 1.622507e+42 
(RotVel) Rotational Velocity [m/sec]: 3.868850e+04 
(BodyType) Type of Body (0 == planet) []: 0.000000 
(RotRate) Rotational Frequency [/sec]: 7.272205e-05 
(RotPer) Rotational Period [sec]: 8.640000e+04 
(Density) Average Density [kg/m^3]: 602.825653 
(HZLimitDryRunaway) Semi-major axis of Dry Runaway HZ Limit [m]: 3.167430e+10 
(HZLimRecVenus) Recent Venus HZ Limit [m]: 2.838808e+10 
(HZLimRunaway) Runaway Greenhouse HZ Limit [m]: 3.743255e+10 
(HZLimMoistGreenhouse) Moist Greenhouse HZ Limit [m]: 3.756210e+10 
(HZLimMaxGreenhouse) Maximum Greenhouse HZ Limit [m]: 7.144631e+10 
(HZLimEarlyMars) Early Mars HZ Limit [m]: 7.791985e+10 
(Instellation) Orbit-averaged INcident STELLar radiATION [kg/sec^3]: -1.000000 
(CriticalSemiMajorAxis) Holman & Wiegert (1999) P-type Critical Semi-major Axis [m]: -1.000000 
(LXUVTot) Total XUV Luminosity [LSUN]: 1.236042e-05 
(LostEnergy) Body's Total Lost Energy [kg*m^2/sec^2]: 5.562685e-309 
(LostAngMom) Lost Angular Momentum due to Magnetic Braking [kg*m^2/sec]: 5.562685e-309 
(EscapeVelocity) Escape Velocity [m/sec]: 3.088681e+05 
----- STELLAR PARAMETERS (star)------
(Luminosity) Luminosity [LSUN]: 0.054416 
(LXUVStellar) Base X-ray/XUV Luminosity [LSUN]: 1.154928e-05 
(Temperature) Effective Temperature [K]: 3188.617119 
(LXUVFrac) Fraction of luminosity in XUV []: 0.000212 
(RossbyNumber) Rossby Number []: 0.016292 
(DRotPerDtStellar) Time Rate of Change of Rotation Period in STELLAR []: -1.014208e-10 
(WindTorque) Stellar Wind Torque []: 5.907644e+27 
----- FLARE PARAMETERS (star)------
(LXUVFlare) XUV Luminosity from flares [LSUN]: 8.111398e-07 
(FlareFreq1) First value of flare frequency range [/sec]: 3.161774e-05 
(FlareFreq2) Second value of flare frequency range [/sec]: 2.743619e-05 
(FlareFreq3) Third value of flare frequency range [/sec]: 2.380767e-05 
(FlareFreq4) Fourth value of flare frequency range [/sec]: 2.065903e-05 
(FlareFreqMin) Frequency of the flares with the lowest energy [/sec]: 3.161774e-05 
(FlareFreqMid) Frequency of the flares with the middle energy in the energy range [/sec]: 7.653516e-06 
(FlareFreqMax) Frequency of the flares with the highest energy [/sec]: 1.852640e-06 
(FlareEnergy1) First value of flare energy range [kg*m^2/sec^2]: 5.334000e+23 
(FlareEnergy2) Second value of flare energy range [kg*m^2/sec^2]: 6.715108e+23 
(FlareEnergy3) Third value of flare energy range [kg*m^2/sec^2]: 8.453820e+23 
(FlareEnergy4) Fourth value of flare energy range [kg*m^2/sec^2]: 1.064273e+24 
(FlareEnergyMin) Minimum flare energy [kg*m^2/sec^2]: 5.334000e+23 
(FlareEnergyMid) Middle flare energy in the range of energy values [kg*m^2/sec^2]: 5.334000e+24 
(FlareEnergyMax) Maximum flare energy [kg*m^2/sec^2]: 5.334000e+25 
(FlareYIntOUT) Instantaneous Davenport FFD y-intercept at current age and mass []: 19.366456 
(FlareSlopeOUT) Instantaneous Davenport FFD slope at current age and mass []: -0.616070 

Output Order: Time[year] Luminosity[LSUN] LXUVStellar[LSUN] LXUVFlare[LSUN] LXUVTot[LSUN]
Grid Output Order:

----- BODY: b ----
Active Modules: AtmEsc
Module Bit Sum: 9
Color: 000000
(Mass) Mass [kg]: 9.823486e+24 
(Radius) Radius [m]: 7.327044e+06 
(RadGyra) Radius of Gyration/Moment of Inertia Constant []: 0.500000 
(BodyType) Type of Body (0 == planet) []: 0.000000 
(Density) Average Density [kg/m^3]: 5961.980530 
(HZLimitDryRunaway) Semi-major axis of Dry Runaway HZ Limit [m]: 3.167526e+10 
(HZLimRecVenus) Recent Venus HZ Limit [m]: 2.838808e+10 
(HZLimRunaway) Runaway Greenhouse HZ Limit [m]: 3.743255e+10 
(HZLimMoistGreenhouse) Moist Greenhouse HZ Limit [m]: 3.756210e+10 
(HZLimMaxGreenhouse) Maximum Greenhouse HZ Limit [m]: 7.144631e+10 
(HZLimEarlyMars) Early Mars HZ Limit [m]: 7.791985e+10 
(Instellation) Orbit-averaged INcident STELLar radiATION [kg/sec^3]: 3.054411e+05 
(MeanMotion) Orbital Mean Motion [/sec]: 4.464427e-05 
(OrbPeriod) Orbital Period [sec]: 1.407389e+05 
(SemiMajorAxis) Semi-major Axis [m]: 2.335092e+09 
(LXUVTot) Total XUV Luminosity [kg/sec^3]: -1.000000 
(EscapeVelocity) Escape Velocity [m/sec]: 1.337783e+04 
----- ATMESC PARAMETERS (b)------
(SurfWaterMass) Surface water mass [kg]: 0.000000 
(EnvelopeMass) Envelope mass [kg]: 0.000000 
(OxygenMass) Oxygen mass in the atmosphere [kg]: 0.000000 
(RGLimit) Runaway greenhouse semi-major axis [m]: 3.588445e+10 
(XO) Atomic oxygen mixing ratio in upper atmosphere []: 0.000000 
(EtaO) Oxygen eta parameter (Luger and Barnes 2015) []: 0.000000 
(PlanetRadius) Planet radius [m]: 7.327044e+06 
(OxygenMantleMass) Mass of oxygen in mantle [kg]: 0.000000 
(RadXUV) XUV radius separating hydro. dyn. escape and equilibrium [m]: -1.000000 
(RadSolid) Radius to the solid surface [m]: -1.000000 
(PresXUV) Pressure at base of thermosphere [(null)]: 5.000000 
(ScaleHeight) Scale height in Lehmer & Catling (2016) model [m]: -1.000000 
(ThermTemp) Isothermal atmospheric temperature [K]: 400.000000 
(AtmGasConst) Atmospheric gas constant [(null)]: 4124.000000 
(PresSurf) Surface pressure due to atmosphere [Pa]: -1.000000 
(DEnvMassDt) Envelope Mass Loss Rate [kg/s]: 0.000000 
(FXUV) XUV flux [W/m^2]: 69.380567 
(AtmXAbsEffH2O) XUV atmospheric escape efficiency for H2O []: 0.300000 
(RocheRadius) Roche Lobe Radius [m]: 4.786406e+07 
(BondiRadius) Bondi Radius [m]: 3.262676e+08 
(HEscapeRegime) Integer flag for H envelope escape regime []: 8.000000 
(RRCriticalFlux) Critical XUV Flux that separates RR and energy-limited escape [W/m^2]: 57.150420 
(CrossoverMass) Crossover mass, defines oxygen is escaping if mc > mo [kg]: 0.000000 
(WaterEscapeRegime) What water escape regime the code is currently in []: 8.000000 
(FXUVCRITDRAG) Critical Drag XUV flux [W/m^2]: 0.475360 
(HREFFLUX) The Hydrogen Reference Flux (m^-2 s^-1) [m^-2 s^-1]: 4.535176e+19 
(XO2) Molecular oxygen mixing ratio in atmosphere []: 0.000000 
(XH2O) Water mixing ratio in upper atmosphere []: 0.000000 
(HDiffFlux) The Hydrogen Diffusion Flux (m^-2 s^-1) [m^-2 s^-1]: 2.364808e+17 
(HRefODragMod) Multiply by H ref flux to get flux with drag []: 1.000000 
(KTide) Mass loss enhancement due to stellar gravity []: 0.772173 
(CumulativeXUVFlux) Cumulative XUV flux [W/m^2]: 0.000000 
(RunawayGreenhouseFlux) Incident flux that triggers runaway greenhouse [kg/sec^3]: 1293.291643 
(RGDuration) Runaway Greenhouse Duration [years]: 0.00000e+00

Output Order: Time[year] CumulativeXUVFlux[W/m^2]
Grid Output Order:



---- FINAL SYSTEM PROPERTIES ----
(Age) System Age [sec]: 2.121963e+17 
(Time) Simulation Time [sec]: 2.120517e+17 
(TotAngMom) Total Angular Momentum [kg*m^2/sec]: 1.625464e+42 
(TotEnergy) Total System Energy [kg*m^2/sec^2]: -1.081752e+40 
(PotEnergy) Body's non-orbital Potential Energy [kg*m^2/sec^2]: -4.040286e+40 
(KinEnergy) Body's non-orbital Kinetic Energy [kg*m^2/sec^2]: 6.409414e+32 
(DeltaTime) Average Timestep Over Last Output Interval [sec]: 2.629800e+12 

----- BODY: star ----
Active Modules: FLARE STELLAR
Module Bit Sum: 577
Color: 000000
(Mass) Mass [kg]: 3.802135e+29 
(Radius) Radius [m]: 1.432843e+08 
(RadGyra) Radius of Gyration/Moment of Inertia Constant []: 0.460511 
(RotAngMom) Rotational Angular Momentum [kg*m^2/sec]: 1.456720e+39 
(RotVel) Rotational Velocity [m/sec]: 126.087112 
(BodyType) Type of Body (0 == planet) []: 0.000000 
(RotRate) Rotational Frequency [/sec]: 8.799787e-07 
(RotPer) Rotational Period [sec]: 7.140156e+06 
(Density) Average Density [kg/m^3]: 3.085625e+04 
(HZLimitDryRunaway) Semi-major axis of Dry Runaway HZ Limit [m]: 8.838645e+09 
(HZLimRecVenus) Recent Venus HZ Limit [m]: 7.914347e+09 
(HZLimRunaway) Runaway Greenhouse HZ Limit [m]: 1.044032e+10 
(HZLimMoistGreenhouse) Moist Greenhouse HZ Limit [m]: 1.047198e+10 
(HZLimMaxGreenhouse) Maximum Greenhouse HZ Limit [m]: 1.988240e+10 
(HZLimEarlyMars) Early Mars HZ Limit [m]: 2.168395e+10 
(Instellation) Orbit-averaged INcident STELLar radiATION [kg/sec^3]: -1.000000 
(CriticalSemiMajorAxis) Holman & Wiegert (1999) P-type Critical Semi-major Axis [m]: -1.000000 
(LXUVTot) Total XUV Luminosity [LSUN]: 7.208922e-07 
(LostEnergy) Body's Total Lost Energy [kg*m^2/sec^2]: 2.958539e+40 
(LostAngMom) Lost Angular Momentum due to Magnetic Braking [kg*m^2/sec]: 1.621616e+42 
(EscapeVelocity) Escape Velocity [m/sec]: 5.951572e+05 
----- STELLAR PARAMETERS (star)------
(Luminosity) Luminosity [LSUN]: 0.004237 
(LXUVStellar) Base X-ray/XUV Luminosity [LSUN]: 3.318067e-07 
(Temperature) Effective Temperature [K]: 3236.381478 
(LXUVFrac) Fraction of luminosity in XUV []: 7.830783e-05 
(RossbyNumber) Rossby Number []: 1.379715 
(DRotPerDtStellar) Time Rate of Change of Rotation Period in STELLAR []: 1.793416e-11 
(WindTorque) Stellar Wind Torque []: 3.575459e+21 
----- FLARE PARAMETERS (star)------
(LXUVFlare) XUV Luminosity from flares [LSUN]: 3.890852e-07 
(FlareFreq1) First value of flare frequency range [/sec]: 8.519691e-05 
(FlareFreq2) Second value of flare frequency range [/sec]: 6.632990e-05 
(FlareFreq3) Third value of flare frequency range [/sec]: 5.164103e-05 
(FlareFreq4) Fourth value of flare frequency range [/sec]: 4.020504e-05 
(FlareFreqMin) Frequency of the flares with the lowest energy [/sec]: 8.519691e-05 
(FlareFreqMid) Frequency of the flares with the middle energy in the energy range [/sec]: 6.970746e-06 
(FlareFreqMax) Frequency of the flares with the highest energy [/sec]: 5.703411e-07 
(FlareEnergy1) First value of flare energy range [kg*m^2/sec^2]: 5.334000e+23 
(FlareEnergy2) Second value of flare energy range [kg*m^2/sec^2]: 6.715108e+23 
(FlareEnergy3) Third value of flare energy range [kg*m^2/sec^2]: 8.453820e+23 
(FlareEnergy4) Fourth value of flare energy range [kg*m^2/sec^2]: 1.064273e+24 
(FlareEnergyMin) Minimum flare energy [kg*m^2/sec^2]: 5.334000e+23 
(FlareEnergyMid) Middle flare energy in the range of energy values [kg*m^2/sec^2]: 5.334000e+24 
(FlareEnergyMax) Maximum flare energy [kg*m^2/sec^2]: 5.334000e+25 
(FlareYIntOUT) Instantaneous Davenport FFD y-intercept at current age and mass []: 34.271686 
(FlareSlopeOUT) Instantaneous Davenport FFD slope at current age and mass []: -1.087145 

Output Order: Time[year] Luminosity[LSUN] LXUVStellar[LSUN] LXUVFlare[LSUN] LXUVTot[LSUN]
Grid Output Order:

----- BODY: b ----
Active Modules: AtmEsc
Module Bit Sum: 9
Color: 000000
(Mass) Mass [kg]: 9.823486e+24 
(Radius) Radius [m]: 7.327044e+06 
(RadGyra) Radius of Gyration/Moment of Inertia Constant []: 0.500000 
(BodyType) Type of Body (0 == planet) []: 0.000000 
(Density) Average Density [kg/m^3]: 5961.980530 
(HZLimitDryRunaway) Semi-major axis of Dry Runaway HZ Limit [m]: 8.838912e+09 
(HZLimRecVenus) Recent Venus HZ Limit [m]: 7.914347e+09 
(HZLimRunaway) Runaway Greenhouse HZ Limit [m]: 1.044032e+10 
(HZLimMoistGreenhouse) Moist Greenhouse HZ Limit [m]: 1.047198e+10 
(HZLimMaxGreenhouse) Maximum Greenhouse HZ Limit [m]: 1.988240e+10 
(HZLimEarlyMars) Early Mars HZ Limit [m]: 2.168395e+10 
(Instellation) Orbit-averaged INcident STELLar radiATION [kg/sec^3]: 2.378399e+04 
(MeanMotion) Orbital Mean Motion [/sec]: 4.464427e-05 
(OrbPeriod) Orbital Period [sec]: 1.407389e+05 
(SemiMajorAxis) Semi-major Axis [m]: 2.335092e+09 
(LXUVTot) Total XUV Luminosity [kg/sec^3]: -1.000000 
(EscapeVelocity) Escape Velocity [m/sec]: 1.337783e+04 
----- ATMESC PARAMETERS (b)------
(SurfWaterMass) Surface water mass [kg]: 0.000000 
(EnvelopeMass) Envelope mass [kg]: 0.000000 
(OxygenMass) Oxygen mass in the atmosphere [kg]: 0.000000 
(RGLimit) Runaway greenhouse semi-major axis [m]: 1.000870e+10 
(XO) Atomic oxygen mixing ratio in upper atmosphere []: 0.000000 
(EtaO) Oxygen eta parameter (Luger and Barnes 2015) []: 0.000000 
(PlanetRadius) Planet radius [m]: 7.327044e+06 
(OxygenMantleMass) Mass of oxygen in mantle [kg]: 0.000000 
(RadXUV) XUV radius separating hydro. dyn. escape and equilibrium [m]: -1.000000 
(RadSolid) Radius to the solid surface [m]: -1.000000 
(PresXUV) Pressure at base of thermosphere [(null)]: 5.000000 
(ScaleHeight) Scale height in Lehmer & Catling (2016) model [m]: -1.000000 
(ThermTemp) Isothermal atmospheric temperature [K]: 400.000000 
(AtmGasConst) Atmospheric gas constant [(null)]: 4124.000000 
(PresSurf) Surface pressure due to atmosphere [Pa]: -1.000000 
(DEnvMassDt) Envelope Mass Loss Rate [kg/s]: 0.000000 
(FXUV) XUV flux [W/m^2]: 4.046458 
(AtmXAbsEffH2O) XUV atmospheric escape efficiency for H2O []: 0.300000 
(RocheRadius) Roche Lobe Radius [m]: 4.786406e+07 
(BondiRadius) Bondi Radius [m]: 6.194056e+08 
(HEscapeRegime) Integer flag for H envelope escape regime []: 8.000000 
(RRCriticalFlux) Critical XUV Flux that separates RR and energy-limited escape [W/m^2]: 57.150420 
(CrossoverMass) Crossover mass, defines oxygen is escaping if mc > mo [kg]: 0.000000 
(WaterEscapeRegime) What water escape regime the code is currently in []: 8.000000 
(FXUVCRITDRAG) Critical Drag XUV flux [W/m^2]: 0.475360 
(HREFFLUX) The Hydrogen Reference Flux (m^-2 s^-1) [m^-2 s^-1]: 2.645035e+18 
(XO2) Molecular oxygen mixing ratio in atmosphere []: 0.000000 
(XH2O) Water mixing ratio in upper atmosphere []: 0.000000 
(HDiffFlux) The Hydrogen Diffusion Flux (m^-2 s^-1) [m^-2 s^-1]: 2.364808e+17 
(HRefODragMod) Multiply by H ref flux to get flux with drag []: 1.000000 
(KTide) Mass loss enhancement due to stellar gravity []: 0.772173 
(CumulativeXUVFlux) Cumulative XUV flux [W/m^2]: 1.321242e+18 
(RunawayGreenhouseFlux) Incident flux that triggers runaway greenhouse [kg/sec^3]: 1294.525752 
(RGDuration) Runaway Greenhouse Duration [years]: 0.00000e+00

Output Order: Time[year] CumulativeXUVFlux[W/m^2]
Grid Output Order:
