-------- Log file gj1132.log -------

Executable: /home/vplanet/.local/bin/vplanet
Version: Unknown
System Name: gj1132
Primary Input File: vpl.in
Body File #1: star.in
Body File #2: b.in
Allow files to be overwitten: Yes
Mass Units: Grams
Length Units: Meters
Time Units: Seconds
Angle Units: Radians

------- FORMATTING -----
Verbosity Level: 5
Crossover Decade for Scientific Notation: 4
Number of Digits After Decimal: 6
Integration Method: Runge-Kutta4
Direction: Forward
Time Step: 3.155760e+07
Stop Time: 2.384912e+17
Output Interval: 3.155760e+13
Use Variable Timestep: Yes
dEta: 0.010000
Minimum Value of ecc and obl: 1.000000e-10


---- INITIAL SYSTEM PROPERTIES ----
(Age) System Age [sec]: 1.811090e+14 
(Time) Simulation Time [sec]: 0.000000 
(TotAngMom) Total Angular Momentum [kg*m^2/sec]: 1.455657e+42 
(TotEnergy) Total System Energy [kg*m^2/sec^2]: -1.229954e+40 
(PotEnergy) Body's non-orbital Potential Energy [kg*m^2/sec^2]: -1.235232e+40 
(KinEnergy) Body's non-orbital Kinetic Energy [kg*m^2/sec^2]: 5.284039e+37 
(DeltaTime) Average Timestep Over Last Output Interval [sec]: 0.000000 

----- BODY: star ----
Active Modules: FLARE STELLAR
Module Bit Sum: 577
Color: 000000
(Mass) Mass [kg]: 3.909419e+29 
(Radius) Radius [m]: 4.954861e+08 
(RadGyra) Radius of Gyration/Moment of Inertia Constant []: 0.456294 
(RotAngMom) Rotational Angular Momentum [kg*m^2/sec]: 1.453215e+42 
(RotVel) Rotational Velocity [m/sec]: 3.603277e+04 
(BodyType) Type of Body (0 == planet) []: 0.000000 
(RotRate) Rotational Frequency [/sec]: 7.272205e-05 
(RotPer) Rotational Period [sec]: 8.640000e+04 
(Density) Average Density [kg/m^3]: 767.236265 
(HZLimitDryRunaway) Semi-major axis of Dry Runaway HZ Limit [m]: 3.002427e+10 
(HZLimRecVenus) Recent Venus HZ Limit [m]: 2.689482e+10 
(HZLimRunaway) Runaway Greenhouse HZ Limit [m]: 3.547238e+10 
(HZLimMoistGreenhouse) Moist Greenhouse HZ Limit [m]: 3.558627e+10 
(HZLimMaxGreenhouse) Maximum Greenhouse HZ Limit [m]: 6.761610e+10 
(HZLimEarlyMars) Early Mars HZ Limit [m]: 7.374271e+10 
(Instellation) Orbit-averaged INcident STELLar radiATION [kg/sec^3]: -1.000000 
(CriticalSemiMajorAxis) Holman & Wiegert (1999) P-type Critical Semi-major Axis [m]: -1.000000 
(LXUVTot) Total XUV Luminosity [LSUN]: 0.000175 
(LostEnergy) Body's Total Lost Energy [kg*m^2/sec^2]: 5.562685e-309 
(LostAngMom) Lost Angular Momentum due to Magnetic Braking [kg*m^2/sec]: 5.562685e-309 
(EscapeVelocity) Escape Velocity [m/sec]: 3.245320e+05 
----- STELLAR PARAMETERS (star)------
(Luminosity) Luminosity [LSUN]: 0.048894 
(LXUVStellar) Base X-ray/XUV Luminosity [LSUN]: 0.000164 
(Temperature) Effective Temperature [K]: 3216.594097 
(LXUVFrac) Fraction of luminosity in XUV []: 0.003352 
(RossbyNumber) Rossby Number []: 0.016527 
(DRotPerDtStellar) Time Rate of Change of Rotation Period in STELLAR []: -6.519929e-11 
(WindTorque) Stellar Wind Torque []: 3.968642e+27 
----- FLARE PARAMETERS (star)------
(LXUVFlare) XUV Luminosity from flares [LSUN]: 1.136196e-05 
(FlareFreq1) First value of flare frequency range [/sec]: 1.801833e-06 
(FlareFreq2) Second value of flare frequency range [/sec]: 1.450508e-06 
(FlareFreq3) Third value of flare frequency range [/sec]: 1.167686e-06 
(FlareFreq4) Fourth value of flare frequency range [/sec]: 9.400081e-07 
(FlareFreqMin) Frequency of the flares with the lowest energy [/sec]: 1.801833e-06 
(FlareFreqMid) Frequency of the flares with the middle energy in the energy range [/sec]: 2.059545e-07 
(FlareFreqMax) Frequency of the flares with the highest energy [/sec]: 2.354117e-08 
(FlareEnergy1) First value of flare energy range [kg*m^2/sec^2]: 5.334000e+25 
(FlareEnergy2) Second value of flare energy range [kg*m^2/sec^2]: 7.534475e+25 
(FlareEnergy3) Third value of flare energy range [kg*m^2/sec^2]: 1.064273e+26 
(FlareEnergy4) Fourth value of flare energy range [kg*m^2/sec^2]: 1.503325e+26 
(FlareEnergyMin) Minimum flare energy [kg*m^2/sec^2]: 5.334000e+25 
(FlareEnergyMid) Middle flare energy in the range of energy values [kg*m^2/sec^2]: 1.686759e+27 
(FlareEnergyMax) Maximum flare energy [kg*m^2/sec^2]: 5.334000e+28 
(FlareYIntOUT) Instantaneous Davenport FFD y-intercept at current age and mass []: 19.743579 
(FlareSlopeOUT) Instantaneous Davenport FFD slope at current age and mass []: -0.627962 

Output Order: Time[year] Luminosity[LSUN] LXUVStellar[LSUN] LXUVFlare[LSUN] LXUVTot[LSUN]
Grid Output Order:

----- BODY: b ----
Active Modules: AtmEsc
Module Bit Sum: 9
Color: 000000
(Mass) Mass [kg]: 9.847872e+24 
(Radius) Radius [m]: 7.175049e+06 
(RadGyra) Radius of Gyration/Moment of Inertia Constant []: 0.500000 
(BodyType) Type of Body (0 == planet) []: 0.000000 
(Density) Average Density [kg/m^3]: 6364.718367 
(HZLimitDryRunaway) Semi-major axis of Dry Runaway HZ Limit [m]: 3.002489e+10 
(HZLimRecVenus) Recent Venus HZ Limit [m]: 2.689482e+10 
(HZLimRunaway) Runaway Greenhouse HZ Limit [m]: 3.547238e+10 
(HZLimMoistGreenhouse) Moist Greenhouse HZ Limit [m]: 3.558627e+10 
(HZLimMaxGreenhouse) Maximum Greenhouse HZ Limit [m]: 6.761610e+10 
(HZLimEarlyMars) Early Mars HZ Limit [m]: 7.374271e+10 
(Instellation) Orbit-averaged INcident STELLar radiATION [kg/sec^3]: 2.693981e+05 
(MeanMotion) Orbital Mean Motion [/sec]: 4.464400e-05 
(OrbPeriod) Orbital Period [sec]: 1.407397e+05 
(SemiMajorAxis) Semi-major Axis [m]: 2.356860e+09 
(LXUVTot) Total XUV Luminosity [kg/sec^3]: -1.000000 
(EscapeVelocity) Escape Velocity [m/sec]: 1.353555e+04 
----- ATMESC PARAMETERS (b)------
(SurfWaterMass) Surface water mass [kg]: 0.000000 
(EnvelopeMass) Envelope mass [kg]: 0.000000 
(OxygenMass) Oxygen mass in the atmosphere [kg]: 0.000000 
(RGLimit) Runaway greenhouse semi-major axis [m]: 3.400386e+10 
(XO) Atomic oxygen mixing ratio in upper atmosphere []: 0.000000 
(EtaO) Oxygen eta parameter (Luger and Barnes 2015) []: 0.000000 
(PlanetRadius) Planet radius [m]: 7.175049e+06 
(OxygenMantleMass) Mass of oxygen in mantle [kg]: 0.000000 
(RadXUV) XUV radius separating hydro. dyn. escape and equilibrium [m]: -1.000000 
(RadSolid) Radius to the solid surface [m]: -1.000000 
(PresXUV) Pressure at base of thermosphere [(null)]: 5.000000 
(ScaleHeight) Scale height in Lehmer & Catling (2016) model [m]: -1.000000 
(ThermTemp) Isothermal atmospheric temperature [K]: 400.000000 
(AtmGasConst) Atmospheric gas constant [(null)]: 4124.000000 
(PresSurf) Surface pressure due to atmosphere [Pa]: -1.000000 
(DEnvMassDt) Envelope Mass Loss Rate [kg/s]: 0.000000 
(FXUV) XUV flux [W/m^2]: 965.647887 
(AtmXAbsEffH2O) XUV atmospheric escape efficiency for H2O []: 0.300000 
(RocheRadius) Roche Lobe Radius [m]: 4.790381e+07 
(BondiRadius) Bondi Radius [m]: 3.344136e+08 
(HEscapeRegime) Integer flag for H envelope escape regime []: 8.000000 
(RRCriticalFlux) Critical XUV Flux that separates RR and energy-limited escape [W/m^2]: 61.931014 
(CrossoverMass) Crossover mass, defines oxygen is escaping if mc > mo [kg]: 0.000000 
(WaterEscapeRegime) What water escape regime the code is currently in []: 8.000000 
(FXUVCRITDRAG) Critical Drag XUV flux [W/m^2]: 0.508730 
(HREFFLUX) The Hydrogen Reference Flux (m^-2 s^-1) [m^-2 s^-1]: 6.127491e+20 
(XO2) Molecular oxygen mixing ratio in atmosphere []: 0.000000 
(XH2O) Water mixing ratio in upper atmosphere []: 0.000000 
(HDiffFlux) The Hydrogen Diffusion Flux (m^-2 s^-1) [m^-2 s^-1]: 2.472182e+17 
(HRefODragMod) Multiply by H ref flux to get flux with drag []: 1.000000 
(KTide) Mass loss enhancement due to stellar gravity []: 0.777010 
(CumulativeXUVFlux) Cumulative XUV flux [W/m^2]: 0.000000 
(RunawayGreenhouseFlux) Incident flux that triggers runaway greenhouse [kg/sec^3]: 1294.159828 
(RGDuration) Runaway Greenhouse Duration [years]: 0.00000e+00

Output Order: Time[year] CumulativeXUVFlux[W/m^2]
Grid Output Order:



---- FINAL SYSTEM PROPERTIES ----
(Age) System Age [sec]: 2.386724e+17 
(Time) Simulation Time [sec]: 2.384913e+17 
(TotAngMom) Total Angular Momentum [kg*m^2/sec]: 1.449261e+42 
(TotEnergy) Total System Energy [kg*m^2/sec^2]: -1.233472e+40 
(PotEnergy) Body's non-orbital Potential Energy [kg*m^2/sec^2]: -4.120936e+40 
(KinEnergy) Body's non-orbital Kinetic Energy [kg*m^2/sec^2]: 5.835905e+32 
(DeltaTime) Average Timestep Over Last Output Interval [sec]: 6.311520e+12 

----- BODY: star ----
Active Modules: FLARE STELLAR
Module Bit Sum: 577
Color: 000000
(Mass) Mass [kg]: 3.909419e+29 
(Radius) Radius [m]: 1.485198e+08 
(RadGyra) Radius of Gyration/Moment of Inertia Constant []: 0.460267 
(RotAngMom) Rotational Angular Momentum [kg*m^2/sec]: 1.460225e+39 
(RotVel) Rotational Velocity [m/sec]: 118.714211 
(BodyType) Type of Body (0 == planet) []: 0.000000 
(RotRate) Rotational Frequency [/sec]: 7.993159e-07 
(RotPer) Rotational Period [sec]: 7.860703e+06 
(Density) Average Density [kg/m^3]: 2.848858e+04 
(HZLimitDryRunaway) Semi-major axis of Dry Runaway HZ Limit [m]: 9.197107e+09 
(HZLimRecVenus) Recent Venus HZ Limit [m]: 8.232895e+09 
(HZLimRunaway) Runaway Greenhouse HZ Limit [m]: 1.086201e+10 
(HZLimMoistGreenhouse) Moist Greenhouse HZ Limit [m]: 1.089347e+10 
(HZLimMaxGreenhouse) Maximum Greenhouse HZ Limit [m]: 2.067076e+10 
(HZLimEarlyMars) Early Mars HZ Limit [m]: 2.254376e+10 
(Instellation) Orbit-averaged INcident STELLar radiATION [kg/sec^3]: -1.000000 
(CriticalSemiMajorAxis) Holman & Wiegert (1999) P-type Critical Semi-major Axis [m]: -1.000000 
(LXUVTot) Total XUV Luminosity [LSUN]: 8.452694e-07 
(LostEnergy) Body's Total Lost Energy [kg*m^2/sec^2]: 2.887469e+40 
(LostAngMom) Lost Angular Momentum due to Magnetic Braking [kg*m^2/sec]: 1.445359e+42 
(EscapeVelocity) Escape Velocity [m/sec]: 5.927631e+05 
----- STELLAR PARAMETERS (star)------
(Luminosity) Luminosity [LSUN]: 0.004588 
(LXUVStellar) Base X-ray/XUV Luminosity [LSUN]: 4.950380e-07 
(Temperature) Effective Temperature [K]: 3251.442447 
(LXUVFrac) Fraction of luminosity in XUV []: 0.000108 
(RossbyNumber) Rossby Number []: 1.530711 
(DRotPerDtStellar) Time Rate of Change of Rotation Period in STELLAR []: 1.414726e-11 
(WindTorque) Stellar Wind Torque []: 2.628032e+21 
----- FLARE PARAMETERS (star)------
(LXUVFlare) XUV Luminosity from flares [LSUN]: 3.502298e-07 
(FlareFreq1) First value of flare frequency range [/sec]: 5.616683e-07 
(FlareFreq2) Second value of flare frequency range [/sec]: 3.852460e-07 
(FlareFreq3) Third value of flare frequency range [/sec]: 2.642387e-07 
(FlareFreq4) Fourth value of flare frequency range [/sec]: 1.812403e-07 
(FlareFreqMin) Frequency of the flares with the lowest energy [/sec]: 5.616683e-07 
(FlareFreqMid) Frequency of the flares with the middle energy in the energy range [/sec]: 1.294382e-08 
(FlareFreqMax) Frequency of the flares with the highest energy [/sec]: 2.982942e-10 
(FlareEnergy1) First value of flare energy range [kg*m^2/sec^2]: 5.334000e+25 
(FlareEnergy2) Second value of flare energy range [kg*m^2/sec^2]: 7.534475e+25 
(FlareEnergy3) Third value of flare energy range [kg*m^2/sec^2]: 1.064273e+26 
(FlareEnergy4) Fourth value of flare energy range [kg*m^2/sec^2]: 1.503325e+26 
(FlareEnergyMin) Minimum flare energy [kg*m^2/sec^2]: 5.334000e+25 
(FlareEnergyMid) Middle flare energy in the range of energy values [kg*m^2/sec^2]: 1.686759e+27 
(FlareEnergyMax) Maximum flare energy [kg*m^2/sec^2]: 5.334000e+28 
(FlareYIntOUT) Instantaneous Davenport FFD y-intercept at current age and mass []: 34.411227 
(FlareSlopeOUT) Instantaneous Davenport FFD slope at current age and mass []: -1.091612 

Output Order: Time[year] Luminosity[LSUN] LXUVStellar[LSUN] LXUVFlare[LSUN] LXUVTot[LSUN]
Grid Output Order:

----- BODY: b ----
Active Modules: AtmEsc
Module Bit Sum: 9
Color: 000000
(Mass) Mass [kg]: 9.847872e+24 
(Radius) Radius [m]: 7.175049e+06 
(RadGyra) Radius of Gyration/Moment of Inertia Constant []: 0.500000 
(BodyType) Type of Body (0 == planet) []: 0.000000 
(Density) Average Density [kg/m^3]: 6364.718367 
(HZLimitDryRunaway) Semi-major axis of Dry Runaway HZ Limit [m]: 9.197295e+09 
(HZLimRecVenus) Recent Venus HZ Limit [m]: 8.232895e+09 
(HZLimRunaway) Runaway Greenhouse HZ Limit [m]: 1.086201e+10 
(HZLimMoistGreenhouse) Moist Greenhouse HZ Limit [m]: 1.089347e+10 
(HZLimMaxGreenhouse) Maximum Greenhouse HZ Limit [m]: 2.067076e+10 
(HZLimEarlyMars) Early Mars HZ Limit [m]: 2.254376e+10 
(Instellation) Orbit-averaged INcident STELLar radiATION [kg/sec^3]: 2.527854e+04 
(MeanMotion) Orbital Mean Motion [/sec]: 4.464400e-05 
(OrbPeriod) Orbital Period [sec]: 1.407397e+05 
(SemiMajorAxis) Semi-major Axis [m]: 2.356860e+09 
(LXUVTot) Total XUV Luminosity [kg/sec^3]: -1.000000 
(EscapeVelocity) Escape Velocity [m/sec]: 1.353555e+04 
----- ATMESC PARAMETERS (b)------
(SurfWaterMass) Surface water mass [kg]: 0.000000 
(EnvelopeMass) Envelope mass [kg]: 0.000000 
(OxygenMass) Oxygen mass in the atmosphere [kg]: 0.000000 
(RGLimit) Runaway greenhouse semi-major axis [m]: 1.041249e+10 
(XO) Atomic oxygen mixing ratio in upper atmosphere []: 0.000000 
(EtaO) Oxygen eta parameter (Luger and Barnes 2015) []: 0.000000 
(PlanetRadius) Planet radius [m]: 7.175049e+06 
(OxygenMantleMass) Mass of oxygen in mantle [kg]: 0.000000 
(RadXUV) XUV radius separating hydro. dyn. escape and equilibrium [m]: -1.000000 
(RadSolid) Radius to the solid surface [m]: -1.000000 
(PresXUV) Pressure at base of thermosphere [(null)]: 5.000000 
(ScaleHeight) Scale height in Lehmer & Catling (2016) model [m]: -1.000000 
(ThermTemp) Isothermal atmospheric temperature [K]: 400.000000 
(AtmGasConst) Atmospheric gas constant [(null)]: 4124.000000 
(PresSurf) Surface pressure due to atmosphere [Pa]: -1.000000 
(DEnvMassDt) Envelope Mass Loss Rate [kg/s]: 0.000000 
(FXUV) XUV flux [W/m^2]: 4.657318 
(AtmXAbsEffH2O) XUV atmospheric escape efficiency for H2O []: 0.300000 
(RocheRadius) Roche Lobe Radius [m]: 4.790381e+07 
(BondiRadius) Bondi Radius [m]: 6.042655e+08 
(HEscapeRegime) Integer flag for H envelope escape regime []: 8.000000 
(RRCriticalFlux) Critical XUV Flux that separates RR and energy-limited escape [W/m^2]: 61.931014 
(CrossoverMass) Crossover mass, defines oxygen is escaping if mc > mo [kg]: 0.000000 
(WaterEscapeRegime) What water escape regime the code is currently in []: 8.000000 
(FXUVCRITDRAG) Critical Drag XUV flux [W/m^2]: 0.508730 
(HREFFLUX) The Hydrogen Reference Flux (m^-2 s^-1) [m^-2 s^-1]: 2.955288e+18 
(XO2) Molecular oxygen mixing ratio in atmosphere []: 0.000000 
(XH2O) Water mixing ratio in upper atmosphere []: 0.000000 
(HDiffFlux) The Hydrogen Diffusion Flux (m^-2 s^-1) [m^-2 s^-1]: 2.472182e+17 
(HRefODragMod) Multiply by H ref flux to get flux with drag []: 1.000000 
(KTide) Mass loss enhancement due to stellar gravity []: 0.777010 
(CumulativeXUVFlux) Cumulative XUV flux [W/m^2]: 4.456476e+18 
(RunawayGreenhouseFlux) Incident flux that triggers runaway greenhouse [kg/sec^3]: 1295.068209 
(RGDuration) Runaway Greenhouse Duration [years]: 0.00000e+00

Output Order: Time[year] CumulativeXUVFlux[W/m^2]
Grid Output Order:
