-------- Log file gj1132.log -------

Executable: /home/vplanet/.local/bin/vplanet
Version: Unknown
System Name: gj1132
Primary Input File: vpl.in
Body File #1: star.in
Body File #2: b.in
Allow files to be overwitten: Yes
Mass Units: Grams
Length Units: Meters
Time Units: Seconds
Angle Units: Radians

------- FORMATTING -----
Verbosity Level: 5
Crossover Decade for Scientific Notation: 4
Number of Digits After Decimal: 6
Integration Method: Runge-Kutta4
Direction: Forward
Time Step: 3.155760e+07
Stop Time: 2.144279e+17
Output Interval: 3.155760e+13
Use Variable Timestep: Yes
dEta: 0.010000
Minimum Value of ecc and obl: 1.000000e-10


---- INITIAL SYSTEM PROPERTIES ----
(Age) System Age [sec]: 1.401312e+14 
(Time) Simulation Time [sec]: 0.000000 
(TotAngMom) Total Angular Momentum [kg*m^2/sec]: 1.753720e+42 
(TotEnergy) Total System Energy [kg*m^2/sec^2]: -1.115311e+40 
(PotEnergy) Body's non-orbital Potential Energy [kg*m^2/sec^2]: -1.121674e+40 
(KinEnergy) Body's non-orbital Kinetic Energy [kg*m^2/sec^2]: 6.367737e+37 
(DeltaTime) Average Timestep Over Last Output Interval [sec]: 0.000000 

----- BODY: star ----
Active Modules: FLARE STELLAR
Module Bit Sum: 577
Color: 000000
(Mass) Mass [kg]: 3.908507e+29 
(Radius) Radius [m]: 5.453948e+08 
(RadGyra) Radius of Gyration/Moment of Inertia Constant []: 0.455119 
(RotAngMom) Rotational Angular Momentum [kg*m^2/sec]: 1.751253e+42 
(RotVel) Rotational Velocity [m/sec]: 3.966223e+04 
(BodyType) Type of Body (0 == planet) []: 0.000000 
(RotRate) Rotational Frequency [/sec]: 7.272205e-05 
(RotPer) Rotational Period [sec]: 8.640000e+04 
(Density) Average Density [kg/m^3]: 575.160951 
(HZLimitDryRunaway) Semi-major axis of Dry Runaway HZ Limit [m]: 3.271579e+10 
(HZLimRecVenus) Recent Venus HZ Limit [m]: 2.931526e+10 
(HZLimRunaway) Runaway Greenhouse HZ Limit [m]: 3.865897e+10 
(HZLimMoistGreenhouse) Moist Greenhouse HZ Limit [m]: 3.878891e+10 
(HZLimMaxGreenhouse) Maximum Greenhouse HZ Limit [m]: 7.374842e+10 
(HZLimEarlyMars) Early Mars HZ Limit [m]: 8.043059e+10 
(Instellation) Orbit-averaged INcident STELLar radiATION [kg/sec^3]: -1.000000 
(CriticalSemiMajorAxis) Holman & Wiegert (1999) P-type Critical Semi-major Axis [m]: -1.000000 
(LXUVTot) Total XUV Luminosity [LSUN]: 3.284884e-05 
(LostEnergy) Body's Total Lost Energy [kg*m^2/sec^2]: 5.562685e-309 
(LostAngMom) Lost Angular Momentum due to Magnetic Braking [kg*m^2/sec]: 5.562685e-309 
(EscapeVelocity) Escape Velocity [m/sec]: 3.092909e+05 
----- STELLAR PARAMETERS (star)------
(Luminosity) Luminosity [LSUN]: 0.058053 
(LXUVStellar) Base X-ray/XUV Luminosity [LSUN]: 3.202523e-05 
(Temperature) Effective Temperature [K]: 3199.808348 
(LXUVFrac) Fraction of luminosity in XUV []: 0.000552 
(RossbyNumber) Rossby Number []: 0.016386 
(DRotPerDtStellar) Time Rate of Change of Rotation Period in STELLAR []: -1.738723e-10 
(WindTorque) Stellar Wind Torque []: 6.622165e+27 
----- FLARE PARAMETERS (star)------
(LXUVFlare) XUV Luminosity from flares [LSUN]: 8.236112e-07 
(FlareFreq1) First value of flare frequency range [/sec]: 3.175634e-05 
(FlareFreq2) Second value of flare frequency range [/sec]: 2.757364e-05 
(FlareFreq3) Third value of flare frequency range [/sec]: 2.394185e-05 
(FlareFreq4) Fourth value of flare frequency range [/sec]: 2.078841e-05 
(FlareFreqMin) Frequency of the flares with the lowest energy [/sec]: 3.175634e-05 
(FlareFreqMid) Frequency of the flares with the middle energy in the energy range [/sec]: 7.735115e-06 
(FlareFreqMax) Frequency of the flares with the highest energy [/sec]: 1.884096e-06 
(FlareEnergy1) First value of flare energy range [kg*m^2/sec^2]: 5.334000e+23 
(FlareEnergy2) Second value of flare energy range [kg*m^2/sec^2]: 6.715108e+23 
(FlareEnergy3) Third value of flare energy range [kg*m^2/sec^2]: 8.453820e+23 
(FlareEnergy4) Fourth value of flare energy range [kg*m^2/sec^2]: 1.064273e+24 
(FlareEnergyMin) Minimum flare energy [kg*m^2/sec^2]: 5.334000e+23 
(FlareEnergyMid) Middle flare energy in the range of energy values [kg*m^2/sec^2]: 5.334000e+24 
(FlareEnergyMax) Maximum flare energy [kg*m^2/sec^2]: 5.334000e+25 
(FlareYIntOUT) Instantaneous Davenport FFD y-intercept at current age and mass []: 19.285203 
(FlareSlopeOUT) Instantaneous Davenport FFD slope at current age and mass []: -0.613364 

Output Order: Time[year] Luminosity[LSUN] LXUVStellar[LSUN] LXUVFlare[LSUN] LXUVTot[LSUN]
Grid Output Order:

----- BODY: b ----
Active Modules: AtmEsc
Module Bit Sum: 9
Color: 000000
(Mass) Mass [kg]: 9.949640e+24 
(Radius) Radius [m]: 7.397285e+06 
(RadGyra) Radius of Gyration/Moment of Inertia Constant []: 0.500000 
(BodyType) Type of Body (0 == planet) []: 0.000000 
(Density) Average Density [kg/m^3]: 5868.155635 
(HZLimitDryRunaway) Semi-major axis of Dry Runaway HZ Limit [m]: 3.271640e+10 
(HZLimRecVenus) Recent Venus HZ Limit [m]: 2.931526e+10 
(HZLimRunaway) Runaway Greenhouse HZ Limit [m]: 3.865897e+10 
(HZLimMoistGreenhouse) Moist Greenhouse HZ Limit [m]: 3.878891e+10 
(HZLimMaxGreenhouse) Maximum Greenhouse HZ Limit [m]: 7.374842e+10 
(HZLimEarlyMars) Early Mars HZ Limit [m]: 8.043059e+10 
(Instellation) Orbit-averaged INcident STELLar radiATION [kg/sec^3]: 3.199122e+05 
(MeanMotion) Orbital Mean Motion [/sec]: 4.464399e-05 
(OrbPeriod) Orbital Period [sec]: 1.407398e+05 
(SemiMajorAxis) Semi-major Axis [m]: 2.356677e+09 
(LXUVTot) Total XUV Luminosity [kg/sec^3]: -1.000000 
(EscapeVelocity) Escape Velocity [m/sec]: 1.339938e+04 
----- ATMESC PARAMETERS (b)------
(SurfWaterMass) Surface water mass [kg]: 0.000000 
(EnvelopeMass) Envelope mass [kg]: 0.000000 
(OxygenMass) Oxygen mass in the atmosphere [kg]: 0.000000 
(RGLimit) Runaway greenhouse semi-major axis [m]: 3.704957e+10 
(XO) Atomic oxygen mixing ratio in upper atmosphere []: 0.000000 
(EtaO) Oxygen eta parameter (Luger and Barnes 2015) []: 0.000000 
(PlanetRadius) Planet radius [m]: 7.397285e+06 
(OxygenMantleMass) Mass of oxygen in mantle [kg]: 0.000000 
(RadXUV) XUV radius separating hydro. dyn. escape and equilibrium [m]: -1.000000 
(RadSolid) Radius to the solid surface [m]: -1.000000 
(PresXUV) Pressure at base of thermosphere [(null)]: 5.000000 
(ScaleHeight) Scale height in Lehmer & Catling (2016) model [m]: -1.000000 
(ThermTemp) Isothermal atmospheric temperature [K]: 400.000000 
(AtmGasConst) Atmospheric gas constant [(null)]: 4124.000000 
(PresSurf) Surface pressure due to atmosphere [Pa]: -1.000000 
(DEnvMassDt) Envelope Mass Loss Rate [kg/s]: 0.000000 
(FXUV) XUV flux [W/m^2]: 181.020246 
(AtmXAbsEffH2O) XUV atmospheric escape efficiency for H2O []: 0.300000 
(RocheRadius) Roche Lobe Radius [m]: 4.806828e+07 
(BondiRadius) Bondi Radius [m]: 3.237415e+08 
(HEscapeRegime) Integer flag for H envelope escape regime []: 8.000000 
(RRCriticalFlux) Critical XUV Flux that separates RR and energy-limited escape [W/m^2]: 56.798279 
(CrossoverMass) Crossover mass, defines oxygen is escaping if mc > mo [kg]: 0.000000 
(WaterEscapeRegime) What water escape regime the code is currently in []: 8.000000 
(FXUVCRITDRAG) Critical Drag XUV flux [W/m^2]: 0.473887 
(HREFFLUX) The Hydrogen Reference Flux (m^-2 s^-1) [m^-2 s^-1]: 1.181282e+20 
(XO2) Molecular oxygen mixing ratio in atmosphere []: 0.000000 
(XH2O) Water mixing ratio in upper atmosphere []: 0.000000 
(HDiffFlux) The Hydrogen Diffusion Flux (m^-2 s^-1) [m^-2 s^-1]: 2.349906e+17 
(HRefODragMod) Multiply by H ref flux to get flux with drag []: 1.000000 
(KTide) Mass loss enhancement due to stellar gravity []: 0.770985 
(CumulativeXUVFlux) Cumulative XUV flux [W/m^2]: 0.000000 
(RunawayGreenhouseFlux) Incident flux that triggers runaway greenhouse [kg/sec^3]: 1294.340855 
(RGDuration) Runaway Greenhouse Duration [years]: 0.00000e+00

Output Order: Time[year] CumulativeXUVFlux[W/m^2]
Grid Output Order:



---- FINAL SYSTEM PROPERTIES ----
(Age) System Age [sec]: 2.145740e+17 
(Time) Simulation Time [sec]: 2.144339e+17 
(TotAngMom) Total Angular Momentum [kg*m^2/sec]: 1.761436e+42 
(TotEnergy) Total System Energy [kg*m^2/sec^2]: -1.112581e+40 
(PotEnergy) Body's non-orbital Potential Energy [kg*m^2/sec^2]: -4.139559e+40 
(KinEnergy) Body's non-orbital Kinetic Energy [kg*m^2/sec^2]: 6.524642e+32 
(DeltaTime) Average Timestep Over Last Output Interval [sec]: 1.577880e+13 

----- BODY: star ----
Active Modules: FLARE STELLAR
Module Bit Sum: 577
Color: 000000
(Mass) Mass [kg]: 3.908507e+29 
(Radius) Radius [m]: 1.477826e+08 
(RadGyra) Radius of Gyration/Moment of Inertia Constant []: 0.460267 
(RotAngMom) Rotational Angular Momentum [kg*m^2/sec]: 1.536145e+39 
(RotVel) Rotational Velocity [m/sec]: 125.538746 
(BodyType) Type of Body (0 == planet) []: 0.000000 
(RotRate) Rotational Frequency [/sec]: 8.494825e-07 
(RotPer) Rotational Period [sec]: 7.396486e+06 
(Density) Average Density [kg/m^3]: 2.891028e+04 
(HZLimitDryRunaway) Semi-major axis of Dry Runaway HZ Limit [m]: 9.184521e+09 
(HZLimRecVenus) Recent Venus HZ Limit [m]: 8.221646e+09 
(HZLimRunaway) Runaway Greenhouse HZ Limit [m]: 1.084716e+10 
(HZLimMoistGreenhouse) Moist Greenhouse HZ Limit [m]: 1.087859e+10 
(HZLimMaxGreenhouse) Maximum Greenhouse HZ Limit [m]: 2.064260e+10 
(HZLimEarlyMars) Early Mars HZ Limit [m]: 2.251305e+10 
(Instellation) Orbit-averaged INcident STELLar radiATION [kg/sec^3]: -1.000000 
(CriticalSemiMajorAxis) Holman & Wiegert (1999) P-type Critical Semi-major Axis [m]: -1.000000 
(LXUVTot) Total XUV Luminosity [LSUN]: 8.050319e-07 
(LostEnergy) Body's Total Lost Energy [kg*m^2/sec^2]: 3.026984e+40 
(LostAngMom) Lost Angular Momentum due to Magnetic Braking [kg*m^2/sec]: 1.757433e+42 
(EscapeVelocity) Escape Velocity [m/sec]: 5.941704e+05 
----- STELLAR PARAMETERS (star)------
(Luminosity) Luminosity [LSUN]: 0.004575 
(LXUVStellar) Base X-ray/XUV Luminosity [LSUN]: 4.124931e-07 
(Temperature) Effective Temperature [K]: 3251.333572 
(LXUVFrac) Fraction of luminosity in XUV []: 9.015608e-05 
(RossbyNumber) Rossby Number []: 1.440234 
(DRotPerDtStellar) Time Rate of Change of Rotation Period in STELLAR []: 1.588319e-11 
(WindTorque) Stellar Wind Torque []: 3.470190e+21 
----- FLARE PARAMETERS (star)------
(LXUVFlare) XUV Luminosity from flares [LSUN]: 3.925344e-07 
(FlareFreq1) First value of flare frequency range [/sec]: 8.589774e-05 
(FlareFreq2) Second value of flare frequency range [/sec]: 6.687850e-05 
(FlareFreq3) Third value of flare frequency range [/sec]: 5.207045e-05 
(FlareFreq4) Fourth value of flare frequency range [/sec]: 4.054115e-05 
(FlareFreqMin) Frequency of the flares with the lowest energy [/sec]: 8.589774e-05 
(FlareFreqMid) Frequency of the flares with the middle energy in the energy range [/sec]: 7.031203e-06 
(FlareFreqMax) Frequency of the flares with the highest energy [/sec]: 5.755426e-07 
(FlareEnergy1) First value of flare energy range [kg*m^2/sec^2]: 5.334000e+23 
(FlareEnergy2) Second value of flare energy range [kg*m^2/sec^2]: 6.715108e+23 
(FlareEnergy3) Third value of flare energy range [kg*m^2/sec^2]: 8.453820e+23 
(FlareEnergy4) Fourth value of flare energy range [kg*m^2/sec^2]: 1.064273e+24 
(FlareEnergyMin) Minimum flare energy [kg*m^2/sec^2]: 5.334000e+23 
(FlareEnergyMid) Middle flare energy in the range of energy values [kg*m^2/sec^2]: 5.334000e+24 
(FlareEnergyMax) Maximum flare energy [kg*m^2/sec^2]: 5.334000e+25 
(FlareYIntOUT) Instantaneous Davenport FFD y-intercept at current age and mass []: 34.269331 
(FlareSlopeOUT) Instantaneous Davenport FFD slope at current age and mass []: -1.086952 

Output Order: Time[year] Luminosity[LSUN] LXUVStellar[LSUN] LXUVFlare[LSUN] LXUVTot[LSUN]
Grid Output Order:

----- BODY: b ----
Active Modules: AtmEsc
Module Bit Sum: 9
Color: 000000
(Mass) Mass [kg]: 9.949640e+24 
(Radius) Radius [m]: 7.397285e+06 
(RadGyra) Radius of Gyration/Moment of Inertia Constant []: 0.500000 
(BodyType) Type of Body (0 == planet) []: 0.000000 
(Density) Average Density [kg/m^3]: 5868.155635 
(HZLimitDryRunaway) Semi-major axis of Dry Runaway HZ Limit [m]: 9.184689e+09 
(HZLimRecVenus) Recent Venus HZ Limit [m]: 8.221646e+09 
(HZLimRunaway) Runaway Greenhouse HZ Limit [m]: 1.084716e+10 
(HZLimMoistGreenhouse) Moist Greenhouse HZ Limit [m]: 1.087859e+10 
(HZLimMaxGreenhouse) Maximum Greenhouse HZ Limit [m]: 2.064260e+10 
(HZLimEarlyMars) Early Mars HZ Limit [m]: 2.251305e+10 
(Instellation) Orbit-averaged INcident STELLar radiATION [kg/sec^3]: 2.521325e+04 
(MeanMotion) Orbital Mean Motion [/sec]: 4.464399e-05 
(OrbPeriod) Orbital Period [sec]: 1.407398e+05 
(SemiMajorAxis) Semi-major Axis [m]: 2.356677e+09 
(LXUVTot) Total XUV Luminosity [kg/sec^3]: -1.000000 
(EscapeVelocity) Escape Velocity [m/sec]: 1.339938e+04 
----- ATMESC PARAMETERS (b)------
(SurfWaterMass) Surface water mass [kg]: 0.000000 
(EnvelopeMass) Envelope mass [kg]: 0.000000 
(OxygenMass) Oxygen mass in the atmosphere [kg]: 0.000000 
(RGLimit) Runaway greenhouse semi-major axis [m]: 1.039580e+10 
(XO) Atomic oxygen mixing ratio in upper atmosphere []: 0.000000 
(EtaO) Oxygen eta parameter (Luger and Barnes 2015) []: 0.000000 
(PlanetRadius) Planet radius [m]: 7.397285e+06 
(OxygenMantleMass) Mass of oxygen in mantle [kg]: 0.000000 
(RadXUV) XUV radius separating hydro. dyn. escape and equilibrium [m]: -1.000000 
(RadSolid) Radius to the solid surface [m]: -1.000000 
(PresXUV) Pressure at base of thermosphere [(null)]: 5.000000 
(ScaleHeight) Scale height in Lehmer & Catling (2016) model [m]: -1.000000 
(ThermTemp) Isothermal atmospheric temperature [K]: 400.000000 
(AtmGasConst) Atmospheric gas constant [(null)]: 4124.000000 
(PresSurf) Surface pressure due to atmosphere [Pa]: -1.000000 
(DEnvMassDt) Envelope Mass Loss Rate [kg/s]: 0.000000 
(FXUV) XUV flux [W/m^2]: 4.436293 
(AtmXAbsEffH2O) XUV atmospheric escape efficiency for H2O []: 0.300000 
(RocheRadius) Roche Lobe Radius [m]: 4.806828e+07 
(BondiRadius) Bondi Radius [m]: 6.120749e+08 
(HEscapeRegime) Integer flag for H envelope escape regime []: 8.000000 
(RRCriticalFlux) Critical XUV Flux that separates RR and energy-limited escape [W/m^2]: 56.798279 
(CrossoverMass) Crossover mass, defines oxygen is escaping if mc > mo [kg]: 0.000000 
(WaterEscapeRegime) What water escape regime the code is currently in []: 8.000000 
(FXUVCRITDRAG) Critical Drag XUV flux [W/m^2]: 0.473887 
(HREFFLUX) The Hydrogen Reference Flux (m^-2 s^-1) [m^-2 s^-1]: 2.894989e+18 
(XO2) Molecular oxygen mixing ratio in atmosphere []: 0.000000 
(XH2O) Water mixing ratio in upper atmosphere []: 0.000000 
(HDiffFlux) The Hydrogen Diffusion Flux (m^-2 s^-1) [m^-2 s^-1]: 2.349906e+17 
(HRefODragMod) Multiply by H ref flux to get flux with drag []: 1.000000 
(KTide) Mass loss enhancement due to stellar gravity []: 0.770985 
(CumulativeXUVFlux) Cumulative XUV flux [W/m^2]: 2.352491e+18 
(RunawayGreenhouseFlux) Incident flux that triggers runaway greenhouse [kg/sec^3]: 1295.679504 
(RGDuration) Runaway Greenhouse Duration [years]: 0.00000e+00

Output Order: Time[year] CumulativeXUVFlux[W/m^2]
Grid Output Order:
