-------- Log file gj1132.log -------

Executable: /home/vplanet/.local/bin/vplanet
Version: Unknown
System Name: gj1132
Primary Input File: vpl.in
Body File #1: star.in
Body File #2: b.in
Allow files to be overwitten: Yes
Mass Units: Grams
Length Units: Meters
Time Units: Seconds
Angle Units: Radians

------- FORMATTING -----
Verbosity Level: 5
Crossover Decade for Scientific Notation: 4
Number of Digits After Decimal: 6
Integration Method: Runge-Kutta4
Direction: Forward
Time Step: 3.155760e+07
Stop Time: 2.315544e+17
Output Interval: 3.155760e+13
Use Variable Timestep: Yes
dEta: 0.010000
Minimum Value of ecc and obl: 1.000000e-10


---- INITIAL SYSTEM PROPERTIES ----
(Age) System Age [sec]: 9.564015e+13 
(Time) Simulation Time [sec]: 0.000000 
(TotAngMom) Total Angular Momentum [kg*m^2/sec]: 2.057424e+42 
(TotEnergy) Total System Energy [kg*m^2/sec^2]: -8.298571e+39 
(PotEnergy) Body's non-orbital Potential Energy [kg*m^2/sec^2]: -8.373247e+39 
(KinEnergy) Body's non-orbital Kinetic Energy [kg*m^2/sec^2]: 7.472690e+37 
(DeltaTime) Average Timestep Over Last Output Interval [sec]: 0.000000 

----- BODY: star ----
Active Modules: FLARE STELLAR
Module Bit Sum: 577
Color: 000000
(Mass) Mass [kg]: 3.597408e+29 
(Radius) Radius [m]: 6.189294e+08 
(RadGyra) Radius of Gyration/Moment of Inertia Constant []: 0.452847 
(RotAngMom) Rotational Angular Momentum [kg*m^2/sec]: 2.055137e+42 
(RotVel) Rotational Velocity [m/sec]: 4.500981e+04 
(BodyType) Type of Body (0 == planet) []: 0.000000 
(RotRate) Rotational Frequency [/sec]: 7.272205e-05 
(RotPer) Rotational Period [sec]: 8.640000e+04 
(Density) Average Density [kg/m^3]: 362.224465 
(HZLimitDryRunaway) Semi-major axis of Dry Runaway HZ Limit [m]: 3.584266e+10 
(HZLimRecVenus) Recent Venus HZ Limit [m]: 3.215091e+10 
(HZLimRunaway) Runaway Greenhouse HZ Limit [m]: 4.237762e+10 
(HZLimMoistGreenhouse) Moist Greenhouse HZ Limit [m]: 4.254096e+10 
(HZLimMaxGreenhouse) Maximum Greenhouse HZ Limit [m]: 8.105331e+10 
(HZLimEarlyMars) Early Mars HZ Limit [m]: 8.839711e+10 
(Instellation) Orbit-averaged INcident STELLar radiATION [kg/sec^3]: -1.000000 
(CriticalSemiMajorAxis) Holman & Wiegert (1999) P-type Critical Semi-major Axis [m]: -1.000000 
(LXUVTot) Total XUV Luminosity [LSUN]: 0.000100 
(LostEnergy) Body's Total Lost Energy [kg*m^2/sec^2]: 5.562685e-309 
(LostAngMom) Lost Angular Momentum due to Magnetic Braking [kg*m^2/sec]: 5.562685e-309 
(EscapeVelocity) Escape Velocity [m/sec]: 2.785425e+05 
----- STELLAR PARAMETERS (star)------
(Luminosity) Luminosity [LSUN]: 0.069680 
(LXUVStellar) Base X-ray/XUV Luminosity [LSUN]: 9.962131e-05 
(Temperature) Effective Temperature [K]: 3144.079199 
(LXUVFrac) Fraction of luminosity in XUV []: 0.001430 
(RossbyNumber) Rossby Number []: 0.015924 
(DRotPerDtStellar) Time Rate of Change of Rotation Period in STELLAR []: -1.502423e-10 
(WindTorque) Stellar Wind Torque []: 1.373962e+28 
----- FLARE PARAMETERS (star)------
(LXUVFlare) XUV Luminosity from flares [LSUN]: 8.529204e-07 
(FlareFreq1) First value of flare frequency range [/sec]: 3.071309e-05 
(FlareFreq2) Second value of flare frequency range [/sec]: 2.677203e-05 
(FlareFreq3) Third value of flare frequency range [/sec]: 2.333668e-05 
(FlareFreq4) Fourth value of flare frequency range [/sec]: 2.034215e-05 
(FlareFreqMin) Frequency of the flares with the lowest energy [/sec]: 3.071309e-05 
(FlareFreqMid) Frequency of the flares with the middle energy in the energy range [/sec]: 7.778601e-06 
(FlareFreqMax) Frequency of the flares with the highest energy [/sec]: 1.970060e-06 
(FlareEnergy1) First value of flare energy range [kg*m^2/sec^2]: 5.334000e+23 
(FlareEnergy2) Second value of flare energy range [kg*m^2/sec^2]: 6.715108e+23 
(FlareEnergy3) Third value of flare energy range [kg*m^2/sec^2]: 8.453820e+23 
(FlareEnergy4) Fourth value of flare energy range [kg*m^2/sec^2]: 1.064273e+24 
(FlareEnergyMin) Minimum flare energy [kg*m^2/sec^2]: 5.334000e+23 
(FlareEnergyMid) Middle flare energy in the range of energy values [kg*m^2/sec^2]: 5.334000e+24 
(FlareEnergyMax) Maximum flare energy [kg*m^2/sec^2]: 5.334000e+25 
(FlareYIntOUT) Instantaneous Davenport FFD y-intercept at current age and mass []: 18.750128 
(FlareSlopeOUT) Instantaneous Davenport FFD slope at current age and mass []: -0.596422 

Output Order: Time[year] Luminosity[LSUN] LXUVStellar[LSUN] LXUVFlare[LSUN] LXUVTot[LSUN]
Grid Output Order:

----- BODY: b ----
Active Modules: AtmEsc
Module Bit Sum: 9
Color: 000000
(Mass) Mass [kg]: 9.749579e+24 
(Radius) Radius [m]: 7.300605e+06 
(RadGyra) Radius of Gyration/Moment of Inertia Constant []: 0.500000 
(BodyType) Type of Body (0 == planet) []: 0.000000 
(Density) Average Density [kg/m^3]: 5981.645445 
(HZLimitDryRunaway) Semi-major axis of Dry Runaway HZ Limit [m]: 3.584337e+10 
(HZLimRecVenus) Recent Venus HZ Limit [m]: 3.215091e+10 
(HZLimRunaway) Runaway Greenhouse HZ Limit [m]: 4.237762e+10 
(HZLimMoistGreenhouse) Moist Greenhouse HZ Limit [m]: 4.254096e+10 
(HZLimMaxGreenhouse) Maximum Greenhouse HZ Limit [m]: 8.105331e+10 
(HZLimEarlyMars) Early Mars HZ Limit [m]: 8.839711e+10 
(Instellation) Orbit-averaged INcident STELLar radiATION [kg/sec^3]: 4.058200e+05 
(MeanMotion) Orbital Mean Motion [/sec]: 4.464421e-05 
(OrbPeriod) Orbital Period [sec]: 1.407391e+05 
(SemiMajorAxis) Semi-major Axis [m]: 2.292408e+09 
(LXUVTot) Total XUV Luminosity [kg/sec^3]: -1.000000 
(EscapeVelocity) Escape Velocity [m/sec]: 1.335152e+04 
----- ATMESC PARAMETERS (b)------
(SurfWaterMass) Surface water mass [kg]: 0.000000 
(EnvelopeMass) Envelope mass [kg]: 0.000000 
(OxygenMass) Oxygen mass in the atmosphere [kg]: 0.000000 
(RGLimit) Runaway greenhouse semi-major axis [m]: 4.063201e+10 
(XO) Atomic oxygen mixing ratio in upper atmosphere []: 0.000000 
(EtaO) Oxygen eta parameter (Luger and Barnes 2015) []: 0.000000 
(PlanetRadius) Planet radius [m]: 7.300605e+06 
(OxygenMantleMass) Mass of oxygen in mantle [kg]: 0.000000 
(RadXUV) XUV radius separating hydro. dyn. escape and equilibrium [m]: -1.000000 
(RadSolid) Radius to the solid surface [m]: -1.000000 
(PresXUV) Pressure at base of thermosphere [(null)]: 5.000000 
(ScaleHeight) Scale height in Lehmer & Catling (2016) model [m]: -1.000000 
(ThermTemp) Isothermal atmospheric temperature [K]: 400.000000 
(AtmGasConst) Atmospheric gas constant [(null)]: 4124.000000 
(PresSurf) Surface pressure due to atmosphere [Pa]: -1.000000 
(DEnvMassDt) Envelope Mass Loss Rate [kg/s]: 0.000000 
(FXUV) XUV flux [W/m^2]: 585.165664 
(AtmXAbsEffH2O) XUV atmospheric escape efficiency for H2O []: 0.300000 
(RocheRadius) Roche Lobe Radius [m]: 4.774379e+07 
(BondiRadius) Bondi Radius [m]: 3.072885e+08 
(HEscapeRegime) Integer flag for H envelope escape regime []: 8.000000 
(RRCriticalFlux) Critical XUV Flux that separates RR and energy-limited escape [W/m^2]: 56.943848 
(CrossoverMass) Crossover mass, defines oxygen is escaping if mc > mo [kg]: 0.000000 
(WaterEscapeRegime) What water escape regime the code is currently in []: 8.000000 
(FXUVCRITDRAG) Critical Drag XUV flux [W/m^2]: 0.473339 
(HREFFLUX) The Hydrogen Reference Flux (m^-2 s^-1) [m^-2 s^-1]: 3.838896e+20 
(XO2) Molecular oxygen mixing ratio in atmosphere []: 0.000000 
(XH2O) Water mixing ratio in upper atmosphere []: 0.000000 
(HDiffFlux) The Hydrogen Diffusion Flux (m^-2 s^-1) [m^-2 s^-1]: 2.364046e+17 
(HRefODragMod) Multiply by H ref flux to get flux with drag []: 1.000000 
(KTide) Mass loss enhancement due to stellar gravity []: 0.772419 
(CumulativeXUVFlux) Cumulative XUV flux [W/m^2]: 0.000000 
(RunawayGreenhouseFlux) Incident flux that triggers runaway greenhouse [kg/sec^3]: 1291.705603 
(RGDuration) Runaway Greenhouse Duration [years]: 0.00000e+00

Output Order: Time[year] CumulativeXUVFlux[W/m^2]
Grid Output Order:



---- FINAL SYSTEM PROPERTIES ----
(Age) System Age [sec]: 2.316653e+17 
(Time) Simulation Time [sec]: 2.315697e+17 
(TotAngMom) Total Angular Momentum [kg*m^2/sec]: 2.064812e+42 
(TotEnergy) Total System Energy [kg*m^2/sec^2]: -8.279892e+39 
(PotEnergy) Body's non-orbital Potential Energy [kg*m^2/sec^2]: -3.734479e+40 
(KinEnergy) Body's non-orbital Kinetic Energy [kg*m^2/sec^2]: 5.326370e+32 
(DeltaTime) Average Timestep Over Last Output Interval [sec]: 3.155760e+13 

----- BODY: star ----
Active Modules: FLARE STELLAR
Module Bit Sum: 577
Color: 000000
(Mass) Mass [kg]: 3.597408e+29 
(Radius) Radius [m]: 1.387730e+08 
(RadGyra) Radius of Gyration/Moment of Inertia Constant []: 0.460801 
(RotAngMom) Rotational Angular Momentum [kg*m^2/sec]: 1.251827e+39 
(RotVel) Rotational Velocity [m/sec]: 118.092443 
(BodyType) Type of Body (0 == planet) []: 0.000000 
(RotRate) Rotational Frequency [/sec]: 8.509757e-07 
(RotPer) Rotational Period [sec]: 7.383507e+06 
(Density) Average Density [kg/m^3]: 3.213559e+04 
(HZLimitDryRunaway) Semi-major axis of Dry Runaway HZ Limit [m]: 8.399605e+09 
(HZLimRecVenus) Recent Venus HZ Limit [m]: 7.524417e+09 
(HZLimRunaway) Runaway Greenhouse HZ Limit [m]: 9.923988e+09 
(HZLimMoistGreenhouse) Moist Greenhouse HZ Limit [m]: 9.956041e+09 
(HZLimMaxGreenhouse) Maximum Greenhouse HZ Limit [m]: 1.891863e+10 
(HZLimEarlyMars) Early Mars HZ Limit [m]: 2.063282e+10 
(Instellation) Orbit-averaged INcident STELLar radiATION [kg/sec^3]: -1.000000 
(CriticalSemiMajorAxis) Holman & Wiegert (1999) P-type Critical Semi-major Axis [m]: -1.000000 
(LXUVTot) Total XUV Luminosity [LSUN]: 6.076202e-07 
(LostEnergy) Body's Total Lost Energy [kg*m^2/sec^2]: 2.906495e+40 
(LostAngMom) Lost Angular Momentum due to Magnetic Braking [kg*m^2/sec]: 2.061273e+42 
(EscapeVelocity) Escape Velocity [m/sec]: 5.882468e+05 
----- STELLAR PARAMETERS (star)------
(Luminosity) Luminosity [LSUN]: 0.003827 
(LXUVStellar) Base X-ray/XUV Luminosity [LSUN]: 2.264700e-07 
(Temperature) Effective Temperature [K]: 3214.462620 
(LXUVFrac) Fraction of luminosity in XUV []: 5.918127e-05 
(RossbyNumber) Rossby Number []: 1.410810 
(DRotPerDtStellar) Time Rate of Change of Rotation Period in STELLAR []: 1.560276e-11 
(WindTorque) Stellar Wind Torque []: 2.645348e+21 
----- FLARE PARAMETERS (star)------
(LXUVFlare) XUV Luminosity from flares [LSUN]: 3.811462e-07 
(FlareFreq1) First value of flare frequency range [/sec]: 8.593162e-05 
(FlareFreq2) Second value of flare frequency range [/sec]: 6.676511e-05 
(FlareFreq3) Third value of flare frequency range [/sec]: 5.187356e-05 
(FlareFreq4) Fourth value of flare frequency range [/sec]: 4.030349e-05 
(FlareFreqMin) Frequency of the flares with the lowest energy [/sec]: 8.593162e-05 
(FlareFreqMid) Frequency of the flares with the middle energy in the energy range [/sec]: 6.888403e-06 
(FlareFreqMax) Frequency of the flares with the highest energy [/sec]: 5.521843e-07 
(FlareEnergy1) First value of flare energy range [kg*m^2/sec^2]: 5.334000e+23 
(FlareEnergy2) Second value of flare energy range [kg*m^2/sec^2]: 6.715108e+23 
(FlareEnergy3) Third value of flare energy range [kg*m^2/sec^2]: 8.453820e+23 
(FlareEnergy4) Fourth value of flare energy range [kg*m^2/sec^2]: 1.064273e+24 
(FlareEnergyMin) Minimum flare energy [kg*m^2/sec^2]: 5.334000e+23 
(FlareEnergyMid) Middle flare energy in the range of energy values [kg*m^2/sec^2]: 5.334000e+24 
(FlareEnergyMax) Maximum flare energy [kg*m^2/sec^2]: 5.334000e+25 
(FlareYIntOUT) Instantaneous Davenport FFD y-intercept at current age and mass []: 34.548576 
(FlareSlopeOUT) Instantaneous Davenport FFD slope at current age and mass []: -1.096034 

Output Order: Time[year] Luminosity[LSUN] LXUVStellar[LSUN] LXUVFlare[LSUN] LXUVTot[LSUN]
Grid Output Order:

----- BODY: b ----
Active Modules: AtmEsc
Module Bit Sum: 9
Color: 000000
(Mass) Mass [kg]: 9.749579e+24 
(Radius) Radius [m]: 7.300605e+06 
(RadGyra) Radius of Gyration/Moment of Inertia Constant []: 0.500000 
(BodyType) Type of Body (0 == planet) []: 0.000000 
(Density) Average Density [kg/m^3]: 5981.645445 
(HZLimitDryRunaway) Semi-major axis of Dry Runaway HZ Limit [m]: 8.399770e+09 
(HZLimRecVenus) Recent Venus HZ Limit [m]: 7.524417e+09 
(HZLimRunaway) Runaway Greenhouse HZ Limit [m]: 9.923988e+09 
(HZLimMoistGreenhouse) Moist Greenhouse HZ Limit [m]: 9.956041e+09 
(HZLimMaxGreenhouse) Maximum Greenhouse HZ Limit [m]: 1.891863e+10 
(HZLimEarlyMars) Early Mars HZ Limit [m]: 2.063282e+10 
(Instellation) Orbit-averaged INcident STELLar radiATION [kg/sec^3]: 2.228695e+04 
(MeanMotion) Orbital Mean Motion [/sec]: 4.464421e-05 
(OrbPeriod) Orbital Period [sec]: 1.407391e+05 
(SemiMajorAxis) Semi-major Axis [m]: 2.292408e+09 
(LXUVTot) Total XUV Luminosity [kg/sec^3]: -1.000000 
(EscapeVelocity) Escape Velocity [m/sec]: 1.335152e+04 
----- ATMESC PARAMETERS (b)------
(SurfWaterMass) Surface water mass [kg]: 0.000000 
(EnvelopeMass) Envelope mass [kg]: 0.000000 
(OxygenMass) Oxygen mass in the atmosphere [kg]: 0.000000 
(RGLimit) Runaway greenhouse semi-major axis [m]: 9.515344e+09 
(XO) Atomic oxygen mixing ratio in upper atmosphere []: 0.000000 
(EtaO) Oxygen eta parameter (Luger and Barnes 2015) []: 0.000000 
(PlanetRadius) Planet radius [m]: 7.300605e+06 
(OxygenMantleMass) Mass of oxygen in mantle [kg]: 0.000000 
(RadXUV) XUV radius separating hydro. dyn. escape and equilibrium [m]: -1.000000 
(RadSolid) Radius to the solid surface [m]: -1.000000 
(PresXUV) Pressure at base of thermosphere [(null)]: 5.000000 
(ScaleHeight) Scale height in Lehmer & Catling (2016) model [m]: -1.000000 
(ThermTemp) Isothermal atmospheric temperature [K]: 400.000000 
(AtmGasConst) Atmospheric gas constant [(null)]: 4124.000000 
(PresSurf) Surface pressure due to atmosphere [Pa]: -1.000000 
(DEnvMassDt) Envelope Mass Loss Rate [kg/s]: 0.000000 
(FXUV) XUV flux [W/m^2]: 3.538803 
(AtmXAbsEffH2O) XUV atmospheric escape efficiency for H2O []: 0.300000 
(RocheRadius) Roche Lobe Radius [m]: 4.774379e+07 
(BondiRadius) Bondi Radius [m]: 6.347454e+08 
(HEscapeRegime) Integer flag for H envelope escape regime []: 8.000000 
(RRCriticalFlux) Critical XUV Flux that separates RR and energy-limited escape [W/m^2]: 56.943848 
(CrossoverMass) Crossover mass, defines oxygen is escaping if mc > mo [kg]: 0.000000 
(WaterEscapeRegime) What water escape regime the code is currently in []: 8.000000 
(FXUVCRITDRAG) Critical Drag XUV flux [W/m^2]: 0.473339 
(HREFFLUX) The Hydrogen Reference Flux (m^-2 s^-1) [m^-2 s^-1]: 2.321581e+18 
(XO2) Molecular oxygen mixing ratio in atmosphere []: 0.000000 
(XH2O) Water mixing ratio in upper atmosphere []: 0.000000 
(HDiffFlux) The Hydrogen Diffusion Flux (m^-2 s^-1) [m^-2 s^-1]: 2.364046e+17 
(HRefODragMod) Multiply by H ref flux to get flux with drag []: 1.000000 
(KTide) Mass loss enhancement due to stellar gravity []: 0.772419 
(CumulativeXUVFlux) Cumulative XUV flux [W/m^2]: 3.218974e+18 
(RunawayGreenhouseFlux) Incident flux that triggers runaway greenhouse [kg/sec^3]: 1293.505636 
(RGDuration) Runaway Greenhouse Duration [years]: 0.00000e+00

Output Order: Time[year] CumulativeXUVFlux[W/m^2]
Grid Output Order:
