-------- Log file gj1132.log -------

Executable: /home/vplanet/.local/bin/vplanet
Version: Unknown
System Name: gj1132
Primary Input File: vpl.in
Body File #1: star.in
Body File #2: b.in
Allow files to be overwitten: Yes
Mass Units: Grams
Length Units: Meters
Time Units: Seconds
Angle Units: Radians

------- FORMATTING -----
Verbosity Level: 5
Crossover Decade for Scientific Notation: 4
Number of Digits After Decimal: 6
Integration Method: Runge-Kutta4
Direction: Forward
Time Step: 3.155760e+07
Stop Time: 2.413837e+17
Output Interval: 3.155760e+13
Use Variable Timestep: Yes
dEta: 0.010000
Minimum Value of ecc and obl: 1.000000e-10


---- INITIAL SYSTEM PROPERTIES ----
(Age) System Age [sec]: 5.871600e+13 
(Time) Simulation Time [sec]: 0.000000 
(TotAngMom) Total Angular Momentum [kg*m^2/sec]: 3.244963e+42 
(TotEnergy) Total System Energy [kg*m^2/sec^2]: -7.347468e+39 
(PotEnergy) Body's non-orbital Potential Energy [kg*m^2/sec^2]: -7.465320e+39 
(KinEnergy) Body's non-orbital Kinetic Energy [kg*m^2/sec^2]: 1.179044e+38 
(DeltaTime) Average Timestep Over Last Output Interval [sec]: 0.000000 

----- BODY: star ----
Active Modules: FLARE STELLAR
Module Bit Sum: 577
Color: 000000
(Mass) Mass [kg]: 3.776385e+29 
(Radius) Radius [m]: 7.649971e+08 
(RadGyra) Radius of Gyration/Moment of Inertia Constant []: 0.449175 
(RotAngMom) Rotational Angular Momentum [kg*m^2/sec]: 3.242603e+42 
(RotVel) Rotational Velocity [m/sec]: 5.563216e+04 
(BodyType) Type of Body (0 == planet) []: 0.000000 
(RotRate) Rotational Frequency [/sec]: 7.272205e-05 
(RotPer) Rotational Period [sec]: 8.640000e+04 
(Density) Average Density [kg/m^3]: 201.376286 
(HZLimitDryRunaway) Semi-major axis of Dry Runaway HZ Limit [m]: 4.498716e+10 
(HZLimRecVenus) Recent Venus HZ Limit [m]: 4.033566e+10 
(HZLimRunaway) Runaway Greenhouse HZ Limit [m]: 5.317683e+10 
(HZLimMoistGreenhouse) Moist Greenhouse HZ Limit [m]: 5.337071e+10 
(HZLimMaxGreenhouse) Maximum Greenhouse HZ Limit [m]: 1.015961e+11 
(HZLimEarlyMars) Early Mars HZ Limit [m]: 1.108013e+11 
(Instellation) Orbit-averaged INcident STELLar radiATION [kg/sec^3]: -1.000000 
(CriticalSemiMajorAxis) Holman & Wiegert (1999) P-type Critical Semi-major Axis [m]: -1.000000 
(LXUVTot) Total XUV Luminosity [LSUN]: 0.000417 
(LostEnergy) Body's Total Lost Energy [kg*m^2/sec^2]: 5.562685e-309 
(LostAngMom) Lost Angular Momentum due to Magnetic Braking [kg*m^2/sec]: 5.562685e-309 
(EscapeVelocity) Escape Velocity [m/sec]: 2.566998e+05 
----- STELLAR PARAMETERS (star)------
(Luminosity) Luminosity [LSUN]: 0.109771 
(LXUVStellar) Base X-ray/XUV Luminosity [LSUN]: 0.000397 
(Temperature) Effective Temperature [K]: 3167.753723 
(LXUVFrac) Fraction of luminosity in XUV []: 0.003615 
(RossbyNumber) Rossby Number []: 0.016119 
(DRotPerDtStellar) Time Rate of Change of Rotation Period in STELLAR []: -1.885641e-10 
(WindTorque) Stellar Wind Torque []: 4.117972e+28 
----- FLARE PARAMETERS (star)------
(LXUVFlare) XUV Luminosity from flares [LSUN]: 2.008195e-05 
(FlareFreq1) First value of flare frequency range [/sec]: 2.157977e-06 
(FlareFreq2) Second value of flare frequency range [/sec]: 1.777773e-06 
(FlareFreq3) Third value of flare frequency range [/sec]: 1.464556e-06 
(FlareFreq4) Fourth value of flare frequency range [/sec]: 1.206523e-06 
(FlareFreqMin) Frequency of the flares with the lowest energy [/sec]: 2.157977e-06 
(FlareFreqMid) Frequency of the flares with the middle energy in the energy range [/sec]: 3.107008e-07 
(FlareFreqMax) Frequency of the flares with the highest energy [/sec]: 4.473403e-08 
(FlareEnergy1) First value of flare energy range [kg*m^2/sec^2]: 5.334000e+25 
(FlareEnergy2) Second value of flare energy range [kg*m^2/sec^2]: 7.534475e+25 
(FlareEnergy3) Third value of flare energy range [kg*m^2/sec^2]: 1.064273e+26 
(FlareEnergy4) Fourth value of flare energy range [kg*m^2/sec^2]: 1.503325e+26 
(FlareEnergyMin) Minimum flare energy [kg*m^2/sec^2]: 5.334000e+25 
(FlareEnergyMid) Middle flare energy in the range of energy values [kg*m^2/sec^2]: 1.686759e+27 
(FlareEnergyMax) Maximum flare energy [kg*m^2/sec^2]: 5.334000e+28 
(FlareYIntOUT) Instantaneous Davenport FFD y-intercept at current age and mass []: 17.634895 
(FlareSlopeOUT) Instantaneous Davenport FFD slope at current age and mass []: -0.561136 

Output Order: Time[year] Luminosity[LSUN] LXUVStellar[LSUN] LXUVFlare[LSUN] LXUVTot[LSUN]
Grid Output Order:

----- BODY: b ----
Active Modules: AtmEsc
Module Bit Sum: 9
Color: 000000
(Mass) Mass [kg]: 9.736069e+24 
(Radius) Radius [m]: 7.216020e+06 
(RadGyra) Radius of Gyration/Moment of Inertia Constant []: 0.500000 
(BodyType) Type of Body (0 == planet) []: 0.000000 
(Density) Average Density [kg/m^3]: 6185.884140 
(HZLimitDryRunaway) Semi-major axis of Dry Runaway HZ Limit [m]: 4.498757e+10 
(HZLimRecVenus) Recent Venus HZ Limit [m]: 4.033566e+10 
(HZLimRunaway) Runaway Greenhouse HZ Limit [m]: 5.317683e+10 
(HZLimMoistGreenhouse) Moist Greenhouse HZ Limit [m]: 5.337071e+10 
(HZLimMaxGreenhouse) Maximum Greenhouse HZ Limit [m]: 1.015961e+11 
(HZLimEarlyMars) Early Mars HZ Limit [m]: 1.108013e+11 
(Instellation) Orbit-averaged INcident STELLar radiATION [kg/sec^3]: 6.189323e+05 
(MeanMotion) Orbital Mean Motion [/sec]: 4.464382e-05 
(OrbPeriod) Orbital Period [sec]: 1.407403e+05 
(SemiMajorAxis) Semi-major Axis [m]: 2.329824e+09 
(LXUVTot) Total XUV Luminosity [kg/sec^3]: -1.000000 
(EscapeVelocity) Escape Velocity [m/sec]: 1.342024e+04 
----- ATMESC PARAMETERS (b)------
(SurfWaterMass) Surface water mass [kg]: 0.000000 
(EnvelopeMass) Envelope mass [kg]: 0.000000 
(OxygenMass) Oxygen mass in the atmosphere [kg]: 0.000000 
(RGLimit) Runaway greenhouse semi-major axis [m]: 5.098842e+10 
(XO) Atomic oxygen mixing ratio in upper atmosphere []: 0.000000 
(EtaO) Oxygen eta parameter (Luger and Barnes 2015) []: 0.000000 
(PlanetRadius) Planet radius [m]: 7.216020e+06 
(OxygenMantleMass) Mass of oxygen in mantle [kg]: 0.000000 
(RadXUV) XUV radius separating hydro. dyn. escape and equilibrium [m]: -1.000000 
(RadSolid) Radius to the solid surface [m]: -1.000000 
(PresXUV) Pressure at base of thermosphere [(null)]: 5.000000 
(ScaleHeight) Scale height in Lehmer & Catling (2016) model [m]: -1.000000 
(ThermTemp) Isothermal atmospheric temperature [K]: 400.000000 
(AtmGasConst) Atmospheric gas constant [(null)]: 4124.000000 
(PresSurf) Surface pressure due to atmosphere [Pa]: -1.000000 
(DEnvMassDt) Envelope Mass Loss Rate [kg/s]: 0.000000 
(FXUV) XUV flux [W/m^2]: 2350.945817 
(AtmXAbsEffH2O) XUV atmospheric escape efficiency for H2O []: 0.300000 
(RocheRadius) Roche Lobe Radius [m]: 4.772198e+07 
(BondiRadius) Bondi Radius [m]: 2.717448e+08 
(HEscapeRegime) Integer flag for H envelope escape regime []: 8.000000 
(RRCriticalFlux) Critical XUV Flux that separates RR and energy-limited escape [W/m^2]: 59.187034 
(CrossoverMass) Crossover mass, defines oxygen is escaping if mc > mo [kg]: 0.000000 
(WaterEscapeRegime) What water escape regime the code is currently in []: 8.000000 
(FXUVCRITDRAG) Critical Drag XUV flux [W/m^2]: 0.488823 
(HREFFLUX) The Hydrogen Reference Flux (m^-2 s^-1) [m^-2 s^-1]: 1.521636e+21 
(XO2) Molecular oxygen mixing ratio in atmosphere []: 0.000000 
(XH2O) Water mixing ratio in upper atmosphere []: 0.000000 
(HDiffFlux) The Hydrogen Diffusion Flux (m^-2 s^-1) [m^-2 s^-1]: 2.416440e+17 
(HRefODragMod) Multiply by H ref flux to get flux with drag []: 1.000000 
(KTide) Mass loss enhancement due to stellar gravity []: 0.774914 
(CumulativeXUVFlux) Cumulative XUV flux [W/m^2]: 0.000000 
(RunawayGreenhouseFlux) Incident flux that triggers runaway greenhouse [kg/sec^3]: 1292.224900 
(RGDuration) Runaway Greenhouse Duration [years]: 0.00000e+00

Output Order: Time[year] CumulativeXUVFlux[W/m^2]
Grid Output Order:



---- FINAL SYSTEM PROPERTIES ----
(Age) System Age [sec]: 2.414424e+17 
(Time) Simulation Time [sec]: 2.413837e+17 
(TotAngMom) Total Angular Momentum [kg*m^2/sec]: 3.264671e+42 
(TotEnergy) Total System Energy [kg*m^2/sec^2]: -7.328329e+39 
(PotEnergy) Body's non-orbital Potential Energy [kg*m^2/sec^2]: -3.989867e+40 
(KinEnergy) Body's non-orbital Kinetic Energy [kg*m^2/sec^2]: 5.621124e+32 
(DeltaTime) Average Timestep Over Last Output Interval [sec]: 1.972350e+12 

----- BODY: star ----
Active Modules: FLARE STELLAR
Module Bit Sum: 577
Color: 000000
(Mass) Mass [kg]: 3.776385e+29 
(Radius) Radius [m]: 1.431363e+08 
(RadGyra) Radius of Gyration/Moment of Inertia Constant []: 0.460532 
(RotAngMom) Rotational Angular Momentum [kg*m^2/sec]: 1.358234e+39 
(RotVel) Rotational Velocity [m/sec]: 118.475420 
(BodyType) Type of Body (0 == planet) []: 0.000000 
(RotRate) Rotational Frequency [/sec]: 8.277107e-07 
(RotPer) Rotational Period [sec]: 7.591041e+06 
(Density) Average Density [kg/m^3]: 3.074245e+04 
(HZLimitDryRunaway) Semi-major axis of Dry Runaway HZ Limit [m]: 8.783740e+09 
(HZLimRecVenus) Recent Venus HZ Limit [m]: 7.865627e+09 
(HZLimRunaway) Runaway Greenhouse HZ Limit [m]: 1.037578e+10 
(HZLimMoistGreenhouse) Moist Greenhouse HZ Limit [m]: 1.040752e+10 
(HZLimMaxGreenhouse) Maximum Greenhouse HZ Limit [m]: 1.976219e+10 
(HZLimEarlyMars) Early Mars HZ Limit [m]: 2.155284e+10 
(Instellation) Orbit-averaged INcident STELLar radiATION [kg/sec^3]: -1.000000 
(CriticalSemiMajorAxis) Holman & Wiegert (1999) P-type Critical Semi-major Axis [m]: -1.000000 
(LXUVTot) Total XUV Luminosity [LSUN]: 7.395474e-07 
(LostEnergy) Body's Total Lost Energy [kg*m^2/sec^2]: 3.257040e+40 
(LostAngMom) Lost Angular Momentum due to Magnetic Braking [kg*m^2/sec]: 3.260953e+42 
(EscapeVelocity) Escape Velocity [m/sec]: 5.934450e+05 
----- STELLAR PARAMETERS (star)------
(Luminosity) Luminosity [LSUN]: 0.004185 
(LXUVStellar) Base X-ray/XUV Luminosity [LSUN]: 3.992104e-07 
(Temperature) Effective Temperature [K]: 3233.488720 
(LXUVFrac) Fraction of luminosity in XUV []: 9.539690e-05 
(RossbyNumber) Rossby Number []: 1.464669 
(DRotPerDtStellar) Time Rate of Change of Rotation Period in STELLAR []: 1.479597e-11 
(WindTorque) Stellar Wind Torque []: 2.629889e+21 
----- FLARE PARAMETERS (star)------
(LXUVFlare) XUV Luminosity from flares [LSUN]: 3.403368e-07 
(FlareFreq1) First value of flare frequency range [/sec]: 5.542720e-07 
(FlareFreq2) Second value of flare frequency range [/sec]: 3.796888e-07 
(FlareFreq3) Third value of flare frequency range [/sec]: 2.600954e-07 
(FlareFreq4) Fourth value of flare frequency range [/sec]: 1.781712e-07 
(FlareFreqMin) Frequency of the flares with the lowest energy [/sec]: 5.542720e-07 
(FlareFreqMid) Frequency of the flares with the middle energy in the energy range [/sec]: 1.261164e-08 
(FlareFreqMax) Frequency of the flares with the highest energy [/sec]: 2.869592e-10 
(FlareEnergy1) First value of flare energy range [kg*m^2/sec^2]: 5.334000e+25 
(FlareEnergy2) Second value of flare energy range [kg*m^2/sec^2]: 7.534475e+25 
(FlareEnergy3) Third value of flare energy range [kg*m^2/sec^2]: 1.064273e+26 
(FlareEnergy4) Fourth value of flare energy range [kg*m^2/sec^2]: 1.503325e+26 
(FlareEnergyMin) Minimum flare energy [kg*m^2/sec^2]: 5.334000e+25 
(FlareEnergyMid) Middle flare energy in the range of energy values [kg*m^2/sec^2]: 1.686759e+27 
(FlareEnergyMax) Maximum flare energy [kg*m^2/sec^2]: 5.334000e+28 
(FlareYIntOUT) Instantaneous Davenport FFD y-intercept at current age and mass []: 34.526208 
(FlareSlopeOUT) Instantaneous Davenport FFD slope at current age and mass []: -1.095301 

Output Order: Time[year] Luminosity[LSUN] LXUVStellar[LSUN] LXUVFlare[LSUN] LXUVTot[LSUN]
Grid Output Order:

----- BODY: b ----
Active Modules: AtmEsc
Module Bit Sum: 9
Color: 000000
(Mass) Mass [kg]: 9.736069e+24 
(Radius) Radius [m]: 7.216020e+06 
(RadGyra) Radius of Gyration/Moment of Inertia Constant []: 0.500000 
(BodyType) Type of Body (0 == planet) []: 0.000000 
(Density) Average Density [kg/m^3]: 6185.884140 
(HZLimitDryRunaway) Semi-major axis of Dry Runaway HZ Limit [m]: 8.783820e+09 
(HZLimRecVenus) Recent Venus HZ Limit [m]: 7.865627e+09 
(HZLimRunaway) Runaway Greenhouse HZ Limit [m]: 1.037578e+10 
(HZLimMoistGreenhouse) Moist Greenhouse HZ Limit [m]: 1.040752e+10 
(HZLimMaxGreenhouse) Maximum Greenhouse HZ Limit [m]: 1.976219e+10 
(HZLimEarlyMars) Early Mars HZ Limit [m]: 2.155284e+10 
(Instellation) Orbit-averaged INcident STELLar radiATION [kg/sec^3]: 2.359527e+04 
(MeanMotion) Orbital Mean Motion [/sec]: 4.464382e-05 
(OrbPeriod) Orbital Period [sec]: 1.407403e+05 
(SemiMajorAxis) Semi-major Axis [m]: 2.329824e+09 
(LXUVTot) Total XUV Luminosity [kg/sec^3]: -1.000000 
(EscapeVelocity) Escape Velocity [m/sec]: 1.342024e+04 
----- ATMESC PARAMETERS (b)------
(SurfWaterMass) Surface water mass [kg]: 0.000000 
(EnvelopeMass) Envelope mass [kg]: 0.000000 
(OxygenMass) Oxygen mass in the atmosphere [kg]: 0.000000 
(RGLimit) Runaway greenhouse semi-major axis [m]: 9.948976e+09 
(XO) Atomic oxygen mixing ratio in upper atmosphere []: 0.000000 
(EtaO) Oxygen eta parameter (Luger and Barnes 2015) []: 0.000000 
(PlanetRadius) Planet radius [m]: 7.216020e+06 
(OxygenMantleMass) Mass of oxygen in mantle [kg]: 0.000000 
(RadXUV) XUV radius separating hydro. dyn. escape and equilibrium [m]: -1.000000 
(RadSolid) Radius to the solid surface [m]: -1.000000 
(PresXUV) Pressure at base of thermosphere [(null)]: 5.000000 
(ScaleHeight) Scale height in Lehmer & Catling (2016) model [m]: -1.000000 
(ThermTemp) Isothermal atmospheric temperature [K]: 400.000000 
(AtmGasConst) Atmospheric gas constant [(null)]: 4124.000000 
(PresSurf) Surface pressure due to atmosphere [Pa]: -1.000000 
(DEnvMassDt) Envelope Mass Loss Rate [kg/s]: 0.000000 
(FXUV) XUV flux [W/m^2]: 4.169878 
(AtmXAbsEffH2O) XUV atmospheric escape efficiency for H2O []: 0.300000 
(RocheRadius) Roche Lobe Radius [m]: 4.772198e+07 
(BondiRadius) Bondi Radius [m]: 6.154551e+08 
(HEscapeRegime) Integer flag for H envelope escape regime []: 8.000000 
(RRCriticalFlux) Critical XUV Flux that separates RR and energy-limited escape [W/m^2]: 59.187034 
(CrossoverMass) Crossover mass, defines oxygen is escaping if mc > mo [kg]: 0.000000 
(WaterEscapeRegime) What water escape regime the code is currently in []: 8.000000 
(FXUVCRITDRAG) Critical Drag XUV flux [W/m^2]: 0.488823 
(HREFFLUX) The Hydrogen Reference Flux (m^-2 s^-1) [m^-2 s^-1]: 2.698930e+18 
(XO2) Molecular oxygen mixing ratio in atmosphere []: 0.000000 
(XH2O) Water mixing ratio in upper atmosphere []: 0.000000 
(HDiffFlux) The Hydrogen Diffusion Flux (m^-2 s^-1) [m^-2 s^-1]: 2.416440e+17 
(HRefODragMod) Multiply by H ref flux to get flux with drag []: 1.000000 
(KTide) Mass loss enhancement due to stellar gravity []: 0.774914 
(CumulativeXUVFlux) Cumulative XUV flux [W/m^2]: 7.562858e+18 
(RunawayGreenhouseFlux) Incident flux that triggers runaway greenhouse [kg/sec^3]: 1293.916440 
(RGDuration) Runaway Greenhouse Duration [years]: 0.00000e+00

Output Order: Time[year] CumulativeXUVFlux[W/m^2]
Grid Output Order:
