-------- Log file gj1132.log -------

Executable: /home/vplanet/.local/bin/vplanet
Version: Unknown
System Name: gj1132
Primary Input File: vpl.in
Body File #1: star.in
Body File #2: b.in
Allow files to be overwitten: Yes
Mass Units: Grams
Length Units: Meters
Time Units: Seconds
Angle Units: Radians

------- FORMATTING -----
Verbosity Level: 5
Crossover Decade for Scientific Notation: 4
Number of Digits After Decimal: 6
Integration Method: Runge-Kutta4
Direction: Forward
Time Step: 3.155760e+07
Stop Time: 2.252493e+17
Output Interval: 3.155760e+13
Use Variable Timestep: Yes
dEta: 0.010000
Minimum Value of ecc and obl: 1.000000e-10


---- INITIAL SYSTEM PROPERTIES ----
(Age) System Age [sec]: 1.756065e+14 
(Time) Simulation Time [sec]: 0.000000 
(TotAngMom) Total Angular Momentum [kg*m^2/sec]: 1.556103e+42 
(TotEnergy) Total System Energy [kg*m^2/sec^2]: -1.247982e+40 
(PotEnergy) Body's non-orbital Potential Energy [kg*m^2/sec^2]: -1.253626e+40 
(KinEnergy) Body's non-orbital Kinetic Energy [kg*m^2/sec^2]: 5.649156e+37 
(DeltaTime) Average Timestep Over Last Output Interval [sec]: 0.000000 

----- BODY: star ----
Active Modules: FLARE STELLAR
Module Bit Sum: 577
Color: 000000
(Mass) Mass [kg]: 3.986379e+29 
(Radius) Radius [m]: 5.076272e+08 
(RadGyra) Radius of Gyration/Moment of Inertia Constant []: 0.456044 
(RotAngMom) Rotational Angular Momentum [kg*m^2/sec]: 1.553629e+42 
(RotVel) Rotational Velocity [m/sec]: 3.691569e+04 
(BodyType) Type of Body (0 == planet) []: 0.000000 
(RotRate) Rotational Frequency [/sec]: 7.272205e-05 
(RotPer) Rotational Period [sec]: 8.640000e+04 
(Density) Average Density [kg/m^3]: 727.537322 
(HZLimitDryRunaway) Semi-major axis of Dry Runaway HZ Limit [m]: 3.094514e+10 
(HZLimRecVenus) Recent Venus HZ Limit [m]: 2.771442e+10 
(HZLimRunaway) Runaway Greenhouse HZ Limit [m]: 3.655660e+10 
(HZLimMoistGreenhouse) Moist Greenhouse HZ Limit [m]: 3.667072e+10 
(HZLimMaxGreenhouse) Maximum Greenhouse HZ Limit [m]: 6.965045e+10 
(HZLimEarlyMars) Early Mars HZ Limit [m]: 7.596144e+10 
(Instellation) Orbit-averaged INcident STELLar radiATION [kg/sec^3]: -1.000000 
(CriticalSemiMajorAxis) Holman & Wiegert (1999) P-type Critical Semi-major Axis [m]: -1.000000 
(LXUVTot) Total XUV Luminosity [LSUN]: 5.665071e-05 
(LostEnergy) Body's Total Lost Energy [kg*m^2/sec^2]: 5.562685e-309 
(LostAngMom) Lost Angular Momentum due to Magnetic Braking [kg*m^2/sec]: 5.562685e-309 
(EscapeVelocity) Escape Velocity [m/sec]: 3.237681e+05 
----- STELLAR PARAMETERS (star)------
(Luminosity) Luminosity [LSUN]: 0.051939 
(LXUVStellar) Base X-ray/XUV Luminosity [LSUN]: 4.494538e-05 
(Temperature) Effective Temperature [K]: 3226.455482 
(LXUVFrac) Fraction of luminosity in XUV []: 0.000865 
(RossbyNumber) Rossby Number []: 0.016611 
(DRotPerDtStellar) Time Rate of Change of Rotation Period in STELLAR []: -1.121781e-10 
(WindTorque) Stellar Wind Torque []: 4.457273e+27 
----- FLARE PARAMETERS (star)------
(LXUVFlare) XUV Luminosity from flares [LSUN]: 1.170533e-05 
(FlareFreq1) First value of flare frequency range [/sec]: 1.821404e-06 
(FlareFreq2) Second value of flare frequency range [/sec]: 1.467938e-06 
(FlareFreq3) Third value of flare frequency range [/sec]: 1.183066e-06 
(FlareFreq4) Fourth value of flare frequency range [/sec]: 9.534779e-07 
(FlareFreqMin) Frequency of the flares with the lowest energy [/sec]: 1.821404e-06 
(FlareFreqMid) Frequency of the flares with the middle energy in the energy range [/sec]: 2.105819e-07 
(FlareFreqMax) Frequency of the flares with the highest energy [/sec]: 2.434647e-08 
(FlareEnergy1) First value of flare energy range [kg*m^2/sec^2]: 5.334000e+25 
(FlareEnergy2) Second value of flare energy range [kg*m^2/sec^2]: 7.534475e+25 
(FlareEnergy3) Third value of flare energy range [kg*m^2/sec^2]: 1.064273e+26 
(FlareEnergy4) Fourth value of flare energy range [kg*m^2/sec^2]: 1.503325e+26 
(FlareEnergyMin) Minimum flare energy [kg*m^2/sec^2]: 5.334000e+25 
(FlareEnergyMid) Middle flare energy in the range of energy values [kg*m^2/sec^2]: 1.686759e+27 
(FlareEnergyMax) Maximum flare energy [kg*m^2/sec^2]: 5.334000e+28 
(FlareYIntOUT) Instantaneous Davenport FFD y-intercept at current age and mass []: 19.640094 
(FlareSlopeOUT) Instantaneous Davenport FFD slope at current age and mass []: -0.624657 

Output Order: Time[year] Luminosity[LSUN] LXUVStellar[LSUN] LXUVFlare[LSUN] LXUVTot[LSUN]
Grid Output Order:

----- BODY: b ----
Active Modules: AtmEsc
Module Bit Sum: 9
Color: 000000
(Mass) Mass [kg]: 9.846089e+24 
(Radius) Radius [m]: 7.217026e+06 
(RadGyra) Radius of Gyration/Moment of Inertia Constant []: 0.500000 
(BodyType) Type of Body (0 == planet) []: 0.000000 
(Density) Average Density [kg/m^3]: 6253.172620 
(HZLimitDryRunaway) Semi-major axis of Dry Runaway HZ Limit [m]: 3.094522e+10 
(HZLimRecVenus) Recent Venus HZ Limit [m]: 2.771442e+10 
(HZLimRunaway) Runaway Greenhouse HZ Limit [m]: 3.655660e+10 
(HZLimMoistGreenhouse) Moist Greenhouse HZ Limit [m]: 3.667072e+10 
(HZLimMaxGreenhouse) Maximum Greenhouse HZ Limit [m]: 6.965045e+10 
(HZLimEarlyMars) Early Mars HZ Limit [m]: 7.596144e+10 
(Instellation) Orbit-averaged INcident STELLar radiATION [kg/sec^3]: 2.824775e+05 
(MeanMotion) Orbital Mean Motion [/sec]: 4.464411e-05 
(OrbPeriod) Orbital Period [sec]: 1.407394e+05 
(SemiMajorAxis) Semi-major Axis [m]: 2.372221e+09 
(LXUVTot) Total XUV Luminosity [kg/sec^3]: -1.000000 
(EscapeVelocity) Escape Velocity [m/sec]: 1.349491e+04 
----- ATMESC PARAMETERS (b)------
(SurfWaterMass) Surface water mass [kg]: 0.000000 
(EnvelopeMass) Envelope mass [kg]: 0.000000 
(OxygenMass) Oxygen mass in the atmosphere [kg]: 0.000000 
(RGLimit) Runaway greenhouse semi-major axis [m]: 3.504378e+10 
(XO) Atomic oxygen mixing ratio in upper atmosphere []: 0.000000 
(EtaO) Oxygen eta parameter (Luger and Barnes 2015) []: 0.000000 
(PlanetRadius) Planet radius [m]: 7.217026e+06 
(OxygenMantleMass) Mass of oxygen in mantle [kg]: 0.000000 
(RadXUV) XUV radius separating hydro. dyn. escape and equilibrium [m]: -1.000000 
(RadSolid) Radius to the solid surface [m]: -1.000000 
(PresXUV) Pressure at base of thermosphere [(null)]: 5.000000 
(ScaleHeight) Scale height in Lehmer & Catling (2016) model [m]: -1.000000 
(ThermTemp) Isothermal atmospheric temperature [K]: 400.000000 
(AtmGasConst) Atmospheric gas constant [(null)]: 4124.000000 
(PresSurf) Surface pressure due to atmosphere [Pa]: -1.000000 
(DEnvMassDt) Envelope Mass Loss Rate [kg/s]: 0.000000 
(FXUV) XUV flux [W/m^2]: 308.102765 
(AtmXAbsEffH2O) XUV atmospheric escape efficiency for H2O []: 0.300000 
(RocheRadius) Roche Lobe Radius [m]: 4.790084e+07 
(BondiRadius) Bondi Radius [m]: 3.282529e+08 
(HEscapeRegime) Integer flag for H envelope escape regime []: 8.000000 
(RRCriticalFlux) Critical XUV Flux that separates RR and energy-limited escape [W/m^2]: 60.631466 
(CrossoverMass) Crossover mass, defines oxygen is escaping if mc > mo [kg]: 0.000000 
(WaterEscapeRegime) What water escape regime the code is currently in []: 8.000000 
(FXUVCRITDRAG) Critical Drag XUV flux [W/m^2]: 0.499724 
(HREFFLUX) The Hydrogen Reference Flux (m^-2 s^-1) [m^-2 s^-1]: 1.970143e+20 
(XO2) Molecular oxygen mixing ratio in atmosphere []: 0.000000 
(XH2O) Water mixing ratio in upper atmosphere []: 0.000000 
(HDiffFlux) The Hydrogen Diffusion Flux (m^-2 s^-1) [m^-2 s^-1]: 2.443066e+17 
(HRefODragMod) Multiply by H ref flux to get flux with drag []: 1.000000 
(KTide) Mass loss enhancement due to stellar gravity []: 0.775711 
(CumulativeXUVFlux) Cumulative XUV flux [W/m^2]: 0.000000 
(RunawayGreenhouseFlux) Incident flux that triggers runaway greenhouse [kg/sec^3]: 1294.404641 
(RGDuration) Runaway Greenhouse Duration [years]: 0.00000e+00

Output Order: Time[year] CumulativeXUVFlux[W/m^2]
Grid Output Order:



---- FINAL SYSTEM PROPERTIES ----
(Age) System Age [sec]: 2.254338e+17 
(Time) Simulation Time [sec]: 2.252581e+17 
(TotAngMom) Total Angular Momentum [kg*m^2/sec]: 1.561391e+42 
(TotEnergy) Total System Energy [kg*m^2/sec^2]: -1.247187e+40 
(PotEnergy) Body's non-orbital Potential Energy [kg*m^2/sec^2]: -4.172321e+40 
(KinEnergy) Body's non-orbital Kinetic Energy [kg*m^2/sec^2]: 6.261175e+32 
(DeltaTime) Average Timestep Over Last Output Interval [sec]: 1.577880e+13 

----- BODY: star ----
Active Modules: FLARE STELLAR
Module Bit Sum: 577
Color: 000000
(Mass) Mass [kg]: 3.986379e+29 
(Radius) Radius [m]: 1.525229e+08 
(RadGyra) Radius of Gyration/Moment of Inertia Constant []: 0.460092 
(RotAngMom) Rotational Angular Momentum [kg*m^2/sec]: 1.567878e+39 
(RotVel) Rotational Velocity [m/sec]: 121.817189 
(BodyType) Type of Body (0 == planet) []: 0.000000 
(RotRate) Rotational Frequency [/sec]: 7.986811e-07 
(RotPer) Rotational Period [sec]: 7.866951e+06 
(Density) Average Density [kg/m^3]: 2.682159e+04 
(HZLimitDryRunaway) Semi-major axis of Dry Runaway HZ Limit [m]: 9.488288e+09 
(HZLimRecVenus) Recent Venus HZ Limit [m]: 8.491525e+09 
(HZLimRunaway) Runaway Greenhouse HZ Limit [m]: 1.120445e+10 
(HZLimMoistGreenhouse) Moist Greenhouse HZ Limit [m]: 1.123568e+10 
(HZLimMaxGreenhouse) Maximum Greenhouse HZ Limit [m]: 2.131025e+10 
(HZLimEarlyMars) Early Mars HZ Limit [m]: 2.324122e+10 
(Instellation) Orbit-averaged INcident STELLar radiATION [kg/sec^3]: -1.000000 
(CriticalSemiMajorAxis) Holman & Wiegert (1999) P-type Critical Semi-major Axis [m]: -1.000000 
(LXUVTot) Total XUV Luminosity [LSUN]: 4.519781e-07 
(LostEnergy) Body's Total Lost Energy [kg*m^2/sec^2]: 2.925140e+40 
(LostAngMom) Lost Angular Momentum due to Magnetic Braking [kg*m^2/sec]: 1.557350e+42 
(EscapeVelocity) Escape Velocity [m/sec]: 5.906619e+05 
----- STELLAR PARAMETERS (star)------
(Luminosity) Luminosity [LSUN]: 0.004883 
(LXUVStellar) Base X-ray/XUV Luminosity [LSUN]: 8.778220e-08 
(Temperature) Effective Temperature [K]: 3263.530709 
(LXUVFrac) Fraction of luminosity in XUV []: 1.797720e-05 
(RossbyNumber) Rossby Number []: 1.541442 
(DRotPerDtStellar) Time Rate of Change of Rotation Period in STELLAR []: 1.701057e-11 
(WindTorque) Stellar Wind Torque []: 2.977597e+21 
----- FLARE PARAMETERS (star)------
(LXUVFlare) XUV Luminosity from flares [LSUN]: 3.641738e-07 
(FlareFreq1) First value of flare frequency range [/sec]: 5.689458e-07 
(FlareFreq2) Second value of flare frequency range [/sec]: 3.910801e-07 
(FlareFreq3) Third value of flare frequency range [/sec]: 2.688193e-07 
(FlareFreq4) Fourth value of flare frequency range [/sec]: 1.847801e-07 
(FlareFreqMin) Frequency of the flares with the lowest energy [/sec]: 5.689458e-07 
(FlareFreqMid) Frequency of the flares with the middle energy in the energy range [/sec]: 1.339734e-08 
(FlareFreqMax) Frequency of the flares with the highest energy [/sec]: 3.154759e-10 
(FlareEnergy1) First value of flare energy range [kg*m^2/sec^2]: 5.334000e+25 
(FlareEnergy2) Second value of flare energy range [kg*m^2/sec^2]: 7.534475e+25 
(FlareEnergy3) Third value of flare energy range [kg*m^2/sec^2]: 1.064273e+26 
(FlareEnergy4) Fourth value of flare energy range [kg*m^2/sec^2]: 1.503325e+26 
(FlareEnergyMin) Minimum flare energy [kg*m^2/sec^2]: 5.334000e+25 
(FlareEnergyMid) Middle flare energy in the range of energy values [kg*m^2/sec^2]: 1.686759e+27 
(FlareEnergyMax) Maximum flare energy [kg*m^2/sec^2]: 5.334000e+28 
(FlareYIntOUT) Instantaneous Davenport FFD y-intercept at current age and mass []: 34.212488 
(FlareSlopeOUT) Instantaneous Davenport FFD slope at current age and mass []: -1.085368 

Output Order: Time[year] Luminosity[LSUN] LXUVStellar[LSUN] LXUVFlare[LSUN] LXUVTot[LSUN]
Grid Output Order:

----- BODY: b ----
Active Modules: AtmEsc
Module Bit Sum: 9
Color: 000000
(Mass) Mass [kg]: 9.846089e+24 
(Radius) Radius [m]: 7.217026e+06 
(RadGyra) Radius of Gyration/Moment of Inertia Constant []: 0.500000 
(BodyType) Type of Body (0 == planet) []: 0.000000 
(Density) Average Density [kg/m^3]: 6253.172620 
(HZLimitDryRunaway) Semi-major axis of Dry Runaway HZ Limit [m]: 9.488311e+09 
(HZLimRecVenus) Recent Venus HZ Limit [m]: 8.491525e+09 
(HZLimRunaway) Runaway Greenhouse HZ Limit [m]: 1.120445e+10 
(HZLimMoistGreenhouse) Moist Greenhouse HZ Limit [m]: 1.123568e+10 
(HZLimMaxGreenhouse) Maximum Greenhouse HZ Limit [m]: 2.131025e+10 
(HZLimEarlyMars) Early Mars HZ Limit [m]: 2.324122e+10 
(Instellation) Orbit-averaged INcident STELLar radiATION [kg/sec^3]: 2.655673e+04 
(MeanMotion) Orbital Mean Motion [/sec]: 4.464411e-05 
(OrbPeriod) Orbital Period [sec]: 1.407394e+05 
(SemiMajorAxis) Semi-major Axis [m]: 2.372221e+09 
(LXUVTot) Total XUV Luminosity [kg/sec^3]: -1.000000 
(EscapeVelocity) Escape Velocity [m/sec]: 1.349491e+04 
----- ATMESC PARAMETERS (b)------
(SurfWaterMass) Surface water mass [kg]: 0.000000 
(EnvelopeMass) Envelope mass [kg]: 0.000000 
(OxygenMass) Oxygen mass in the atmosphere [kg]: 0.000000 
(RGLimit) Runaway greenhouse semi-major axis [m]: 1.074097e+10 
(XO) Atomic oxygen mixing ratio in upper atmosphere []: 0.000000 
(EtaO) Oxygen eta parameter (Luger and Barnes 2015) []: 0.000000 
(PlanetRadius) Planet radius [m]: 7.217026e+06 
(OxygenMantleMass) Mass of oxygen in mantle [kg]: 0.000000 
(RadXUV) XUV radius separating hydro. dyn. escape and equilibrium [m]: -1.000000 
(RadSolid) Radius to the solid surface [m]: -1.000000 
(PresXUV) Pressure at base of thermosphere [(null)]: 5.000000 
(ScaleHeight) Scale height in Lehmer & Catling (2016) model [m]: -1.000000 
(ThermTemp) Isothermal atmospheric temperature [K]: 400.000000 
(AtmGasConst) Atmospheric gas constant [(null)]: 4124.000000 
(PresSurf) Surface pressure due to atmosphere [Pa]: -1.000000 
(DEnvMassDt) Envelope Mass Loss Rate [kg/s]: 0.000000 
(FXUV) XUV flux [W/m^2]: 2.458146 
(AtmXAbsEffH2O) XUV atmospheric escape efficiency for H2O []: 0.300000 
(RocheRadius) Roche Lobe Radius [m]: 4.790084e+07 
(BondiRadius) Bondi Radius [m]: 5.920405e+08 
(HEscapeRegime) Integer flag for H envelope escape regime []: 8.000000 
(RRCriticalFlux) Critical XUV Flux that separates RR and energy-limited escape [W/m^2]: 60.631466 
(CrossoverMass) Crossover mass, defines oxygen is escaping if mc > mo [kg]: 0.000000 
(WaterEscapeRegime) What water escape regime the code is currently in []: 8.000000 
(FXUVCRITDRAG) Critical Drag XUV flux [W/m^2]: 0.499724 
(HREFFLUX) The Hydrogen Reference Flux (m^-2 s^-1) [m^-2 s^-1]: 1.571845e+18 
(XO2) Molecular oxygen mixing ratio in atmosphere []: 0.000000 
(XH2O) Water mixing ratio in upper atmosphere []: 0.000000 
(HDiffFlux) The Hydrogen Diffusion Flux (m^-2 s^-1) [m^-2 s^-1]: 2.443066e+17 
(HRefODragMod) Multiply by H ref flux to get flux with drag []: 1.000000 
(KTide) Mass loss enhancement due to stellar gravity []: 0.775711 
(CumulativeXUVFlux) Cumulative XUV flux [W/m^2]: 1.643860e+18 
(RunawayGreenhouseFlux) Incident flux that triggers runaway greenhouse [kg/sec^3]: 1295.376116 
(RGDuration) Runaway Greenhouse Duration [years]: 0.00000e+00

Output Order: Time[year] CumulativeXUVFlux[W/m^2]
Grid Output Order:
