-------- Log file gj1132.log -------

Executable: /home/vplanet/.local/bin/vplanet
Version: Unknown
System Name: gj1132
Primary Input File: vpl.in
Body File #1: star.in
Body File #2: b.in
Allow files to be overwitten: Yes
Mass Units: Grams
Length Units: Meters
Time Units: Seconds
Angle Units: Radians

------- FORMATTING -----
Verbosity Level: 5
Crossover Decade for Scientific Notation: 4
Number of Digits After Decimal: 6
Integration Method: Runge-Kutta4
Direction: Forward
Time Step: 3.155760e+07
Stop Time: 2.241719e+17
Output Interval: 3.155760e+13
Use Variable Timestep: Yes
dEta: 0.010000
Minimum Value of ecc and obl: 1.000000e-10


---- INITIAL SYSTEM PROPERTIES ----
(Age) System Age [sec]: 2.158810e+14 
(Time) Simulation Time [sec]: 0.000000 
(TotAngMom) Total Angular Momentum [kg*m^2/sec]: 1.162235e+42 
(TotEnergy) Total System Energy [kg*m^2/sec^2]: -1.220564e+40 
(PotEnergy) Body's non-orbital Potential Energy [kg*m^2/sec^2]: -1.224776e+40 
(KinEnergy) Body's non-orbital Kinetic Energy [kg*m^2/sec^2]: 4.217339e+37 
(DeltaTime) Average Timestep Over Last Output Interval [sec]: 0.000000 

----- BODY: star ----
Active Modules: FLARE STELLAR
Module Bit Sum: 577
Color: 000000
(Mass) Mass [kg]: 3.721573e+29 
(Radius) Radius [m]: 4.528475e+08 
(RadGyra) Radius of Gyration/Moment of Inertia Constant []: 0.457144 
(RotAngMom) Rotational Angular Momentum [kg*m^2/sec]: 1.159852e+42 
(RotVel) Rotational Velocity [m/sec]: 3.293200e+04 
(BodyType) Type of Body (0 == planet) []: 0.000000 
(RotRate) Rotational Frequency [/sec]: 7.272205e-05 
(RotPer) Rotational Period [sec]: 8.640000e+04 
(Density) Average Density [kg/m^3]: 956.713888 
(HZLimitDryRunaway) Semi-major axis of Dry Runaway HZ Limit [m]: 2.726948e+10 
(HZLimRecVenus) Recent Venus HZ Limit [m]: 2.443266e+10 
(HZLimRunaway) Runaway Greenhouse HZ Limit [m]: 3.222160e+10 
(HZLimMoistGreenhouse) Moist Greenhouse HZ Limit [m]: 3.232843e+10 
(HZLimMaxGreenhouse) Maximum Greenhouse HZ Limit [m]: 6.145338e+10 
(HZLimEarlyMars) Early Mars HZ Limit [m]: 6.702155e+10 
(Instellation) Orbit-averaged INcident STELLar radiATION [kg/sec^3]: -1.000000 
(CriticalSemiMajorAxis) Holman & Wiegert (1999) P-type Critical Semi-major Axis [m]: -1.000000 
(LXUVTot) Total XUV Luminosity [LSUN]: 4.631866e-05 
(LostEnergy) Body's Total Lost Energy [kg*m^2/sec^2]: 5.562685e-309 
(LostAngMom) Lost Angular Momentum due to Magnetic Braking [kg*m^2/sec]: 5.562685e-309 
(EscapeVelocity) Escape Velocity [m/sec]: 3.312108e+05 
----- STELLAR PARAMETERS (star)------
(Luminosity) Luminosity [LSUN]: 0.040333 
(LXUVStellar) Base X-ray/XUV Luminosity [LSUN]: 4.554347e-05 
(Temperature) Effective Temperature [K]: 3204.893027 
(LXUVFrac) Fraction of luminosity in XUV []: 0.001129 
(RossbyNumber) Rossby Number []: 0.016428 
(DRotPerDtStellar) Time Rate of Change of Rotation Period in STELLAR []: -1.384290e-10 
(WindTorque) Stellar Wind Torque []: 2.537902e+27 
----- FLARE PARAMETERS (star)------
(LXUVFlare) XUV Luminosity from flares [LSUN]: 7.751906e-07 
(FlareFreq1) First value of flare frequency range [/sec]: 3.410513e-05 
(FlareFreq2) Second value of flare frequency range [/sec]: 2.938902e-05 
(FlareFreq3) Third value of flare frequency range [/sec]: 2.532507e-05 
(FlareFreq4) Fourth value of flare frequency range [/sec]: 2.182309e-05 
(FlareFreqMin) Frequency of the flares with the lowest energy [/sec]: 3.410513e-05 
(FlareFreqMid) Frequency of the flares with the middle energy in the energy range [/sec]: 7.699719e-06 
(FlareFreqMax) Frequency of the flares with the highest energy [/sec]: 1.738321e-06 
(FlareEnergy1) First value of flare energy range [kg*m^2/sec^2]: 5.334000e+23 
(FlareEnergy2) Second value of flare energy range [kg*m^2/sec^2]: 6.715108e+23 
(FlareEnergy3) Third value of flare energy range [kg*m^2/sec^2]: 8.453820e+23 
(FlareEnergy4) Fourth value of flare energy range [kg*m^2/sec^2]: 1.064273e+24 
(FlareEnergyMin) Minimum flare energy [kg*m^2/sec^2]: 5.334000e+23 
(FlareEnergyMid) Middle flare energy in the range of energy values [kg*m^2/sec^2]: 5.334000e+24 
(FlareEnergyMax) Maximum flare energy [kg*m^2/sec^2]: 5.334000e+25 
(FlareYIntOUT) Instantaneous Davenport FFD y-intercept at current age and mass []: 20.329604 
(FlareSlopeOUT) Instantaneous Davenport FFD slope at current age and mass []: -0.646345 

Output Order: Time[year] Luminosity[LSUN] LXUVStellar[LSUN] LXUVFlare[LSUN] LXUVTot[LSUN]
Grid Output Order:

----- BODY: b ----
Active Modules: AtmEsc
Module Bit Sum: 9
Color: 000000
(Mass) Mass [kg]: 9.933413e+24 
(Radius) Radius [m]: 7.191444e+06 
(RadGyra) Radius of Gyration/Moment of Inertia Constant []: 0.500000 
(BodyType) Type of Body (0 == planet) []: 0.000000 
(Density) Average Density [kg/m^3]: 6376.193623 
(HZLimitDryRunaway) Semi-major axis of Dry Runaway HZ Limit [m]: 2.726958e+10 
(HZLimRecVenus) Recent Venus HZ Limit [m]: 2.443266e+10 
(HZLimRunaway) Runaway Greenhouse HZ Limit [m]: 3.222160e+10 
(HZLimMoistGreenhouse) Moist Greenhouse HZ Limit [m]: 3.232843e+10 
(HZLimMaxGreenhouse) Maximum Greenhouse HZ Limit [m]: 6.145338e+10 
(HZLimEarlyMars) Early Mars HZ Limit [m]: 6.702155e+10 
(Instellation) Orbit-averaged INcident STELLar radiATION [kg/sec^3]: 2.296430e+05 
(MeanMotion) Orbital Mean Motion [/sec]: 4.464405e-05 
(OrbPeriod) Orbital Period [sec]: 1.407396e+05 
(SemiMajorAxis) Semi-major Axis [m]: 2.318490e+09 
(LXUVTot) Total XUV Luminosity [kg/sec^3]: -1.000000 
(EscapeVelocity) Escape Velocity [m/sec]: 1.357871e+04 
----- ATMESC PARAMETERS (b)------
(SurfWaterMass) Surface water mass [kg]: 0.000000 
(EnvelopeMass) Envelope mass [kg]: 0.000000 
(OxygenMass) Oxygen mass in the atmosphere [kg]: 0.000000 
(RGLimit) Runaway greenhouse semi-major axis [m]: 3.088163e+10 
(XO) Atomic oxygen mixing ratio in upper atmosphere []: 0.000000 
(EtaO) Oxygen eta parameter (Luger and Barnes 2015) []: 0.000000 
(PlanetRadius) Planet radius [m]: 7.191444e+06 
(OxygenMantleMass) Mass of oxygen in mantle [kg]: 0.000000 
(RadXUV) XUV radius separating hydro. dyn. escape and equilibrium [m]: -1.000000 
(RadSolid) Radius to the solid surface [m]: -1.000000 
(PresXUV) Pressure at base of thermosphere [(null)]: 5.000000 
(ScaleHeight) Scale height in Lehmer & Catling (2016) model [m]: -1.000000 
(ThermTemp) Isothermal atmospheric temperature [K]: 400.000000 
(AtmGasConst) Atmospheric gas constant [(null)]: 4124.000000 
(PresSurf) Surface pressure due to atmosphere [Pa]: -1.000000 
(DEnvMassDt) Envelope Mass Loss Rate [kg/s]: 0.000000 
(FXUV) XUV flux [W/m^2]: 263.722243 
(AtmXAbsEffH2O) XUV atmospheric escape efficiency for H2O []: 0.300000 
(RocheRadius) Roche Lobe Radius [m]: 4.804211e+07 
(BondiRadius) Bondi Radius [m]: 3.570482e+08 
(HEscapeRegime) Integer flag for H envelope escape regime []: 8.000000 
(RRCriticalFlux) Critical XUV Flux that separates RR and energy-limited escape [W/m^2]: 62.602823 
(CrossoverMass) Crossover mass, defines oxygen is escaping if mc > mo [kg]: 0.000000 
(WaterEscapeRegime) What water escape regime the code is currently in []: 8.000000 
(FXUVCRITDRAG) Critical Drag XUV flux [W/m^2]: 0.514075 
(HREFFLUX) The Hydrogen Reference Flux (m^-2 s^-1) [m^-2 s^-1]: 1.662540e+20 
(XO2) Molecular oxygen mixing ratio in atmosphere []: 0.000000 
(XH2O) Water mixing ratio in upper atmosphere []: 0.000000 
(HDiffFlux) The Hydrogen Diffusion Flux (m^-2 s^-1) [m^-2 s^-1]: 2.482299e+17 
(HRefODragMod) Multiply by H ref flux to get flux with drag []: 1.000000 
(KTide) Mass loss enhancement due to stellar gravity []: 0.777141 
(CumulativeXUVFlux) Cumulative XUV flux [W/m^2]: 0.000000 
(RunawayGreenhouseFlux) Incident flux that triggers runaway greenhouse [kg/sec^3]: 1294.374260 
(RGDuration) Runaway Greenhouse Duration [years]: 0.00000e+00

Output Order: Time[year] CumulativeXUVFlux[W/m^2]
Grid Output Order:



---- FINAL SYSTEM PROPERTIES ----
(Age) System Age [sec]: 2.244011e+17 
(Time) Simulation Time [sec]: 2.241852e+17 
(TotAngMom) Total Angular Momentum [kg*m^2/sec]: 1.165022e+42 
(TotEnergy) Total System Energy [kg*m^2/sec^2]: -1.219320e+40 
(PotEnergy) Body's non-orbital Potential Energy [kg*m^2/sec^2]: -3.919123e+40 
(KinEnergy) Body's non-orbital Kinetic Energy [kg*m^2/sec^2]: 5.751865e+32 
(DeltaTime) Average Timestep Over Last Output Interval [sec]: 1.577880e+13 

----- BODY: star ----
Active Modules: FLARE STELLAR
Module Bit Sum: 577
Color: 000000
(Mass) Mass [kg]: 3.721573e+29 
(Radius) Radius [m]: 1.415206e+08 
(RadGyra) Radius of Gyration/Moment of Inertia Constant []: 0.460622 
(RotAngMom) Rotational Angular Momentum [kg*m^2/sec]: 1.348800e+39 
(RotVel) Rotational Velocity [m/sec]: 120.701041 
(BodyType) Type of Body (0 == planet) []: 0.000000 
(RotRate) Rotational Frequency [/sec]: 8.528865e-07 
(RotPer) Rotational Period [sec]: 7.366965e+06 
(Density) Average Density [kg/m^3]: 3.134574e+04 
(HZLimitDryRunaway) Semi-major axis of Dry Runaway HZ Limit [m]: 8.645612e+09 
(HZLimRecVenus) Recent Venus HZ Limit [m]: 7.742915e+09 
(HZLimRunaway) Runaway Greenhouse HZ Limit [m]: 1.021331e+10 
(HZLimMoistGreenhouse) Moist Greenhouse HZ Limit [m]: 1.024515e+10 
(HZLimMaxGreenhouse) Maximum Greenhouse HZ Limit [m]: 1.945870e+10 
(HZLimEarlyMars) Early Mars HZ Limit [m]: 2.122184e+10 
(Instellation) Orbit-averaged INcident STELLar radiATION [kg/sec^3]: -1.000000 
(CriticalSemiMajorAxis) Holman & Wiegert (1999) P-type Critical Semi-major Axis [m]: -1.000000 
(LXUVTot) Total XUV Luminosity [LSUN]: 5.927477e-07 
(LostEnergy) Body's Total Lost Energy [kg*m^2/sec^2]: 2.699809e+40 
(LostAngMom) Lost Angular Momentum due to Magnetic Braking [kg*m^2/sec]: 1.161290e+42 
(EscapeVelocity) Escape Velocity [m/sec]: 5.924757e+05 
----- STELLAR PARAMETERS (star)------
(Luminosity) Luminosity [LSUN]: 0.004054 
(LXUVStellar) Base X-ray/XUV Luminosity [LSUN]: 2.068536e-07 
(Temperature) Effective Temperature [K]: 3226.995385 
(LXUVFrac) Fraction of luminosity in XUV []: 5.102263e-05 
(RossbyNumber) Rossby Number []: 1.416715 
(DRotPerDtStellar) Time Rate of Change of Rotation Period in STELLAR []: 1.795750e-11 
(WindTorque) Stellar Wind Torque []: 2.903629e+21 
----- FLARE PARAMETERS (star)------
(LXUVFlare) XUV Luminosity from flares [LSUN]: 3.858899e-07 
(FlareFreq1) First value of flare frequency range [/sec]: 8.636480e-05 
(FlareFreq2) Second value of flare frequency range [/sec]: 6.713626e-05 
(FlareFreq3) Third value of flare frequency range [/sec]: 5.218883e-05 
(FlareFreq4) Fourth value of flare frequency range [/sec]: 4.056934e-05 
(FlareFreqMin) Frequency of the flares with the lowest energy [/sec]: 8.636480e-05 
(FlareFreqMid) Frequency of the flares with the middle energy in the energy range [/sec]: 6.958900e-06 
(FlareFreqMax) Frequency of the flares with the highest energy [/sec]: 5.607179e-07 
(FlareEnergy1) First value of flare energy range [kg*m^2/sec^2]: 5.334000e+23 
(FlareEnergy2) Second value of flare energy range [kg*m^2/sec^2]: 6.715108e+23 
(FlareEnergy3) Third value of flare energy range [kg*m^2/sec^2]: 8.453820e+23 
(FlareEnergy4) Fourth value of flare energy range [kg*m^2/sec^2]: 1.064273e+24 
(FlareEnergyMin) Minimum flare energy [kg*m^2/sec^2]: 5.334000e+23 
(FlareEnergyMid) Middle flare energy in the range of energy values [kg*m^2/sec^2]: 5.334000e+24 
(FlareEnergyMax) Maximum flare energy [kg*m^2/sec^2]: 5.334000e+25 
(FlareYIntOUT) Instantaneous Davenport FFD y-intercept at current age and mass []: 34.481983 
(FlareSlopeOUT) Instantaneous Davenport FFD slope at current age and mass []: -1.093796 

Output Order: Time[year] Luminosity[LSUN] LXUVStellar[LSUN] LXUVFlare[LSUN] LXUVTot[LSUN]
Grid Output Order:

----- BODY: b ----
Active Modules: AtmEsc
Module Bit Sum: 9
Color: 000000
(Mass) Mass [kg]: 9.933413e+24 
(Radius) Radius [m]: 7.191444e+06 
(RadGyra) Radius of Gyration/Moment of Inertia Constant []: 0.500000 
(BodyType) Type of Body (0 == planet) []: 0.000000 
(Density) Average Density [kg/m^3]: 6376.193623 
(HZLimitDryRunaway) Semi-major axis of Dry Runaway HZ Limit [m]: 8.645645e+09 
(HZLimRecVenus) Recent Venus HZ Limit [m]: 7.742915e+09 
(HZLimRunaway) Runaway Greenhouse HZ Limit [m]: 1.021331e+10 
(HZLimMoistGreenhouse) Moist Greenhouse HZ Limit [m]: 1.024515e+10 
(HZLimMaxGreenhouse) Maximum Greenhouse HZ Limit [m]: 1.945870e+10 
(HZLimEarlyMars) Early Mars HZ Limit [m]: 2.122184e+10 
(Instellation) Orbit-averaged INcident STELLar radiATION [kg/sec^3]: 2.308293e+04 
(MeanMotion) Orbital Mean Motion [/sec]: 4.464405e-05 
(OrbPeriod) Orbital Period [sec]: 1.407396e+05 
(SemiMajorAxis) Semi-major Axis [m]: 2.318490e+09 
(LXUVTot) Total XUV Luminosity [kg/sec^3]: -1.000000 
(EscapeVelocity) Escape Velocity [m/sec]: 1.357871e+04 
----- ATMESC PARAMETERS (b)------
(SurfWaterMass) Surface water mass [kg]: 0.000000 
(EnvelopeMass) Envelope mass [kg]: 0.000000 
(OxygenMass) Oxygen mass in the atmosphere [kg]: 0.000000 
(RGLimit) Runaway greenhouse semi-major axis [m]: 9.788658e+09 
(XO) Atomic oxygen mixing ratio in upper atmosphere []: 0.000000 
(EtaO) Oxygen eta parameter (Luger and Barnes 2015) []: 0.000000 
(PlanetRadius) Planet radius [m]: 7.191444e+06 
(OxygenMantleMass) Mass of oxygen in mantle [kg]: 0.000000 
(RadXUV) XUV radius separating hydro. dyn. escape and equilibrium [m]: -1.000000 
(RadSolid) Radius to the solid surface [m]: -1.000000 
(PresXUV) Pressure at base of thermosphere [(null)]: 5.000000 
(ScaleHeight) Scale height in Lehmer & Catling (2016) model [m]: -1.000000 
(ThermTemp) Isothermal atmospheric temperature [K]: 400.000000 
(AtmGasConst) Atmospheric gas constant [(null)]: 4124.000000 
(PresSurf) Surface pressure due to atmosphere [Pa]: -1.000000 
(DEnvMassDt) Envelope Mass Loss Rate [kg/s]: 0.000000 
(FXUV) XUV flux [W/m^2]: 3.374898 
(AtmXAbsEffH2O) XUV atmospheric escape efficiency for H2O []: 0.300000 
(RocheRadius) Roche Lobe Radius [m]: 4.804211e+07 
(BondiRadius) Bondi Radius [m]: 6.343196e+08 
(HEscapeRegime) Integer flag for H envelope escape regime []: 8.000000 
(RRCriticalFlux) Critical XUV Flux that separates RR and energy-limited escape [W/m^2]: 62.602823 
(CrossoverMass) Crossover mass, defines oxygen is escaping if mc > mo [kg]: 0.000000 
(WaterEscapeRegime) What water escape regime the code is currently in []: 8.000000 
(FXUVCRITDRAG) Critical Drag XUV flux [W/m^2]: 0.514075 
(HREFFLUX) The Hydrogen Reference Flux (m^-2 s^-1) [m^-2 s^-1]: 2.127580e+18 
(XO2) Molecular oxygen mixing ratio in atmosphere []: 0.000000 
(XH2O) Water mixing ratio in upper atmosphere []: 0.000000 
(HDiffFlux) The Hydrogen Diffusion Flux (m^-2 s^-1) [m^-2 s^-1]: 2.482299e+17 
(HRefODragMod) Multiply by H ref flux to get flux with drag []: 1.000000 
(KTide) Mass loss enhancement due to stellar gravity []: 0.777141 
(CumulativeXUVFlux) Cumulative XUV flux [W/m^2]: 2.517219e+18 
(RunawayGreenhouseFlux) Incident flux that triggers runaway greenhouse [kg/sec^3]: 1294.946034 
(RGDuration) Runaway Greenhouse Duration [years]: 0.00000e+00

Output Order: Time[year] CumulativeXUVFlux[W/m^2]
Grid Output Order:
