-------- Log file gj1132.log -------

Executable: /home/vplanet/.local/bin/vplanet
Version: Unknown
System Name: gj1132
Primary Input File: vpl.in
Body File #1: star.in
Body File #2: b.in
Allow files to be overwitten: Yes
Mass Units: Grams
Length Units: Meters
Time Units: Seconds
Angle Units: Radians

------- FORMATTING -----
Verbosity Level: 5
Crossover Decade for Scientific Notation: 4
Number of Digits After Decimal: 6
Integration Method: Runge-Kutta4
Direction: Forward
Time Step: 3.155760e+07
Stop Time: 2.207033e+17
Output Interval: 3.155760e+13
Use Variable Timestep: Yes
dEta: 0.010000
Minimum Value of ecc and obl: 1.000000e-10


---- INITIAL SYSTEM PROPERTIES ----
(Age) System Age [sec]: 1.719762e+14 
(Time) Simulation Time [sec]: 0.000000 
(TotAngMom) Total Angular Momentum [kg*m^2/sec]: 1.400047e+42 
(TotEnergy) Total System Energy [kg*m^2/sec^2]: -1.138312e+40 
(PotEnergy) Body's non-orbital Potential Energy [kg*m^2/sec^2]: -1.143389e+40 
(KinEnergy) Body's non-orbital Kinetic Energy [kg*m^2/sec^2]: 5.082009e+37 
(DeltaTime) Average Timestep Over Last Output Interval [sec]: 0.000000 

----- BODY: star ----
Active Modules: FLARE STELLAR
Module Bit Sum: 577
Color: 000000
(Mass) Mass [kg]: 3.761331e+29 
(Radius) Radius [m]: 4.955012e+08 
(RadGyra) Radius of Gyration/Moment of Inertia Constant []: 0.456196 
(RotAngMom) Rotational Angular Momentum [kg*m^2/sec]: 1.397653e+42 
(RotVel) Rotational Velocity [m/sec]: 3.603387e+04 
(BodyType) Type of Body (0 == planet) []: 0.000000 
(RotRate) Rotational Frequency [/sec]: 7.272205e-05 
(RotPer) Rotational Period [sec]: 8.640000e+04 
(Density) Average Density [kg/m^3]: 738.105954 
(HZLimitDryRunaway) Semi-major axis of Dry Runaway HZ Limit [m]: 2.975505e+10 
(HZLimRecVenus) Recent Venus HZ Limit [m]: 2.666177e+10 
(HZLimRunaway) Runaway Greenhouse HZ Limit [m]: 3.516003e+10 
(HZLimMoistGreenhouse) Moist Greenhouse HZ Limit [m]: 3.527791e+10 
(HZLimMaxGreenhouse) Maximum Greenhouse HZ Limit [m]: 6.707059e+10 
(HZLimEarlyMars) Early Mars HZ Limit [m]: 7.314770e+10 
(Instellation) Orbit-averaged INcident STELLar radiATION [kg/sec^3]: -1.000000 
(CriticalSemiMajorAxis) Holman & Wiegert (1999) P-type Critical Semi-major Axis [m]: -1.000000 
(LXUVTot) Total XUV Luminosity [LSUN]: 3.481580e-05 
(LostEnergy) Body's Total Lost Energy [kg*m^2/sec^2]: 5.562685e-309 
(LostAngMom) Lost Angular Momentum due to Magnetic Braking [kg*m^2/sec]: 5.562685e-309 
(EscapeVelocity) Escape Velocity [m/sec]: 3.183212e+05 
----- STELLAR PARAMETERS (star)------
(Luminosity) Luminosity [LSUN]: 0.048021 
(LXUVStellar) Base X-ray/XUV Luminosity [LSUN]: 3.401129e-05 
(Temperature) Effective Temperature [K]: 3200.766196 
(LXUVFrac) Fraction of luminosity in XUV []: 0.000708 
(RossbyNumber) Rossby Number []: 0.016394 
(DRotPerDtStellar) Time Rate of Change of Rotation Period in STELLAR []: -1.340099e-10 
(WindTorque) Stellar Wind Torque []: 4.072800e+27 
----- FLARE PARAMETERS (star)------
(LXUVFlare) XUV Luminosity from flares [LSUN]: 8.045112e-07 
(FlareFreq1) First value of flare frequency range [/sec]: 3.330857e-05 
(FlareFreq2) Second value of flare frequency range [/sec]: 2.880348e-05 
(FlareFreq3) Third value of flare frequency range [/sec]: 2.490773e-05 
(FlareFreq4) Fourth value of flare frequency range [/sec]: 2.153888e-05 
(FlareFreqMin) Frequency of the flares with the lowest energy [/sec]: 3.330857e-05 
(FlareFreqMid) Frequency of the flares with the middle energy in the energy range [/sec]: 7.788366e-06 
(FlareFreqMax) Frequency of the flares with the highest energy [/sec]: 1.821112e-06 
(FlareEnergy1) First value of flare energy range [kg*m^2/sec^2]: 5.334000e+23 
(FlareEnergy2) Second value of flare energy range [kg*m^2/sec^2]: 6.715108e+23 
(FlareEnergy3) Third value of flare energy range [kg*m^2/sec^2]: 8.453820e+23 
(FlareEnergy4) Fourth value of flare energy range [kg*m^2/sec^2]: 1.064273e+24 
(FlareEnergyMin) Minimum flare energy [kg*m^2/sec^2]: 5.334000e+23 
(FlareEnergyMid) Middle flare energy in the range of energy values [kg*m^2/sec^2]: 5.334000e+24 
(FlareEnergyMax) Maximum flare energy [kg*m^2/sec^2]: 5.334000e+25 
(FlareYIntOUT) Instantaneous Davenport FFD y-intercept at current age and mass []: 19.851209 
(FlareSlopeOUT) Instantaneous Davenport FFD slope at current age and mass []: -0.631110 

Output Order: Time[year] Luminosity[LSUN] LXUVStellar[LSUN] LXUVFlare[LSUN] LXUVTot[LSUN]
Grid Output Order:

----- BODY: b ----
Active Modules: AtmEsc
Module Bit Sum: 9
Color: 000000
(Mass) Mass [kg]: 9.907971e+24 
(Radius) Radius [m]: 7.217841e+06 
(RadGyra) Radius of Gyration/Moment of Inertia Constant []: 0.500000 
(BodyType) Type of Body (0 == planet) []: 0.000000 
(Density) Average Density [kg/m^3]: 6290.339832 
(HZLimitDryRunaway) Semi-major axis of Dry Runaway HZ Limit [m]: 2.975505e+10 
(HZLimRecVenus) Recent Venus HZ Limit [m]: 2.666177e+10 
(HZLimRunaway) Runaway Greenhouse HZ Limit [m]: 3.516003e+10 
(HZLimMoistGreenhouse) Moist Greenhouse HZ Limit [m]: 3.527791e+10 
(HZLimMaxGreenhouse) Maximum Greenhouse HZ Limit [m]: 6.707059e+10 
(HZLimEarlyMars) Early Mars HZ Limit [m]: 7.314770e+10 
(Instellation) Orbit-averaged INcident STELLar radiATION [kg/sec^3]: 2.714817e+05 
(MeanMotion) Orbital Mean Motion [/sec]: 4.464389e-05 
(OrbPeriod) Orbital Period [sec]: 1.407401e+05 
(SemiMajorAxis) Semi-major Axis [m]: 2.326722e+09 
(LXUVTot) Total XUV Luminosity [kg/sec^3]: -1.000000 
(EscapeVelocity) Escape Velocity [m/sec]: 1.353648e+04 
----- ATMESC PARAMETERS (b)------
(SurfWaterMass) Surface water mass [kg]: 0.000000 
(EnvelopeMass) Envelope mass [kg]: 0.000000 
(OxygenMass) Oxygen mass in the atmosphere [kg]: 0.000000 
(RGLimit) Runaway greenhouse semi-major axis [m]: 3.369988e+10 
(XO) Atomic oxygen mixing ratio in upper atmosphere []: 0.000000 
(EtaO) Oxygen eta parameter (Luger and Barnes 2015) []: 0.000000 
(PlanetRadius) Planet radius [m]: 7.217841e+06 
(OxygenMantleMass) Mass of oxygen in mantle [kg]: 0.000000 
(RadXUV) XUV radius separating hydro. dyn. escape and equilibrium [m]: -1.000000 
(RadSolid) Radius to the solid surface [m]: -1.000000 
(PresXUV) Pressure at base of thermosphere [(null)]: 5.000000 
(ScaleHeight) Scale height in Lehmer & Catling (2016) model [m]: -1.000000 
(ThermTemp) Isothermal atmospheric temperature [K]: 400.000000 
(AtmGasConst) Atmospheric gas constant [(null)]: 4124.000000 
(PresSurf) Surface pressure due to atmosphere [Pa]: -1.000000 
(DEnvMassDt) Envelope Mass Loss Rate [kg/s]: 0.000000 
(FXUV) XUV flux [W/m^2]: 196.828025 
(AtmXAbsEffH2O) XUV atmospheric escape efficiency for H2O []: 0.300000 
(RocheRadius) Roche Lobe Radius [m]: 4.800116e+07 
(BondiRadius) Bondi Radius [m]: 3.402958e+08 
(HEscapeRegime) Integer flag for H envelope escape regime []: 8.000000 
(RRCriticalFlux) Critical XUV Flux that separates RR and energy-limited escape [W/m^2]: 61.444301 
(CrossoverMass) Crossover mass, defines oxygen is escaping if mc > mo [kg]: 0.000000 
(WaterEscapeRegime) What water escape regime the code is currently in []: 8.000000 
(FXUVCRITDRAG) Critical Drag XUV flux [W/m^2]: 0.505854 
(HREFFLUX) The Hydrogen Reference Flux (m^-2 s^-1) [m^-2 s^-1]: 1.250181e+20 
(XO2) Molecular oxygen mixing ratio in atmosphere []: 0.000000 
(XH2O) Water mixing ratio in upper atmosphere []: 0.000000 
(HDiffFlux) The Hydrogen Diffusion Flux (m^-2 s^-1) [m^-2 s^-1]: 2.457864e+17 
(HRefODragMod) Multiply by H ref flux to get flux with drag []: 1.000000 
(KTide) Mass loss enhancement due to stellar gravity []: 0.776148 
(CumulativeXUVFlux) Cumulative XUV flux [W/m^2]: 0.000000 
(RunawayGreenhouseFlux) Incident flux that triggers runaway greenhouse [kg/sec^3]: 1294.114882 
(RGDuration) Runaway Greenhouse Duration [years]: 0.00000e+00

Output Order: Time[year] CumulativeXUVFlux[W/m^2]
Grid Output Order:



---- FINAL SYSTEM PROPERTIES ----
(Age) System Age [sec]: 2.208770e+17 
(Time) Simulation Time [sec]: 2.207050e+17 
(TotAngMom) Total Angular Momentum [kg*m^2/sec]: 1.402443e+42 
(TotEnergy) Total System Energy [kg*m^2/sec^2]: -1.137621e+40 
(PotEnergy) Body's non-orbital Potential Energy [kg*m^2/sec^2]: -3.977726e+40 
(KinEnergy) Body's non-orbital Kinetic Energy [kg*m^2/sec^2]: 5.995728e+32 
(DeltaTime) Average Timestep Over Last Output Interval [sec]: 2.427508e+12 

----- BODY: star ----
Active Modules: FLARE STELLAR
Module Bit Sum: 577
Color: 000000
(Mass) Mass [kg]: 3.761331e+29 
(Radius) Radius [m]: 1.424308e+08 
(RadGyra) Radius of Gyration/Moment of Inertia Constant []: 0.460558 
(RotAngMom) Rotational Angular Momentum [kg*m^2/sec]: 1.393141e+39 
(RotVel) Rotational Velocity [m/sec]: 122.597278 
(BodyType) Type of Body (0 == planet) []: 0.000000 
(RotRate) Rotational Frequency [/sec]: 8.607497e-07 
(RotPer) Rotational Period [sec]: 7.299666e+06 
(Density) Average Density [kg/m^3]: 3.107715e+04 
(HZLimitDryRunaway) Semi-major axis of Dry Runaway HZ Limit [m]: 8.735483e+09 
(HZLimRecVenus) Recent Venus HZ Limit [m]: 7.822723e+09 
(HZLimRunaway) Runaway Greenhouse HZ Limit [m]: 1.031900e+10 
(HZLimMoistGreenhouse) Moist Greenhouse HZ Limit [m]: 1.035075e+10 
(HZLimMaxGreenhouse) Maximum Greenhouse HZ Limit [m]: 1.965591e+10 
(HZLimEarlyMars) Early Mars HZ Limit [m]: 2.143693e+10 
(Instellation) Orbit-averaged INcident STELLar radiATION [kg/sec^3]: -1.000000 
(CriticalSemiMajorAxis) Holman & Wiegert (1999) P-type Critical Semi-major Axis [m]: -1.000000 
(LXUVTot) Total XUV Luminosity [LSUN]: 4.851793e-07 
(LostEnergy) Body's Total Lost Energy [kg*m^2/sec^2]: 2.840110e+40 
(LostAngMom) Lost Angular Momentum due to Magnetic Braking [kg*m^2/sec]: 1.398655e+42 
(EscapeVelocity) Escape Velocity [m/sec]: 5.937259e+05 
----- STELLAR PARAMETERS (star)------
(Luminosity) Luminosity [LSUN]: 0.004139 
(LXUVStellar) Base X-ray/XUV Luminosity [LSUN]: 9.865549e-08 
(Temperature) Effective Temperature [K]: 3231.459441 
(LXUVFrac) Fraction of luminosity in XUV []: 2.383629e-05 
(RossbyNumber) Rossby Number []: 1.406986 
(DRotPerDtStellar) Time Rate of Change of Rotation Period in STELLAR []: 2.732381e-11 
(WindTorque) Stellar Wind Torque []: 3.123500e+21 
----- FLARE PARAMETERS (star)------
(LXUVFlare) XUV Luminosity from flares [LSUN]: 3.865234e-07 
(FlareFreq1) First value of flare frequency range [/sec]: 8.541108e-05 
(FlareFreq2) Second value of flare frequency range [/sec]: 6.645423e-05 
(FlareFreq3) Third value of flare frequency range [/sec]: 5.170482e-05 
(FlareFreq4) Fourth value of flare frequency range [/sec]: 4.022902e-05 
(FlareFreqMin) Frequency of the flares with the lowest energy [/sec]: 8.541108e-05 
(FlareFreqMid) Frequency of the flares with the middle energy in the energy range [/sec]: 6.943819e-06 
(FlareFreqMax) Frequency of the flares with the highest energy [/sec]: 5.645243e-07 
(FlareEnergy1) First value of flare energy range [kg*m^2/sec^2]: 5.334000e+23 
(FlareEnergy2) Second value of flare energy range [kg*m^2/sec^2]: 6.715108e+23 
(FlareEnergy3) Third value of flare energy range [kg*m^2/sec^2]: 8.453820e+23 
(FlareEnergy4) Fourth value of flare energy range [kg*m^2/sec^2]: 1.064273e+24 
(FlareEnergyMin) Minimum flare energy [kg*m^2/sec^2]: 5.334000e+23 
(FlareEnergyMid) Middle flare energy in the range of energy values [kg*m^2/sec^2]: 5.334000e+24 
(FlareEnergyMax) Maximum flare energy [kg*m^2/sec^2]: 5.334000e+25 
(FlareYIntOUT) Instantaneous Davenport FFD y-intercept at current age and mass []: 34.357928 
(FlareSlopeOUT) Instantaneous Davenport FFD slope at current age and mass []: -1.089916 

Output Order: Time[year] Luminosity[LSUN] LXUVStellar[LSUN] LXUVFlare[LSUN] LXUVTot[LSUN]
Grid Output Order:

----- BODY: b ----
Active Modules: AtmEsc
Module Bit Sum: 9
Color: 000000
(Mass) Mass [kg]: 9.907971e+24 
(Radius) Radius [m]: 7.217841e+06 
(RadGyra) Radius of Gyration/Moment of Inertia Constant []: 0.500000 
(BodyType) Type of Body (0 == planet) []: 0.000000 
(Density) Average Density [kg/m^3]: 6290.339832 
(HZLimitDryRunaway) Semi-major axis of Dry Runaway HZ Limit [m]: 8.735483e+09 
(HZLimRecVenus) Recent Venus HZ Limit [m]: 7.822723e+09 
(HZLimRunaway) Runaway Greenhouse HZ Limit [m]: 1.031900e+10 
(HZLimMoistGreenhouse) Moist Greenhouse HZ Limit [m]: 1.035075e+10 
(HZLimMaxGreenhouse) Maximum Greenhouse HZ Limit [m]: 1.965591e+10 
(HZLimEarlyMars) Early Mars HZ Limit [m]: 2.143693e+10 
(Instellation) Orbit-averaged INcident STELLar radiATION [kg/sec^3]: 2.339877e+04 
(MeanMotion) Orbital Mean Motion [/sec]: 4.464389e-05 
(OrbPeriod) Orbital Period [sec]: 1.407401e+05 
(SemiMajorAxis) Semi-major Axis [m]: 2.326722e+09 
(LXUVTot) Total XUV Luminosity [kg/sec^3]: -1.000000 
(EscapeVelocity) Escape Velocity [m/sec]: 1.353648e+04 
----- ATMESC PARAMETERS (b)------
(SurfWaterMass) Surface water mass [kg]: 0.000000 
(EnvelopeMass) Envelope mass [kg]: 0.000000 
(OxygenMass) Oxygen mass in the atmosphere [kg]: 0.000000 
(RGLimit) Runaway greenhouse semi-major axis [m]: 9.890570e+09 
(XO) Atomic oxygen mixing ratio in upper atmosphere []: 0.000000 
(EtaO) Oxygen eta parameter (Luger and Barnes 2015) []: 0.000000 
(PlanetRadius) Planet radius [m]: 7.217841e+06 
(OxygenMantleMass) Mass of oxygen in mantle [kg]: 0.000000 
(RadXUV) XUV radius separating hydro. dyn. escape and equilibrium [m]: -1.000000 
(RadSolid) Radius to the solid surface [m]: -1.000000 
(PresXUV) Pressure at base of thermosphere [(null)]: 5.000000 
(ScaleHeight) Scale height in Lehmer & Catling (2016) model [m]: -1.000000 
(ThermTemp) Isothermal atmospheric temperature [K]: 400.000000 
(AtmGasConst) Atmospheric gas constant [(null)]: 4124.000000 
(PresSurf) Surface pressure due to atmosphere [Pa]: -1.000000 
(DEnvMassDt) Envelope Mass Loss Rate [kg/s]: 0.000000 
(FXUV) XUV flux [W/m^2]: 2.742918 
(AtmXAbsEffH2O) XUV atmospheric escape efficiency for H2O []: 0.300000 
(RocheRadius) Roche Lobe Radius [m]: 4.800116e+07 
(BondiRadius) Bondi Radius [m]: 6.286838e+08 
(HEscapeRegime) Integer flag for H envelope escape regime []: 8.000000 
(RRCriticalFlux) Critical XUV Flux that separates RR and energy-limited escape [W/m^2]: 61.444301 
(CrossoverMass) Crossover mass, defines oxygen is escaping if mc > mo [kg]: 0.000000 
(WaterEscapeRegime) What water escape regime the code is currently in []: 8.000000 
(FXUVCRITDRAG) Critical Drag XUV flux [W/m^2]: 0.505854 
(HREFFLUX) The Hydrogen Reference Flux (m^-2 s^-1) [m^-2 s^-1]: 1.742203e+18 
(XO2) Molecular oxygen mixing ratio in atmosphere []: 0.000000 
(XH2O) Water mixing ratio in upper atmosphere []: 0.000000 
(HDiffFlux) The Hydrogen Diffusion Flux (m^-2 s^-1) [m^-2 s^-1]: 2.457864e+17 
(HRefODragMod) Multiply by H ref flux to get flux with drag []: 1.000000 
(KTide) Mass loss enhancement due to stellar gravity []: 0.776148 
(CumulativeXUVFlux) Cumulative XUV flux [W/m^2]: 1.321224e+18 
(RunawayGreenhouseFlux) Incident flux that triggers runaway greenhouse [kg/sec^3]: 1294.908970 
(RGDuration) Runaway Greenhouse Duration [years]: 0.00000e+00

Output Order: Time[year] CumulativeXUVFlux[W/m^2]
Grid Output Order:
