-------- Log file gj1132.log -------

Executable: /home/vplanet/.local/bin/vplanet
Version: Unknown
System Name: gj1132
Primary Input File: vpl.in
Body File #1: star.in
Body File #2: b.in
Allow files to be overwitten: Yes
Mass Units: Grams
Length Units: Meters
Time Units: Seconds
Angle Units: Radians

------- FORMATTING -----
Verbosity Level: 5
Crossover Decade for Scientific Notation: 4
Number of Digits After Decimal: 6
Integration Method: Runge-Kutta4
Direction: Forward
Time Step: 3.155760e+07
Stop Time: 2.362177e+17
Output Interval: 3.155760e+13
Use Variable Timestep: Yes
dEta: 0.010000
Minimum Value of ecc and obl: 1.000000e-10


---- INITIAL SYSTEM PROPERTIES ----
(Age) System Age [sec]: 1.512015e+14 
(Time) Simulation Time [sec]: 0.000000 
(TotAngMom) Total Angular Momentum [kg*m^2/sec]: 1.695614e+42 
(TotEnergy) Total System Energy [kg*m^2/sec^2]: -1.162474e+40 
(PotEnergy) Body's non-orbital Potential Energy [kg*m^2/sec^2]: -1.168624e+40 
(KinEnergy) Body's non-orbital Kinetic Energy [kg*m^2/sec^2]: 6.156258e+37 
(DeltaTime) Average Timestep Over Last Output Interval [sec]: 0.000000 

----- BODY: star ----
Active Modules: FLARE STELLAR
Module Bit Sum: 577
Color: 000000
(Mass) Mass [kg]: 3.945046e+29 
(Radius) Radius [m]: 5.333163e+08 
(RadGyra) Radius of Gyration/Moment of Inertia Constant []: 0.455508 
(RotAngMom) Rotational Angular Momentum [kg*m^2/sec]: 1.693092e+42 
(RotVel) Rotational Velocity [m/sec]: 3.878385e+04 
(BodyType) Type of Body (0 == planet) []: 0.000000 
(RotRate) Rotational Frequency [/sec]: 7.272205e-05 
(RotPer) Rotational Period [sec]: 8.640000e+04 
(Density) Average Density [kg/m^3]: 620.881847 
(HZLimitDryRunaway) Semi-major axis of Dry Runaway HZ Limit [m]: 3.220776e+10 
(HZLimRecVenus) Recent Venus HZ Limit [m]: 2.885368e+10 
(HZLimRunaway) Runaway Greenhouse HZ Limit [m]: 3.805417e+10 
(HZLimMoistGreenhouse) Moist Greenhouse HZ Limit [m]: 3.817816e+10 
(HZLimMaxGreenhouse) Maximum Greenhouse HZ Limit [m]: 7.255558e+10 
(HZLimEarlyMars) Early Mars HZ Limit [m]: 7.912972e+10 
(Instellation) Orbit-averaged INcident STELLar radiATION [kg/sec^3]: -1.000000 
(CriticalSemiMajorAxis) Holman & Wiegert (1999) P-type Critical Semi-major Axis [m]: -1.000000 
(LXUVTot) Total XUV Luminosity [LSUN]: 0.000431 
(LostEnergy) Body's Total Lost Energy [kg*m^2/sec^2]: 5.562685e-309 
(LostAngMom) Lost Angular Momentum due to Magnetic Braking [kg*m^2/sec]: 5.562685e-309 
(EscapeVelocity) Escape Velocity [m/sec]: 3.142323e+05 
----- STELLAR PARAMETERS (star)------
(Luminosity) Luminosity [LSUN]: 0.056264 
(LXUVStellar) Base X-ray/XUV Luminosity [LSUN]: 0.000419 
(Temperature) Effective Temperature [K]: 3211.267188 
(LXUVFrac) Fraction of luminosity in XUV []: 0.007439 
(RossbyNumber) Rossby Number []: 0.016482 
(DRotPerDtStellar) Time Rate of Change of Rotation Period in STELLAR []: -1.370768e-10 
(WindTorque) Stellar Wind Torque []: 5.840273e+27 
----- FLARE PARAMETERS (star)------
(LXUVFlare) XUV Luminosity from flares [LSUN]: 1.264849e-05 
(FlareFreq1) First value of flare frequency range [/sec]: 1.854530e-06 
(FlareFreq2) Second value of flare frequency range [/sec]: 1.499977e-06 
(FlareFreq3) Third value of flare frequency range [/sec]: 1.213208e-06 
(FlareFreq4) Fourth value of flare frequency range [/sec]: 9.812644e-07 
(FlareFreqMin) Frequency of the flares with the lowest energy [/sec]: 1.854530e-06 
(FlareFreqMid) Frequency of the flares with the middle energy in the energy range [/sec]: 2.221985e-07 
(FlareFreqMax) Frequency of the flares with the highest energy [/sec]: 2.662247e-08 
(FlareEnergy1) First value of flare energy range [kg*m^2/sec^2]: 5.334000e+25 
(FlareEnergy2) Second value of flare energy range [kg*m^2/sec^2]: 7.534475e+25 
(FlareEnergy3) Third value of flare energy range [kg*m^2/sec^2]: 1.064273e+26 
(FlareEnergy4) Fourth value of flare energy range [kg*m^2/sec^2]: 1.503325e+26 
(FlareEnergyMin) Minimum flare energy [kg*m^2/sec^2]: 5.334000e+25 
(FlareEnergyMid) Middle flare energy in the range of energy values [kg*m^2/sec^2]: 1.686759e+27 
(FlareEnergyMax) Maximum flare energy [kg*m^2/sec^2]: 5.334000e+28 
(FlareYIntOUT) Instantaneous Davenport FFD y-intercept at current age and mass []: 19.309909 
(FlareSlopeOUT) Instantaneous Davenport FFD slope at current age and mass []: -0.614329 

Output Order: Time[year] Luminosity[LSUN] LXUVStellar[LSUN] LXUVFlare[LSUN] LXUVTot[LSUN]
Grid Output Order:

----- BODY: b ----
Active Modules: AtmEsc
Module Bit Sum: 9
Color: 000000
(Mass) Mass [kg]: 1.010695e+25 
(Radius) Radius [m]: 7.110024e+06 
(RadGyra) Radius of Gyration/Moment of Inertia Constant []: 0.500000 
(BodyType) Type of Body (0 == planet) []: 0.000000 
(Density) Average Density [kg/m^3]: 6713.025763 
(HZLimitDryRunaway) Semi-major axis of Dry Runaway HZ Limit [m]: 3.220787e+10 
(HZLimRecVenus) Recent Venus HZ Limit [m]: 2.885368e+10 
(HZLimRunaway) Runaway Greenhouse HZ Limit [m]: 3.805417e+10 
(HZLimMoistGreenhouse) Moist Greenhouse HZ Limit [m]: 3.817816e+10 
(HZLimMaxGreenhouse) Maximum Greenhouse HZ Limit [m]: 7.255558e+10 
(HZLimEarlyMars) Early Mars HZ Limit [m]: 7.912972e+10 
(Instellation) Orbit-averaged INcident STELLar radiATION [kg/sec^3]: 3.081243e+05 
(MeanMotion) Orbital Mean Motion [/sec]: 4.464320e-05 
(OrbPeriod) Orbital Period [sec]: 1.407423e+05 
(SemiMajorAxis) Semi-major Axis [m]: 2.364026e+09 
(LXUVTot) Total XUV Luminosity [kg/sec^3]: -1.000000 
(EscapeVelocity) Escape Velocity [m/sec]: 1.377500e+04 
----- ATMESC PARAMETERS (b)------
(SurfWaterMass) Surface water mass [kg]: 0.000000 
(EnvelopeMass) Envelope mass [kg]: 0.000000 
(OxygenMass) Oxygen mass in the atmosphere [kg]: 0.000000 
(RGLimit) Runaway greenhouse semi-major axis [m]: 3.645716e+10 
(XO) Atomic oxygen mixing ratio in upper atmosphere []: 0.000000 
(EtaO) Oxygen eta parameter (Luger and Barnes 2015) []: 0.000000 
(PlanetRadius) Planet radius [m]: 7.110024e+06 
(OxygenMantleMass) Mass of oxygen in mantle [kg]: 0.000000 
(RadXUV) XUV radius separating hydro. dyn. escape and equilibrium [m]: -1.000000 
(RadSolid) Radius to the solid surface [m]: -1.000000 
(PresXUV) Pressure at base of thermosphere [(null)]: 5.000000 
(ScaleHeight) Scale height in Lehmer & Catling (2016) model [m]: -1.000000 
(ThermTemp) Isothermal atmospheric temperature [K]: 400.000000 
(AtmGasConst) Atmospheric gas constant [(null)]: 4124.000000 
(PresSurf) Surface pressure due to atmosphere [Pa]: -1.000000 
(DEnvMassDt) Envelope Mass Loss Rate [kg/s]: 0.000000 
(FXUV) XUV flux [W/m^2]: 2361.400250 
(AtmXAbsEffH2O) XUV atmospheric escape efficiency for H2O []: 0.300000 
(RocheRadius) Roche Lobe Radius [m]: 4.832085e+07 
(BondiRadius) Bondi Radius [m]: 3.308610e+08 
(HEscapeRegime) Integer flag for H envelope escape regime []: 8.000000 
(RRCriticalFlux) Critical XUV Flux that separates RR and energy-limited escape [W/m^2]: 67.708131 
(CrossoverMass) Crossover mass, defines oxygen is escaping if mc > mo [kg]: 0.000000 
(WaterEscapeRegime) What water escape regime the code is currently in []: 8.000000 
(FXUVCRITDRAG) Critical Drag XUV flux [W/m^2]: 0.550687 
(HREFFLUX) The Hydrogen Reference Flux (m^-2 s^-1) [m^-2 s^-1]: 1.439607e+21 
(XO2) Molecular oxygen mixing ratio in atmosphere []: 0.000000 
(XH2O) Water mixing ratio in upper atmosphere []: 0.000000 
(HDiffFlux) The Hydrogen Diffusion Flux (m^-2 s^-1) [m^-2 s^-1]: 2.583841e+17 
(HRefODragMod) Multiply by H ref flux to get flux with drag []: 1.000000 
(KTide) Mass loss enhancement due to stellar gravity []: 0.780880 
(CumulativeXUVFlux) Cumulative XUV flux [W/m^2]: 0.000000 
(RunawayGreenhouseFlux) Incident flux that triggers runaway greenhouse [kg/sec^3]: 1295.572949 
(RGDuration) Runaway Greenhouse Duration [years]: 0.00000e+00

Output Order: Time[year] CumulativeXUVFlux[W/m^2]
Grid Output Order:



---- FINAL SYSTEM PROPERTIES ----
(Age) System Age [sec]: 2.363914e+17 
(Time) Simulation Time [sec]: 2.362402e+17 
(TotAngMom) Total Angular Momentum [kg*m^2/sec]: 1.701145e+42 
(TotEnergy) Total System Energy [kg*m^2/sec^2]: -1.160736e+40 
(PotEnergy) Body's non-orbital Potential Energy [kg*m^2/sec^2]: -4.142822e+40 
(KinEnergy) Body's non-orbital Kinetic Energy [kg*m^2/sec^2]: 5.959619e+32 
(DeltaTime) Average Timestep Over Last Output Interval [sec]: 1.577880e+13 

----- BODY: star ----
Active Modules: FLARE STELLAR
Module Bit Sum: 577
Color: 000000
(Mass) Mass [kg]: 3.945046e+29 
(Radius) Radius [m]: 1.504401e+08 
(RadGyra) Radius of Gyration/Moment of Inertia Constant []: 0.460182 
(RotAngMom) Rotational Angular Momentum [kg*m^2/sec]: 1.501217e+39 
(RotVel) Rotational Velocity [m/sec]: 119.445116 
(BodyType) Type of Body (0 == planet) []: 0.000000 
(RotRate) Rotational Frequency [/sec]: 7.939715e-07 
(RotPer) Rotational Period [sec]: 7.913615e+06 
(Density) Average Density [kg/m^3]: 2.766133e+04 
(HZLimitDryRunaway) Semi-major axis of Dry Runaway HZ Limit [m]: 9.339687e+09 
(HZLimRecVenus) Recent Venus HZ Limit [m]: 8.359561e+09 
(HZLimRunaway) Runaway Greenhouse HZ Limit [m]: 1.102971e+10 
(HZLimMoistGreenhouse) Moist Greenhouse HZ Limit [m]: 1.106107e+10 
(HZLimMaxGreenhouse) Maximum Greenhouse HZ Limit [m]: 2.098407e+10 
(HZLimEarlyMars) Early Mars HZ Limit [m]: 2.288547e+10 
(Instellation) Orbit-averaged INcident STELLar radiATION [kg/sec^3]: -1.000000 
(CriticalSemiMajorAxis) Holman & Wiegert (1999) P-type Critical Semi-major Axis [m]: -1.000000 
(LXUVTot) Total XUV Luminosity [LSUN]: 1.558643e-06 
(LostEnergy) Body's Total Lost Energy [kg*m^2/sec^2]: 2.982092e+40 
(LostAngMom) Lost Angular Momentum due to Magnetic Braking [kg*m^2/sec]: 1.697122e+42 
(EscapeVelocity) Escape Velocity [m/sec]: 5.916454e+05 
----- STELLAR PARAMETERS (star)------
(Luminosity) Luminosity [LSUN]: 0.004731 
(LXUVStellar) Base X-ray/XUV Luminosity [LSUN]: 1.202818e-06 
(Temperature) Effective Temperature [K]: 3257.315489 
(LXUVFrac) Fraction of luminosity in XUV []: 0.000254 
(RossbyNumber) Rossby Number []: 1.545657 
(DRotPerDtStellar) Time Rate of Change of Rotation Period in STELLAR []: 1.426013e-11 
(WindTorque) Stellar Wind Torque []: 2.705156e+21 
----- FLARE PARAMETERS (star)------
(LXUVFlare) XUV Luminosity from flares [LSUN]: 3.558044e-07 
(FlareFreq1) First value of flare frequency range [/sec]: 5.623888e-07 
(FlareFreq2) Second value of flare frequency range [/sec]: 3.862023e-07 
(FlareFreq3) Third value of flare frequency range [/sec]: 2.652119e-07 
(FlareFreq4) Fourth value of flare frequency range [/sec]: 1.821256e-07 
(FlareFreqMin) Frequency of the flares with the lowest energy [/sec]: 5.623888e-07 
(FlareFreqMid) Frequency of the flares with the middle energy in the energy range [/sec]: 1.311650e-08 
(FlareFreqMax) Frequency of the flares with the highest energy [/sec]: 3.059141e-10 
(FlareEnergy1) First value of flare energy range [kg*m^2/sec^2]: 5.334000e+25 
(FlareEnergy2) Second value of flare energy range [kg*m^2/sec^2]: 7.534475e+25 
(FlareEnergy3) Third value of flare energy range [kg*m^2/sec^2]: 1.064273e+26 
(FlareEnergy4) Fourth value of flare energy range [kg*m^2/sec^2]: 1.503325e+26 
(FlareEnergyMin) Minimum flare energy [kg*m^2/sec^2]: 5.334000e+25 
(FlareEnergyMid) Middle flare energy in the range of energy values [kg*m^2/sec^2]: 1.686759e+27 
(FlareEnergyMax) Maximum flare energy [kg*m^2/sec^2]: 5.334000e+28 
(FlareYIntOUT) Instantaneous Davenport FFD y-intercept at current age and mass []: 34.298354 
(FlareSlopeOUT) Instantaneous Davenport FFD slope at current age and mass []: -1.088146 

Output Order: Time[year] Luminosity[LSUN] LXUVStellar[LSUN] LXUVFlare[LSUN] LXUVTot[LSUN]
Grid Output Order:

----- BODY: b ----
Active Modules: AtmEsc
Module Bit Sum: 9
Color: 000000
(Mass) Mass [kg]: 1.010695e+25 
(Radius) Radius [m]: 7.110024e+06 
(RadGyra) Radius of Gyration/Moment of Inertia Constant []: 0.500000 
(BodyType) Type of Body (0 == planet) []: 0.000000 
(Density) Average Density [kg/m^3]: 6713.025763 
(HZLimitDryRunaway) Semi-major axis of Dry Runaway HZ Limit [m]: 9.339719e+09 
(HZLimRecVenus) Recent Venus HZ Limit [m]: 8.359561e+09 
(HZLimRunaway) Runaway Greenhouse HZ Limit [m]: 1.102971e+10 
(HZLimMoistGreenhouse) Moist Greenhouse HZ Limit [m]: 1.106107e+10 
(HZLimMaxGreenhouse) Maximum Greenhouse HZ Limit [m]: 2.098407e+10 
(HZLimEarlyMars) Early Mars HZ Limit [m]: 2.288547e+10 
(Instellation) Orbit-averaged INcident STELLar radiATION [kg/sec^3]: 2.591013e+04 
(MeanMotion) Orbital Mean Motion [/sec]: 4.464320e-05 
(OrbPeriod) Orbital Period [sec]: 1.407423e+05 
(SemiMajorAxis) Semi-major Axis [m]: 2.364026e+09 
(LXUVTot) Total XUV Luminosity [kg/sec^3]: -1.000000 
(EscapeVelocity) Escape Velocity [m/sec]: 1.377500e+04 
----- ATMESC PARAMETERS (b)------
(SurfWaterMass) Surface water mass [kg]: 0.000000 
(EnvelopeMass) Envelope mass [kg]: 0.000000 
(OxygenMass) Oxygen mass in the atmosphere [kg]: 0.000000 
(RGLimit) Runaway greenhouse semi-major axis [m]: 1.056704e+10 
(XO) Atomic oxygen mixing ratio in upper atmosphere []: 0.000000 
(EtaO) Oxygen eta parameter (Luger and Barnes 2015) []: 0.000000 
(PlanetRadius) Planet radius [m]: 7.110024e+06 
(OxygenMantleMass) Mass of oxygen in mantle [kg]: 0.000000 
(RadXUV) XUV radius separating hydro. dyn. escape and equilibrium [m]: -1.000000 
(RadSolid) Radius to the solid surface [m]: -1.000000 
(PresXUV) Pressure at base of thermosphere [(null)]: 5.000000 
(ScaleHeight) Scale height in Lehmer & Catling (2016) model [m]: -1.000000 
(ThermTemp) Isothermal atmospheric temperature [K]: 400.000000 
(AtmGasConst) Atmospheric gas constant [(null)]: 4124.000000 
(PresSurf) Surface pressure due to atmosphere [Pa]: -1.000000 
(DEnvMassDt) Envelope Mass Loss Rate [kg/s]: 0.000000 
(FXUV) XUV flux [W/m^2]: 8.535774 
(AtmXAbsEffH2O) XUV atmospheric escape efficiency for H2O []: 0.300000 
(RocheRadius) Roche Lobe Radius [m]: 4.832085e+07 
(BondiRadius) Bondi Radius [m]: 6.141478e+08 
(HEscapeRegime) Integer flag for H envelope escape regime []: 8.000000 
(RRCriticalFlux) Critical XUV Flux that separates RR and energy-limited escape [W/m^2]: 67.708131 
(CrossoverMass) Crossover mass, defines oxygen is escaping if mc > mo [kg]: 0.000000 
(WaterEscapeRegime) What water escape regime the code is currently in []: 8.000000 
(FXUVCRITDRAG) Critical Drag XUV flux [W/m^2]: 0.550687 
(HREFFLUX) The Hydrogen Reference Flux (m^-2 s^-1) [m^-2 s^-1]: 5.203761e+18 
(XO2) Molecular oxygen mixing ratio in atmosphere []: 0.000000 
(XH2O) Water mixing ratio in upper atmosphere []: 0.000000 
(HDiffFlux) The Hydrogen Diffusion Flux (m^-2 s^-1) [m^-2 s^-1]: 2.583841e+17 
(HRefODragMod) Multiply by H ref flux to get flux with drag []: 1.000000 
(KTide) Mass loss enhancement due to stellar gravity []: 0.780880 
(CumulativeXUVFlux) Cumulative XUV flux [W/m^2]: 8.499509e+18 
(RunawayGreenhouseFlux) Incident flux that triggers runaway greenhouse [kg/sec^3]: 1296.774125 
(RGDuration) Runaway Greenhouse Duration [years]: 0.00000e+00

Output Order: Time[year] CumulativeXUVFlux[W/m^2]
Grid Output Order:
