-------- Log file gj1132.log -------

Executable: /home/vplanet/.local/bin/vplanet
Version: Unknown
System Name: gj1132
Primary Input File: vpl.in
Body File #1: star.in
Body File #2: b.in
Allow files to be overwitten: Yes
Mass Units: Grams
Length Units: Meters
Time Units: Seconds
Angle Units: Radians

------- FORMATTING -----
Verbosity Level: 5
Crossover Decade for Scientific Notation: 4
Number of Digits After Decimal: 6
Integration Method: Runge-Kutta4
Direction: Forward
Time Step: 3.155760e+07
Stop Time: 1.988907e+17
Output Interval: 3.155760e+13
Use Variable Timestep: Yes
dEta: 0.010000
Minimum Value of ecc and obl: 1.000000e-10


---- INITIAL SYSTEM PROPERTIES ----
(Age) System Age [sec]: 1.808522e+14 
(Time) Simulation Time [sec]: 0.000000 
(TotAngMom) Total Angular Momentum [kg*m^2/sec]: 1.394486e+42 
(TotEnergy) Total System Energy [kg*m^2/sec^2]: -1.193481e+40 
(PotEnergy) Body's non-orbital Potential Energy [kg*m^2/sec^2]: -1.198538e+40 
(KinEnergy) Body's non-orbital Kinetic Energy [kg*m^2/sec^2]: 5.061914e+37 
(DeltaTime) Average Timestep Over Last Output Interval [sec]: 0.000000 

----- BODY: star ----
Active Modules: FLARE STELLAR
Module Bit Sum: 577
Color: 000000
(Mass) Mass [kg]: 3.829274e+29 
(Radius) Radius [m]: 4.899332e+08 
(RadGyra) Radius of Gyration/Moment of Inertia Constant []: 0.456364 
(RotAngMom) Rotational Angular Momentum [kg*m^2/sec]: 1.392126e+42 
(RotVel) Rotational Velocity [m/sec]: 3.562895e+04 
(BodyType) Type of Body (0 == planet) []: 0.000000 
(RotRate) Rotational Frequency [/sec]: 7.272205e-05 
(RotPer) Rotational Period [sec]: 8.640000e+04 
(Density) Average Density [kg/m^3]: 777.351242 
(HZLimitDryRunaway) Semi-major axis of Dry Runaway HZ Limit [m]: 2.955041e+10 
(HZLimRecVenus) Recent Venus HZ Limit [m]: 2.647464e+10 
(HZLimRunaway) Runaway Greenhouse HZ Limit [m]: 3.491557e+10 
(HZLimMoistGreenhouse) Moist Greenhouse HZ Limit [m]: 3.503031e+10 
(HZLimMaxGreenhouse) Maximum Greenhouse HZ Limit [m]: 6.658107e+10 
(HZLimEarlyMars) Early Mars HZ Limit [m]: 7.261386e+10 
(Instellation) Orbit-averaged INcident STELLar radiATION [kg/sec^3]: -1.000000 
(CriticalSemiMajorAxis) Holman & Wiegert (1999) P-type Critical Semi-major Axis [m]: -1.000000 
(LXUVTot) Total XUV Luminosity [LSUN]: 0.000814 
(LostEnergy) Body's Total Lost Energy [kg*m^2/sec^2]: 5.562685e-309 
(LostAngMom) Lost Angular Momentum due to Magnetic Braking [kg*m^2/sec]: 5.562685e-309 
(EscapeVelocity) Escape Velocity [m/sec]: 3.230033e+05 
----- STELLAR PARAMETERS (star)------
(Luminosity) Luminosity [LSUN]: 0.047363 
(LXUVStellar) Base X-ray/XUV Luminosity [LSUN]: 0.000803 
(Temperature) Effective Temperature [K]: 3208.177239 
(LXUVFrac) Fraction of luminosity in XUV []: 0.016962 
(RossbyNumber) Rossby Number []: 0.016456 
(DRotPerDtStellar) Time Rate of Change of Rotation Period in STELLAR []: -7.989658e-11 
(WindTorque) Stellar Wind Torque []: 3.789085e+27 
----- FLARE PARAMETERS (star)------
(LXUVFlare) XUV Luminosity from flares [LSUN]: 1.103091e-05 
(FlareFreq1) First value of flare frequency range [/sec]: 1.796541e-06 
(FlareFreq2) Second value of flare frequency range [/sec]: 1.443928e-06 
(FlareFreq3) Third value of flare frequency range [/sec]: 1.160524e-06 
(FlareFreq4) Fourth value of flare frequency range [/sec]: 9.327438e-07 
(FlareFreqMin) Frequency of the flares with the lowest energy [/sec]: 1.796541e-06 
(FlareFreqMid) Frequency of the flares with the middle energy in the energy range [/sec]: 2.020791e-07 
(FlareFreqMax) Frequency of the flares with the highest energy [/sec]: 2.273032e-08 
(FlareEnergy1) First value of flare energy range [kg*m^2/sec^2]: 5.334000e+25 
(FlareEnergy2) Second value of flare energy range [kg*m^2/sec^2]: 7.534475e+25 
(FlareEnergy3) Third value of flare energy range [kg*m^2/sec^2]: 1.064273e+26 
(FlareEnergy4) Fourth value of flare energy range [kg*m^2/sec^2]: 1.503325e+26 
(FlareEnergyMin) Minimum flare energy [kg*m^2/sec^2]: 5.334000e+25 
(FlareEnergyMid) Middle flare energy in the range of energy values [kg*m^2/sec^2]: 1.686759e+27 
(FlareEnergyMax) Maximum flare energy [kg*m^2/sec^2]: 5.334000e+28 
(FlareYIntOUT) Instantaneous Davenport FFD y-intercept at current age and mass []: 19.894429 
(FlareSlopeOUT) Instantaneous Davenport FFD slope at current age and mass []: -0.632611 

Output Order: Time[year] Luminosity[LSUN] LXUVStellar[LSUN] LXUVFlare[LSUN] LXUVTot[LSUN]
Grid Output Order:

----- BODY: b ----
Active Modules: AtmEsc
Module Bit Sum: 9
Color: 000000
(Mass) Mass [kg]: 9.649992e+24 
(Radius) Radius [m]: 7.257064e+06 
(RadGyra) Radius of Gyration/Moment of Inertia Constant []: 0.500000 
(BodyType) Type of Body (0 == planet) []: 0.000000 
(Density) Average Density [kg/m^3]: 6027.753224 
(HZLimitDryRunaway) Semi-major axis of Dry Runaway HZ Limit [m]: 2.955103e+10 
(HZLimRecVenus) Recent Venus HZ Limit [m]: 2.647464e+10 
(HZLimRunaway) Runaway Greenhouse HZ Limit [m]: 3.491557e+10 
(HZLimMoistGreenhouse) Moist Greenhouse HZ Limit [m]: 3.503031e+10 
(HZLimMaxGreenhouse) Maximum Greenhouse HZ Limit [m]: 6.658107e+10 
(HZLimEarlyMars) Early Mars HZ Limit [m]: 7.261386e+10 
(Instellation) Orbit-averaged INcident STELLar radiATION [kg/sec^3]: 2.645892e+05 
(MeanMotion) Orbital Mean Motion [/sec]: 4.464386e-05 
(OrbPeriod) Orbital Period [sec]: 1.407402e+05 
(SemiMajorAxis) Semi-major Axis [m]: 2.340648e+09 
(LXUVTot) Total XUV Luminosity [kg/sec^3]: -1.000000 
(EscapeVelocity) Escape Velocity [m/sec]: 1.332294e+04 
----- ATMESC PARAMETERS (b)------
(SurfWaterMass) Surface water mass [kg]: 0.000000 
(EnvelopeMass) Envelope mass [kg]: 0.000000 
(OxygenMass) Oxygen mass in the atmosphere [kg]: 0.000000 
(RGLimit) Runaway greenhouse semi-major axis [m]: 3.348568e+10 
(XO) Atomic oxygen mixing ratio in upper atmosphere []: 0.000000 
(EtaO) Oxygen eta parameter (Luger and Barnes 2015) []: 0.000000 
(PlanetRadius) Planet radius [m]: 7.257064e+06 
(OxygenMantleMass) Mass of oxygen in mantle [kg]: 0.000000 
(RadXUV) XUV radius separating hydro. dyn. escape and equilibrium [m]: -1.000000 
(RadSolid) Radius to the solid surface [m]: -1.000000 
(PresXUV) Pressure at base of thermosphere [(null)]: 5.000000 
(ScaleHeight) Scale height in Lehmer & Catling (2016) model [m]: -1.000000 
(ThermTemp) Isothermal atmospheric temperature [K]: 400.000000 
(AtmGasConst) Atmospheric gas constant [(null)]: 4124.000000 
(PresSurf) Surface pressure due to atmosphere [Pa]: -1.000000 
(DEnvMassDt) Envelope Mass Loss Rate [kg/s]: 0.000000 
(FXUV) XUV flux [W/m^2]: 4549.631939 
(AtmXAbsEffH2O) XUV atmospheric escape efficiency for H2O []: 0.300000 
(RocheRadius) Roche Lobe Radius [m]: 4.758089e+07 
(BondiRadius) Bondi Radius [m]: 3.315527e+08 
(HEscapeRegime) Integer flag for H envelope escape regime []: 8.000000 
(RRCriticalFlux) Critical XUV Flux that separates RR and energy-limited escape [W/m^2]: 56.881039 
(CrossoverMass) Crossover mass, defines oxygen is escaping if mc > mo [kg]: 0.000000 
(WaterEscapeRegime) What water escape regime the code is currently in []: 8.000000 
(FXUVCRITDRAG) Critical Drag XUV flux [W/m^2]: 0.472116 
(HREFFLUX) The Hydrogen Reference Flux (m^-2 s^-1) [m^-2 s^-1]: 2.995314e+21 
(XO2) Molecular oxygen mixing ratio in atmosphere []: 0.000000 
(XH2O) Water mixing ratio in upper atmosphere []: 0.000000 
(HDiffFlux) The Hydrogen Diffusion Flux (m^-2 s^-1) [m^-2 s^-1]: 2.368061e+17 
(HRefODragMod) Multiply by H ref flux to get flux with drag []: 1.000000 
(KTide) Mass loss enhancement due to stellar gravity []: 0.772993 
(CumulativeXUVFlux) Cumulative XUV flux [W/m^2]: 0.000000 
(RunawayGreenhouseFlux) Incident flux that triggers runaway greenhouse [kg/sec^3]: 1292.730260 
(RGDuration) Runaway Greenhouse Duration [years]: 0.00000e+00

Output Order: Time[year] CumulativeXUVFlux[W/m^2]
Grid Output Order:



---- FINAL SYSTEM PROPERTIES ----
(Age) System Age [sec]: 1.990884e+17 
(Time) Simulation Time [sec]: 1.989076e+17 
(TotAngMom) Total Angular Momentum [kg*m^2/sec]: 1.390830e+42 
(TotEnergy) Total System Energy [kg*m^2/sec^2]: -1.195346e+40 
(PotEnergy) Body's non-orbital Potential Energy [kg*m^2/sec^2]: -4.070287e+40 
(KinEnergy) Body's non-orbital Kinetic Energy [kg*m^2/sec^2]: 6.870016e+32 
(DeltaTime) Average Timestep Over Last Output Interval [sec]: 3.155760e+13 

----- BODY: star ----
Active Modules: FLARE STELLAR
Module Bit Sum: 577
Color: 000000
(Mass) Mass [kg]: 3.829274e+29 
(Radius) Radius [m]: 1.442658e+08 
(RadGyra) Radius of Gyration/Moment of Inertia Constant []: 0.460523 
(RotAngMom) Rotational Angular Momentum [kg*m^2/sec]: 1.523936e+39 
(RotVel) Rotational Velocity [m/sec]: 130.072151 
(BodyType) Type of Body (0 == planet) []: 0.000000 
(RotRate) Rotational Frequency [/sec]: 9.016145e-07 
(RotPer) Rotational Period [sec]: 6.968816e+06 
(Density) Average Density [kg/m^3]: 3.044651e+04 
(HZLimitDryRunaway) Semi-major axis of Dry Runaway HZ Limit [m]: 8.911251e+09 
(HZLimRecVenus) Recent Venus HZ Limit [m]: 7.978815e+09 
(HZLimRunaway) Runaway Greenhouse HZ Limit [m]: 1.052570e+10 
(HZLimMoistGreenhouse) Moist Greenhouse HZ Limit [m]: 1.055728e+10 
(HZLimMaxGreenhouse) Maximum Greenhouse HZ Limit [m]: 2.004168e+10 
(HZLimEarlyMars) Early Mars HZ Limit [m]: 2.185766e+10 
(Instellation) Orbit-averaged INcident STELLar radiATION [kg/sec^3]: -1.000000 
(CriticalSemiMajorAxis) Holman & Wiegert (1999) P-type Critical Semi-major Axis [m]: -1.000000 
(LXUVTot) Total XUV Luminosity [LSUN]: 3.274427e-06 
(LostEnergy) Body's Total Lost Energy [kg*m^2/sec^2]: 2.874947e+40 
(LostAngMom) Lost Angular Momentum due to Magnetic Braking [kg*m^2/sec]: 1.386946e+42 
(EscapeVelocity) Escape Velocity [m/sec]: 5.952422e+05 
----- STELLAR PARAMETERS (star)------
(Luminosity) Luminosity [LSUN]: 0.004307 
(LXUVStellar) Base X-ray/XUV Luminosity [LSUN]: 2.903975e-06 
(Temperature) Effective Temperature [K]: 3239.879930 
(LXUVFrac) Fraction of luminosity in XUV []: 0.000674 
(RossbyNumber) Rossby Number []: 1.349021 
(DRotPerDtStellar) Time Rate of Change of Rotation Period in STELLAR []: 1.905553e-11 
(WindTorque) Stellar Wind Torque []: 4.167052e+21 
----- FLARE PARAMETERS (star)------
(LXUVFlare) XUV Luminosity from flares [LSUN]: 3.704267e-07 
(FlareFreq1) First value of flare frequency range [/sec]: 5.773844e-07 
(FlareFreq2) Second value of flare frequency range [/sec]: 3.969556e-07 
(FlareFreq3) Third value of flare frequency range [/sec]: 2.729096e-07 
(FlareFreq4) Fourth value of flare frequency range [/sec]: 1.876272e-07 
(FlareFreqMin) Frequency of the flares with the lowest energy [/sec]: 5.773844e-07 
(FlareFreqMid) Frequency of the flares with the middle energy in the energy range [/sec]: 1.362178e-08 
(FlareFreqMax) Frequency of the flares with the highest energy [/sec]: 3.213682e-10 
(FlareEnergy1) First value of flare energy range [kg*m^2/sec^2]: 5.334000e+25 
(FlareEnergy2) Second value of flare energy range [kg*m^2/sec^2]: 7.534475e+25 
(FlareEnergy3) Third value of flare energy range [kg*m^2/sec^2]: 1.064273e+26 
(FlareEnergy4) Fourth value of flare energy range [kg*m^2/sec^2]: 1.503325e+26 
(FlareEnergyMin) Minimum flare energy [kg*m^2/sec^2]: 5.334000e+25 
(FlareEnergyMid) Middle flare energy in the range of energy values [kg*m^2/sec^2]: 1.686759e+27 
(FlareEnergyMax) Maximum flare energy [kg*m^2/sec^2]: 5.334000e+28 
(FlareYIntOUT) Instantaneous Davenport FFD y-intercept at current age and mass []: 34.200964 
(FlareSlopeOUT) Instantaneous Davenport FFD slope at current age and mass []: -1.084821 

Output Order: Time[year] Luminosity[LSUN] LXUVStellar[LSUN] LXUVFlare[LSUN] LXUVTot[LSUN]
Grid Output Order:

----- BODY: b ----
Active Modules: AtmEsc
Module Bit Sum: 9
Color: 000000
(Mass) Mass [kg]: 9.649992e+24 
(Radius) Radius [m]: 7.257064e+06 
(RadGyra) Radius of Gyration/Moment of Inertia Constant []: 0.500000 
(BodyType) Type of Body (0 == planet) []: 0.000000 
(Density) Average Density [kg/m^3]: 6027.753224 
(HZLimitDryRunaway) Semi-major axis of Dry Runaway HZ Limit [m]: 8.911437e+09 
(HZLimRecVenus) Recent Venus HZ Limit [m]: 7.978815e+09 
(HZLimRunaway) Runaway Greenhouse HZ Limit [m]: 1.052570e+10 
(HZLimMoistGreenhouse) Moist Greenhouse HZ Limit [m]: 1.055728e+10 
(HZLimMaxGreenhouse) Maximum Greenhouse HZ Limit [m]: 2.004168e+10 
(HZLimEarlyMars) Early Mars HZ Limit [m]: 2.185766e+10 
(Instellation) Orbit-averaged INcident STELLar radiATION [kg/sec^3]: 2.406148e+04 
(MeanMotion) Orbital Mean Motion [/sec]: 4.464386e-05 
(OrbPeriod) Orbital Period [sec]: 1.407402e+05 
(SemiMajorAxis) Semi-major Axis [m]: 2.340648e+09 
(LXUVTot) Total XUV Luminosity [kg/sec^3]: -1.000000 
(EscapeVelocity) Escape Velocity [m/sec]: 1.332294e+04 
----- ATMESC PARAMETERS (b)------
(SurfWaterMass) Surface water mass [kg]: 0.000000 
(EnvelopeMass) Envelope mass [kg]: 0.000000 
(OxygenMass) Oxygen mass in the atmosphere [kg]: 0.000000 
(RGLimit) Runaway greenhouse semi-major axis [m]: 1.009476e+10 
(XO) Atomic oxygen mixing ratio in upper atmosphere []: 0.000000 
(EtaO) Oxygen eta parameter (Luger and Barnes 2015) []: 0.000000 
(PlanetRadius) Planet radius [m]: 7.257064e+06 
(OxygenMantleMass) Mass of oxygen in mantle [kg]: 0.000000 
(RadXUV) XUV radius separating hydro. dyn. escape and equilibrium [m]: -1.000000 
(RadSolid) Radius to the solid surface [m]: -1.000000 
(PresXUV) Pressure at base of thermosphere [(null)]: 5.000000 
(ScaleHeight) Scale height in Lehmer & Catling (2016) model [m]: -1.000000 
(ThermTemp) Isothermal atmospheric temperature [K]: 400.000000 
(AtmGasConst) Atmospheric gas constant [(null)]: 4124.000000 
(PresSurf) Surface pressure due to atmosphere [Pa]: -1.000000 
(DEnvMassDt) Envelope Mass Loss Rate [kg/s]: 0.000000 
(FXUV) XUV flux [W/m^2]: 18.292440 
(AtmXAbsEffH2O) XUV atmospheric escape efficiency for H2O []: 0.300000 
(RocheRadius) Roche Lobe Radius [m]: 4.758089e+07 
(BondiRadius) Bondi Radius [m]: 6.050186e+08 
(HEscapeRegime) Integer flag for H envelope escape regime []: 8.000000 
(RRCriticalFlux) Critical XUV Flux that separates RR and energy-limited escape [W/m^2]: 56.881039 
(CrossoverMass) Crossover mass, defines oxygen is escaping if mc > mo [kg]: 0.000000 
(WaterEscapeRegime) What water escape regime the code is currently in []: 8.000000 
(FXUVCRITDRAG) Critical Drag XUV flux [W/m^2]: 0.472116 
(HREFFLUX) The Hydrogen Reference Flux (m^-2 s^-1) [m^-2 s^-1]: 1.204309e+19 
(XO2) Molecular oxygen mixing ratio in atmosphere []: 0.000000 
(XH2O) Water mixing ratio in upper atmosphere []: 0.000000 
(HDiffFlux) The Hydrogen Diffusion Flux (m^-2 s^-1) [m^-2 s^-1]: 2.368061e+17 
(HRefODragMod) Multiply by H ref flux to get flux with drag []: 1.000000 
(KTide) Mass loss enhancement due to stellar gravity []: 0.772993 
(CumulativeXUVFlux) Cumulative XUV flux [W/m^2]: 1.594946e+19 
(RunawayGreenhouseFlux) Incident flux that triggers runaway greenhouse [kg/sec^3]: 1293.552734 
(RGDuration) Runaway Greenhouse Duration [years]: 0.00000e+00

Output Order: Time[year] CumulativeXUVFlux[W/m^2]
Grid Output Order:
