-------- Log file gj1132.log -------

Executable: /home/vplanet/.local/bin/vplanet
Version: Unknown
System Name: gj1132
Primary Input File: vpl.in
Body File #1: star.in
Body File #2: b.in
Allow files to be overwitten: Yes
Mass Units: Grams
Length Units: Meters
Time Units: Seconds
Angle Units: Radians

------- FORMATTING -----
Verbosity Level: 5
Crossover Decade for Scientific Notation: 4
Number of Digits After Decimal: 6
Integration Method: Runge-Kutta4
Direction: Forward
Time Step: 3.155760e+07
Stop Time: 2.117870e+17
Output Interval: 3.155760e+13
Use Variable Timestep: Yes
dEta: 0.010000
Minimum Value of ecc and obl: 1.000000e-10


---- INITIAL SYSTEM PROPERTIES ----
(Age) System Age [sec]: 1.715232e+14 
(Time) Simulation Time [sec]: 0.000000 
(TotAngMom) Total Angular Momentum [kg*m^2/sec]: 1.462732e+42 
(TotEnergy) Total System Energy [kg*m^2/sec^2]: -1.178458e+40 
(PotEnergy) Body's non-orbital Potential Energy [kg*m^2/sec^2]: -1.183762e+40 
(KinEnergy) Body's non-orbital Kinetic Energy [kg*m^2/sec^2]: 5.309735e+37 
(DeltaTime) Average Timestep Over Last Output Interval [sec]: 0.000000 

----- BODY: star ----
Active Modules: FLARE STELLAR
Module Bit Sum: 577
Color: 000000
(Mass) Mass [kg]: 3.847726e+29 
(Radius) Radius [m]: 5.008406e+08 
(RadGyra) Radius of Gyration/Moment of Inertia Constant []: 0.456125 
(RotAngMom) Rotational Angular Momentum [kg*m^2/sec]: 1.460282e+42 
(RotVel) Rotational Velocity [m/sec]: 3.642215e+04 
(BodyType) Type of Body (0 == planet) []: 0.000000 
(RotRate) Rotational Frequency [/sec]: 7.272205e-05 
(RotPer) Rotational Period [sec]: 8.640000e+04 
(Density) Average Density [kg/m^3]: 731.167827 
(HZLimitDryRunaway) Semi-major axis of Dry Runaway HZ Limit [m]: 3.021268e+10 
(HZLimRecVenus) Recent Venus HZ Limit [m]: 2.706786e+10 
(HZLimRunaway) Runaway Greenhouse HZ Limit [m]: 3.569799e+10 
(HZLimMoistGreenhouse) Moist Greenhouse HZ Limit [m]: 3.581523e+10 
(HZLimMaxGreenhouse) Maximum Greenhouse HZ Limit [m]: 6.807239e+10 
(HZLimEarlyMars) Early Mars HZ Limit [m]: 7.424031e+10 
(Instellation) Orbit-averaged INcident STELLar radiATION [kg/sec^3]: -1.000000 
(CriticalSemiMajorAxis) Holman & Wiegert (1999) P-type Critical Semi-major Axis [m]: -1.000000 
(LXUVTot) Total XUV Luminosity [LSUN]: 0.000142 
(LostEnergy) Body's Total Lost Energy [kg*m^2/sec^2]: 5.562685e-309 
(LostAngMom) Lost Angular Momentum due to Magnetic Braking [kg*m^2/sec]: 5.562685e-309 
(EscapeVelocity) Escape Velocity [m/sec]: 3.202356e+05 
----- STELLAR PARAMETERS (star)------
(Luminosity) Luminosity [LSUN]: 0.049509 
(LXUVStellar) Base X-ray/XUV Luminosity [LSUN]: 0.000141 
(Temperature) Effective Temperature [K]: 3208.398153 
(LXUVFrac) Fraction of luminosity in XUV []: 0.002854 
(RossbyNumber) Rossby Number []: 0.016458 
(DRotPerDtStellar) Time Rate of Change of Rotation Period in STELLAR []: -1.279020e-10 
(WindTorque) Stellar Wind Torque []: 4.247597e+27 
----- FLARE PARAMETERS (star)------
(LXUVFlare) XUV Luminosity from flares [LSUN]: 7.945361e-07 
(FlareFreq1) First value of flare frequency range [/sec]: 3.224417e-05 
(FlareFreq2) Second value of flare frequency range [/sec]: 2.791515e-05 
(FlareFreq3) Third value of flare frequency range [/sec]: 2.416733e-05 
(FlareFreq4) Fourth value of flare frequency range [/sec]: 2.092269e-05 
(FlareFreqMin) Frequency of the flares with the lowest energy [/sec]: 3.224417e-05 
(FlareFreqMid) Frequency of the flares with the middle energy in the energy range [/sec]: 7.626737e-06 
(FlareFreqMax) Frequency of the flares with the highest energy [/sec]: 1.803958e-06 
(FlareEnergy1) First value of flare energy range [kg*m^2/sec^2]: 5.334000e+23 
(FlareEnergy2) Second value of flare energy range [kg*m^2/sec^2]: 6.715108e+23 
(FlareEnergy3) Third value of flare energy range [kg*m^2/sec^2]: 8.453820e+23 
(FlareEnergy4) Fourth value of flare energy range [kg*m^2/sec^2]: 1.064273e+24 
(FlareEnergyMin) Minimum flare energy [kg*m^2/sec^2]: 5.334000e+23 
(FlareEnergyMid) Middle flare energy in the range of energy values [kg*m^2/sec^2]: 5.334000e+24 
(FlareEnergyMax) Maximum flare energy [kg*m^2/sec^2]: 5.334000e+25 
(FlareYIntOUT) Instantaneous Davenport FFD y-intercept at current age and mass []: 19.683554 
(FlareSlopeOUT) Instantaneous Davenport FFD slope at current age and mass []: -0.626112 

Output Order: Time[year] Luminosity[LSUN] LXUVStellar[LSUN] LXUVFlare[LSUN] LXUVTot[LSUN]
Grid Output Order:

----- BODY: b ----
Active Modules: AtmEsc
Module Bit Sum: 9
Color: 000000
(Mass) Mass [kg]: 9.986006e+24 
(Radius) Radius [m]: 7.191643e+06 
(RadGyra) Radius of Gyration/Moment of Inertia Constant []: 0.500000 
(BodyType) Type of Body (0 == planet) []: 0.000000 
(Density) Average Density [kg/m^3]: 6409.420632 
(HZLimitDryRunaway) Semi-major axis of Dry Runaway HZ Limit [m]: 3.021290e+10 
(HZLimRecVenus) Recent Venus HZ Limit [m]: 2.706786e+10 
(HZLimRunaway) Runaway Greenhouse HZ Limit [m]: 3.569799e+10 
(HZLimMoistGreenhouse) Moist Greenhouse HZ Limit [m]: 3.581523e+10 
(HZLimMaxGreenhouse) Maximum Greenhouse HZ Limit [m]: 6.807239e+10 
(HZLimEarlyMars) Early Mars HZ Limit [m]: 7.424031e+10 
(Instellation) Orbit-averaged INcident STELLar radiATION [kg/sec^3]: 2.757057e+05 
(MeanMotion) Orbital Mean Motion [/sec]: 4.464542e-05 
(OrbPeriod) Orbital Period [sec]: 1.407353e+05 
(SemiMajorAxis) Semi-major Axis [m]: 2.344347e+09 
(LXUVTot) Total XUV Luminosity [kg/sec^3]: -1.000000 
(EscapeVelocity) Escape Velocity [m/sec]: 1.361442e+04 
----- ATMESC PARAMETERS (b)------
(SurfWaterMass) Surface water mass [kg]: 0.000000 
(EnvelopeMass) Envelope mass [kg]: 0.000000 
(OxygenMass) Oxygen mass in the atmosphere [kg]: 0.000000 
(RGLimit) Runaway greenhouse semi-major axis [m]: 3.420927e+10 
(XO) Atomic oxygen mixing ratio in upper atmosphere []: 0.000000 
(EtaO) Oxygen eta parameter (Luger and Barnes 2015) []: 0.000000 
(PlanetRadius) Planet radius [m]: 7.191643e+06 
(OxygenMantleMass) Mass of oxygen in mantle [kg]: 0.000000 
(RadXUV) XUV radius separating hydro. dyn. escape and equilibrium [m]: -1.000000 
(RadSolid) Radius to the solid surface [m]: -1.000000 
(PresXUV) Pressure at base of thermosphere [(null)]: 5.000000 
(ScaleHeight) Scale height in Lehmer & Catling (2016) model [m]: -1.000000 
(ThermTemp) Isothermal atmospheric temperature [K]: 400.000000 
(AtmGasConst) Atmospheric gas constant [(null)]: 4124.000000 
(PresSurf) Surface pressure due to atmosphere [Pa]: -1.000000 
(DEnvMassDt) Envelope Mass Loss Rate [kg/s]: 0.000000 
(FXUV) XUV flux [W/m^2]: 791.261071 
(AtmXAbsEffH2O) XUV atmospheric escape efficiency for H2O []: 0.300000 
(RocheRadius) Roche Lobe Radius [m]: 4.812574e+07 
(BondiRadius) Bondi Radius [m]: 3.390496e+08 
(HEscapeRegime) Integer flag for H envelope escape regime []: 8.000000 
(RRCriticalFlux) Critical XUV Flux that separates RR and energy-limited escape [W/m^2]: 63.323368 
(CrossoverMass) Crossover mass, defines oxygen is escaping if mc > mo [kg]: 0.000000 
(WaterEscapeRegime) What water escape regime the code is currently in []: 8.000000 
(FXUVCRITDRAG) Critical Drag XUV flux [W/m^2]: 0.519489 
(HREFFLUX) The Hydrogen Reference Flux (m^-2 s^-1) [m^-2 s^-1]: 4.959685e+20 
(XO2) Molecular oxygen mixing ratio in atmosphere []: 0.000000 
(XH2O) Water mixing ratio in upper atmosphere []: 0.000000 
(HDiffFlux) The Hydrogen Diffusion Flux (m^-2 s^-1) [m^-2 s^-1]: 2.495303e+17 
(HRefODragMod) Multiply by H ref flux to get flux with drag []: 1.000000 
(KTide) Mass loss enhancement due to stellar gravity []: 0.777517 
(CumulativeXUVFlux) Cumulative XUV flux [W/m^2]: 0.000000 
(RunawayGreenhouseFlux) Incident flux that triggers runaway greenhouse [kg/sec^3]: 1294.779959 
(RGDuration) Runaway Greenhouse Duration [years]: 0.00000e+00

Output Order: Time[year] CumulativeXUVFlux[W/m^2]
Grid Output Order:



---- FINAL SYSTEM PROPERTIES ----
(Age) System Age [sec]: 2.119861e+17 
(Time) Simulation Time [sec]: 2.118146e+17 
(TotAngMom) Total Angular Momentum [kg*m^2/sec]: 1.464760e+42 
(TotEnergy) Total System Energy [kg*m^2/sec^2]: -1.177927e+40 
(PotEnergy) Body's non-orbital Potential Energy [kg*m^2/sec^2]: -4.088661e+40 
(KinEnergy) Body's non-orbital Kinetic Energy [kg*m^2/sec^2]: 6.478211e+32 
(DeltaTime) Average Timestep Over Last Output Interval [sec]: 1.577880e+13 

----- BODY: star ----
Active Modules: FLARE STELLAR
Module Bit Sum: 577
Color: 000000
(Mass) Mass [kg]: 3.847726e+29 
(Radius) Radius [m]: 1.450050e+08 
(RadGyra) Radius of Gyration/Moment of Inertia Constant []: 0.460430 
(RotAngMom) Rotational Angular Momentum [kg*m^2/sec]: 1.490703e+39 
(RotVel) Rotational Velocity [m/sec]: 126.030869 
(BodyType) Type of Body (0 == planet) []: 0.000000 
(RotRate) Rotational Frequency [/sec]: 8.691487e-07 
(RotPer) Rotational Period [sec]: 7.229126e+06 
(Density) Average Density [kg/m^3]: 3.012777e+04 
(HZLimitDryRunaway) Semi-major axis of Dry Runaway HZ Limit [m]: 8.972342e+09 
(HZLimRecVenus) Recent Venus HZ Limit [m]: 8.033122e+09 
(HZLimRunaway) Runaway Greenhouse HZ Limit [m]: 1.059758e+10 
(HZLimMoistGreenhouse) Moist Greenhouse HZ Limit [m]: 1.062914e+10 
(HZLimMaxGreenhouse) Maximum Greenhouse HZ Limit [m]: 2.017617e+10 
(HZLimEarlyMars) Early Mars HZ Limit [m]: 2.200434e+10 
(Instellation) Orbit-averaged INcident STELLar radiATION [kg/sec^3]: -1.000000 
(CriticalSemiMajorAxis) Holman & Wiegert (1999) P-type Critical Semi-major Axis [m]: -1.000000 
(LXUVTot) Total XUV Luminosity [LSUN]: 7.816962e-07 
(LostEnergy) Body's Total Lost Energy [kg*m^2/sec^2]: 2.910740e+40 
(LostAngMom) Lost Angular Momentum due to Magnetic Braking [kg*m^2/sec]: 1.460819e+42 
(EscapeVelocity) Escape Velocity [m/sec]: 5.951520e+05 
----- STELLAR PARAMETERS (star)------
(Luminosity) Luminosity [LSUN]: 0.004366 
(LXUVStellar) Base X-ray/XUV Luminosity [LSUN]: 4.019293e-07 
(Temperature) Effective Temperature [K]: 3242.373552 
(LXUVFrac) Fraction of luminosity in XUV []: 9.205119e-05 
(RossbyNumber) Rossby Number []: 1.401200 
(DRotPerDtStellar) Time Rate of Change of Rotation Period in STELLAR []: 1.723590e-11 
(WindTorque) Stellar Wind Torque []: 3.553366e+21 
----- FLARE PARAMETERS (star)------
(LXUVFlare) XUV Luminosity from flares [LSUN]: 3.797624e-07 
(FlareFreq1) First value of flare frequency range [/sec]: 8.191868e-05 
(FlareFreq2) Second value of flare frequency range [/sec]: 6.384446e-05 
(FlareFreq3) Third value of flare frequency range [/sec]: 4.975806e-05 
(FlareFreq4) Fourth value of flare frequency range [/sec]: 3.877963e-05 
(FlareFreqMin) Frequency of the flares with the lowest energy [/sec]: 8.191868e-05 
(FlareFreqMid) Frequency of the flares with the middle energy in the energy range [/sec]: 6.773069e-06 
(FlareFreqMax) Frequency of the flares with the highest energy [/sec]: 5.600001e-07 
(FlareEnergy1) First value of flare energy range [kg*m^2/sec^2]: 5.334000e+23 
(FlareEnergy2) Second value of flare energy range [kg*m^2/sec^2]: 6.715108e+23 
(FlareEnergy3) Third value of flare energy range [kg*m^2/sec^2]: 8.453820e+23 
(FlareEnergy4) Fourth value of flare energy range [kg*m^2/sec^2]: 1.064273e+24 
(FlareEnergyMin) Minimum flare energy [kg*m^2/sec^2]: 5.334000e+23 
(FlareEnergyMid) Middle flare energy in the range of energy values [kg*m^2/sec^2]: 5.334000e+24 
(FlareEnergyMax) Maximum flare energy [kg*m^2/sec^2]: 5.334000e+25 
(FlareYIntOUT) Instantaneous Davenport FFD y-intercept at current age and mass []: 34.114925 
(FlareSlopeOUT) Instantaneous Davenport FFD slope at current age and mass []: -1.082597 

Output Order: Time[year] Luminosity[LSUN] LXUVStellar[LSUN] LXUVFlare[LSUN] LXUVTot[LSUN]
Grid Output Order:

----- BODY: b ----
Active Modules: AtmEsc
Module Bit Sum: 9
Color: 000000
(Mass) Mass [kg]: 9.986006e+24 
(Radius) Radius [m]: 7.191643e+06 
(RadGyra) Radius of Gyration/Moment of Inertia Constant []: 0.500000 
(BodyType) Type of Body (0 == planet) []: 0.000000 
(Density) Average Density [kg/m^3]: 6409.420632 
(HZLimitDryRunaway) Semi-major axis of Dry Runaway HZ Limit [m]: 8.972405e+09 
(HZLimRecVenus) Recent Venus HZ Limit [m]: 8.033122e+09 
(HZLimRunaway) Runaway Greenhouse HZ Limit [m]: 1.059758e+10 
(HZLimMoistGreenhouse) Moist Greenhouse HZ Limit [m]: 1.062914e+10 
(HZLimMaxGreenhouse) Maximum Greenhouse HZ Limit [m]: 2.017617e+10 
(HZLimEarlyMars) Early Mars HZ Limit [m]: 2.200434e+10 
(Instellation) Orbit-averaged INcident STELLar radiATION [kg/sec^3]: 2.431525e+04 
(MeanMotion) Orbital Mean Motion [/sec]: 4.464542e-05 
(OrbPeriod) Orbital Period [sec]: 1.407353e+05 
(SemiMajorAxis) Semi-major Axis [m]: 2.344347e+09 
(LXUVTot) Total XUV Luminosity [kg/sec^3]: -1.000000 
(EscapeVelocity) Escape Velocity [m/sec]: 1.361442e+04 
----- ATMESC PARAMETERS (b)------
(SurfWaterMass) Surface water mass [kg]: 0.000000 
(EnvelopeMass) Envelope mass [kg]: 0.000000 
(OxygenMass) Oxygen mass in the atmosphere [kg]: 0.000000 
(RGLimit) Runaway greenhouse semi-major axis [m]: 1.015576e+10 
(XO) Atomic oxygen mixing ratio in upper atmosphere []: 0.000000 
(EtaO) Oxygen eta parameter (Luger and Barnes 2015) []: 0.000000 
(PlanetRadius) Planet radius [m]: 7.191643e+06 
(OxygenMantleMass) Mass of oxygen in mantle [kg]: 0.000000 
(RadXUV) XUV radius separating hydro. dyn. escape and equilibrium [m]: -1.000000 
(RadSolid) Radius to the solid surface [m]: -1.000000 
(PresXUV) Pressure at base of thermosphere [(null)]: 5.000000 
(ScaleHeight) Scale height in Lehmer & Catling (2016) model [m]: -1.000000 
(ThermTemp) Isothermal atmospheric temperature [K]: 400.000000 
(AtmGasConst) Atmospheric gas constant [(null)]: 4124.000000 
(PresSurf) Surface pressure due to atmosphere [Pa]: -1.000000 
(DEnvMassDt) Envelope Mass Loss Rate [kg/s]: 0.000000 
(FXUV) XUV flux [W/m^2]: 4.353079 
(AtmXAbsEffH2O) XUV atmospheric escape efficiency for H2O []: 0.300000 
(RocheRadius) Roche Lobe Radius [m]: 4.812574e+07 
(BondiRadius) Bondi Radius [m]: 6.235148e+08 
(HEscapeRegime) Integer flag for H envelope escape regime []: 8.000000 
(RRCriticalFlux) Critical XUV Flux that separates RR and energy-limited escape [W/m^2]: 63.323368 
(CrossoverMass) Crossover mass, defines oxygen is escaping if mc > mo [kg]: 0.000000 
(WaterEscapeRegime) What water escape regime the code is currently in []: 8.000000 
(FXUVCRITDRAG) Critical Drag XUV flux [W/m^2]: 0.519489 
(HREFFLUX) The Hydrogen Reference Flux (m^-2 s^-1) [m^-2 s^-1]: 2.728543e+18 
(XO2) Molecular oxygen mixing ratio in atmosphere []: 0.000000 
(XH2O) Water mixing ratio in upper atmosphere []: 0.000000 
(HDiffFlux) The Hydrogen Diffusion Flux (m^-2 s^-1) [m^-2 s^-1]: 2.495303e+17 
(HRefODragMod) Multiply by H ref flux to get flux with drag []: 1.000000 
(KTide) Mass loss enhancement due to stellar gravity []: 0.777517 
(CumulativeXUVFlux) Cumulative XUV flux [W/m^2]: 3.417178e+18 
(RunawayGreenhouseFlux) Incident flux that triggers runaway greenhouse [kg/sec^3]: 1295.662438 
(RGDuration) Runaway Greenhouse Duration [years]: 0.00000e+00

Output Order: Time[year] CumulativeXUVFlux[W/m^2]
Grid Output Order:
