-------- Log file gj1132.log -------

Executable: /home/vplanet/.local/bin/vplanet
Version: Unknown
System Name: gj1132
Primary Input File: vpl.in
Body File #1: star.in
Body File #2: b.in
Allow files to be overwitten: Yes
Mass Units: Grams
Length Units: Meters
Time Units: Seconds
Angle Units: Radians

------- FORMATTING -----
Verbosity Level: 5
Crossover Decade for Scientific Notation: 4
Number of Digits After Decimal: 6
Integration Method: Runge-Kutta4
Direction: Forward
Time Step: 3.155760e+07
Stop Time: 2.302693e+17
Output Interval: 3.155760e+13
Use Variable Timestep: Yes
dEta: 0.010000
Minimum Value of ecc and obl: 1.000000e-10


---- INITIAL SYSTEM PROPERTIES ----
(Age) System Age [sec]: 1.711957e+14 
(Time) Simulation Time [sec]: 0.000000 
(TotAngMom) Total Angular Momentum [kg*m^2/sec]: 1.404200e+42 
(TotEnergy) Total System Energy [kg*m^2/sec^2]: -1.135720e+40 
(PotEnergy) Body's non-orbital Potential Energy [kg*m^2/sec^2]: -1.140812e+40 
(KinEnergy) Body's non-orbital Kinetic Energy [kg*m^2/sec^2]: 5.097170e+37 
(DeltaTime) Average Timestep Over Last Output Interval [sec]: 0.000000 

----- BODY: star ----
Active Modules: FLARE STELLAR
Module Bit Sum: 577
Color: 000000
(Mass) Mass [kg]: 3.760216e+29 
(Radius) Radius [m]: 4.963263e+08 
(RadGyra) Radius of Gyration/Moment of Inertia Constant []: 0.456184 
(RotAngMom) Rotational Angular Momentum [kg*m^2/sec]: 1.401822e+42 
(RotVel) Rotational Velocity [m/sec]: 3.609387e+04 
(BodyType) Type of Body (0 == planet) []: 0.000000 
(RotRate) Rotational Frequency [/sec]: 7.272205e-05 
(RotPer) Rotational Period [sec]: 8.640000e+04 
(Density) Average Density [kg/m^3]: 734.213404 
(HZLimitDryRunaway) Semi-major axis of Dry Runaway HZ Limit [m]: 2.979465e+10 
(HZLimRecVenus) Recent Venus HZ Limit [m]: 2.669749e+10 
(HZLimRunaway) Runaway Greenhouse HZ Limit [m]: 3.520699e+10 
(HZLimMoistGreenhouse) Moist Greenhouse HZ Limit [m]: 3.532516e+10 
(HZLimMaxGreenhouse) Maximum Greenhouse HZ Limit [m]: 6.716160e+10 
(HZLimEarlyMars) Early Mars HZ Limit [m]: 7.324696e+10 
(Instellation) Orbit-averaged INcident STELLar radiATION [kg/sec^3]: -1.000000 
(CriticalSemiMajorAxis) Holman & Wiegert (1999) P-type Critical Semi-major Axis [m]: -1.000000 
(LXUVTot) Total XUV Luminosity [LSUN]: 9.746147e-05 
(LostEnergy) Body's Total Lost Energy [kg*m^2/sec^2]: 5.562685e-309 
(LostAngMom) Lost Angular Momentum due to Magnetic Braking [kg*m^2/sec]: 5.562685e-309 
(EscapeVelocity) Escape Velocity [m/sec]: 3.180094e+05 
----- STELLAR PARAMETERS (star)------
(Luminosity) Luminosity [LSUN]: 0.048149 
(LXUVStellar) Base X-ray/XUV Luminosity [LSUN]: 8.612174e-05 
(Temperature) Effective Temperature [K]: 3200.309414 
(LXUVFrac) Fraction of luminosity in XUV []: 0.001789 
(RossbyNumber) Rossby Number []: 0.016390 
(DRotPerDtStellar) Time Rate of Change of Rotation Period in STELLAR []: -1.319023e-10 
(WindTorque) Stellar Wind Torque []: 4.109911e+27 
----- FLARE PARAMETERS (star)------
(LXUVFlare) XUV Luminosity from flares [LSUN]: 1.133973e-05 
(FlareFreq1) First value of flare frequency range [/sec]: 1.800777e-06 
(FlareFreq2) Second value of flare frequency range [/sec]: 1.449538e-06 
(FlareFreq3) Third value of flare frequency range [/sec]: 1.166808e-06 
(FlareFreq4) Fourth value of flare frequency range [/sec]: 9.392241e-07 
(FlareFreqMin) Frequency of the flares with the lowest energy [/sec]: 1.800777e-06 
(FlareFreqMid) Frequency of the flares with the middle energy in the energy range [/sec]: 2.056637e-07 
(FlareFreqMax) Frequency of the flares with the highest energy [/sec]: 2.348851e-08 
(FlareEnergy1) First value of flare energy range [kg*m^2/sec^2]: 5.334000e+25 
(FlareEnergy2) Second value of flare energy range [kg*m^2/sec^2]: 7.534475e+25 
(FlareEnergy3) Third value of flare energy range [kg*m^2/sec^2]: 1.064273e+26 
(FlareEnergy4) Fourth value of flare energy range [kg*m^2/sec^2]: 1.503325e+26 
(FlareEnergyMin) Minimum flare energy [kg*m^2/sec^2]: 5.334000e+25 
(FlareEnergyMid) Middle flare energy in the range of energy values [kg*m^2/sec^2]: 1.686759e+27 
(FlareEnergyMax) Maximum flare energy [kg*m^2/sec^2]: 5.334000e+28 
(FlareYIntOUT) Instantaneous Davenport FFD y-intercept at current age and mass []: 19.751156 
(FlareSlopeOUT) Instantaneous Davenport FFD slope at current age and mass []: -0.628201 

Output Order: Time[year] Luminosity[LSUN] LXUVStellar[LSUN] LXUVFlare[LSUN] LXUVTot[LSUN]
Grid Output Order:

----- BODY: b ----
Active Modules: AtmEsc
Module Bit Sum: 9
Color: 000000
(Mass) Mass [kg]: 9.838812e+24 
(Radius) Radius [m]: 7.215642e+06 
(RadGyra) Radius of Gyration/Moment of Inertia Constant []: 0.500000 
(BodyType) Type of Body (0 == planet) []: 0.000000 
(Density) Average Density [kg/m^3]: 6252.145962 
(HZLimitDryRunaway) Semi-major axis of Dry Runaway HZ Limit [m]: 2.979484e+10 
(HZLimRecVenus) Recent Venus HZ Limit [m]: 2.669749e+10 
(HZLimRunaway) Runaway Greenhouse HZ Limit [m]: 3.520699e+10 
(HZLimMoistGreenhouse) Moist Greenhouse HZ Limit [m]: 3.532516e+10 
(HZLimMaxGreenhouse) Maximum Greenhouse HZ Limit [m]: 6.716160e+10 
(HZLimEarlyMars) Early Mars HZ Limit [m]: 7.324696e+10 
(Instellation) Orbit-averaged INcident STELLar radiATION [kg/sec^3]: 2.722686e+05 
(MeanMotion) Orbital Mean Motion [/sec]: 4.464490e-05 
(OrbPeriod) Orbital Period [sec]: 1.407369e+05 
(SemiMajorAxis) Semi-major Axis [m]: 2.326456e+09 
(LXUVTot) Total XUV Luminosity [kg/sec^3]: -1.000000 
(EscapeVelocity) Escape Velocity [m/sec]: 1.349121e+04 
----- ATMESC PARAMETERS (b)------
(SurfWaterMass) Surface water mass [kg]: 0.000000 
(EnvelopeMass) Envelope mass [kg]: 0.000000 
(OxygenMass) Oxygen mass in the atmosphere [kg]: 0.000000 
(RGLimit) Runaway greenhouse semi-major axis [m]: 3.375022e+10 
(XO) Atomic oxygen mixing ratio in upper atmosphere []: 0.000000 
(EtaO) Oxygen eta parameter (Luger and Barnes 2015) []: 0.000000 
(PlanetRadius) Planet radius [m]: 7.215642e+06 
(OxygenMantleMass) Mass of oxygen in mantle [kg]: 0.000000 
(RadXUV) XUV radius separating hydro. dyn. escape and equilibrium [m]: -1.000000 
(RadSolid) Radius to the solid surface [m]: -1.000000 
(PresXUV) Pressure at base of thermosphere [(null)]: 5.000000 
(ScaleHeight) Scale height in Lehmer & Catling (2016) model [m]: -1.000000 
(ThermTemp) Isothermal atmospheric temperature [K]: 400.000000 
(AtmGasConst) Atmospheric gas constant [(null)]: 4124.000000 
(PresSurf) Surface pressure due to atmosphere [Pa]: -1.000000 
(DEnvMassDt) Envelope Mass Loss Rate [kg/s]: 0.000000 
(FXUV) XUV flux [W/m^2]: 551.118957 
(AtmXAbsEffH2O) XUV atmospheric escape efficiency for H2O []: 0.300000 
(RocheRadius) Roche Lobe Radius [m]: 4.788849e+07 
(BondiRadius) Bondi Radius [m]: 3.377070e+08 
(HEscapeRegime) Integer flag for H envelope escape regime []: 8.000000 
(RRCriticalFlux) Critical XUV Flux that separates RR and energy-limited escape [W/m^2]: 60.574428 
(CrossoverMass) Crossover mass, defines oxygen is escaping if mc > mo [kg]: 0.000000 
(WaterEscapeRegime) What water escape regime the code is currently in []: 8.000000 
(FXUVCRITDRAG) Critical Drag XUV flux [W/m^2]: 0.499273 
(HREFFLUX) The Hydrogen Reference Flux (m^-2 s^-1) [m^-2 s^-1]: 3.526092e+20 
(XO2) Molecular oxygen mixing ratio in atmosphere []: 0.000000 
(XH2O) Water mixing ratio in upper atmosphere []: 0.000000 
(HDiffFlux) The Hydrogen Diffusion Flux (m^-2 s^-1) [m^-2 s^-1]: 2.442196e+17 
(HRefODragMod) Multiply by H ref flux to get flux with drag []: 1.000000 
(KTide) Mass loss enhancement due to stellar gravity []: 0.775697 
(CumulativeXUVFlux) Cumulative XUV flux [W/m^2]: 0.000000 
(RunawayGreenhouseFlux) Incident flux that triggers runaway greenhouse [kg/sec^3]: 1293.684858 
(RGDuration) Runaway Greenhouse Duration [years]: 0.00000e+00

Output Order: Time[year] CumulativeXUVFlux[W/m^2]
Grid Output Order:



---- FINAL SYSTEM PROPERTIES ----
(Age) System Age [sec]: 2.304470e+17 
(Time) Simulation Time [sec]: 2.302758e+17 
(TotAngMom) Total Angular Momentum [kg*m^2/sec]: 1.405991e+42 
(TotEnergy) Total System Energy [kg*m^2/sec^2]: -1.135908e+40 
(PotEnergy) Body's non-orbital Potential Energy [kg*m^2/sec^2]: -3.969648e+40 
(KinEnergy) Body's non-orbital Kinetic Energy [kg*m^2/sec^2]: 5.733624e+32 
(DeltaTime) Average Timestep Over Last Output Interval [sec]: 1.577880e+13 

----- BODY: star ----
Active Modules: FLARE STELLAR
Module Bit Sum: 577
Color: 000000
(Mass) Mass [kg]: 3.760216e+29 
(Radius) Radius [m]: 1.426360e+08 
(RadGyra) Radius of Gyration/Moment of Inertia Constant []: 0.460560 
(RotAngMom) Rotational Angular Momentum [kg*m^2/sec]: 1.364116e+39 
(RotVel) Rotational Velocity [m/sec]: 119.904945 
(BodyType) Type of Body (0 == planet) []: 0.000000 
(RotRate) Rotational Frequency [/sec]: 8.406359e-07 
(RotPer) Rotational Period [sec]: 7.474324e+06 
(Density) Average Density [kg/m^3]: 3.093405e+04 
(HZLimitDryRunaway) Semi-major axis of Dry Runaway HZ Limit [m]: 8.741353e+09 
(HZLimRecVenus) Recent Venus HZ Limit [m]: 7.827999e+09 
(HZLimRunaway) Runaway Greenhouse HZ Limit [m]: 1.032594e+10 
(HZLimMoistGreenhouse) Moist Greenhouse HZ Limit [m]: 1.035773e+10 
(HZLimMaxGreenhouse) Maximum Greenhouse HZ Limit [m]: 1.966927e+10 
(HZLimEarlyMars) Early Mars HZ Limit [m]: 2.145150e+10 
(Instellation) Orbit-averaged INcident STELLar radiATION [kg/sec^3]: -1.000000 
(CriticalSemiMajorAxis) Holman & Wiegert (1999) P-type Critical Semi-major Axis [m]: -1.000000 
(LXUVTot) Total XUV Luminosity [LSUN]: 5.957181e-07 
(LostEnergy) Body's Total Lost Energy [kg*m^2/sec^2]: 2.833746e+40 
(LostAngMom) Lost Angular Momentum due to Magnetic Braking [kg*m^2/sec]: 1.402250e+42 
(EscapeVelocity) Escape Velocity [m/sec]: 5.932108e+05 
----- STELLAR PARAMETERS (star)------
(Luminosity) Luminosity [LSUN]: 0.004144 
(LXUVStellar) Base X-ray/XUV Luminosity [LSUN]: 2.477868e-07 
(Temperature) Effective Temperature [K]: 3231.330075 
(LXUVFrac) Fraction of luminosity in XUV []: 5.978774e-05 
(RossbyNumber) Rossby Number []: 1.440555 
(DRotPerDtStellar) Time Rate of Change of Rotation Period in STELLAR []: 1.523475e-11 
(WindTorque) Stellar Wind Torque []: 2.797159e+21 
----- FLARE PARAMETERS (star)------
(LXUVFlare) XUV Luminosity from flares [LSUN]: 3.479108e-07 
(FlareFreq1) First value of flare frequency range [/sec]: 5.594131e-07 
(FlareFreq2) Second value of flare frequency range [/sec]: 3.836161e-07 
(FlareFreq3) Third value of flare frequency range [/sec]: 2.630638e-07 
(FlareFreq4) Fourth value of flare frequency range [/sec]: 1.803953e-07 
(FlareFreqMin) Frequency of the flares with the lowest energy [/sec]: 5.594131e-07 
(FlareFreqMid) Frequency of the flares with the middle energy in the energy range [/sec]: 1.286396e-08 
(FlareFreqMax) Frequency of the flares with the highest energy [/sec]: 2.958127e-10 
(FlareEnergy1) First value of flare energy range [kg*m^2/sec^2]: 5.334000e+25 
(FlareEnergy2) Second value of flare energy range [kg*m^2/sec^2]: 7.534475e+25 
(FlareEnergy3) Third value of flare energy range [kg*m^2/sec^2]: 1.064273e+26 
(FlareEnergy4) Fourth value of flare energy range [kg*m^2/sec^2]: 1.503325e+26 
(FlareEnergyMin) Minimum flare energy [kg*m^2/sec^2]: 5.334000e+25 
(FlareEnergyMid) Middle flare energy in the range of energy values [kg*m^2/sec^2]: 1.686759e+27 
(FlareEnergyMax) Maximum flare energy [kg*m^2/sec^2]: 5.334000e+28 
(FlareYIntOUT) Instantaneous Davenport FFD y-intercept at current age and mass []: 34.429997 
(FlareSlopeOUT) Instantaneous Davenport FFD slope at current age and mass []: -1.092239 

Output Order: Time[year] Luminosity[LSUN] LXUVStellar[LSUN] LXUVFlare[LSUN] LXUVTot[LSUN]
Grid Output Order:

----- BODY: b ----
Active Modules: AtmEsc
Module Bit Sum: 9
Color: 000000
(Mass) Mass [kg]: 9.838812e+24 
(Radius) Radius [m]: 7.215642e+06 
(RadGyra) Radius of Gyration/Moment of Inertia Constant []: 0.500000 
(BodyType) Type of Body (0 == planet) []: 0.000000 
(Density) Average Density [kg/m^3]: 6252.145962 
(HZLimitDryRunaway) Semi-major axis of Dry Runaway HZ Limit [m]: 8.741410e+09 
(HZLimRecVenus) Recent Venus HZ Limit [m]: 7.827999e+09 
(HZLimRunaway) Runaway Greenhouse HZ Limit [m]: 1.032594e+10 
(HZLimMoistGreenhouse) Moist Greenhouse HZ Limit [m]: 1.035773e+10 
(HZLimMaxGreenhouse) Maximum Greenhouse HZ Limit [m]: 1.966927e+10 
(HZLimEarlyMars) Early Mars HZ Limit [m]: 2.145150e+10 
(Instellation) Orbit-averaged INcident STELLar radiATION [kg/sec^3]: 2.343572e+04 
(MeanMotion) Orbital Mean Motion [/sec]: 4.464490e-05 
(OrbPeriod) Orbital Period [sec]: 1.407369e+05 
(SemiMajorAxis) Semi-major Axis [m]: 2.326456e+09 
(LXUVTot) Total XUV Luminosity [kg/sec^3]: -1.000000 
(EscapeVelocity) Escape Velocity [m/sec]: 1.349121e+04 
----- ATMESC PARAMETERS (b)------
(SurfWaterMass) Surface water mass [kg]: 0.000000 
(EnvelopeMass) Envelope mass [kg]: 0.000000 
(OxygenMass) Oxygen mass in the atmosphere [kg]: 0.000000 
(RGLimit) Runaway greenhouse semi-major axis [m]: 9.898796e+09 
(XO) Atomic oxygen mixing ratio in upper atmosphere []: 0.000000 
(EtaO) Oxygen eta parameter (Luger and Barnes 2015) []: 0.000000 
(PlanetRadius) Planet radius [m]: 7.215642e+06 
(OxygenMantleMass) Mass of oxygen in mantle [kg]: 0.000000 
(RadXUV) XUV radius separating hydro. dyn. escape and equilibrium [m]: -1.000000 
(RadSolid) Radius to the solid surface [m]: -1.000000 
(PresXUV) Pressure at base of thermosphere [(null)]: 5.000000 
(ScaleHeight) Scale height in Lehmer & Catling (2016) model [m]: -1.000000 
(ThermTemp) Isothermal atmospheric temperature [K]: 400.000000 
(AtmGasConst) Atmospheric gas constant [(null)]: 4124.000000 
(PresSurf) Surface pressure due to atmosphere [Pa]: -1.000000 
(DEnvMassDt) Envelope Mass Loss Rate [kg/s]: 0.000000 
(FXUV) XUV flux [W/m^2]: 3.368629 
(AtmXAbsEffH2O) XUV atmospheric escape efficiency for H2O []: 0.300000 
(RocheRadius) Roche Lobe Radius [m]: 4.788849e+07 
(BondiRadius) Bondi Radius [m]: 6.239069e+08 
(HEscapeRegime) Integer flag for H envelope escape regime []: 8.000000 
(RRCriticalFlux) Critical XUV Flux that separates RR and energy-limited escape [W/m^2]: 60.574428 
(CrossoverMass) Crossover mass, defines oxygen is escaping if mc > mo [kg]: 0.000000 
(WaterEscapeRegime) What water escape regime the code is currently in []: 8.000000 
(FXUVCRITDRAG) Critical Drag XUV flux [W/m^2]: 0.499273 
(HREFFLUX) The Hydrogen Reference Flux (m^-2 s^-1) [m^-2 s^-1]: 2.155269e+18 
(XO2) Molecular oxygen mixing ratio in atmosphere []: 0.000000 
(XH2O) Water mixing ratio in upper atmosphere []: 0.000000 
(HDiffFlux) The Hydrogen Diffusion Flux (m^-2 s^-1) [m^-2 s^-1]: 2.442196e+17 
(HRefODragMod) Multiply by H ref flux to get flux with drag []: 1.000000 
(KTide) Mass loss enhancement due to stellar gravity []: 0.775697 
(CumulativeXUVFlux) Cumulative XUV flux [W/m^2]: 2.860654e+18 
(RunawayGreenhouseFlux) Incident flux that triggers runaway greenhouse [kg/sec^3]: 1294.487231 
(RGDuration) Runaway Greenhouse Duration [years]: 0.00000e+00

Output Order: Time[year] CumulativeXUVFlux[W/m^2]
Grid Output Order:
