-------- Log file gj1132.log -------

Executable: /home/vplanet/.local/bin/vplanet
Version: Unknown
System Name: gj1132
Primary Input File: vpl.in
Body File #1: star.in
Body File #2: b.in
Allow files to be overwitten: Yes
Mass Units: Grams
Length Units: Meters
Time Units: Seconds
Angle Units: Radians

------- FORMATTING -----
Verbosity Level: 5
Crossover Decade for Scientific Notation: 4
Number of Digits After Decimal: 6
Integration Method: Runge-Kutta4
Direction: Forward
Time Step: 3.155760e+07
Stop Time: 2.300944e+17
Output Interval: 3.155760e+13
Use Variable Timestep: Yes
dEta: 0.010000
Minimum Value of ecc and obl: 1.000000e-10


---- INITIAL SYSTEM PROPERTIES ----
(Age) System Age [sec]: 1.916773e+14 
(Time) Simulation Time [sec]: 0.000000 
(TotAngMom) Total Angular Momentum [kg*m^2/sec]: 1.362596e+42 
(TotEnergy) Total System Energy [kg*m^2/sec^2]: -1.237441e+40 
(PotEnergy) Body's non-orbital Potential Energy [kg*m^2/sec^2]: -1.242381e+40 
(KinEnergy) Body's non-orbital Kinetic Energy [kg*m^2/sec^2]: 4.945488e+37 
(DeltaTime) Average Timestep Over Last Output Interval [sec]: 0.000000 

----- BODY: star ----
Active Modules: FLARE STELLAR
Module Bit Sum: 577
Color: 000000
(Mass) Mass [kg]: 3.866063e+29 
(Radius) Radius [m]: 4.817689e+08 
(RadGyra) Radius of Gyration/Moment of Inertia Constant []: 0.456541 
(RotAngMom) Rotational Angular Momentum [kg*m^2/sec]: 1.360107e+42 
(RotVel) Rotational Velocity [m/sec]: 3.503522e+04 
(BodyType) Type of Body (0 == planet) []: 0.000000 
(RotRate) Rotational Frequency [/sec]: 7.272205e-05 
(RotPer) Rotational Period [sec]: 8.640000e+04 
(Density) Average Density [kg/m^3]: 825.399331 
(HZLimitDryRunaway) Semi-major axis of Dry Runaway HZ Limit [m]: 2.914655e+10 
(HZLimRecVenus) Recent Venus HZ Limit [m]: 2.611031e+10 
(HZLimRunaway) Runaway Greenhouse HZ Limit [m]: 3.443661e+10 
(HZLimMoistGreenhouse) Moist Greenhouse HZ Limit [m]: 3.454824e+10 
(HZLimMaxGreenhouse) Maximum Greenhouse HZ Limit [m]: 6.565237e+10 
(HZLimEarlyMars) Early Mars HZ Limit [m]: 7.160104e+10 
(Instellation) Orbit-averaged INcident STELLar radiATION [kg/sec^3]: -1.000000 
(CriticalSemiMajorAxis) Holman & Wiegert (1999) P-type Critical Semi-major Axis [m]: -1.000000 
(LXUVTot) Total XUV Luminosity [LSUN]: 6.066243e-05 
(LostEnergy) Body's Total Lost Energy [kg*m^2/sec^2]: 5.562685e-309 
(LostAngMom) Lost Angular Momentum due to Magnetic Braking [kg*m^2/sec]: 5.562685e-309 
(EscapeVelocity) Escape Velocity [m/sec]: 3.272897e+05 
----- STELLAR PARAMETERS (star)------
(Luminosity) Luminosity [LSUN]: 0.046077 
(LXUVStellar) Base X-ray/XUV Luminosity [LSUN]: 5.987491e-05 
(Temperature) Effective Temperature [K]: 3213.156503 
(LXUVFrac) Fraction of luminosity in XUV []: 0.001299 
(RossbyNumber) Rossby Number []: 0.016498 
(DRotPerDtStellar) Time Rate of Change of Rotation Period in STELLAR []: -1.246879e-10 
(WindTorque) Stellar Wind Torque []: 3.442253e+27 
----- FLARE PARAMETERS (star)------
(LXUVFlare) XUV Luminosity from flares [LSUN]: 7.875205e-07 
(FlareFreq1) First value of flare frequency range [/sec]: 3.293313e-05 
(FlareFreq2) Second value of flare frequency range [/sec]: 2.846241e-05 
(FlareFreq3) Third value of flare frequency range [/sec]: 2.459859e-05 
(FlareFreq4) Fourth value of flare frequency range [/sec]: 2.125930e-05 
(FlareFreqMin) Frequency of the flares with the lowest energy [/sec]: 3.293313e-05 
(FlareFreqMid) Frequency of the flares with the middle energy in the energy range [/sec]: 7.656303e-06 
(FlareFreqMax) Frequency of the flares with the highest energy [/sec]: 1.779939e-06 
(FlareEnergy1) First value of flare energy range [kg*m^2/sec^2]: 5.334000e+23 
(FlareEnergy2) Second value of flare energy range [kg*m^2/sec^2]: 6.715108e+23 
(FlareEnergy3) Third value of flare energy range [kg*m^2/sec^2]: 8.453820e+23 
(FlareEnergy4) Fourth value of flare energy range [kg*m^2/sec^2]: 1.064273e+24 
(FlareEnergyMin) Minimum flare energy [kg*m^2/sec^2]: 5.334000e+23 
(FlareEnergyMid) Middle flare energy in the range of energy values [kg*m^2/sec^2]: 5.334000e+24 
(FlareEnergyMax) Maximum flare energy [kg*m^2/sec^2]: 5.334000e+25 
(FlareYIntOUT) Instantaneous Davenport FFD y-intercept at current age and mass []: 19.923235 
(FlareSlopeOUT) Instantaneous Davenport FFD slope at current age and mass []: -0.633614 

Output Order: Time[year] Luminosity[LSUN] LXUVStellar[LSUN] LXUVFlare[LSUN] LXUVTot[LSUN]
Grid Output Order:

----- BODY: b ----
Active Modules: AtmEsc
Module Bit Sum: 9
Color: 000000
(Mass) Mass [kg]: 1.011437e+25 
(Radius) Radius [m]: 7.320489e+06 
(RadGyra) Radius of Gyration/Moment of Inertia Constant []: 0.500000 
(BodyType) Type of Body (0 == planet) []: 0.000000 
(Density) Average Density [kg/m^3]: 6155.026971 
(HZLimitDryRunaway) Semi-major axis of Dry Runaway HZ Limit [m]: 2.914758e+10 
(HZLimRecVenus) Recent Venus HZ Limit [m]: 2.611031e+10 
(HZLimRunaway) Runaway Greenhouse HZ Limit [m]: 3.443661e+10 
(HZLimMoistGreenhouse) Moist Greenhouse HZ Limit [m]: 3.454824e+10 
(HZLimMaxGreenhouse) Maximum Greenhouse HZ Limit [m]: 6.565237e+10 
(HZLimEarlyMars) Early Mars HZ Limit [m]: 7.160104e+10 
(Instellation) Orbit-averaged INcident STELLar radiATION [kg/sec^3]: 2.557768e+05 
(MeanMotion) Orbital Mean Motion [/sec]: 4.464418e-05 
(OrbPeriod) Orbital Period [sec]: 1.407392e+05 
(SemiMajorAxis) Semi-major Axis [m]: 2.348109e+09 
(LXUVTot) Total XUV Luminosity [kg/sec^3]: -1.000000 
(EscapeVelocity) Escape Velocity [m/sec]: 1.358053e+04 
----- ATMESC PARAMETERS (b)------
(SurfWaterMass) Surface water mass [kg]: 0.000000 
(EnvelopeMass) Envelope mass [kg]: 0.000000 
(OxygenMass) Oxygen mass in the atmosphere [kg]: 0.000000 
(RGLimit) Runaway greenhouse semi-major axis [m]: 3.299036e+10 
(XO) Atomic oxygen mixing ratio in upper atmosphere []: 0.000000 
(EtaO) Oxygen eta parameter (Luger and Barnes 2015) []: 0.000000 
(PlanetRadius) Planet radius [m]: 7.320489e+06 
(OxygenMantleMass) Mass of oxygen in mantle [kg]: 0.000000 
(RadXUV) XUV radius separating hydro. dyn. escape and equilibrium [m]: -1.000000 
(RadSolid) Radius to the solid surface [m]: -1.000000 
(PresXUV) Pressure at base of thermosphere [(null)]: 5.000000 
(ScaleHeight) Scale height in Lehmer & Catling (2016) model [m]: -1.000000 
(ThermTemp) Isothermal atmospheric temperature [K]: 400.000000 
(AtmGasConst) Atmospheric gas constant [(null)]: 4124.000000 
(PresSurf) Surface pressure due to atmosphere [Pa]: -1.000000 
(DEnvMassDt) Envelope Mass Loss Rate [kg/s]: 0.000000 
(FXUV) XUV flux [W/m^2]: 336.742539 
(AtmXAbsEffH2O) XUV atmospheric escape efficiency for H2O []: 0.300000 
(RocheRadius) Roche Lobe Radius [m]: 4.833197e+07 
(BondiRadius) Bondi Radius [m]: 3.493404e+08 
(HEscapeRegime) Integer flag for H envelope escape regime []: 8.000000 
(RRCriticalFlux) Critical XUV Flux that separates RR and energy-limited escape [W/m^2]: 61.121507 
(CrossoverMass) Crossover mass, defines oxygen is escaping if mc > mo [kg]: 0.000000 
(WaterEscapeRegime) What water escape regime the code is currently in []: 8.000000 
(FXUVCRITDRAG) Critical Drag XUV flux [W/m^2]: 0.505283 
(HREFFLUX) The Hydrogen Reference Flux (m^-2 s^-1) [m^-2 s^-1]: 2.129420e+20 
(XO2) Molecular oxygen mixing ratio in atmosphere []: 0.000000 
(XH2O) Water mixing ratio in upper atmosphere []: 0.000000 
(HDiffFlux) The Hydrogen Diffusion Flux (m^-2 s^-1) [m^-2 s^-1]: 2.439195e+17 
(HRefODragMod) Multiply by H ref flux to get flux with drag []: 1.000000 
(KTide) Mass loss enhancement due to stellar gravity []: 0.774543 
(CumulativeXUVFlux) Cumulative XUV flux [W/m^2]: 0.000000 
(RunawayGreenhouseFlux) Incident flux that triggers runaway greenhouse [kg/sec^3]: 1295.665582 
(RGDuration) Runaway Greenhouse Duration [years]: 0.00000e+00

Output Order: Time[year] CumulativeXUVFlux[W/m^2]
Grid Output Order:



---- FINAL SYSTEM PROPERTIES ----
(Age) System Age [sec]: 2.303097e+17 
(Time) Simulation Time [sec]: 2.301180e+17 
(TotAngMom) Total Angular Momentum [kg*m^2/sec]: 1.363574e+42 
(TotEnergy) Total System Energy [kg*m^2/sec^2]: -1.236839e+40 
(PotEnergy) Body's non-orbital Potential Energy [kg*m^2/sec^2]: -4.086149e+40 
(KinEnergy) Body's non-orbital Kinetic Energy [kg*m^2/sec^2]: 5.944944e+32 
(DeltaTime) Average Timestep Over Last Output Interval [sec]: 1.577880e+13 

----- BODY: star ----
Active Modules: FLARE STELLAR
Module Bit Sum: 577
Color: 000000
(Mass) Mass [kg]: 3.866063e+29 
(Radius) Radius [m]: 1.464803e+08 
(RadGyra) Radius of Gyration/Moment of Inertia Constant []: 0.460362 
(RotAngMom) Rotational Angular Momentum [kg*m^2/sec]: 1.445781e+39 
(RotVel) Rotational Velocity [m/sec]: 120.463255 
(BodyType) Type of Body (0 == planet) []: 0.000000 
(RotRate) Rotational Frequency [/sec]: 8.223851e-07 
(RotPer) Rotational Period [sec]: 7.640198e+06 
(Density) Average Density [kg/m^3]: 2.936583e+04 
(HZLimitDryRunaway) Semi-major axis of Dry Runaway HZ Limit [m]: 9.044557e+09 
(HZLimRecVenus) Recent Venus HZ Limit [m]: 8.097370e+09 
(HZLimRunaway) Runaway Greenhouse HZ Limit [m]: 1.068258e+10 
(HZLimMoistGreenhouse) Moist Greenhouse HZ Limit [m]: 1.071415e+10 
(HZLimMaxGreenhouse) Maximum Greenhouse HZ Limit [m]: 2.033553e+10 
(HZLimEarlyMars) Early Mars HZ Limit [m]: 2.217815e+10 
(Instellation) Orbit-averaged INcident STELLar radiATION [kg/sec^3]: -1.000000 
(CriticalSemiMajorAxis) Holman & Wiegert (1999) P-type Critical Semi-major Axis [m]: -1.000000 
(LXUVTot) Total XUV Luminosity [LSUN]: 6.244145e-07 
(LostEnergy) Body's Total Lost Energy [kg*m^2/sec^2]: 2.849315e+40 
(LostAngMom) Lost Angular Momentum due to Magnetic Braking [kg*m^2/sec]: 1.359638e+42 
(EscapeVelocity) Escape Velocity [m/sec]: 5.935564e+05 
----- STELLAR PARAMETERS (star)------
(Luminosity) Luminosity [LSUN]: 0.004437 
(LXUVStellar) Base X-ray/XUV Luminosity [LSUN]: 2.371945e-07 
(Temperature) Effective Temperature [K]: 3244.951126 
(LXUVFrac) Fraction of luminosity in XUV []: 5.345905e-05 
(RossbyNumber) Rossby Number []: 1.482834 
(DRotPerDtStellar) Time Rate of Change of Rotation Period in STELLAR []: 1.476926e-11 
(WindTorque) Stellar Wind Torque []: 2.835419e+21 
----- FLARE PARAMETERS (star)------
(LXUVFlare) XUV Luminosity from flares [LSUN]: 3.872160e-07 
(FlareFreq1) First value of flare frequency range [/sec]: 8.580137e-05 
(FlareFreq2) Second value of flare frequency range [/sec]: 6.674495e-05 
(FlareFreq3) Third value of flare frequency range [/sec]: 5.192094e-05 
(FlareFreq4) Fourth value of flare frequency range [/sec]: 4.038934e-05 
(FlareFreqMin) Frequency of the flares with the lowest energy [/sec]: 8.580137e-05 
(FlareFreqMid) Frequency of the flares with the middle energy in the energy range [/sec]: 6.962031e-06 
(FlareFreqMax) Frequency of the flares with the highest energy [/sec]: 5.649080e-07 
(FlareEnergy1) First value of flare energy range [kg*m^2/sec^2]: 5.334000e+23 
(FlareEnergy2) Second value of flare energy range [kg*m^2/sec^2]: 6.715108e+23 
(FlareEnergy3) Third value of flare energy range [kg*m^2/sec^2]: 8.453820e+23 
(FlareEnergy4) Fourth value of flare energy range [kg*m^2/sec^2]: 1.064273e+24 
(FlareEnergyMin) Minimum flare energy [kg*m^2/sec^2]: 5.334000e+23 
(FlareEnergyMid) Middle flare energy in the range of energy values [kg*m^2/sec^2]: 5.334000e+24 
(FlareEnergyMax) Maximum flare energy [kg*m^2/sec^2]: 5.334000e+25 
(FlareYIntOUT) Instantaneous Davenport FFD y-intercept at current age and mass []: 34.385795 
(FlareSlopeOUT) Instantaneous Davenport FFD slope at current age and mass []: -1.090758 

Output Order: Time[year] Luminosity[LSUN] LXUVStellar[LSUN] LXUVFlare[LSUN] LXUVTot[LSUN]
Grid Output Order:

----- BODY: b ----
Active Modules: AtmEsc
Module Bit Sum: 9
Color: 000000
(Mass) Mass [kg]: 1.011437e+25 
(Radius) Radius [m]: 7.320489e+06 
(RadGyra) Radius of Gyration/Moment of Inertia Constant []: 0.500000 
(BodyType) Type of Body (0 == planet) []: 0.000000 
(Density) Average Density [kg/m^3]: 6155.026971 
(HZLimitDryRunaway) Semi-major axis of Dry Runaway HZ Limit [m]: 9.044877e+09 
(HZLimRecVenus) Recent Venus HZ Limit [m]: 8.097370e+09 
(HZLimRunaway) Runaway Greenhouse HZ Limit [m]: 1.068258e+10 
(HZLimMoistGreenhouse) Moist Greenhouse HZ Limit [m]: 1.071415e+10 
(HZLimMaxGreenhouse) Maximum Greenhouse HZ Limit [m]: 2.033553e+10 
(HZLimEarlyMars) Early Mars HZ Limit [m]: 2.217815e+10 
(Instellation) Orbit-averaged INcident STELLar radiATION [kg/sec^3]: 2.462983e+04 
(MeanMotion) Orbital Mean Motion [/sec]: 4.464418e-05 
(OrbPeriod) Orbital Period [sec]: 1.407392e+05 
(SemiMajorAxis) Semi-major Axis [m]: 2.348109e+09 
(LXUVTot) Total XUV Luminosity [kg/sec^3]: -1.000000 
(EscapeVelocity) Escape Velocity [m/sec]: 1.358053e+04 
----- ATMESC PARAMETERS (b)------
(SurfWaterMass) Surface water mass [kg]: 0.000000 
(EnvelopeMass) Envelope mass [kg]: 0.000000 
(OxygenMass) Oxygen mass in the atmosphere [kg]: 0.000000 
(RGLimit) Runaway greenhouse semi-major axis [m]: 1.023407e+10 
(XO) Atomic oxygen mixing ratio in upper atmosphere []: 0.000000 
(EtaO) Oxygen eta parameter (Luger and Barnes 2015) []: 0.000000 
(PlanetRadius) Planet radius [m]: 7.320489e+06 
(OxygenMantleMass) Mass of oxygen in mantle [kg]: 0.000000 
(RadXUV) XUV radius separating hydro. dyn. escape and equilibrium [m]: -1.000000 
(RadSolid) Radius to the solid surface [m]: -1.000000 
(PresXUV) Pressure at base of thermosphere [(null)]: 5.000000 
(ScaleHeight) Scale height in Lehmer & Catling (2016) model [m]: -1.000000 
(ThermTemp) Isothermal atmospheric temperature [K]: 400.000000 
(AtmGasConst) Atmospheric gas constant [(null)]: 4124.000000 
(PresSurf) Surface pressure due to atmosphere [Pa]: -1.000000 
(DEnvMassDt) Envelope Mass Loss Rate [kg/s]: 0.000000 
(FXUV) XUV flux [W/m^2]: 3.466180 
(AtmXAbsEffH2O) XUV atmospheric escape efficiency for H2O []: 0.300000 
(RocheRadius) Roche Lobe Radius [m]: 4.833197e+07 
(BondiRadius) Bondi Radius [m]: 6.273390e+08 
(HEscapeRegime) Integer flag for H envelope escape regime []: 8.000000 
(RRCriticalFlux) Critical XUV Flux that separates RR and energy-limited escape [W/m^2]: 61.121507 
(CrossoverMass) Crossover mass, defines oxygen is escaping if mc > mo [kg]: 0.000000 
(WaterEscapeRegime) What water escape regime the code is currently in []: 8.000000 
(FXUVCRITDRAG) Critical Drag XUV flux [W/m^2]: 0.505283 
(HREFFLUX) The Hydrogen Reference Flux (m^-2 s^-1) [m^-2 s^-1]: 2.191868e+18 
(XO2) Molecular oxygen mixing ratio in atmosphere []: 0.000000 
(XH2O) Water mixing ratio in upper atmosphere []: 0.000000 
(HDiffFlux) The Hydrogen Diffusion Flux (m^-2 s^-1) [m^-2 s^-1]: 2.439195e+17 
(HRefODragMod) Multiply by H ref flux to get flux with drag []: 1.000000 
(KTide) Mass loss enhancement due to stellar gravity []: 0.774543 
(CumulativeXUVFlux) Cumulative XUV flux [W/m^2]: 2.691254e+18 
(RunawayGreenhouseFlux) Incident flux that triggers runaway greenhouse [kg/sec^3]: 1296.492884 
(RGDuration) Runaway Greenhouse Duration [years]: 0.00000e+00

Output Order: Time[year] CumulativeXUVFlux[W/m^2]
Grid Output Order:
