-------- Log file gj1132.log -------

Executable: /home/vplanet/.local/bin/vplanet
Version: Unknown
System Name: gj1132
Primary Input File: vpl.in
Body File #1: star.in
Body File #2: b.in
Allow files to be overwitten: Yes
Mass Units: Grams
Length Units: Meters
Time Units: Seconds
Angle Units: Radians

------- FORMATTING -----
Verbosity Level: 5
Crossover Decade for Scientific Notation: 4
Number of Digits After Decimal: 6
Integration Method: Runge-Kutta4
Direction: Forward
Time Step: 3.155760e+07
Stop Time: 2.191161e+17
Output Interval: 3.155760e+13
Use Variable Timestep: Yes
dEta: 0.010000
Minimum Value of ecc and obl: 1.000000e-10


---- INITIAL SYSTEM PROPERTIES ----
(Age) System Age [sec]: 1.280173e+14 
(Time) Simulation Time [sec]: 0.000000 
(TotAngMom) Total Angular Momentum [kg*m^2/sec]: 1.949710e+42 
(TotEnergy) Total System Energy [kg*m^2/sec^2]: -1.101008e+40 
(PotEnergy) Body's non-orbital Potential Energy [kg*m^2/sec^2]: -1.108083e+40 
(KinEnergy) Body's non-orbital Kinetic Energy [kg*m^2/sec^2]: 7.080290e+37 
(DeltaTime) Average Timestep Over Last Output Interval [sec]: 0.000000 

----- BODY: star ----
Active Modules: FLARE STELLAR
Module Bit Sum: 577
Color: 000000
(Mass) Mass [kg]: 3.974819e+29 
(Radius) Radius [m]: 5.709763e+08 
(RadGyra) Radius of Gyration/Moment of Inertia Constant []: 0.454567 
(RotAngMom) Rotational Angular Momentum [kg*m^2/sec]: 1.947220e+42 
(RotVel) Rotational Velocity [m/sec]: 4.152257e+04 
(BodyType) Type of Body (0 == planet) []: 0.000000 
(RotRate) Rotational Frequency [/sec]: 7.272205e-05 
(RotPer) Rotational Period [sec]: 8.640000e+04 
(Density) Average Density [kg/m^3]: 509.770220 
(HZLimitDryRunaway) Semi-major axis of Dry Runaway HZ Limit [m]: 3.432327e+10 
(HZLimRecVenus) Recent Venus HZ Limit [m]: 3.075204e+10 
(HZLimRunaway) Runaway Greenhouse HZ Limit [m]: 4.055591e+10 
(HZLimMoistGreenhouse) Moist Greenhouse HZ Limit [m]: 4.069000e+10 
(HZLimMaxGreenhouse) Maximum Greenhouse HZ Limit [m]: 7.734489e+10 
(HZLimEarlyMars) Early Mars HZ Limit [m]: 8.435296e+10 
(Instellation) Orbit-averaged INcident STELLar radiATION [kg/sec^3]: -1.000000 
(CriticalSemiMajorAxis) Holman & Wiegert (1999) P-type Critical Semi-major Axis [m]: -1.000000 
(LXUVTot) Total XUV Luminosity [LSUN]: 0.002987 
(LostEnergy) Body's Total Lost Energy [kg*m^2/sec^2]: 5.562685e-309 
(LostAngMom) Lost Angular Momentum due to Magnetic Braking [kg*m^2/sec]: 5.562685e-309 
(EscapeVelocity) Escape Velocity [m/sec]: 3.048364e+05 
----- STELLAR PARAMETERS (star)------
(Luminosity) Luminosity [LSUN]: 0.063898 
(LXUVStellar) Base X-ray/XUV Luminosity [LSUN]: 0.002973 
(Temperature) Effective Temperature [K]: 3205.934160 
(LXUVFrac) Fraction of luminosity in XUV []: 0.046529 
(RossbyNumber) Rossby Number []: 0.016437 
(DRotPerDtStellar) Time Rate of Change of Rotation Period in STELLAR []: -1.345050e-10 
(WindTorque) Stellar Wind Torque []: 8.361812e+27 
----- FLARE PARAMETERS (star)------
(LXUVFlare) XUV Luminosity from flares [LSUN]: 1.378112e-05 
(FlareFreq1) First value of flare frequency range [/sec]: 1.907203e-06 
(FlareFreq2) Second value of flare frequency range [/sec]: 1.547907e-06 
(FlareFreq3) Third value of flare frequency range [/sec]: 1.256300e-06 
(FlareFreq4) Fourth value of flare frequency range [/sec]: 1.019627e-06 
(FlareFreqMin) Frequency of the flares with the lowest energy [/sec]: 1.907203e-06 
(FlareFreqMid) Frequency of the flares with the middle energy in the energy range [/sec]: 2.365259e-07 
(FlareFreqMax) Frequency of the flares with the highest energy [/sec]: 2.933328e-08 
(FlareEnergy1) First value of flare energy range [kg*m^2/sec^2]: 5.334000e+25 
(FlareEnergy2) Second value of flare energy range [kg*m^2/sec^2]: 7.534475e+25 
(FlareEnergy3) Third value of flare energy range [kg*m^2/sec^2]: 1.064273e+26 
(FlareEnergy4) Fourth value of flare energy range [kg*m^2/sec^2]: 1.503325e+26 
(FlareEnergyMin) Minimum flare energy [kg*m^2/sec^2]: 5.334000e+25 
(FlareEnergyMid) Middle flare energy in the range of energy values [kg*m^2/sec^2]: 1.686759e+27 
(FlareEnergyMax) Maximum flare energy [kg*m^2/sec^2]: 5.334000e+28 
(FlareYIntOUT) Instantaneous Davenport FFD y-intercept at current age and mass []: 18.995354 
(FlareSlopeOUT) Instantaneous Davenport FFD slope at current age and mass []: -0.604345 

Output Order: Time[year] Luminosity[LSUN] LXUVStellar[LSUN] LXUVFlare[LSUN] LXUVTot[LSUN]
Grid Output Order:

----- BODY: b ----
Active Modules: AtmEsc
Module Bit Sum: 9
Color: 000000
(Mass) Mass [kg]: 9.931279e+24 
(Radius) Radius [m]: 7.210484e+06 
(RadGyra) Radius of Gyration/Moment of Inertia Constant []: 0.500000 
(BodyType) Type of Body (0 == planet) []: 0.000000 
(Density) Average Density [kg/m^3]: 6324.458478 
(HZLimitDryRunaway) Semi-major axis of Dry Runaway HZ Limit [m]: 3.432332e+10 
(HZLimRecVenus) Recent Venus HZ Limit [m]: 3.075204e+10 
(HZLimRunaway) Runaway Greenhouse HZ Limit [m]: 4.055591e+10 
(HZLimMoistGreenhouse) Moist Greenhouse HZ Limit [m]: 4.069000e+10 
(HZLimMaxGreenhouse) Maximum Greenhouse HZ Limit [m]: 7.734489e+10 
(HZLimEarlyMars) Early Mars HZ Limit [m]: 8.435296e+10 
(Instellation) Orbit-averaged INcident STELLar radiATION [kg/sec^3]: 3.481765e+05 
(MeanMotion) Orbital Mean Motion [/sec]: 4.464279e-05 
(OrbPeriod) Orbital Period [sec]: 1.407435e+05 
(SemiMajorAxis) Semi-major Axis [m]: 2.369972e+09 
(LXUVTot) Total XUV Luminosity [kg/sec^3]: -1.000000 
(EscapeVelocity) Escape Velocity [m/sec]: 1.355931e+04 
----- ATMESC PARAMETERS (b)------
(SurfWaterMass) Surface water mass [kg]: 0.000000 
(EnvelopeMass) Envelope mass [kg]: 0.000000 
(OxygenMass) Oxygen mass in the atmosphere [kg]: 0.000000 
(RGLimit) Runaway greenhouse semi-major axis [m]: 3.886960e+10 
(XO) Atomic oxygen mixing ratio in upper atmosphere []: 0.000000 
(EtaO) Oxygen eta parameter (Luger and Barnes 2015) []: 0.000000 
(PlanetRadius) Planet radius [m]: 7.210484e+06 
(OxygenMantleMass) Mass of oxygen in mantle [kg]: 0.000000 
(RadXUV) XUV radius separating hydro. dyn. escape and equilibrium [m]: -1.000000 
(RadSolid) Radius to the solid surface [m]: -1.000000 
(PresXUV) Pressure at base of thermosphere [(null)]: 5.000000 
(ScaleHeight) Scale height in Lehmer & Catling (2016) model [m]: -1.000000 
(ThermTemp) Isothermal atmospheric temperature [K]: 400.000000 
(AtmGasConst) Atmospheric gas constant [(null)]: 4124.000000 
(PresSurf) Surface pressure due to atmosphere [Pa]: -1.000000 
(DEnvMassDt) Envelope Mass Loss Rate [kg/s]: 0.000000 
(FXUV) XUV flux [W/m^2]: 1.627547e+04 
(AtmXAbsEffH2O) XUV atmospheric escape efficiency for H2O []: 0.300000 
(RocheRadius) Roche Lobe Radius [m]: 4.803954e+07 
(BondiRadius) Bondi Radius [m]: 3.143333e+08 
(HEscapeRegime) Integer flag for H envelope escape regime []: 8.000000 
(RRCriticalFlux) Critical XUV Flux that separates RR and energy-limited escape [W/m^2]: 61.986851 
(CrossoverMass) Crossover mass, defines oxygen is escaping if mc > mo [kg]: 0.000000 
(WaterEscapeRegime) What water escape regime the code is currently in []: 8.000000 
(FXUVCRITDRAG) Critical Drag XUV flux [W/m^2]: 0.509794 
(HREFFLUX) The Hydrogen Reference Flux (m^-2 s^-1) [m^-2 s^-1]: 1.029750e+22 
(XO2) Molecular oxygen mixing ratio in atmosphere []: 0.000000 
(XH2O) Water mixing ratio in upper atmosphere []: 0.000000 
(HDiffFlux) The Hydrogen Diffusion Flux (m^-2 s^-1) [m^-2 s^-1]: 2.468677e+17 
(HRefODragMod) Multiply by H ref flux to get flux with drag []: 1.000000 
(KTide) Mass loss enhancement due to stellar gravity []: 0.776549 
(CumulativeXUVFlux) Cumulative XUV flux [W/m^2]: 0.000000 
(RunawayGreenhouseFlux) Incident flux that triggers runaway greenhouse [kg/sec^3]: 1294.388258 
(RGDuration) Runaway Greenhouse Duration [years]: 0.00000e+00

Output Order: Time[year] CumulativeXUVFlux[W/m^2]
Grid Output Order:



---- FINAL SYSTEM PROPERTIES ----
(Age) System Age [sec]: 2.192442e+17 
(Time) Simulation Time [sec]: 2.191162e+17 
(TotAngMom) Total Angular Momentum [kg*m^2/sec]: 1.955588e+42 
(TotEnergy) Total System Energy [kg*m^2/sec^2]: -1.099902e+40 
(PotEnergy) Body's non-orbital Potential Energy [kg*m^2/sec^2]: -4.172062e+40 
(KinEnergy) Body's non-orbital Kinetic Energy [kg*m^2/sec^2]: 6.464075e+32 
(DeltaTime) Average Timestep Over Last Output Interval [sec]: 2.629800e+12 

----- BODY: star ----
Active Modules: FLARE STELLAR
Module Bit Sum: 577
Color: 000000
(Mass) Mass [kg]: 3.974819e+29 
(Radius) Radius [m]: 1.516490e+08 
(RadGyra) Radius of Gyration/Moment of Inertia Constant []: 0.460105 
(RotAngMom) Rotational Angular Momentum [kg*m^2/sec]: 1.581699e+39 
(RotVel) Rotational Velocity [m/sec]: 123.951624 
(BodyType) Type of Body (0 == planet) []: 0.000000 
(RotRate) Rotational Frequency [/sec]: 8.173586e-07 
(RotPer) Rotational Period [sec]: 7.687183e+06 
(Density) Average Density [kg/m^3]: 2.720883e+04 
(HZLimitDryRunaway) Semi-major axis of Dry Runaway HZ Limit [m]: 9.460439e+09 
(HZLimRecVenus) Recent Venus HZ Limit [m]: 8.466753e+09 
(HZLimRunaway) Runaway Greenhouse HZ Limit [m]: 1.117168e+10 
(HZLimMoistGreenhouse) Moist Greenhouse HZ Limit [m]: 1.120290e+10 
(HZLimMaxGreenhouse) Maximum Greenhouse HZ Limit [m]: 2.124882e+10 
(HZLimEarlyMars) Early Mars HZ Limit [m]: 2.317422e+10 
(Instellation) Orbit-averaged INcident STELLar radiATION [kg/sec^3]: -1.000000 
(CriticalSemiMajorAxis) Holman & Wiegert (1999) P-type Critical Semi-major Axis [m]: -1.000000 
(LXUVTot) Total XUV Luminosity [LSUN]: 3.949184e-06 
(LostEnergy) Body's Total Lost Energy [kg*m^2/sec^2]: 3.072165e+40 
(LostAngMom) Lost Angular Momentum due to Magnetic Braking [kg*m^2/sec]: 1.951516e+42 
(EscapeVelocity) Escape Velocity [m/sec]: 5.915018e+05 
----- STELLAR PARAMETERS (star)------
(Luminosity) Luminosity [LSUN]: 0.004854 
(LXUVStellar) Base X-ray/XUV Luminosity [LSUN]: 3.584336e-06 
(Temperature) Effective Temperature [K]: 3262.628593 
(LXUVFrac) Fraction of luminosity in XUV []: 0.000738 
(RossbyNumber) Rossby Number []: 1.505523 
(DRotPerDtStellar) Time Rate of Change of Rotation Period in STELLAR []: 2.966914e-11 
(WindTorque) Stellar Wind Torque []: 3.247829e+21 
----- FLARE PARAMETERS (star)------
(LXUVFlare) XUV Luminosity from flares [LSUN]: 3.648477e-07 
(FlareFreq1) First value of flare frequency range [/sec]: 5.675301e-07 
(FlareFreq2) Second value of flare frequency range [/sec]: 3.902460e-07 
(FlareFreq3) Third value of flare frequency range [/sec]: 2.683417e-07 
(FlareFreq4) Fourth value of flare frequency range [/sec]: 1.845176e-07 
(FlareFreqMin) Frequency of the flares with the lowest energy [/sec]: 5.675301e-07 
(FlareFreqMid) Frequency of the flares with the middle energy in the energy range [/sec]: 1.341174e-08 
(FlareFreqMax) Frequency of the flares with the highest energy [/sec]: 3.169431e-10 
(FlareEnergy1) First value of flare energy range [kg*m^2/sec^2]: 5.334000e+25 
(FlareEnergy2) Second value of flare energy range [kg*m^2/sec^2]: 7.534475e+25 
(FlareEnergy3) Third value of flare energy range [kg*m^2/sec^2]: 1.064273e+26 
(FlareEnergy4) Fourth value of flare energy range [kg*m^2/sec^2]: 1.503325e+26 
(FlareEnergyMin) Minimum flare energy [kg*m^2/sec^2]: 5.334000e+25 
(FlareEnergyMid) Middle flare energy in the range of energy values [kg*m^2/sec^2]: 1.686759e+27 
(FlareEnergyMax) Maximum flare energy [kg*m^2/sec^2]: 5.334000e+28 
(FlareYIntOUT) Instantaneous Davenport FFD y-intercept at current age and mass []: 34.177620 
(FlareSlopeOUT) Instantaneous Davenport FFD slope at current age and mass []: -1.084336 

Output Order: Time[year] Luminosity[LSUN] LXUVStellar[LSUN] LXUVFlare[LSUN] LXUVTot[LSUN]
Grid Output Order:

----- BODY: b ----
Active Modules: AtmEsc
Module Bit Sum: 9
Color: 000000
(Mass) Mass [kg]: 9.931279e+24 
(Radius) Radius [m]: 7.210484e+06 
(RadGyra) Radius of Gyration/Moment of Inertia Constant []: 0.500000 
(BodyType) Type of Body (0 == planet) []: 0.000000 
(Density) Average Density [kg/m^3]: 6324.458478 
(HZLimitDryRunaway) Semi-major axis of Dry Runaway HZ Limit [m]: 9.460454e+09 
(HZLimRecVenus) Recent Venus HZ Limit [m]: 8.466753e+09 
(HZLimRunaway) Runaway Greenhouse HZ Limit [m]: 1.117168e+10 
(HZLimMoistGreenhouse) Moist Greenhouse HZ Limit [m]: 1.120290e+10 
(HZLimMaxGreenhouse) Maximum Greenhouse HZ Limit [m]: 2.124882e+10 
(HZLimEarlyMars) Early Mars HZ Limit [m]: 2.317422e+10 
(Instellation) Orbit-averaged INcident STELLar radiATION [kg/sec^3]: 2.645116e+04 
(MeanMotion) Orbital Mean Motion [/sec]: 4.464279e-05 
(OrbPeriod) Orbital Period [sec]: 1.407435e+05 
(SemiMajorAxis) Semi-major Axis [m]: 2.369972e+09 
(LXUVTot) Total XUV Luminosity [kg/sec^3]: -1.000000 
(EscapeVelocity) Escape Velocity [m/sec]: 1.355931e+04 
----- ATMESC PARAMETERS (b)------
(SurfWaterMass) Surface water mass [kg]: 0.000000 
(EnvelopeMass) Envelope mass [kg]: 0.000000 
(OxygenMass) Oxygen mass in the atmosphere [kg]: 0.000000 
(RGLimit) Runaway greenhouse semi-major axis [m]: 1.070742e+10 
(XO) Atomic oxygen mixing ratio in upper atmosphere []: 0.000000 
(EtaO) Oxygen eta parameter (Luger and Barnes 2015) []: 0.000000 
(PlanetRadius) Planet radius [m]: 7.210484e+06 
(OxygenMantleMass) Mass of oxygen in mantle [kg]: 0.000000 
(RadXUV) XUV radius separating hydro. dyn. escape and equilibrium [m]: -1.000000 
(RadSolid) Radius to the solid surface [m]: -1.000000 
(PresXUV) Pressure at base of thermosphere [(null)]: 5.000000 
(ScaleHeight) Scale height in Lehmer & Catling (2016) model [m]: -1.000000 
(ThermTemp) Isothermal atmospheric temperature [K]: 400.000000 
(AtmGasConst) Atmospheric gas constant [(null)]: 4124.000000 
(PresSurf) Surface pressure due to atmosphere [Pa]: -1.000000 
(DEnvMassDt) Envelope Mass Loss Rate [kg/s]: 0.000000 
(FXUV) XUV flux [W/m^2]: 21.518943 
(AtmXAbsEffH2O) XUV atmospheric escape efficiency for H2O []: 0.300000 
(RocheRadius) Roche Lobe Radius [m]: 4.803954e+07 
(BondiRadius) Bondi Radius [m]: 5.993308e+08 
(HEscapeRegime) Integer flag for H envelope escape regime []: 8.000000 
(RRCriticalFlux) Critical XUV Flux that separates RR and energy-limited escape [W/m^2]: 61.986851 
(CrossoverMass) Crossover mass, defines oxygen is escaping if mc > mo [kg]: 0.000000 
(WaterEscapeRegime) What water escape regime the code is currently in []: 8.000000 
(FXUVCRITDRAG) Critical Drag XUV flux [W/m^2]: 0.509794 
(HREFFLUX) The Hydrogen Reference Flux (m^-2 s^-1) [m^-2 s^-1]: 1.361505e+19 
(XO2) Molecular oxygen mixing ratio in atmosphere []: 0.000000 
(XH2O) Water mixing ratio in upper atmosphere []: 0.000000 
(HDiffFlux) The Hydrogen Diffusion Flux (m^-2 s^-1) [m^-2 s^-1]: 2.468677e+17 
(HRefODragMod) Multiply by H ref flux to get flux with drag []: 1.000000 
(KTide) Mass loss enhancement due to stellar gravity []: 0.776549 
(CumulativeXUVFlux) Cumulative XUV flux [W/m^2]: 2.963013e+19 
(RunawayGreenhouseFlux) Incident flux that triggers runaway greenhouse [kg/sec^3]: 1295.866934 
(RGDuration) Runaway Greenhouse Duration [years]: 0.00000e+00

Output Order: Time[year] CumulativeXUVFlux[W/m^2]
Grid Output Order:
