-------- Log file gj1132.log -------

Executable: /home/vplanet/.local/bin/vplanet
Version: Unknown
System Name: gj1132
Primary Input File: vpl.in
Body File #1: star.in
Body File #2: b.in
Allow files to be overwitten: Yes
Mass Units: Grams
Length Units: Meters
Time Units: Seconds
Angle Units: Radians

------- FORMATTING -----
Verbosity Level: 5
Crossover Decade for Scientific Notation: 4
Number of Digits After Decimal: 6
Integration Method: Runge-Kutta4
Direction: Forward
Time Step: 3.155760e+07
Stop Time: 2.772185e+17
Output Interval: 3.155760e+13
Use Variable Timestep: Yes
dEta: 0.010000
Minimum Value of ecc and obl: 1.000000e-10


---- INITIAL SYSTEM PROPERTIES ----
(Age) System Age [sec]: 1.138983e+14 
(Time) Simulation Time [sec]: 0.000000 
(TotAngMom) Total Angular Momentum [kg*m^2/sec]: 1.990702e+42 
(TotEnergy) Total System Energy [kg*m^2/sec^2]: -1.008515e+40 
(PotEnergy) Body's non-orbital Potential Energy [kg*m^2/sec^2]: -1.015740e+40 
(KinEnergy) Body's non-orbital Kinetic Energy [kg*m^2/sec^2]: 7.229673e+37 
(DeltaTime) Average Timestep Over Last Output Interval [sec]: 0.000000 

----- BODY: star ----
Active Modules: FLARE STELLAR
Module Bit Sum: 577
Color: 000000
(Mass) Mass [kg]: 3.856926e+29 
(Radius) Radius [m]: 5.864836e+08 
(RadGyra) Radius of Gyration/Moment of Inertia Constant []: 0.453975 
(RotAngMom) Rotational Angular Momentum [kg*m^2/sec]: 1.988303e+42 
(RotVel) Rotational Velocity [m/sec]: 4.265029e+04 
(BodyType) Type of Body (0 == planet) []: 0.000000 
(RotRate) Rotational Frequency [/sec]: 7.272205e-05 
(RotPer) Rotational Period [sec]: 8.640000e+04 
(Density) Average Density [kg/m^3]: 456.441413 
(HZLimitDryRunaway) Semi-major axis of Dry Runaway HZ Limit [m]: 3.471663e+10 
(HZLimRecVenus) Recent Venus HZ Limit [m]: 3.112037e+10 
(HZLimRunaway) Runaway Greenhouse HZ Limit [m]: 4.103190e+10 
(HZLimMoistGreenhouse) Moist Greenhouse HZ Limit [m]: 4.117737e+10 
(HZLimMaxGreenhouse) Maximum Greenhouse HZ Limit [m]: 7.835102e+10 
(HZLimEarlyMars) Early Mars HZ Limit [m]: 8.545013e+10 
(Instellation) Orbit-averaged INcident STELLar radiATION [kg/sec^3]: -1.000000 
(CriticalSemiMajorAxis) Holman & Wiegert (1999) P-type Critical Semi-major Axis [m]: -1.000000 
(LXUVTot) Total XUV Luminosity [LSUN]: 7.018041e-05 
(LostEnergy) Body's Total Lost Energy [kg*m^2/sec^2]: 5.562685e-309 
(LostAngMom) Lost Angular Momentum due to Magnetic Braking [kg*m^2/sec]: 5.562685e-309 
(EscapeVelocity) Escape Velocity [m/sec]: 2.962852e+05 
----- STELLAR PARAMETERS (star)------
(Luminosity) Luminosity [LSUN]: 0.065371 
(LXUVStellar) Base X-ray/XUV Luminosity [LSUN]: 6.933493e-05 
(Temperature) Effective Temperature [K]: 3179.147184 
(LXUVFrac) Fraction of luminosity in XUV []: 0.001061 
(RossbyNumber) Rossby Number []: 0.016213 
(DRotPerDtStellar) Time Rate of Change of Rotation Period in STELLAR []: -1.886733e-10 
(WindTorque) Stellar Wind Torque []: 9.842059e+27 
----- FLARE PARAMETERS (star)------
(LXUVFlare) XUV Luminosity from flares [LSUN]: 8.454892e-07 
(FlareFreq1) First value of flare frequency range [/sec]: 3.109701e-05 
(FlareFreq2) Second value of flare frequency range [/sec]: 2.707403e-05 
(FlareFreq3) Third value of flare frequency range [/sec]: 2.357149e-05 
(FlareFreq4) Fourth value of flare frequency range [/sec]: 2.052207e-05 
(FlareFreqMin) Frequency of the flares with the lowest energy [/sec]: 3.109701e-05 
(FlareFreqMid) Frequency of the flares with the middle energy in the energy range [/sec]: 7.781451e-06 
(FlareFreqMax) Frequency of the flares with the highest energy [/sec]: 1.947164e-06 
(FlareEnergy1) First value of flare energy range [kg*m^2/sec^2]: 5.334000e+23 
(FlareEnergy2) Second value of flare energy range [kg*m^2/sec^2]: 6.715108e+23 
(FlareEnergy3) Third value of flare energy range [kg*m^2/sec^2]: 8.453820e+23 
(FlareEnergy4) Fourth value of flare energy range [kg*m^2/sec^2]: 1.064273e+24 
(FlareEnergyMin) Minimum flare energy [kg*m^2/sec^2]: 5.334000e+23 
(FlareEnergyMid) Middle flare energy in the range of energy values [kg*m^2/sec^2]: 5.334000e+24 
(FlareEnergyMax) Maximum flare energy [kg*m^2/sec^2]: 5.334000e+25 
(FlareYIntOUT) Instantaneous Davenport FFD y-intercept at current age and mass []: 18.916412 
(FlareSlopeOUT) Instantaneous Davenport FFD slope at current age and mass []: -0.601658 

Output Order: Time[year] Luminosity[LSUN] LXUVStellar[LSUN] LXUVFlare[LSUN] LXUVTot[LSUN]
Grid Output Order:

----- BODY: b ----
Active Modules: AtmEsc
Module Bit Sum: 9
Color: 000000
(Mass) Mass [kg]: 9.762886e+24 
(Radius) Radius [m]: 7.218492e+06 
(RadGyra) Radius of Gyration/Moment of Inertia Constant []: 0.500000 
(BodyType) Type of Body (0 == planet) []: 0.000000 
(Density) Average Density [kg/m^3]: 6196.553253 
(HZLimitDryRunaway) Semi-major axis of Dry Runaway HZ Limit [m]: 3.471748e+10 
(HZLimRecVenus) Recent Venus HZ Limit [m]: 3.112037e+10 
(HZLimRunaway) Runaway Greenhouse HZ Limit [m]: 4.103190e+10 
(HZLimMoistGreenhouse) Moist Greenhouse HZ Limit [m]: 4.117737e+10 
(HZLimMaxGreenhouse) Maximum Greenhouse HZ Limit [m]: 7.835102e+10 
(HZLimEarlyMars) Early Mars HZ Limit [m]: 8.545013e+10 
(Instellation) Orbit-averaged INcident STELLar radiATION [kg/sec^3]: 3.634424e+05 
(MeanMotion) Orbital Mean Motion [/sec]: 4.464365e-05 
(OrbPeriod) Orbital Period [sec]: 1.407408e+05 
(SemiMajorAxis) Semi-major Axis [m]: 2.346276e+09 
(LXUVTot) Total XUV Luminosity [kg/sec^3]: -1.000000 
(EscapeVelocity) Escape Velocity [m/sec]: 1.343640e+04 
----- ATMESC PARAMETERS (b)------
(SurfWaterMass) Surface water mass [kg]: 0.000000 
(EnvelopeMass) Envelope mass [kg]: 0.000000 
(OxygenMass) Oxygen mass in the atmosphere [kg]: 0.000000 
(RGLimit) Runaway greenhouse semi-major axis [m]: 3.934059e+10 
(XO) Atomic oxygen mixing ratio in upper atmosphere []: 0.000000 
(EtaO) Oxygen eta parameter (Luger and Barnes 2015) []: 0.000000 
(PlanetRadius) Planet radius [m]: 7.218492e+06 
(OxygenMantleMass) Mass of oxygen in mantle [kg]: 0.000000 
(RadXUV) XUV radius separating hydro. dyn. escape and equilibrium [m]: -1.000000 
(RadSolid) Radius to the solid surface [m]: -1.000000 
(PresXUV) Pressure at base of thermosphere [(null)]: 5.000000 
(ScaleHeight) Scale height in Lehmer & Catling (2016) model [m]: -1.000000 
(ThermTemp) Isothermal atmospheric temperature [K]: 400.000000 
(AtmGasConst) Atmospheric gas constant [(null)]: 4124.000000 
(PresSurf) Surface pressure due to atmosphere [Pa]: -1.000000 
(DEnvMassDt) Envelope Mass Loss Rate [kg/s]: 0.000000 
(FXUV) XUV flux [W/m^2]: 390.182460 
(AtmXAbsEffH2O) XUV atmospheric escape efficiency for H2O []: 0.300000 
(RocheRadius) Roche Lobe Radius [m]: 4.776587e+07 
(BondiRadius) Bondi Radius [m]: 3.090086e+08 
(HEscapeRegime) Integer flag for H envelope escape regime []: 8.000000 
(RRCriticalFlux) Critical XUV Flux that separates RR and energy-limited escape [W/m^2]: 59.472033 
(CrossoverMass) Crossover mass, defines oxygen is escaping if mc > mo [kg]: 0.000000 
(WaterEscapeRegime) What water escape regime the code is currently in []: 8.000000 
(FXUVCRITDRAG) Critical Drag XUV flux [W/m^2]: 0.491015 
(HREFFLUX) The Hydrogen Reference Flux (m^-2 s^-1) [m^-2 s^-1]: 2.518944e+20 
(XO2) Molecular oxygen mixing ratio in atmosphere []: 0.000000 
(XH2O) Water mixing ratio in upper atmosphere []: 0.000000 
(HDiffFlux) The Hydrogen Diffusion Flux (m^-2 s^-1) [m^-2 s^-1]: 2.421437e+17 
(HRefODragMod) Multiply by H ref flux to get flux with drag []: 1.000000 
(KTide) Mass loss enhancement due to stellar gravity []: 0.775042 
(CumulativeXUVFlux) Cumulative XUV flux [W/m^2]: 0.000000 
(RunawayGreenhouseFlux) Incident flux that triggers runaway greenhouse [kg/sec^3]: 1292.679860 
(RGDuration) Runaway Greenhouse Duration [years]: 0.00000e+00

Output Order: Time[year] CumulativeXUVFlux[W/m^2]
Grid Output Order:



---- FINAL SYSTEM PROPERTIES ----
(Age) System Age [sec]: 2.773474e+17 
(Time) Simulation Time [sec]: 2.772335e+17 
(TotAngMom) Total Angular Momentum [kg*m^2/sec]: 1.998026e+42 
(TotEnergy) Total System Energy [kg*m^2/sec^2]: -1.005681e+40 
(PotEnergy) Body's non-orbital Potential Energy [kg*m^2/sec^2]: -4.079509e+40 
(KinEnergy) Body's non-orbital Kinetic Energy [kg*m^2/sec^2]: 5.106001e+32 
(DeltaTime) Average Timestep Over Last Output Interval [sec]: 1.577880e+13 

----- BODY: star ----
Active Modules: FLARE STELLAR
Module Bit Sum: 577
Color: 000000
(Mass) Mass [kg]: 3.856926e+29 
(Radius) Radius [m]: 1.460261e+08 
(RadGyra) Radius of Gyration/Moment of Inertia Constant []: 0.460381 
(RotAngMom) Rotational Angular Momentum [kg*m^2/sec]: 1.334210e+39 
(RotVel) Rotational Velocity [m/sec]: 111.767927 
(BodyType) Type of Body (0 == planet) []: 0.000000 
(RotRate) Rotational Frequency [/sec]: 7.653972e-07 
(RotPer) Rotational Period [sec]: 8.209052e+06 
(Density) Average Density [kg/m^3]: 2.957070e+04 
(HZLimitDryRunaway) Semi-major axis of Dry Runaway HZ Limit [m]: 9.036247e+09 
(HZLimRecVenus) Recent Venus HZ Limit [m]: 8.089964e+09 
(HZLimRunaway) Runaway Greenhouse HZ Limit [m]: 1.067279e+10 
(HZLimMoistGreenhouse) Moist Greenhouse HZ Limit [m]: 1.070435e+10 
(HZLimMaxGreenhouse) Maximum Greenhouse HZ Limit [m]: 2.031710e+10 
(HZLimEarlyMars) Early Mars HZ Limit [m]: 2.215805e+10 
(Instellation) Orbit-averaged INcident STELLar radiATION [kg/sec^3]: -1.000000 
(CriticalSemiMajorAxis) Holman & Wiegert (1999) P-type Critical Semi-major Axis [m]: -1.000000 
(LXUVTot) Total XUV Luminosity [LSUN]: 6.060099e-07 
(LostEnergy) Body's Total Lost Energy [kg*m^2/sec^2]: 3.073834e+40 
(LostAngMom) Lost Angular Momentum due to Magnetic Braking [kg*m^2/sec]: 1.994292e+42 
(EscapeVelocity) Escape Velocity [m/sec]: 5.937761e+05 
----- STELLAR PARAMETERS (star)------
(Luminosity) Luminosity [LSUN]: 0.004429 
(LXUVStellar) Base X-ray/XUV Luminosity [LSUN]: 2.313445e-07 
(Temperature) Effective Temperature [K]: 3244.731010 
(LXUVFrac) Fraction of luminosity in XUV []: 5.223654e-05 
(RossbyNumber) Rossby Number []: 1.593059 
(DRotPerDtStellar) Time Rate of Change of Rotation Period in STELLAR []: 1.151182e-11 
(WindTorque) Stellar Wind Torque []: 1.950589e+21 
----- FLARE PARAMETERS (star)------
(LXUVFlare) XUV Luminosity from flares [LSUN]: 3.746620e-07 
(FlareFreq1) First value of flare frequency range [/sec]: 8.528128e-05 
(FlareFreq2) Second value of flare frequency range [/sec]: 6.621530e-05 
(FlareFreq3) Third value of flare frequency range [/sec]: 5.141182e-05 
(FlareFreq4) Fourth value of flare frequency range [/sec]: 3.991789e-05 
(FlareFreqMin) Frequency of the flares with the lowest energy [/sec]: 8.528128e-05 
(FlareFreqMid) Frequency of the flares with the middle energy in the energy range [/sec]: 6.790473e-06 
(FlareFreqMax) Frequency of the flares with the highest energy [/sec]: 5.406875e-07 
(FlareEnergy1) First value of flare energy range [kg*m^2/sec^2]: 5.334000e+23 
(FlareEnergy2) Second value of flare energy range [kg*m^2/sec^2]: 6.715108e+23 
(FlareEnergy3) Third value of flare energy range [kg*m^2/sec^2]: 8.453820e+23 
(FlareEnergy4) Fourth value of flare energy range [kg*m^2/sec^2]: 1.064273e+24 
(FlareEnergyMin) Minimum flare energy [kg*m^2/sec^2]: 5.334000e+23 
(FlareEnergyMid) Middle flare energy in the range of energy values [kg*m^2/sec^2]: 5.334000e+24 
(FlareEnergyMax) Maximum flare energy [kg*m^2/sec^2]: 5.334000e+25 
(FlareYIntOUT) Instantaneous Davenport FFD y-intercept at current age and mass []: 34.634976 
(FlareSlopeOUT) Instantaneous Davenport FFD slope at current age and mass []: -1.098954 

Output Order: Time[year] Luminosity[LSUN] LXUVStellar[LSUN] LXUVFlare[LSUN] LXUVTot[LSUN]
Grid Output Order:

----- BODY: b ----
Active Modules: AtmEsc
Module Bit Sum: 9
Color: 000000
(Mass) Mass [kg]: 9.762886e+24 
(Radius) Radius [m]: 7.218492e+06 
(RadGyra) Radius of Gyration/Moment of Inertia Constant []: 0.500000 
(BodyType) Type of Body (0 == planet) []: 0.000000 
(Density) Average Density [kg/m^3]: 6196.553253 
(HZLimitDryRunaway) Semi-major axis of Dry Runaway HZ Limit [m]: 9.036467e+09 
(HZLimRecVenus) Recent Venus HZ Limit [m]: 8.089964e+09 
(HZLimRunaway) Runaway Greenhouse HZ Limit [m]: 1.067279e+10 
(HZLimMoistGreenhouse) Moist Greenhouse HZ Limit [m]: 1.070435e+10 
(HZLimMaxGreenhouse) Maximum Greenhouse HZ Limit [m]: 2.031710e+10 
(HZLimEarlyMars) Early Mars HZ Limit [m]: 2.215805e+10 
(Instellation) Orbit-averaged INcident STELLar radiATION [kg/sec^3]: 2.462275e+04 
(MeanMotion) Orbital Mean Motion [/sec]: 4.464365e-05 
(OrbPeriod) Orbital Period [sec]: 1.407408e+05 
(SemiMajorAxis) Semi-major Axis [m]: 2.346276e+09 
(LXUVTot) Total XUV Luminosity [kg/sec^3]: -1.000000 
(EscapeVelocity) Escape Velocity [m/sec]: 1.343640e+04 
----- ATMESC PARAMETERS (b)------
(SurfWaterMass) Surface water mass [kg]: 0.000000 
(EnvelopeMass) Envelope mass [kg]: 0.000000 
(OxygenMass) Oxygen mass in the atmosphere [kg]: 0.000000 
(RGLimit) Runaway greenhouse semi-major axis [m]: 1.023309e+10 
(XO) Atomic oxygen mixing ratio in upper atmosphere []: 0.000000 
(EtaO) Oxygen eta parameter (Luger and Barnes 2015) []: 0.000000 
(PlanetRadius) Planet radius [m]: 7.218492e+06 
(OxygenMantleMass) Mass of oxygen in mantle [kg]: 0.000000 
(RadXUV) XUV radius separating hydro. dyn. escape and equilibrium [m]: -1.000000 
(RadSolid) Radius to the solid surface [m]: -1.000000 
(PresXUV) Pressure at base of thermosphere [(null)]: 5.000000 
(ScaleHeight) Scale height in Lehmer & Catling (2016) model [m]: -1.000000 
(ThermTemp) Isothermal atmospheric temperature [K]: 400.000000 
(AtmGasConst) Atmospheric gas constant [(null)]: 4124.000000 
(PresSurf) Surface pressure due to atmosphere [Pa]: -1.000000 
(DEnvMassDt) Envelope Mass Loss Rate [kg/s]: 0.000000 
(FXUV) XUV flux [W/m^2]: 3.369237 
(AtmXAbsEffH2O) XUV atmospheric escape efficiency for H2O []: 0.300000 
(RocheRadius) Roche Lobe Radius [m]: 4.776587e+07 
(BondiRadius) Bondi Radius [m]: 6.067576e+08 
(HEscapeRegime) Integer flag for H envelope escape regime []: 8.000000 
(RRCriticalFlux) Critical XUV Flux that separates RR and energy-limited escape [W/m^2]: 59.472033 
(CrossoverMass) Crossover mass, defines oxygen is escaping if mc > mo [kg]: 0.000000 
(WaterEscapeRegime) What water escape regime the code is currently in []: 8.000000 
(FXUVCRITDRAG) Critical Drag XUV flux [W/m^2]: 0.491015 
(HREFFLUX) The Hydrogen Reference Flux (m^-2 s^-1) [m^-2 s^-1]: 2.175115e+18 
(XO2) Molecular oxygen mixing ratio in atmosphere []: 0.000000 
(XH2O) Water mixing ratio in upper atmosphere []: 0.000000 
(HDiffFlux) The Hydrogen Diffusion Flux (m^-2 s^-1) [m^-2 s^-1]: 2.421437e+17 
(HRefODragMod) Multiply by H ref flux to get flux with drag []: 1.000000 
(KTide) Mass loss enhancement due to stellar gravity []: 0.775042 
(CumulativeXUVFlux) Cumulative XUV flux [W/m^2]: 3.255624e+18 
(RunawayGreenhouseFlux) Incident flux that triggers runaway greenhouse [kg/sec^3]: 1294.374376 
(RGDuration) Runaway Greenhouse Duration [years]: 0.00000e+00

Output Order: Time[year] CumulativeXUVFlux[W/m^2]
Grid Output Order:
