-------- Log file gj1132.log -------

Executable: /home/vplanet/.local/bin/vplanet
Version: Unknown
System Name: gj1132
Primary Input File: vpl.in
Body File #1: star.in
Body File #2: b.in
Allow files to be overwitten: Yes
Mass Units: Grams
Length Units: Meters
Time Units: Seconds
Angle Units: Radians

------- FORMATTING -----
Verbosity Level: 5
Crossover Decade for Scientific Notation: 4
Number of Digits After Decimal: 6
Integration Method: Runge-Kutta4
Direction: Forward
Time Step: 3.155760e+07
Stop Time: 2.190546e+17
Output Interval: 3.155760e+13
Use Variable Timestep: Yes
dEta: 0.010000
Minimum Value of ecc and obl: 1.000000e-10


---- INITIAL SYSTEM PROPERTIES ----
(Age) System Age [sec]: 1.303057e+14 
(Time) Simulation Time [sec]: 0.000000 
(TotAngMom) Total Angular Momentum [kg*m^2/sec]: 1.847960e+42 
(TotEnergy) Total System Energy [kg*m^2/sec^2]: -1.082765e+40 
(PotEnergy) Body's non-orbital Potential Energy [kg*m^2/sec^2]: -1.089470e+40 
(KinEnergy) Body's non-orbital Kinetic Energy [kg*m^2/sec^2]: 6.710340e+37 
(DeltaTime) Average Timestep Over Last Output Interval [sec]: 0.000000 

----- BODY: star ----
Active Modules: FLARE STELLAR
Module Bit Sum: 577
Color: 000000
(Mass) Mass [kg]: 3.905322e+29 
(Radius) Radius [m]: 5.606014e+08 
(RadGyra) Radius of Gyration/Moment of Inertia Constant []: 0.454714 
(RotAngMom) Rotational Angular Momentum [kg*m^2/sec]: 1.845476e+42 
(RotVel) Rotational Velocity [m/sec]: 4.076809e+04 
(BodyType) Type of Body (0 == planet) []: 0.000000 
(RotRate) Rotational Frequency [/sec]: 7.272205e-05 
(RotPer) Rotational Period [sec]: 8.640000e+04 
(Density) Average Density [kg/m^3]: 529.182613 
(HZLimitDryRunaway) Semi-major axis of Dry Runaway HZ Limit [m]: 3.348766e+10 
(HZLimRecVenus) Recent Venus HZ Limit [m]: 3.000994e+10 
(HZLimRunaway) Runaway Greenhouse HZ Limit [m]: 3.957320e+10 
(HZLimMoistGreenhouse) Moist Greenhouse HZ Limit [m]: 3.970809e+10 
(HZLimMaxGreenhouse) Maximum Greenhouse HZ Limit [m]: 7.551126e+10 
(HZLimEarlyMars) Early Mars HZ Limit [m]: 8.235313e+10 
(Instellation) Orbit-averaged INcident STELLar radiATION [kg/sec^3]: -1.000000 
(CriticalSemiMajorAxis) Holman & Wiegert (1999) P-type Critical Semi-major Axis [m]: -1.000000 
(LXUVTot) Total XUV Luminosity [LSUN]: 0.000514 
(LostEnergy) Body's Total Lost Energy [kg*m^2/sec^2]: 5.562685e-309 
(LostAngMom) Lost Angular Momentum due to Magnetic Braking [kg*m^2/sec]: 5.562685e-309 
(EscapeVelocity) Escape Velocity [m/sec]: 3.049429e+05 
----- STELLAR PARAMETERS (star)------
(Luminosity) Luminosity [LSUN]: 0.060824 
(LXUVStellar) Base X-ray/XUV Luminosity [LSUN]: 0.000500 
(Temperature) Effective Temperature [K]: 3194.503245 
(LXUVFrac) Fraction of luminosity in XUV []: 0.008222 
(RossbyNumber) Rossby Number []: 0.016341 
(DRotPerDtStellar) Time Rate of Change of Rotation Period in STELLAR []: -1.365973e-10 
(WindTorque) Stellar Wind Torque []: 7.672438e+27 
----- FLARE PARAMETERS (star)------
(LXUVFlare) XUV Luminosity from flares [LSUN]: 1.360782e-05 
(FlareFreq1) First value of flare frequency range [/sec]: 1.888393e-06 
(FlareFreq2) Second value of flare frequency range [/sec]: 1.532391e-06 
(FlareFreq3) Third value of flare frequency range [/sec]: 1.243503e-06 
(FlareFreq4) Fourth value of flare frequency range [/sec]: 1.009076e-06 
(FlareFreqMin) Frequency of the flares with the lowest energy [/sec]: 1.888393e-06 
(FlareFreqMid) Frequency of the flares with the middle energy in the energy range [/sec]: 2.338108e-07 
(FlareFreqMax) Frequency of the flares with the highest energy [/sec]: 2.894920e-08 
(FlareEnergy1) First value of flare energy range [kg*m^2/sec^2]: 5.334000e+25 
(FlareEnergy2) Second value of flare energy range [kg*m^2/sec^2]: 7.534475e+25 
(FlareEnergy3) Third value of flare energy range [kg*m^2/sec^2]: 1.064273e+26 
(FlareEnergy4) Fourth value of flare energy range [kg*m^2/sec^2]: 1.503325e+26 
(FlareEnergyMin) Minimum flare energy [kg*m^2/sec^2]: 5.334000e+25 
(FlareEnergyMid) Middle flare energy in the range of energy values [kg*m^2/sec^2]: 1.686759e+27 
(FlareEnergyMax) Maximum flare energy [kg*m^2/sec^2]: 5.334000e+28 
(FlareYIntOUT) Instantaneous Davenport FFD y-intercept at current age and mass []: 19.006538 
(FlareSlopeOUT) Instantaneous Davenport FFD slope at current age and mass []: -0.604819 

Output Order: Time[year] Luminosity[LSUN] LXUVStellar[LSUN] LXUVFlare[LSUN] LXUVTot[LSUN]
Grid Output Order:

----- BODY: b ----
Active Modules: AtmEsc
Module Bit Sum: 9
Color: 000000
(Mass) Mass [kg]: 1.002428e+25 
(Radius) Radius [m]: 7.018551e+06 
(RadGyra) Radius of Gyration/Moment of Inertia Constant []: 0.500000 
(BodyType) Type of Body (0 == planet) []: 0.000000 
(Density) Average Density [kg/m^3]: 6921.848256 
(HZLimitDryRunaway) Semi-major axis of Dry Runaway HZ Limit [m]: 3.348828e+10 
(HZLimRecVenus) Recent Venus HZ Limit [m]: 3.000994e+10 
(HZLimRunaway) Runaway Greenhouse HZ Limit [m]: 3.957320e+10 
(HZLimMoistGreenhouse) Moist Greenhouse HZ Limit [m]: 3.970809e+10 
(HZLimMaxGreenhouse) Maximum Greenhouse HZ Limit [m]: 7.551126e+10 
(HZLimEarlyMars) Early Mars HZ Limit [m]: 8.235313e+10 
(Instellation) Orbit-averaged INcident STELLar radiATION [kg/sec^3]: 3.353674e+05 
(MeanMotion) Orbital Mean Motion [/sec]: 4.464393e-05 
(OrbPeriod) Orbital Period [sec]: 1.407400e+05 
(SemiMajorAxis) Semi-major Axis [m]: 2.356039e+09 
(LXUVTot) Total XUV Luminosity [kg/sec^3]: -1.000000 
(EscapeVelocity) Escape Velocity [m/sec]: 1.380766e+04 
----- ATMESC PARAMETERS (b)------
(SurfWaterMass) Surface water mass [kg]: 0.000000 
(EnvelopeMass) Envelope mass [kg]: 0.000000 
(OxygenMass) Oxygen mass in the atmosphere [kg]: 0.000000 
(RGLimit) Runaway greenhouse semi-major axis [m]: 3.791914e+10 
(XO) Atomic oxygen mixing ratio in upper atmosphere []: 0.000000 
(EtaO) Oxygen eta parameter (Luger and Barnes 2015) []: 0.000000 
(PlanetRadius) Planet radius [m]: 7.018551e+06 
(OxygenMantleMass) Mass of oxygen in mantle [kg]: 0.000000 
(RadXUV) XUV radius separating hydro. dyn. escape and equilibrium [m]: -1.000000 
(RadSolid) Radius to the solid surface [m]: -1.000000 
(PresXUV) Pressure at base of thermosphere [(null)]: 5.000000 
(ScaleHeight) Scale height in Lehmer & Catling (2016) model [m]: -1.000000 
(ThermTemp) Isothermal atmospheric temperature [K]: 400.000000 
(AtmGasConst) Atmospheric gas constant [(null)]: 4124.000000 
(PresSurf) Surface pressure due to atmosphere [Pa]: -1.000000 
(DEnvMassDt) Envelope Mass Loss Rate [kg/s]: 0.000000 
(FXUV) XUV flux [W/m^2]: 2832.419621 
(AtmXAbsEffH2O) XUV atmospheric escape efficiency for H2O []: 0.300000 
(RocheRadius) Roche Lobe Radius [m]: 4.818822e+07 
(BondiRadius) Bondi Radius [m]: 3.222938e+08 
(HEscapeRegime) Integer flag for H envelope escape regime []: 8.000000 
(RRCriticalFlux) Critical XUV Flux that separates RR and energy-limited escape [W/m^2]: 69.632534 
(CrossoverMass) Crossover mass, defines oxygen is escaping if mc > mo [kg]: 0.000000 
(WaterEscapeRegime) What water escape regime the code is currently in []: 8.000000 
(FXUVCRITDRAG) Critical Drag XUV flux [W/m^2]: 0.563172 
(HREFFLUX) The Hydrogen Reference Flux (m^-2 s^-1) [m^-2 s^-1]: 1.713792e+21 
(XO2) Molecular oxygen mixing ratio in atmosphere []: 0.000000 
(XH2O) Water mixing ratio in upper atmosphere []: 0.000000 
(HDiffFlux) The Hydrogen Diffusion Flux (m^-2 s^-1) [m^-2 s^-1]: 2.629941e+17 
(HRefODragMod) Multiply by H ref flux to get flux with drag []: 1.000000 
(KTide) Mass loss enhancement due to stellar gravity []: 0.783072 
(CumulativeXUVFlux) Cumulative XUV flux [W/m^2]: 0.000000 
(RunawayGreenhouseFlux) Incident flux that triggers runaway greenhouse [kg/sec^3]: 1294.650801 
(RGDuration) Runaway Greenhouse Duration [years]: 0.00000e+00

Output Order: Time[year] CumulativeXUVFlux[W/m^2]
Grid Output Order:



---- FINAL SYSTEM PROPERTIES ----
(Age) System Age [sec]: 2.191849e+17 
(Time) Simulation Time [sec]: 2.190546e+17 
(TotAngMom) Total Angular Momentum [kg*m^2/sec]: 1.853650e+42 
(TotEnergy) Total System Energy [kg*m^2/sec^2]: -1.080730e+40 
(PotEnergy) Body's non-orbital Potential Energy [kg*m^2/sec^2]: -4.133814e+40 
(KinEnergy) Body's non-orbital Kinetic Energy [kg*m^2/sec^2]: 6.385895e+32 
(DeltaTime) Average Timestep Over Last Output Interval [sec]: 3.506400e+12 

----- BODY: star ----
Active Modules: FLARE STELLAR
Module Bit Sum: 577
Color: 000000
(Mass) Mass [kg]: 3.905322e+29 
(Radius) Radius [m]: 1.477469e+08 
(RadGyra) Radius of Gyration/Moment of Inertia Constant []: 0.460277 
(RotAngMom) Rotational Angular Momentum [kg*m^2/sec]: 1.518769e+39 
(RotVel) Rotational Velocity [m/sec]: 124.244836 
(BodyType) Type of Body (0 == planet) []: 0.000000 
(RotRate) Rotational Frequency [/sec]: 8.409302e-07 
(RotPer) Rotational Period [sec]: 7.471708e+06 
(Density) Average Density [kg/m^3]: 2.890767e+04 
(HZLimitDryRunaway) Semi-major axis of Dry Runaway HZ Limit [m]: 9.172328e+09 
(HZLimRecVenus) Recent Venus HZ Limit [m]: 8.210812e+09 
(HZLimRunaway) Runaway Greenhouse HZ Limit [m]: 1.083282e+10 
(HZLimMoistGreenhouse) Moist Greenhouse HZ Limit [m]: 1.086425e+10 
(HZLimMaxGreenhouse) Maximum Greenhouse HZ Limit [m]: 2.061579e+10 
(HZLimEarlyMars) Early Mars HZ Limit [m]: 2.248381e+10 
(Instellation) Orbit-averaged INcident STELLar radiATION [kg/sec^3]: -1.000000 
(CriticalSemiMajorAxis) Holman & Wiegert (1999) P-type Critical Semi-major Axis [m]: -1.000000 
(LXUVTot) Total XUV Luminosity [LSUN]: 2.339440e-06 
(LostEnergy) Body's Total Lost Energy [kg*m^2/sec^2]: 3.053090e+40 
(LostAngMom) Lost Angular Momentum due to Magnetic Braking [kg*m^2/sec]: 1.849648e+42 
(EscapeVelocity) Escape Velocity [m/sec]: 5.940000e+05 
----- STELLAR PARAMETERS (star)------
(Luminosity) Luminosity [LSUN]: 0.004563 
(LXUVStellar) Base X-ray/XUV Luminosity [LSUN]: 1.974513e-06 
(Temperature) Effective Temperature [K]: 3250.833163 
(LXUVFrac) Fraction of luminosity in XUV []: 0.000433 
(RossbyNumber) Rossby Number []: 1.454508 
(DRotPerDtStellar) Time Rate of Change of Rotation Period in STELLAR []: 2.932669e-11 
(WindTorque) Stellar Wind Torque []: 3.296531e+21 
----- FLARE PARAMETERS (star)------
(LXUVFlare) XUV Luminosity from flares [LSUN]: 3.649276e-07 
(FlareFreq1) First value of flare frequency range [/sec]: 5.690939e-07 
(FlareFreq2) Second value of flare frequency range [/sec]: 3.912400e-07 
(FlareFreq3) Third value of flare frequency range [/sec]: 2.689692e-07 
(FlareFreq4) Fourth value of flare frequency range [/sec]: 1.849106e-07 
(FlareFreqMin) Frequency of the flares with the lowest energy [/sec]: 5.690939e-07 
(FlareFreqMid) Frequency of the flares with the middle energy in the energy range [/sec]: 1.342075e-08 
(FlareFreqMax) Frequency of the flares with the highest energy [/sec]: 3.164968e-10 
(FlareEnergy1) First value of flare energy range [kg*m^2/sec^2]: 5.334000e+25 
(FlareEnergy2) Second value of flare energy range [kg*m^2/sec^2]: 7.534475e+25 
(FlareEnergy3) Third value of flare energy range [kg*m^2/sec^2]: 1.064273e+26 
(FlareEnergy4) Fourth value of flare energy range [kg*m^2/sec^2]: 1.503325e+26 
(FlareEnergyMin) Minimum flare energy [kg*m^2/sec^2]: 5.334000e+25 
(FlareEnergyMid) Middle flare energy in the range of energy values [kg*m^2/sec^2]: 1.686759e+27 
(FlareEnergyMax) Maximum flare energy [kg*m^2/sec^2]: 5.334000e+28 
(FlareYIntOUT) Instantaneous Davenport FFD y-intercept at current age and mass []: 34.198528 
(FlareSlopeOUT) Instantaneous Davenport FFD slope at current age and mass []: -1.084938 

Output Order: Time[year] Luminosity[LSUN] LXUVStellar[LSUN] LXUVFlare[LSUN] LXUVTot[LSUN]
Grid Output Order:

----- BODY: b ----
Active Modules: AtmEsc
Module Bit Sum: 9
Color: 000000
(Mass) Mass [kg]: 1.002428e+25 
(Radius) Radius [m]: 7.018551e+06 
(RadGyra) Radius of Gyration/Moment of Inertia Constant []: 0.500000 
(BodyType) Type of Body (0 == planet) []: 0.000000 
(Density) Average Density [kg/m^3]: 6921.848256 
(HZLimitDryRunaway) Semi-major axis of Dry Runaway HZ Limit [m]: 9.172498e+09 
(HZLimRecVenus) Recent Venus HZ Limit [m]: 8.210812e+09 
(HZLimRunaway) Runaway Greenhouse HZ Limit [m]: 1.083282e+10 
(HZLimMoistGreenhouse) Moist Greenhouse HZ Limit [m]: 1.086425e+10 
(HZLimMaxGreenhouse) Maximum Greenhouse HZ Limit [m]: 2.061579e+10 
(HZLimEarlyMars) Early Mars HZ Limit [m]: 2.248381e+10 
(Instellation) Orbit-averaged INcident STELLar radiATION [kg/sec^3]: 2.515998e+04 
(MeanMotion) Orbital Mean Motion [/sec]: 4.464393e-05 
(OrbPeriod) Orbital Period [sec]: 1.407400e+05 
(SemiMajorAxis) Semi-major Axis [m]: 2.356039e+09 
(LXUVTot) Total XUV Luminosity [kg/sec^3]: -1.000000 
(EscapeVelocity) Escape Velocity [m/sec]: 1.380766e+04 
----- ATMESC PARAMETERS (b)------
(SurfWaterMass) Surface water mass [kg]: 0.000000 
(EnvelopeMass) Envelope mass [kg]: 0.000000 
(OxygenMass) Oxygen mass in the atmosphere [kg]: 0.000000 
(RGLimit) Runaway greenhouse semi-major axis [m]: 1.038026e+10 
(XO) Atomic oxygen mixing ratio in upper atmosphere []: 0.000000 
(EtaO) Oxygen eta parameter (Luger and Barnes 2015) []: 0.000000 
(PlanetRadius) Planet radius [m]: 7.018551e+06 
(OxygenMantleMass) Mass of oxygen in mantle [kg]: 0.000000 
(RadXUV) XUV radius separating hydro. dyn. escape and equilibrium [m]: -1.000000 
(RadSolid) Radius to the solid surface [m]: -1.000000 
(PresXUV) Pressure at base of thermosphere [(null)]: 5.000000 
(ScaleHeight) Scale height in Lehmer & Catling (2016) model [m]: -1.000000 
(ThermTemp) Isothermal atmospheric temperature [K]: 400.000000 
(AtmGasConst) Atmospheric gas constant [(null)]: 4124.000000 
(PresSurf) Surface pressure due to atmosphere [Pa]: -1.000000 
(DEnvMassDt) Envelope Mass Loss Rate [kg/s]: 0.000000 
(FXUV) XUV flux [W/m^2]: 12.898953 
(AtmXAbsEffH2O) XUV atmospheric escape efficiency for H2O []: 0.300000 
(RocheRadius) Roche Lobe Radius [m]: 4.818822e+07 
(BondiRadius) Bondi Radius [m]: 6.169194e+08 
(HEscapeRegime) Integer flag for H envelope escape regime []: 8.000000 
(RRCriticalFlux) Critical XUV Flux that separates RR and energy-limited escape [W/m^2]: 69.632534 
(CrossoverMass) Crossover mass, defines oxygen is escaping if mc > mo [kg]: 0.000000 
(WaterEscapeRegime) What water escape regime the code is currently in []: 8.000000 
(FXUVCRITDRAG) Critical Drag XUV flux [W/m^2]: 0.563172 
(HREFFLUX) The Hydrogen Reference Flux (m^-2 s^-1) [m^-2 s^-1]: 7.804679e+18 
(XO2) Molecular oxygen mixing ratio in atmosphere []: 0.000000 
(XH2O) Water mixing ratio in upper atmosphere []: 0.000000 
(HDiffFlux) The Hydrogen Diffusion Flux (m^-2 s^-1) [m^-2 s^-1]: 2.629941e+17 
(HRefODragMod) Multiply by H ref flux to get flux with drag []: 1.000000 
(KTide) Mass loss enhancement due to stellar gravity []: 0.783072 
(CumulativeXUVFlux) Cumulative XUV flux [W/m^2]: 1.471727e+19 
(RunawayGreenhouseFlux) Incident flux that triggers runaway greenhouse [kg/sec^3]: 1296.112803 
(RGDuration) Runaway Greenhouse Duration [years]: 0.00000e+00

Output Order: Time[year] CumulativeXUVFlux[W/m^2]
Grid Output Order:
