-------- Log file gj1132.log -------

Executable: /home/vplanet/.local/bin/vplanet
Version: Unknown
System Name: gj1132
Primary Input File: vpl.in
Body File #1: star.in
Body File #2: b.in
Allow files to be overwitten: Yes
Mass Units: Grams
Length Units: Meters
Time Units: Seconds
Angle Units: Radians

------- FORMATTING -----
Verbosity Level: 5
Crossover Decade for Scientific Notation: 4
Number of Digits After Decimal: 6
Integration Method: Runge-Kutta4
Direction: Forward
Time Step: 3.155760e+07
Stop Time: 2.233329e+17
Output Interval: 3.155760e+13
Use Variable Timestep: Yes
dEta: 0.010000
Minimum Value of ecc and obl: 1.000000e-10


---- INITIAL SYSTEM PROPERTIES ----
(Age) System Age [sec]: 1.866956e+14 
(Time) Simulation Time [sec]: 0.000000 
(TotAngMom) Total Angular Momentum [kg*m^2/sec]: 1.415700e+42 
(TotEnergy) Total System Energy [kg*m^2/sec^2]: -1.238942e+40 
(PotEnergy) Body's non-orbital Potential Energy [kg*m^2/sec^2]: -1.244075e+40 
(KinEnergy) Body's non-orbital Kinetic Energy [kg*m^2/sec^2]: 5.138675e+37 
(DeltaTime) Average Timestep Over Last Output Interval [sec]: 0.000000 

----- BODY: star ----
Active Modules: FLARE STELLAR
Module Bit Sum: 577
Color: 000000
(Mass) Mass [kg]: 3.898366e+29 
(Radius) Radius [m]: 4.891862e+08 
(RadGyra) Radius of Gyration/Moment of Inertia Constant []: 0.456414 
(RotAngMom) Rotational Angular Momentum [kg*m^2/sec]: 1.413237e+42 
(RotVel) Rotational Velocity [m/sec]: 3.557462e+04 
(BodyType) Type of Body (0 == planet) []: 0.000000 
(RotRate) Rotational Frequency [/sec]: 7.272205e-05 
(RotPer) Rotational Period [sec]: 8.640000e+04 
(Density) Average Density [kg/m^3]: 795.007792 
(HZLimitDryRunaway) Semi-major axis of Dry Runaway HZ Limit [m]: 2.962443e+10 
(HZLimRecVenus) Recent Venus HZ Limit [m]: 2.653681e+10 
(HZLimRunaway) Runaway Greenhouse HZ Limit [m]: 3.500009e+10 
(HZLimMoistGreenhouse) Moist Greenhouse HZ Limit [m]: 3.511256e+10 
(HZLimMaxGreenhouse) Maximum Greenhouse HZ Limit [m]: 6.671684e+10 
(HZLimEarlyMars) Early Mars HZ Limit [m]: 7.276196e+10 
(Instellation) Orbit-averaged INcident STELLar radiATION [kg/sec^3]: -1.000000 
(CriticalSemiMajorAxis) Holman & Wiegert (1999) P-type Critical Semi-major Axis [m]: -1.000000 
(LXUVTot) Total XUV Luminosity [LSUN]: 0.000136 
(LostEnergy) Body's Total Lost Energy [kg*m^2/sec^2]: 5.562685e-309 
(LostAngMom) Lost Angular Momentum due to Magnetic Braking [kg*m^2/sec]: 5.562685e-309 
(EscapeVelocity) Escape Velocity [m/sec]: 3.261530e+05 
----- STELLAR PARAMETERS (star)------
(Luminosity) Luminosity [LSUN]: 0.047600 
(LXUVStellar) Base X-ray/XUV Luminosity [LSUN]: 0.000125 
(Temperature) Effective Temperature [K]: 3216.277585 
(LXUVFrac) Fraction of luminosity in XUV []: 0.002634 
(RossbyNumber) Rossby Number []: 0.016524 
(DRotPerDtStellar) Time Rate of Change of Rotation Period in STELLAR []: -1.225505e-10 
(WindTorque) Stellar Wind Torque []: 3.713837e+27 
----- FLARE PARAMETERS (star)------
(LXUVFlare) XUV Luminosity from flares [LSUN]: 1.104247e-05 
(FlareFreq1) First value of flare frequency range [/sec]: 1.787129e-06 
(FlareFreq2) Second value of flare frequency range [/sec]: 1.436910e-06 
(FlareFreq3) Third value of flare frequency range [/sec]: 1.155322e-06 
(FlareFreq4) Fourth value of flare frequency range [/sec]: 9.289160e-07 
(FlareFreqMin) Frequency of the flares with the lowest energy [/sec]: 1.787129e-06 
(FlareFreqMid) Frequency of the flares with the middle energy in the energy range [/sec]: 2.017860e-07 
(FlareFreqMax) Frequency of the flares with the highest energy [/sec]: 2.278380e-08 
(FlareEnergy1) First value of flare energy range [kg*m^2/sec^2]: 5.334000e+25 
(FlareEnergy2) Second value of flare energy range [kg*m^2/sec^2]: 7.534475e+25 
(FlareEnergy3) Third value of flare energy range [kg*m^2/sec^2]: 1.064273e+26 
(FlareEnergy4) Fourth value of flare energy range [kg*m^2/sec^2]: 1.503325e+26 
(FlareEnergyMin) Minimum flare energy [kg*m^2/sec^2]: 5.334000e+25 
(FlareEnergyMid) Middle flare energy in the range of energy values [kg*m^2/sec^2]: 1.686759e+27 
(FlareEnergyMax) Maximum flare energy [kg*m^2/sec^2]: 5.334000e+28 
(FlareYIntOUT) Instantaneous Davenport FFD y-intercept at current age and mass []: 19.856128 
(FlareSlopeOUT) Instantaneous Davenport FFD slope at current age and mass []: -0.631510 

Output Order: Time[year] Luminosity[LSUN] LXUVStellar[LSUN] LXUVFlare[LSUN] LXUVTot[LSUN]
Grid Output Order:

----- BODY: b ----
Active Modules: AtmEsc
Module Bit Sum: 9
Color: 000000
(Mass) Mass [kg]: 9.952419e+24 
(Radius) Radius [m]: 7.409141e+06 
(RadGyra) Radius of Gyration/Moment of Inertia Constant []: 0.500000 
(BodyType) Type of Body (0 == planet) []: 0.000000 
(Density) Average Density [kg/m^3]: 5841.662909 
(HZLimitDryRunaway) Semi-major axis of Dry Runaway HZ Limit [m]: 2.962572e+10 
(HZLimRecVenus) Recent Venus HZ Limit [m]: 2.653681e+10 
(HZLimRunaway) Runaway Greenhouse HZ Limit [m]: 3.500009e+10 
(HZLimMoistGreenhouse) Moist Greenhouse HZ Limit [m]: 3.511256e+10 
(HZLimMaxGreenhouse) Maximum Greenhouse HZ Limit [m]: 6.671684e+10 
(HZLimEarlyMars) Early Mars HZ Limit [m]: 7.276196e+10 
(Instellation) Orbit-averaged INcident STELLar radiATION [kg/sec^3]: 2.627622e+05 
(MeanMotion) Orbital Mean Motion [/sec]: 4.464276e-05 
(OrbPeriod) Orbital Period [sec]: 1.407437e+05 
(SemiMajorAxis) Semi-major Axis [m]: 2.354681e+09 
(LXUVTot) Total XUV Luminosity [kg/sec^3]: -1.000000 
(EscapeVelocity) Escape Velocity [m/sec]: 1.339053e+04 
----- ATMESC PARAMETERS (b)------
(SurfWaterMass) Surface water mass [kg]: 0.000000 
(EnvelopeMass) Envelope mass [kg]: 0.000000 
(OxygenMass) Oxygen mass in the atmosphere [kg]: 0.000000 
(RGLimit) Runaway greenhouse semi-major axis [m]: 3.354255e+10 
(XO) Atomic oxygen mixing ratio in upper atmosphere []: 0.000000 
(EtaO) Oxygen eta parameter (Luger and Barnes 2015) []: 0.000000 
(PlanetRadius) Planet radius [m]: 7.409141e+06 
(OxygenMantleMass) Mass of oxygen in mantle [kg]: 0.000000 
(RadXUV) XUV radius separating hydro. dyn. escape and equilibrium [m]: -1.000000 
(RadSolid) Radius to the solid surface [m]: -1.000000 
(PresXUV) Pressure at base of thermosphere [(null)]: 5.000000 
(ScaleHeight) Scale height in Lehmer & Catling (2016) model [m]: -1.000000 
(ThermTemp) Isothermal atmospheric temperature [K]: 400.000000 
(AtmGasConst) Atmospheric gas constant [(null)]: 4124.000000 
(PresSurf) Surface pressure due to atmosphere [Pa]: -1.000000 
(DEnvMassDt) Envelope Mass Loss Rate [kg/s]: 0.000000 
(FXUV) XUV flux [W/m^2]: 753.023254 
(AtmXAbsEffH2O) XUV atmospheric escape efficiency for H2O []: 0.300000 
(RocheRadius) Roche Lobe Radius [m]: 4.807364e+07 
(BondiRadius) Bondi Radius [m]: 3.403239e+08 
(HEscapeRegime) Integer flag for H envelope escape regime []: 8.000000 
(RRCriticalFlux) Critical XUV Flux that separates RR and energy-limited escape [W/m^2]: 56.508361 
(CrossoverMass) Crossover mass, defines oxygen is escaping if mc > mo [kg]: 0.000000 
(WaterEscapeRegime) What water escape regime the code is currently in []: 8.000000 
(FXUVCRITDRAG) Critical Drag XUV flux [W/m^2]: 0.471880 
(HREFFLUX) The Hydrogen Reference Flux (m^-2 s^-1) [m^-2 s^-1]: 4.922645e+20 
(XO2) Molecular oxygen mixing ratio in atmosphere []: 0.000000 
(XH2O) Water mixing ratio in upper atmosphere []: 0.000000 
(HDiffFlux) The Hydrogen Diffusion Flux (m^-2 s^-1) [m^-2 s^-1]: 2.343046e+17 
(HRefODragMod) Multiply by H ref flux to get flux with drag []: 1.000000 
(KTide) Mass loss enhancement due to stellar gravity []: 0.770649 
(CumulativeXUVFlux) Cumulative XUV flux [W/m^2]: 0.000000 
(RunawayGreenhouseFlux) Incident flux that triggers runaway greenhouse [kg/sec^3]: 1294.782315 
(RGDuration) Runaway Greenhouse Duration [years]: 0.00000e+00

Output Order: Time[year] CumulativeXUVFlux[W/m^2]
Grid Output Order:



---- FINAL SYSTEM PROPERTIES ----
(Age) System Age [sec]: 2.235198e+17 
(Time) Simulation Time [sec]: 2.233331e+17 
(TotAngMom) Total Angular Momentum [kg*m^2/sec]: 1.416907e+42 
(TotEnergy) Total System Energy [kg*m^2/sec^2]: -1.238552e+40 
(PotEnergy) Body's non-orbital Potential Energy [kg*m^2/sec^2]: -4.114936e+40 
(KinEnergy) Body's non-orbital Kinetic Energy [kg*m^2/sec^2]: 6.173202e+32 
(DeltaTime) Average Timestep Over Last Output Interval [sec]: 1.434436e+12 

----- BODY: star ----
Active Modules: FLARE STELLAR
Module Bit Sum: 577
Color: 000000
(Mass) Mass [kg]: 3.898366e+29 
(Radius) Radius [m]: 1.478964e+08 
(RadGyra) Radius of Gyration/Moment of Inertia Constant []: 0.460293 
(RotAngMom) Rotational Angular Momentum [kg*m^2/sec]: 1.493493e+39 
(RotVel) Rotational Velocity [m/sec]: 122.262980 
(BodyType) Type of Body (0 == planet) []: 0.000000 
(RotRate) Rotational Frequency [/sec]: 8.266797e-07 
(RotPer) Rotational Period [sec]: 7.600507e+06 
(Density) Average Density [kg/m^3]: 2.876874e+04 
(HZLimitDryRunaway) Semi-major axis of Dry Runaway HZ Limit [m]: 9.148761e+09 
(HZLimRecVenus) Recent Venus HZ Limit [m]: 8.189890e+09 
(HZLimRunaway) Runaway Greenhouse HZ Limit [m]: 1.080511e+10 
(HZLimMoistGreenhouse) Moist Greenhouse HZ Limit [m]: 1.083657e+10 
(HZLimMaxGreenhouse) Maximum Greenhouse HZ Limit [m]: 2.056411e+10 
(HZLimEarlyMars) Early Mars HZ Limit [m]: 2.242745e+10 
(Instellation) Orbit-averaged INcident STELLar radiATION [kg/sec^3]: -1.000000 
(CriticalSemiMajorAxis) Holman & Wiegert (1999) P-type Critical Semi-major Axis [m]: -1.000000 
(LXUVTot) Total XUV Luminosity [LSUN]: 9.042515e-07 
(LostEnergy) Body's Total Lost Energy [kg*m^2/sec^2]: 2.876390e+40 
(LostAngMom) Lost Angular Momentum due to Magnetic Braking [kg*m^2/sec]: 1.412951e+42 
(EscapeVelocity) Escape Velocity [m/sec]: 5.931706e+05 
----- STELLAR PARAMETERS (star)------
(Luminosity) Luminosity [LSUN]: 0.004540 
(LXUVStellar) Base X-ray/XUV Luminosity [LSUN]: 5.463276e-07 
(Temperature) Effective Temperature [K]: 3249.752857 
(LXUVFrac) Fraction of luminosity in XUV []: 0.000120 
(RossbyNumber) Rossby Number []: 1.478763 
(DRotPerDtStellar) Time Rate of Change of Rotation Period in STELLAR []: 2.012866e-11 
(WindTorque) Stellar Wind Torque []: 3.046512e+21 
----- FLARE PARAMETERS (star)------
(LXUVFlare) XUV Luminosity from flares [LSUN]: 3.579230e-07 
(FlareFreq1) First value of flare frequency range [/sec]: 5.597230e-07 
(FlareFreq2) Second value of flare frequency range [/sec]: 3.847098e-07 
(FlareFreq3) Third value of flare frequency range [/sec]: 2.644194e-07 
(FlareFreq4) Fourth value of flare frequency range [/sec]: 1.817413e-07 
(FlareFreqMin) Frequency of the flares with the lowest energy [/sec]: 5.597230e-07 
(FlareFreqMid) Frequency of the flares with the middle energy in the energy range [/sec]: 1.316966e-08 
(FlareFreqMax) Frequency of the flares with the highest energy [/sec]: 3.098673e-10 
(FlareEnergy1) First value of flare energy range [kg*m^2/sec^2]: 5.334000e+25 
(FlareEnergy2) Second value of flare energy range [kg*m^2/sec^2]: 7.534475e+25 
(FlareEnergy3) Third value of flare energy range [kg*m^2/sec^2]: 1.064273e+26 
(FlareEnergy4) Fourth value of flare energy range [kg*m^2/sec^2]: 1.503325e+26 
(FlareEnergyMin) Minimum flare energy [kg*m^2/sec^2]: 5.334000e+25 
(FlareEnergyMid) Middle flare energy in the range of energy values [kg*m^2/sec^2]: 1.686759e+27 
(FlareEnergyMax) Maximum flare energy [kg*m^2/sec^2]: 5.334000e+28 
(FlareYIntOUT) Instantaneous Davenport FFD y-intercept at current age and mass []: 34.212947 
(FlareSlopeOUT) Instantaneous Davenport FFD slope at current age and mass []: -1.085599 

Output Order: Time[year] Luminosity[LSUN] LXUVStellar[LSUN] LXUVFlare[LSUN] LXUVTot[LSUN]
Grid Output Order:

----- BODY: b ----
Active Modules: AtmEsc
Module Bit Sum: 9
Color: 000000
(Mass) Mass [kg]: 9.952419e+24 
(Radius) Radius [m]: 7.409141e+06 
(RadGyra) Radius of Gyration/Moment of Inertia Constant []: 0.500000 
(BodyType) Type of Body (0 == planet) []: 0.000000 
(Density) Average Density [kg/m^3]: 5841.662909 
(HZLimitDryRunaway) Semi-major axis of Dry Runaway HZ Limit [m]: 9.149161e+09 
(HZLimRecVenus) Recent Venus HZ Limit [m]: 8.189890e+09 
(HZLimRunaway) Runaway Greenhouse HZ Limit [m]: 1.080511e+10 
(HZLimMoistGreenhouse) Moist Greenhouse HZ Limit [m]: 1.083657e+10 
(HZLimMaxGreenhouse) Maximum Greenhouse HZ Limit [m]: 2.056411e+10 
(HZLimEarlyMars) Early Mars HZ Limit [m]: 2.242745e+10 
(Instellation) Orbit-averaged INcident STELLar radiATION [kg/sec^3]: 2.506038e+04 
(MeanMotion) Orbital Mean Motion [/sec]: 4.464276e-05 
(OrbPeriod) Orbital Period [sec]: 1.407437e+05 
(SemiMajorAxis) Semi-major Axis [m]: 2.354681e+09 
(LXUVTot) Total XUV Luminosity [kg/sec^3]: -1.000000 
(EscapeVelocity) Escape Velocity [m/sec]: 1.339053e+04 
----- ATMESC PARAMETERS (b)------
(SurfWaterMass) Surface water mass [kg]: 0.000000 
(EnvelopeMass) Envelope mass [kg]: 0.000000 
(OxygenMass) Oxygen mass in the atmosphere [kg]: 0.000000 
(RGLimit) Runaway greenhouse semi-major axis [m]: 1.035529e+10 
(XO) Atomic oxygen mixing ratio in upper atmosphere []: 0.000000 
(EtaO) Oxygen eta parameter (Luger and Barnes 2015) []: 0.000000 
(PlanetRadius) Planet radius [m]: 7.409141e+06 
(OxygenMantleMass) Mass of oxygen in mantle [kg]: 0.000000 
(RadXUV) XUV radius separating hydro. dyn. escape and equilibrium [m]: -1.000000 
(RadSolid) Radius to the solid surface [m]: -1.000000 
(PresXUV) Pressure at base of thermosphere [(null)]: 5.000000 
(ScaleHeight) Scale height in Lehmer & Catling (2016) model [m]: -1.000000 
(ThermTemp) Isothermal atmospheric temperature [K]: 400.000000 
(AtmGasConst) Atmospheric gas constant [(null)]: 4124.000000 
(PresSurf) Surface pressure due to atmosphere [Pa]: -1.000000 
(DEnvMassDt) Envelope Mass Loss Rate [kg/s]: 0.000000 
(FXUV) XUV flux [W/m^2]: 4.991644 
(AtmXAbsEffH2O) XUV atmospheric escape efficiency for H2O []: 0.300000 
(RocheRadius) Roche Lobe Radius [m]: 4.807364e+07 
(BondiRadius) Bondi Radius [m]: 6.125675e+08 
(HEscapeRegime) Integer flag for H envelope escape regime []: 8.000000 
(RRCriticalFlux) Critical XUV Flux that separates RR and energy-limited escape [W/m^2]: 56.508361 
(CrossoverMass) Crossover mass, defines oxygen is escaping if mc > mo [kg]: 0.000000 
(WaterEscapeRegime) What water escape regime the code is currently in []: 8.000000 
(FXUVCRITDRAG) Critical Drag XUV flux [W/m^2]: 0.471880 
(HREFFLUX) The Hydrogen Reference Flux (m^-2 s^-1) [m^-2 s^-1]: 3.263125e+18 
(XO2) Molecular oxygen mixing ratio in atmosphere []: 0.000000 
(XH2O) Water mixing ratio in upper atmosphere []: 0.000000 
(HDiffFlux) The Hydrogen Diffusion Flux (m^-2 s^-1) [m^-2 s^-1]: 2.343046e+17 
(HRefODragMod) Multiply by H ref flux to get flux with drag []: 1.000000 
(KTide) Mass loss enhancement due to stellar gravity []: 0.770649 
(CumulativeXUVFlux) Cumulative XUV flux [W/m^2]: 4.300930e+18 
(RunawayGreenhouseFlux) Incident flux that triggers runaway greenhouse [kg/sec^3]: 1295.654653 
(RGDuration) Runaway Greenhouse Duration [years]: 0.00000e+00

Output Order: Time[year] CumulativeXUVFlux[W/m^2]
Grid Output Order:
