-------- Log file gj1132.log -------

Executable: /home/vplanet/.local/bin/vplanet
Version: Unknown
System Name: gj1132
Primary Input File: vpl.in
Body File #1: star.in
Body File #2: b.in
Allow files to be overwitten: Yes
Mass Units: Grams
Length Units: Meters
Time Units: Seconds
Angle Units: Radians

------- FORMATTING -----
Verbosity Level: 5
Crossover Decade for Scientific Notation: 4
Number of Digits After Decimal: 6
Integration Method: Runge-Kutta4
Direction: Forward
Time Step: 3.155760e+07
Stop Time: 2.564868e+17
Output Interval: 3.155760e+13
Use Variable Timestep: Yes
dEta: 0.010000
Minimum Value of ecc and obl: 1.000000e-10


---- INITIAL SYSTEM PROPERTIES ----
(Age) System Age [sec]: 1.436088e+14 
(Time) Simulation Time [sec]: 0.000000 
(TotAngMom) Total Angular Momentum [kg*m^2/sec]: 1.612823e+42 
(TotEnergy) Total System Energy [kg*m^2/sec^2]: -1.066786e+40 
(PotEnergy) Body's non-orbital Potential Energy [kg*m^2/sec^2]: -1.072637e+40 
(KinEnergy) Body's non-orbital Kinetic Energy [kg*m^2/sec^2]: 5.855792e+37 
(DeltaTime) Average Timestep Over Last Output Interval [sec]: 0.000000 

----- BODY: star ----
Active Modules: FLARE STELLAR
Module Bit Sum: 577
Color: 000000
(Mass) Mass [kg]: 3.774760e+29 
(Radius) Radius [m]: 5.319634e+08 
(RadGyra) Radius of Gyration/Moment of Inertia Constant []: 0.455318 
(RotAngMom) Rotational Angular Momentum [kg*m^2/sec]: 1.610458e+42 
(RotVel) Rotational Velocity [m/sec]: 3.868547e+04 
(BodyType) Type of Body (0 == planet) []: 0.000000 
(RotRate) Rotational Frequency [/sec]: 7.272205e-05 
(RotPer) Rotational Period [sec]: 8.640000e+04 
(Density) Average Density [kg/m^3]: 598.626023 
(HZLimitDryRunaway) Semi-major axis of Dry Runaway HZ Limit [m]: 3.161043e+10 
(HZLimRecVenus) Recent Venus HZ Limit [m]: 2.833271e+10 
(HZLimRunaway) Runaway Greenhouse HZ Limit [m]: 3.735838e+10 
(HZLimMoistGreenhouse) Moist Greenhouse HZ Limit [m]: 3.748883e+10 
(HZLimMaxGreenhouse) Maximum Greenhouse HZ Limit [m]: 7.131636e+10 
(HZLimEarlyMars) Early Mars HZ Limit [m]: 7.777810e+10 
(Instellation) Orbit-averaged INcident STELLar radiATION [kg/sec^3]: -1.000000 
(CriticalSemiMajorAxis) Holman & Wiegert (1999) P-type Critical Semi-major Axis [m]: -1.000000 
(LXUVTot) Total XUV Luminosity [LSUN]: 0.000295 
(LostEnergy) Body's Total Lost Energy [kg*m^2/sec^2]: 5.562685e-309 
(LostAngMom) Lost Angular Momentum due to Magnetic Braking [kg*m^2/sec]: 5.562685e-309 
(EscapeVelocity) Escape Velocity [m/sec]: 3.077663e+05 
----- STELLAR PARAMETERS (star)------
(Luminosity) Luminosity [LSUN]: 0.054196 
(LXUVStellar) Base X-ray/XUV Luminosity [LSUN]: 0.000283 
(Temperature) Effective Temperature [K]: 3185.143470 
(LXUVFrac) Fraction of luminosity in XUV []: 0.005213 
(RossbyNumber) Rossby Number []: 0.016263 
(DRotPerDtStellar) Time Rate of Change of Rotation Period in STELLAR []: -1.061878e-10 
(WindTorque) Stellar Wind Torque []: 5.933693e+27 
----- FLARE PARAMETERS (star)------
(LXUVFlare) XUV Luminosity from flares [LSUN]: 1.253500e-05 
(FlareFreq1) First value of flare frequency range [/sec]: 1.847273e-06 
(FlareFreq2) Second value of flare frequency range [/sec]: 1.493652e-06 
(FlareFreq3) Third value of flare frequency range [/sec]: 1.207724e-06 
(FlareFreq4) Fourth value of flare frequency range [/sec]: 9.765312e-07 
(FlareFreqMin) Frequency of the flares with the lowest energy [/sec]: 1.847273e-06 
(FlareFreqMid) Frequency of the flares with the middle energy in the energy range [/sec]: 2.206554e-07 
(FlareFreqMax) Frequency of the flares with the highest energy [/sec]: 2.635714e-08 
(FlareEnergy1) First value of flare energy range [kg*m^2/sec^2]: 5.334000e+25 
(FlareEnergy2) Second value of flare energy range [kg*m^2/sec^2]: 7.534475e+25 
(FlareEnergy3) Third value of flare energy range [kg*m^2/sec^2]: 1.064273e+26 
(FlareEnergy4) Fourth value of flare energy range [kg*m^2/sec^2]: 1.503325e+26 
(FlareEnergyMin) Minimum flare energy [kg*m^2/sec^2]: 5.334000e+25 
(FlareEnergyMid) Middle flare energy in the range of energy values [kg*m^2/sec^2]: 1.686759e+27 
(FlareEnergyMax) Maximum flare energy [kg*m^2/sec^2]: 5.334000e+28 
(FlareYIntOUT) Instantaneous Davenport FFD y-intercept at current age and mass []: 19.337085 
(FlareSlopeOUT) Instantaneous Davenport FFD slope at current age and mass []: -0.615211 

Output Order: Time[year] Luminosity[LSUN] LXUVStellar[LSUN] LXUVFlare[LSUN] LXUVTot[LSUN]
Grid Output Order:

----- BODY: b ----
Active Modules: AtmEsc
Module Bit Sum: 9
Color: 000000
(Mass) Mass [kg]: 9.761422e+24 
(Radius) Radius [m]: 7.257274e+06 
(RadGyra) Radius of Gyration/Moment of Inertia Constant []: 0.500000 
(BodyType) Type of Body (0 == planet) []: 0.000000 
(Density) Average Density [kg/m^3]: 6096.828582 
(HZLimitDryRunaway) Semi-major axis of Dry Runaway HZ Limit [m]: 3.161048e+10 
(HZLimRecVenus) Recent Venus HZ Limit [m]: 2.833271e+10 
(HZLimRunaway) Runaway Greenhouse HZ Limit [m]: 3.735838e+10 
(HZLimMoistGreenhouse) Moist Greenhouse HZ Limit [m]: 3.748883e+10 
(HZLimMaxGreenhouse) Maximum Greenhouse HZ Limit [m]: 7.131636e+10 
(HZLimEarlyMars) Early Mars HZ Limit [m]: 7.777810e+10 
(Instellation) Orbit-averaged INcident STELLar radiATION [kg/sec^3]: 3.056638e+05 
(MeanMotion) Orbital Mean Motion [/sec]: 4.464351e-05 
(OrbPeriod) Orbital Period [sec]: 1.407413e+05 
(SemiMajorAxis) Semi-major Axis [m]: 2.329500e+09 
(LXUVTot) Total XUV Luminosity [kg/sec^3]: -1.000000 
(EscapeVelocity) Escape Velocity [m/sec]: 1.339945e+04 
----- ATMESC PARAMETERS (b)------
(SurfWaterMass) Surface water mass [kg]: 0.000000 
(EnvelopeMass) Envelope mass [kg]: 0.000000 
(OxygenMass) Oxygen mass in the atmosphere [kg]: 0.000000 
(RGLimit) Runaway greenhouse semi-major axis [m]: 3.581907e+10 
(XO) Atomic oxygen mixing ratio in upper atmosphere []: 0.000000 
(EtaO) Oxygen eta parameter (Luger and Barnes 2015) []: 0.000000 
(PlanetRadius) Planet radius [m]: 7.257274e+06 
(OxygenMantleMass) Mass of oxygen in mantle [kg]: 0.000000 
(RadXUV) XUV radius separating hydro. dyn. escape and equilibrium [m]: -1.000000 
(RadSolid) Radius to the solid surface [m]: -1.000000 
(PresXUV) Pressure at base of thermosphere [(null)]: 5.000000 
(ScaleHeight) Scale height in Lehmer & Catling (2016) model [m]: -1.000000 
(ThermTemp) Isothermal atmospheric temperature [K]: 400.000000 
(AtmGasConst) Atmospheric gas constant [(null)]: 4124.000000 
(PresSurf) Surface pressure due to atmosphere [Pa]: -1.000000 
(DEnvMassDt) Envelope Mass Loss Rate [kg/s]: 0.000000 
(FXUV) XUV flux [W/m^2]: 1664.063612 
(AtmXAbsEffH2O) XUV atmospheric escape efficiency for H2O []: 0.300000 
(RocheRadius) Roche Lobe Radius [m]: 4.776359e+07 
(BondiRadius) Bondi Radius [m]: 3.249618e+08 
(HEscapeRegime) Integer flag for H envelope escape regime []: 8.000000 
(RRCriticalFlux) Critical XUV Flux that separates RR and energy-limited escape [W/m^2]: 58.325035 
(CrossoverMass) Crossover mass, defines oxygen is escaping if mc > mo [kg]: 0.000000 
(WaterEscapeRegime) What water escape regime the code is currently in []: 8.000000 
(FXUVCRITDRAG) Critical Drag XUV flux [W/m^2]: 0.483040 
(HREFFLUX) The Hydrogen Reference Flux (m^-2 s^-1) [m^-2 s^-1]: 1.081897e+21 
(XO2) Molecular oxygen mixing ratio in atmosphere []: 0.000000 
(XH2O) Water mixing ratio in upper atmosphere []: 0.000000 
(HDiffFlux) The Hydrogen Diffusion Flux (m^-2 s^-1) [m^-2 s^-1]: 2.395267e+17 
(HRefODragMod) Multiply by H ref flux to get flux with drag []: 1.000000 
(KTide) Mass loss enhancement due to stellar gravity []: 0.773842 
(CumulativeXUVFlux) Cumulative XUV flux [W/m^2]: 0.000000 
(RunawayGreenhouseFlux) Incident flux that triggers runaway greenhouse [kg/sec^3]: 1292.824260 
(RGDuration) Runaway Greenhouse Duration [years]: 0.00000e+00

Output Order: Time[year] CumulativeXUVFlux[W/m^2]
Grid Output Order:



---- FINAL SYSTEM PROPERTIES ----
(Age) System Age [sec]: 2.566357e+17 
(Time) Simulation Time [sec]: 2.564921e+17 
(TotAngMom) Total Angular Momentum [kg*m^2/sec]: 1.612461e+42 
(TotEnergy) Total System Energy [kg*m^2/sec^2]: -1.067452e+40 
(PotEnergy) Body's non-orbital Potential Energy [kg*m^2/sec^2]: -3.989366e+40 
(KinEnergy) Body's non-orbital Kinetic Energy [kg*m^2/sec^2]: 5.254861e+32 
(DeltaTime) Average Timestep Over Last Output Interval [sec]: 7.889400e+12 

----- BODY: star ----
Active Modules: FLARE STELLAR
Module Bit Sum: 577
Color: 000000
(Mass) Mass [kg]: 3.774760e+29 
(Radius) Radius [m]: 1.430311e+08 
(RadGyra) Radius of Gyration/Moment of Inertia Constant []: 0.460535 
(RotAngMom) Rotational Angular Momentum [kg*m^2/sec]: 1.312000e+39 
(RotVel) Rotational Velocity [m/sec]: 114.574533 
(BodyType) Type of Body (0 == planet) []: 0.000000 
(RotRate) Rotational Frequency [/sec]: 8.010461e-07 
(RotPer) Rotational Period [sec]: 7.843725e+06 
(Density) Average Density [kg/m^3]: 3.079705e+04 
(HZLimitDryRunaway) Semi-major axis of Dry Runaway HZ Limit [m]: 8.785013e+09 
(HZLimRecVenus) Recent Venus HZ Limit [m]: 7.866719e+09 
(HZLimRunaway) Runaway Greenhouse HZ Limit [m]: 1.037725e+10 
(HZLimMoistGreenhouse) Moist Greenhouse HZ Limit [m]: 1.040896e+10 
(HZLimMaxGreenhouse) Maximum Greenhouse HZ Limit [m]: 1.976470e+10 
(HZLimEarlyMars) Early Mars HZ Limit [m]: 2.155558e+10 
(Instellation) Orbit-averaged INcident STELLar radiATION [kg/sec^3]: -1.000000 
(CriticalSemiMajorAxis) Holman & Wiegert (1999) P-type Critical Semi-major Axis [m]: -1.000000 
(LXUVTot) Total XUV Luminosity [LSUN]: 9.545522e-07 
(LostEnergy) Body's Total Lost Energy [kg*m^2/sec^2]: 2.921919e+40 
(LostAngMom) Lost Angular Momentum due to Magnetic Braking [kg*m^2/sec]: 1.608784e+42 
(EscapeVelocity) Escape Velocity [m/sec]: 5.935354e+05 
----- STELLAR PARAMETERS (star)------
(Luminosity) Luminosity [LSUN]: 0.004186 
(LXUVStellar) Base X-ray/XUV Luminosity [LSUN]: 6.242065e-07 
(Temperature) Effective Temperature [K]: 3233.800582 
(LXUVFrac) Fraction of luminosity in XUV []: 0.000149 
(RossbyNumber) Rossby Number []: 1.513665 
(DRotPerDtStellar) Time Rate of Change of Rotation Period in STELLAR []: 1.336484e-11 
(WindTorque) Stellar Wind Torque []: 2.224615e+21 
----- FLARE PARAMETERS (star)------
(LXUVFlare) XUV Luminosity from flares [LSUN]: 3.303393e-07 
(FlareFreq1) First value of flare frequency range [/sec]: 5.484484e-07 
(FlareFreq2) Second value of flare frequency range [/sec]: 3.750993e-07 
(FlareFreq3) Third value of flare frequency range [/sec]: 2.565410e-07 
(FlareFreq4) Fourth value of flare frequency range [/sec]: 1.754556e-07 
(FlareFreqMin) Frequency of the flares with the lowest energy [/sec]: 5.484484e-07 
(FlareFreqMid) Frequency of the flares with the middle energy in the energy range [/sec]: 1.228119e-08 
(FlareFreqMax) Frequency of the flares with the highest energy [/sec]: 2.750078e-10 
(FlareEnergy1) First value of flare energy range [kg*m^2/sec^2]: 5.334000e+25 
(FlareEnergy2) Second value of flare energy range [kg*m^2/sec^2]: 7.534475e+25 
(FlareEnergy3) Third value of flare energy range [kg*m^2/sec^2]: 1.064273e+26 
(FlareEnergy4) Fourth value of flare energy range [kg*m^2/sec^2]: 1.503325e+26 
(FlareEnergyMin) Minimum flare energy [kg*m^2/sec^2]: 5.334000e+25 
(FlareEnergyMid) Middle flare energy in the range of energy values [kg*m^2/sec^2]: 1.686759e+27 
(FlareEnergyMax) Maximum flare energy [kg*m^2/sec^2]: 5.334000e+28 
(FlareYIntOUT) Instantaneous Davenport FFD y-intercept at current age and mass []: 34.673126 
(FlareSlopeOUT) Instantaneous Davenport FFD slope at current age and mass []: -1.099930 

Output Order: Time[year] Luminosity[LSUN] LXUVStellar[LSUN] LXUVFlare[LSUN] LXUVTot[LSUN]
Grid Output Order:

----- BODY: b ----
Active Modules: AtmEsc
Module Bit Sum: 9
Color: 000000
(Mass) Mass [kg]: 9.761422e+24 
(Radius) Radius [m]: 7.257274e+06 
(RadGyra) Radius of Gyration/Moment of Inertia Constant []: 0.500000 
(BodyType) Type of Body (0 == planet) []: 0.000000 
(Density) Average Density [kg/m^3]: 6096.828582 
(HZLimitDryRunaway) Semi-major axis of Dry Runaway HZ Limit [m]: 8.785027e+09 
(HZLimRecVenus) Recent Venus HZ Limit [m]: 7.866719e+09 
(HZLimRunaway) Runaway Greenhouse HZ Limit [m]: 1.037725e+10 
(HZLimMoistGreenhouse) Moist Greenhouse HZ Limit [m]: 1.040896e+10 
(HZLimMaxGreenhouse) Maximum Greenhouse HZ Limit [m]: 1.976470e+10 
(HZLimEarlyMars) Early Mars HZ Limit [m]: 2.155558e+10 
(Instellation) Orbit-averaged INcident STELLar radiATION [kg/sec^3]: 2.360848e+04 
(MeanMotion) Orbital Mean Motion [/sec]: 4.464351e-05 
(OrbPeriod) Orbital Period [sec]: 1.407413e+05 
(SemiMajorAxis) Semi-major Axis [m]: 2.329500e+09 
(LXUVTot) Total XUV Luminosity [kg/sec^3]: -1.000000 
(EscapeVelocity) Escape Velocity [m/sec]: 1.339945e+04 
----- ATMESC PARAMETERS (b)------
(SurfWaterMass) Surface water mass [kg]: 0.000000 
(EnvelopeMass) Envelope mass [kg]: 0.000000 
(OxygenMass) Oxygen mass in the atmosphere [kg]: 0.000000 
(RGLimit) Runaway greenhouse semi-major axis [m]: 9.949828e+09 
(XO) Atomic oxygen mixing ratio in upper atmosphere []: 0.000000 
(EtaO) Oxygen eta parameter (Luger and Barnes 2015) []: 0.000000 
(PlanetRadius) Planet radius [m]: 7.257274e+06 
(OxygenMantleMass) Mass of oxygen in mantle [kg]: 0.000000 
(RadXUV) XUV radius separating hydro. dyn. escape and equilibrium [m]: -1.000000 
(RadSolid) Radius to the solid surface [m]: -1.000000 
(PresXUV) Pressure at base of thermosphere [(null)]: 5.000000 
(ScaleHeight) Scale height in Lehmer & Catling (2016) model [m]: -1.000000 
(ThermTemp) Isothermal atmospheric temperature [K]: 400.000000 
(AtmGasConst) Atmospheric gas constant [(null)]: 4124.000000 
(PresSurf) Surface pressure due to atmosphere [Pa]: -1.000000 
(DEnvMassDt) Envelope Mass Loss Rate [kg/s]: 0.000000 
(FXUV) XUV flux [W/m^2]: 5.383618 
(AtmXAbsEffH2O) XUV atmospheric escape efficiency for H2O []: 0.300000 
(RocheRadius) Roche Lobe Radius [m]: 4.776359e+07 
(BondiRadius) Bondi Radius [m]: 6.172679e+08 
(HEscapeRegime) Integer flag for H envelope escape regime []: 8.000000 
(RRCriticalFlux) Critical XUV Flux that separates RR and energy-limited escape [W/m^2]: 58.325035 
(CrossoverMass) Crossover mass, defines oxygen is escaping if mc > mo [kg]: 0.000000 
(WaterEscapeRegime) What water escape regime the code is currently in []: 8.000000 
(FXUVCRITDRAG) Critical Drag XUV flux [W/m^2]: 0.483040 
(HREFFLUX) The Hydrogen Reference Flux (m^-2 s^-1) [m^-2 s^-1]: 3.500180e+18 
(XO2) Molecular oxygen mixing ratio in atmosphere []: 0.000000 
(XH2O) Water mixing ratio in upper atmosphere []: 0.000000 
(HDiffFlux) The Hydrogen Diffusion Flux (m^-2 s^-1) [m^-2 s^-1]: 2.395267e+17 
(HRefODragMod) Multiply by H ref flux to get flux with drag []: 1.000000 
(KTide) Mass loss enhancement due to stellar gravity []: 0.773842 
(CumulativeXUVFlux) Cumulative XUV flux [W/m^2]: 9.080751e+18 
(RunawayGreenhouseFlux) Incident flux that triggers runaway greenhouse [kg/sec^3]: 1294.079901 
(RGDuration) Runaway Greenhouse Duration [years]: 0.00000e+00

Output Order: Time[year] CumulativeXUVFlux[W/m^2]
Grid Output Order:
