-------- Log file gj1132.log -------

Executable: /home/vplanet/.local/bin/vplanet
Version: Unknown
System Name: gj1132
Primary Input File: vpl.in
Body File #1: star.in
Body File #2: b.in
Allow files to be overwitten: Yes
Mass Units: Grams
Length Units: Meters
Time Units: Seconds
Angle Units: Radians

------- FORMATTING -----
Verbosity Level: 5
Crossover Decade for Scientific Notation: 4
Number of Digits After Decimal: 6
Integration Method: Runge-Kutta4
Direction: Forward
Time Step: 3.155760e+07
Stop Time: 1.861902e+17
Output Interval: 3.155760e+13
Use Variable Timestep: Yes
dEta: 0.010000
Minimum Value of ecc and obl: 1.000000e-10


---- INITIAL SYSTEM PROPERTIES ----
(Age) System Age [sec]: 1.204272e+14 
(Time) Simulation Time [sec]: 0.000000 
(TotAngMom) Total Angular Momentum [kg*m^2/sec]: 1.793404e+42 
(TotEnergy) Total System Energy [kg*m^2/sec^2]: -9.676573e+39 
(PotEnergy) Body's non-orbital Potential Energy [kg*m^2/sec^2]: -9.741642e+39 
(KinEnergy) Body's non-orbital Kinetic Energy [kg*m^2/sec^2]: 6.512304e+37 
(DeltaTime) Average Timestep Over Last Output Interval [sec]: 0.000000 

----- BODY: star ----
Active Modules: FLARE STELLAR
Module Bit Sum: 577
Color: 000000
(Mass) Mass [kg]: 3.713273e+29 
(Radius) Radius [m]: 5.668097e+08 
(RadGyra) Radius of Gyration/Moment of Inertia Constant []: 0.454360 
(RotAngMom) Rotational Angular Momentum [kg*m^2/sec]: 1.791012e+42 
(RotVel) Rotational Velocity [m/sec]: 4.121957e+04 
(BodyType) Type of Body (0 == planet) []: 0.000000 
(RotRate) Rotational Frequency [/sec]: 7.272205e-05 
(RotPer) Rotational Period [sec]: 8.640000e+04 
(Density) Average Density [kg/m^3]: 486.806496 
(HZLimitDryRunaway) Semi-major axis of Dry Runaway HZ Limit [m]: 3.328406e+10 
(HZLimRecVenus) Recent Venus HZ Limit [m]: 2.984385e+10 
(HZLimRunaway) Runaway Greenhouse HZ Limit [m]: 3.934410e+10 
(HZLimMoistGreenhouse) Moist Greenhouse HZ Limit [m]: 3.948832e+10 
(HZLimMaxGreenhouse) Maximum Greenhouse HZ Limit [m]: 7.517591e+10 
(HZLimEarlyMars) Early Mars HZ Limit [m]: 8.198727e+10 
(Instellation) Orbit-averaged INcident STELLar radiATION [kg/sec^3]: -1.000000 
(CriticalSemiMajorAxis) Holman & Wiegert (1999) P-type Critical Semi-major Axis [m]: -1.000000 
(LXUVTot) Total XUV Luminosity [LSUN]: 6.955454e-05 
(LostEnergy) Body's Total Lost Energy [kg*m^2/sec^2]: 5.562685e-309 
(LostAngMom) Lost Angular Momentum due to Magnetic Braking [kg*m^2/sec]: 5.562685e-309 
(EscapeVelocity) Escape Velocity [m/sec]: 2.957175e+05 
----- STELLAR PARAMETERS (star)------
(Luminosity) Luminosity [LSUN]: 0.060087 
(LXUVStellar) Base X-ray/XUV Luminosity [LSUN]: 6.872156e-05 
(Temperature) Effective Temperature [K]: 3165.559460 
(LXUVFrac) Fraction of luminosity in XUV []: 0.001144 
(RossbyNumber) Rossby Number []: 0.016101 
(DRotPerDtStellar) Time Rate of Change of Rotation Period in STELLAR []: -1.505905e-10 
(WindTorque) Stellar Wind Torque []: 8.414788e+27 
----- FLARE PARAMETERS (star)------
(LXUVFlare) XUV Luminosity from flares [LSUN]: 8.329830e-07 
(FlareFreq1) First value of flare frequency range [/sec]: 3.140371e-05 
(FlareFreq2) Second value of flare frequency range [/sec]: 2.730252e-05 
(FlareFreq3) Third value of flare frequency range [/sec]: 2.373693e-05 
(FlareFreq4) Fourth value of flare frequency range [/sec]: 2.063699e-05 
(FlareFreqMin) Frequency of the flares with the lowest energy [/sec]: 3.140371e-05 
(FlareFreqMid) Frequency of the flares with the middle energy in the energy range [/sec]: 7.748164e-06 
(FlareFreqMax) Frequency of the flares with the highest energy [/sec]: 1.911686e-06 
(FlareEnergy1) First value of flare energy range [kg*m^2/sec^2]: 5.334000e+23 
(FlareEnergy2) Second value of flare energy range [kg*m^2/sec^2]: 6.715108e+23 
(FlareEnergy3) Third value of flare energy range [kg*m^2/sec^2]: 8.453820e+23 
(FlareEnergy4) Fourth value of flare energy range [kg*m^2/sec^2]: 1.064273e+24 
(FlareEnergyMin) Minimum flare energy [kg*m^2/sec^2]: 5.334000e+23 
(FlareEnergyMid) Middle flare energy in the range of energy values [kg*m^2/sec^2]: 5.334000e+24 
(FlareEnergyMax) Maximum flare energy [kg*m^2/sec^2]: 5.334000e+25 
(FlareYIntOUT) Instantaneous Davenport FFD y-intercept at current age and mass []: 19.108851 
(FlareSlopeOUT) Instantaneous Davenport FFD slope at current age and mass []: -0.607782 

Output Order: Time[year] Luminosity[LSUN] LXUVStellar[LSUN] LXUVFlare[LSUN] LXUVTot[LSUN]
Grid Output Order:

----- BODY: b ----
Active Modules: AtmEsc
Module Bit Sum: 9
Color: 000000
(Mass) Mass [kg]: 9.982786e+24 
(Radius) Radius [m]: 7.223808e+06 
(RadGyra) Radius of Gyration/Moment of Inertia Constant []: 0.500000 
(BodyType) Type of Body (0 == planet) []: 0.000000 
(Density) Average Density [kg/m^3]: 6322.147024 
(HZLimitDryRunaway) Semi-major axis of Dry Runaway HZ Limit [m]: 3.328487e+10 
(HZLimRecVenus) Recent Venus HZ Limit [m]: 2.984385e+10 
(HZLimRunaway) Runaway Greenhouse HZ Limit [m]: 3.934410e+10 
(HZLimMoistGreenhouse) Moist Greenhouse HZ Limit [m]: 3.948832e+10 
(HZLimMaxGreenhouse) Maximum Greenhouse HZ Limit [m]: 7.517591e+10 
(HZLimEarlyMars) Early Mars HZ Limit [m]: 8.198727e+10 
(Instellation) Orbit-averaged INcident STELLar radiATION [kg/sec^3]: 3.426289e+05 
(MeanMotion) Orbital Mean Motion [/sec]: 4.464378e-05 
(OrbPeriod) Orbital Period [sec]: 1.407404e+05 
(SemiMajorAxis) Semi-major Axis [m]: 2.316774e+09 
(LXUVTot) Total XUV Luminosity [kg/sec^3]: -1.000000 
(EscapeVelocity) Escape Velocity [m/sec]: 1.358188e+04 
----- ATMESC PARAMETERS (b)------
(SurfWaterMass) Surface water mass [kg]: 0.000000 
(EnvelopeMass) Envelope mass [kg]: 0.000000 
(OxygenMass) Oxygen mass in the atmosphere [kg]: 0.000000 
(RGLimit) Runaway greenhouse semi-major axis [m]: 3.770287e+10 
(XO) Atomic oxygen mixing ratio in upper atmosphere []: 0.000000 
(EtaO) Oxygen eta parameter (Luger and Barnes 2015) []: 0.000000 
(PlanetRadius) Planet radius [m]: 7.223808e+06 
(OxygenMantleMass) Mass of oxygen in mantle [kg]: 0.000000 
(RadXUV) XUV radius separating hydro. dyn. escape and equilibrium [m]: -1.000000 
(RadSolid) Radius to the solid surface [m]: -1.000000 
(PresXUV) Pressure at base of thermosphere [(null)]: 5.000000 
(ScaleHeight) Scale height in Lehmer & Catling (2016) model [m]: -1.000000 
(ThermTemp) Isothermal atmospheric temperature [K]: 400.000000 
(AtmGasConst) Atmospheric gas constant [(null)]: 4124.000000 
(PresSurf) Surface pressure due to atmosphere [Pa]: -1.000000 
(DEnvMassDt) Envelope Mass Loss Rate [kg/s]: 0.000000 
(FXUV) XUV flux [W/m^2]: 396.614189 
(AtmXAbsEffH2O) XUV atmospheric escape efficiency for H2O []: 0.300000 
(RocheRadius) Roche Lobe Radius [m]: 4.812176e+07 
(BondiRadius) Bondi Radius [m]: 3.248338e+08 
(HEscapeRegime) Integer flag for H envelope escape regime []: 8.000000 
(RRCriticalFlux) Critical XUV Flux that separates RR and energy-limited escape [W/m^2]: 62.280763 
(CrossoverMass) Crossover mass, defines oxygen is escaping if mc > mo [kg]: 0.000000 
(WaterEscapeRegime) What water escape regime the code is currently in []: 8.000000 
(FXUVCRITDRAG) Critical Drag XUV flux [W/m^2]: 0.512251 
(HREFFLUX) The Hydrogen Reference Flux (m^-2 s^-1) [m^-2 s^-1]: 2.501143e+20 
(XO2) Molecular oxygen mixing ratio in atmosphere []: 0.000000 
(XH2O) Water mixing ratio in upper atmosphere []: 0.000000 
(HDiffFlux) The Hydrogen Diffusion Flux (m^-2 s^-1) [m^-2 s^-1]: 2.472335e+17 
(HRefODragMod) Multiply by H ref flux to get flux with drag []: 1.000000 
(KTide) Mass loss enhancement due to stellar gravity []: 0.776519 
(CumulativeXUVFlux) Cumulative XUV flux [W/m^2]: 0.000000 
(RunawayGreenhouseFlux) Incident flux that triggers runaway greenhouse [kg/sec^3]: 1293.662950 
(RGDuration) Runaway Greenhouse Duration [years]: 0.00000e+00

Output Order: Time[year] CumulativeXUVFlux[W/m^2]
Grid Output Order:



---- FINAL SYSTEM PROPERTIES ----
(Age) System Age [sec]: 1.863418e+17 
(Time) Simulation Time [sec]: 1.862214e+17 
(TotAngMom) Total Angular Momentum [kg*m^2/sec]: 1.799645e+42 
(TotEnergy) Total System Energy [kg*m^2/sec^2]: -9.657544e+39 
(PotEnergy) Body's non-orbital Potential Energy [kg*m^2/sec^2]: -3.925842e+40 
(KinEnergy) Body's non-orbital Kinetic Energy [kg*m^2/sec^2]: 7.240358e+32 
(DeltaTime) Average Timestep Over Last Output Interval [sec]: 1.577880e+13 

----- BODY: star ----
Active Modules: FLARE STELLAR
Module Bit Sum: 577
Color: 000000
(Mass) Mass [kg]: 3.713273e+29 
(Radius) Radius [m]: 1.406490e+08 
(RadGyra) Radius of Gyration/Moment of Inertia Constant []: 0.460699 
(RotAngMom) Rotational Angular Momentum [kg*m^2/sec]: 1.502546e+39 
(RotVel) Rotational Velocity [m/sec]: 135.549797 
(BodyType) Type of Body (0 == planet) []: 0.000000 
(RotRate) Rotational Frequency [/sec]: 9.637453e-07 
(RotPer) Rotational Period [sec]: 6.519550e+06 
(Density) Average Density [kg/m^3]: 3.186093e+04 
(HZLimitDryRunaway) Semi-major axis of Dry Runaway HZ Limit [m]: 8.610428e+09 
(HZLimRecVenus) Recent Venus HZ Limit [m]: 7.711588e+09 
(HZLimRunaway) Runaway Greenhouse HZ Limit [m]: 1.017188e+10 
(HZLimMoistGreenhouse) Moist Greenhouse HZ Limit [m]: 1.020370e+10 
(HZLimMaxGreenhouse) Maximum Greenhouse HZ Limit [m]: 1.938088e+10 
(HZLimEarlyMars) Early Mars HZ Limit [m]: 2.113697e+10 
(Instellation) Orbit-averaged INcident STELLar radiATION [kg/sec^3]: -1.000000 
(CriticalSemiMajorAxis) Holman & Wiegert (1999) P-type Critical Semi-major Axis [m]: -1.000000 
(LXUVTot) Total XUV Luminosity [LSUN]: 6.304731e-07 
(LostEnergy) Body's Total Lost Energy [kg*m^2/sec^2]: 2.960093e+40 
(LostAngMom) Lost Angular Momentum due to Magnetic Braking [kg*m^2/sec]: 1.795750e+42 
(EscapeVelocity) Escape Velocity [m/sec]: 5.936457e+05 
----- STELLAR PARAMETERS (star)------
(Luminosity) Luminosity [LSUN]: 0.004021 
(LXUVStellar) Base X-ray/XUV Luminosity [LSUN]: 2.398251e-07 
(Temperature) Effective Temperature [K]: 3225.761409 
(LXUVFrac) Fraction of luminosity in XUV []: 5.963984e-05 
(RossbyNumber) Rossby Number []: 1.252959 
(DRotPerDtStellar) Time Rate of Change of Rotation Period in STELLAR []: 2.254526e-11 
(WindTorque) Stellar Wind Torque []: 5.183611e+21 
----- FLARE PARAMETERS (star)------
(LXUVFlare) XUV Luminosity from flares [LSUN]: 3.906428e-07 
(FlareFreq1) First value of flare frequency range [/sec]: 8.342847e-05 
(FlareFreq2) Second value of flare frequency range [/sec]: 6.506643e-05 
(FlareFreq3) Third value of flare frequency range [/sec]: 5.074575e-05 
(FlareFreq4) Fourth value of flare frequency range [/sec]: 3.957695e-05 
(FlareFreqMin) Frequency of the flares with the lowest energy [/sec]: 8.342847e-05 
(FlareFreqMid) Frequency of the flares with the middle energy in the energy range [/sec]: 6.946104e-06 
(FlareFreqMax) Frequency of the flares with the highest energy [/sec]: 5.783201e-07 
(FlareEnergy1) First value of flare energy range [kg*m^2/sec^2]: 5.334000e+23 
(FlareEnergy2) Second value of flare energy range [kg*m^2/sec^2]: 6.715108e+23 
(FlareEnergy3) Third value of flare energy range [kg*m^2/sec^2]: 8.453820e+23 
(FlareEnergy4) Fourth value of flare energy range [kg*m^2/sec^2]: 1.064273e+24 
(FlareEnergyMin) Minimum flare energy [kg*m^2/sec^2]: 5.334000e+23 
(FlareEnergyMid) Middle flare energy in the range of energy values [kg*m^2/sec^2]: 5.334000e+24 
(FlareEnergyMax) Maximum flare energy [kg*m^2/sec^2]: 5.334000e+25 
(FlareYIntOUT) Instantaneous Davenport FFD y-intercept at current age and mass []: 34.029924 
(FlareSlopeOUT) Instantaneous Davenport FFD slope at current age and mass []: -1.079573 

Output Order: Time[year] Luminosity[LSUN] LXUVStellar[LSUN] LXUVFlare[LSUN] LXUVTot[LSUN]
Grid Output Order:

----- BODY: b ----
Active Modules: AtmEsc
Module Bit Sum: 9
Color: 000000
(Mass) Mass [kg]: 9.982786e+24 
(Radius) Radius [m]: 7.223808e+06 
(RadGyra) Radius of Gyration/Moment of Inertia Constant []: 0.500000 
(BodyType) Type of Body (0 == planet) []: 0.000000 
(Density) Average Density [kg/m^3]: 6322.147024 
(HZLimitDryRunaway) Semi-major axis of Dry Runaway HZ Limit [m]: 8.610639e+09 
(HZLimRecVenus) Recent Venus HZ Limit [m]: 7.711588e+09 
(HZLimRunaway) Runaway Greenhouse HZ Limit [m]: 1.017188e+10 
(HZLimMoistGreenhouse) Moist Greenhouse HZ Limit [m]: 1.020370e+10 
(HZLimMaxGreenhouse) Maximum Greenhouse HZ Limit [m]: 1.938088e+10 
(HZLimEarlyMars) Early Mars HZ Limit [m]: 2.113697e+10 
(Instellation) Orbit-averaged INcident STELLar radiATION [kg/sec^3]: 2.292983e+04 
(MeanMotion) Orbital Mean Motion [/sec]: 4.464378e-05 
(OrbPeriod) Orbital Period [sec]: 1.407404e+05 
(SemiMajorAxis) Semi-major Axis [m]: 2.316774e+09 
(LXUVTot) Total XUV Luminosity [kg/sec^3]: -1.000000 
(EscapeVelocity) Escape Velocity [m/sec]: 1.358188e+04 
----- ATMESC PARAMETERS (b)------
(SurfWaterMass) Surface water mass [kg]: 0.000000 
(EnvelopeMass) Envelope mass [kg]: 0.000000 
(OxygenMass) Oxygen mass in the atmosphere [kg]: 0.000000 
(RGLimit) Runaway greenhouse semi-major axis [m]: 9.747726e+09 
(XO) Atomic oxygen mixing ratio in upper atmosphere []: 0.000000 
(EtaO) Oxygen eta parameter (Luger and Barnes 2015) []: 0.000000 
(PlanetRadius) Planet radius [m]: 7.223808e+06 
(OxygenMantleMass) Mass of oxygen in mantle [kg]: 0.000000 
(RadXUV) XUV radius separating hydro. dyn. escape and equilibrium [m]: -1.000000 
(RadSolid) Radius to the solid surface [m]: -1.000000 
(PresXUV) Pressure at base of thermosphere [(null)]: 5.000000 
(ScaleHeight) Scale height in Lehmer & Catling (2016) model [m]: -1.000000 
(ThermTemp) Isothermal atmospheric temperature [K]: 400.000000 
(AtmGasConst) Atmospheric gas constant [(null)]: 4124.000000 
(PresSurf) Surface pressure due to atmosphere [Pa]: -1.000000 
(DEnvMassDt) Envelope Mass Loss Rate [kg/s]: 0.000000 
(FXUV) XUV flux [W/m^2]: 3.595086 
(AtmXAbsEffH2O) XUV atmospheric escape efficiency for H2O []: 0.300000 
(RocheRadius) Roche Lobe Radius [m]: 4.812176e+07 
(BondiRadius) Bondi Radius [m]: 6.399261e+08 
(HEscapeRegime) Integer flag for H envelope escape regime []: 8.000000 
(RRCriticalFlux) Critical XUV Flux that separates RR and energy-limited escape [W/m^2]: 62.280763 
(CrossoverMass) Crossover mass, defines oxygen is escaping if mc > mo [kg]: 0.000000 
(WaterEscapeRegime) What water escape regime the code is currently in []: 8.000000 
(FXUVCRITDRAG) Critical Drag XUV flux [W/m^2]: 0.512251 
(HREFFLUX) The Hydrogen Reference Flux (m^-2 s^-1) [m^-2 s^-1]: 2.267147e+18 
(XO2) Molecular oxygen mixing ratio in atmosphere []: 0.000000 
(XH2O) Water mixing ratio in upper atmosphere []: 0.000000 
(HDiffFlux) The Hydrogen Diffusion Flux (m^-2 s^-1) [m^-2 s^-1]: 2.472335e+17 
(HRefODragMod) Multiply by H ref flux to get flux with drag []: 1.000000 
(KTide) Mass loss enhancement due to stellar gravity []: 0.776519 
(CumulativeXUVFlux) Cumulative XUV flux [W/m^2]: 1.872638e+18 
(RunawayGreenhouseFlux) Incident flux that triggers runaway greenhouse [kg/sec^3]: 1295.210105 
(RGDuration) Runaway Greenhouse Duration [years]: 0.00000e+00

Output Order: Time[year] CumulativeXUVFlux[W/m^2]
Grid Output Order:
