-------- Log file gj1132.log -------

Executable: /home/vplanet/.local/bin/vplanet
Version: Unknown
System Name: gj1132
Primary Input File: vpl.in
Body File #1: star.in
Body File #2: b.in
Allow files to be overwitten: Yes
Mass Units: Grams
Length Units: Meters
Time Units: Seconds
Angle Units: Radians

------- FORMATTING -----
Verbosity Level: 5
Crossover Decade for Scientific Notation: 4
Number of Digits After Decimal: 6
Integration Method: Runge-Kutta4
Direction: Forward
Time Step: 3.155760e+07
Stop Time: 2.255086e+17
Output Interval: 3.155760e+13
Use Variable Timestep: Yes
dEta: 0.010000
Minimum Value of ecc and obl: 1.000000e-10


---- INITIAL SYSTEM PROPERTIES ----
(Age) System Age [sec]: 1.728589e+14 
(Time) Simulation Time [sec]: 0.000000 
(TotAngMom) Total Angular Momentum [kg*m^2/sec]: 1.464147e+42 
(TotEnergy) Total System Energy [kg*m^2/sec^2]: -1.187875e+40 
(PotEnergy) Body's non-orbital Potential Energy [kg*m^2/sec^2]: -1.193184e+40 
(KinEnergy) Body's non-orbital Kinetic Energy [kg*m^2/sec^2]: 5.314881e+37 
(DeltaTime) Average Timestep Over Last Output Interval [sec]: 0.000000 

----- BODY: star ----
Active Modules: FLARE STELLAR
Module Bit Sum: 577
Color: 000000
(Mass) Mass [kg]: 3.860661e+29 
(Radius) Radius [m]: 5.002322e+08 
(RadGyra) Radius of Gyration/Moment of Inertia Constant []: 0.456135 
(RotAngMom) Rotational Angular Momentum [kg*m^2/sec]: 1.461697e+42 
(RotVel) Rotational Velocity [m/sec]: 3.637791e+04 
(BodyType) Type of Body (0 == planet) []: 0.000000 
(RotRate) Rotational Frequency [/sec]: 7.272205e-05 
(RotPer) Rotational Period [sec]: 8.640000e+04 
(Density) Average Density [kg/m^3]: 736.305768 
(HZLimitDryRunaway) Semi-major axis of Dry Runaway HZ Limit [m]: 3.021138e+10 
(HZLimRecVenus) Recent Venus HZ Limit [m]: 2.706574e+10 
(HZLimRunaway) Runaway Greenhouse HZ Limit [m]: 3.569578e+10 
(HZLimMoistGreenhouse) Moist Greenhouse HZ Limit [m]: 3.581242e+10 
(HZLimMaxGreenhouse) Maximum Greenhouse HZ Limit [m]: 6.806229e+10 
(HZLimEarlyMars) Early Mars HZ Limit [m]: 7.422930e+10 
(Instellation) Orbit-averaged INcident STELLar radiATION [kg/sec^3]: -1.000000 
(CriticalSemiMajorAxis) Holman & Wiegert (1999) P-type Critical Semi-major Axis [m]: -1.000000 
(LXUVTot) Total XUV Luminosity [LSUN]: 0.000924 
(LostEnergy) Body's Total Lost Energy [kg*m^2/sec^2]: 5.562685e-309 
(LostAngMom) Lost Angular Momentum due to Magnetic Braking [kg*m^2/sec]: 5.562685e-309 
(EscapeVelocity) Escape Velocity [m/sec]: 3.209684e+05 
----- STELLAR PARAMETERS (star)------
(Luminosity) Luminosity [LSUN]: 0.049505 
(LXUVStellar) Base X-ray/XUV Luminosity [LSUN]: 0.000912 
(Temperature) Effective Temperature [K]: 3210.234550 
(LXUVFrac) Fraction of luminosity in XUV []: 0.018431 
(RossbyNumber) Rossby Number []: 0.016473 
(DRotPerDtStellar) Time Rate of Change of Rotation Period in STELLAR []: -1.245972e-10 
(WindTorque) Stellar Wind Torque []: 4.210720e+27 
----- FLARE PARAMETERS (star)------
(LXUVFlare) XUV Luminosity from flares [LSUN]: 1.140124e-05 
(FlareFreq1) First value of flare frequency range [/sec]: 1.813908e-06 
(FlareFreq2) Second value of flare frequency range [/sec]: 1.459945e-06 
(FlareFreq3) Third value of flare frequency range [/sec]: 1.175054e-06 
(FlareFreq4) Fourth value of flare frequency range [/sec]: 9.457558e-07 
(FlareFreqMin) Frequency of the flares with the lowest energy [/sec]: 1.813908e-06 
(FlareFreqMid) Frequency of the flares with the middle energy in the energy range [/sec]: 2.069320e-07 
(FlareFreqMax) Frequency of the flares with the highest energy [/sec]: 2.360695e-08 
(FlareEnergy1) First value of flare energy range [kg*m^2/sec^2]: 5.334000e+25 
(FlareEnergy2) Second value of flare energy range [kg*m^2/sec^2]: 7.534475e+25 
(FlareEnergy3) Third value of flare energy range [kg*m^2/sec^2]: 1.064273e+26 
(FlareEnergy4) Fourth value of flare energy range [kg*m^2/sec^2]: 1.503325e+26 
(FlareEnergyMin) Minimum flare energy [kg*m^2/sec^2]: 5.334000e+25 
(FlareEnergyMid) Middle flare energy in the range of energy values [kg*m^2/sec^2]: 1.686759e+27 
(FlareEnergyMax) Maximum flare energy [kg*m^2/sec^2]: 5.334000e+28 
(FlareYIntOUT) Instantaneous Davenport FFD y-intercept at current age and mass []: 19.764905 
(FlareSlopeOUT) Instantaneous Davenport FFD slope at current age and mass []: -0.628525 

Output Order: Time[year] Luminosity[LSUN] LXUVStellar[LSUN] LXUVFlare[LSUN] LXUVTot[LSUN]
Grid Output Order:

----- BODY: b ----
Active Modules: AtmEsc
Module Bit Sum: 9
Color: 000000
(Mass) Mass [kg]: 9.962911e+24 
(Radius) Radius [m]: 7.205972e+06 
(RadGyra) Radius of Gyration/Moment of Inertia Constant []: 0.500000 
(BodyType) Type of Body (0 == planet) []: 0.000000 
(Density) Average Density [kg/m^3]: 6356.528010 
(HZLimitDryRunaway) Semi-major axis of Dry Runaway HZ Limit [m]: 3.021186e+10 
(HZLimRecVenus) Recent Venus HZ Limit [m]: 2.706574e+10 
(HZLimRunaway) Runaway Greenhouse HZ Limit [m]: 3.569578e+10 
(HZLimMoistGreenhouse) Moist Greenhouse HZ Limit [m]: 3.581242e+10 
(HZLimMaxGreenhouse) Maximum Greenhouse HZ Limit [m]: 6.806229e+10 
(HZLimEarlyMars) Early Mars HZ Limit [m]: 7.422930e+10 
(Instellation) Orbit-averaged INcident STELLar radiATION [kg/sec^3]: 2.750598e+05 
(MeanMotion) Orbital Mean Motion [/sec]: 4.464439e-05 
(OrbPeriod) Orbital Period [sec]: 1.407385e+05 
(SemiMajorAxis) Semi-major Axis [m]: 2.347008e+09 
(LXUVTot) Total XUV Luminosity [kg/sec^3]: -1.000000 
(EscapeVelocity) Escape Velocity [m/sec]: 1.358514e+04 
----- ATMESC PARAMETERS (b)------
(SurfWaterMass) Surface water mass [kg]: 0.000000 
(EnvelopeMass) Envelope mass [kg]: 0.000000 
(OxygenMass) Oxygen mass in the atmosphere [kg]: 0.000000 
(RGLimit) Runaway greenhouse semi-major axis [m]: 3.420884e+10 
(XO) Atomic oxygen mixing ratio in upper atmosphere []: 0.000000 
(EtaO) Oxygen eta parameter (Luger and Barnes 2015) []: 0.000000 
(PlanetRadius) Planet radius [m]: 7.205972e+06 
(OxygenMantleMass) Mass of oxygen in mantle [kg]: 0.000000 
(RadXUV) XUV radius separating hydro. dyn. escape and equilibrium [m]: -1.000000 
(RadSolid) Radius to the solid surface [m]: -1.000000 
(PresXUV) Pressure at base of thermosphere [(null)]: 5.000000 
(ScaleHeight) Scale height in Lehmer & Catling (2016) model [m]: -1.000000 
(ThermTemp) Isothermal atmospheric temperature [K]: 400.000000 
(AtmGasConst) Atmospheric gas constant [(null)]: 4124.000000 
(PresSurf) Surface pressure due to atmosphere [Pa]: -1.000000 
(DEnvMassDt) Envelope Mass Loss Rate [kg/s]: 0.000000 
(FXUV) XUV flux [W/m^2]: 5132.927917 
(AtmXAbsEffH2O) XUV atmospheric escape efficiency for H2O []: 0.300000 
(RocheRadius) Roche Lobe Radius [m]: 4.808935e+07 
(BondiRadius) Bondi Radius [m]: 3.380858e+08 
(HEscapeRegime) Integer flag for H envelope escape regime []: 8.000000 
(RRCriticalFlux) Critical XUV Flux that separates RR and energy-limited escape [W/m^2]: 62.558459 
(CrossoverMass) Crossover mass, defines oxygen is escaping if mc > mo [kg]: 0.000000 
(WaterEscapeRegime) What water escape regime the code is currently in []: 8.000000 
(FXUVCRITDRAG) Critical Drag XUV flux [W/m^2]: 0.514011 
(HREFFLUX) The Hydrogen Reference Flux (m^-2 s^-1) [m^-2 s^-1]: 3.233749e+21 
(XO2) Molecular oxygen mixing ratio in atmosphere []: 0.000000 
(XH2O) Water mixing ratio in upper atmosphere []: 0.000000 
(HDiffFlux) The Hydrogen Diffusion Flux (m^-2 s^-1) [m^-2 s^-1]: 2.479642e+17 
(HRefODragMod) Multiply by H ref flux to get flux with drag []: 1.000000 
(KTide) Mass loss enhancement due to stellar gravity []: 0.776914 
(CumulativeXUVFlux) Cumulative XUV flux [W/m^2]: 0.000000 
(RunawayGreenhouseFlux) Incident flux that triggers runaway greenhouse [kg/sec^3]: 1294.689076 
(RGDuration) Runaway Greenhouse Duration [years]: 0.00000e+00

Output Order: Time[year] CumulativeXUVFlux[W/m^2]
Grid Output Order:



---- FINAL SYSTEM PROPERTIES ----
(Age) System Age [sec]: 2.256835e+17 
(Time) Simulation Time [sec]: 2.255106e+17 
(TotAngMom) Total Angular Momentum [kg*m^2/sec]: 1.466832e+42 
(TotEnergy) Total System Energy [kg*m^2/sec^2]: -1.187638e+40 
(PotEnergy) Body's non-orbital Potential Energy [kg*m^2/sec^2]: -4.081588e+40 
(KinEnergy) Body's non-orbital Kinetic Energy [kg*m^2/sec^2]: 6.060774e+32 
(DeltaTime) Average Timestep Over Last Output Interval [sec]: 1.577880e+13 

----- BODY: star ----
Active Modules: FLARE STELLAR
Module Bit Sum: 577
Color: 000000
(Mass) Mass [kg]: 3.860661e+29 
(Radius) Radius [m]: 1.462345e+08 
(RadGyra) Radius of Gyration/Moment of Inertia Constant []: 0.460374 
(RotAngMom) Rotational Angular Momentum [kg*m^2/sec]: 1.456365e+39 
(RotVel) Rotational Velocity [m/sec]: 121.713243 
(BodyType) Type of Body (0 == planet) []: 0.000000 
(RotRate) Rotational Frequency [/sec]: 8.323155e-07 
(RotPer) Rotational Period [sec]: 7.549043e+06 
(Density) Average Density [kg/m^3]: 2.947294e+04 
(HZLimitDryRunaway) Semi-major axis of Dry Runaway HZ Limit [m]: 9.022434e+09 
(HZLimRecVenus) Recent Venus HZ Limit [m]: 8.077685e+09 
(HZLimRunaway) Runaway Greenhouse HZ Limit [m]: 1.065654e+10 
(HZLimMoistGreenhouse) Moist Greenhouse HZ Limit [m]: 1.068810e+10 
(HZLimMaxGreenhouse) Maximum Greenhouse HZ Limit [m]: 2.028669e+10 
(HZLimEarlyMars) Early Mars HZ Limit [m]: 2.212488e+10 
(Instellation) Orbit-averaged INcident STELLar radiATION [kg/sec^3]: -1.000000 
(CriticalSemiMajorAxis) Holman & Wiegert (1999) P-type Critical Semi-major Axis [m]: -1.000000 
(LXUVTot) Total XUV Luminosity [LSUN]: 2.557751e-06 
(LostEnergy) Body's Total Lost Energy [kg*m^2/sec^2]: 2.893955e+40 
(LostAngMom) Lost Angular Momentum due to Magnetic Braking [kg*m^2/sec]: 1.462925e+42 
(EscapeVelocity) Escape Velocity [m/sec]: 5.936399e+05 
----- STELLAR PARAMETERS (star)------
(Luminosity) Luminosity [LSUN]: 0.004415 
(LXUVStellar) Base X-ray/XUV Luminosity [LSUN]: 2.201973e-06 
(Temperature) Effective Temperature [K]: 3244.181073 
(LXUVFrac) Fraction of luminosity in XUV []: 0.000499 
(RossbyNumber) Rossby Number []: 1.464564 
(DRotPerDtStellar) Time Rate of Change of Rotation Period in STELLAR []: 1.729637e-11 
(WindTorque) Stellar Wind Torque []: 2.986724e+21 
----- FLARE PARAMETERS (star)------
(LXUVFlare) XUV Luminosity from flares [LSUN]: 3.557561e-07 
(FlareFreq1) First value of flare frequency range [/sec]: 5.613393e-07 
(FlareFreq2) Second value of flare frequency range [/sec]: 3.855365e-07 
(FlareFreq3) Third value of flare frequency range [/sec]: 2.647925e-07 
(FlareFreq4) Fourth value of flare frequency range [/sec]: 1.818636e-07 
(FlareFreqMin) Frequency of the flares with the lowest energy [/sec]: 5.613393e-07 
(FlareFreqMid) Frequency of the flares with the middle energy in the energy range [/sec]: 1.311072e-08 
(FlareFreqMax) Frequency of the flares with the highest energy [/sec]: 3.062158e-10 
(FlareEnergy1) First value of flare energy range [kg*m^2/sec^2]: 5.334000e+25 
(FlareEnergy2) Second value of flare energy range [kg*m^2/sec^2]: 7.534475e+25 
(FlareEnergy3) Third value of flare energy range [kg*m^2/sec^2]: 1.064273e+26 
(FlareEnergy4) Fourth value of flare energy range [kg*m^2/sec^2]: 1.503325e+26 
(FlareEnergyMin) Minimum flare energy [kg*m^2/sec^2]: 5.334000e+25 
(FlareEnergyMid) Middle flare energy in the range of energy values [kg*m^2/sec^2]: 1.686759e+27 
(FlareEnergyMax) Maximum flare energy [kg*m^2/sec^2]: 5.334000e+28 
(FlareYIntOUT) Instantaneous Davenport FFD y-intercept at current age and mass []: 34.284023 
(FlareSlopeOUT) Instantaneous Davenport FFD slope at current age and mass []: -1.087733 

Output Order: Time[year] Luminosity[LSUN] LXUVStellar[LSUN] LXUVFlare[LSUN] LXUVTot[LSUN]
Grid Output Order:

----- BODY: b ----
Active Modules: AtmEsc
Module Bit Sum: 9
Color: 000000
(Mass) Mass [kg]: 9.962911e+24 
(Radius) Radius [m]: 7.205972e+06 
(RadGyra) Radius of Gyration/Moment of Inertia Constant []: 0.500000 
(BodyType) Type of Body (0 == planet) []: 0.000000 
(Density) Average Density [kg/m^3]: 6356.528010 
(HZLimitDryRunaway) Semi-major axis of Dry Runaway HZ Limit [m]: 9.022578e+09 
(HZLimRecVenus) Recent Venus HZ Limit [m]: 8.077685e+09 
(HZLimRunaway) Runaway Greenhouse HZ Limit [m]: 1.065654e+10 
(HZLimMoistGreenhouse) Moist Greenhouse HZ Limit [m]: 1.068810e+10 
(HZLimMaxGreenhouse) Maximum Greenhouse HZ Limit [m]: 2.028669e+10 
(HZLimEarlyMars) Early Mars HZ Limit [m]: 2.212488e+10 
(Instellation) Orbit-averaged INcident STELLar radiATION [kg/sec^3]: 2.453203e+04 
(MeanMotion) Orbital Mean Motion [/sec]: 4.464439e-05 
(OrbPeriod) Orbital Period [sec]: 1.407385e+05 
(SemiMajorAxis) Semi-major Axis [m]: 2.347008e+09 
(LXUVTot) Total XUV Luminosity [kg/sec^3]: -1.000000 
(EscapeVelocity) Escape Velocity [m/sec]: 1.358514e+04 
----- ATMESC PARAMETERS (b)------
(SurfWaterMass) Surface water mass [kg]: 0.000000 
(EnvelopeMass) Envelope mass [kg]: 0.000000 
(OxygenMass) Oxygen mass in the atmosphere [kg]: 0.000000 
(RGLimit) Runaway greenhouse semi-major axis [m]: 1.021277e+10 
(XO) Atomic oxygen mixing ratio in upper atmosphere []: 0.000000 
(EtaO) Oxygen eta parameter (Luger and Barnes 2015) []: 0.000000 
(PlanetRadius) Planet radius [m]: 7.205972e+06 
(OxygenMantleMass) Mass of oxygen in mantle [kg]: 0.000000 
(RadXUV) XUV radius separating hydro. dyn. escape and equilibrium [m]: -1.000000 
(RadSolid) Radius to the solid surface [m]: -1.000000 
(PresXUV) Pressure at base of thermosphere [(null)]: 5.000000 
(ScaleHeight) Scale height in Lehmer & Catling (2016) model [m]: -1.000000 
(ThermTemp) Isothermal atmospheric temperature [K]: 400.000000 
(AtmGasConst) Atmospheric gas constant [(null)]: 4124.000000 
(PresSurf) Surface pressure due to atmosphere [Pa]: -1.000000 
(DEnvMassDt) Envelope Mass Loss Rate [kg/s]: 0.000000 
(FXUV) XUV flux [W/m^2]: 14.211360 
(AtmXAbsEffH2O) XUV atmospheric escape efficiency for H2O []: 0.300000 
(RocheRadius) Roche Lobe Radius [m]: 4.808935e+07 
(BondiRadius) Bondi Radius [m]: 6.187560e+08 
(HEscapeRegime) Integer flag for H envelope escape regime []: 8.000000 
(RRCriticalFlux) Critical XUV Flux that separates RR and energy-limited escape [W/m^2]: 62.558459 
(CrossoverMass) Crossover mass, defines oxygen is escaping if mc > mo [kg]: 0.000000 
(WaterEscapeRegime) What water escape regime the code is currently in []: 8.000000 
(FXUVCRITDRAG) Critical Drag XUV flux [W/m^2]: 0.514011 
(HREFFLUX) The Hydrogen Reference Flux (m^-2 s^-1) [m^-2 s^-1]: 8.953168e+18 
(XO2) Molecular oxygen mixing ratio in atmosphere []: 0.000000 
(XH2O) Water mixing ratio in upper atmosphere []: 0.000000 
(HDiffFlux) The Hydrogen Diffusion Flux (m^-2 s^-1) [m^-2 s^-1]: 2.479642e+17 
(HRefODragMod) Multiply by H ref flux to get flux with drag []: 1.000000 
(KTide) Mass loss enhancement due to stellar gravity []: 0.776914 
(CumulativeXUVFlux) Cumulative XUV flux [W/m^2]: 1.574748e+19 
(RunawayGreenhouseFlux) Incident flux that triggers runaway greenhouse [kg/sec^3]: 1295.571455 
(RGDuration) Runaway Greenhouse Duration [years]: 0.00000e+00

Output Order: Time[year] CumulativeXUVFlux[W/m^2]
Grid Output Order:
