-------- Log file gj1132.log -------

Executable: /home/vplanet/.local/bin/vplanet
Version: Unknown
System Name: gj1132
Primary Input File: vpl.in
Body File #1: star.in
Body File #2: b.in
Allow files to be overwitten: Yes
Mass Units: Grams
Length Units: Meters
Time Units: Seconds
Angle Units: Radians

------- FORMATTING -----
Verbosity Level: 5
Crossover Decade for Scientific Notation: 4
Number of Digits After Decimal: 6
Integration Method: Runge-Kutta4
Direction: Forward
Time Step: 3.155760e+07
Stop Time: 1.848884e+17
Output Interval: 3.155760e+13
Use Variable Timestep: Yes
dEta: 0.010000
Minimum Value of ecc and obl: 1.000000e-10


---- INITIAL SYSTEM PROPERTIES ----
(Age) System Age [sec]: 2.398225e+14 
(Time) Simulation Time [sec]: 0.000000 
(TotAngMom) Total Angular Momentum [kg*m^2/sec]: 1.231164e+42 
(TotEnergy) Total System Energy [kg*m^2/sec^2]: -1.388525e+40 
(PotEnergy) Body's non-orbital Potential Energy [kg*m^2/sec^2]: -1.392987e+40 
(KinEnergy) Body's non-orbital Kinetic Energy [kg*m^2/sec^2]: 4.467715e+37 
(DeltaTime) Average Timestep Over Last Output Interval [sec]: 0.000000 

----- BODY: star ----
Active Modules: FLARE STELLAR
Module Bit Sum: 577
Color: 000000
(Mass) Mass [kg]: 3.963336e+29 
(Radius) Radius [m]: 4.515756e+08 
(RadGyra) Radius of Gyration/Moment of Inertia Constant []: 0.457226 
(RotAngMom) Rotational Angular Momentum [kg*m^2/sec]: 1.228710e+42 
(RotVel) Rotational Velocity [m/sec]: 3.283951e+04 
(BodyType) Type of Body (0 == planet) []: 0.000000 
(RotRate) Rotational Frequency [/sec]: 7.272205e-05 
(RotPer) Rotational Period [sec]: 8.640000e+04 
(Density) Average Density [kg/m^3]: 1027.497568 
(HZLimitDryRunaway) Semi-major axis of Dry Runaway HZ Limit [m]: 2.758329e+10 
(HZLimRecVenus) Recent Venus HZ Limit [m]: 2.470178e+10 
(HZLimRunaway) Runaway Greenhouse HZ Limit [m]: 3.258387e+10 
(HZLimMoistGreenhouse) Moist Greenhouse HZ Limit [m]: 3.268452e+10 
(HZLimMaxGreenhouse) Maximum Greenhouse HZ Limit [m]: 6.207055e+10 
(HZLimEarlyMars) Early Mars HZ Limit [m]: 6.769474e+10 
(Instellation) Orbit-averaged INcident STELLar radiATION [kg/sec^3]: -1.000000 
(CriticalSemiMajorAxis) Holman & Wiegert (1999) P-type Critical Semi-major Axis [m]: -1.000000 
(LXUVTot) Total XUV Luminosity [LSUN]: 2.491154e-05 
(LostEnergy) Body's Total Lost Energy [kg*m^2/sec^2]: 5.562685e-309 
(LostAngMom) Lost Angular Momentum due to Magnetic Braking [kg*m^2/sec]: 5.562685e-309 
(EscapeVelocity) Escape Velocity [m/sec]: 3.422807e+05 
----- STELLAR PARAMETERS (star)------
(Luminosity) Luminosity [LSUN]: 0.041267 
(LXUVStellar) Base X-ray/XUV Luminosity [LSUN]: 2.414291e-05 
(Temperature) Effective Temperature [K]: 3230.131901 
(LXUVFrac) Fraction of luminosity in XUV []: 0.000585 
(RossbyNumber) Rossby Number []: 0.016642 
(DRotPerDtStellar) Time Rate of Change of Rotation Period in STELLAR []: -6.696378e-11 
(WindTorque) Stellar Wind Torque []: 2.397384e+27 
----- FLARE PARAMETERS (star)------
(LXUVFlare) XUV Luminosity from flares [LSUN]: 7.686302e-07 
(FlareFreq1) First value of flare frequency range [/sec]: 3.387415e-05 
(FlareFreq2) Second value of flare frequency range [/sec]: 2.918711e-05 
(FlareFreq3) Third value of flare frequency range [/sec]: 2.514860e-05 
(FlareFreq4) Fourth value of flare frequency range [/sec]: 2.166888e-05 
(FlareFreqMin) Frequency of the flares with the lowest energy [/sec]: 3.387415e-05 
(FlareFreqMid) Frequency of the flares with the middle energy in the energy range [/sec]: 7.640034e-06 
(FlareFreqMax) Frequency of the flares with the highest energy [/sec]: 1.723146e-06 
(FlareEnergy1) First value of flare energy range [kg*m^2/sec^2]: 5.334000e+23 
(FlareEnergy2) Second value of flare energy range [kg*m^2/sec^2]: 6.715108e+23 
(FlareEnergy3) Third value of flare energy range [kg*m^2/sec^2]: 8.453820e+23 
(FlareEnergy4) Fourth value of flare energy range [kg*m^2/sec^2]: 1.064273e+24 
(FlareEnergyMin) Minimum flare energy [kg*m^2/sec^2]: 5.334000e+23 
(FlareEnergyMid) Middle flare energy in the range of energy values [kg*m^2/sec^2]: 5.334000e+24 
(FlareEnergyMax) Maximum flare energy [kg*m^2/sec^2]: 5.334000e+25 
(FlareYIntOUT) Instantaneous Davenport FFD y-intercept at current age and mass []: 20.339814 
(FlareSlopeOUT) Instantaneous Davenport FFD slope at current age and mass []: -0.646773 

Output Order: Time[year] Luminosity[LSUN] LXUVStellar[LSUN] LXUVFlare[LSUN] LXUVTot[LSUN]
Grid Output Order:

----- BODY: b ----
Active Modules: AtmEsc
Module Bit Sum: 9
Color: 000000
(Mass) Mass [kg]: 9.807147e+24 
(Radius) Radius [m]: 7.188926e+06 
(RadGyra) Radius of Gyration/Moment of Inertia Constant []: 0.500000 
(BodyType) Type of Body (0 == planet) []: 0.000000 
(Density) Average Density [kg/m^3]: 6301.761644 
(HZLimitDryRunaway) Semi-major axis of Dry Runaway HZ Limit [m]: 2.758349e+10 
(HZLimRecVenus) Recent Venus HZ Limit [m]: 2.470178e+10 
(HZLimRunaway) Runaway Greenhouse HZ Limit [m]: 3.258387e+10 
(HZLimMoistGreenhouse) Moist Greenhouse HZ Limit [m]: 3.268452e+10 
(HZLimMaxGreenhouse) Maximum Greenhouse HZ Limit [m]: 6.207055e+10 
(HZLimEarlyMars) Early Mars HZ Limit [m]: 6.769474e+10 
(Instellation) Orbit-averaged INcident STELLar radiATION [kg/sec^3]: 2.253107e+05 
(MeanMotion) Orbital Mean Motion [/sec]: 4.464491e-05 
(OrbPeriod) Orbital Period [sec]: 1.407369e+05 
(SemiMajorAxis) Semi-major Axis [m]: 2.367613e+09 
(LXUVTot) Total XUV Luminosity [kg/sec^3]: -1.000000 
(EscapeVelocity) Escape Velocity [m/sec]: 1.349449e+04 
----- ATMESC PARAMETERS (b)------
(SurfWaterMass) Surface water mass [kg]: 0.000000 
(EnvelopeMass) Envelope mass [kg]: 0.000000 
(OxygenMass) Oxygen mass in the atmosphere [kg]: 0.000000 
(RGLimit) Runaway greenhouse semi-major axis [m]: 3.123828e+10 
(XO) Atomic oxygen mixing ratio in upper atmosphere []: 0.000000 
(EtaO) Oxygen eta parameter (Luger and Barnes 2015) []: 0.000000 
(PlanetRadius) Planet radius [m]: 7.188926e+06 
(OxygenMantleMass) Mass of oxygen in mantle [kg]: 0.000000 
(RadXUV) XUV radius separating hydro. dyn. escape and equilibrium [m]: -1.000000 
(RadSolid) Radius to the solid surface [m]: -1.000000 
(PresXUV) Pressure at base of thermosphere [(null)]: 5.000000 
(ScaleHeight) Scale height in Lehmer & Catling (2016) model [m]: -1.000000 
(ThermTemp) Isothermal atmospheric temperature [K]: 400.000000 
(AtmGasConst) Atmospheric gas constant [(null)]: 4124.000000 
(PresSurf) Surface pressure due to atmosphere [Pa]: -1.000000 
(DEnvMassDt) Envelope Mass Loss Rate [kg/s]: 0.000000 
(FXUV) XUV flux [W/m^2]: 136.013379 
(AtmXAbsEffH2O) XUV atmospheric escape efficiency for H2O []: 0.300000 
(RocheRadius) Roche Lobe Radius [m]: 4.783704e+07 
(BondiRadius) Bondi Radius [m]: 3.465949e+08 
(HEscapeRegime) Integer flag for H envelope escape regime []: 8.000000 
(RRCriticalFlux) Critical XUV Flux that separates RR and energy-limited escape [W/m^2]: 60.949854 
(CrossoverMass) Crossover mass, defines oxygen is escaping if mc > mo [kg]: 0.000000 
(WaterEscapeRegime) What water escape regime the code is currently in []: 8.000000 
(FXUVCRITDRAG) Critical Drag XUV flux [W/m^2]: 0.501615 
(HREFFLUX) The Hydrogen Reference Flux (m^-2 s^-1) [m^-2 s^-1]: 8.691479e+19 
(XO2) Molecular oxygen mixing ratio in atmosphere []: 0.000000 
(XH2O) Water mixing ratio in upper atmosphere []: 0.000000 
(HDiffFlux) The Hydrogen Diffusion Flux (m^-2 s^-1) [m^-2 s^-1]: 2.452463e+17 
(HRefODragMod) Multiply by H ref flux to get flux with drag []: 1.000000 
(KTide) Mass loss enhancement due to stellar gravity []: 0.776278 
(CumulativeXUVFlux) Cumulative XUV flux [W/m^2]: 0.000000 
(RunawayGreenhouseFlux) Incident flux that triggers runaway greenhouse [kg/sec^3]: 1294.263511 
(RGDuration) Runaway Greenhouse Duration [years]: 0.00000e+00

Output Order: Time[year] CumulativeXUVFlux[W/m^2]
Grid Output Order:



---- FINAL SYSTEM PROPERTIES ----
(Age) System Age [sec]: 1.851358e+17 
(Time) Simulation Time [sec]: 1.848960e+17 
(TotAngMom) Total Angular Momentum [kg*m^2/sec]: 1.227030e+42 
(TotEnergy) Total System Energy [kg*m^2/sec^2]: -1.393182e+40 
(PotEnergy) Body's non-orbital Potential Energy [kg*m^2/sec^2]: -4.170493e+40 
(KinEnergy) Body's non-orbital Kinetic Energy [kg*m^2/sec^2]: 7.503282e+32 
(DeltaTime) Average Timestep Over Last Output Interval [sec]: 1.051920e+13 

----- BODY: star ----
Active Modules: FLARE STELLAR
Module Bit Sum: 577
Color: 000000
(Mass) Mass [kg]: 3.963336e+29 
(Radius) Radius [m]: 1.508308e+08 
(RadGyra) Radius of Gyration/Moment of Inertia Constant []: 0.460236 
(RotAngMom) Rotational Angular Momentum [kg*m^2/sec]: 1.692939e+39 
(RotVel) Rotational Velocity [m/sec]: 133.699577 
(BodyType) Type of Body (0 == planet) []: 0.000000 
(RotRate) Rotational Frequency [/sec]: 8.864207e-07 
(RotPer) Rotational Period [sec]: 7.088265e+06 
(Density) Average Density [kg/m^3]: 2.757414e+04 
(HZLimitDryRunaway) Semi-major axis of Dry Runaway HZ Limit [m]: 9.387459e+09 
(HZLimRecVenus) Recent Venus HZ Limit [m]: 8.401786e+09 
(HZLimRunaway) Runaway Greenhouse HZ Limit [m]: 1.108574e+10 
(HZLimMoistGreenhouse) Moist Greenhouse HZ Limit [m]: 1.111694e+10 
(HZLimMaxGreenhouse) Maximum Greenhouse HZ Limit [m]: 2.108746e+10 
(HZLimEarlyMars) Early Mars HZ Limit [m]: 2.299824e+10 
(Instellation) Orbit-averaged INcident STELLar radiATION [kg/sec^3]: -1.000000 
(CriticalSemiMajorAxis) Holman & Wiegert (1999) P-type Critical Semi-major Axis [m]: -1.000000 
(LXUVTot) Total XUV Luminosity [LSUN]: 7.263040e-07 
(LostEnergy) Body's Total Lost Energy [kg*m^2/sec^2]: 2.777316e+40 
(LostAngMom) Lost Angular Momentum due to Magnetic Braking [kg*m^2/sec]: 1.222883e+42 
(EscapeVelocity) Escape Velocity [m/sec]: 5.922466e+05 
----- STELLAR PARAMETERS (star)------
(Luminosity) Luminosity [LSUN]: 0.004780 
(LXUVStellar) Base X-ray/XUV Luminosity [LSUN]: 3.350416e-07 
(Temperature) Effective Temperature [K]: 3260.534547 
(LXUVFrac) Fraction of luminosity in XUV []: 7.009613e-05 
(RossbyNumber) Rossby Number []: 1.386737 
(DRotPerDtStellar) Time Rate of Change of Rotation Period in STELLAR []: 1.986323e-11 
(WindTorque) Stellar Wind Torque []: 4.742821e+21 
----- FLARE PARAMETERS (star)------
(LXUVFlare) XUV Luminosity from flares [LSUN]: 3.912603e-07 
(FlareFreq1) First value of flare frequency range [/sec]: 8.184741e-05 
(FlareFreq2) Second value of flare frequency range [/sec]: 6.392542e-05 
(FlareFreq3) Third value of flare frequency range [/sec]: 4.992778e-05 
(FlareFreq4) Fourth value of flare frequency range [/sec]: 3.899517e-05 
(FlareFreqMin) Frequency of the flares with the lowest energy [/sec]: 8.184741e-05 
(FlareFreqMid) Frequency of the flares with the middle energy in the energy range [/sec]: 6.913395e-06 
(FlareFreqMax) Frequency of the flares with the highest energy [/sec]: 5.839528e-07 
(FlareEnergy1) First value of flare energy range [kg*m^2/sec^2]: 5.334000e+23 
(FlareEnergy2) Second value of flare energy range [kg*m^2/sec^2]: 6.715108e+23 
(FlareEnergy3) Third value of flare energy range [kg*m^2/sec^2]: 8.453820e+23 
(FlareEnergy4) Fourth value of flare energy range [kg*m^2/sec^2]: 1.064273e+24 
(FlareEnergyMin) Minimum flare energy [kg*m^2/sec^2]: 5.334000e+23 
(FlareEnergyMid) Middle flare energy in the range of energy values [kg*m^2/sec^2]: 5.334000e+24 
(FlareEnergyMax) Maximum flare energy [kg*m^2/sec^2]: 5.334000e+25 
(FlareYIntOUT) Instantaneous Davenport FFD y-intercept at current age and mass []: 33.829282 
(FlareSlopeOUT) Instantaneous Davenport FFD slope at current age and mass []: -1.073314 

Output Order: Time[year] Luminosity[LSUN] LXUVStellar[LSUN] LXUVFlare[LSUN] LXUVTot[LSUN]
Grid Output Order:

----- BODY: b ----
Active Modules: AtmEsc
Module Bit Sum: 9
Color: 000000
(Mass) Mass [kg]: 9.807147e+24 
(Radius) Radius [m]: 7.188926e+06 
(RadGyra) Radius of Gyration/Moment of Inertia Constant []: 0.500000 
(BodyType) Type of Body (0 == planet) []: 0.000000 
(Density) Average Density [kg/m^3]: 6301.761644 
(HZLimitDryRunaway) Semi-major axis of Dry Runaway HZ Limit [m]: 9.387527e+09 
(HZLimRecVenus) Recent Venus HZ Limit [m]: 8.401786e+09 
(HZLimRunaway) Runaway Greenhouse HZ Limit [m]: 1.108574e+10 
(HZLimMoistGreenhouse) Moist Greenhouse HZ Limit [m]: 1.111694e+10 
(HZLimMaxGreenhouse) Maximum Greenhouse HZ Limit [m]: 2.108746e+10 
(HZLimEarlyMars) Early Mars HZ Limit [m]: 2.299824e+10 
(Instellation) Orbit-averaged INcident STELLar radiATION [kg/sec^3]: 2.609671e+04 
(MeanMotion) Orbital Mean Motion [/sec]: 4.464491e-05 
(OrbPeriod) Orbital Period [sec]: 1.407369e+05 
(SemiMajorAxis) Semi-major Axis [m]: 2.367613e+09 
(LXUVTot) Total XUV Luminosity [kg/sec^3]: -1.000000 
(EscapeVelocity) Escape Velocity [m/sec]: 1.349449e+04 
----- ATMESC PARAMETERS (b)------
(SurfWaterMass) Surface water mass [kg]: 0.000000 
(EnvelopeMass) Envelope mass [kg]: 0.000000 
(OxygenMass) Oxygen mass in the atmosphere [kg]: 0.000000 
(RGLimit) Runaway greenhouse semi-major axis [m]: 1.062810e+10 
(XO) Atomic oxygen mixing ratio in upper atmosphere []: 0.000000 
(EtaO) Oxygen eta parameter (Luger and Barnes 2015) []: 0.000000 
(PlanetRadius) Planet radius [m]: 7.188926e+06 
(OxygenMantleMass) Mass of oxygen in mantle [kg]: 0.000000 
(RadXUV) XUV radius separating hydro. dyn. escape and equilibrium [m]: -1.000000 
(RadSolid) Radius to the solid surface [m]: -1.000000 
(PresXUV) Pressure at base of thermosphere [(null)]: 5.000000 
(ScaleHeight) Scale height in Lehmer & Catling (2016) model [m]: -1.000000 
(ThermTemp) Isothermal atmospheric temperature [K]: 400.000000 
(AtmGasConst) Atmospheric gas constant [(null)]: 4124.000000 
(PresSurf) Surface pressure due to atmosphere [Pa]: -1.000000 
(DEnvMassDt) Envelope Mass Loss Rate [kg/s]: 0.000000 
(FXUV) XUV flux [W/m^2]: 3.965514 
(AtmXAbsEffH2O) XUV atmospheric escape efficiency for H2O []: 0.300000 
(RocheRadius) Roche Lobe Radius [m]: 4.783704e+07 
(BondiRadius) Bondi Radius [m]: 5.941196e+08 
(HEscapeRegime) Integer flag for H envelope escape regime []: 8.000000 
(RRCriticalFlux) Critical XUV Flux that separates RR and energy-limited escape [W/m^2]: 60.949854 
(CrossoverMass) Crossover mass, defines oxygen is escaping if mc > mo [kg]: 0.000000 
(WaterEscapeRegime) What water escape regime the code is currently in []: 8.000000 
(FXUVCRITDRAG) Critical Drag XUV flux [W/m^2]: 0.501615 
(HREFFLUX) The Hydrogen Reference Flux (m^-2 s^-1) [m^-2 s^-1]: 2.534029e+18 
(XO2) Molecular oxygen mixing ratio in atmosphere []: 0.000000 
(XH2O) Water mixing ratio in upper atmosphere []: 0.000000 
(HDiffFlux) The Hydrogen Diffusion Flux (m^-2 s^-1) [m^-2 s^-1]: 2.452463e+17 
(HRefODragMod) Multiply by H ref flux to get flux with drag []: 1.000000 
(KTide) Mass loss enhancement due to stellar gravity []: 0.776278 
(CumulativeXUVFlux) Cumulative XUV flux [W/m^2]: 1.975278e+18 
(RunawayGreenhouseFlux) Incident flux that triggers runaway greenhouse [kg/sec^3]: 1295.060171 
(RGDuration) Runaway Greenhouse Duration [years]: 0.00000e+00

Output Order: Time[year] CumulativeXUVFlux[W/m^2]
Grid Output Order:
