-------- Log file gj1132.log -------

Executable: /home/vplanet/.local/bin/vplanet
Version: Unknown
System Name: gj1132
Primary Input File: vpl.in
Body File #1: star.in
Body File #2: b.in
Allow files to be overwitten: Yes
Mass Units: Grams
Length Units: Meters
Time Units: Seconds
Angle Units: Radians

------- FORMATTING -----
Verbosity Level: 5
Crossover Decade for Scientific Notation: 4
Number of Digits After Decimal: 6
Integration Method: Runge-Kutta4
Direction: Forward
Time Step: 3.155760e+07
Stop Time: 2.113910e+17
Output Interval: 3.155760e+13
Use Variable Timestep: Yes
dEta: 0.010000
Minimum Value of ecc and obl: 1.000000e-10


---- INITIAL SYSTEM PROPERTIES ----
(Age) System Age [sec]: 1.830269e+14 
(Time) Simulation Time [sec]: 0.000000 
(TotAngMom) Total Angular Momentum [kg*m^2/sec]: 1.432914e+42 
(TotEnergy) Total System Energy [kg*m^2/sec^2]: -1.228040e+40 
(PotEnergy) Body's non-orbital Potential Energy [kg*m^2/sec^2]: -1.233236e+40 
(KinEnergy) Body's non-orbital Kinetic Energy [kg*m^2/sec^2]: 5.201283e+37 
(DeltaTime) Average Timestep Over Last Output Interval [sec]: 0.000000 

----- BODY: star ----
Active Modules: FLARE STELLAR
Module Bit Sum: 577
Color: 000000
(Mass) Mass [kg]: 3.894331e+29 
(Radius) Radius [m]: 4.924649e+08 
(RadGyra) Radius of Gyration/Moment of Inertia Constant []: 0.456365 
(RotAngMom) Rotational Angular Momentum [kg*m^2/sec]: 1.430456e+42 
(RotVel) Rotational Velocity [m/sec]: 3.581306e+04 
(BodyType) Type of Body (0 == planet) []: 0.000000 
(RotRate) Rotational Frequency [/sec]: 7.272205e-05 
(RotPer) Rotational Period [sec]: 8.640000e+04 
(Density) Average Density [kg/m^3]: 778.427864 
(HZLimitDryRunaway) Semi-major axis of Dry Runaway HZ Limit [m]: 2.980245e+10 
(HZLimRecVenus) Recent Venus HZ Limit [m]: 2.669692e+10 
(HZLimRunaway) Runaway Greenhouse HZ Limit [m]: 3.521087e+10 
(HZLimMoistGreenhouse) Moist Greenhouse HZ Limit [m]: 3.532442e+10 
(HZLimMaxGreenhouse) Maximum Greenhouse HZ Limit [m]: 6.712255e+10 
(HZLimEarlyMars) Early Mars HZ Limit [m]: 7.320443e+10 
(Instellation) Orbit-averaged INcident STELLar radiATION [kg/sec^3]: -1.000000 
(CriticalSemiMajorAxis) Holman & Wiegert (1999) P-type Critical Semi-major Axis [m]: -1.000000 
(LXUVTot) Total XUV Luminosity [LSUN]: 9.564175e-05 
(LostEnergy) Body's Total Lost Energy [kg*m^2/sec^2]: 5.562685e-309 
(LostAngMom) Lost Angular Momentum due to Magnetic Braking [kg*m^2/sec]: 5.562685e-309 
(EscapeVelocity) Escape Velocity [m/sec]: 3.248972e+05 
----- STELLAR PARAMETERS (star)------
(Luminosity) Luminosity [LSUN]: 0.048174 
(LXUVStellar) Base X-ray/XUV Luminosity [LSUN]: 9.484778e-05 
(Temperature) Effective Temperature [K]: 3215.037163 
(LXUVFrac) Fraction of luminosity in XUV []: 0.001969 
(RossbyNumber) Rossby Number []: 0.016514 
(DRotPerDtStellar) Time Rate of Change of Rotation Period in STELLAR []: -9.527453e-11 
(WindTorque) Stellar Wind Torque []: 3.851192e+27 
----- FLARE PARAMETERS (star)------
(LXUVFlare) XUV Luminosity from flares [LSUN]: 7.939656e-07 
(FlareFreq1) First value of flare frequency range [/sec]: 3.261012e-05 
(FlareFreq2) Second value of flare frequency range [/sec]: 2.821249e-05 
(FlareFreq3) Third value of flare frequency range [/sec]: 2.440790e-05 
(FlareFreq4) Fourth value of flare frequency range [/sec]: 2.111637e-05 
(FlareFreqMin) Frequency of the flares with the lowest energy [/sec]: 3.261012e-05 
(FlareFreqMid) Frequency of the flares with the middle energy in the energy range [/sec]: 7.660233e-06 
(FlareFreqMax) Frequency of the flares with the highest energy [/sec]: 1.799416e-06 
(FlareEnergy1) First value of flare energy range [kg*m^2/sec^2]: 5.334000e+23 
(FlareEnergy2) Second value of flare energy range [kg*m^2/sec^2]: 6.715108e+23 
(FlareEnergy3) Third value of flare energy range [kg*m^2/sec^2]: 8.453820e+23 
(FlareEnergy4) Fourth value of flare energy range [kg*m^2/sec^2]: 1.064273e+24 
(FlareEnergyMin) Minimum flare energy [kg*m^2/sec^2]: 5.334000e+23 
(FlareEnergyMid) Middle flare energy in the range of energy values [kg*m^2/sec^2]: 5.334000e+24 
(FlareEnergyMax) Maximum flare energy [kg*m^2/sec^2]: 5.334000e+25 
(FlareYIntOUT) Instantaneous Davenport FFD y-intercept at current age and mass []: 19.780578 
(FlareSlopeOUT) Instantaneous Davenport FFD slope at current age and mass []: -0.629110 

Output Order: Time[year] Luminosity[LSUN] LXUVStellar[LSUN] LXUVFlare[LSUN] LXUVTot[LSUN]
Grid Output Order:

----- BODY: b ----
Active Modules: AtmEsc
Module Bit Sum: 9
Color: 000000
(Mass) Mass [kg]: 9.940503e+24 
(Radius) Radius [m]: 7.211120e+06 
(RadGyra) Radius of Gyration/Moment of Inertia Constant []: 0.500000 
(BodyType) Type of Body (0 == planet) []: 0.000000 
(Density) Average Density [kg/m^3]: 6328.657348 
(HZLimitDryRunaway) Semi-major axis of Dry Runaway HZ Limit [m]: 2.980488e+10 
(HZLimRecVenus) Recent Venus HZ Limit [m]: 2.669692e+10 
(HZLimRunaway) Runaway Greenhouse HZ Limit [m]: 3.521087e+10 
(HZLimMoistGreenhouse) Moist Greenhouse HZ Limit [m]: 3.532442e+10 
(HZLimMaxGreenhouse) Maximum Greenhouse HZ Limit [m]: 6.712255e+10 
(HZLimEarlyMars) Early Mars HZ Limit [m]: 7.320443e+10 
(Instellation) Orbit-averaged INcident STELLar radiATION [kg/sec^3]: 2.661358e+05 
(MeanMotion) Orbital Mean Motion [/sec]: 4.464430e-05 
(OrbPeriod) Orbital Period [sec]: 1.407388e+05 
(SemiMajorAxis) Semi-major Axis [m]: 2.353814e+09 
(LXUVTot) Total XUV Luminosity [kg/sec^3]: -1.000000 
(EscapeVelocity) Escape Velocity [m/sec]: 1.356501e+04 
----- ATMESC PARAMETERS (b)------
(SurfWaterMass) Surface water mass [kg]: 0.000000 
(EnvelopeMass) Envelope mass [kg]: 0.000000 
(OxygenMass) Oxygen mass in the atmosphere [kg]: 0.000000 
(RGLimit) Runaway greenhouse semi-major axis [m]: 3.374484e+10 
(XO) Atomic oxygen mixing ratio in upper atmosphere []: 0.000000 
(EtaO) Oxygen eta parameter (Luger and Barnes 2015) []: 0.000000 
(PlanetRadius) Planet radius [m]: 7.211120e+06 
(OxygenMantleMass) Mass of oxygen in mantle [kg]: 0.000000 
(RadXUV) XUV radius separating hydro. dyn. escape and equilibrium [m]: -1.000000 
(RadSolid) Radius to the solid surface [m]: -1.000000 
(PresXUV) Pressure at base of thermosphere [(null)]: 5.000000 
(ScaleHeight) Scale height in Lehmer & Catling (2016) model [m]: -1.000000 
(ThermTemp) Isothermal atmospheric temperature [K]: 400.000000 
(AtmGasConst) Atmospheric gas constant [(null)]: 4124.000000 
(PresSurf) Surface pressure due to atmosphere [Pa]: -1.000000 
(DEnvMassDt) Envelope Mass Loss Rate [kg/s]: 0.000000 
(FXUV) XUV flux [W/m^2]: 528.369960 
(AtmXAbsEffH2O) XUV atmospheric escape efficiency for H2O []: 0.300000 
(RocheRadius) Roche Lobe Radius [m]: 4.805333e+07 
(BondiRadius) Bondi Radius [m]: 3.389761e+08 
(HEscapeRegime) Integer flag for H envelope escape regime []: 8.000000 
(RRCriticalFlux) Critical XUV Flux that separates RR and energy-limited escape [W/m^2]: 62.092610 
(CrossoverMass) Crossover mass, defines oxygen is escaping if mc > mo [kg]: 0.000000 
(WaterEscapeRegime) What water escape regime the code is currently in []: 8.000000 
(FXUVCRITDRAG) Critical Drag XUV flux [W/m^2]: 0.510606 
(HREFFLUX) The Hydrogen Reference Flux (m^-2 s^-1) [m^-2 s^-1]: 3.340006e+20 
(XO2) Molecular oxygen mixing ratio in atmosphere []: 0.000000 
(XH2O) Water mixing ratio in upper atmosphere []: 0.000000 
(HDiffFlux) The Hydrogen Diffusion Flux (m^-2 s^-1) [m^-2 s^-1]: 2.470534e+17 
(HRefODragMod) Multiply by H ref flux to get flux with drag []: 1.000000 
(KTide) Mass loss enhancement due to stellar gravity []: 0.776592 
(CumulativeXUVFlux) Cumulative XUV flux [W/m^2]: 0.000000 
(RunawayGreenhouseFlux) Incident flux that triggers runaway greenhouse [kg/sec^3]: 1294.678681 
(RGDuration) Runaway Greenhouse Duration [years]: 0.00000e+00

Output Order: Time[year] CumulativeXUVFlux[W/m^2]
Grid Output Order:



---- FINAL SYSTEM PROPERTIES ----
(Age) System Age [sec]: 2.115787e+17 
(Time) Simulation Time [sec]: 2.113957e+17 
(TotAngMom) Total Angular Momentum [kg*m^2/sec]: 1.431405e+42 
(TotEnergy) Total System Energy [kg*m^2/sec^2]: -1.229093e+40 
(PotEnergy) Body's non-orbital Potential Energy [kg*m^2/sec^2]: -4.129333e+40 
(KinEnergy) Body's non-orbital Kinetic Energy [kg*m^2/sec^2]: 6.553241e+32 
(DeltaTime) Average Timestep Over Last Output Interval [sec]: 3.944700e+12 

----- BODY: star ----
Active Modules: FLARE STELLAR
Module Bit Sum: 577
Color: 000000
(Mass) Mass [kg]: 3.894331e+29 
(Radius) Radius [m]: 1.470759e+08 
(RadGyra) Radius of Gyration/Moment of Inertia Constant []: 0.460340 
(RotAngMom) Rotational Angular Momentum [kg*m^2/sec]: 1.529608e+39 
(RotVel) Rotational Velocity [m/sec]: 126.022330 
(BodyType) Type of Body (0 == planet) []: 0.000000 
(RotRate) Rotational Frequency [/sec]: 8.568522e-07 
(RotPer) Rotational Period [sec]: 7.332869e+06 
(Density) Average Density [kg/m^3]: 2.922265e+04 
(HZLimitDryRunaway) Semi-major axis of Dry Runaway HZ Limit [m]: 9.128237e+09 
(HZLimRecVenus) Recent Venus HZ Limit [m]: 8.171616e+09 
(HZLimRunaway) Runaway Greenhouse HZ Limit [m]: 1.078094e+10 
(HZLimMoistGreenhouse) Moist Greenhouse HZ Limit [m]: 1.081239e+10 
(HZLimMaxGreenhouse) Maximum Greenhouse HZ Limit [m]: 2.051871e+10 
(HZLimEarlyMars) Early Mars HZ Limit [m]: 2.237793e+10 
(Instellation) Orbit-averaged INcident STELLar radiATION [kg/sec^3]: -1.000000 
(CriticalSemiMajorAxis) Holman & Wiegert (1999) P-type Critical Semi-major Axis [m]: -1.000000 
(LXUVTot) Total XUV Luminosity [LSUN]: 5.827424e-07 
(LostEnergy) Body's Total Lost Energy [kg*m^2/sec^2]: 2.900245e+40 
(LostAngMom) Lost Angular Momentum due to Magnetic Braking [kg*m^2/sec]: 1.427417e+42 
(EscapeVelocity) Escape Velocity [m/sec]: 5.945151e+05 
----- STELLAR PARAMETERS (star)------
(Luminosity) Luminosity [LSUN]: 0.004519 
(LXUVStellar) Base X-ray/XUV Luminosity [LSUN]: 1.916556e-07 
(Temperature) Effective Temperature [K]: 3249.134039 
(LXUVFrac) Fraction of luminosity in XUV []: 4.240715e-05 
(RossbyNumber) Rossby Number []: 1.426239 
(DRotPerDtStellar) Time Rate of Change of Rotation Period in STELLAR []: 1.666337e-11 
(WindTorque) Stellar Wind Torque []: 3.540462e+21 
----- FLARE PARAMETERS (star)------
(LXUVFlare) XUV Luminosity from flares [LSUN]: 3.910860e-07 
(FlareFreq1) First value of flare frequency range [/sec]: 8.462827e-05 
(FlareFreq2) Second value of flare frequency range [/sec]: 6.594167e-05 
(FlareFreq3) Third value of flare frequency range [/sec]: 5.138122e-05 
(FlareFreq4) Fourth value of flare frequency range [/sec]: 4.003583e-05 
(FlareFreqMin) Frequency of the flares with the lowest energy [/sec]: 8.462827e-05 
(FlareFreqMid) Frequency of the flares with the middle energy in the energy range [/sec]: 6.981683e-06 
(FlareFreqMax) Frequency of the flares with the highest energy [/sec]: 5.759766e-07 
(FlareEnergy1) First value of flare energy range [kg*m^2/sec^2]: 5.334000e+23 
(FlareEnergy2) Second value of flare energy range [kg*m^2/sec^2]: 6.715108e+23 
(FlareEnergy3) Third value of flare energy range [kg*m^2/sec^2]: 8.453820e+23 
(FlareEnergy4) Fourth value of flare energy range [kg*m^2/sec^2]: 1.064273e+24 
(FlareEnergyMin) Minimum flare energy [kg*m^2/sec^2]: 5.334000e+23 
(FlareEnergyMid) Middle flare energy in the range of energy values [kg*m^2/sec^2]: 5.334000e+24 
(FlareEnergyMax) Maximum flare energy [kg*m^2/sec^2]: 5.334000e+25 
(FlareYIntOUT) Instantaneous Davenport FFD y-intercept at current age and mass []: 34.158491 
(FlareSlopeOUT) Instantaneous Davenport FFD slope at current age and mass []: -1.083555 

Output Order: Time[year] Luminosity[LSUN] LXUVStellar[LSUN] LXUVFlare[LSUN] LXUVTot[LSUN]
Grid Output Order:

----- BODY: b ----
Active Modules: AtmEsc
Module Bit Sum: 9
Color: 000000
(Mass) Mass [kg]: 9.940503e+24 
(Radius) Radius [m]: 7.211120e+06 
(RadGyra) Radius of Gyration/Moment of Inertia Constant []: 0.500000 
(BodyType) Type of Body (0 == planet) []: 0.000000 
(Density) Average Density [kg/m^3]: 6328.657348 
(HZLimitDryRunaway) Semi-major axis of Dry Runaway HZ Limit [m]: 9.128981e+09 
(HZLimRecVenus) Recent Venus HZ Limit [m]: 8.171616e+09 
(HZLimRunaway) Runaway Greenhouse HZ Limit [m]: 1.078094e+10 
(HZLimMoistGreenhouse) Moist Greenhouse HZ Limit [m]: 1.081239e+10 
(HZLimMaxGreenhouse) Maximum Greenhouse HZ Limit [m]: 2.051871e+10 
(HZLimEarlyMars) Early Mars HZ Limit [m]: 2.237793e+10 
(Instellation) Orbit-averaged INcident STELLar radiATION [kg/sec^3]: 2.496739e+04 
(MeanMotion) Orbital Mean Motion [/sec]: 4.464430e-05 
(OrbPeriod) Orbital Period [sec]: 1.407388e+05 
(SemiMajorAxis) Semi-major Axis [m]: 2.353814e+09 
(LXUVTot) Total XUV Luminosity [kg/sec^3]: -1.000000 
(EscapeVelocity) Escape Velocity [m/sec]: 1.356501e+04 
----- ATMESC PARAMETERS (b)------
(SurfWaterMass) Surface water mass [kg]: 0.000000 
(EnvelopeMass) Envelope mass [kg]: 0.000000 
(OxygenMass) Oxygen mass in the atmosphere [kg]: 0.000000 
(RGLimit) Runaway greenhouse semi-major axis [m]: 1.033221e+10 
(XO) Atomic oxygen mixing ratio in upper atmosphere []: 0.000000 
(EtaO) Oxygen eta parameter (Luger and Barnes 2015) []: 0.000000 
(PlanetRadius) Planet radius [m]: 7.211120e+06 
(OxygenMantleMass) Mass of oxygen in mantle [kg]: 0.000000 
(RadXUV) XUV radius separating hydro. dyn. escape and equilibrium [m]: -1.000000 
(RadSolid) Radius to the solid surface [m]: -1.000000 
(PresXUV) Pressure at base of thermosphere [(null)]: 5.000000 
(ScaleHeight) Scale height in Lehmer & Catling (2016) model [m]: -1.000000 
(ThermTemp) Isothermal atmospheric temperature [K]: 400.000000 
(AtmGasConst) Atmospheric gas constant [(null)]: 4124.000000 
(PresSurf) Surface pressure due to atmosphere [Pa]: -1.000000 
(DEnvMassDt) Envelope Mass Loss Rate [kg/s]: 0.000000 
(FXUV) XUV flux [W/m^2]: 3.219343 
(AtmXAbsEffH2O) XUV atmospheric escape efficiency for H2O []: 0.300000 
(RocheRadius) Roche Lobe Radius [m]: 4.805333e+07 
(BondiRadius) Bondi Radius [m]: 6.137681e+08 
(HEscapeRegime) Integer flag for H envelope escape regime []: 8.000000 
(RRCriticalFlux) Critical XUV Flux that separates RR and energy-limited escape [W/m^2]: 62.092610 
(CrossoverMass) Crossover mass, defines oxygen is escaping if mc > mo [kg]: 0.000000 
(WaterEscapeRegime) What water escape regime the code is currently in []: 8.000000 
(FXUVCRITDRAG) Critical Drag XUV flux [W/m^2]: 0.510606 
(HREFFLUX) The Hydrogen Reference Flux (m^-2 s^-1) [m^-2 s^-1]: 2.035056e+18 
(XO2) Molecular oxygen mixing ratio in atmosphere []: 0.000000 
(XH2O) Water mixing ratio in upper atmosphere []: 0.000000 
(HDiffFlux) The Hydrogen Diffusion Flux (m^-2 s^-1) [m^-2 s^-1]: 2.470534e+17 
(HRefODragMod) Multiply by H ref flux to get flux with drag []: 1.000000 
(KTide) Mass loss enhancement due to stellar gravity []: 0.776592 
(CumulativeXUVFlux) Cumulative XUV flux [W/m^2]: 3.405806e+18 
(RunawayGreenhouseFlux) Incident flux that triggers runaway greenhouse [kg/sec^3]: 1295.566835 
(RGDuration) Runaway Greenhouse Duration [years]: 0.00000e+00

Output Order: Time[year] CumulativeXUVFlux[W/m^2]
Grid Output Order:
