-------- Log file gj1132.log -------

Executable: /home/vplanet/.local/bin/vplanet
Version: Unknown
System Name: gj1132
Primary Input File: vpl.in
Body File #1: star.in
Body File #2: b.in
Allow files to be overwitten: Yes
Mass Units: Grams
Length Units: Meters
Time Units: Seconds
Angle Units: Radians

------- FORMATTING -----
Verbosity Level: 5
Crossover Decade for Scientific Notation: 4
Number of Digits After Decimal: 6
Integration Method: Runge-Kutta4
Direction: Forward
Time Step: 3.155760e+07
Stop Time: 1.926144e+17
Output Interval: 3.155760e+13
Use Variable Timestep: Yes
dEta: 0.010000
Minimum Value of ecc and obl: 1.000000e-10


---- INITIAL SYSTEM PROPERTIES ----
(Age) System Age [sec]: 1.821492e+14 
(Time) Simulation Time [sec]: 0.000000 
(TotAngMom) Total Angular Momentum [kg*m^2/sec]: 1.408106e+42 
(TotEnergy) Total System Energy [kg*m^2/sec^2]: -1.209379e+40 
(PotEnergy) Body's non-orbital Potential Energy [kg*m^2/sec^2]: -1.214485e+40 
(KinEnergy) Body's non-orbital Kinetic Energy [kg*m^2/sec^2]: 5.111489e+37 
(DeltaTime) Average Timestep Over Last Output Interval [sec]: 0.000000 

----- BODY: star ----
Active Modules: FLARE STELLAR
Module Bit Sum: 577
Color: 000000
(Mass) Mass [kg]: 3.857023e+29 
(Radius) Radius [m]: 4.905327e+08 
(RadGyra) Radius of Gyration/Moment of Inertia Constant []: 0.456382 
(RotAngMom) Rotational Angular Momentum [kg*m^2/sec]: 1.405760e+42 
(RotVel) Rotational Velocity [m/sec]: 3.567254e+04 
(BodyType) Type of Body (0 == planet) []: 0.000000 
(RotRate) Rotational Frequency [/sec]: 7.272205e-05 
(RotPer) Rotational Period [sec]: 8.640000e+04 
(Density) Average Density [kg/m^3]: 780.117071 
(HZLimitDryRunaway) Semi-major axis of Dry Runaway HZ Limit [m]: 2.962229e+10 
(HZLimRecVenus) Recent Venus HZ Limit [m]: 2.653765e+10 
(HZLimRunaway) Runaway Greenhouse HZ Limit [m]: 3.499951e+10 
(HZLimMoistGreenhouse) Moist Greenhouse HZ Limit [m]: 3.511368e+10 
(HZLimMaxGreenhouse) Maximum Greenhouse HZ Limit [m]: 6.673265e+10 
(HZLimEarlyMars) Early Mars HZ Limit [m]: 7.277918e+10 
(Instellation) Orbit-averaged INcident STELLar radiATION [kg/sec^3]: -1.000000 
(CriticalSemiMajorAxis) Holman & Wiegert (1999) P-type Critical Semi-major Axis [m]: -1.000000 
(LXUVTot) Total XUV Luminosity [LSUN]: 4.185920e-05 
(LostEnergy) Body's Total Lost Energy [kg*m^2/sec^2]: 5.562685e-309 
(LostAngMom) Lost Angular Momentum due to Magnetic Braking [kg*m^2/sec]: 5.562685e-309 
(EscapeVelocity) Escape Velocity [m/sec]: 3.239734e+05 
----- STELLAR PARAMETERS (star)------
(Luminosity) Luminosity [LSUN]: 0.047593 
(LXUVStellar) Base X-ray/XUV Luminosity [LSUN]: 4.107812e-05 
(Temperature) Effective Temperature [K]: 3210.890313 
(LXUVFrac) Fraction of luminosity in XUV []: 0.000863 
(RossbyNumber) Rossby Number []: 0.016479 
(DRotPerDtStellar) Time Rate of Change of Rotation Period in STELLAR []: -9.380433e-11 
(WindTorque) Stellar Wind Torque []: 3.795564e+27 
----- FLARE PARAMETERS (star)------
(LXUVFlare) XUV Luminosity from flares [LSUN]: 7.810841e-07 
(FlareFreq1) First value of flare frequency range [/sec]: 3.170251e-05 
(FlareFreq2) Second value of flare frequency range [/sec]: 2.744600e-05 
(FlareFreq3) Third value of flare frequency range [/sec]: 2.376099e-05 
(FlareFreq4) Fourth value of flare frequency range [/sec]: 2.057074e-05 
(FlareFreqMin) Frequency of the flares with the lowest energy [/sec]: 3.170251e-05 
(FlareFreqMid) Frequency of the flares with the middle energy in the energy range [/sec]: 7.498040e-06 
(FlareFreqMax) Frequency of the flares with the highest energy [/sec]: 1.773380e-06 
(FlareEnergy1) First value of flare energy range [kg*m^2/sec^2]: 5.334000e+23 
(FlareEnergy2) Second value of flare energy range [kg*m^2/sec^2]: 6.715108e+23 
(FlareEnergy3) Third value of flare energy range [kg*m^2/sec^2]: 8.453820e+23 
(FlareEnergy4) Fourth value of flare energy range [kg*m^2/sec^2]: 1.064273e+24 
(FlareEnergyMin) Minimum flare energy [kg*m^2/sec^2]: 5.334000e+23 
(FlareEnergyMid) Middle flare energy in the range of energy values [kg*m^2/sec^2]: 5.334000e+24 
(FlareEnergyMax) Maximum flare energy [kg*m^2/sec^2]: 5.334000e+25 
(FlareYIntOUT) Instantaneous Davenport FFD y-intercept at current age and mass []: 19.677226 
(FlareSlopeOUT) Instantaneous Davenport FFD slope at current age and mass []: -0.626146 

Output Order: Time[year] Luminosity[LSUN] LXUVStellar[LSUN] LXUVFlare[LSUN] LXUVTot[LSUN]
Grid Output Order:

----- BODY: b ----
Active Modules: AtmEsc
Module Bit Sum: 9
Color: 000000
(Mass) Mass [kg]: 9.546759e+24 
(Radius) Radius [m]: 7.305867e+06 
(RadGyra) Radius of Gyration/Moment of Inertia Constant []: 0.500000 
(BodyType) Type of Body (0 == planet) []: 0.000000 
(Density) Average Density [kg/m^3]: 5844.562503 
(HZLimitDryRunaway) Semi-major axis of Dry Runaway HZ Limit [m]: 2.962239e+10 
(HZLimRecVenus) Recent Venus HZ Limit [m]: 2.653765e+10 
(HZLimRunaway) Runaway Greenhouse HZ Limit [m]: 3.499951e+10 
(HZLimMoistGreenhouse) Moist Greenhouse HZ Limit [m]: 3.511368e+10 
(HZLimMaxGreenhouse) Maximum Greenhouse HZ Limit [m]: 6.673265e+10 
(HZLimEarlyMars) Early Mars HZ Limit [m]: 7.277918e+10 
(Instellation) Orbit-averaged INcident STELLar radiATION [kg/sec^3]: 2.646050e+05 
(MeanMotion) Orbital Mean Motion [/sec]: 4.464493e-05 
(OrbPeriod) Orbital Period [sec]: 1.407368e+05 
(SemiMajorAxis) Semi-major Axis [m]: 2.346250e+09 
(LXUVTot) Total XUV Luminosity [kg/sec^3]: -1.000000 
(EscapeVelocity) Escape Velocity [m/sec]: 1.320716e+04 
----- ATMESC PARAMETERS (b)------
(SurfWaterMass) Surface water mass [kg]: 0.000000 
(EnvelopeMass) Envelope mass [kg]: 0.000000 
(OxygenMass) Oxygen mass in the atmosphere [kg]: 0.000000 
(RGLimit) Runaway greenhouse semi-major axis [m]: 3.357486e+10 
(XO) Atomic oxygen mixing ratio in upper atmosphere []: 0.000000 
(EtaO) Oxygen eta parameter (Luger and Barnes 2015) []: 0.000000 
(PlanetRadius) Planet radius [m]: 7.305867e+06 
(OxygenMantleMass) Mass of oxygen in mantle [kg]: 0.000000 
(RadXUV) XUV radius separating hydro. dyn. escape and equilibrium [m]: -1.000000 
(RadSolid) Radius to the solid surface [m]: -1.000000 
(PresXUV) Pressure at base of thermosphere [(null)]: 5.000000 
(ScaleHeight) Scale height in Lehmer & Catling (2016) model [m]: -1.000000 
(ThermTemp) Isothermal atmospheric temperature [K]: 400.000000 
(AtmGasConst) Atmospheric gas constant [(null)]: 4124.000000 
(PresSurf) Surface pressure due to atmosphere [Pa]: -1.000000 
(DEnvMassDt) Envelope Mass Loss Rate [kg/s]: 0.000000 
(FXUV) XUV flux [W/m^2]: 232.725050 
(AtmXAbsEffH2O) XUV atmospheric escape efficiency for H2O []: 0.300000 
(RocheRadius) Roche Lobe Radius [m]: 4.740984e+07 
(BondiRadius) Bondi Radius [m]: 3.271371e+08 
(HEscapeRegime) Integer flag for H envelope escape regime []: 8.000000 
(RRCriticalFlux) Critical XUV Flux that separates RR and energy-limited escape [W/m^2]: 54.236199 
(CrossoverMass) Crossover mass, defines oxygen is escaping if mc > mo [kg]: 0.000000 
(WaterEscapeRegime) What water escape regime the code is currently in []: 8.000000 
(FXUVCRITDRAG) Critical Drag XUV flux [W/m^2]: 0.452871 
(HREFFLUX) The Hydrogen Reference Flux (m^-2 s^-1) [m^-2 s^-1]: 1.563843e+20 
(XO2) Molecular oxygen mixing ratio in atmosphere []: 0.000000 
(XH2O) Water mixing ratio in upper atmosphere []: 0.000000 
(HDiffFlux) The Hydrogen Diffusion Flux (m^-2 s^-1) [m^-2 s^-1]: 2.311534e+17 
(HRefODragMod) Multiply by H ref flux to get flux with drag []: 1.000000 
(KTide) Mass loss enhancement due to stellar gravity []: 0.770679 
(CumulativeXUVFlux) Cumulative XUV flux [W/m^2]: 0.000000 
(RunawayGreenhouseFlux) Incident flux that triggers runaway greenhouse [kg/sec^3]: 1292.157935 
(RGDuration) Runaway Greenhouse Duration [years]: 0.00000e+00

Output Order: Time[year] CumulativeXUVFlux[W/m^2]
Grid Output Order:



---- FINAL SYSTEM PROPERTIES ----
(Age) System Age [sec]: 1.927988e+17 
(Time) Simulation Time [sec]: 1.926167e+17 
(TotAngMom) Total Angular Momentum [kg*m^2/sec]: 1.406552e+42 
(TotEnergy) Total System Energy [kg*m^2/sec^2]: -1.210197e+40 
(PotEnergy) Body's non-orbital Potential Energy [kg*m^2/sec^2]: -4.097052e+40 
(KinEnergy) Body's non-orbital Kinetic Energy [kg*m^2/sec^2]: 7.161332e+32 
(DeltaTime) Average Timestep Over Last Output Interval [sec]: 4.508229e+12 

----- BODY: star ----
Active Modules: FLARE STELLAR
Module Bit Sum: 577
Color: 000000
(Mass) Mass [kg]: 3.857023e+29 
(Radius) Radius [m]: 1.454081e+08 
(RadGyra) Radius of Gyration/Moment of Inertia Constant []: 0.460472 
(RotAngMom) Rotational Angular Momentum [kg*m^2/sec]: 1.573729e+39 
(RotVel) Rotational Velocity [m/sec]: 132.337345 
(BodyType) Type of Body (0 == planet) []: 0.000000 
(RotRate) Rotational Frequency [/sec]: 9.101098e-07 
(RotPer) Rotational Period [sec]: 6.903766e+06 
(Density) Average Density [kg/m^3]: 2.995006e+04 
(HZLimitDryRunaway) Semi-major axis of Dry Runaway HZ Limit [m]: 8.992613e+09 
(HZLimRecVenus) Recent Venus HZ Limit [m]: 8.051067e+09 
(HZLimRunaway) Runaway Greenhouse HZ Limit [m]: 1.062137e+10 
(HZLimMoistGreenhouse) Moist Greenhouse HZ Limit [m]: 1.065288e+10 
(HZLimMaxGreenhouse) Maximum Greenhouse HZ Limit [m]: 2.022024e+10 
(HZLimEarlyMars) Early Mars HZ Limit [m]: 2.205241e+10 
(Instellation) Orbit-averaged INcident STELLar radiATION [kg/sec^3]: -1.000000 
(CriticalSemiMajorAxis) Holman & Wiegert (1999) P-type Critical Semi-major Axis [m]: -1.000000 
(LXUVTot) Total XUV Luminosity [LSUN]: 8.749216e-07 
(LostEnergy) Body's Total Lost Energy [kg*m^2/sec^2]: 2.886860e+40 
(LostAngMom) Lost Angular Momentum due to Magnetic Braking [kg*m^2/sec]: 1.402632e+42 
(EscapeVelocity) Escape Velocity [m/sec]: 5.950439e+05 
----- STELLAR PARAMETERS (star)------
(Luminosity) Luminosity [LSUN]: 0.004386 
(LXUVStellar) Base X-ray/XUV Luminosity [LSUN]: 4.891287e-07 
(Temperature) Effective Temperature [K]: 3243.672584 
(LXUVFrac) Fraction of luminosity in XUV []: 0.000112 
(RossbyNumber) Rossby Number []: 1.339027 
(DRotPerDtStellar) Time Rate of Change of Rotation Period in STELLAR []: 1.891765e-11 
(WindTorque) Stellar Wind Torque []: 4.532842e+21 
----- FLARE PARAMETERS (star)------
(LXUVFlare) XUV Luminosity from flares [LSUN]: 3.857921e-07 
(FlareFreq1) First value of flare frequency range [/sec]: 8.140076e-05 
(FlareFreq2) Second value of flare frequency range [/sec]: 6.353856e-05 
(FlareFreq3) Third value of flare frequency range [/sec]: 4.959596e-05 
(FlareFreq4) Fourth value of flare frequency range [/sec]: 3.871285e-05 
(FlareFreqMin) Frequency of the flares with the lowest energy [/sec]: 8.140076e-05 
(FlareFreqMid) Frequency of the flares with the middle energy in the energy range [/sec]: 6.834669e-06 
(FlareFreqMax) Frequency of the flares with the highest energy [/sec]: 5.738608e-07 
(FlareEnergy1) First value of flare energy range [kg*m^2/sec^2]: 5.334000e+23 
(FlareEnergy2) Second value of flare energy range [kg*m^2/sec^2]: 6.715108e+23 
(FlareEnergy3) Third value of flare energy range [kg*m^2/sec^2]: 8.453820e+23 
(FlareEnergy4) Fourth value of flare energy range [kg*m^2/sec^2]: 1.064273e+24 
(FlareEnergyMin) Minimum flare energy [kg*m^2/sec^2]: 5.334000e+23 
(FlareEnergyMid) Middle flare energy in the range of energy values [kg*m^2/sec^2]: 5.334000e+24 
(FlareEnergyMax) Maximum flare energy [kg*m^2/sec^2]: 5.334000e+25 
(FlareYIntOUT) Instantaneous Davenport FFD y-intercept at current age and mass []: 33.906715 
(FlareSlopeOUT) Instantaneous Davenport FFD slope at current age and mass []: -1.075911 

Output Order: Time[year] Luminosity[LSUN] LXUVStellar[LSUN] LXUVFlare[LSUN] LXUVTot[LSUN]
Grid Output Order:

----- BODY: b ----
Active Modules: AtmEsc
Module Bit Sum: 9
Color: 000000
(Mass) Mass [kg]: 9.546759e+24 
(Radius) Radius [m]: 7.305867e+06 
(RadGyra) Radius of Gyration/Moment of Inertia Constant []: 0.500000 
(BodyType) Type of Body (0 == planet) []: 0.000000 
(Density) Average Density [kg/m^3]: 5844.562503 
(HZLimitDryRunaway) Semi-major axis of Dry Runaway HZ Limit [m]: 8.992643e+09 
(HZLimRecVenus) Recent Venus HZ Limit [m]: 8.051067e+09 
(HZLimRunaway) Runaway Greenhouse HZ Limit [m]: 1.062137e+10 
(HZLimMoistGreenhouse) Moist Greenhouse HZ Limit [m]: 1.065288e+10 
(HZLimMaxGreenhouse) Maximum Greenhouse HZ Limit [m]: 2.022024e+10 
(HZLimEarlyMars) Early Mars HZ Limit [m]: 2.205241e+10 
(Instellation) Orbit-averaged INcident STELLar radiATION [kg/sec^3]: 2.438556e+04 
(MeanMotion) Orbital Mean Motion [/sec]: 4.464493e-05 
(OrbPeriod) Orbital Period [sec]: 1.407368e+05 
(SemiMajorAxis) Semi-major Axis [m]: 2.346250e+09 
(LXUVTot) Total XUV Luminosity [kg/sec^3]: -1.000000 
(EscapeVelocity) Escape Velocity [m/sec]: 1.320716e+04 
----- ATMESC PARAMETERS (b)------
(SurfWaterMass) Surface water mass [kg]: 0.000000 
(EnvelopeMass) Envelope mass [kg]: 0.000000 
(OxygenMass) Oxygen mass in the atmosphere [kg]: 0.000000 
(RGLimit) Runaway greenhouse semi-major axis [m]: 1.018916e+10 
(XO) Atomic oxygen mixing ratio in upper atmosphere []: 0.000000 
(EtaO) Oxygen eta parameter (Luger and Barnes 2015) []: 0.000000 
(PlanetRadius) Planet radius [m]: 7.305867e+06 
(OxygenMantleMass) Mass of oxygen in mantle [kg]: 0.000000 
(RadXUV) XUV radius separating hydro. dyn. escape and equilibrium [m]: -1.000000 
(RadSolid) Radius to the solid surface [m]: -1.000000 
(PresXUV) Pressure at base of thermosphere [(null)]: 5.000000 
(ScaleHeight) Scale height in Lehmer & Catling (2016) model [m]: -1.000000 
(ThermTemp) Isothermal atmospheric temperature [K]: 400.000000 
(AtmGasConst) Atmospheric gas constant [(null)]: 4124.000000 
(PresSurf) Surface pressure due to atmosphere [Pa]: -1.000000 
(DEnvMassDt) Envelope Mass Loss Rate [kg/s]: 0.000000 
(FXUV) XUV flux [W/m^2]: 4.864311 
(AtmXAbsEffH2O) XUV atmospheric escape efficiency for H2O []: 0.300000 
(RocheRadius) Roche Lobe Radius [m]: 4.740984e+07 
(BondiRadius) Bondi Radius [m]: 5.947821e+08 
(HEscapeRegime) Integer flag for H envelope escape regime []: 8.000000 
(RRCriticalFlux) Critical XUV Flux that separates RR and energy-limited escape [W/m^2]: 54.236199 
(CrossoverMass) Crossover mass, defines oxygen is escaping if mc > mo [kg]: 0.000000 
(WaterEscapeRegime) What water escape regime the code is currently in []: 8.000000 
(FXUVCRITDRAG) Critical Drag XUV flux [W/m^2]: 0.452871 
(HREFFLUX) The Hydrogen Reference Flux (m^-2 s^-1) [m^-2 s^-1]: 3.268671e+18 
(XO2) Molecular oxygen mixing ratio in atmosphere []: 0.000000 
(XH2O) Water mixing ratio in upper atmosphere []: 0.000000 
(HDiffFlux) The Hydrogen Diffusion Flux (m^-2 s^-1) [m^-2 s^-1]: 2.311534e+17 
(HRefODragMod) Multiply by H ref flux to get flux with drag []: 1.000000 
(KTide) Mass loss enhancement due to stellar gravity []: 0.770679 
(CumulativeXUVFlux) Cumulative XUV flux [W/m^2]: 2.401175e+18 
(RunawayGreenhouseFlux) Incident flux that triggers runaway greenhouse [kg/sec^3]: 1293.009446 
(RGDuration) Runaway Greenhouse Duration [years]: 0.00000e+00

Output Order: Time[year] CumulativeXUVFlux[W/m^2]
Grid Output Order:
