-------- Log file gj1132.log -------

Executable: /home/vplanet/.local/bin/vplanet
Version: Unknown
System Name: gj1132
Primary Input File: vpl.in
Body File #1: star.in
Body File #2: b.in
Allow files to be overwitten: Yes
Mass Units: Grams
Length Units: Meters
Time Units: Seconds
Angle Units: Radians

------- FORMATTING -----
Verbosity Level: 5
Crossover Decade for Scientific Notation: 4
Number of Digits After Decimal: 6
Integration Method: Runge-Kutta4
Direction: Forward
Time Step: 3.155760e+07
Stop Time: 2.095105e+17
Output Interval: 3.155760e+13
Use Variable Timestep: Yes
dEta: 0.010000
Minimum Value of ecc and obl: 1.000000e-10


---- INITIAL SYSTEM PROPERTIES ----
(Age) System Age [sec]: 1.725957e+14 
(Time) Simulation Time [sec]: 0.000000 
(TotAngMom) Total Angular Momentum [kg*m^2/sec]: 1.395395e+42 
(TotEnergy) Total System Energy [kg*m^2/sec^2]: -1.139274e+40 
(PotEnergy) Body's non-orbital Potential Energy [kg*m^2/sec^2]: -1.144333e+40 
(KinEnergy) Body's non-orbital Kinetic Energy [kg*m^2/sec^2]: 5.065028e+37 
(DeltaTime) Average Timestep Over Last Output Interval [sec]: 0.000000 

----- BODY: star ----
Active Modules: FLARE STELLAR
Module Bit Sum: 577
Color: 000000
(Mass) Mass [kg]: 3.760016e+29 
(Radius) Radius [m]: 4.947464e+08 
(RadGyra) Radius of Gyration/Moment of Inertia Constant []: 0.456207 
(RotAngMom) Rotational Angular Momentum [kg*m^2/sec]: 1.392983e+42 
(RotVel) Rotational Velocity [m/sec]: 3.597897e+04 
(BodyType) Type of Body (0 == planet) []: 0.000000 
(RotRate) Rotational Frequency [/sec]: 7.272205e-05 
(RotPer) Rotational Period [sec]: 8.640000e+04 
(Density) Average Density [kg/m^3]: 741.230405 
(HZLimitDryRunaway) Semi-major axis of Dry Runaway HZ Limit [m]: 2.971381e+10 
(HZLimRecVenus) Recent Venus HZ Limit [m]: 2.662474e+10 
(HZLimRunaway) Runaway Greenhouse HZ Limit [m]: 3.511124e+10 
(HZLimMoistGreenhouse) Moist Greenhouse HZ Limit [m]: 3.522891e+10 
(HZLimMaxGreenhouse) Maximum Greenhouse HZ Limit [m]: 6.697703e+10 
(HZLimEarlyMars) Early Mars HZ Limit [m]: 7.304567e+10 
(Instellation) Orbit-averaged INcident STELLar radiATION [kg/sec^3]: -1.000000 
(CriticalSemiMajorAxis) Holman & Wiegert (1999) P-type Critical Semi-major Axis [m]: -1.000000 
(LXUVTot) Total XUV Luminosity [LSUN]: 8.982442e-05 
(LostEnergy) Body's Total Lost Energy [kg*m^2/sec^2]: 5.562685e-309 
(LostAngMom) Lost Angular Momentum due to Magnetic Braking [kg*m^2/sec]: 5.562685e-309 
(EscapeVelocity) Escape Velocity [m/sec]: 3.185083e+05 
----- STELLAR PARAMETERS (star)------
(Luminosity) Luminosity [LSUN]: 0.047888 
(LXUVStellar) Base X-ray/XUV Luminosity [LSUN]: 7.861089e-05 
(Temperature) Effective Temperature [K]: 3200.921886 
(LXUVFrac) Fraction of luminosity in XUV []: 0.001642 
(RossbyNumber) Rossby Number []: 0.016395 
(DRotPerDtStellar) Time Rate of Change of Rotation Period in STELLAR []: -1.292457e-10 
(WindTorque) Stellar Wind Torque []: 4.040760e+27 
----- FLARE PARAMETERS (star)------
(LXUVFlare) XUV Luminosity from flares [LSUN]: 1.121353e-05 
(FlareFreq1) First value of flare frequency range [/sec]: 1.816183e-06 
(FlareFreq2) Second value of flare frequency range [/sec]: 1.460203e-06 
(FlareFreq3) Third value of flare frequency range [/sec]: 1.173997e-06 
(FlareFreq4) Fourth value of flare frequency range [/sec]: 9.438889e-07 
(FlareFreqMin) Frequency of the flares with the lowest energy [/sec]: 1.816183e-06 
(FlareFreqMid) Frequency of the flares with the middle energy in the energy range [/sec]: 2.049733e-07 
(FlareFreqMax) Frequency of the flares with the highest energy [/sec]: 2.313315e-08 
(FlareEnergy1) First value of flare energy range [kg*m^2/sec^2]: 5.334000e+25 
(FlareEnergy2) Second value of flare energy range [kg*m^2/sec^2]: 7.534475e+25 
(FlareEnergy3) Third value of flare energy range [kg*m^2/sec^2]: 1.064273e+26 
(FlareEnergy4) Fourth value of flare energy range [kg*m^2/sec^2]: 1.503325e+26 
(FlareEnergyMin) Minimum flare energy [kg*m^2/sec^2]: 5.334000e+25 
(FlareEnergyMid) Middle flare energy in the range of energy values [kg*m^2/sec^2]: 1.686759e+27 
(FlareEnergyMax) Maximum flare energy [kg*m^2/sec^2]: 5.334000e+28 
(FlareYIntOUT) Instantaneous Davenport FFD y-intercept at current age and mass []: 19.867441 
(FlareSlopeOUT) Instantaneous Davenport FFD slope at current age and mass []: -0.631642 

Output Order: Time[year] Luminosity[LSUN] LXUVStellar[LSUN] LXUVFlare[LSUN] LXUVTot[LSUN]
Grid Output Order:

----- BODY: b ----
Active Modules: AtmEsc
Module Bit Sum: 9
Color: 000000
(Mass) Mass [kg]: 9.985242e+24 
(Radius) Radius [m]: 7.315754e+06 
(RadGyra) Radius of Gyration/Moment of Inertia Constant []: 0.500000 
(BodyType) Type of Body (0 == planet) []: 0.000000 
(Density) Average Density [kg/m^3]: 6088.253458 
(HZLimitDryRunaway) Semi-major axis of Dry Runaway HZ Limit [m]: 2.971381e+10 
(HZLimRecVenus) Recent Venus HZ Limit [m]: 2.662474e+10 
(HZLimRunaway) Runaway Greenhouse HZ Limit [m]: 3.511124e+10 
(HZLimMoistGreenhouse) Moist Greenhouse HZ Limit [m]: 3.522891e+10 
(HZLimMaxGreenhouse) Maximum Greenhouse HZ Limit [m]: 6.697703e+10 
(HZLimEarlyMars) Early Mars HZ Limit [m]: 7.304567e+10 
(Instellation) Orbit-averaged INcident STELLar radiATION [kg/sec^3]: 2.707858e+05 
(MeanMotion) Orbital Mean Motion [/sec]: 4.464303e-05 
(OrbPeriod) Orbital Period [sec]: 1.407428e+05 
(SemiMajorAxis) Semi-major Axis [m]: 2.326481e+09 
(LXUVTot) Total XUV Luminosity [kg/sec^3]: -1.000000 
(EscapeVelocity) Escape Velocity [m/sec]: 1.349792e+04 
----- ATMESC PARAMETERS (b)------
(SurfWaterMass) Surface water mass [kg]: 0.000000 
(EnvelopeMass) Envelope mass [kg]: 0.000000 
(OxygenMass) Oxygen mass in the atmosphere [kg]: 0.000000 
(RGLimit) Runaway greenhouse semi-major axis [m]: 3.364708e+10 
(XO) Atomic oxygen mixing ratio in upper atmosphere []: 0.000000 
(EtaO) Oxygen eta parameter (Luger and Barnes 2015) []: 0.000000 
(PlanetRadius) Planet radius [m]: 7.315754e+06 
(OxygenMantleMass) Mass of oxygen in mantle [kg]: 0.000000 
(RadXUV) XUV radius separating hydro. dyn. escape and equilibrium [m]: -1.000000 
(RadSolid) Radius to the solid surface [m]: -1.000000 
(PresXUV) Pressure at base of thermosphere [(null)]: 5.000000 
(ScaleHeight) Scale height in Lehmer & Catling (2016) model [m]: -1.000000 
(ThermTemp) Isothermal atmospheric temperature [K]: 400.000000 
(AtmGasConst) Atmospheric gas constant [(null)]: 4124.000000 
(PresSurf) Surface pressure due to atmosphere [Pa]: -1.000000 
(DEnvMassDt) Envelope Mass Loss Rate [kg/s]: 0.000000 
(FXUV) XUV flux [W/m^2]: 507.919651 
(AtmXAbsEffH2O) XUV atmospheric escape efficiency for H2O []: 0.300000 
(RocheRadius) Roche Lobe Radius [m]: 4.812624e+07 
(BondiRadius) Bondi Radius [m]: 3.432124e+08 
(HEscapeRegime) Integer flag for H envelope escape regime []: 8.000000 
(RRCriticalFlux) Critical XUV Flux that separates RR and energy-limited escape [W/m^2]: 59.562622 
(CrossoverMass) Crossover mass, defines oxygen is escaping if mc > mo [kg]: 0.000000 
(WaterEscapeRegime) What water escape regime the code is currently in []: 8.000000 
(FXUVCRITDRAG) Critical Drag XUV flux [W/m^2]: 0.493421 
(HREFFLUX) The Hydrogen Reference Flux (m^-2 s^-1) [m^-2 s^-1]: 3.254685e+20 
(XO2) Molecular oxygen mixing ratio in atmosphere []: 0.000000 
(XH2O) Water mixing ratio in upper atmosphere []: 0.000000 
(HDiffFlux) The Hydrogen Diffusion Flux (m^-2 s^-1) [m^-2 s^-1]: 2.411172e+17 
(HRefODragMod) Multiply by H ref flux to get flux with drag []: 1.000000 
(KTide) Mass loss enhancement due to stellar gravity []: 0.773739 
(CumulativeXUVFlux) Cumulative XUV flux [W/m^2]: 0.000000 
(RunawayGreenhouseFlux) Incident flux that triggers runaway greenhouse [kg/sec^3]: 1294.582789 
(RGDuration) Runaway Greenhouse Duration [years]: 0.00000e+00

Output Order: Time[year] CumulativeXUVFlux[W/m^2]
Grid Output Order:



---- FINAL SYSTEM PROPERTIES ----
(Age) System Age [sec]: 2.096835e+17 
(Time) Simulation Time [sec]: 2.095109e+17 
(TotAngMom) Total Angular Momentum [kg*m^2/sec]: 1.397788e+42 
(TotEnergy) Total System Energy [kg*m^2/sec^2]: -1.138499e+40 
(PotEnergy) Body's non-orbital Potential Energy [kg*m^2/sec^2]: -3.989760e+40 
(KinEnergy) Body's non-orbital Kinetic Energy [kg*m^2/sec^2]: 6.363714e+32 
(DeltaTime) Average Timestep Over Last Output Interval [sec]: 3.155760e+13 

----- BODY: star ----
Active Modules: FLARE STELLAR
Module Bit Sum: 577
Color: 000000
(Mass) Mass [kg]: 3.760016e+29 
(Radius) Radius [m]: 1.419020e+08 
(RadGyra) Radius of Gyration/Moment of Inertia Constant []: 0.460612 
(RotAngMom) Rotational Angular Momentum [kg*m^2/sec]: 1.429845e+39 
(RotVel) Rotational Velocity [m/sec]: 126.310738 
(BodyType) Type of Body (0 == planet) []: 0.000000 
(RotRate) Rotational Frequency [/sec]: 8.901268e-07 
(RotPer) Rotational Period [sec]: 7.058753e+06 
(Density) Average Density [kg/m^3]: 3.141492e+04 
(HZLimitDryRunaway) Semi-major axis of Dry Runaway HZ Limit [m]: 8.726056e+09 
(HZLimRecVenus) Recent Venus HZ Limit [m]: 7.814304e+09 
(HZLimRunaway) Runaway Greenhouse HZ Limit [m]: 1.030788e+10 
(HZLimMoistGreenhouse) Moist Greenhouse HZ Limit [m]: 1.033961e+10 
(HZLimMaxGreenhouse) Maximum Greenhouse HZ Limit [m]: 1.963487e+10 
(HZLimEarlyMars) Early Mars HZ Limit [m]: 2.141399e+10 
(Instellation) Orbit-averaged INcident STELLar radiATION [kg/sec^3]: -1.000000 
(CriticalSemiMajorAxis) Holman & Wiegert (1999) P-type Critical Semi-major Axis [m]: -1.000000 
(LXUVTot) Total XUV Luminosity [LSUN]: 7.649990e-07 
(LostEnergy) Body's Total Lost Energy [kg*m^2/sec^2]: 2.851266e+40 
(LostAngMom) Lost Angular Momentum due to Magnetic Braking [kg*m^2/sec]: 1.393946e+42 
(EscapeVelocity) Escape Velocity [m/sec]: 5.947273e+05 
----- STELLAR PARAMETERS (star)------
(Luminosity) Luminosity [LSUN]: 0.004130 
(LXUVStellar) Base X-ray/XUV Luminosity [LSUN]: 4.044904e-07 
(Temperature) Effective Temperature [K]: 3231.306969 
(LXUVFrac) Fraction of luminosity in XUV []: 9.794079e-05 
(RossbyNumber) Rossby Number []: 1.360444 
(DRotPerDtStellar) Time Rate of Change of Rotation Period in STELLAR []: 1.792687e-11 
(WindTorque) Stellar Wind Torque []: 3.622442e+21 
----- FLARE PARAMETERS (star)------
(LXUVFlare) XUV Luminosity from flares [LSUN]: 3.604851e-07 
(FlareFreq1) First value of flare frequency range [/sec]: 5.730490e-07 
(FlareFreq2) Second value of flare frequency range [/sec]: 3.933377e-07 
(FlareFreq3) Third value of flare frequency range [/sec]: 2.699848e-07 
(FlareFreq4) Fourth value of flare frequency range [/sec]: 1.853161e-07 
(FlareFreqMin) Frequency of the flares with the lowest energy [/sec]: 5.730490e-07 
(FlareFreqMid) Frequency of the flares with the middle energy in the energy range [/sec]: 1.330239e-08 
(FlareFreqMax) Frequency of the flares with the highest energy [/sec]: 3.087931e-10 
(FlareEnergy1) First value of flare energy range [kg*m^2/sec^2]: 5.334000e+25 
(FlareEnergy2) Second value of flare energy range [kg*m^2/sec^2]: 7.534475e+25 
(FlareEnergy3) Third value of flare energy range [kg*m^2/sec^2]: 1.064273e+26 
(FlareEnergy4) Fourth value of flare energy range [kg*m^2/sec^2]: 1.503325e+26 
(FlareEnergyMin) Minimum flare energy [kg*m^2/sec^2]: 5.334000e+25 
(FlareEnergyMid) Middle flare energy in the range of energy values [kg*m^2/sec^2]: 1.686759e+27 
(FlareEnergyMax) Maximum flare energy [kg*m^2/sec^2]: 5.334000e+28 
(FlareYIntOUT) Instantaneous Davenport FFD y-intercept at current age and mass []: 34.351094 
(FlareSlopeOUT) Instantaneous Davenport FFD slope at current age and mass []: -1.089508 

Output Order: Time[year] Luminosity[LSUN] LXUVStellar[LSUN] LXUVFlare[LSUN] LXUVTot[LSUN]
Grid Output Order:

----- BODY: b ----
Active Modules: AtmEsc
Module Bit Sum: 9
Color: 000000
(Mass) Mass [kg]: 9.985242e+24 
(Radius) Radius [m]: 7.315754e+06 
(RadGyra) Radius of Gyration/Moment of Inertia Constant []: 0.500000 
(BodyType) Type of Body (0 == planet) []: 0.000000 
(Density) Average Density [kg/m^3]: 6088.253458 
(HZLimitDryRunaway) Semi-major axis of Dry Runaway HZ Limit [m]: 8.726056e+09 
(HZLimRecVenus) Recent Venus HZ Limit [m]: 7.814304e+09 
(HZLimRunaway) Runaway Greenhouse HZ Limit [m]: 1.030788e+10 
(HZLimMoistGreenhouse) Moist Greenhouse HZ Limit [m]: 1.033961e+10 
(HZLimMaxGreenhouse) Maximum Greenhouse HZ Limit [m]: 1.963487e+10 
(HZLimEarlyMars) Early Mars HZ Limit [m]: 2.141399e+10 
(Instellation) Orbit-averaged INcident STELLar radiATION [kg/sec^3]: 2.335314e+04 
(MeanMotion) Orbital Mean Motion [/sec]: 4.464303e-05 
(OrbPeriod) Orbital Period [sec]: 1.407428e+05 
(SemiMajorAxis) Semi-major Axis [m]: 2.326481e+09 
(LXUVTot) Total XUV Luminosity [kg/sec^3]: -1.000000 
(EscapeVelocity) Escape Velocity [m/sec]: 1.349792e+04 
----- ATMESC PARAMETERS (b)------
(SurfWaterMass) Surface water mass [kg]: 0.000000 
(EnvelopeMass) Envelope mass [kg]: 0.000000 
(OxygenMass) Oxygen mass in the atmosphere [kg]: 0.000000 
(RGLimit) Runaway greenhouse semi-major axis [m]: 9.878142e+09 
(XO) Atomic oxygen mixing ratio in upper atmosphere []: 0.000000 
(EtaO) Oxygen eta parameter (Luger and Barnes 2015) []: 0.000000 
(PlanetRadius) Planet radius [m]: 7.315754e+06 
(OxygenMantleMass) Mass of oxygen in mantle [kg]: 0.000000 
(RadXUV) XUV radius separating hydro. dyn. escape and equilibrium [m]: -1.000000 
(RadSolid) Radius to the solid surface [m]: -1.000000 
(PresXUV) Pressure at base of thermosphere [(null)]: 5.000000 
(ScaleHeight) Scale height in Lehmer & Catling (2016) model [m]: -1.000000 
(ThermTemp) Isothermal atmospheric temperature [K]: 400.000000 
(AtmGasConst) Atmospheric gas constant [(null)]: 4124.000000 
(PresSurf) Surface pressure due to atmosphere [Pa]: -1.000000 
(DEnvMassDt) Envelope Mass Loss Rate [kg/s]: 0.000000 
(FXUV) XUV flux [W/m^2]: 4.325750 
(AtmXAbsEffH2O) XUV atmospheric escape efficiency for H2O []: 0.300000 
(RocheRadius) Roche Lobe Radius [m]: 4.812624e+07 
(BondiRadius) Bondi Radius [m]: 6.348292e+08 
(HEscapeRegime) Integer flag for H envelope escape regime []: 8.000000 
(RRCriticalFlux) Critical XUV Flux that separates RR and energy-limited escape [W/m^2]: 59.562622 
(CrossoverMass) Crossover mass, defines oxygen is escaping if mc > mo [kg]: 0.000000 
(WaterEscapeRegime) What water escape regime the code is currently in []: 8.000000 
(FXUVCRITDRAG) Critical Drag XUV flux [W/m^2]: 0.493421 
(HREFFLUX) The Hydrogen Reference Flux (m^-2 s^-1) [m^-2 s^-1]: 2.771886e+18 
(XO2) Molecular oxygen mixing ratio in atmosphere []: 0.000000 
(XH2O) Water mixing ratio in upper atmosphere []: 0.000000 
(HDiffFlux) The Hydrogen Diffusion Flux (m^-2 s^-1) [m^-2 s^-1]: 2.411172e+17 
(HRefODragMod) Multiply by H ref flux to get flux with drag []: 1.000000 
(KTide) Mass loss enhancement due to stellar gravity []: 0.773739 
(CumulativeXUVFlux) Cumulative XUV flux [W/m^2]: 3.277157e+18 
(RunawayGreenhouseFlux) Incident flux that triggers runaway greenhouse [kg/sec^3]: 1295.369008 
(RGDuration) Runaway Greenhouse Duration [years]: 0.00000e+00

Output Order: Time[year] CumulativeXUVFlux[W/m^2]
Grid Output Order:
