-------- Log file gj1132.log -------

Executable: /home/vplanet/.local/bin/vplanet
Version: v1.0.0-10152-g6bccf9cc92a813bfdb457599676b24250ebfa7a1
System Name: gj1132
Primary Input File: vpl.in
Body File #1: star.in
Body File #2: b.in
Allow files to be overwitten: Yes
Mass Units: Grams
Length Units: Meters
Time Units: Seconds
Angle Units: Radians

------- FORMATTING -----
Verbosity Level: 5
Crossover Decade for Scientific Notation: 4
Number of Digits After Decimal: 6
Integration Method: Runge-Kutta4
Direction: Forward
Time Step: 3.155760e+07
Stop Time: 2.317564e+17
Output Interval: 3.155760e+13
Use Variable Timestep: Yes
dEta: 0.010000
Minimum Value of ecc and obl: 1.000000e-10


---- INITIAL SYSTEM PROPERTIES ----
(Age) System Age [sec]: 1.462591e+14 
(Time) Simulation Time [sec]: 0.000000 
(TotAngMom) Total Angular Momentum [kg*m^2/sec]: 1.525863e+42 
(TotEnergy) Total System Energy [kg*m^2/sec^2]: -1.025026e+40 
(PotEnergy) Body's non-orbital Potential Energy [kg*m^2/sec^2]: -1.030561e+40 
(KinEnergy) Body's non-orbital Kinetic Energy [kg*m^2/sec^2]: 5.539603e+37 
(DeltaTime) Average Timestep Over Last Output Interval [sec]: 0.000000 

----- BODY: star ----
Active Modules: FLARE STELLAR
Module Bit Sum: 577
Color: 000000
(Mass) Mass [kg]: 3.673340e+29 
(TimeStepVar) Number of variable responsible for setting timestep []: 0.000000 
(Radius) Radius [m]: 5.243296e+08 
(RadGyra) Radius of Gyration/Moment of Inertia Constant []: 0.455463 
(RotAngMom) Rotational Angular Momentum [kg*m^2/sec]: 1.523500e+42 
(RotVel) Rotational Velocity [m/sec]: 3.813032e+04 
(BodyType) Type of Body (0 == planet) []: 0.000000 
(RotRate) Rotational Frequency [/sec]: 7.272205e-05 
(RotPer) Rotational Period [sec]: 8.640000e+04 
(Density) Average Density [kg/m^3]: 608.358293 
(HZLimitDryRunaway) Semi-major axis of Dry Runaway HZ Limit [m]: 3.099929e+10 
(HZLimRecVenus) Recent Venus HZ Limit [m]: 2.778863e+10 
(HZLimRunaway) Runaway Greenhouse HZ Limit [m]: 3.663872e+10 
(HZLimMoistGreenhouse) Moist Greenhouse HZ Limit [m]: 3.676894e+10 
(HZLimMaxGreenhouse) Maximum Greenhouse HZ Limit [m]: 6.996548e+10 
(HZLimEarlyMars) Early Mars HZ Limit [m]: 7.630480e+10 
(Instellation) Orbit-averaged INcident STELLar radiATION [kg/sec^3]: -1.000000 
(CriticalSemiMajorAxis) Holman & Wiegert (1999) P-type Critical Semi-major Axis [m]: -1.000000 
(LXUVTot) Total XUV Luminosity [LSUN]: 0.000164 
(LostEnergy) Body's Total Lost Energy [kg*m^2/sec^2]: 5.562685e-309 
(LostAngMom) Lost Angular Momentum due to Magnetic Braking [kg*m^2/sec]: 5.562685e-309 
(EscapeVelocity) Escape Velocity [m/sec]: 3.058057e+05 
(CassiniL) Correia (2015)'s Cassini state angular momnetum invariant []: -1.000000 
(CassiniG1) Correia (2015)'s Cassini state G1 parameter []: -1.000000 
(CassiniG2) Correia (2015)'s Cassini state G2 parameter []: -1.000000 
(CassiniAlpha1) Correia (2015)'s Cassini state alpha1 parameter []: -1.000000 
(CassiniAlpha2) Correia (2015)'s Cassini state alpha2 parameter []: -1.000000 
(CassiniGamma) Correia (2015)'s Cassini state gamma parameter []: -1.000000 
----- STELLAR PARAMETERS (star)------
(Luminosity) Luminosity [LSUN]: 0.052121 
(LXUVStellar) Quiescent XUV Luminosity [LSUN]: 0.000152 
(Temperature) Effective Temperature [K]: 3178.138742 
(LXUVFrac) Fraction of luminosity in XUV []: 0.002919 
(RossbyNumber) Rossby Number []: 0.016205 
(DRotPerDtStellar) Time Rate of Change of Rotation Period in STELLAR []: -1.185262e-10 
(WindTorque) Stellar Wind Torque []: 5.594114e+27 
----- FLARE PARAMETERS (star)------
(LXUVFlare) XUV Luminosity from flares [LSUN]: 1.222671e-05 
(FlareFreq1) First value of flare frequency range [/sec]: 8.450578e-07 
(FlareFreq2) Second value of flare frequency range [/sec]: 6.824410e-07 
(FlareFreq3) Third value of flare frequency range [/sec]: 5.511169e-07 
(FlareFreq4) Fourth value of flare frequency range [/sec]: 4.450639e-07 
(FlareFreqMin) Frequency of the flares with the lowest energy [/sec]: 8.450578e-07 
(FlareFreqMid) Frequency of the flares with the middle energy in the energy range [/sec]: 9.969490e-08 
(FlareFreqMax) Frequency of the flares with the highest energy [/sec]: 1.176141e-08 
(FlareEnergy1) First value of flare energy range [kg*m^2/sec^2]: 1.000000e+26 
(FlareEnergy2) Second value of flare energy range [kg*m^2/sec^2]: 1.412538e+26 
(FlareEnergy3) Third value of flare energy range [kg*m^2/sec^2]: 1.995262e+26 
(FlareEnergy4) Fourth value of flare energy range [kg*m^2/sec^2]: 2.818383e+26 
(FlareEnergyMin) Minimum flare energy [kg*m^2/sec^2]: 1.000000e+26 
(FlareEnergyMid) Middle flare energy in the range of energy values [kg*m^2/sec^2]: 3.162278e+27 
(FlareEnergyMax) Maximum flare energy [kg*m^2/sec^2]: 1.000000e+29 
(FlareEnergyXUV1) First value of flare energy range in XUV [kg*m^2/sec^2]: 1.875000e+26 
(FlareEnergyXUV2) Second value of flare energy range in XUV [kg*m^2/sec^2]: 2.648508e+26 
(FlareEnergyXUV3) Third value of flare energy range in XUV [kg*m^2/sec^2]: 3.741117e+26 
(FlareEnergyXUV4) Fourth value of flare energy range in XUV [kg*m^2/sec^2]: 5.284468e+26 
(FlareEnergyXUVMin) Minimum flare energy in the XUV range [kg*m^2/sec^2]: 1.875000e+26 
(FlareEnergyXUVMid) Middle flare energy in the range of energy values of XUV [kg*m^2/sec^2]: 5.929271e+27 
(FlareEnergyXUVMax) Maximum flare energy in the XUV range [kg*m^2/sec^2]: 1.875000e+29 
(FlareYIntOUT) FFD Y-Intercept [/sec]: 19.453032 
(FlareSlopeOUT) FFD slope [kg*m^2/sec^3]: -0.618809 
(CMEFluence30MeV) Particle flux of 30 MeV protons due to CMEs at the stellar surface [m^-2 sec^-1]: 1.519009e+21 
(FlareFreqKepler1) First Kepler-band flare frequency [/sec]: 1.246873e-06 
(FlareFreqKepler2) Second Kepler-band flare frequency [/sec]: 1.006933e-06 
(FlareFreqKepler3) Third Kepler-band flare frequency [/sec]: 8.131663e-07 
(FlareFreqKepler4) Fourth Kepler-band flare frequency [/sec]: 6.566864e-07 

Output Order: Time[year] Luminosity[LSUN] LXUVStellar[LSUN] LXUVFlare[LSUN] LXUVTot[LSUN]
Grid Output Order:

----- BODY: b ----
Active Modules: AtmEsc
Module Bit Sum: 9
Color: 000000
(Mass) Mass [kg]: 9.932663e+24 
(TimeStepVar) Number of variable responsible for setting timestep []: 0.000000 
(Radius) Radius [m]: 7.277640e+06 
(RadGyra) Radius of Gyration/Moment of Inertia Constant []: 0.500000 
(BodyType) Type of Body (0 == planet) []: 0.000000 
(Density) Average Density [kg/m^3]: 6151.845826 
(SurfWaterMass) Surface water mass [kg]: 0.000000 
(HZLimitDryRunaway) Semi-major axis of Dry Runaway HZ Limit [m]: 3.099947e+10 
(HZLimRecVenus) Recent Venus HZ Limit [m]: 2.778863e+10 
(HZLimRunaway) Runaway Greenhouse HZ Limit [m]: 3.663872e+10 
(HZLimMoistGreenhouse) Moist Greenhouse HZ Limit [m]: 3.676894e+10 
(HZLimMaxGreenhouse) Maximum Greenhouse HZ Limit [m]: 6.996548e+10 
(HZLimEarlyMars) Early Mars HZ Limit [m]: 7.630480e+10 
(Instellation) Orbit-averaged INcident STELLar radiATION [kg/sec^3]: 2.993604e+05 
(MeanMotion) Orbital Mean Motion [/sec]: 4.464511e-05 
(OrbPeriod) Orbital Period [sec]: 1.407363e+05 
(SemiMajorAxis) Semi-major Axis [m]: 2.308394e+09 
(LXUVTot) Total XUV Luminosity [kg/sec^3]: -1.000000 
(EscapeVelocity) Escape Velocity [m/sec]: 1.349754e+04 
(CassiniL) Correia (2015)'s Cassini state angular momnetum invariant []: -1.000000 
(CassiniG1) Correia (2015)'s Cassini state G1 parameter []: -1.000000 
(CassiniG2) Correia (2015)'s Cassini state G2 parameter []: -1.000000 
(CassiniAlpha1) Correia (2015)'s Cassini state alpha1 parameter []: -1.000000 
(CassiniAlpha2) Correia (2015)'s Cassini state alpha2 parameter []: -1.000000 
(CassiniGamma) Correia (2015)'s Cassini state gamma parameter []: -1.000000 
----- ATMESC PARAMETERS (b)------
(OceanMassLost) Ocean Mass Lost [kg]: 0.000000 
(WaterLossRate) Water Loss Rate [kg/sec]: 5.562685e-309 
(EnvelopeMass) Envelope mass [kg]: 0.000000 
(OxygenMass) Oxygen mass in the atmosphere [kg]: 0.000000 
(RGLimit) Runaway greenhouse semi-major axis [m]: 3.511483e+10 
(XO) Atomic oxygen mixing ratio in upper atmosphere []: 0.000000 
(EtaO) Oxygen eta parameter (Luger and Barnes 2015) []: 0.000000 
(PlanetRadius) Planet radius [m]: 7.277640e+06 
(OxygenMantleMass) Mass of oxygen in mantle [kg]: 0.000000 
(RadXUV) XUV radius separating hydro. dyn. escape and equilibrium [m]: -1.000000 
(RadSolid) Radius to the solid surface [m]: -1.000000 
(PresXUV) Pressure at base of thermosphere [kg/m/sec^2]: 5.000000 
(ScaleHeight) Scale height in Lehmer & Catling (2016) model [m]: -1.000000 
(ThermTemp) Isothermal atmospheric temperature [K]: 400.000000 
(AtmGasConst) Atmospheric gas constant [kg*m^2/sec^2/K/kg]: 1.700738e+04 
(PresSurf) Surface pressure due to atmosphere [kg/m/sec^2]: -1.000000 
(DEnvMassDt) Envelope Mass Loss Rate [kg/sec]: 0.000000 
(FXUV) XUV flux [W/m^2]: 944.087236 
(AtmXAbsEffH2O) XUV atmospheric escape efficiency for H2O []: 0.300000 
(RocheRadius) Roche Lobe Radius [m]: 4.804014e+07 
(BondiRadius) Bondi Radius [m]: 3.353175e+08 
(HEscapeRegime) Integer flag for H envelope escape regime []: 8.000000 
(RRCriticalFlux) Critical XUV Flux that separates RR and energy-limited escape [W/m^2]: 59.986040 
(CrossoverMass) Crossover mass, defines oxygen is escaping if mc > mo [kg]: 0.000000 
(WaterEscapeRegime) What water escape regime the code is currently in []: 8.000000 
(FXUVCRITDRAG) Critical Drag XUV flux [W/m^2]: -0.000000 
(HREFFLUX) The Hydrogen Reference Flux [m^-2 sec^-1]: 6.043968e+20 
(XO2) Molecular oxygen mixing ratio in atmosphere []: 0.000000 
(XH2O) Water mixing ratio in upper atmosphere []: 0.000000 
(HDiffFlux) The Hydrogen Diffusion Flux [m^-2 sec^-1]: -0.000000 
(HRefODragMod) Multiply by H ref flux to get flux with drag []: 1.000000 
(KTide) Mass loss enhancement due to stellar gravity []: 0.774502 
(CumulativeXUVFlux) Cumulative XUV flux [W/m^2]: 0.000000 
(CMELossHydrogen) Mass of hydrogen lost due to CME stripping [kg]: 0.000000 
(CMELossWater) Mass of water lost due to CME stripping [kg]: 0.000000 
(CMELossOxygen) Mass of oxygen lost due to CME stripping [kg]: 0.000000 
(CMELossCO2) Mass of carbon dioxide lost due to CME stripping [kg]: 0.000000 
(DEnvMassDtCME) Envelope Mass Loss Rate due to CMEs [kg/sec]: 0.000000 
(DWaterMassDtCME) Water Mass Loss Rate due to CMEs [kg/sec]: 0.000000 
(DCO2MassDtCME) CO2 Mass Loss Rate due to CMEs [kg/sec]: 0.000000 
(DOxygenMassDtCME) Oxygen Mass Loss Rate due to CMEs [kg/sec]: 0.000000 
(RGDuration) Runaway Greenhouse Duration [years]: 0.00000e+00

Output Order: Time[year] CumulativeXUVFlux[W/m^2]
Grid Output Order:



---- FINAL SYSTEM PROPERTIES ----
(Age) System Age [sec]: 2.319050e+17 
(Time) Simulation Time [sec]: 2.317587e+17 
(TotAngMom) Total Angular Momentum [kg*m^2/sec]: 1.526021e+42 
(TotEnergy) Total System Energy [kg*m^2/sec^2]: -1.026474e+40 
(PotEnergy) Body's non-orbital Potential Energy [kg*m^2/sec^2]: -3.849561e+40 
(KinEnergy) Body's non-orbital Kinetic Energy [kg*m^2/sec^2]: 5.493988e+32 
(DeltaTime) Average Timestep Over Last Output Interval [sec]: 1.577880e+13 

----- BODY: star ----
Active Modules: FLARE STELLAR
Module Bit Sum: 577
Color: 000000
(Mass) Mass [kg]: 3.673340e+29 
(TimeStepVar) Number of variable responsible for setting timestep []: 1502.000000 
(Radius) Radius [m]: 1.403676e+08 
(RadGyra) Radius of Gyration/Moment of Inertia Constant []: 0.460695 
(RotAngMom) Rotational Angular Momentum [kg*m^2/sec]: 1.299181e+39 
(RotVel) Rotational Velocity [m/sec]: 118.717476 
(BodyType) Type of Body (0 == planet) []: 0.000000 
(RotRate) Rotational Frequency [/sec]: 8.457615e-07 
(RotPer) Rotational Period [sec]: 7.429027e+06 
(Density) Average Density [kg/m^3]: 3.170825e+04 
(HZLimitDryRunaway) Semi-major axis of Dry Runaway HZ Limit [m]: 8.546493e+09 
(HZLimRecVenus) Recent Venus HZ Limit [m]: 7.654896e+09 
(HZLimRunaway) Runaway Greenhouse HZ Limit [m]: 1.009675e+10 
(HZLimMoistGreenhouse) Moist Greenhouse HZ Limit [m]: 1.012869e+10 
(HZLimMaxGreenhouse) Maximum Greenhouse HZ Limit [m]: 1.924122e+10 
(HZLimEarlyMars) Early Mars HZ Limit [m]: 2.098464e+10 
(Instellation) Orbit-averaged INcident STELLar radiATION [kg/sec^3]: -1.000000 
(CriticalSemiMajorAxis) Holman & Wiegert (1999) P-type Critical Semi-major Axis [m]: -1.000000 
(LXUVTot) Total XUV Luminosity [LSUN]: 8.563319e-07 
(LostEnergy) Body's Total Lost Energy [kg*m^2/sec^2]: 2.823092e+40 
(LostAngMom) Lost Angular Momentum due to Magnetic Braking [kg*m^2/sec]: 1.522358e+42 
(EscapeVelocity) Escape Velocity [m/sec]: 5.910366e+05 
(CassiniL) Correia (2015)'s Cassini state angular momnetum invariant []: -1.000000 
(CassiniG1) Correia (2015)'s Cassini state G1 parameter []: -1.000000 
(CassiniG2) Correia (2015)'s Cassini state G2 parameter []: -1.000000 
(CassiniAlpha1) Correia (2015)'s Cassini state alpha1 parameter []: -1.000000 
(CassiniAlpha2) Correia (2015)'s Cassini state alpha2 parameter []: -1.000000 
(CassiniGamma) Correia (2015)'s Cassini state gamma parameter []: -1.000000 
----- STELLAR PARAMETERS (star)------
(Luminosity) Luminosity [LSUN]: 0.003962 
(LXUVStellar) Quiescent XUV Luminosity [LSUN]: 5.116133e-07 
(Temperature) Effective Temperature [K]: 3221.927396 
(LXUVFrac) Fraction of luminosity in XUV []: 0.000129 
(RossbyNumber) Rossby Number []: 1.424946 
(DRotPerDtStellar) Time Rate of Change of Rotation Period in STELLAR []: 1.537496e-11 
(WindTorque) Stellar Wind Torque []: 2.688759e+21 
----- FLARE PARAMETERS (star)------
(LXUVFlare) XUV Luminosity from flares [LSUN]: 3.446989e-07 
(FlareFreq1) First value of flare frequency range [/sec]: 1.406598e-07 
(FlareFreq2) Second value of flare frequency range [/sec]: 9.643685e-08 
(FlareFreq3) Third value of flare frequency range [/sec]: 6.611744e-08 
(FlareFreq4) Fourth value of flare frequency range [/sec]: 4.533034e-08 
(FlareFreqMin) Frequency of the flares with the lowest energy [/sec]: 1.406598e-07 
(FlareFreqMid) Frequency of the flares with the middle energy in the energy range [/sec]: 3.227750e-09 
(FlareFreqMax) Frequency of the flares with the highest energy [/sec]: 7.406783e-11 
(FlareEnergy1) First value of flare energy range [kg*m^2/sec^2]: 1.000000e+26 
(FlareEnergy2) Second value of flare energy range [kg*m^2/sec^2]: 1.412538e+26 
(FlareEnergy3) Third value of flare energy range [kg*m^2/sec^2]: 1.995262e+26 
(FlareEnergy4) Fourth value of flare energy range [kg*m^2/sec^2]: 2.818383e+26 
(FlareEnergyMin) Minimum flare energy [kg*m^2/sec^2]: 1.000000e+26 
(FlareEnergyMid) Middle flare energy in the range of energy values [kg*m^2/sec^2]: 3.162278e+27 
(FlareEnergyMax) Maximum flare energy [kg*m^2/sec^2]: 1.000000e+29 
(FlareEnergyXUV1) First value of flare energy range in XUV [kg*m^2/sec^2]: 1.875000e+26 
(FlareEnergyXUV2) Second value of flare energy range in XUV [kg*m^2/sec^2]: 2.648508e+26 
(FlareEnergyXUV3) Third value of flare energy range in XUV [kg*m^2/sec^2]: 3.741117e+26 
(FlareEnergyXUV4) Fourth value of flare energy range in XUV [kg*m^2/sec^2]: 5.284468e+26 
(FlareEnergyXUVMin) Minimum flare energy in the XUV range [kg*m^2/sec^2]: 1.875000e+26 
(FlareEnergyXUVMid) Middle flare energy in the range of energy values of XUV [kg*m^2/sec^2]: 5.929271e+27 
(FlareEnergyXUVMax) Maximum flare energy in the XUV range [kg*m^2/sec^2]: 1.875000e+29 
(FlareYIntOUT) FFD Y-Intercept [/sec]: 34.446977 
(FlareSlopeOUT) FFD slope [kg*m^2/sec^3]: -1.092847 
(CMEFluence30MeV) Particle flux of 30 MeV protons due to CMEs at the stellar surface [m^-2 sec^-1]: 5.975728e+20 
(FlareFreqKepler1) First Kepler-band flare frequency [/sec]: 2.795881e-07 
(FlareFreqKepler2) Second Kepler-band flare frequency [/sec]: 1.916865e-07 
(FlareFreqKepler3) Third Kepler-band flare frequency [/sec]: 1.314209e-07 
(FlareFreqKepler4) Fourth Kepler-band flare frequency [/sec]: 9.010265e-08 

Output Order: Time[year] Luminosity[LSUN] LXUVStellar[LSUN] LXUVFlare[LSUN] LXUVTot[LSUN]
Grid Output Order:

----- BODY: b ----
Active Modules: AtmEsc
Module Bit Sum: 9
Color: 000000
(Mass) Mass [kg]: 9.932663e+24 
(TimeStepVar) Number of variable responsible for setting timestep []: 1502.000000 
(Radius) Radius [m]: 7.277640e+06 
(RadGyra) Radius of Gyration/Moment of Inertia Constant []: 0.500000 
(BodyType) Type of Body (0 == planet) []: 0.000000 
(Density) Average Density [kg/m^3]: 6151.845826 
(SurfWaterMass) Surface water mass [kg]: 0.000000 
(HZLimitDryRunaway) Semi-major axis of Dry Runaway HZ Limit [m]: 8.546541e+09 
(HZLimRecVenus) Recent Venus HZ Limit [m]: 7.654896e+09 
(HZLimRunaway) Runaway Greenhouse HZ Limit [m]: 1.009675e+10 
(HZLimMoistGreenhouse) Moist Greenhouse HZ Limit [m]: 1.012869e+10 
(HZLimMaxGreenhouse) Maximum Greenhouse HZ Limit [m]: 1.924122e+10 
(HZLimEarlyMars) Early Mars HZ Limit [m]: 2.098464e+10 
(Instellation) Orbit-averaged INcident STELLar radiATION [kg/sec^3]: 2.275447e+04 
(MeanMotion) Orbital Mean Motion [/sec]: 4.464511e-05 
(OrbPeriod) Orbital Period [sec]: 1.407363e+05 
(SemiMajorAxis) Semi-major Axis [m]: 2.308394e+09 
(LXUVTot) Total XUV Luminosity [kg/sec^3]: -1.000000 
(EscapeVelocity) Escape Velocity [m/sec]: 1.349754e+04 
(CassiniL) Correia (2015)'s Cassini state angular momnetum invariant []: -1.000000 
(CassiniG1) Correia (2015)'s Cassini state G1 parameter []: -1.000000 
(CassiniG2) Correia (2015)'s Cassini state G2 parameter []: -1.000000 
(CassiniAlpha1) Correia (2015)'s Cassini state alpha1 parameter []: -1.000000 
(CassiniAlpha2) Correia (2015)'s Cassini state alpha2 parameter []: -1.000000 
(CassiniGamma) Correia (2015)'s Cassini state gamma parameter []: -1.000000 
----- ATMESC PARAMETERS (b)------
(OceanMassLost) Ocean Mass Lost [kg]: 0.000000 
(WaterLossRate) Water Loss Rate [kg/sec]: 5.562685e-309 
(EnvelopeMass) Envelope mass [kg]: 0.000000 
(OxygenMass) Oxygen mass in the atmosphere [kg]: 0.000000 
(RGLimit) Runaway greenhouse semi-major axis [m]: 9.676934e+09 
(XO) Atomic oxygen mixing ratio in upper atmosphere []: 0.000000 
(EtaO) Oxygen eta parameter (Luger and Barnes 2015) []: 0.000000 
(PlanetRadius) Planet radius [m]: 7.277640e+06 
(OxygenMantleMass) Mass of oxygen in mantle [kg]: 0.000000 
(RadXUV) XUV radius separating hydro. dyn. escape and equilibrium [m]: -1.000000 
(RadSolid) Radius to the solid surface [m]: -1.000000 
(PresXUV) Pressure at base of thermosphere [kg/m/sec^2]: 5.000000 
(ScaleHeight) Scale height in Lehmer & Catling (2016) model [m]: -1.000000 
(ThermTemp) Isothermal atmospheric temperature [K]: 400.000000 
(AtmGasConst) Atmospheric gas constant [kg*m^2/sec^2/K/kg]: 1.700738e+04 
(PresSurf) Surface pressure due to atmosphere [kg/m/sec^2]: -1.000000 
(DEnvMassDt) Envelope Mass Loss Rate [kg/sec]: 0.000000 
(FXUV) XUV flux [W/m^2]: 4.918405 
(AtmXAbsEffH2O) XUV atmospheric escape efficiency for H2O []: 0.300000 
(RocheRadius) Roche Lobe Radius [m]: 4.804014e+07 
(BondiRadius) Bondi Radius [m]: 6.392667e+08 
(HEscapeRegime) Integer flag for H envelope escape regime []: 8.000000 
(RRCriticalFlux) Critical XUV Flux that separates RR and energy-limited escape [W/m^2]: 59.986040 
(CrossoverMass) Crossover mass, defines oxygen is escaping if mc > mo [kg]: 0.000000 
(WaterEscapeRegime) What water escape regime the code is currently in []: 8.000000 
(FXUVCRITDRAG) Critical Drag XUV flux [W/m^2]: -0.000000 
(HREFFLUX) The Hydrogen Reference Flux [m^-2 sec^-1]: 3.148722e+18 
(XO2) Molecular oxygen mixing ratio in atmosphere []: 0.000000 
(XH2O) Water mixing ratio in upper atmosphere []: 0.000000 
(HDiffFlux) The Hydrogen Diffusion Flux [m^-2 sec^-1]: -0.000000 
(HRefODragMod) Multiply by H ref flux to get flux with drag []: 1.000000 
(KTide) Mass loss enhancement due to stellar gravity []: 0.774502 
(CumulativeXUVFlux) Cumulative XUV flux [W/m^2]: 5.177392e+18 
(CMELossHydrogen) Mass of hydrogen lost due to CME stripping [kg]: 0.000000 
(CMELossWater) Mass of water lost due to CME stripping [kg]: 0.000000 
(CMELossOxygen) Mass of oxygen lost due to CME stripping [kg]: 0.000000 
(CMELossCO2) Mass of carbon dioxide lost due to CME stripping [kg]: 0.000000 
(DEnvMassDtCME) Envelope Mass Loss Rate due to CMEs [kg/sec]: 0.000000 
(DWaterMassDtCME) Water Mass Loss Rate due to CMEs [kg/sec]: 0.000000 
(DCO2MassDtCME) CO2 Mass Loss Rate due to CMEs [kg/sec]: 0.000000 
(DOxygenMassDtCME) Oxygen Mass Loss Rate due to CMEs [kg/sec]: 0.000000 
(RGDuration) Runaway Greenhouse Duration [years]: 0.00000e+00

Output Order: Time[year] CumulativeXUVFlux[W/m^2]
Grid Output Order:
