-------- Log file gj1132.log -------

Executable: /home/vplanet/.local/bin/vplanet
Version: Unknown
System Name: gj1132
Primary Input File: vpl.in
Body File #1: star.in
Body File #2: b.in
Allow files to be overwitten: Yes
Mass Units: Grams
Length Units: Meters
Time Units: Seconds
Angle Units: Radians

------- FORMATTING -----
Verbosity Level: 5
Crossover Decade for Scientific Notation: 4
Number of Digits After Decimal: 6
Integration Method: Runge-Kutta4
Direction: Forward
Time Step: 3.155760e+07
Stop Time: 2.149060e+17
Output Interval: 3.155760e+13
Use Variable Timestep: Yes
dEta: 0.010000
Minimum Value of ecc and obl: 1.000000e-10


---- INITIAL SYSTEM PROPERTIES ----
(Age) System Age [sec]: 1.369255e+14 
(Time) Simulation Time [sec]: 0.000000 
(TotAngMom) Total Angular Momentum [kg*m^2/sec]: 1.867558e+42 
(TotEnergy) Total System Energy [kg*m^2/sec^2]: -1.135192e+40 
(PotEnergy) Body's non-orbital Potential Energy [kg*m^2/sec^2]: -1.141968e+40 
(KinEnergy) Body's non-orbital Kinetic Energy [kg*m^2/sec^2]: 6.781645e+37 
(DeltaTime) Average Timestep Over Last Output Interval [sec]: 0.000000 

----- BODY: star ----
Active Modules: FLARE STELLAR
Module Bit Sum: 577
Color: 000000
(Mass) Mass [kg]: 3.987149e+29 
(Radius) Radius [m]: 5.574766e+08 
(RadGyra) Radius of Gyration/Moment of Inertia Constant []: 0.454945 
(RotAngMom) Rotational Angular Momentum [kg*m^2/sec]: 1.865086e+42 
(RotVel) Rotational Velocity [m/sec]: 4.054084e+04 
(BodyType) Type of Body (0 == planet) []: 0.000000 
(RotRate) Rotational Frequency [/sec]: 7.272205e-05 
(RotPer) Rotational Period [sec]: 8.640000e+04 
(Density) Average Density [kg/m^3]: 549.406704 
(HZLimitDryRunaway) Semi-major axis of Dry Runaway HZ Limit [m]: 3.360080e+10 
(HZLimRecVenus) Recent Venus HZ Limit [m]: 3.010208e+10 
(HZLimRunaway) Runaway Greenhouse HZ Limit [m]: 3.970038e+10 
(HZLimMoistGreenhouse) Moist Greenhouse HZ Limit [m]: 3.983000e+10 
(HZLimMaxGreenhouse) Maximum Greenhouse HZ Limit [m]: 7.569693e+10 
(HZLimEarlyMars) Early Mars HZ Limit [m]: 8.255570e+10 
(Instellation) Orbit-averaged INcident STELLar radiATION [kg/sec^3]: -1.000000 
(CriticalSemiMajorAxis) Holman & Wiegert (1999) P-type Critical Semi-major Axis [m]: -1.000000 
(LXUVTot) Total XUV Luminosity [LSUN]: 6.970564e-05 
(LostEnergy) Body's Total Lost Energy [kg*m^2/sec^2]: 5.562685e-309 
(LostAngMom) Lost Angular Momentum due to Magnetic Braking [kg*m^2/sec]: 5.562685e-309 
(EscapeVelocity) Escape Velocity [m/sec]: 3.089834e+05 
----- STELLAR PARAMETERS (star)------
(Luminosity) Luminosity [LSUN]: 0.061236 
(LXUVStellar) Base X-ray/XUV Luminosity [LSUN]: 6.887222e-05 
(Temperature) Effective Temperature [K]: 3210.533624 
(LXUVFrac) Fraction of luminosity in XUV []: 0.001125 
(RossbyNumber) Rossby Number []: 0.016476 
(DRotPerDtStellar) Time Rate of Change of Rotation Period in STELLAR []: -1.389197e-10 
(WindTorque) Stellar Wind Torque []: 7.344843e+27 
----- FLARE PARAMETERS (star)------
(LXUVFlare) XUV Luminosity from flares [LSUN]: 8.334145e-07 
(FlareFreq1) First value of flare frequency range [/sec]: 3.183012e-05 
(FlareFreq2) Second value of flare frequency range [/sec]: 2.765274e-05 
(FlareFreq3) Third value of flare frequency range [/sec]: 2.402360e-05 
(FlareFreq4) Fourth value of flare frequency range [/sec]: 2.087075e-05 
(FlareFreqMin) Frequency of the flares with the lowest energy [/sec]: 3.183012e-05 
(FlareFreqMid) Frequency of the flares with the middle energy in the energy range [/sec]: 7.795383e-06 
(FlareFreqMax) Frequency of the flares with the highest energy [/sec]: 1.909135e-06 
(FlareEnergy1) First value of flare energy range [kg*m^2/sec^2]: 5.334000e+23 
(FlareEnergy2) Second value of flare energy range [kg*m^2/sec^2]: 6.715108e+23 
(FlareEnergy3) Third value of flare energy range [kg*m^2/sec^2]: 8.453820e+23 
(FlareEnergy4) Fourth value of flare energy range [kg*m^2/sec^2]: 1.064273e+24 
(FlareEnergyMin) Minimum flare energy [kg*m^2/sec^2]: 5.334000e+23 
(FlareEnergyMid) Middle flare energy in the range of energy values [kg*m^2/sec^2]: 5.334000e+24 
(FlareEnergyMax) Maximum flare energy [kg*m^2/sec^2]: 5.334000e+25 
(FlareYIntOUT) Instantaneous Davenport FFD y-intercept at current age and mass []: 19.213606 
(FlareSlopeOUT) Instantaneous Davenport FFD slope at current age and mass []: -0.611001 

Output Order: Time[year] Luminosity[LSUN] LXUVStellar[LSUN] LXUVFlare[LSUN] LXUVTot[LSUN]
Grid Output Order:

----- BODY: b ----
Active Modules: AtmEsc
Module Bit Sum: 9
Color: 000000
(Mass) Mass [kg]: 9.839171e+24 
(Radius) Radius [m]: 6.866422e+06 
(RadGyra) Radius of Gyration/Moment of Inertia Constant []: 0.500000 
(BodyType) Type of Body (0 == planet) []: 0.000000 
(Density) Average Density [kg/m^3]: 7255.685367 
(HZLimitDryRunaway) Semi-major axis of Dry Runaway HZ Limit [m]: 3.360097e+10 
(HZLimRecVenus) Recent Venus HZ Limit [m]: 3.010208e+10 
(HZLimRunaway) Runaway Greenhouse HZ Limit [m]: 3.970038e+10 
(HZLimMoistGreenhouse) Moist Greenhouse HZ Limit [m]: 3.983000e+10 
(HZLimMaxGreenhouse) Maximum Greenhouse HZ Limit [m]: 7.569693e+10 
(HZLimEarlyMars) Early Mars HZ Limit [m]: 8.255570e+10 
(Instellation) Orbit-averaged INcident STELLar radiATION [kg/sec^3]: 3.329891e+05 
(MeanMotion) Orbital Mean Motion [/sec]: 4.464308e-05 
(OrbPeriod) Orbital Period [sec]: 1.407426e+05 
(SemiMajorAxis) Semi-major Axis [m]: 2.372410e+09 
(LXUVTot) Total XUV Luminosity [kg/sec^3]: -1.000000 
(EscapeVelocity) Escape Velocity [m/sec]: 1.383029e+04 
----- ATMESC PARAMETERS (b)------
(SurfWaterMass) Surface water mass [kg]: 0.000000 
(EnvelopeMass) Envelope mass [kg]: 0.000000 
(OxygenMass) Oxygen mass in the atmosphere [kg]: 0.000000 
(RGLimit) Runaway greenhouse semi-major axis [m]: 3.805781e+10 
(XO) Atomic oxygen mixing ratio in upper atmosphere []: 0.000000 
(EtaO) Oxygen eta parameter (Luger and Barnes 2015) []: 0.000000 
(PlanetRadius) Planet radius [m]: 6.866422e+06 
(OxygenMantleMass) Mass of oxygen in mantle [kg]: 0.000000 
(RadXUV) XUV radius separating hydro. dyn. escape and equilibrium [m]: -1.000000 
(RadSolid) Radius to the solid surface [m]: -1.000000 
(PresXUV) Pressure at base of thermosphere [(null)]: 5.000000 
(ScaleHeight) Scale height in Lehmer & Catling (2016) model [m]: -1.000000 
(ThermTemp) Isothermal atmospheric temperature [K]: 400.000000 
(AtmGasConst) Atmospheric gas constant [(null)]: 4124.000000 
(PresSurf) Surface pressure due to atmosphere [Pa]: -1.000000 
(DEnvMassDt) Envelope Mass Loss Rate [kg/s]: 0.000000 
(FXUV) XUV flux [W/m^2]: 379.044276 
(AtmXAbsEffH2O) XUV atmospheric escape efficiency for H2O []: 0.300000 
(RocheRadius) Roche Lobe Radius [m]: 4.789035e+07 
(BondiRadius) Bondi Radius [m]: 3.145528e+08 
(HEscapeRegime) Integer flag for H envelope escape regime []: 8.000000 
(RRCriticalFlux) Critical XUV Flux that separates RR and energy-limited escape [W/m^2]: 72.254558 
(CrossoverMass) Crossover mass, defines oxygen is escaping if mc > mo [kg]: 0.000000 
(WaterEscapeRegime) What water escape regime the code is currently in []: 8.000000 
(FXUVCRITDRAG) Critical Drag XUV flux [W/m^2]: 0.579433 
(HREFFLUX) The Hydrogen Reference Flux (m^-2 s^-1) [m^-2 s^-1]: 2.276263e+20 
(XO2) Molecular oxygen mixing ratio in atmosphere []: 0.000000 
(XH2O) Water mixing ratio in upper atmosphere []: 0.000000 
(HDiffFlux) The Hydrogen Diffusion Flux (m^-2 s^-1) [m^-2 s^-1]: 2.697028e+17 
(HRefODragMod) Multiply by H ref flux to get flux with drag []: 1.000000 
(KTide) Mass loss enhancement due to stellar gravity []: 0.786407 
(CumulativeXUVFlux) Cumulative XUV flux [W/m^2]: 0.000000 
(RunawayGreenhouseFlux) Incident flux that triggers runaway greenhouse [kg/sec^3]: 1293.950438 
(RGDuration) Runaway Greenhouse Duration [years]: 0.00000e+00

Output Order: Time[year] CumulativeXUVFlux[W/m^2]
Grid Output Order:



---- FINAL SYSTEM PROPERTIES ----
(Age) System Age [sec]: 2.150440e+17 
(Time) Simulation Time [sec]: 2.149071e+17 
(TotAngMom) Total Angular Momentum [kg*m^2/sec]: 1.869784e+42 
(TotEnergy) Total System Energy [kg*m^2/sec^2]: -1.135770e+40 
(PotEnergy) Body's non-orbital Potential Energy [kg*m^2/sec^2]: -4.192421e+40 
(KinEnergy) Body's non-orbital Kinetic Energy [kg*m^2/sec^2]: 6.618687e+32 
(DeltaTime) Average Timestep Over Last Output Interval [sec]: 1.577880e+12 

----- BODY: star ----
Active Modules: FLARE STELLAR
Module Bit Sum: 577
Color: 000000
(Mass) Mass [kg]: 3.987149e+29 
(Radius) Radius [m]: 1.518503e+08 
(RadGyra) Radius of Gyration/Moment of Inertia Constant []: 0.460088 
(RotAngMom) Rotational Angular Momentum [kg*m^2/sec]: 1.605049e+39 
(RotVel) Rotational Velocity [m/sec]: 125.235994 
(BodyType) Type of Body (0 == planet) []: 0.000000 
(RotRate) Rotational Frequency [/sec]: 8.247332e-07 
(RotPer) Rotational Period [sec]: 7.618446e+06 
(Density) Average Density [kg/m^3]: 2.718484e+04 
(HZLimitDryRunaway) Semi-major axis of Dry Runaway HZ Limit [m]: 9.484788e+09 
(HZLimRecVenus) Recent Venus HZ Limit [m]: 8.488385e+09 
(HZLimRunaway) Runaway Greenhouse HZ Limit [m]: 1.120032e+10 
(HZLimMoistGreenhouse) Moist Greenhouse HZ Limit [m]: 1.123153e+10 
(HZLimMaxGreenhouse) Maximum Greenhouse HZ Limit [m]: 2.130234e+10 
(HZLimEarlyMars) Early Mars HZ Limit [m]: 2.323259e+10 
(Instellation) Orbit-averaged INcident STELLar radiATION [kg/sec^3]: -1.000000 
(CriticalSemiMajorAxis) Holman & Wiegert (1999) P-type Critical Semi-major Axis [m]: -1.000000 
(LXUVTot) Total XUV Luminosity [LSUN]: 4.909597e-07 
(LostEnergy) Body's Total Lost Energy [kg*m^2/sec^2]: 3.056656e+40 
(LostAngMom) Lost Angular Momentum due to Magnetic Braking [kg*m^2/sec]: 1.865707e+42 
(EscapeVelocity) Escape Velocity [m/sec]: 5.920257e+05 
----- STELLAR PARAMETERS (star)------
(Luminosity) Luminosity [LSUN]: 0.004879 
(LXUVStellar) Base X-ray/XUV Luminosity [LSUN]: 1.010227e-07 
(Temperature) Effective Temperature [K]: 3263.573734 
(LXUVFrac) Fraction of luminosity in XUV []: 2.070404e-05 
(RossbyNumber) Rossby Number []: 1.492783 
(DRotPerDtStellar) Time Rate of Change of Rotation Period in STELLAR []: 1.415778e-11 
(WindTorque) Stellar Wind Torque []: 3.414076e+21 
----- FLARE PARAMETERS (star)------
(LXUVFlare) XUV Luminosity from flares [LSUN]: 3.899368e-07 
(FlareFreq1) First value of flare frequency range [/sec]: 8.441683e-05 
(FlareFreq2) Second value of flare frequency range [/sec]: 6.577489e-05 
(FlareFreq3) Third value of flare frequency range [/sec]: 5.124969e-05 
(FlareFreq4) Fourth value of flare frequency range [/sec]: 3.993211e-05 
(FlareFreqMin) Frequency of the flares with the lowest energy [/sec]: 8.441683e-05 
(FlareFreqMid) Frequency of the flares with the middle energy in the energy range [/sec]: 6.962095e-06 
(FlareFreqMax) Frequency of the flares with the highest energy [/sec]: 5.741836e-07 
(FlareEnergy1) First value of flare energy range [kg*m^2/sec^2]: 5.334000e+23 
(FlareEnergy2) Second value of flare energy range [kg*m^2/sec^2]: 6.715108e+23 
(FlareEnergy3) Third value of flare energy range [kg*m^2/sec^2]: 8.453820e+23 
(FlareEnergy4) Fourth value of flare energy range [kg*m^2/sec^2]: 1.064273e+24 
(FlareEnergyMin) Minimum flare energy [kg*m^2/sec^2]: 5.334000e+23 
(FlareEnergyMid) Middle flare energy in the range of energy values [kg*m^2/sec^2]: 5.334000e+24 
(FlareEnergyMax) Maximum flare energy [kg*m^2/sec^2]: 5.334000e+25 
(FlareYIntOUT) Instantaneous Davenport FFD y-intercept at current age and mass []: 34.161516 
(FlareSlopeOUT) Instantaneous Davenport FFD slope at current age and mass []: -1.083689 

Output Order: Time[year] Luminosity[LSUN] LXUVStellar[LSUN] LXUVFlare[LSUN] LXUVTot[LSUN]
Grid Output Order:

----- BODY: b ----
Active Modules: AtmEsc
Module Bit Sum: 9
Color: 000000
(Mass) Mass [kg]: 9.839171e+24 
(Radius) Radius [m]: 6.866422e+06 
(RadGyra) Radius of Gyration/Moment of Inertia Constant []: 0.500000 
(BodyType) Type of Body (0 == planet) []: 0.000000 
(Density) Average Density [kg/m^3]: 7255.685367 
(HZLimitDryRunaway) Semi-major axis of Dry Runaway HZ Limit [m]: 9.484834e+09 
(HZLimRecVenus) Recent Venus HZ Limit [m]: 8.488385e+09 
(HZLimRunaway) Runaway Greenhouse HZ Limit [m]: 1.120032e+10 
(HZLimMoistGreenhouse) Moist Greenhouse HZ Limit [m]: 1.123153e+10 
(HZLimMaxGreenhouse) Maximum Greenhouse HZ Limit [m]: 2.130234e+10 
(HZLimEarlyMars) Early Mars HZ Limit [m]: 2.323259e+10 
(Instellation) Orbit-averaged INcident STELLar radiATION [kg/sec^3]: 2.653297e+04 
(MeanMotion) Orbital Mean Motion [/sec]: 4.464308e-05 
(OrbPeriod) Orbital Period [sec]: 1.407426e+05 
(SemiMajorAxis) Semi-major Axis [m]: 2.372410e+09 
(LXUVTot) Total XUV Luminosity [kg/sec^3]: -1.000000 
(EscapeVelocity) Escape Velocity [m/sec]: 1.383029e+04 
----- ATMESC PARAMETERS (b)------
(SurfWaterMass) Surface water mass [kg]: 0.000000 
(EnvelopeMass) Envelope mass [kg]: 0.000000 
(OxygenMass) Oxygen mass in the atmosphere [kg]: 0.000000 
(RGLimit) Runaway greenhouse semi-major axis [m]: 1.073716e+10 
(XO) Atomic oxygen mixing ratio in upper atmosphere []: 0.000000 
(EtaO) Oxygen eta parameter (Luger and Barnes 2015) []: 0.000000 
(PlanetRadius) Planet radius [m]: 6.866422e+06 
(OxygenMantleMass) Mass of oxygen in mantle [kg]: 0.000000 
(RadXUV) XUV radius separating hydro. dyn. escape and equilibrium [m]: -1.000000 
(RadSolid) Radius to the solid surface [m]: -1.000000 
(PresXUV) Pressure at base of thermosphere [(null)]: 5.000000 
(ScaleHeight) Scale height in Lehmer & Catling (2016) model [m]: -1.000000 
(ThermTemp) Isothermal atmospheric temperature [K]: 400.000000 
(AtmGasConst) Atmospheric gas constant [(null)]: 4124.000000 
(PresSurf) Surface pressure due to atmosphere [Pa]: -1.000000 
(DEnvMassDt) Envelope Mass Loss Rate [kg/s]: 0.000000 
(FXUV) XUV flux [W/m^2]: 2.669733 
(AtmXAbsEffH2O) XUV atmospheric escape efficiency for H2O []: 0.300000 
(RocheRadius) Roche Lobe Radius [m]: 4.789035e+07 
(BondiRadius) Bondi Radius [m]: 5.929019e+08 
(HEscapeRegime) Integer flag for H envelope escape regime []: 8.000000 
(RRCriticalFlux) Critical XUV Flux that separates RR and energy-limited escape [W/m^2]: 72.254558 
(CrossoverMass) Crossover mass, defines oxygen is escaping if mc > mo [kg]: 0.000000 
(WaterEscapeRegime) What water escape regime the code is currently in []: 8.000000 
(FXUVCRITDRAG) Critical Drag XUV flux [W/m^2]: 0.579433 
(HREFFLUX) The Hydrogen Reference Flux (m^-2 s^-1) [m^-2 s^-1]: 1.603247e+18 
(XO2) Molecular oxygen mixing ratio in atmosphere []: 0.000000 
(XH2O) Water mixing ratio in upper atmosphere []: 0.000000 
(HDiffFlux) The Hydrogen Diffusion Flux (m^-2 s^-1) [m^-2 s^-1]: 2.697028e+17 
(HRefODragMod) Multiply by H ref flux to get flux with drag []: 1.000000 
(KTide) Mass loss enhancement due to stellar gravity []: 0.786407 
(CumulativeXUVFlux) Cumulative XUV flux [W/m^2]: 1.587256e+18 
(RunawayGreenhouseFlux) Incident flux that triggers runaway greenhouse [kg/sec^3]: 1295.335260 
(RGDuration) Runaway Greenhouse Duration [years]: 0.00000e+00

Output Order: Time[year] CumulativeXUVFlux[W/m^2]
Grid Output Order:
