-------- Log file gj1132.log -------

Executable: /home/vplanet/.local/bin/vplanet
Version: Unknown
System Name: gj1132
Primary Input File: vpl.in
Body File #1: star.in
Body File #2: b.in
Allow files to be overwitten: Yes
Mass Units: Grams
Length Units: Meters
Time Units: Seconds
Angle Units: Radians

------- FORMATTING -----
Verbosity Level: 5
Crossover Decade for Scientific Notation: 4
Number of Digits After Decimal: 6
Integration Method: Runge-Kutta4
Direction: Forward
Time Step: 3.155760e+07
Stop Time: 1.985053e+17
Output Interval: 3.155760e+13
Use Variable Timestep: Yes
dEta: 0.010000
Minimum Value of ecc and obl: 1.000000e-10


---- INITIAL SYSTEM PROPERTIES ----
(Age) System Age [sec]: 1.735696e+14 
(Time) Simulation Time [sec]: 0.000000 
(TotAngMom) Total Angular Momentum [kg*m^2/sec]: 1.420287e+42 
(TotEnergy) Total System Energy [kg*m^2/sec^2]: -1.164687e+40 
(PotEnergy) Body's non-orbital Potential Energy [kg*m^2/sec^2]: -1.169837e+40 
(KinEnergy) Body's non-orbital Kinetic Energy [kg*m^2/sec^2]: 5.155344e+37 
(DeltaTime) Average Timestep Over Last Output Interval [sec]: 0.000000 

----- BODY: star ----
Active Modules: FLARE STELLAR
Module Bit Sum: 577
Color: 000000
(Mass) Mass [kg]: 3.806805e+29 
(Radius) Radius [m]: 4.960797e+08 
(RadGyra) Radius of Gyration/Moment of Inertia Constant []: 0.456190 
(RotAngMom) Rotational Angular Momentum [kg*m^2/sec]: 1.417821e+42 
(RotVel) Rotational Velocity [m/sec]: 3.607593e+04 
(BodyType) Type of Body (0 == planet) []: 0.000000 
(RotRate) Rotational Frequency [/sec]: 7.272205e-05 
(RotPer) Rotational Period [sec]: 8.640000e+04 
(Density) Average Density [kg/m^3]: 744.419259 
(HZLimitDryRunaway) Semi-major axis of Dry Runaway HZ Limit [m]: 2.987343e+10 
(HZLimRecVenus) Recent Venus HZ Limit [m]: 2.676561e+10 
(HZLimRunaway) Runaway Greenhouse HZ Limit [m]: 3.529834e+10 
(HZLimMoistGreenhouse) Moist Greenhouse HZ Limit [m]: 3.541531e+10 
(HZLimMaxGreenhouse) Maximum Greenhouse HZ Limit [m]: 6.732068e+10 
(HZLimEarlyMars) Early Mars HZ Limit [m]: 7.342048e+10 
(Instellation) Orbit-averaged INcident STELLar radiATION [kg/sec^3]: -1.000000 
(CriticalSemiMajorAxis) Holman & Wiegert (1999) P-type Critical Semi-major Axis [m]: -1.000000 
(LXUVTot) Total XUV Luminosity [LSUN]: 8.434230e-05 
(LostEnergy) Body's Total Lost Energy [kg*m^2/sec^2]: 5.562685e-309 
(LostAngMom) Lost Angular Momentum due to Magnetic Braking [kg*m^2/sec]: 5.562685e-309 
(EscapeVelocity) Escape Velocity [m/sec]: 3.200529e+05 
----- STELLAR PARAMETERS (star)------
(Luminosity) Luminosity [LSUN]: 0.048404 
(LXUVStellar) Base X-ray/XUV Luminosity [LSUN]: 8.354764e-05 
(Temperature) Effective Temperature [K]: 3205.111971 
(LXUVFrac) Fraction of luminosity in XUV []: 0.001726 
(RossbyNumber) Rossby Number []: 0.016430 
(DRotPerDtStellar) Time Rate of Change of Rotation Period in STELLAR []: -1.328335e-10 
(WindTorque) Stellar Wind Torque []: 4.065521e+27 
----- FLARE PARAMETERS (star)------
(LXUVFlare) XUV Luminosity from flares [LSUN]: 7.946663e-07 
(FlareFreq1) First value of flare frequency range [/sec]: 3.248688e-05 
(FlareFreq2) Second value of flare frequency range [/sec]: 2.811342e-05 
(FlareFreq3) Third value of flare frequency range [/sec]: 2.432872e-05 
(FlareFreq4) Fourth value of flare frequency range [/sec]: 2.105352e-05 
(FlareFreqMin) Frequency of the flares with the lowest energy [/sec]: 3.248688e-05 
(FlareFreqMid) Frequency of the flares with the middle energy in the energy range [/sec]: 7.651806e-06 
(FlareFreqMax) Frequency of the flares with the highest energy [/sec]: 1.802270e-06 
(FlareEnergy1) First value of flare energy range [kg*m^2/sec^2]: 5.334000e+23 
(FlareEnergy2) Second value of flare energy range [kg*m^2/sec^2]: 6.715108e+23 
(FlareEnergy3) Third value of flare energy range [kg*m^2/sec^2]: 8.453820e+23 
(FlareEnergy4) Fourth value of flare energy range [kg*m^2/sec^2]: 1.064273e+24 
(FlareEnergyMin) Minimum flare energy [kg*m^2/sec^2]: 5.334000e+23 
(FlareEnergyMid) Middle flare energy in the range of energy values [kg*m^2/sec^2]: 5.334000e+24 
(FlareEnergyMax) Maximum flare energy [kg*m^2/sec^2]: 5.334000e+25 
(FlareYIntOUT) Instantaneous Davenport FFD y-intercept at current age and mass []: 19.743093 
(FlareSlopeOUT) Instantaneous Davenport FFD slope at current age and mass []: -0.627944 

Output Order: Time[year] Luminosity[LSUN] LXUVStellar[LSUN] LXUVFlare[LSUN] LXUVTot[LSUN]
Grid Output Order:

----- BODY: b ----
Active Modules: AtmEsc
Module Bit Sum: 9
Color: 000000
(Mass) Mass [kg]: 1.012011e+25 
(Radius) Radius [m]: 7.372748e+06 
(RadGyra) Radius of Gyration/Moment of Inertia Constant []: 0.500000 
(BodyType) Type of Body (0 == planet) []: 0.000000 
(Density) Average Density [kg/m^3]: 6028.490406 
(HZLimitDryRunaway) Semi-major axis of Dry Runaway HZ Limit [m]: 2.987579e+10 
(HZLimRecVenus) Recent Venus HZ Limit [m]: 2.676561e+10 
(HZLimRunaway) Runaway Greenhouse HZ Limit [m]: 3.529834e+10 
(HZLimMoistGreenhouse) Moist Greenhouse HZ Limit [m]: 3.541531e+10 
(HZLimMaxGreenhouse) Maximum Greenhouse HZ Limit [m]: 6.732068e+10 
(HZLimEarlyMars) Early Mars HZ Limit [m]: 7.342048e+10 
(Instellation) Orbit-averaged INcident STELLar radiATION [kg/sec^3]: 2.714780e+05 
(MeanMotion) Orbital Mean Motion [/sec]: 4.464315e-05 
(OrbPeriod) Orbital Period [sec]: 1.407424e+05 
(SemiMajorAxis) Semi-major Axis [m]: 2.336087e+09 
(LXUVTot) Total XUV Luminosity [kg/sec^3]: -1.000000 
(EscapeVelocity) Escape Velocity [m/sec]: 1.353615e+04 
----- ATMESC PARAMETERS (b)------
(SurfWaterMass) Surface water mass [kg]: 0.000000 
(EnvelopeMass) Envelope mass [kg]: 0.000000 
(OxygenMass) Oxygen mass in the atmosphere [kg]: 0.000000 
(RGLimit) Runaway greenhouse semi-major axis [m]: 3.381462e+10 
(XO) Atomic oxygen mixing ratio in upper atmosphere []: 0.000000 
(EtaO) Oxygen eta parameter (Luger and Barnes 2015) []: 0.000000 
(PlanetRadius) Planet radius [m]: 7.372748e+06 
(OxygenMantleMass) Mass of oxygen in mantle [kg]: 0.000000 
(RadXUV) XUV radius separating hydro. dyn. escape and equilibrium [m]: -1.000000 
(RadSolid) Radius to the solid surface [m]: -1.000000 
(PresXUV) Pressure at base of thermosphere [(null)]: 5.000000 
(ScaleHeight) Scale height in Lehmer & Catling (2016) model [m]: -1.000000 
(ThermTemp) Isothermal atmospheric temperature [K]: 400.000000 
(AtmGasConst) Atmospheric gas constant [(null)]: 4124.000000 
(PresSurf) Surface pressure due to atmosphere [Pa]: -1.000000 
(DEnvMassDt) Envelope Mass Loss Rate [kg/s]: 0.000000 
(FXUV) XUV flux [W/m^2]: 473.043783 
(AtmXAbsEffH2O) XUV atmospheric escape efficiency for H2O []: 0.300000 
(RocheRadius) Roche Lobe Radius [m]: 4.834187e+07 
(BondiRadius) Bondi Radius [m]: 3.462122e+08 
(HEscapeRegime) Integer flag for H envelope escape regime []: 8.000000 
(RRCriticalFlux) Critical XUV Flux that separates RR and energy-limited escape [W/m^2]: 59.661212 
(CrossoverMass) Crossover mass, defines oxygen is escaping if mc > mo [kg]: 0.000000 
(WaterEscapeRegime) What water escape regime the code is currently in []: 8.000000 
(FXUVCRITDRAG) Critical Drag XUV flux [W/m^2]: 0.495177 
(HREFFLUX) The Hydrogen Reference Flux (m^-2 s^-1) [m^-2 s^-1]: 3.016970e+20 
(XO2) Molecular oxygen mixing ratio in atmosphere []: 0.000000 
(XH2O) Water mixing ratio in upper atmosphere []: 0.000000 
(HDiffFlux) The Hydrogen Diffusion Flux (m^-2 s^-1) [m^-2 s^-1]: 2.406104e+17 
(HRefODragMod) Multiply by H ref flux to get flux with drag []: 1.000000 
(KTide) Mass loss enhancement due to stellar gravity []: 0.773005 
(CumulativeXUVFlux) Cumulative XUV flux [W/m^2]: 0.000000 
(RunawayGreenhouseFlux) Incident flux that triggers runaway greenhouse [kg/sec^3]: 1295.491865 
(RGDuration) Runaway Greenhouse Duration [years]: 0.00000e+00

Output Order: Time[year] CumulativeXUVFlux[W/m^2]
Grid Output Order:



---- FINAL SYSTEM PROPERTIES ----
(Age) System Age [sec]: 1.987024e+17 
(Time) Simulation Time [sec]: 1.985289e+17 
(TotAngMom) Total Angular Momentum [kg*m^2/sec]: 1.424001e+42 
(TotEnergy) Total System Energy [kg*m^2/sec^2]: -1.163293e+40 
(PotEnergy) Body's non-orbital Potential Energy [kg*m^2/sec^2]: -4.045930e+40 
(KinEnergy) Body's non-orbital Kinetic Energy [kg*m^2/sec^2]: 6.854611e+32 
(DeltaTime) Average Timestep Over Last Output Interval [sec]: 1.577880e+13 

----- BODY: star ----
Active Modules: FLARE STELLAR
Module Bit Sum: 577
Color: 000000
(Mass) Mass [kg]: 3.806805e+29 
(Radius) Radius [m]: 1.434361e+08 
(RadGyra) Radius of Gyration/Moment of Inertia Constant []: 0.460561 
(RotAngMom) Rotational Angular Momentum [kg*m^2/sec]: 1.509151e+39 
(RotVel) Rotational Velocity [m/sec]: 130.298243 
(BodyType) Type of Body (0 == planet) []: 0.000000 
(RotRate) Rotational Frequency [/sec]: 9.084063e-07 
(RotPer) Rotational Period [sec]: 6.916713e+06 
(Density) Average Density [kg/m^3]: 3.079617e+04 
(HZLimitDryRunaway) Semi-major axis of Dry Runaway HZ Limit [m]: 8.846888e+09 
(HZLimRecVenus) Recent Venus HZ Limit [m]: 7.921637e+09 
(HZLimRunaway) Runaway Greenhouse HZ Limit [m]: 1.044999e+10 
(HZLimMoistGreenhouse) Moist Greenhouse HZ Limit [m]: 1.048163e+10 
(HZLimMaxGreenhouse) Maximum Greenhouse HZ Limit [m]: 1.990027e+10 
(HZLimEarlyMars) Early Mars HZ Limit [m]: 2.170343e+10 
(Instellation) Orbit-averaged INcident STELLar radiATION [kg/sec^3]: -1.000000 
(CriticalSemiMajorAxis) Holman & Wiegert (1999) P-type Critical Semi-major Axis [m]: -1.000000 
(LXUVTot) Total XUV Luminosity [LSUN]: 6.416634e-07 
(LostEnergy) Body's Total Lost Energy [kg*m^2/sec^2]: 2.882643e+40 
(LostAngMom) Lost Angular Momentum due to Magnetic Braking [kg*m^2/sec]: 1.420026e+42 
(EscapeVelocity) Escape Velocity [m/sec]: 5.952074e+05 
----- STELLAR PARAMETERS (star)------
(Luminosity) Luminosity [LSUN]: 0.004245 
(LXUVStellar) Base X-ray/XUV Luminosity [LSUN]: 2.551962e-07 
(Temperature) Effective Temperature [K]: 3236.969872 
(LXUVFrac) Fraction of luminosity in XUV []: 6.011523e-05 
(RossbyNumber) Rossby Number []: 1.336941 
(DRotPerDtStellar) Time Rate of Change of Rotation Period in STELLAR []: 1.935800e-11 
(WindTorque) Stellar Wind Torque []: 4.211812e+21 
----- FLARE PARAMETERS (star)------
(LXUVFlare) XUV Luminosity from flares [LSUN]: 3.864623e-07 
(FlareFreq1) First value of flare frequency range [/sec]: 8.272921e-05 
(FlareFreq2) Second value of flare frequency range [/sec]: 6.451054e-05 
(FlareFreq3) Third value of flare frequency range [/sec]: 5.030400e-05 
(FlareFreq4) Fourth value of flare frequency range [/sec]: 3.922602e-05 
(FlareFreqMin) Frequency of the flares with the lowest energy [/sec]: 8.272921e-05 
(FlareFreqMid) Frequency of the flares with the middle energy in the energy range [/sec]: 6.876648e-06 
(FlareFreqMax) Frequency of the flares with the highest energy [/sec]: 5.716033e-07 
(FlareEnergy1) First value of flare energy range [kg*m^2/sec^2]: 5.334000e+23 
(FlareEnergy2) Second value of flare energy range [kg*m^2/sec^2]: 6.715108e+23 
(FlareEnergy3) Third value of flare energy range [kg*m^2/sec^2]: 8.453820e+23 
(FlareEnergy4) Fourth value of flare energy range [kg*m^2/sec^2]: 1.064273e+24 
(FlareEnergyMin) Minimum flare energy [kg*m^2/sec^2]: 5.334000e+23 
(FlareEnergyMid) Middle flare energy in the range of energy values [kg*m^2/sec^2]: 5.334000e+24 
(FlareEnergyMax) Maximum flare energy [kg*m^2/sec^2]: 5.334000e+25 
(FlareYIntOUT) Instantaneous Davenport FFD y-intercept at current age and mass []: 34.048058 
(FlareSlopeOUT) Instantaneous Davenport FFD slope at current age and mass []: -1.080282 

Output Order: Time[year] Luminosity[LSUN] LXUVStellar[LSUN] LXUVFlare[LSUN] LXUVTot[LSUN]
Grid Output Order:

----- BODY: b ----
Active Modules: AtmEsc
Module Bit Sum: 9
Color: 000000
(Mass) Mass [kg]: 1.012011e+25 
(Radius) Radius [m]: 7.372748e+06 
(RadGyra) Radius of Gyration/Moment of Inertia Constant []: 0.500000 
(BodyType) Type of Body (0 == planet) []: 0.000000 
(Density) Average Density [kg/m^3]: 6028.490406 
(HZLimitDryRunaway) Semi-major axis of Dry Runaway HZ Limit [m]: 8.847589e+09 
(HZLimRecVenus) Recent Venus HZ Limit [m]: 7.921637e+09 
(HZLimRunaway) Runaway Greenhouse HZ Limit [m]: 1.044999e+10 
(HZLimMoistGreenhouse) Moist Greenhouse HZ Limit [m]: 1.048163e+10 
(HZLimMaxGreenhouse) Maximum Greenhouse HZ Limit [m]: 1.990027e+10 
(HZLimEarlyMars) Early Mars HZ Limit [m]: 2.170343e+10 
(Instellation) Orbit-averaged INcident STELLar radiATION [kg/sec^3]: 2.380924e+04 
(MeanMotion) Orbital Mean Motion [/sec]: 4.464315e-05 
(OrbPeriod) Orbital Period [sec]: 1.407424e+05 
(SemiMajorAxis) Semi-major Axis [m]: 2.336087e+09 
(LXUVTot) Total XUV Luminosity [kg/sec^3]: -1.000000 
(EscapeVelocity) Escape Velocity [m/sec]: 1.353615e+04 
----- ATMESC PARAMETERS (b)------
(SurfWaterMass) Surface water mass [kg]: 0.000000 
(EnvelopeMass) Envelope mass [kg]: 0.000000 
(OxygenMass) Oxygen mass in the atmosphere [kg]: 0.000000 
(RGLimit) Runaway greenhouse semi-major axis [m]: 1.001086e+10 
(XO) Atomic oxygen mixing ratio in upper atmosphere []: 0.000000 
(EtaO) Oxygen eta parameter (Luger and Barnes 2015) []: 0.000000 
(PlanetRadius) Planet radius [m]: 7.372748e+06 
(OxygenMantleMass) Mass of oxygen in mantle [kg]: 0.000000 
(RadXUV) XUV radius separating hydro. dyn. escape and equilibrium [m]: -1.000000 
(RadSolid) Radius to the solid surface [m]: -1.000000 
(PresXUV) Pressure at base of thermosphere [(null)]: 5.000000 
(ScaleHeight) Scale height in Lehmer & Catling (2016) model [m]: -1.000000 
(ThermTemp) Isothermal atmospheric temperature [K]: 400.000000 
(AtmGasConst) Atmospheric gas constant [(null)]: 4124.000000 
(PresSurf) Surface pressure due to atmosphere [Pa]: -1.000000 
(DEnvMassDt) Envelope Mass Loss Rate [kg/s]: 0.000000 
(FXUV) XUV flux [W/m^2]: 3.598845 
(AtmXAbsEffH2O) XUV atmospheric escape efficiency for H2O []: 0.300000 
(RocheRadius) Roche Lobe Radius [m]: 4.834187e+07 
(BondiRadius) Bondi Radius [m]: 6.375195e+08 
(HEscapeRegime) Integer flag for H envelope escape regime []: 8.000000 
(RRCriticalFlux) Critical XUV Flux that separates RR and energy-limited escape [W/m^2]: 59.661212 
(CrossoverMass) Crossover mass, defines oxygen is escaping if mc > mo [kg]: 0.000000 
(WaterEscapeRegime) What water escape regime the code is currently in []: 8.000000 
(FXUVCRITDRAG) Critical Drag XUV flux [W/m^2]: 0.495177 
(HREFFLUX) The Hydrogen Reference Flux (m^-2 s^-1) [m^-2 s^-1]: 2.295265e+18 
(XO2) Molecular oxygen mixing ratio in atmosphere []: 0.000000 
(XH2O) Water mixing ratio in upper atmosphere []: 0.000000 
(HDiffFlux) The Hydrogen Diffusion Flux (m^-2 s^-1) [m^-2 s^-1]: 2.406104e+17 
(HRefODragMod) Multiply by H ref flux to get flux with drag []: 1.000000 
(KTide) Mass loss enhancement due to stellar gravity []: 0.773005 
(CumulativeXUVFlux) Cumulative XUV flux [W/m^2]: 2.420058e+18 
(RunawayGreenhouseFlux) Incident flux that triggers runaway greenhouse [kg/sec^3]: 1296.318019 
(RGDuration) Runaway Greenhouse Duration [years]: 0.00000e+00

Output Order: Time[year] CumulativeXUVFlux[W/m^2]
Grid Output Order:
