-------- Log file gj1132.log -------

Executable: /home/vplanet/.local/bin/vplanet
Version: Unknown
System Name: gj1132
Primary Input File: vpl.in
Body File #1: star.in
Body File #2: b.in
Allow files to be overwitten: Yes
Mass Units: Grams
Length Units: Meters
Time Units: Seconds
Angle Units: Radians

------- FORMATTING -----
Verbosity Level: 5
Crossover Decade for Scientific Notation: 4
Number of Digits After Decimal: 6
Integration Method: Runge-Kutta4
Direction: Forward
Time Step: 3.155760e+07
Stop Time: 2.420320e+17
Output Interval: 3.155760e+13
Use Variable Timestep: Yes
dEta: 0.010000
Minimum Value of ecc and obl: 1.000000e-10


---- INITIAL SYSTEM PROPERTIES ----
(Age) System Age [sec]: 2.052604e+14 
(Time) Simulation Time [sec]: 0.000000 
(TotAngMom) Total Angular Momentum [kg*m^2/sec]: 1.199024e+42 
(TotEnergy) Total System Energy [kg*m^2/sec^2]: -1.188727e+40 
(PotEnergy) Body's non-orbital Potential Energy [kg*m^2/sec^2]: -1.193073e+40 
(KinEnergy) Body's non-orbital Kinetic Energy [kg*m^2/sec^2]: 4.351090e+37 
(DeltaTime) Average Timestep Over Last Output Interval [sec]: 0.000000 

----- BODY: star ----
Active Modules: FLARE STELLAR
Module Bit Sum: 577
Color: 000000
(Mass) Mass [kg]: 3.706238e+29 
(Radius) Radius [m]: 4.610578e+08 
(RadGyra) Radius of Gyration/Moment of Inertia Constant []: 0.457010 
(RotAngMom) Rotational Angular Momentum [kg*m^2/sec]: 1.196636e+42 
(RotVel) Rotational Velocity [m/sec]: 3.352907e+04 
(BodyType) Type of Body (0 == planet) []: 0.000000 
(RotRate) Rotational Frequency [/sec]: 7.272205e-05 
(RotPer) Rotational Period [sec]: 8.640000e+04 
(Density) Average Density [kg/m^3]: 902.773138 
(HZLimitDryRunaway) Semi-major axis of Dry Runaway HZ Limit [m]: 2.770334e+10 
(HZLimRecVenus) Recent Venus HZ Limit [m]: 2.482236e+10 
(HZLimRunaway) Runaway Greenhouse HZ Limit [m]: 3.273493e+10 
(HZLimMoistGreenhouse) Moist Greenhouse HZ Limit [m]: 3.284407e+10 
(HZLimMaxGreenhouse) Maximum Greenhouse HZ Limit [m]: 6.243841e+10 
(HZLimEarlyMars) Early Mars HZ Limit [m]: 6.809582e+10 
(Instellation) Orbit-averaged INcident STELLar radiATION [kg/sec^3]: -1.000000 
(CriticalSemiMajorAxis) Holman & Wiegert (1999) P-type Critical Semi-major Axis [m]: -1.000000 
(LXUVTot) Total XUV Luminosity [LSUN]: 3.284954e-05 
(LostEnergy) Body's Total Lost Energy [kg*m^2/sec^2]: 5.562685e-309 
(LostAngMom) Lost Angular Momentum due to Magnetic Braking [kg*m^2/sec]: 5.562685e-309 
(EscapeVelocity) Escape Velocity [m/sec]: 3.275716e+05 
----- STELLAR PARAMETERS (star)------
(Luminosity) Luminosity [LSUN]: 0.041627 
(LXUVStellar) Base X-ray/XUV Luminosity [LSUN]: 3.207797e-05 
(Temperature) Effective Temperature [K]: 3202.849624 
(LXUVFrac) Fraction of luminosity in XUV []: 0.000771 
(RossbyNumber) Rossby Number []: 0.016411 
(DRotPerDtStellar) Time Rate of Change of Rotation Period in STELLAR []: -1.304419e-10 
(WindTorque) Stellar Wind Torque []: 2.800842e+27 
----- FLARE PARAMETERS (star)------
(LXUVFlare) XUV Luminosity from flares [LSUN]: 7.715690e-07 
(FlareFreq1) First value of flare frequency range [/sec]: 3.321410e-05 
(FlareFreq2) Second value of flare frequency range [/sec]: 2.865731e-05 
(FlareFreq3) Third value of flare frequency range [/sec]: 2.472568e-05 
(FlareFreq4) Fourth value of flare frequency range [/sec]: 2.133345e-05 
(FlareFreqMin) Frequency of the flares with the lowest energy [/sec]: 3.321410e-05 
(FlareFreqMid) Frequency of the flares with the middle energy in the energy range [/sec]: 7.593660e-06 
(FlareFreqMax) Frequency of the flares with the highest energy [/sec]: 1.736120e-06 
(FlareEnergy1) First value of flare energy range [kg*m^2/sec^2]: 5.334000e+23 
(FlareEnergy2) Second value of flare energy range [kg*m^2/sec^2]: 6.715108e+23 
(FlareEnergy3) Third value of flare energy range [kg*m^2/sec^2]: 8.453820e+23 
(FlareEnergy4) Fourth value of flare energy range [kg*m^2/sec^2]: 1.064273e+24 
(FlareEnergyMin) Minimum flare energy [kg*m^2/sec^2]: 5.334000e+23 
(FlareEnergyMid) Middle flare energy in the range of energy values [kg*m^2/sec^2]: 5.334000e+24 
(FlareEnergyMax) Maximum flare energy [kg*m^2/sec^2]: 5.334000e+25 
(FlareYIntOUT) Instantaneous Davenport FFD y-intercept at current age and mass []: 20.149925 
(FlareSlopeOUT) Instantaneous Davenport FFD slope at current age and mass []: -0.640871 

Output Order: Time[year] Luminosity[LSUN] LXUVStellar[LSUN] LXUVFlare[LSUN] LXUVTot[LSUN]
Grid Output Order:

----- BODY: b ----
Active Modules: AtmEsc
Module Bit Sum: 9
Color: 000000
(Mass) Mass [kg]: 9.980906e+24 
(Radius) Radius [m]: 7.238028e+06 
(RadGyra) Radius of Gyration/Moment of Inertia Constant []: 0.500000 
(BodyType) Type of Body (0 == planet) []: 0.000000 
(Density) Average Density [kg/m^3]: 6283.774770 
(HZLimitDryRunaway) Semi-major axis of Dry Runaway HZ Limit [m]: 2.770436e+10 
(HZLimRecVenus) Recent Venus HZ Limit [m]: 2.482236e+10 
(HZLimRunaway) Runaway Greenhouse HZ Limit [m]: 3.273493e+10 
(HZLimMoistGreenhouse) Moist Greenhouse HZ Limit [m]: 3.284407e+10 
(HZLimMaxGreenhouse) Maximum Greenhouse HZ Limit [m]: 6.243841e+10 
(HZLimEarlyMars) Early Mars HZ Limit [m]: 6.809582e+10 
(Instellation) Orbit-averaged INcident STELLar radiATION [kg/sec^3]: 2.376601e+05 
(MeanMotion) Orbital Mean Motion [/sec]: 4.464272e-05 
(OrbPeriod) Orbital Period [sec]: 1.407438e+05 
(SemiMajorAxis) Semi-major Axis [m]: 2.315347e+09 
(LXUVTot) Total XUV Luminosity [kg/sec^3]: -1.000000 
(EscapeVelocity) Escape Velocity [m/sec]: 1.356726e+04 
----- ATMESC PARAMETERS (b)------
(SurfWaterMass) Surface water mass [kg]: 0.000000 
(EnvelopeMass) Envelope mass [kg]: 0.000000 
(OxygenMass) Oxygen mass in the atmosphere [kg]: 0.000000 
(RGLimit) Runaway greenhouse semi-major axis [m]: 3.136962e+10 
(XO) Atomic oxygen mixing ratio in upper atmosphere []: 0.000000 
(EtaO) Oxygen eta parameter (Luger and Barnes 2015) []: 0.000000 
(PlanetRadius) Planet radius [m]: 7.238028e+06 
(OxygenMantleMass) Mass of oxygen in mantle [kg]: 0.000000 
(RadXUV) XUV radius separating hydro. dyn. escape and equilibrium [m]: -1.000000 
(RadSolid) Radius to the solid surface [m]: -1.000000 
(PresXUV) Pressure at base of thermosphere [(null)]: 5.000000 
(ScaleHeight) Scale height in Lehmer & Catling (2016) model [m]: -1.000000 
(ThermTemp) Isothermal atmospheric temperature [K]: 400.000000 
(AtmGasConst) Atmospheric gas constant [(null)]: 4124.000000 
(PresSurf) Surface pressure due to atmosphere [Pa]: -1.000000 
(DEnvMassDt) Envelope Mass Loss Rate [kg/s]: 0.000000 
(FXUV) XUV flux [W/m^2]: 187.548070 
(AtmXAbsEffH2O) XUV atmospheric escape efficiency for H2O []: 0.300000 
(RocheRadius) Roche Lobe Radius [m]: 4.811951e+07 
(BondiRadius) Bondi Radius [m]: 3.560149e+08 
(HEscapeRegime) Integer flag for H envelope escape regime []: 8.000000 
(RRCriticalFlux) Critical XUV Flux that separates RR and energy-limited escape [W/m^2]: 61.820399 
(CrossoverMass) Crossover mass, defines oxygen is escaping if mc > mo [kg]: 0.000000 
(WaterEscapeRegime) What water escape regime the code is currently in []: 8.000000 
(FXUVCRITDRAG) Critical Drag XUV flux [W/m^2]: 0.509046 
(HREFFLUX) The Hydrogen Reference Flux (m^-2 s^-1) [m^-2 s^-1]: 1.185952e+20 
(XO2) Molecular oxygen mixing ratio in atmosphere []: 0.000000 
(XH2O) Water mixing ratio in upper atmosphere []: 0.000000 
(HDiffFlux) The Hydrogen Diffusion Flux (m^-2 s^-1) [m^-2 s^-1]: 2.462166e+17 
(HRefODragMod) Multiply by H ref flux to get flux with drag []: 1.000000 
(KTide) Mass loss enhancement due to stellar gravity []: 0.776075 
(CumulativeXUVFlux) Cumulative XUV flux [W/m^2]: 0.000000 
(RunawayGreenhouseFlux) Incident flux that triggers runaway greenhouse [kg/sec^3]: 1294.606464 
(RGDuration) Runaway Greenhouse Duration [years]: 0.00000e+00

Output Order: Time[year] CumulativeXUVFlux[W/m^2]
Grid Output Order:



---- FINAL SYSTEM PROPERTIES ----
(Age) System Age [sec]: 2.422521e+17 
(Time) Simulation Time [sec]: 2.420468e+17 
(TotAngMom) Total Angular Momentum [kg*m^2/sec]: 1.201544e+42 
(TotEnergy) Total System Energy [kg*m^2/sec^2]: -1.187533e+40 
(PotEnergy) Body's non-orbital Potential Energy [kg*m^2/sec^2]: -3.896894e+40 
(KinEnergy) Body's non-orbital Kinetic Energy [kg*m^2/sec^2]: 5.320517e+32 
(DeltaTime) Average Timestep Over Last Output Interval [sec]: 1.577880e+13 

----- BODY: star ----
Active Modules: FLARE STELLAR
Module Bit Sum: 577
Color: 000000
(Mass) Mass [kg]: 3.706238e+29 
(Radius) Radius [m]: 1.411574e+08 
(RadGyra) Radius of Gyration/Moment of Inertia Constant []: 0.460646 
(RotAngMom) Rotational Angular Momentum [kg*m^2/sec]: 1.291308e+39 
(RotVel) Rotational Velocity [m/sec]: 116.320922 
(BodyType) Type of Body (0 == planet) []: 0.000000 
(RotRate) Rotational Frequency [/sec]: 8.240510e-07 
(RotPer) Rotational Period [sec]: 7.624753e+06 
(Density) Average Density [kg/m^3]: 3.145817e+04 
(HZLimitDryRunaway) Semi-major axis of Dry Runaway HZ Limit [m]: 8.618005e+09 
(HZLimRecVenus) Recent Venus HZ Limit [m]: 7.718392e+09 
(HZLimRunaway) Runaway Greenhouse HZ Limit [m]: 1.018084e+10 
(HZLimMoistGreenhouse) Moist Greenhouse HZ Limit [m]: 1.021270e+10 
(HZLimMaxGreenhouse) Maximum Greenhouse HZ Limit [m]: 1.939806e+10 
(HZLimEarlyMars) Early Mars HZ Limit [m]: 2.115571e+10 
(Instellation) Orbit-averaged INcident STELLar radiATION [kg/sec^3]: -1.000000 
(CriticalSemiMajorAxis) Holman & Wiegert (1999) P-type Critical Semi-major Axis [m]: -1.000000 
(LXUVTot) Total XUV Luminosity [LSUN]: 8.003924e-07 
(LostEnergy) Body's Total Lost Energy [kg*m^2/sec^2]: 2.709367e+40 
(LostAngMom) Lost Angular Momentum due to Magnetic Braking [kg*m^2/sec]: 1.197864e+42 
(EscapeVelocity) Escape Velocity [m/sec]: 5.920140e+05 
----- STELLAR PARAMETERS (star)------
(Luminosity) Luminosity [LSUN]: 0.004028 
(LXUVStellar) Base X-ray/XUV Luminosity [LSUN]: 4.170759e-07 
(Temperature) Effective Temperature [K]: 3225.647814 
(LXUVFrac) Fraction of luminosity in XUV []: 0.000104 
(RossbyNumber) Rossby Number []: 1.465277 
(DRotPerDtStellar) Time Rate of Change of Rotation Period in STELLAR []: 1.427504e-11 
(WindTorque) Stellar Wind Torque []: 2.418236e+21 
----- FLARE PARAMETERS (star)------
(LXUVFlare) XUV Luminosity from flares [LSUN]: 3.833127e-07 
(FlareFreq1) First value of flare frequency range [/sec]: 8.705856e-05 
(FlareFreq2) Second value of flare frequency range [/sec]: 6.760570e-05 
(FlareFreq3) Third value of flare frequency range [/sec]: 5.249950e-05 
(FlareFreq4) Fourth value of flare frequency range [/sec]: 4.076872e-05 
(FlareFreqMin) Frequency of the flares with the lowest energy [/sec]: 8.705856e-05 
(FlareFreqMid) Frequency of the flares with the middle energy in the energy range [/sec]: 6.942727e-06 
(FlareFreqMax) Frequency of the flares with the highest energy [/sec]: 5.536671e-07 
(FlareEnergy1) First value of flare energy range [kg*m^2/sec^2]: 5.334000e+23 
(FlareEnergy2) Second value of flare energy range [kg*m^2/sec^2]: 6.715108e+23 
(FlareEnergy3) Third value of flare energy range [kg*m^2/sec^2]: 8.453820e+23 
(FlareEnergy4) Fourth value of flare energy range [kg*m^2/sec^2]: 1.064273e+24 
(FlareEnergyMin) Minimum flare energy [kg*m^2/sec^2]: 5.334000e+23 
(FlareEnergyMid) Middle flare energy in the range of energy values [kg*m^2/sec^2]: 5.334000e+24 
(FlareEnergyMax) Maximum flare energy [kg*m^2/sec^2]: 5.334000e+25 
(FlareYIntOUT) Instantaneous Davenport FFD y-intercept at current age and mass []: 34.623275 
(FlareSlopeOUT) Instantaneous Davenport FFD slope at current age and mass []: -1.098281 

Output Order: Time[year] Luminosity[LSUN] LXUVStellar[LSUN] LXUVFlare[LSUN] LXUVTot[LSUN]
Grid Output Order:

----- BODY: b ----
Active Modules: AtmEsc
Module Bit Sum: 9
Color: 000000
(Mass) Mass [kg]: 9.980906e+24 
(Radius) Radius [m]: 7.238028e+06 
(RadGyra) Radius of Gyration/Moment of Inertia Constant []: 0.500000 
(BodyType) Type of Body (0 == planet) []: 0.000000 
(Density) Average Density [kg/m^3]: 6283.774770 
(HZLimitDryRunaway) Semi-major axis of Dry Runaway HZ Limit [m]: 8.618324e+09 
(HZLimRecVenus) Recent Venus HZ Limit [m]: 7.718392e+09 
(HZLimRunaway) Runaway Greenhouse HZ Limit [m]: 1.018084e+10 
(HZLimMoistGreenhouse) Moist Greenhouse HZ Limit [m]: 1.021270e+10 
(HZLimMaxGreenhouse) Maximum Greenhouse HZ Limit [m]: 1.939806e+10 
(HZLimEarlyMars) Early Mars HZ Limit [m]: 2.115571e+10 
(Instellation) Orbit-averaged INcident STELLar radiATION [kg/sec^3]: 2.299882e+04 
(MeanMotion) Orbital Mean Motion [/sec]: 4.464272e-05 
(OrbPeriod) Orbital Period [sec]: 1.407438e+05 
(SemiMajorAxis) Semi-major Axis [m]: 2.315347e+09 
(LXUVTot) Total XUV Luminosity [kg/sec^3]: -1.000000 
(EscapeVelocity) Escape Velocity [m/sec]: 1.356726e+04 
----- ATMESC PARAMETERS (b)------
(SurfWaterMass) Surface water mass [kg]: 0.000000 
(EnvelopeMass) Envelope mass [kg]: 0.000000 
(OxygenMass) Oxygen mass in the atmosphere [kg]: 0.000000 
(RGLimit) Runaway greenhouse semi-major axis [m]: 9.756298e+09 
(XO) Atomic oxygen mixing ratio in upper atmosphere []: 0.000000 
(EtaO) Oxygen eta parameter (Luger and Barnes 2015) []: 0.000000 
(PlanetRadius) Planet radius [m]: 7.238028e+06 
(OxygenMantleMass) Mass of oxygen in mantle [kg]: 0.000000 
(RadXUV) XUV radius separating hydro. dyn. escape and equilibrium [m]: -1.000000 
(RadSolid) Radius to the solid surface [m]: -1.000000 
(PresXUV) Pressure at base of thermosphere [(null)]: 5.000000 
(ScaleHeight) Scale height in Lehmer & Catling (2016) model [m]: -1.000000 
(ThermTemp) Isothermal atmospheric temperature [K]: 400.000000 
(AtmGasConst) Atmospheric gas constant [(null)]: 4124.000000 
(PresSurf) Surface pressure due to atmosphere [Pa]: -1.000000 
(DEnvMassDt) Envelope Mass Loss Rate [kg/s]: 0.000000 
(FXUV) XUV flux [W/m^2]: 4.569686 
(AtmXAbsEffH2O) XUV atmospheric escape efficiency for H2O []: 0.300000 
(RocheRadius) Roche Lobe Radius [m]: 4.811951e+07 
(BondiRadius) Bondi Radius [m]: 6.388716e+08 
(HEscapeRegime) Integer flag for H envelope escape regime []: 8.000000 
(RRCriticalFlux) Critical XUV Flux that separates RR and energy-limited escape [W/m^2]: 61.820399 
(CrossoverMass) Crossover mass, defines oxygen is escaping if mc > mo [kg]: 0.000000 
(WaterEscapeRegime) What water escape regime the code is currently in []: 8.000000 
(FXUVCRITDRAG) Critical Drag XUV flux [W/m^2]: 0.509046 
(HREFFLUX) The Hydrogen Reference Flux (m^-2 s^-1) [m^-2 s^-1]: 2.889620e+18 
(XO2) Molecular oxygen mixing ratio in atmosphere []: 0.000000 
(XH2O) Water mixing ratio in upper atmosphere []: 0.000000 
(HDiffFlux) The Hydrogen Diffusion Flux (m^-2 s^-1) [m^-2 s^-1]: 2.462166e+17 
(HRefODragMod) Multiply by H ref flux to get flux with drag []: 1.000000 
(KTide) Mass loss enhancement due to stellar gravity []: 0.776075 
(CumulativeXUVFlux) Cumulative XUV flux [W/m^2]: 2.893868e+18 
(RunawayGreenhouseFlux) Incident flux that triggers runaway greenhouse [kg/sec^3]: 1295.195902 
(RGDuration) Runaway Greenhouse Duration [years]: 0.00000e+00

Output Order: Time[year] CumulativeXUVFlux[W/m^2]
Grid Output Order:
