-------- Log file gj1132.log -------

Executable: /home/vplanet/.local/bin/vplanet
Version: Unknown
System Name: gj1132
Primary Input File: vpl.in
Body File #1: star.in
Body File #2: b.in
Allow files to be overwitten: Yes
Mass Units: Grams
Length Units: Meters
Time Units: Seconds
Angle Units: Radians

------- FORMATTING -----
Verbosity Level: 5
Crossover Decade for Scientific Notation: 4
Number of Digits After Decimal: 6
Integration Method: Runge-Kutta4
Direction: Forward
Time Step: 3.155760e+07
Stop Time: 2.186600e+17
Output Interval: 3.155760e+13
Use Variable Timestep: Yes
dEta: 0.010000
Minimum Value of ecc and obl: 1.000000e-10


---- INITIAL SYSTEM PROPERTIES ----
(Age) System Age [sec]: 1.255421e+14 
(Time) Simulation Time [sec]: 0.000000 
(TotAngMom) Total Angular Momentum [kg*m^2/sec]: 1.916486e+42 
(TotEnergy) Total System Energy [kg*m^2/sec^2]: -1.073583e+40 
(PotEnergy) Body's non-orbital Potential Energy [kg*m^2/sec^2]: -1.080536e+40 
(KinEnergy) Body's non-orbital Kinetic Energy [kg*m^2/sec^2]: 6.959318e+37 
(DeltaTime) Average Timestep Over Last Output Interval [sec]: 0.000000 

----- BODY: star ----
Active Modules: FLARE STELLAR
Module Bit Sum: 577
Color: 000000
(Mass) Mass [kg]: 3.921578e+29 
(Radius) Radius [m]: 5.699516e+08 
(RadGyra) Radius of Gyration/Moment of Inertia Constant []: 0.454531 
(RotAngMom) Rotational Angular Momentum [kg*m^2/sec]: 1.913950e+42 
(RotVel) Rotational Velocity [m/sec]: 4.144805e+04 
(BodyType) Type of Body (0 == planet) []: 0.000000 
(RotRate) Rotational Frequency [/sec]: 7.272205e-05 
(RotPer) Rotational Period [sec]: 8.640000e+04 
(Density) Average Density [kg/m^3]: 505.659568 
(HZLimitDryRunaway) Semi-major axis of Dry Runaway HZ Limit [m]: 3.405568e+10 
(HZLimRecVenus) Recent Venus HZ Limit [m]: 3.051877e+10 
(HZLimRunaway) Runaway Greenhouse HZ Limit [m]: 4.024430e+10 
(HZLimMoistGreenhouse) Moist Greenhouse HZ Limit [m]: 4.038135e+10 
(HZLimMaxGreenhouse) Maximum Greenhouse HZ Limit [m]: 7.679060e+10 
(HZLimEarlyMars) Early Mars HZ Limit [m]: 8.374839e+10 
(Instellation) Orbit-averaged INcident STELLar radiATION [kg/sec^3]: -1.000000 
(CriticalSemiMajorAxis) Holman & Wiegert (1999) P-type Critical Semi-major Axis [m]: -1.000000 
(LXUVTot) Total XUV Luminosity [LSUN]: 0.000151 
(LostEnergy) Body's Total Lost Energy [kg*m^2/sec^2]: 5.562685e-309 
(LostAngMom) Lost Angular Momentum due to Magnetic Braking [kg*m^2/sec]: 5.562685e-309 
(EscapeVelocity) Escape Velocity [m/sec]: 3.030600e+05 
----- STELLAR PARAMETERS (star)------
(Luminosity) Luminosity [LSUN]: 0.062905 
(LXUVStellar) Base X-ray/XUV Luminosity [LSUN]: 0.000150 
(Temperature) Effective Temperature [K]: 3194.840564 
(LXUVFrac) Fraction of luminosity in XUV []: 0.002384 
(RossbyNumber) Rossby Number []: 0.016344 
(DRotPerDtStellar) Time Rate of Change of Rotation Period in STELLAR []: -8.504385e-11 
(WindTorque) Stellar Wind Torque []: 8.356881e+27 
----- FLARE PARAMETERS (star)------
(LXUVFlare) XUV Luminosity from flares [LSUN]: 8.363638e-07 
(FlareFreq1) First value of flare frequency range [/sec]: 3.122671e-05 
(FlareFreq2) Second value of flare frequency range [/sec]: 2.716368e-05 
(FlareFreq3) Third value of flare frequency range [/sec]: 2.362930e-05 
(FlareFreq4) Fourth value of flare frequency range [/sec]: 2.055480e-05 
(FlareFreqMin) Frequency of the flares with the lowest energy [/sec]: 3.122671e-05 
(FlareFreqMid) Frequency of the flares with the middle energy in the energy range [/sec]: 7.747287e-06 
(FlareFreqMax) Frequency of the flares with the highest energy [/sec]: 1.922087e-06 
(FlareEnergy1) First value of flare energy range [kg*m^2/sec^2]: 5.334000e+23 
(FlareEnergy2) Second value of flare energy range [kg*m^2/sec^2]: 6.715108e+23 
(FlareEnergy3) Third value of flare energy range [kg*m^2/sec^2]: 8.453820e+23 
(FlareEnergy4) Fourth value of flare energy range [kg*m^2/sec^2]: 1.064273e+24 
(FlareEnergyMin) Minimum flare energy [kg*m^2/sec^2]: 5.334000e+23 
(FlareEnergyMid) Middle flare energy in the range of energy values [kg*m^2/sec^2]: 5.334000e+24 
(FlareEnergyMax) Maximum flare energy [kg*m^2/sec^2]: 5.334000e+25 
(FlareYIntOUT) Instantaneous Davenport FFD y-intercept at current age and mass []: 19.032477 
(FlareSlopeOUT) Instantaneous Davenport FFD slope at current age and mass []: -0.605377 

Output Order: Time[year] Luminosity[LSUN] LXUVStellar[LSUN] LXUVFlare[LSUN] LXUVTot[LSUN]
Grid Output Order:

----- BODY: b ----
Active Modules: AtmEsc
Module Bit Sum: 9
Color: 000000
(Mass) Mass [kg]: 1.020691e+25 
(Radius) Radius [m]: 6.960069e+06 
(RadGyra) Radius of Gyration/Moment of Inertia Constant []: 0.500000 
(BodyType) Type of Body (0 == planet) []: 0.000000 
(Density) Average Density [kg/m^3]: 7227.115624 
(HZLimitDryRunaway) Semi-major axis of Dry Runaway HZ Limit [m]: 3.405737e+10 
(HZLimRecVenus) Recent Venus HZ Limit [m]: 3.051877e+10 
(HZLimRunaway) Runaway Greenhouse HZ Limit [m]: 4.024430e+10 
(HZLimMoistGreenhouse) Moist Greenhouse HZ Limit [m]: 4.038135e+10 
(HZLimMaxGreenhouse) Maximum Greenhouse HZ Limit [m]: 7.679060e+10 
(HZLimEarlyMars) Early Mars HZ Limit [m]: 8.374839e+10 
(Instellation) Orbit-averaged INcident STELLar radiATION [kg/sec^3]: 3.458843e+05 
(MeanMotion) Orbital Mean Motion [/sec]: 4.464315e-05 
(OrbPeriod) Orbital Period [sec]: 1.407424e+05 
(SemiMajorAxis) Semi-major Axis [m]: 2.359332e+09 
(LXUVTot) Total XUV Luminosity [kg/sec^3]: -1.000000 
(EscapeVelocity) Escape Velocity [m/sec]: 1.399128e+04 
----- ATMESC PARAMETERS (b)------
(SurfWaterMass) Surface water mass [kg]: 0.000000 
(EnvelopeMass) Envelope mass [kg]: 0.000000 
(OxygenMass) Oxygen mass in the atmosphere [kg]: 0.000000 
(RGLimit) Runaway greenhouse semi-major axis [m]: 3.854555e+10 
(XO) Atomic oxygen mixing ratio in upper atmosphere []: 0.000000 
(EtaO) Oxygen eta parameter (Luger and Barnes 2015) []: 0.000000 
(PlanetRadius) Planet radius [m]: 6.960069e+06 
(OxygenMantleMass) Mass of oxygen in mantle [kg]: 0.000000 
(RadXUV) XUV radius separating hydro. dyn. escape and equilibrium [m]: -1.000000 
(RadSolid) Radius to the solid surface [m]: -1.000000 
(PresXUV) Pressure at base of thermosphere [(null)]: 5.000000 
(ScaleHeight) Scale height in Lehmer & Catling (2016) model [m]: -1.000000 
(ThermTemp) Isothermal atmospheric temperature [K]: 400.000000 
(AtmGasConst) Atmospheric gas constant [(null)]: 4124.000000 
(PresSurf) Surface pressure due to atmosphere [Pa]: -1.000000 
(DEnvMassDt) Envelope Mass Loss Rate [kg/s]: 0.000000 
(FXUV) XUV flux [W/m^2]: 829.100325 
(AtmXAbsEffH2O) XUV atmospheric escape efficiency for H2O []: 0.300000 
(RocheRadius) Roche Lobe Radius [m]: 4.847968e+07 
(BondiRadius) Bondi Radius [m]: 3.252011e+08 
(HEscapeRegime) Integer flag for H envelope escape regime []: 8.000000 
(RRCriticalFlux) Critical XUV Flux that separates RR and energy-limited escape [W/m^2]: 74.607284 
(CrossoverMass) Crossover mass, defines oxygen is escaping if mc > mo [kg]: 0.000000 
(WaterEscapeRegime) What water escape regime the code is currently in []: 8.000000 
(FXUVCRITDRAG) Critical Drag XUV flux [W/m^2]: 0.598722 
(HREFFLUX) The Hydrogen Reference Flux (m^-2 s^-1) [m^-2 s^-1]: 4.866762e+20 
(XO2) Molecular oxygen mixing ratio in atmosphere []: 0.000000 
(XH2O) Water mixing ratio in upper atmosphere []: 0.000000 
(HDiffFlux) The Hydrogen Diffusion Flux (m^-2 s^-1) [m^-2 s^-1]: 2.723046e+17 
(HRefODragMod) Multiply by H ref flux to get flux with drag []: 1.000000 
(KTide) Mass loss enhancement due to stellar gravity []: 0.786129 
(CumulativeXUVFlux) Cumulative XUV flux [W/m^2]: 0.000000 
(RunawayGreenhouseFlux) Incident flux that triggers runaway greenhouse [kg/sec^3]: 1295.737556 
(RGDuration) Runaway Greenhouse Duration [years]: 0.00000e+00

Output Order: Time[year] CumulativeXUVFlux[W/m^2]
Grid Output Order:



---- FINAL SYSTEM PROPERTIES ----
(Age) System Age [sec]: 2.187861e+17 
(Time) Simulation Time [sec]: 2.186605e+17 
(TotAngMom) Total Angular Momentum [kg*m^2/sec]: 1.915815e+42 
(TotEnergy) Total System Energy [kg*m^2/sec^2]: -1.074208e+40 
(PotEnergy) Body's non-orbital Potential Energy [kg*m^2/sec^2]: -4.146455e+40 
(KinEnergy) Body's non-orbital Kinetic Energy [kg*m^2/sec^2]: 6.423651e+32 
(DeltaTime) Average Timestep Over Last Output Interval [sec]: 7.012800e+11 

----- BODY: star ----
Active Modules: FLARE STELLAR
Module Bit Sum: 577
Color: 000000
(Mass) Mass [kg]: 3.921578e+29 
(Radius) Radius [m]: 1.485253e+08 
(RadGyra) Radius of Gyration/Moment of Inertia Constant []: 0.460239 
(RotAngMom) Rotational Angular Momentum [kg*m^2/sec]: 1.534335e+39 
(RotVel) Rotational Velocity [m/sec]: 124.363227 
(BodyType) Type of Body (0 == planet) []: 0.000000 
(RotRate) Rotational Frequency [/sec]: 8.373204e-07 
(RotPer) Rotational Period [sec]: 7.503920e+06 
(Density) Average Density [kg/m^3]: 2.857401e+04 
(HZLimitDryRunaway) Semi-major axis of Dry Runaway HZ Limit [m]: 9.234412e+09 
(HZLimRecVenus) Recent Venus HZ Limit [m]: 8.265967e+09 
(HZLimRunaway) Runaway Greenhouse HZ Limit [m]: 1.090584e+10 
(HZLimMoistGreenhouse) Moist Greenhouse HZ Limit [m]: 1.093723e+10 
(HZLimMaxGreenhouse) Maximum Greenhouse HZ Limit [m]: 2.075222e+10 
(HZLimEarlyMars) Early Mars HZ Limit [m]: 2.263261e+10 
(Instellation) Orbit-averaged INcident STELLar radiATION [kg/sec^3]: -1.000000 
(CriticalSemiMajorAxis) Holman & Wiegert (1999) P-type Critical Semi-major Axis [m]: -1.000000 
(LXUVTot) Total XUV Luminosity [LSUN]: 7.294016e-07 
(LostEnergy) Body's Total Lost Energy [kg*m^2/sec^2]: 3.072253e+40 
(LostAngMom) Lost Angular Momentum due to Magnetic Braking [kg*m^2/sec]: 1.911745e+42 
(EscapeVelocity) Escape Velocity [m/sec]: 5.936732e+05 
----- STELLAR PARAMETERS (star)------
(Luminosity) Luminosity [LSUN]: 0.004625 
(LXUVStellar) Base X-ray/XUV Luminosity [LSUN]: 3.440754e-07 
(Temperature) Effective Temperature [K]: 3253.425414 
(LXUVFrac) Fraction of luminosity in XUV []: 7.439205e-05 
(RossbyNumber) Rossby Number []: 1.462719 
(DRotPerDtStellar) Time Rate of Change of Rotation Period in STELLAR []: 2.735958e-11 
(WindTorque) Stellar Wind Torque []: 3.308897e+21 
----- FLARE PARAMETERS (star)------
(LXUVFlare) XUV Luminosity from flares [LSUN]: 3.853261e-07 
(FlareFreq1) First value of flare frequency range [/sec]: 8.350697e-05 
(FlareFreq2) Second value of flare frequency range [/sec]: 6.506115e-05 
(FlareFreq3) Third value of flare frequency range [/sec]: 5.068982e-05 
(FlareFreq4) Fourth value of flare frequency range [/sec]: 3.949296e-05 
(FlareFreqMin) Frequency of the flares with the lowest energy [/sec]: 8.350697e-05 
(FlareFreqMid) Frequency of the flares with the middle energy in the energy range [/sec]: 6.881969e-06 
(FlareFreqMax) Frequency of the flares with the highest energy [/sec]: 5.671562e-07 
(FlareEnergy1) First value of flare energy range [kg*m^2/sec^2]: 5.334000e+23 
(FlareEnergy2) Second value of flare energy range [kg*m^2/sec^2]: 6.715108e+23 
(FlareEnergy3) Third value of flare energy range [kg*m^2/sec^2]: 8.453820e+23 
(FlareEnergy4) Fourth value of flare energy range [kg*m^2/sec^2]: 1.064273e+24 
(FlareEnergyMin) Minimum flare energy [kg*m^2/sec^2]: 5.334000e+23 
(FlareEnergyMid) Middle flare energy in the range of energy values [kg*m^2/sec^2]: 5.334000e+24 
(FlareEnergyMax) Maximum flare energy [kg*m^2/sec^2]: 5.334000e+25 
(FlareYIntOUT) Instantaneous Davenport FFD y-intercept at current age and mass []: 34.166670 
(FlareSlopeOUT) Instantaneous Davenport FFD slope at current age and mass []: -1.084010 

Output Order: Time[year] Luminosity[LSUN] LXUVStellar[LSUN] LXUVFlare[LSUN] LXUVTot[LSUN]
Grid Output Order:

----- BODY: b ----
Active Modules: AtmEsc
Module Bit Sum: 9
Color: 000000
(Mass) Mass [kg]: 1.020691e+25 
(Radius) Radius [m]: 6.960069e+06 
(RadGyra) Radius of Gyration/Moment of Inertia Constant []: 0.500000 
(BodyType) Type of Body (0 == planet) []: 0.000000 
(Density) Average Density [kg/m^3]: 7227.115624 
(HZLimitDryRunaway) Semi-major axis of Dry Runaway HZ Limit [m]: 9.234872e+09 
(HZLimRecVenus) Recent Venus HZ Limit [m]: 8.265967e+09 
(HZLimRunaway) Runaway Greenhouse HZ Limit [m]: 1.090584e+10 
(HZLimMoistGreenhouse) Moist Greenhouse HZ Limit [m]: 1.093723e+10 
(HZLimMaxGreenhouse) Maximum Greenhouse HZ Limit [m]: 2.075222e+10 
(HZLimEarlyMars) Early Mars HZ Limit [m]: 2.263261e+10 
(Instellation) Orbit-averaged INcident STELLar radiATION [kg/sec^3]: 2.543140e+04 
(MeanMotion) Orbital Mean Motion [/sec]: 4.464315e-05 
(OrbPeriod) Orbital Period [sec]: 1.407424e+05 
(SemiMajorAxis) Semi-major Axis [m]: 2.359332e+09 
(LXUVTot) Total XUV Luminosity [kg/sec^3]: -1.000000 
(EscapeVelocity) Escape Velocity [m/sec]: 1.399128e+04 
----- ATMESC PARAMETERS (b)------
(SurfWaterMass) Surface water mass [kg]: 0.000000 
(EnvelopeMass) Envelope mass [kg]: 0.000000 
(OxygenMass) Oxygen mass in the atmosphere [kg]: 0.000000 
(RGLimit) Runaway greenhouse semi-major axis [m]: 1.044574e+10 
(XO) Atomic oxygen mixing ratio in upper atmosphere []: 0.000000 
(EtaO) Oxygen eta parameter (Luger and Barnes 2015) []: 0.000000 
(PlanetRadius) Planet radius [m]: 6.960069e+06 
(OxygenMantleMass) Mass of oxygen in mantle [kg]: 0.000000 
(RadXUV) XUV radius separating hydro. dyn. escape and equilibrium [m]: -1.000000 
(RadSolid) Radius to the solid surface [m]: -1.000000 
(PresXUV) Pressure at base of thermosphere [(null)]: 5.000000 
(ScaleHeight) Scale height in Lehmer & Catling (2016) model [m]: -1.000000 
(ThermTemp) Isothermal atmospheric temperature [K]: 400.000000 
(AtmGasConst) Atmospheric gas constant [(null)]: 4124.000000 
(PresSurf) Surface pressure due to atmosphere [Pa]: -1.000000 
(DEnvMassDt) Envelope Mass Loss Rate [kg/s]: 0.000000 
(FXUV) XUV flux [W/m^2]: 4.010604 
(AtmXAbsEffH2O) XUV atmospheric escape efficiency for H2O []: 0.300000 
(RocheRadius) Roche Lobe Radius [m]: 4.847968e+07 
(BondiRadius) Bondi Radius [m]: 6.255747e+08 
(HEscapeRegime) Integer flag for H envelope escape regime []: 8.000000 
(RRCriticalFlux) Critical XUV Flux that separates RR and energy-limited escape [W/m^2]: 74.607284 
(CrossoverMass) Crossover mass, defines oxygen is escaping if mc > mo [kg]: 0.000000 
(WaterEscapeRegime) What water escape regime the code is currently in []: 8.000000 
(FXUVCRITDRAG) Critical Drag XUV flux [W/m^2]: 0.598722 
(HREFFLUX) The Hydrogen Reference Flux (m^-2 s^-1) [m^-2 s^-1]: 2.354197e+18 
(XO2) Molecular oxygen mixing ratio in atmosphere []: 0.000000 
(XH2O) Water mixing ratio in upper atmosphere []: 0.000000 
(HDiffFlux) The Hydrogen Diffusion Flux (m^-2 s^-1) [m^-2 s^-1]: 2.723046e+17 
(HRefODragMod) Multiply by H ref flux to get flux with drag []: 1.000000 
(KTide) Mass loss enhancement due to stellar gravity []: 0.786129 
(CumulativeXUVFlux) Cumulative XUV flux [W/m^2]: 4.436484e+18 
(RunawayGreenhouseFlux) Incident flux that triggers runaway greenhouse [kg/sec^3]: 1297.259543 
(RGDuration) Runaway Greenhouse Duration [years]: 0.00000e+00

Output Order: Time[year] CumulativeXUVFlux[W/m^2]
Grid Output Order:
