-------- Log file gj1132.log -------

Executable: /home/vplanet/.local/bin/vplanet
Version: Unknown
System Name: gj1132
Primary Input File: vpl.in
Body File #1: star.in
Body File #2: b.in
Allow files to be overwitten: Yes
Mass Units: Grams
Length Units: Meters
Time Units: Seconds
Angle Units: Radians

------- FORMATTING -----
Verbosity Level: 5
Crossover Decade for Scientific Notation: 4
Number of Digits After Decimal: 6
Integration Method: Runge-Kutta4
Direction: Forward
Time Step: 3.155760e+07
Stop Time: 2.369389e+17
Output Interval: 3.155760e+13
Use Variable Timestep: Yes
dEta: 0.010000
Minimum Value of ecc and obl: 1.000000e-10


---- INITIAL SYSTEM PROPERTIES ----
(Age) System Age [sec]: 1.820334e+14 
(Time) Simulation Time [sec]: 0.000000 
(TotAngMom) Total Angular Momentum [kg*m^2/sec]: 1.512276e+42 
(TotEnergy) Total System Energy [kg*m^2/sec^2]: -1.258167e+40 
(PotEnergy) Body's non-orbital Potential Energy [kg*m^2/sec^2]: -1.263651e+40 
(KinEnergy) Body's non-orbital Kinetic Energy [kg*m^2/sec^2]: 5.489728e+37 
(DeltaTime) Average Timestep Over Last Output Interval [sec]: 0.000000 

----- BODY: star ----
Active Modules: FLARE STELLAR
Module Bit Sum: 577
Color: 000000
(Mass) Mass [kg]: 3.975577e+29 
(Radius) Radius [m]: 5.008744e+08 
(RadGyra) Radius of Gyration/Moment of Inertia Constant []: 0.456242 
(RotAngMom) Rotational Angular Momentum [kg*m^2/sec]: 1.509784e+42 
(RotVel) Rotational Velocity [m/sec]: 3.642462e+04 
(BodyType) Type of Body (0 == planet) []: 0.000000 
(RotRate) Rotational Frequency [/sec]: 7.272205e-05 
(RotPer) Rotational Period [sec]: 8.640000e+04 
(Density) Average Density [kg/m^3]: 755.309520 
(HZLimitDryRunaway) Semi-major axis of Dry Runaway HZ Limit [m]: 3.049329e+10 
(HZLimRecVenus) Recent Venus HZ Limit [m]: 2.731010e+10 
(HZLimRunaway) Runaway Greenhouse HZ Limit [m]: 3.602306e+10 
(HZLimMoistGreenhouse) Moist Greenhouse HZ Limit [m]: 3.613574e+10 
(HZLimMaxGreenhouse) Maximum Greenhouse HZ Limit [m]: 6.863609e+10 
(HZLimEarlyMars) Early Mars HZ Limit [m]: 7.485517e+10 
(Instellation) Orbit-averaged INcident STELLar radiATION [kg/sec^3]: -1.000000 
(CriticalSemiMajorAxis) Holman & Wiegert (1999) P-type Critical Semi-major Axis [m]: -1.000000 
(LXUVTot) Total XUV Luminosity [LSUN]: 1.999647e-05 
(LostEnergy) Body's Total Lost Energy [kg*m^2/sec^2]: 5.562685e-309 
(LostAngMom) Lost Angular Momentum due to Magnetic Braking [kg*m^2/sec]: 5.562685e-309 
(EscapeVelocity) Escape Velocity [m/sec]: 3.255014e+05 
----- STELLAR PARAMETERS (star)------
(Luminosity) Luminosity [LSUN]: 0.050433 
(LXUVStellar) Base X-ray/XUV Luminosity [LSUN]: 1.920170e-05 
(Temperature) Effective Temperature [K]: 3225.782762 
(LXUVFrac) Fraction of luminosity in XUV []: 0.000381 
(RossbyNumber) Rossby Number []: 0.016605 
(DRotPerDtStellar) Time Rate of Change of Rotation Period in STELLAR []: -7.454420e-11 
(WindTorque) Stellar Wind Torque []: 4.157536e+27 
----- FLARE PARAMETERS (star)------
(LXUVFlare) XUV Luminosity from flares [LSUN]: 7.947686e-07 
(FlareFreq1) First value of flare frequency range [/sec]: 3.238883e-05 
(FlareFreq2) Second value of flare frequency range [/sec]: 2.803364e-05 
(FlareFreq3) Third value of flare frequency range [/sec]: 2.426408e-05 
(FlareFreq4) Fourth value of flare frequency range [/sec]: 2.100140e-05 
(FlareFreqMin) Frequency of the flares with the lowest energy [/sec]: 3.238883e-05 
(FlareFreqMid) Frequency of the flares with the middle energy in the energy range [/sec]: 7.642550e-06 
(FlareFreqMax) Frequency of the flares with the highest energy [/sec]: 1.803355e-06 
(FlareEnergy1) First value of flare energy range [kg*m^2/sec^2]: 5.334000e+23 
(FlareEnergy2) Second value of flare energy range [kg*m^2/sec^2]: 6.715108e+23 
(FlareEnergy3) Third value of flare energy range [kg*m^2/sec^2]: 8.453820e+23 
(FlareEnergy4) Fourth value of flare energy range [kg*m^2/sec^2]: 1.064273e+24 
(FlareEnergyMin) Minimum flare energy [kg*m^2/sec^2]: 5.334000e+23 
(FlareEnergyMid) Middle flare energy in the range of energy values [kg*m^2/sec^2]: 5.334000e+24 
(FlareEnergyMax) Maximum flare energy [kg*m^2/sec^2]: 5.334000e+25 
(FlareYIntOUT) Instantaneous Davenport FFD y-intercept at current age and mass []: 19.717595 
(FlareSlopeOUT) Instantaneous Davenport FFD slope at current age and mass []: -0.627157 

Output Order: Time[year] Luminosity[LSUN] LXUVStellar[LSUN] LXUVFlare[LSUN] LXUVTot[LSUN]
Grid Output Order:

----- BODY: b ----
Active Modules: AtmEsc
Module Bit Sum: 9
Color: 000000
(Mass) Mass [kg]: 9.940078e+24 
(Radius) Radius [m]: 7.291672e+06 
(RadGyra) Radius of Gyration/Moment of Inertia Constant []: 0.500000 
(BodyType) Type of Body (0 == planet) []: 0.000000 
(Density) Average Density [kg/m^3]: 6120.963524 
(HZLimitDryRunaway) Semi-major axis of Dry Runaway HZ Limit [m]: 3.049336e+10 
(HZLimRecVenus) Recent Venus HZ Limit [m]: 2.731010e+10 
(HZLimRunaway) Runaway Greenhouse HZ Limit [m]: 3.602306e+10 
(HZLimMoistGreenhouse) Moist Greenhouse HZ Limit [m]: 3.613574e+10 
(HZLimMaxGreenhouse) Maximum Greenhouse HZ Limit [m]: 6.863609e+10 
(HZLimEarlyMars) Early Mars HZ Limit [m]: 7.485517e+10 
(Instellation) Orbit-averaged INcident STELLar radiATION [kg/sec^3]: 2.747808e+05 
(MeanMotion) Orbital Mean Motion [/sec]: 4.464360e-05 
(OrbPeriod) Orbital Period [sec]: 1.407410e+05 
(SemiMajorAxis) Semi-major Axis [m]: 2.370094e+09 
(LXUVTot) Total XUV Luminosity [kg/sec^3]: -1.000000 
(EscapeVelocity) Escape Velocity [m/sec]: 1.348958e+04 
----- ATMESC PARAMETERS (b)------
(SurfWaterMass) Surface water mass [kg]: 0.000000 
(EnvelopeMass) Envelope mass [kg]: 0.000000 
(OxygenMass) Oxygen mass in the atmosphere [kg]: 0.000000 
(RGLimit) Runaway greenhouse semi-major axis [m]: 3.452475e+10 
(XO) Atomic oxygen mixing ratio in upper atmosphere []: 0.000000 
(EtaO) Oxygen eta parameter (Luger and Barnes 2015) []: 0.000000 
(PlanetRadius) Planet radius [m]: 7.291672e+06 
(OxygenMantleMass) Mass of oxygen in mantle [kg]: 0.000000 
(RadXUV) XUV radius separating hydro. dyn. escape and equilibrium [m]: -1.000000 
(RadSolid) Radius to the solid surface [m]: -1.000000 
(PresXUV) Pressure at base of thermosphere [(null)]: 5.000000 
(ScaleHeight) Scale height in Lehmer & Catling (2016) model [m]: -1.000000 
(ThermTemp) Isothermal atmospheric temperature [K]: 400.000000 
(AtmGasConst) Atmospheric gas constant [(null)]: 4124.000000 
(PresSurf) Surface pressure due to atmosphere [Pa]: -1.000000 
(DEnvMassDt) Envelope Mass Loss Rate [kg/s]: 0.000000 
(FXUV) XUV flux [W/m^2]: 108.948809 
(AtmXAbsEffH2O) XUV atmospheric escape efficiency for H2O []: 0.300000 
(RocheRadius) Roche Lobe Radius [m]: 4.805314e+07 
(BondiRadius) Bondi Radius [m]: 3.338319e+08 
(HEscapeRegime) Integer flag for H envelope escape regime []: 8.000000 
(RRCriticalFlux) Critical XUV Flux that separates RR and energy-limited escape [W/m^2]: 59.672735 
(CrossoverMass) Crossover mass, defines oxygen is escaping if mc > mo [kg]: 0.000000 
(WaterEscapeRegime) What water escape regime the code is currently in []: 8.000000 
(FXUVCRITDRAG) Critical Drag XUV flux [W/m^2]: 0.493828 
(HREFFLUX) The Hydrogen Reference Flux (m^-2 s^-1) [m^-2 s^-1]: 6.986366e+19 
(XO2) Molecular oxygen mixing ratio in atmosphere []: 0.000000 
(XH2O) Water mixing ratio in upper atmosphere []: 0.000000 
(HDiffFlux) The Hydrogen Diffusion Flux (m^-2 s^-1) [m^-2 s^-1]: 2.416147e+17 
(HRefODragMod) Multiply by H ref flux to get flux with drag []: 1.000000 
(KTide) Mass loss enhancement due to stellar gravity []: 0.774134 
(CumulativeXUVFlux) Cumulative XUV flux [W/m^2]: 0.000000 
(RunawayGreenhouseFlux) Incident flux that triggers runaway greenhouse [kg/sec^3]: 1294.954595 
(RGDuration) Runaway Greenhouse Duration [years]: 0.00000e+00

Output Order: Time[year] CumulativeXUVFlux[W/m^2]
Grid Output Order:



---- FINAL SYSTEM PROPERTIES ----
(Age) System Age [sec]: 2.371481e+17 
(Time) Simulation Time [sec]: 2.369660e+17 
(TotAngMom) Total Angular Momentum [kg*m^2/sec]: 1.508664e+42 
(TotEnergy) Total System Energy [kg*m^2/sec^2]: -1.260084e+40 
(PotEnergy) Body's non-orbital Potential Energy [kg*m^2/sec^2]: -4.156395e+40 
(KinEnergy) Body's non-orbital Kinetic Energy [kg*m^2/sec^2]: 5.962550e+32 
(DeltaTime) Average Timestep Over Last Output Interval [sec]: 1.577880e+13 

----- BODY: star ----
Active Modules: FLARE STELLAR
Module Bit Sum: 577
Color: 000000
(Mass) Mass [kg]: 3.975577e+29 
(Radius) Radius [m]: 1.522787e+08 
(RadGyra) Radius of Gyration/Moment of Inertia Constant []: 0.460103 
(RotAngMom) Rotational Angular Momentum [kg*m^2/sec]: 1.525547e+39 
(RotVel) Rotational Velocity [m/sec]: 119.035238 
(BodyType) Type of Body (0 == planet) []: 0.000000 
(RotRate) Rotational Frequency [/sec]: 7.816934e-07 
(RotPer) Rotational Period [sec]: 8.037916e+06 
(Density) Average Density [kg/m^3]: 2.687783e+04 
(HZLimitDryRunaway) Semi-major axis of Dry Runaway HZ Limit [m]: 9.474481e+09 
(HZLimRecVenus) Recent Venus HZ Limit [m]: 8.479305e+09 
(HZLimRunaway) Runaway Greenhouse HZ Limit [m]: 1.118825e+10 
(HZLimMoistGreenhouse) Moist Greenhouse HZ Limit [m]: 1.121951e+10 
(HZLimMaxGreenhouse) Maximum Greenhouse HZ Limit [m]: 2.128024e+10 
(HZLimEarlyMars) Early Mars HZ Limit [m]: 2.320849e+10 
(Instellation) Orbit-averaged INcident STELLar radiATION [kg/sec^3]: -1.000000 
(CriticalSemiMajorAxis) Holman & Wiegert (1999) P-type Critical Semi-major Axis [m]: -1.000000 
(LXUVTot) Total XUV Luminosity [LSUN]: 5.703536e-07 
(LostEnergy) Body's Total Lost Energy [kg*m^2/sec^2]: 2.896317e+40 
(LostAngMom) Lost Angular Momentum due to Magnetic Braking [kg*m^2/sec]: 1.504645e+42 
(EscapeVelocity) Escape Velocity [m/sec]: 5.903339e+05 
----- STELLAR PARAMETERS (star)------
(Luminosity) Luminosity [LSUN]: 0.004869 
(LXUVStellar) Base X-ray/XUV Luminosity [LSUN]: 1.865034e-07 
(Temperature) Effective Temperature [K]: 3262.721999 
(LXUVFrac) Fraction of luminosity in XUV []: 3.830604e-05 
(RossbyNumber) Rossby Number []: 1.574288 
(DRotPerDtStellar) Time Rate of Change of Rotation Period in STELLAR []: 1.399498e-11 
(WindTorque) Stellar Wind Torque []: 2.656161e+21 
----- FLARE PARAMETERS (star)------
(LXUVFlare) XUV Luminosity from flares [LSUN]: 3.838463e-07 
(FlareFreq1) First value of flare frequency range [/sec]: 8.462031e-05 
(FlareFreq2) Second value of flare frequency range [/sec]: 6.584981e-05 
(FlareFreq3) Third value of flare frequency range [/sec]: 5.124299e-05 
(FlareFreq4) Fourth value of flare frequency range [/sec]: 3.987626e-05 
(FlareFreqMin) Frequency of the flares with the lowest energy [/sec]: 8.462031e-05 
(FlareFreqMid) Frequency of the flares with the middle energy in the energy range [/sec]: 6.890867e-06 
(FlareFreqMax) Frequency of the flares with the highest energy [/sec]: 5.611425e-07 
(FlareEnergy1) First value of flare energy range [kg*m^2/sec^2]: 5.334000e+23 
(FlareEnergy2) Second value of flare energy range [kg*m^2/sec^2]: 6.715108e+23 
(FlareEnergy3) Third value of flare energy range [kg*m^2/sec^2]: 8.453820e+23 
(FlareEnergy4) Fourth value of flare energy range [kg*m^2/sec^2]: 1.064273e+24 
(FlareEnergyMin) Minimum flare energy [kg*m^2/sec^2]: 5.334000e+23 
(FlareEnergyMid) Middle flare energy in the range of energy values [kg*m^2/sec^2]: 5.334000e+24 
(FlareEnergyMax) Maximum flare energy [kg*m^2/sec^2]: 5.334000e+25 
(FlareYIntOUT) Instantaneous Davenport FFD y-intercept at current age and mass []: 34.331917 
(FlareSlopeOUT) Instantaneous Davenport FFD slope at current age and mass []: -1.089201 

Output Order: Time[year] Luminosity[LSUN] LXUVStellar[LSUN] LXUVFlare[LSUN] LXUVTot[LSUN]
Grid Output Order:

----- BODY: b ----
Active Modules: AtmEsc
Module Bit Sum: 9
Color: 000000
(Mass) Mass [kg]: 9.940078e+24 
(Radius) Radius [m]: 7.291672e+06 
(RadGyra) Radius of Gyration/Moment of Inertia Constant []: 0.500000 
(BodyType) Type of Body (0 == planet) []: 0.000000 
(Density) Average Density [kg/m^3]: 6120.963524 
(HZLimitDryRunaway) Semi-major axis of Dry Runaway HZ Limit [m]: 9.474503e+09 
(HZLimRecVenus) Recent Venus HZ Limit [m]: 8.479305e+09 
(HZLimRunaway) Runaway Greenhouse HZ Limit [m]: 1.118825e+10 
(HZLimMoistGreenhouse) Moist Greenhouse HZ Limit [m]: 1.121951e+10 
(HZLimMaxGreenhouse) Maximum Greenhouse HZ Limit [m]: 2.128024e+10 
(HZLimEarlyMars) Early Mars HZ Limit [m]: 2.320849e+10 
(Instellation) Orbit-averaged INcident STELLar radiATION [kg/sec^3]: 2.652703e+04 
(MeanMotion) Orbital Mean Motion [/sec]: 4.464360e-05 
(OrbPeriod) Orbital Period [sec]: 1.407410e+05 
(SemiMajorAxis) Semi-major Axis [m]: 2.370094e+09 
(LXUVTot) Total XUV Luminosity [kg/sec^3]: -1.000000 
(EscapeVelocity) Escape Velocity [m/sec]: 1.348958e+04 
----- ATMESC PARAMETERS (b)------
(SurfWaterMass) Surface water mass [kg]: 0.000000 
(EnvelopeMass) Envelope mass [kg]: 0.000000 
(OxygenMass) Oxygen mass in the atmosphere [kg]: 0.000000 
(RGLimit) Runaway greenhouse semi-major axis [m]: 1.072308e+10 
(XO) Atomic oxygen mixing ratio in upper atmosphere []: 0.000000 
(EtaO) Oxygen eta parameter (Luger and Barnes 2015) []: 0.000000 
(PlanetRadius) Planet radius [m]: 7.291672e+06 
(OxygenMantleMass) Mass of oxygen in mantle [kg]: 0.000000 
(RadXUV) XUV radius separating hydro. dyn. escape and equilibrium [m]: -1.000000 
(RadSolid) Radius to the solid surface [m]: -1.000000 
(PresXUV) Pressure at base of thermosphere [(null)]: 5.000000 
(ScaleHeight) Scale height in Lehmer & Catling (2016) model [m]: -1.000000 
(ThermTemp) Isothermal atmospheric temperature [K]: 400.000000 
(AtmGasConst) Atmospheric gas constant [(null)]: 4124.000000 
(PresSurf) Surface pressure due to atmosphere [Pa]: -1.000000 
(DEnvMassDt) Envelope Mass Loss Rate [kg/s]: 0.000000 
(FXUV) XUV flux [W/m^2]: 3.107516 
(AtmXAbsEffH2O) XUV atmospheric escape efficiency for H2O []: 0.300000 
(RocheRadius) Roche Lobe Radius [m]: 4.805314e+07 
(BondiRadius) Bondi Radius [m]: 5.985877e+08 
(HEscapeRegime) Integer flag for H envelope escape regime []: 8.000000 
(RRCriticalFlux) Critical XUV Flux that separates RR and energy-limited escape [W/m^2]: 59.672735 
(CrossoverMass) Crossover mass, defines oxygen is escaping if mc > mo [kg]: 0.000000 
(WaterEscapeRegime) What water escape regime the code is currently in []: 8.000000 
(FXUVCRITDRAG) Critical Drag XUV flux [W/m^2]: 0.493828 
(HREFFLUX) The Hydrogen Reference Flux (m^-2 s^-1) [m^-2 s^-1]: 1.992701e+18 
(XO2) Molecular oxygen mixing ratio in atmosphere []: 0.000000 
(XH2O) Water mixing ratio in upper atmosphere []: 0.000000 
(HDiffFlux) The Hydrogen Diffusion Flux (m^-2 s^-1) [m^-2 s^-1]: 2.416147e+17 
(HRefODragMod) Multiply by H ref flux to get flux with drag []: 1.000000 
(KTide) Mass loss enhancement due to stellar gravity []: 0.774134 
(CumulativeXUVFlux) Cumulative XUV flux [W/m^2]: 1.451628e+18 
(RunawayGreenhouseFlux) Incident flux that triggers runaway greenhouse [kg/sec^3]: 1295.922312 
(RGDuration) Runaway Greenhouse Duration [years]: 0.00000e+00

Output Order: Time[year] CumulativeXUVFlux[W/m^2]
Grid Output Order:
