-------- Log file gj1132.log -------

Executable: /home/vplanet/.local/bin/vplanet
Version: Unknown
System Name: gj1132
Primary Input File: vpl.in
Body File #1: star.in
Body File #2: b.in
Allow files to be overwitten: Yes
Mass Units: Grams
Length Units: Meters
Time Units: Seconds
Angle Units: Radians

------- FORMATTING -----
Verbosity Level: 5
Crossover Decade for Scientific Notation: 4
Number of Digits After Decimal: 6
Integration Method: Runge-Kutta4
Direction: Forward
Time Step: 3.155760e+07
Stop Time: 2.137125e+17
Output Interval: 3.155760e+13
Use Variable Timestep: Yes
dEta: 0.010000
Minimum Value of ecc and obl: 1.000000e-10


---- INITIAL SYSTEM PROPERTIES ----
(Age) System Age [sec]: 1.982069e+14 
(Time) Simulation Time [sec]: 0.000000 
(TotAngMom) Total Angular Momentum [kg*m^2/sec]: 1.262697e+42 
(TotEnergy) Total System Energy [kg*m^2/sec^2]: -1.205818e+40 
(PotEnergy) Body's non-orbital Potential Energy [kg*m^2/sec^2]: -1.210395e+40 
(KinEnergy) Body's non-orbital Kinetic Energy [kg*m^2/sec^2]: 4.582574e+37 
(DeltaTime) Average Timestep Over Last Output Interval [sec]: 0.000000 

----- BODY: star ----
Active Modules: FLARE STELLAR
Module Bit Sum: 577
Color: 000000
(Mass) Mass [kg]: 3.767252e+29 
(Radius) Radius [m]: 4.695456e+08 
(RadGyra) Radius of Gyration/Moment of Inertia Constant []: 0.456787 
(RotAngMom) Rotational Angular Momentum [kg*m^2/sec]: 1.260298e+42 
(RotVel) Rotational Velocity [m/sec]: 3.414632e+04 
(BodyType) Type of Body (0 == planet) []: 0.000000 
(RotRate) Rotational Frequency [/sec]: 7.272205e-05 
(RotPer) Rotational Period [sec]: 8.640000e+04 
(Density) Average Density [kg/m^3]: 868.765715 
(HZLimitDryRunaway) Semi-major axis of Dry Runaway HZ Limit [m]: 2.829346e+10 
(HZLimRecVenus) Recent Venus HZ Limit [m]: 2.534968e+10 
(HZLimRunaway) Runaway Greenhouse HZ Limit [m]: 3.343122e+10 
(HZLimMoistGreenhouse) Moist Greenhouse HZ Limit [m]: 3.354180e+10 
(HZLimMaxGreenhouse) Maximum Greenhouse HZ Limit [m]: 6.375768e+10 
(HZLimEarlyMars) Early Mars HZ Limit [m]: 6.953464e+10 
(Instellation) Orbit-averaged INcident STELLar radiATION [kg/sec^3]: -1.000000 
(CriticalSemiMajorAxis) Holman & Wiegert (1999) P-type Critical Semi-major Axis [m]: -1.000000 
(LXUVTot) Total XUV Luminosity [LSUN]: 7.093485e-05 
(LostEnergy) Body's Total Lost Energy [kg*m^2/sec^2]: 5.562685e-309 
(LostAngMom) Lost Angular Momentum due to Magnetic Braking [kg*m^2/sec]: 5.562685e-309 
(EscapeVelocity) Escape Velocity [m/sec]: 3.272583e+05 
----- STELLAR PARAMETERS (star)------
(Luminosity) Luminosity [LSUN]: 0.043419 
(LXUVStellar) Base X-ray/XUV Luminosity [LSUN]: 6.032472e-05 
(Temperature) Effective Temperature [K]: 3205.798159 
(LXUVFrac) Fraction of luminosity in XUV []: 0.001389 
(RossbyNumber) Rossby Number []: 0.016436 
(DRotPerDtStellar) Time Rate of Change of Rotation Period in STELLAR []: -1.314796e-10 
(WindTorque) Stellar Wind Torque []: 3.053613e+27 
----- FLARE PARAMETERS (star)------
(LXUVFlare) XUV Luminosity from flares [LSUN]: 1.061013e-05 
(FlareFreq1) First value of flare frequency range [/sec]: 1.752635e-06 
(FlareFreq2) Second value of flare frequency range [/sec]: 1.407436e-06 
(FlareFreq3) Third value of flare frequency range [/sec]: 1.130228e-06 
(FlareFreq4) Fourth value of flare frequency range [/sec]: 9.076184e-07 
(FlareFreqMin) Frequency of the flares with the lowest energy [/sec]: 1.752635e-06 
(FlareFreqMid) Frequency of the flares with the middle energy in the energy range [/sec]: 1.954628e-07 
(FlareFreqMax) Frequency of the flares with the highest energy [/sec]: 2.179902e-08 
(FlareEnergy1) First value of flare energy range [kg*m^2/sec^2]: 5.334000e+25 
(FlareEnergy2) Second value of flare energy range [kg*m^2/sec^2]: 7.534475e+25 
(FlareEnergy3) Third value of flare energy range [kg*m^2/sec^2]: 1.064273e+26 
(FlareEnergy4) Fourth value of flare energy range [kg*m^2/sec^2]: 1.503325e+26 
(FlareEnergyMin) Minimum flare energy [kg*m^2/sec^2]: 5.334000e+25 
(FlareEnergyMid) Middle flare energy in the range of energy values [kg*m^2/sec^2]: 1.686759e+27 
(FlareEnergyMax) Maximum flare energy [kg*m^2/sec^2]: 5.334000e+28 
(FlareYIntOUT) Instantaneous Davenport FFD y-intercept at current age and mass []: 19.964661 
(FlareSlopeOUT) Instantaneous Davenport FFD slope at current age and mass []: -0.635085 

Output Order: Time[year] Luminosity[LSUN] LXUVStellar[LSUN] LXUVFlare[LSUN] LXUVTot[LSUN]
Grid Output Order:

----- BODY: b ----
Active Modules: AtmEsc
Module Bit Sum: 9
Color: 000000
(Mass) Mass [kg]: 9.912761e+24 
(Radius) Radius [m]: 7.433360e+06 
(RadGyra) Radius of Gyration/Moment of Inertia Constant []: 0.500000 
(BodyType) Type of Body (0 == planet) []: 0.000000 
(Density) Average Density [kg/m^3]: 5761.698219 
(HZLimitDryRunaway) Semi-major axis of Dry Runaway HZ Limit [m]: 2.829362e+10 
(HZLimRecVenus) Recent Venus HZ Limit [m]: 2.534968e+10 
(HZLimRunaway) Runaway Greenhouse HZ Limit [m]: 3.343122e+10 
(HZLimMoistGreenhouse) Moist Greenhouse HZ Limit [m]: 3.354180e+10 
(HZLimMaxGreenhouse) Maximum Greenhouse HZ Limit [m]: 6.375768e+10 
(HZLimEarlyMars) Early Mars HZ Limit [m]: 6.953464e+10 
(Instellation) Orbit-averaged INcident STELLar radiATION [kg/sec^3]: 2.452161e+05 
(MeanMotion) Orbital Mean Motion [/sec]: 4.464470e-05 
(OrbPeriod) Orbital Period [sec]: 1.407375e+05 
(SemiMajorAxis) Semi-major Axis [m]: 2.327914e+09 
(LXUVTot) Total XUV Luminosity [kg/sec^3]: -1.000000 
(EscapeVelocity) Escape Velocity [m/sec]: 1.334203e+04 
----- ATMESC PARAMETERS (b)------
(SurfWaterMass) Surface water mass [kg]: 0.000000 
(EnvelopeMass) Envelope mass [kg]: 0.000000 
(OxygenMass) Oxygen mass in the atmosphere [kg]: 0.000000 
(RGLimit) Runaway greenhouse semi-major axis [m]: 3.204247e+10 
(XO) Atomic oxygen mixing ratio in upper atmosphere []: 0.000000 
(EtaO) Oxygen eta parameter (Luger and Barnes 2015) []: 0.000000 
(PlanetRadius) Planet radius [m]: 7.433360e+06 
(OxygenMantleMass) Mass of oxygen in mantle [kg]: 0.000000 
(RadXUV) XUV radius separating hydro. dyn. escape and equilibrium [m]: -1.000000 
(RadSolid) Radius to the solid surface [m]: -1.000000 
(PresXUV) Pressure at base of thermosphere [(null)]: 5.000000 
(ScaleHeight) Scale height in Lehmer & Catling (2016) model [m]: -1.000000 
(ThermTemp) Isothermal atmospheric temperature [K]: 400.000000 
(AtmGasConst) Atmospheric gas constant [(null)]: 4124.000000 
(PresSurf) Surface pressure due to atmosphere [Pa]: -1.000000 
(DEnvMassDt) Envelope Mass Loss Rate [kg/s]: 0.000000 
(FXUV) XUV flux [W/m^2]: 400.615455 
(AtmXAbsEffH2O) XUV atmospheric escape efficiency for H2O []: 0.300000 
(RocheRadius) Roche Lobe Radius [m]: 4.800831e+07 
(BondiRadius) Bondi Radius [m]: 3.491054e+08 
(HEscapeRegime) Integer flag for H envelope escape regime []: 8.000000 
(RRCriticalFlux) Critical XUV Flux that separates RR and energy-limited escape [W/m^2]: 55.362192 
(CrossoverMass) Crossover mass, defines oxygen is escaping if mc > mo [kg]: 0.000000 
(WaterEscapeRegime) What water escape regime the code is currently in []: 8.000000 
(FXUVCRITDRAG) Critical Drag XUV flux [W/m^2]: 0.463566 
(HREFFLUX) The Hydrogen Reference Flux (m^-2 s^-1) [m^-2 s^-1]: 2.641550e+20 
(XO2) Molecular oxygen mixing ratio in atmosphere []: 0.000000 
(XH2O) Water mixing ratio in upper atmosphere []: 0.000000 
(HDiffFlux) The Hydrogen Diffusion Flux (m^-2 s^-1) [m^-2 s^-1]: 2.318527e+17 
(HRefODragMod) Multiply by H ref flux to get flux with drag []: 1.000000 
(KTide) Mass loss enhancement due to stellar gravity []: 0.769604 
(CumulativeXUVFlux) Cumulative XUV flux [W/m^2]: 0.000000 
(RunawayGreenhouseFlux) Incident flux that triggers runaway greenhouse [kg/sec^3]: 1294.273297 
(RGDuration) Runaway Greenhouse Duration [years]: 0.00000e+00

Output Order: Time[year] CumulativeXUVFlux[W/m^2]
Grid Output Order:



---- FINAL SYSTEM PROPERTIES ----
(Age) System Age [sec]: 2.139378e+17 
(Time) Simulation Time [sec]: 2.137396e+17 
(TotAngMom) Total Angular Momentum [kg*m^2/sec]: 1.267925e+42 
(TotEnergy) Total System Energy [kg*m^2/sec^2]: -1.204164e+40 
(PotEnergy) Body's non-orbital Potential Energy [kg*m^2/sec^2]: -3.997564e+40 
(KinEnergy) Body's non-orbital Kinetic Energy [kg*m^2/sec^2]: 6.222800e+32 
(DeltaTime) Average Timestep Over Last Output Interval [sec]: 1.577880e+13 

----- BODY: star ----
Active Modules: FLARE STELLAR
Module Bit Sum: 577
Color: 000000
(Mass) Mass [kg]: 3.767252e+29 
(Radius) Radius [m]: 1.421705e+08 
(RadGyra) Radius of Gyration/Moment of Inertia Constant []: 0.460550 
(RotAngMom) Rotational Angular Momentum [kg*m^2/sec]: 1.417773e+39 
(RotVel) Rotational Velocity [m/sec]: 124.801241 
(BodyType) Type of Body (0 == planet) []: 0.000000 
(RotRate) Rotational Frequency [/sec]: 8.778277e-07 
(RotPer) Rotational Period [sec]: 7.157652e+06 
(Density) Average Density [kg/m^3]: 3.129732e+04 
(HZLimitDryRunaway) Semi-major axis of Dry Runaway HZ Limit [m]: 8.748626e+09 
(HZLimRecVenus) Recent Venus HZ Limit [m]: 7.834388e+09 
(HZLimRunaway) Runaway Greenhouse HZ Limit [m]: 1.033445e+10 
(HZLimMoistGreenhouse) Moist Greenhouse HZ Limit [m]: 1.036618e+10 
(HZLimMaxGreenhouse) Maximum Greenhouse HZ Limit [m]: 1.968470e+10 
(HZLimEarlyMars) Early Mars HZ Limit [m]: 2.146833e+10 
(Instellation) Orbit-averaged INcident STELLar radiATION [kg/sec^3]: -1.000000 
(CriticalSemiMajorAxis) Holman & Wiegert (1999) P-type Critical Semi-major Axis [m]: -1.000000 
(LXUVTot) Total XUV Luminosity [LSUN]: 6.400136e-07 
(LostEnergy) Body's Total Lost Energy [kg*m^2/sec^2]: 2.793405e+40 
(LostAngMom) Lost Angular Momentum due to Magnetic Braking [kg*m^2/sec]: 1.264109e+42 
(EscapeVelocity) Escape Velocity [m/sec]: 5.947367e+05 
----- STELLAR PARAMETERS (star)------
(Luminosity) Luminosity [LSUN]: 0.004151 
(LXUVStellar) Base X-ray/XUV Luminosity [LSUN]: 2.783766e-07 
(Temperature) Effective Temperature [K]: 3232.150694 
(LXUVFrac) Fraction of luminosity in XUV []: 6.705703e-05 
(RossbyNumber) Rossby Number []: 1.380102 
(DRotPerDtStellar) Time Rate of Change of Rotation Period in STELLAR []: 1.934207e-11 
(WindTorque) Stellar Wind Torque []: 3.408880e+21 
----- FLARE PARAMETERS (star)------
(LXUVFlare) XUV Luminosity from flares [LSUN]: 3.616140e-07 
(FlareFreq1) First value of flare frequency range [/sec]: 5.606341e-07 
(FlareFreq2) Second value of flare frequency range [/sec]: 3.856094e-07 
(FlareFreq3) Third value of flare frequency range [/sec]: 2.652257e-07 
(FlareFreq4) Fourth value of flare frequency range [/sec]: 1.824247e-07 
(FlareFreqMin) Frequency of the flares with the lowest energy [/sec]: 5.606341e-07 
(FlareFreqMid) Frequency of the flares with the middle energy in the energy range [/sec]: 1.328496e-08 
(FlareFreqMax) Frequency of the flares with the highest energy [/sec]: 3.148046e-10 
(FlareEnergy1) First value of flare energy range [kg*m^2/sec^2]: 5.334000e+25 
(FlareEnergy2) Second value of flare energy range [kg*m^2/sec^2]: 7.534475e+25 
(FlareEnergy3) Third value of flare energy range [kg*m^2/sec^2]: 1.064273e+26 
(FlareEnergy4) Fourth value of flare energy range [kg*m^2/sec^2]: 1.503325e+26 
(FlareEnergyMin) Minimum flare energy [kg*m^2/sec^2]: 5.334000e+25 
(FlareEnergyMid) Middle flare energy in the range of energy values [kg*m^2/sec^2]: 1.686759e+27 
(FlareEnergyMax) Maximum flare energy [kg*m^2/sec^2]: 5.334000e+28 
(FlareYIntOUT) Instantaneous Davenport FFD y-intercept at current age and mass []: 34.146466 
(FlareSlopeOUT) Instantaneous Davenport FFD slope at current age and mass []: -1.083546 

Output Order: Time[year] Luminosity[LSUN] LXUVStellar[LSUN] LXUVFlare[LSUN] LXUVTot[LSUN]
Grid Output Order:

----- BODY: b ----
Active Modules: AtmEsc
Module Bit Sum: 9
Color: 000000
(Mass) Mass [kg]: 9.912761e+24 
(Radius) Radius [m]: 7.433360e+06 
(RadGyra) Radius of Gyration/Moment of Inertia Constant []: 0.500000 
(BodyType) Type of Body (0 == planet) []: 0.000000 
(Density) Average Density [kg/m^3]: 5761.698219 
(HZLimitDryRunaway) Semi-major axis of Dry Runaway HZ Limit [m]: 8.748674e+09 
(HZLimRecVenus) Recent Venus HZ Limit [m]: 7.834388e+09 
(HZLimRunaway) Runaway Greenhouse HZ Limit [m]: 1.033445e+10 
(HZLimMoistGreenhouse) Moist Greenhouse HZ Limit [m]: 1.036618e+10 
(HZLimMaxGreenhouse) Maximum Greenhouse HZ Limit [m]: 1.968470e+10 
(HZLimEarlyMars) Early Mars HZ Limit [m]: 2.146833e+10 
(Instellation) Orbit-averaged INcident STELLar radiATION [kg/sec^3]: 2.344533e+04 
(MeanMotion) Orbital Mean Motion [/sec]: 4.464470e-05 
(OrbPeriod) Orbital Period [sec]: 1.407375e+05 
(SemiMajorAxis) Semi-major Axis [m]: 2.327914e+09 
(LXUVTot) Total XUV Luminosity [kg/sec^3]: -1.000000 
(EscapeVelocity) Escape Velocity [m/sec]: 1.334203e+04 
----- ATMESC PARAMETERS (b)------
(SurfWaterMass) Surface water mass [kg]: 0.000000 
(EnvelopeMass) Envelope mass [kg]: 0.000000 
(OxygenMass) Oxygen mass in the atmosphere [kg]: 0.000000 
(RGLimit) Runaway greenhouse semi-major axis [m]: 9.905245e+09 
(XO) Atomic oxygen mixing ratio in upper atmosphere []: 0.000000 
(EtaO) Oxygen eta parameter (Luger and Barnes 2015) []: 0.000000 
(PlanetRadius) Planet radius [m]: 7.433360e+06 
(OxygenMantleMass) Mass of oxygen in mantle [kg]: 0.000000 
(RadXUV) XUV radius separating hydro. dyn. escape and equilibrium [m]: -1.000000 
(RadSolid) Radius to the solid surface [m]: -1.000000 
(PresXUV) Pressure at base of thermosphere [(null)]: 5.000000 
(ScaleHeight) Scale height in Lehmer & Catling (2016) model [m]: -1.000000 
(ThermTemp) Isothermal atmospheric temperature [K]: 400.000000 
(AtmGasConst) Atmospheric gas constant [(null)]: 4124.000000 
(PresSurf) Surface pressure due to atmosphere [Pa]: -1.000000 
(DEnvMassDt) Envelope Mass Loss Rate [kg/s]: 0.000000 
(FXUV) XUV flux [W/m^2]: 3.614575 
(AtmXAbsEffH2O) XUV atmospheric escape efficiency for H2O []: 0.300000 
(RocheRadius) Roche Lobe Radius [m]: 4.800831e+07 
(BondiRadius) Bondi Radius [m]: 6.292674e+08 
(HEscapeRegime) Integer flag for H envelope escape regime []: 8.000000 
(RRCriticalFlux) Critical XUV Flux that separates RR and energy-limited escape [W/m^2]: 55.362192 
(CrossoverMass) Crossover mass, defines oxygen is escaping if mc > mo [kg]: 0.000000 
(WaterEscapeRegime) What water escape regime the code is currently in []: 8.000000 
(FXUVCRITDRAG) Critical Drag XUV flux [W/m^2]: 0.463566 
(HREFFLUX) The Hydrogen Reference Flux (m^-2 s^-1) [m^-2 s^-1]: 2.383353e+18 
(XO2) Molecular oxygen mixing ratio in atmosphere []: 0.000000 
(XH2O) Water mixing ratio in upper atmosphere []: 0.000000 
(HDiffFlux) The Hydrogen Diffusion Flux (m^-2 s^-1) [m^-2 s^-1]: 2.318527e+17 
(HRefODragMod) Multiply by H ref flux to get flux with drag []: 1.000000 
(KTide) Mass loss enhancement due to stellar gravity []: 0.769604 
(CumulativeXUVFlux) Cumulative XUV flux [W/m^2]: 3.645981e+18 
(RunawayGreenhouseFlux) Incident flux that triggers runaway greenhouse [kg/sec^3]: 1294.955836 
(RGDuration) Runaway Greenhouse Duration [years]: 0.00000e+00

Output Order: Time[year] CumulativeXUVFlux[W/m^2]
Grid Output Order:
