-------- Log file gj1132.log -------

Executable: /home/vplanet/.local/bin/vplanet
Version: Unknown
System Name: gj1132
Primary Input File: vpl.in
Body File #1: star.in
Body File #2: b.in
Allow files to be overwitten: Yes
Mass Units: Grams
Length Units: Meters
Time Units: Seconds
Angle Units: Radians

------- FORMATTING -----
Verbosity Level: 5
Crossover Decade for Scientific Notation: 4
Number of Digits After Decimal: 6
Integration Method: Runge-Kutta4
Direction: Forward
Time Step: 3.155760e+07
Stop Time: 2.317934e+17
Output Interval: 3.155760e+13
Use Variable Timestep: Yes
dEta: 0.010000
Minimum Value of ecc and obl: 1.000000e-10


---- INITIAL SYSTEM PROPERTIES ----
(Age) System Age [sec]: 1.316655e+14 
(Time) Simulation Time [sec]: 0.000000 
(TotAngMom) Total Angular Momentum [kg*m^2/sec]: 1.822630e+42 
(TotEnergy) Total System Energy [kg*m^2/sec^2]: -1.082734e+40 
(PotEnergy) Body's non-orbital Potential Energy [kg*m^2/sec^2]: -1.089347e+40 
(KinEnergy) Body's non-orbital Kinetic Energy [kg*m^2/sec^2]: 6.618550e+37 
(DeltaTime) Average Timestep Over Last Output Interval [sec]: 0.000000 

----- BODY: star ----
Active Modules: FLARE STELLAR
Module Bit Sum: 577
Color: 000000
(Mass) Mass [kg]: 3.894139e+29 
(Radius) Radius [m]: 5.574583e+08 
(RadGyra) Radius of Gyration/Moment of Inertia Constant []: 0.454791 
(RotAngMom) Rotational Angular Momentum [kg*m^2/sec]: 1.820232e+42 
(RotVel) Rotational Velocity [m/sec]: 4.053951e+04 
(BodyType) Type of Body (0 == planet) []: 0.000000 
(RotRate) Rotational Frequency [/sec]: 7.272205e-05 
(RotPer) Rotational Period [sec]: 8.640000e+04 
(Density) Average Density [kg/m^3]: 536.643359 
(HZLimitDryRunaway) Semi-major axis of Dry Runaway HZ Limit [m]: 3.328960e+10 
(HZLimRecVenus) Recent Venus HZ Limit [m]: 2.983319e+10 
(HZLimRunaway) Runaway Greenhouse HZ Limit [m]: 3.933967e+10 
(HZLimMoistGreenhouse) Moist Greenhouse HZ Limit [m]: 3.947421e+10 
(HZLimMaxGreenhouse) Maximum Greenhouse HZ Limit [m]: 7.507018e+10 
(HZLimEarlyMars) Early Mars HZ Limit [m]: 8.187208e+10 
(Instellation) Orbit-averaged INcident STELLar radiATION [kg/sec^3]: -1.000000 
(CriticalSemiMajorAxis) Holman & Wiegert (1999) P-type Critical Semi-major Axis [m]: -1.000000 
(LXUVTot) Total XUV Luminosity [LSUN]: 1.648389e-05 
(LostEnergy) Body's Total Lost Energy [kg*m^2/sec^2]: 5.562685e-309 
(LostAngMom) Lost Angular Momentum due to Magnetic Braking [kg*m^2/sec]: 5.562685e-309 
(EscapeVelocity) Escape Velocity [m/sec]: 3.053632e+05 
----- STELLAR PARAMETERS (star)------
(Luminosity) Luminosity [LSUN]: 0.060107 
(LXUVStellar) Base X-ray/XUV Luminosity [LSUN]: 1.566327e-05 
(Temperature) Effective Temperature [K]: 3193.215735 
(LXUVFrac) Fraction of luminosity in XUV []: 0.000261 
(RossbyNumber) Rossby Number []: 0.016330 
(DRotPerDtStellar) Time Rate of Change of Rotation Period in STELLAR []: -1.362854e-10 
(WindTorque) Stellar Wind Torque []: 7.460028e+27 
----- FLARE PARAMETERS (star)------
(LXUVFlare) XUV Luminosity from flares [LSUN]: 8.206238e-07 
(FlareFreq1) First value of flare frequency range [/sec]: 3.083009e-05 
(FlareFreq2) Second value of flare frequency range [/sec]: 2.680915e-05 
(FlareFreq3) Third value of flare frequency range [/sec]: 2.331263e-05 
(FlareFreq4) Fourth value of flare frequency range [/sec]: 2.027214e-05 
(FlareFreqMin) Frequency of the flares with the lowest energy [/sec]: 3.083009e-05 
(FlareFreqMid) Frequency of the flares with the middle energy in the energy range [/sec]: 7.621794e-06 
(FlareFreqMax) Frequency of the flares with the highest energy [/sec]: 1.884255e-06 
(FlareEnergy1) First value of flare energy range [kg*m^2/sec^2]: 5.334000e+23 
(FlareEnergy2) Second value of flare energy range [kg*m^2/sec^2]: 6.715108e+23 
(FlareEnergy3) Third value of flare energy range [kg*m^2/sec^2]: 8.453820e+23 
(FlareEnergy4) Fourth value of flare energy range [kg*m^2/sec^2]: 1.064273e+24 
(FlareEnergyMin) Minimum flare energy [kg*m^2/sec^2]: 5.334000e+23 
(FlareEnergyMid) Middle flare energy in the range of energy values [kg*m^2/sec^2]: 5.334000e+24 
(FlareEnergyMax) Maximum flare energy [kg*m^2/sec^2]: 5.334000e+25 
(FlareYIntOUT) Instantaneous Davenport FFD y-intercept at current age and mass []: 19.074276 
(FlareSlopeOUT) Instantaneous Davenport FFD slope at current age and mass []: -0.606918 

Output Order: Time[year] Luminosity[LSUN] LXUVStellar[LSUN] LXUVFlare[LSUN] LXUVTot[LSUN]
Grid Output Order:

----- BODY: b ----
Active Modules: AtmEsc
Module Bit Sum: 9
Color: 000000
(Mass) Mass [kg]: 9.695647e+24 
(Radius) Radius [m]: 7.048247e+06 
(RadGyra) Radius of Gyration/Moment of Inertia Constant []: 0.500000 
(BodyType) Type of Body (0 == planet) []: 0.000000 
(Density) Average Density [kg/m^3]: 6610.659212 
(HZLimitDryRunaway) Semi-major axis of Dry Runaway HZ Limit [m]: 3.329008e+10 
(HZLimRecVenus) Recent Venus HZ Limit [m]: 2.983319e+10 
(HZLimRunaway) Runaway Greenhouse HZ Limit [m]: 3.933967e+10 
(HZLimMoistGreenhouse) Moist Greenhouse HZ Limit [m]: 3.947421e+10 
(HZLimMaxGreenhouse) Maximum Greenhouse HZ Limit [m]: 7.507018e+10 
(HZLimEarlyMars) Early Mars HZ Limit [m]: 8.187208e+10 
(Instellation) Orbit-averaged INcident STELLar radiATION [kg/sec^3]: 3.320437e+05 
(MeanMotion) Orbital Mean Motion [/sec]: 4.464380e-05 
(OrbPeriod) Orbital Period [sec]: 1.407404e+05 
(SemiMajorAxis) Semi-major Axis [m]: 2.353792e+09 
(LXUVTot) Total XUV Luminosity [kg/sec^3]: -1.000000 
(EscapeVelocity) Escape Velocity [m/sec]: 1.355080e+04 
----- ATMESC PARAMETERS (b)------
(SurfWaterMass) Surface water mass [kg]: 0.000000 
(EnvelopeMass) Envelope mass [kg]: 0.000000 
(OxygenMass) Oxygen mass in the atmosphere [kg]: 0.000000 
(RGLimit) Runaway greenhouse semi-major axis [m]: 3.772445e+10 
(XO) Atomic oxygen mixing ratio in upper atmosphere []: 0.000000 
(EtaO) Oxygen eta parameter (Luger and Barnes 2015) []: 0.000000 
(PlanetRadius) Planet radius [m]: 7.048247e+06 
(OxygenMantleMass) Mass of oxygen in mantle [kg]: 0.000000 
(RadXUV) XUV radius separating hydro. dyn. escape and equilibrium [m]: -1.000000 
(RadSolid) Radius to the solid surface [m]: -1.000000 
(PresXUV) Pressure at base of thermosphere [(null)]: 5.000000 
(ScaleHeight) Scale height in Lehmer & Catling (2016) model [m]: -1.000000 
(ThermTemp) Isothermal atmospheric temperature [K]: 400.000000 
(AtmGasConst) Atmospheric gas constant [(null)]: 4124.000000 
(PresSurf) Surface pressure due to atmosphere [Pa]: -1.000000 
(DEnvMassDt) Envelope Mass Loss Rate [kg/s]: 0.000000 
(FXUV) XUV flux [W/m^2]: 91.060298 
(AtmXAbsEffH2O) XUV atmospheric escape efficiency for H2O []: 0.300000 
(RocheRadius) Roche Lobe Radius [m]: 4.765584e+07 
(BondiRadius) Bondi Radius [m]: 3.128807e+08 
(HEscapeRegime) Integer flag for H envelope escape regime []: 8.000000 
(RRCriticalFlux) Critical XUV Flux that separates RR and energy-limited escape [W/m^2]: 63.780448 
(CrossoverMass) Crossover mass, defines oxygen is escaping if mc > mo [kg]: 0.000000 
(WaterEscapeRegime) What water escape regime the code is currently in []: 8.000000 
(FXUVCRITDRAG) Critical Drag XUV flux [W/m^2]: 0.520221 
(HREFFLUX) The Hydrogen Reference Flux (m^-2 s^-1) [m^-2 s^-1]: 5.744802e+19 
(XO2) Molecular oxygen mixing ratio in atmosphere []: 0.000000 
(XH2O) Water mixing ratio in upper atmosphere []: 0.000000 
(HDiffFlux) The Hydrogen Diffusion Flux (m^-2 s^-1) [m^-2 s^-1]: 2.522333e+17 
(HRefODragMod) Multiply by H ref flux to get flux with drag []: 1.000000 
(KTide) Mass loss enhancement due to stellar gravity []: 0.779769 
(CumulativeXUVFlux) Cumulative XUV flux [W/m^2]: 0.000000 
(RunawayGreenhouseFlux) Incident flux that triggers runaway greenhouse [kg/sec^3]: 1292.627395 
(RGDuration) Runaway Greenhouse Duration [years]: 0.00000e+00

Output Order: Time[year] CumulativeXUVFlux[W/m^2]
Grid Output Order:



---- FINAL SYSTEM PROPERTIES ----
(Age) System Age [sec]: 2.319314e+17 
(Time) Simulation Time [sec]: 2.317997e+17 
(TotAngMom) Total Angular Momentum [kg*m^2/sec]: 1.828226e+42 
(TotEnergy) Total System Energy [kg*m^2/sec^2]: -1.081869e+40 
(PotEnergy) Body's non-orbital Potential Energy [kg*m^2/sec^2]: -4.109659e+40 
(KinEnergy) Body's non-orbital Kinetic Energy [kg*m^2/sec^2]: 5.998520e+32 
(DeltaTime) Average Timestep Over Last Output Interval [sec]: 1.577880e+13 

----- BODY: star ----
Active Modules: FLARE STELLAR
Module Bit Sum: 577
Color: 000000
(Mass) Mass [kg]: 3.894139e+29 
(Radius) Radius [m]: 1.477654e+08 
(RadGyra) Radius of Gyration/Moment of Inertia Constant []: 0.460302 
(RotAngMom) Rotational Angular Momentum [kg*m^2/sec]: 1.470139e+39 
(RotVel) Rotational Velocity [m/sec]: 120.583657 
(BodyType) Type of Body (0 == planet) []: 0.000000 
(RotRate) Rotational Frequency [/sec]: 8.160478e-07 
(RotPer) Rotational Period [sec]: 7.699531e+06 
(Density) Average Density [kg/m^3]: 2.881405e+04 
(HZLimitDryRunaway) Semi-major axis of Dry Runaway HZ Limit [m]: 9.141970e+09 
(HZLimRecVenus) Recent Venus HZ Limit [m]: 8.183915e+09 
(HZLimRunaway) Runaway Greenhouse HZ Limit [m]: 1.079716e+10 
(HZLimMoistGreenhouse) Moist Greenhouse HZ Limit [m]: 1.082866e+10 
(HZLimMaxGreenhouse) Maximum Greenhouse HZ Limit [m]: 2.054962e+10 
(HZLimEarlyMars) Early Mars HZ Limit [m]: 2.241164e+10 
(Instellation) Orbit-averaged INcident STELLar radiATION [kg/sec^3]: -1.000000 
(CriticalSemiMajorAxis) Holman & Wiegert (1999) P-type Critical Semi-major Axis [m]: -1.000000 
(LXUVTot) Total XUV Luminosity [LSUN]: 8.438759e-07 
(LostEnergy) Body's Total Lost Energy [kg*m^2/sec^2]: 3.027795e+40 
(LostAngMom) Lost Angular Momentum due to Magnetic Braking [kg*m^2/sec]: 1.824357e+42 
(EscapeVelocity) Escape Velocity [m/sec]: 5.931117e+05 
----- STELLAR PARAMETERS (star)------
(Luminosity) Luminosity [LSUN]: 0.004533 
(LXUVStellar) Base X-ray/XUV Luminosity [LSUN]: 4.606080e-07 
(Temperature) Effective Temperature [K]: 3249.104736 
(LXUVFrac) Fraction of luminosity in XUV []: 0.000102 
(RossbyNumber) Rossby Number []: 1.497532 
(DRotPerDtStellar) Time Rate of Change of Rotation Period in STELLAR []: 1.489573e-11 
(WindTorque) Stellar Wind Torque []: 2.844173e+21 
----- FLARE PARAMETERS (star)------
(LXUVFlare) XUV Luminosity from flares [LSUN]: 3.832671e-07 
(FlareFreq1) First value of flare frequency range [/sec]: 8.454705e-05 
(FlareFreq2) Second value of flare frequency range [/sec]: 6.578984e-05 
(FlareFreq3) Third value of flare frequency range [/sec]: 5.119401e-05 
(FlareFreq4) Fourth value of flare frequency range [/sec]: 3.983635e-05 
(FlareFreqMin) Frequency of the flares with the lowest energy [/sec]: 8.454705e-05 
(FlareFreqMid) Frequency of the flares with the middle energy in the energy range [/sec]: 6.881799e-06 
(FlareFreqMax) Frequency of the flares with the highest energy [/sec]: 5.601515e-07 
(FlareEnergy1) First value of flare energy range [kg*m^2/sec^2]: 5.334000e+23 
(FlareEnergy2) Second value of flare energy range [kg*m^2/sec^2]: 6.715108e+23 
(FlareEnergy3) Third value of flare energy range [kg*m^2/sec^2]: 8.453820e+23 
(FlareEnergy4) Fourth value of flare energy range [kg*m^2/sec^2]: 1.064273e+24 
(FlareEnergyMin) Minimum flare energy [kg*m^2/sec^2]: 5.334000e+23 
(FlareEnergyMid) Middle flare energy in the range of energy values [kg*m^2/sec^2]: 5.334000e+24 
(FlareEnergyMax) Maximum flare energy [kg*m^2/sec^2]: 5.334000e+25 
(FlareYIntOUT) Instantaneous Davenport FFD y-intercept at current age and mass []: 34.337556 
(FlareSlopeOUT) Instantaneous Davenport FFD slope at current age and mass []: -1.089396 

Output Order: Time[year] Luminosity[LSUN] LXUVStellar[LSUN] LXUVFlare[LSUN] LXUVTot[LSUN]
Grid Output Order:

----- BODY: b ----
Active Modules: AtmEsc
Module Bit Sum: 9
Color: 000000
(Mass) Mass [kg]: 9.695647e+24 
(Radius) Radius [m]: 7.048247e+06 
(RadGyra) Radius of Gyration/Moment of Inertia Constant []: 0.500000 
(BodyType) Type of Body (0 == planet) []: 0.000000 
(Density) Average Density [kg/m^3]: 6610.659212 
(HZLimitDryRunaway) Semi-major axis of Dry Runaway HZ Limit [m]: 9.142100e+09 
(HZLimRecVenus) Recent Venus HZ Limit [m]: 8.183915e+09 
(HZLimRunaway) Runaway Greenhouse HZ Limit [m]: 1.079716e+10 
(HZLimMoistGreenhouse) Moist Greenhouse HZ Limit [m]: 1.082866e+10 
(HZLimMaxGreenhouse) Maximum Greenhouse HZ Limit [m]: 2.054962e+10 
(HZLimEarlyMars) Early Mars HZ Limit [m]: 2.241164e+10 
(Instellation) Orbit-averaged INcident STELLar radiATION [kg/sec^3]: 2.504134e+04 
(MeanMotion) Orbital Mean Motion [/sec]: 4.464380e-05 
(OrbPeriod) Orbital Period [sec]: 1.407404e+05 
(SemiMajorAxis) Semi-major Axis [m]: 2.353792e+09 
(LXUVTot) Total XUV Luminosity [kg/sec^3]: -1.000000 
(EscapeVelocity) Escape Velocity [m/sec]: 1.355080e+04 
----- ATMESC PARAMETERS (b)------
(SurfWaterMass) Surface water mass [kg]: 0.000000 
(EnvelopeMass) Envelope mass [kg]: 0.000000 
(OxygenMass) Oxygen mass in the atmosphere [kg]: 0.000000 
(RGLimit) Runaway greenhouse semi-major axis [m]: 1.035406e+10 
(XO) Atomic oxygen mixing ratio in upper atmosphere []: 0.000000 
(EtaO) Oxygen eta parameter (Luger and Barnes 2015) []: 0.000000 
(PlanetRadius) Planet radius [m]: 7.048247e+06 
(OxygenMantleMass) Mass of oxygen in mantle [kg]: 0.000000 
(RadXUV) XUV radius separating hydro. dyn. escape and equilibrium [m]: -1.000000 
(RadSolid) Radius to the solid surface [m]: -1.000000 
(PresXUV) Pressure at base of thermosphere [(null)]: 5.000000 
(ScaleHeight) Scale height in Lehmer & Catling (2016) model [m]: -1.000000 
(ThermTemp) Isothermal atmospheric temperature [K]: 400.000000 
(AtmGasConst) Atmospheric gas constant [(null)]: 4124.000000 
(PresSurf) Surface pressure due to atmosphere [Pa]: -1.000000 
(DEnvMassDt) Envelope Mass Loss Rate [kg/s]: 0.000000 
(FXUV) XUV flux [W/m^2]: 4.661739 
(AtmXAbsEffH2O) XUV atmospheric escape efficiency for H2O []: 0.300000 
(RocheRadius) Roche Lobe Radius [m]: 4.765584e+07 
(BondiRadius) Bondi Radius [m]: 5.972595e+08 
(HEscapeRegime) Integer flag for H envelope escape regime []: 8.000000 
(RRCriticalFlux) Critical XUV Flux that separates RR and energy-limited escape [W/m^2]: 63.780448 
(CrossoverMass) Crossover mass, defines oxygen is escaping if mc > mo [kg]: 0.000000 
(WaterEscapeRegime) What water escape regime the code is currently in []: 8.000000 
(FXUVCRITDRAG) Critical Drag XUV flux [W/m^2]: 0.520221 
(HREFFLUX) The Hydrogen Reference Flux (m^-2 s^-1) [m^-2 s^-1]: 2.940993e+18 
(XO2) Molecular oxygen mixing ratio in atmosphere []: 0.000000 
(XH2O) Water mixing ratio in upper atmosphere []: 0.000000 
(HDiffFlux) The Hydrogen Diffusion Flux (m^-2 s^-1) [m^-2 s^-1]: 2.522333e+17 
(HRefODragMod) Multiply by H ref flux to get flux with drag []: 1.000000 
(KTide) Mass loss enhancement due to stellar gravity []: 0.779769 
(CumulativeXUVFlux) Cumulative XUV flux [W/m^2]: 1.796658e+18 
(RunawayGreenhouseFlux) Incident flux that triggers runaway greenhouse [kg/sec^3]: 1294.076215 
(RGDuration) Runaway Greenhouse Duration [years]: 0.00000e+00

Output Order: Time[year] CumulativeXUVFlux[W/m^2]
Grid Output Order:
