-------- Log file gj1132.log -------

Executable: /home/vplanet/.local/bin/vplanet
Version: Unknown
System Name: gj1132
Primary Input File: vpl.in
Body File #1: star.in
Body File #2: b.in
Allow files to be overwitten: Yes
Mass Units: Grams
Length Units: Meters
Time Units: Seconds
Angle Units: Radians

------- FORMATTING -----
Verbosity Level: 5
Crossover Decade for Scientific Notation: 4
Number of Digits After Decimal: 6
Integration Method: Runge-Kutta4
Direction: Forward
Time Step: 3.155760e+07
Stop Time: 2.180075e+17
Output Interval: 3.155760e+13
Use Variable Timestep: Yes
dEta: 0.010000
Minimum Value of ecc and obl: 1.000000e-10


---- INITIAL SYSTEM PROPERTIES ----
(Age) System Age [sec]: 2.006358e+14 
(Time) Simulation Time [sec]: 0.000000 
(TotAngMom) Total Angular Momentum [kg*m^2/sec]: 1.275145e+42 
(TotEnergy) Total System Energy [kg*m^2/sec^2]: -1.230516e+40 
(PotEnergy) Body's non-orbital Potential Energy [kg*m^2/sec^2]: -1.235138e+40 
(KinEnergy) Body's non-orbital Kinetic Energy [kg*m^2/sec^2]: 4.627869e+37 
(DeltaTime) Average Timestep Over Last Output Interval [sec]: 0.000000 

----- BODY: star ----
Active Modules: FLARE STELLAR
Module Bit Sum: 577
Color: 000000
(Mass) Mass [kg]: 3.805266e+29 
(Radius) Radius [m]: 4.694726e+08 
(RadGyra) Radius of Gyration/Moment of Inertia Constant []: 0.456811 
(RotAngMom) Rotational Angular Momentum [kg*m^2/sec]: 1.272755e+42 
(RotVel) Rotational Velocity [m/sec]: 3.414101e+04 
(BodyType) Type of Body (0 == planet) []: 0.000000 
(RotRate) Rotational Frequency [/sec]: 7.272205e-05 
(RotPer) Rotational Period [sec]: 8.640000e+04 
(Density) Average Density [kg/m^3]: 877.941582 
(HZLimitDryRunaway) Semi-major axis of Dry Runaway HZ Limit [m]: 2.833963e+10 
(HZLimRecVenus) Recent Venus HZ Limit [m]: 2.538964e+10 
(HZLimRunaway) Runaway Greenhouse HZ Limit [m]: 3.348478e+10 
(HZLimMoistGreenhouse) Moist Greenhouse HZ Limit [m]: 3.359467e+10 
(HZLimMaxGreenhouse) Maximum Greenhouse HZ Limit [m]: 6.385118e+10 
(HZLimEarlyMars) Early Mars HZ Limit [m]: 6.963662e+10 
(Instellation) Orbit-averaged INcident STELLar radiATION [kg/sec^3]: -1.000000 
(CriticalSemiMajorAxis) Holman & Wiegert (1999) P-type Critical Semi-major Axis [m]: -1.000000 
(LXUVTot) Total XUV Luminosity [LSUN]: 0.000192 
(LostEnergy) Body's Total Lost Energy [kg*m^2/sec^2]: 5.562685e-309 
(LostAngMom) Lost Angular Momentum due to Magnetic Braking [kg*m^2/sec]: 5.562685e-309 
(EscapeVelocity) Escape Velocity [m/sec]: 3.289308e+05 
----- STELLAR PARAMETERS (star)------
(Luminosity) Luminosity [LSUN]: 0.043561 
(LXUVStellar) Base X-ray/XUV Luminosity [LSUN]: 0.000182 
(Temperature) Effective Temperature [K]: 3208.675762 
(LXUVFrac) Fraction of luminosity in XUV []: 0.004170 
(RossbyNumber) Rossby Number []: 0.016460 
(DRotPerDtStellar) Time Rate of Change of Rotation Period in STELLAR []: -5.594166e-11 
(WindTorque) Stellar Wind Torque []: 3.030728e+27 
----- FLARE PARAMETERS (star)------
(LXUVFlare) XUV Luminosity from flares [LSUN]: 1.033966e-05 
(FlareFreq1) First value of flare frequency range [/sec]: 1.765317e-06 
(FlareFreq2) Second value of flare frequency range [/sec]: 1.414789e-06 
(FlareFreq3) Third value of flare frequency range [/sec]: 1.133864e-06 
(FlareFreq4) Fourth value of flare frequency range [/sec]: 9.087196e-07 
(FlareFreqMin) Frequency of the flares with the lowest energy [/sec]: 1.765317e-06 
(FlareFreqMid) Frequency of the flares with the middle energy in the energy range [/sec]: 1.929805e-07 
(FlareFreqMax) Frequency of the flares with the highest energy [/sec]: 2.109620e-08 
(FlareEnergy1) First value of flare energy range [kg*m^2/sec^2]: 5.334000e+25 
(FlareEnergy2) Second value of flare energy range [kg*m^2/sec^2]: 7.534475e+25 
(FlareEnergy3) Third value of flare energy range [kg*m^2/sec^2]: 1.064273e+26 
(FlareEnergy4) Fourth value of flare energy range [kg*m^2/sec^2]: 1.503325e+26 
(FlareEnergyMin) Minimum flare energy [kg*m^2/sec^2]: 5.334000e+25 
(FlareEnergyMid) Middle flare energy in the range of energy values [kg*m^2/sec^2]: 1.686759e+27 
(FlareEnergyMax) Maximum flare energy [kg*m^2/sec^2]: 5.334000e+28 
(FlareYIntOUT) Instantaneous Davenport FFD y-intercept at current age and mass []: 20.157215 
(FlareSlopeOUT) Instantaneous Davenport FFD slope at current age and mass []: -0.640873 

Output Order: Time[year] Luminosity[LSUN] LXUVStellar[LSUN] LXUVFlare[LSUN] LXUVTot[LSUN]
Grid Output Order:

----- BODY: b ----
Active Modules: AtmEsc
Module Bit Sum: 9
Color: 000000
(Mass) Mass [kg]: 9.809352e+24 
(Radius) Radius [m]: 7.350864e+06 
(RadGyra) Radius of Gyration/Moment of Inertia Constant []: 0.500000 
(BodyType) Type of Body (0 == planet) []: 0.000000 
(Density) Average Density [kg/m^3]: 5895.716216 
(HZLimitDryRunaway) Semi-major axis of Dry Runaway HZ Limit [m]: 2.833980e+10 
(HZLimRecVenus) Recent Venus HZ Limit [m]: 2.538964e+10 
(HZLimRunaway) Runaway Greenhouse HZ Limit [m]: 3.348478e+10 
(HZLimMoistGreenhouse) Moist Greenhouse HZ Limit [m]: 3.359467e+10 
(HZLimMaxGreenhouse) Maximum Greenhouse HZ Limit [m]: 6.385118e+10 
(HZLimEarlyMars) Early Mars HZ Limit [m]: 6.963662e+10 
(Instellation) Orbit-averaged INcident STELLar radiATION [kg/sec^3]: 2.443758e+05 
(MeanMotion) Orbital Mean Motion [/sec]: 4.464469e-05 
(OrbPeriod) Orbital Period [sec]: 1.407376e+05 
(SemiMajorAxis) Semi-major Axis [m]: 2.335718e+09 
(LXUVTot) Total XUV Luminosity [kg/sec^3]: -1.000000 
(EscapeVelocity) Escape Velocity [m/sec]: 1.334652e+04 
----- ATMESC PARAMETERS (b)------
(SurfWaterMass) Surface water mass [kg]: 0.000000 
(EnvelopeMass) Envelope mass [kg]: 0.000000 
(OxygenMass) Oxygen mass in the atmosphere [kg]: 0.000000 
(RGLimit) Runaway greenhouse semi-major axis [m]: 3.210159e+10 
(XO) Atomic oxygen mixing ratio in upper atmosphere []: 0.000000 
(EtaO) Oxygen eta parameter (Luger and Barnes 2015) []: 0.000000 
(PlanetRadius) Planet radius [m]: 7.350864e+06 
(OxygenMantleMass) Mass of oxygen in mantle [kg]: 0.000000 
(RadXUV) XUV radius separating hydro. dyn. escape and equilibrium [m]: -1.000000 
(RadSolid) Radius to the solid surface [m]: -1.000000 
(PresXUV) Pressure at base of thermosphere [(null)]: 5.000000 
(ScaleHeight) Scale height in Lehmer & Catling (2016) model [m]: -1.000000 
(ThermTemp) Isothermal atmospheric temperature [K]: 400.000000 
(AtmGasConst) Atmospheric gas constant [(null)]: 4124.000000 
(PresSurf) Surface pressure due to atmosphere [Pa]: -1.000000 
(DEnvMassDt) Envelope Mass Loss Rate [kg/s]: 0.000000 
(FXUV) XUV flux [W/m^2]: 1076.962497 
(AtmXAbsEffH2O) XUV atmospheric escape efficiency for H2O []: 0.300000 
(RocheRadius) Roche Lobe Radius [m]: 4.784079e+07 
(BondiRadius) Bondi Radius [m]: 3.446035e+08 
(HEscapeRegime) Integer flag for H envelope escape regime []: 8.000000 
(RRCriticalFlux) Critical XUV Flux that separates RR and energy-limited escape [W/m^2]: 56.311442 
(CrossoverMass) Crossover mass, defines oxygen is escaping if mc > mo [kg]: 0.000000 
(WaterEscapeRegime) What water escape regime the code is currently in []: 8.000000 
(FXUVCRITDRAG) Critical Drag XUV flux [W/m^2]: 0.469400 
(HREFFLUX) The Hydrogen Reference Flux (m^-2 s^-1) [m^-2 s^-1]: 7.080492e+20 
(XO2) Molecular oxygen mixing ratio in atmosphere []: 0.000000 
(XH2O) Water mixing ratio in upper atmosphere []: 0.000000 
(HDiffFlux) The Hydrogen Diffusion Flux (m^-2 s^-1) [m^-2 s^-1]: 2.346126e+17 
(HRefODragMod) Multiply by H ref flux to get flux with drag []: 1.000000 
(KTide) Mass loss enhancement due to stellar gravity []: 0.771335 
(CumulativeXUVFlux) Cumulative XUV flux [W/m^2]: 0.000000 
(RunawayGreenhouseFlux) Incident flux that triggers runaway greenhouse [kg/sec^3]: 1293.721246 
(RGDuration) Runaway Greenhouse Duration [years]: 0.00000e+00

Output Order: Time[year] CumulativeXUVFlux[W/m^2]
Grid Output Order:



---- FINAL SYSTEM PROPERTIES ----
(Age) System Age [sec]: 2.182088e+17 
(Time) Simulation Time [sec]: 2.180082e+17 
(TotAngMom) Total Angular Momentum [kg*m^2/sec]: 1.269346e+42 
(TotEnergy) Total System Energy [kg*m^2/sec^2]: -1.233576e+40 
(PotEnergy) Body's non-orbital Potential Energy [kg*m^2/sec^2]: -4.040061e+40 
(KinEnergy) Body's non-orbital Kinetic Energy [kg*m^2/sec^2]: 6.168611e+32 
(DeltaTime) Average Timestep Over Last Output Interval [sec]: 3.506400e+12 

----- BODY: star ----
Active Modules: FLARE STELLAR
Module Bit Sum: 577
Color: 000000
(Mass) Mass [kg]: 3.805266e+29 
(Radius) Radius [m]: 1.435284e+08 
(RadGyra) Radius of Gyration/Moment of Inertia Constant []: 0.460481 
(RotAngMom) Rotational Angular Momentum [kg*m^2/sec]: 1.432026e+39 
(RotVel) Rotational Velocity [m/sec]: 123.652920 
(BodyType) Type of Body (0 == planet) []: 0.000000 
(RotRate) Rotational Frequency [/sec]: 8.615222e-07 
(RotPer) Rotational Period [sec]: 7.293121e+06 
(Density) Average Density [kg/m^3]: 3.072435e+04 
(HZLimitDryRunaway) Semi-major axis of Dry Runaway HZ Limit [m]: 8.849635e+09 
(HZLimRecVenus) Recent Venus HZ Limit [m]: 7.924127e+09 
(HZLimRunaway) Runaway Greenhouse HZ Limit [m]: 1.045326e+10 
(HZLimMoistGreenhouse) Moist Greenhouse HZ Limit [m]: 1.048492e+10 
(HZLimMaxGreenhouse) Maximum Greenhouse HZ Limit [m]: 1.990667e+10 
(HZLimEarlyMars) Early Mars HZ Limit [m]: 2.171042e+10 
(Instellation) Orbit-averaged INcident STELLar radiATION [kg/sec^3]: -1.000000 
(CriticalSemiMajorAxis) Holman & Wiegert (1999) P-type Critical Semi-major Axis [m]: -1.000000 
(LXUVTot) Total XUV Luminosity [LSUN]: 1.282716e-06 
(LostEnergy) Body's Total Lost Energy [kg*m^2/sec^2]: 2.806489e+40 
(LostAngMom) Lost Angular Momentum due to Magnetic Braking [kg*m^2/sec]: 1.265525e+42 
(EscapeVelocity) Escape Velocity [m/sec]: 5.948956e+05 
----- STELLAR PARAMETERS (star)------
(Luminosity) Luminosity [LSUN]: 0.004248 
(LXUVStellar) Base X-ray/XUV Luminosity [LSUN]: 9.289161e-07 
(Temperature) Effective Temperature [K]: 3236.775449 
(LXUVFrac) Fraction of luminosity in XUV []: 0.000219 
(RossbyNumber) Rossby Number []: 1.409557 
(DRotPerDtStellar) Time Rate of Change of Rotation Period in STELLAR []: 2.361419e-11 
(WindTorque) Stellar Wind Torque []: 3.243458e+21 
----- FLARE PARAMETERS (star)------
(LXUVFlare) XUV Luminosity from flares [LSUN]: 3.537986e-07 
(FlareFreq1) First value of flare frequency range [/sec]: 5.626102e-07 
(FlareFreq2) Second value of flare frequency range [/sec]: 3.861618e-07 
(FlareFreq3) Third value of flare frequency range [/sec]: 2.650519e-07 
(FlareFreq4) Fourth value of flare frequency range [/sec]: 1.819251e-07 
(FlareFreqMin) Frequency of the flares with the lowest energy [/sec]: 5.626102e-07 
(FlareFreqMid) Frequency of the flares with the middle energy in the energy range [/sec]: 1.305642e-08 
(FlareFreqMax) Frequency of the flares with the highest energy [/sec]: 3.029988e-10 
(FlareEnergy1) First value of flare energy range [kg*m^2/sec^2]: 5.334000e+25 
(FlareEnergy2) Second value of flare energy range [kg*m^2/sec^2]: 7.534475e+25 
(FlareEnergy3) Third value of flare energy range [kg*m^2/sec^2]: 1.064273e+26 
(FlareEnergy4) Fourth value of flare energy range [kg*m^2/sec^2]: 1.503325e+26 
(FlareEnergyMin) Minimum flare energy [kg*m^2/sec^2]: 5.334000e+25 
(FlareEnergyMid) Middle flare energy in the range of energy values [kg*m^2/sec^2]: 1.686759e+27 
(FlareEnergyMax) Maximum flare energy [kg*m^2/sec^2]: 5.334000e+28 
(FlareYIntOUT) Instantaneous Davenport FFD y-intercept at current age and mass []: 34.345756 
(FlareSlopeOUT) Instantaneous Davenport FFD slope at current age and mass []: -1.089589 

Output Order: Time[year] Luminosity[LSUN] LXUVStellar[LSUN] LXUVFlare[LSUN] LXUVTot[LSUN]
Grid Output Order:

----- BODY: b ----
Active Modules: AtmEsc
Module Bit Sum: 9
Color: 000000
(Mass) Mass [kg]: 9.809352e+24 
(Radius) Radius [m]: 7.350864e+06 
(RadGyra) Radius of Gyration/Moment of Inertia Constant []: 0.500000 
(BodyType) Type of Body (0 == planet) []: 0.000000 
(Density) Average Density [kg/m^3]: 5895.716216 
(HZLimitDryRunaway) Semi-major axis of Dry Runaway HZ Limit [m]: 8.849688e+09 
(HZLimRecVenus) Recent Venus HZ Limit [m]: 7.924127e+09 
(HZLimRunaway) Runaway Greenhouse HZ Limit [m]: 1.045326e+10 
(HZLimMoistGreenhouse) Moist Greenhouse HZ Limit [m]: 1.048492e+10 
(HZLimMaxGreenhouse) Maximum Greenhouse HZ Limit [m]: 1.990667e+10 
(HZLimEarlyMars) Early Mars HZ Limit [m]: 2.171042e+10 
(Instellation) Orbit-averaged INcident STELLar radiATION [kg/sec^3]: 2.382981e+04 
(MeanMotion) Orbital Mean Motion [/sec]: 4.464469e-05 
(OrbPeriod) Orbital Period [sec]: 1.407376e+05 
(SemiMajorAxis) Semi-major Axis [m]: 2.335718e+09 
(LXUVTot) Total XUV Luminosity [kg/sec^3]: -1.000000 
(EscapeVelocity) Escape Velocity [m/sec]: 1.334652e+04 
----- ATMESC PARAMETERS (b)------
(SurfWaterMass) Surface water mass [kg]: 0.000000 
(EnvelopeMass) Envelope mass [kg]: 0.000000 
(OxygenMass) Oxygen mass in the atmosphere [kg]: 0.000000 
(RGLimit) Runaway greenhouse semi-major axis [m]: 1.002156e+10 
(XO) Atomic oxygen mixing ratio in upper atmosphere []: 0.000000 
(EtaO) Oxygen eta parameter (Luger and Barnes 2015) []: 0.000000 
(PlanetRadius) Planet radius [m]: 7.350864e+06 
(OxygenMantleMass) Mass of oxygen in mantle [kg]: 0.000000 
(RadXUV) XUV radius separating hydro. dyn. escape and equilibrium [m]: -1.000000 
(RadSolid) Radius to the solid surface [m]: -1.000000 
(PresXUV) Pressure at base of thermosphere [(null)]: 5.000000 
(ScaleHeight) Scale height in Lehmer & Catling (2016) model [m]: -1.000000 
(ThermTemp) Isothermal atmospheric temperature [K]: 400.000000 
(AtmGasConst) Atmospheric gas constant [(null)]: 4124.000000 
(PresSurf) Surface pressure due to atmosphere [Pa]: -1.000000 
(DEnvMassDt) Envelope Mass Loss Rate [kg/s]: 0.000000 
(FXUV) XUV flux [W/m^2]: 7.196008 
(AtmXAbsEffH2O) XUV atmospheric escape efficiency for H2O []: 0.300000 
(RocheRadius) Roche Lobe Radius [m]: 4.784079e+07 
(BondiRadius) Bondi Radius [m]: 6.178301e+08 
(HEscapeRegime) Integer flag for H envelope escape regime []: 8.000000 
(RRCriticalFlux) Critical XUV Flux that separates RR and energy-limited escape [W/m^2]: 56.311442 
(CrossoverMass) Crossover mass, defines oxygen is escaping if mc > mo [kg]: 0.000000 
(WaterEscapeRegime) What water escape regime the code is currently in []: 8.000000 
(FXUVCRITDRAG) Critical Drag XUV flux [W/m^2]: 0.469400 
(HREFFLUX) The Hydrogen Reference Flux (m^-2 s^-1) [m^-2 s^-1]: 4.731017e+18 
(XO2) Molecular oxygen mixing ratio in atmosphere []: 0.000000 
(XH2O) Water mixing ratio in upper atmosphere []: 0.000000 
(HDiffFlux) The Hydrogen Diffusion Flux (m^-2 s^-1) [m^-2 s^-1]: 2.346126e+17 
(HRefODragMod) Multiply by H ref flux to get flux with drag []: 1.000000 
(KTide) Mass loss enhancement due to stellar gravity []: 0.771335 
(CumulativeXUVFlux) Cumulative XUV flux [W/m^2]: 7.872082e+18 
(RunawayGreenhouseFlux) Incident flux that triggers runaway greenhouse [kg/sec^3]: 1294.450031 
(RGDuration) Runaway Greenhouse Duration [years]: 0.00000e+00

Output Order: Time[year] CumulativeXUVFlux[W/m^2]
Grid Output Order:
