-------- Log file gj1132.log -------

Executable: /home/vplanet/.local/bin/vplanet
Version: Unknown
System Name: gj1132
Primary Input File: vpl.in
Body File #1: star.in
Body File #2: b.in
Allow files to be overwitten: Yes
Mass Units: Grams
Length Units: Meters
Time Units: Seconds
Angle Units: Radians

------- FORMATTING -----
Verbosity Level: 5
Crossover Decade for Scientific Notation: 4
Number of Digits After Decimal: 6
Integration Method: Runge-Kutta4
Direction: Forward
Time Step: 3.155760e+07
Stop Time: 2.607612e+17
Output Interval: 3.155760e+13
Use Variable Timestep: Yes
dEta: 0.010000
Minimum Value of ecc and obl: 1.000000e-10


---- INITIAL SYSTEM PROPERTIES ----
(Age) System Age [sec]: 1.954514e+14 
(Time) Simulation Time [sec]: 0.000000 
(TotAngMom) Total Angular Momentum [kg*m^2/sec]: 1.424462e+42 
(TotEnergy) Total System Energy [kg*m^2/sec^2]: -1.288347e+40 
(PotEnergy) Body's non-orbital Potential Energy [kg*m^2/sec^2]: -1.293512e+40 
(KinEnergy) Body's non-orbital Kinetic Energy [kg*m^2/sec^2]: 5.170458e+37 
(DeltaTime) Average Timestep Over Last Output Interval [sec]: 0.000000 

----- BODY: star ----
Active Modules: FLARE STELLAR
Module Bit Sum: 577
Color: 000000
(Mass) Mass [kg]: 3.964115e+29 
(Radius) Radius [m]: 4.864942e+08 
(RadGyra) Radius of Gyration/Moment of Inertia Constant []: 0.456523 
(RotAngMom) Rotational Angular Momentum [kg*m^2/sec]: 1.421978e+42 
(RotVel) Rotational Velocity [m/sec]: 3.537885e+04 
(BodyType) Type of Body (0 == planet) []: 0.000000 
(RotRate) Rotational Frequency [/sec]: 7.272205e-05 
(RotPer) Rotational Period [sec]: 8.640000e+04 
(Density) Average Density [kg/m^3]: 821.910977 
(HZLimitDryRunaway) Semi-major axis of Dry Runaway HZ Limit [m]: 2.963459e+10 
(HZLimRecVenus) Recent Venus HZ Limit [m]: 2.654093e+10 
(HZLimRunaway) Runaway Greenhouse HZ Limit [m]: 3.500857e+10 
(HZLimMoistGreenhouse) Moist Greenhouse HZ Limit [m]: 3.511802e+10 
(HZLimMaxGreenhouse) Maximum Greenhouse HZ Limit [m]: 6.670252e+10 
(HZLimEarlyMars) Early Mars HZ Limit [m]: 7.274639e+10 
(Instellation) Orbit-averaged INcident STELLar radiATION [kg/sec^3]: -1.000000 
(CriticalSemiMajorAxis) Holman & Wiegert (1999) P-type Critical Semi-major Axis [m]: -1.000000 
(LXUVTot) Total XUV Luminosity [LSUN]: 2.784224e-05 
(LostEnergy) Body's Total Lost Energy [kg*m^2/sec^2]: 5.562685e-309 
(LostAngMom) Lost Angular Momentum due to Magnetic Braking [kg*m^2/sec]: 5.562685e-309 
(EscapeVelocity) Escape Velocity [m/sec]: 3.298007e+05 
----- STELLAR PARAMETERS (star)------
(Luminosity) Luminosity [LSUN]: 0.047633 
(LXUVStellar) Base X-ray/XUV Luminosity [LSUN]: 2.705379e-05 
(Temperature) Effective Temperature [K]: 3225.983626 
(LXUVFrac) Fraction of luminosity in XUV []: 0.000568 
(RossbyNumber) Rossby Number []: 0.016607 
(DRotPerDtStellar) Time Rate of Change of Rotation Period in STELLAR []: -1.164488e-10 
(WindTorque) Stellar Wind Torque []: 3.566142e+27 
----- FLARE PARAMETERS (star)------
(LXUVFlare) XUV Luminosity from flares [LSUN]: 7.884472e-07 
(FlareFreq1) First value of flare frequency range [/sec]: 3.282779e-05 
(FlareFreq2) Second value of flare frequency range [/sec]: 2.837853e-05 
(FlareFreq3) Third value of flare frequency range [/sec]: 2.453229e-05 
(FlareFreq4) Fourth value of flare frequency range [/sec]: 2.120735e-05 
(FlareFreqMin) Frequency of the flares with the lowest energy [/sec]: 3.282779e-05 
(FlareFreqMid) Frequency of the flares with the middle energy in the energy range [/sec]: 7.651098e-06 
(FlareFreqMax) Frequency of the flares with the highest energy [/sec]: 1.783224e-06 
(FlareEnergy1) First value of flare energy range [kg*m^2/sec^2]: 5.334000e+23 
(FlareEnergy2) Second value of flare energy range [kg*m^2/sec^2]: 6.715108e+23 
(FlareEnergy3) Third value of flare energy range [kg*m^2/sec^2]: 8.453820e+23 
(FlareEnergy4) Fourth value of flare energy range [kg*m^2/sec^2]: 1.064273e+24 
(FlareEnergyMin) Minimum flare energy [kg*m^2/sec^2]: 5.334000e+23 
(FlareEnergyMid) Middle flare energy in the range of energy values [kg*m^2/sec^2]: 5.334000e+24 
(FlareEnergyMax) Maximum flare energy [kg*m^2/sec^2]: 5.334000e+25 
(FlareYIntOUT) Instantaneous Davenport FFD y-intercept at current age and mass []: 19.888168 
(FlareSlopeOUT) Instantaneous Davenport FFD slope at current age and mass []: -0.632518 

Output Order: Time[year] Luminosity[LSUN] LXUVStellar[LSUN] LXUVFlare[LSUN] LXUVTot[LSUN]
Grid Output Order:

----- BODY: b ----
Active Modules: AtmEsc
Module Bit Sum: 9
Color: 000000
(Mass) Mass [kg]: 9.926188e+24 
(Radius) Radius [m]: 7.343831e+06 
(RadGyra) Radius of Gyration/Moment of Inertia Constant []: 0.500000 
(BodyType) Type of Body (0 == planet) []: 0.000000 
(Density) Average Density [kg/m^3]: 5983.094092 
(HZLimitDryRunaway) Semi-major axis of Dry Runaway HZ Limit [m]: 2.963552e+10 
(HZLimRecVenus) Recent Venus HZ Limit [m]: 2.654093e+10 
(HZLimRunaway) Runaway Greenhouse HZ Limit [m]: 3.500857e+10 
(HZLimMoistGreenhouse) Moist Greenhouse HZ Limit [m]: 3.511802e+10 
(HZLimMaxGreenhouse) Maximum Greenhouse HZ Limit [m]: 6.670252e+10 
(HZLimEarlyMars) Early Mars HZ Limit [m]: 7.274639e+10 
(Instellation) Orbit-averaged INcident STELLar radiATION [kg/sec^3]: 2.600407e+05 
(MeanMotion) Orbital Mean Motion [/sec]: 4.464491e-05 
(OrbPeriod) Orbital Period [sec]: 1.407369e+05 
(SemiMajorAxis) Semi-major Axis [m]: 2.367768e+09 
(LXUVTot) Total XUV Luminosity [kg/sec^3]: -1.000000 
(EscapeVelocity) Escape Velocity [m/sec]: 1.343220e+04 
----- ATMESC PARAMETERS (b)------
(SurfWaterMass) Surface water mass [kg]: 0.000000 
(EnvelopeMass) Envelope mass [kg]: 0.000000 
(OxygenMass) Oxygen mass in the atmosphere [kg]: 0.000000 
(RGLimit) Runaway greenhouse semi-major axis [m]: 3.355306e+10 
(XO) Atomic oxygen mixing ratio in upper atmosphere []: 0.000000 
(EtaO) Oxygen eta parameter (Luger and Barnes 2015) []: 0.000000 
(PlanetRadius) Planet radius [m]: 7.343831e+06 
(OxygenMantleMass) Mass of oxygen in mantle [kg]: 0.000000 
(RadXUV) XUV radius separating hydro. dyn. escape and equilibrium [m]: -1.000000 
(RadSolid) Radius to the solid surface [m]: -1.000000 
(PresXUV) Pressure at base of thermosphere [(null)]: 5.000000 
(ScaleHeight) Scale height in Lehmer & Catling (2016) model [m]: -1.000000 
(ThermTemp) Isothermal atmospheric temperature [K]: 400.000000 
(AtmGasConst) Atmospheric gas constant [(null)]: 4124.000000 
(PresSurf) Surface pressure due to atmosphere [Pa]: -1.000000 
(DEnvMassDt) Envelope Mass Loss Rate [kg/s]: 0.000000 
(FXUV) XUV flux [W/m^2]: 151.998318 
(AtmXAbsEffH2O) XUV atmospheric escape efficiency for H2O []: 0.300000 
(RocheRadius) Roche Lobe Radius [m]: 4.802981e+07 
(BondiRadius) Bondi Radius [m]: 3.384016e+08 
(HEscapeRegime) Integer flag for H envelope escape regime []: 8.000000 
(RRCriticalFlux) Critical XUV Flux that separates RR and energy-limited escape [W/m^2]: 57.991737 
(CrossoverMass) Crossover mass, defines oxygen is escaping if mc > mo [kg]: 0.000000 
(WaterEscapeRegime) What water escape regime the code is currently in []: 8.000000 
(FXUVCRITDRAG) Critical Drag XUV flux [W/m^2]: 0.482030 
(HREFFLUX) The Hydrogen Reference Flux (m^-2 s^-1) [m^-2 s^-1]: 9.852008e+19 
(XO2) Molecular oxygen mixing ratio in atmosphere []: 0.000000 
(XH2O) Water mixing ratio in upper atmosphere []: 0.000000 
(HDiffFlux) The Hydrogen Diffusion Flux (m^-2 s^-1) [m^-2 s^-1]: 2.378620e+17 
(HRefODragMod) Multiply by H ref flux to get flux with drag []: 1.000000 
(KTide) Mass loss enhancement due to stellar gravity []: 0.772435 
(CumulativeXUVFlux) Cumulative XUV flux [W/m^2]: 0.000000 
(RunawayGreenhouseFlux) Incident flux that triggers runaway greenhouse [kg/sec^3]: 1294.876296 
(RGDuration) Runaway Greenhouse Duration [years]: 0.00000e+00

Output Order: Time[year] CumulativeXUVFlux[W/m^2]
Grid Output Order:



---- FINAL SYSTEM PROPERTIES ----
(Age) System Age [sec]: 2.609875e+17 
(Time) Simulation Time [sec]: 2.607920e+17 
(TotAngMom) Total Angular Momentum [kg*m^2/sec]: 1.428914e+42 
(TotEnergy) Total System Energy [kg*m^2/sec^2]: -1.288553e+40 
(PotEnergy) Body's non-orbital Potential Energy [kg*m^2/sec^2]: -4.152074e+40 
(KinEnergy) Body's non-orbital Kinetic Energy [kg*m^2/sec^2]: 5.501468e+32 
(DeltaTime) Average Timestep Over Last Output Interval [sec]: 1.577880e+13 

----- BODY: star ----
Active Modules: FLARE STELLAR
Module Bit Sum: 577
Color: 000000
(Mass) Mass [kg]: 3.964115e+29 
(Radius) Radius [m]: 1.515595e+08 
(RadGyra) Radius of Gyration/Moment of Inertia Constant []: 0.460134 
(RotAngMom) Rotational Angular Momentum [kg*m^2/sec]: 1.456447e+39 
(RotVel) Rotational Velocity [m/sec]: 114.497817 
(BodyType) Type of Body (0 == planet) []: 0.000000 
(RotRate) Rotational Frequency [/sec]: 7.554645e-07 
(RotPer) Rotational Period [sec]: 8.316983e+06 
(Density) Average Density [kg/m^3]: 2.718368e+04 
(HZLimitDryRunaway) Semi-major axis of Dry Runaway HZ Limit [m]: 9.442201e+09 
(HZLimRecVenus) Recent Venus HZ Limit [m]: 8.450589e+09 
(HZLimRunaway) Runaway Greenhouse HZ Limit [m]: 1.115025e+10 
(HZLimMoistGreenhouse) Moist Greenhouse HZ Limit [m]: 1.118152e+10 
(HZLimMaxGreenhouse) Maximum Greenhouse HZ Limit [m]: 2.120902e+10 
(HZLimEarlyMars) Early Mars HZ Limit [m]: 2.313081e+10 
(Instellation) Orbit-averaged INcident STELLar radiATION [kg/sec^3]: -1.000000 
(CriticalSemiMajorAxis) Holman & Wiegert (1999) P-type Critical Semi-major Axis [m]: -1.000000 
(LXUVTot) Total XUV Luminosity [LSUN]: 8.599865e-07 
(LostEnergy) Body's Total Lost Energy [kg*m^2/sec^2]: 2.863526e+40 
(LostAngMom) Lost Angular Momentum due to Magnetic Braking [kg*m^2/sec]: 1.424973e+42 
(EscapeVelocity) Escape Velocity [m/sec]: 5.908793e+05 
----- STELLAR PARAMETERS (star)------
(Luminosity) Luminosity [LSUN]: 0.004836 
(LXUVStellar) Base X-ray/XUV Luminosity [LSUN]: 4.806468e-07 
(Temperature) Effective Temperature [K]: 3261.683321 
(LXUVFrac) Fraction of luminosity in XUV []: 9.939645e-05 
(RossbyNumber) Rossby Number []: 1.628079 
(DRotPerDtStellar) Time Rate of Change of Rotation Period in STELLAR []: 1.249351e-11 
(WindTorque) Stellar Wind Torque []: 2.187829e+21 
----- FLARE PARAMETERS (star)------
(LXUVFlare) XUV Luminosity from flares [LSUN]: 3.793362e-07 
(FlareFreq1) First value of flare frequency range [/sec]: 8.507901e-05 
(FlareFreq2) Second value of flare frequency range [/sec]: 6.612686e-05 
(FlareFreq3) Third value of flare frequency range [/sec]: 5.139648e-05 
(FlareFreq4) Fourth value of flare frequency range [/sec]: 3.994743e-05 
(FlareFreqMin) Frequency of the flares with the lowest energy [/sec]: 8.507901e-05 
(FlareFreqMid) Frequency of the flares with the middle energy in the energy range [/sec]: 6.845060e-06 
(FlareFreqMax) Frequency of the flares with the highest energy [/sec]: 5.507215e-07 
(FlareEnergy1) First value of flare energy range [kg*m^2/sec^2]: 5.334000e+23 
(FlareEnergy2) Second value of flare energy range [kg*m^2/sec^2]: 6.715108e+23 
(FlareEnergy3) Third value of flare energy range [kg*m^2/sec^2]: 8.453820e+23 
(FlareEnergy4) Fourth value of flare energy range [kg*m^2/sec^2]: 1.064273e+24 
(FlareEnergyMin) Minimum flare energy [kg*m^2/sec^2]: 5.334000e+23 
(FlareEnergyMid) Middle flare energy in the range of energy values [kg*m^2/sec^2]: 5.334000e+24 
(FlareEnergyMax) Maximum flare energy [kg*m^2/sec^2]: 5.334000e+25 
(FlareYIntOUT) Instantaneous Davenport FFD y-intercept at current age and mass []: 34.495412 
(FlareSlopeOUT) Instantaneous Davenport FFD slope at current age and mass []: -1.094445 

Output Order: Time[year] Luminosity[LSUN] LXUVStellar[LSUN] LXUVFlare[LSUN] LXUVTot[LSUN]
Grid Output Order:

----- BODY: b ----
Active Modules: AtmEsc
Module Bit Sum: 9
Color: 000000
(Mass) Mass [kg]: 9.926188e+24 
(Radius) Radius [m]: 7.343831e+06 
(RadGyra) Radius of Gyration/Moment of Inertia Constant []: 0.500000 
(BodyType) Type of Body (0 == planet) []: 0.000000 
(Density) Average Density [kg/m^3]: 5983.094092 
(HZLimitDryRunaway) Semi-major axis of Dry Runaway HZ Limit [m]: 9.442497e+09 
(HZLimRecVenus) Recent Venus HZ Limit [m]: 8.450589e+09 
(HZLimRunaway) Runaway Greenhouse HZ Limit [m]: 1.115025e+10 
(HZLimMoistGreenhouse) Moist Greenhouse HZ Limit [m]: 1.118152e+10 
(HZLimMaxGreenhouse) Maximum Greenhouse HZ Limit [m]: 2.120902e+10 
(HZLimEarlyMars) Early Mars HZ Limit [m]: 2.313081e+10 
(Instellation) Orbit-averaged INcident STELLar radiATION [kg/sec^3]: 2.639914e+04 
(MeanMotion) Orbital Mean Motion [/sec]: 4.464491e-05 
(OrbPeriod) Orbital Period [sec]: 1.407369e+05 
(SemiMajorAxis) Semi-major Axis [m]: 2.367768e+09 
(LXUVTot) Total XUV Luminosity [kg/sec^3]: -1.000000 
(EscapeVelocity) Escape Velocity [m/sec]: 1.343220e+04 
----- ATMESC PARAMETERS (b)------
(SurfWaterMass) Surface water mass [kg]: 0.000000 
(EnvelopeMass) Envelope mass [kg]: 0.000000 
(OxygenMass) Oxygen mass in the atmosphere [kg]: 0.000000 
(RGLimit) Runaway greenhouse semi-major axis [m]: 1.068685e+10 
(XO) Atomic oxygen mixing ratio in upper atmosphere []: 0.000000 
(EtaO) Oxygen eta parameter (Luger and Barnes 2015) []: 0.000000 
(PlanetRadius) Planet radius [m]: 7.343831e+06 
(OxygenMantleMass) Mass of oxygen in mantle [kg]: 0.000000 
(RadXUV) XUV radius separating hydro. dyn. escape and equilibrium [m]: -1.000000 
(RadSolid) Radius to the solid surface [m]: -1.000000 
(PresXUV) Pressure at base of thermosphere [(null)]: 5.000000 
(ScaleHeight) Scale height in Lehmer & Catling (2016) model [m]: -1.000000 
(ThermTemp) Isothermal atmospheric temperature [K]: 400.000000 
(AtmGasConst) Atmospheric gas constant [(null)]: 4124.000000 
(PresSurf) Surface pressure due to atmosphere [Pa]: -1.000000 
(DEnvMassDt) Envelope Mass Loss Rate [kg/s]: 0.000000 
(FXUV) XUV flux [W/m^2]: 4.694899 
(AtmXAbsEffH2O) XUV atmospheric escape efficiency for H2O []: 0.300000 
(RocheRadius) Roche Lobe Radius [m]: 4.802981e+07 
(BondiRadius) Bondi Radius [m]: 5.996530e+08 
(HEscapeRegime) Integer flag for H envelope escape regime []: 8.000000 
(RRCriticalFlux) Critical XUV Flux that separates RR and energy-limited escape [W/m^2]: 57.991737 
(CrossoverMass) Crossover mass, defines oxygen is escaping if mc > mo [kg]: 0.000000 
(WaterEscapeRegime) What water escape regime the code is currently in []: 8.000000 
(FXUVCRITDRAG) Critical Drag XUV flux [W/m^2]: 0.482030 
(HREFFLUX) The Hydrogen Reference Flux (m^-2 s^-1) [m^-2 s^-1]: 3.043072e+18 
(XO2) Molecular oxygen mixing ratio in atmosphere []: 0.000000 
(XH2O) Water mixing ratio in upper atmosphere []: 0.000000 
(HDiffFlux) The Hydrogen Diffusion Flux (m^-2 s^-1) [m^-2 s^-1]: 2.378620e+17 
(HRefODragMod) Multiply by H ref flux to get flux with drag []: 1.000000 
(KTide) Mass loss enhancement due to stellar gravity []: 0.772435 
(CumulativeXUVFlux) Cumulative XUV flux [W/m^2]: 2.767853e+18 
(RunawayGreenhouseFlux) Incident flux that triggers runaway greenhouse [kg/sec^3]: 1295.811314 
(RGDuration) Runaway Greenhouse Duration [years]: 0.00000e+00

Output Order: Time[year] CumulativeXUVFlux[W/m^2]
Grid Output Order:
