-------- Log file gj1132.log -------

Executable: /home/vplanet/.local/bin/vplanet
Version: Unknown
System Name: gj1132
Primary Input File: vpl.in
Body File #1: star.in
Body File #2: b.in
Allow files to be overwitten: Yes
Mass Units: Grams
Length Units: Meters
Time Units: Seconds
Angle Units: Radians

------- FORMATTING -----
Verbosity Level: 5
Crossover Decade for Scientific Notation: 4
Number of Digits After Decimal: 6
Integration Method: Runge-Kutta4
Direction: Forward
Time Step: 3.155760e+07
Stop Time: 2.345701e+17
Output Interval: 3.155760e+13
Use Variable Timestep: Yes
dEta: 0.010000
Minimum Value of ecc and obl: 1.000000e-10


---- INITIAL SYSTEM PROPERTIES ----
(Age) System Age [sec]: 1.505879e+14 
(Time) Simulation Time [sec]: 0.000000 
(TotAngMom) Total Angular Momentum [kg*m^2/sec]: 1.657780e+42 
(TotEnergy) Total System Energy [kg*m^2/sec^2]: -1.143037e+40 
(PotEnergy) Body's non-orbital Potential Energy [kg*m^2/sec^2]: -1.149051e+40 
(KinEnergy) Body's non-orbital Kinetic Energy [kg*m^2/sec^2]: 6.019292e+37 
(DeltaTime) Average Timestep Over Last Output Interval [sec]: 0.000000 

----- BODY: star ----
Active Modules: FLARE STELLAR
Module Bit Sum: 577
Color: 000000
(Mass) Mass [kg]: 3.900845e+29 
(Radius) Radius [m]: 5.303150e+08 
(RadGyra) Radius of Gyration/Moment of Inertia Constant []: 0.455521 
(RotAngMom) Rotational Angular Momentum [kg*m^2/sec]: 1.655424e+42 
(RotVel) Rotational Velocity [m/sec]: 3.856559e+04 
(BodyType) Type of Body (0 == planet) []: 0.000000 
(RotRate) Rotational Frequency [/sec]: 7.272205e-05 
(RotPer) Rotational Period [sec]: 8.640000e+04 
(Density) Average Density [kg/m^3]: 624.407943 
(HZLimitDryRunaway) Semi-major axis of Dry Runaway HZ Limit [m]: 3.189257e+10 
(HZLimRecVenus) Recent Venus HZ Limit [m]: 2.857521e+10 
(HZLimRunaway) Runaway Greenhouse HZ Limit [m]: 3.768451e+10 
(HZLimMoistGreenhouse) Moist Greenhouse HZ Limit [m]: 3.780970e+10 
(HZLimMaxGreenhouse) Maximum Greenhouse HZ Limit [m]: 7.187469e+10 
(HZLimEarlyMars) Early Mars HZ Limit [m]: 7.838711e+10 
(Instellation) Orbit-averaged INcident STELLar radiATION [kg/sec^3]: -1.000000 
(CriticalSemiMajorAxis) Holman & Wiegert (1999) P-type Critical Semi-major Axis [m]: -1.000000 
(LXUVTot) Total XUV Luminosity [LSUN]: 0.000239 
(LostEnergy) Body's Total Lost Energy [kg*m^2/sec^2]: 5.562685e-309 
(LostAngMom) Lost Angular Momentum due to Magnetic Braking [kg*m^2/sec]: 5.562685e-309 
(EscapeVelocity) Escape Velocity [m/sec]: 3.133499e+05 
----- STELLAR PARAMETERS (star)------
(Luminosity) Luminosity [LSUN]: 0.055168 
(LXUVStellar) Base X-ray/XUV Luminosity [LSUN]: 0.000227 
(Temperature) Effective Temperature [K]: 3204.188266 
(LXUVFrac) Fraction of luminosity in XUV []: 0.004108 
(RossbyNumber) Rossby Number []: 0.016422 
(DRotPerDtStellar) Time Rate of Change of Rotation Period in STELLAR []: -1.514870e-10 
(WindTorque) Stellar Wind Torque []: 5.709838e+27 
----- FLARE PARAMETERS (star)------
(LXUVFlare) XUV Luminosity from flares [LSUN]: 1.247500e-05 
(FlareFreq1) First value of flare frequency range [/sec]: 1.850567e-06 
(FlareFreq2) Second value of flare frequency range [/sec]: 1.495726e-06 
(FlareFreq3) Third value of flare frequency range [/sec]: 1.208925e-06 
(FlareFreq4) Fourth value of flare frequency range [/sec]: 9.771172e-07 
(FlareFreqMin) Frequency of the flares with the lowest energy [/sec]: 1.850567e-06 
(FlareFreqMid) Frequency of the flares with the middle energy in the energy range [/sec]: 2.201798e-07 
(FlareFreqMax) Frequency of the flares with the highest energy [/sec]: 2.619690e-08 
(FlareEnergy1) First value of flare energy range [kg*m^2/sec^2]: 5.334000e+25 
(FlareEnergy2) Second value of flare energy range [kg*m^2/sec^2]: 7.534475e+25 
(FlareEnergy3) Third value of flare energy range [kg*m^2/sec^2]: 1.064273e+26 
(FlareEnergy4) Fourth value of flare energy range [kg*m^2/sec^2]: 1.503325e+26 
(FlareEnergyMin) Minimum flare energy [kg*m^2/sec^2]: 5.334000e+25 
(FlareEnergyMid) Middle flare energy in the range of energy values [kg*m^2/sec^2]: 1.686759e+27 
(FlareEnergyMax) Maximum flare energy [kg*m^2/sec^2]: 5.334000e+28 
(FlareYIntOUT) Instantaneous Davenport FFD y-intercept at current age and mass []: 19.375192 
(FlareSlopeOUT) Instantaneous Davenport FFD slope at current age and mass []: -0.616352 

Output Order: Time[year] Luminosity[LSUN] LXUVStellar[LSUN] LXUVFlare[LSUN] LXUVTot[LSUN]
Grid Output Order:

----- BODY: b ----
Active Modules: AtmEsc
Module Bit Sum: 9
Color: 000000
(Mass) Mass [kg]: 9.513875e+24 
(Radius) Radius [m]: 7.304003e+06 
(RadGyra) Radius of Gyration/Moment of Inertia Constant []: 0.500000 
(BodyType) Type of Body (0 == planet) []: 0.000000 
(Density) Average Density [kg/m^3]: 5828.891610 
(HZLimitDryRunaway) Semi-major axis of Dry Runaway HZ Limit [m]: 3.189265e+10 
(HZLimRecVenus) Recent Venus HZ Limit [m]: 2.857521e+10 
(HZLimRunaway) Runaway Greenhouse HZ Limit [m]: 3.768451e+10 
(HZLimMoistGreenhouse) Moist Greenhouse HZ Limit [m]: 3.780970e+10 
(HZLimMaxGreenhouse) Maximum Greenhouse HZ Limit [m]: 7.187469e+10 
(HZLimEarlyMars) Early Mars HZ Limit [m]: 7.838711e+10 
(Instellation) Orbit-averaged INcident STELLar radiATION [kg/sec^3]: 3.044170e+05 
(MeanMotion) Orbital Mean Motion [/sec]: 4.464495e-05 
(OrbPeriod) Orbital Period [sec]: 1.407367e+05 
(SemiMajorAxis) Semi-major Axis [m]: 2.355102e+09 
(LXUVTot) Total XUV Luminosity [kg/sec^3]: -1.000000 
(EscapeVelocity) Escape Velocity [m/sec]: 1.318607e+04 
----- ATMESC PARAMETERS (b)------
(SurfWaterMass) Surface water mass [kg]: 0.000000 
(EnvelopeMass) Envelope mass [kg]: 0.000000 
(OxygenMass) Oxygen mass in the atmosphere [kg]: 0.000000 
(RGLimit) Runaway greenhouse semi-major axis [m]: 3.615338e+10 
(XO) Atomic oxygen mixing ratio in upper atmosphere []: 0.000000 
(EtaO) Oxygen eta parameter (Luger and Barnes 2015) []: 0.000000 
(PlanetRadius) Planet radius [m]: 7.304003e+06 
(OxygenMantleMass) Mass of oxygen in mantle [kg]: 0.000000 
(RadXUV) XUV radius separating hydro. dyn. escape and equilibrium [m]: -1.000000 
(RadSolid) Radius to the solid surface [m]: -1.000000 
(PresXUV) Pressure at base of thermosphere [(null)]: 5.000000 
(ScaleHeight) Scale height in Lehmer & Catling (2016) model [m]: -1.000000 
(ThermTemp) Isothermal atmospheric temperature [K]: 400.000000 
(AtmGasConst) Atmospheric gas constant [(null)]: 4124.000000 
(PresSurf) Surface pressure due to atmosphere [Pa]: -1.000000 
(DEnvMassDt) Envelope Mass Loss Rate [kg/s]: 0.000000 
(FXUV) XUV flux [W/m^2]: 1319.250747 
(AtmXAbsEffH2O) XUV atmospheric escape efficiency for H2O []: 0.300000 
(RocheRadius) Roche Lobe Radius [m]: 4.735533e+07 
(BondiRadius) Bondi Radius [m]: 3.136087e+08 
(HEscapeRegime) Integer flag for H envelope escape regime []: 8.000000 
(RRCriticalFlux) Critical XUV Flux that separates RR and energy-limited escape [W/m^2]: 53.876187 
(CrossoverMass) Crossover mass, defines oxygen is escaping if mc > mo [kg]: 0.000000 
(WaterEscapeRegime) What water escape regime the code is currently in []: 8.000000 
(FXUVCRITDRAG) Critical Drag XUV flux [W/m^2]: 0.450101 
(HREFFLUX) The Hydrogen Reference Flux (m^-2 s^-1) [m^-2 s^-1]: 8.895674e+20 
(XO2) Molecular oxygen mixing ratio in atmosphere []: 0.000000 
(XH2O) Water mixing ratio in upper atmosphere []: 0.000000 
(HDiffFlux) The Hydrogen Diffusion Flux (m^-2 s^-1) [m^-2 s^-1]: 2.304748e+17 
(HRefODragMod) Multiply by H ref flux to get flux with drag []: 1.000000 
(KTide) Mass loss enhancement due to stellar gravity []: 0.770477 
(CumulativeXUVFlux) Cumulative XUV flux [W/m^2]: 0.000000 
(RunawayGreenhouseFlux) Incident flux that triggers runaway greenhouse [kg/sec^3]: 1291.779183 
(RGDuration) Runaway Greenhouse Duration [years]: 0.00000e+00

Output Order: Time[year] CumulativeXUVFlux[W/m^2]
Grid Output Order:



---- FINAL SYSTEM PROPERTIES ----
(Age) System Age [sec]: 2.347498e+17 
(Time) Simulation Time [sec]: 2.345992e+17 
(TotAngMom) Total Angular Momentum [kg*m^2/sec]: 1.663658e+42 
(TotEnergy) Total System Energy [kg*m^2/sec^2]: -1.139506e+40 
(PotEnergy) Body's non-orbital Potential Energy [kg*m^2/sec^2]: -4.114743e+40 
(KinEnergy) Body's non-orbital Kinetic Energy [kg*m^2/sec^2]: 5.932551e+32 
(DeltaTime) Average Timestep Over Last Output Interval [sec]: 1.577880e+13 

----- BODY: star ----
Active Modules: FLARE STELLAR
Module Bit Sum: 577
Color: 000000
(Mass) Mass [kg]: 3.900845e+29 
(Radius) Radius [m]: 1.480916e+08 
(RadGyra) Radius of Gyration/Moment of Inertia Constant []: 0.460287 
(RotAngMom) Rotational Angular Momentum [kg*m^2/sec]: 1.466473e+39 
(RotVel) Rotational Velocity [m/sec]: 119.819543 
(BodyType) Type of Body (0 == planet) []: 0.000000 
(RotRate) Rotational Frequency [/sec]: 8.090908e-07 
(RotPer) Rotational Period [sec]: 7.765736e+06 
(Density) Average Density [kg/m^3]: 2.867338e+04 
(HZLimitDryRunaway) Semi-major axis of Dry Runaway HZ Limit [m]: 9.165823e+09 
(HZLimRecVenus) Recent Venus HZ Limit [m]: 8.205101e+09 
(HZLimRunaway) Runaway Greenhouse HZ Limit [m]: 1.082521e+10 
(HZLimMoistGreenhouse) Moist Greenhouse HZ Limit [m]: 1.085670e+10 
(HZLimMaxGreenhouse) Maximum Greenhouse HZ Limit [m]: 2.060200e+10 
(HZLimEarlyMars) Early Mars HZ Limit [m]: 2.246877e+10 
(Instellation) Orbit-averaged INcident STELLar radiATION [kg/sec^3]: -1.000000 
(CriticalSemiMajorAxis) Holman & Wiegert (1999) P-type Critical Semi-major Axis [m]: -1.000000 
(LXUVTot) Total XUV Luminosity [LSUN]: 1.148308e-06 
(LostEnergy) Body's Total Lost Energy [kg*m^2/sec^2]: 2.975243e+40 
(LostAngMom) Lost Angular Momentum due to Magnetic Braking [kg*m^2/sec]: 1.659835e+42 
(EscapeVelocity) Escape Velocity [m/sec]: 5.929682e+05 
----- STELLAR PARAMETERS (star)------
(Luminosity) Luminosity [LSUN]: 0.004557 
(LXUVStellar) Base X-ray/XUV Luminosity [LSUN]: 7.964408e-07 
(Temperature) Effective Temperature [K]: 3250.136029 
(LXUVFrac) Fraction of luminosity in XUV []: 0.000175 
(RossbyNumber) Rossby Number []: 1.511206 
(DRotPerDtStellar) Time Rate of Change of Rotation Period in STELLAR []: 1.458416e-11 
(WindTorque) Stellar Wind Torque []: 2.754058e+21 
----- FLARE PARAMETERS (star)------
(LXUVFlare) XUV Luminosity from flares [LSUN]: 3.518472e-07 
(FlareFreq1) First value of flare frequency range [/sec]: 5.595431e-07 
(FlareFreq2) Second value of flare frequency range [/sec]: 3.840545e-07 
(FlareFreq3) Third value of flare frequency range [/sec]: 2.636042e-07 
(FlareFreq4) Fourth value of flare frequency range [/sec]: 1.809304e-07 
(FlareFreqMin) Frequency of the flares with the lowest energy [/sec]: 5.595431e-07 
(FlareFreqMid) Frequency of the flares with the middle energy in the energy range [/sec]: 1.298456e-08 
(FlareFreqMax) Frequency of the flares with the highest energy [/sec]: 3.013149e-10 
(FlareEnergy1) First value of flare energy range [kg*m^2/sec^2]: 5.334000e+25 
(FlareEnergy2) Second value of flare energy range [kg*m^2/sec^2]: 7.534475e+25 
(FlareEnergy3) Third value of flare energy range [kg*m^2/sec^2]: 1.064273e+26 
(FlareEnergy4) Fourth value of flare energy range [kg*m^2/sec^2]: 1.503325e+26 
(FlareEnergyMin) Minimum flare energy [kg*m^2/sec^2]: 5.334000e+25 
(FlareEnergyMid) Middle flare energy in the range of energy values [kg*m^2/sec^2]: 1.686759e+27 
(FlareEnergyMax) Maximum flare energy [kg*m^2/sec^2]: 5.334000e+28 
(FlareYIntOUT) Instantaneous Davenport FFD y-intercept at current age and mass []: 34.343885 
(FlareSlopeOUT) Instantaneous Davenport FFD slope at current age and mass []: -1.089604 

Output Order: Time[year] Luminosity[LSUN] LXUVStellar[LSUN] LXUVFlare[LSUN] LXUVTot[LSUN]
Grid Output Order:

----- BODY: b ----
Active Modules: AtmEsc
Module Bit Sum: 9
Color: 000000
(Mass) Mass [kg]: 9.513875e+24 
(Radius) Radius [m]: 7.304003e+06 
(RadGyra) Radius of Gyration/Moment of Inertia Constant []: 0.500000 
(BodyType) Type of Body (0 == planet) []: 0.000000 
(Density) Average Density [kg/m^3]: 5828.891610 
(HZLimitDryRunaway) Semi-major axis of Dry Runaway HZ Limit [m]: 9.165844e+09 
(HZLimRecVenus) Recent Venus HZ Limit [m]: 8.205101e+09 
(HZLimRunaway) Runaway Greenhouse HZ Limit [m]: 1.082521e+10 
(HZLimMoistGreenhouse) Moist Greenhouse HZ Limit [m]: 1.085670e+10 
(HZLimMaxGreenhouse) Maximum Greenhouse HZ Limit [m]: 2.060200e+10 
(HZLimEarlyMars) Early Mars HZ Limit [m]: 2.246877e+10 
(Instellation) Orbit-averaged INcident STELLar radiATION [kg/sec^3]: 2.514390e+04 
(MeanMotion) Orbital Mean Motion [/sec]: 4.464495e-05 
(OrbPeriod) Orbital Period [sec]: 1.407367e+05 
(SemiMajorAxis) Semi-major Axis [m]: 2.355102e+09 
(LXUVTot) Total XUV Luminosity [kg/sec^3]: -1.000000 
(EscapeVelocity) Escape Velocity [m/sec]: 1.318607e+04 
----- ATMESC PARAMETERS (b)------
(SurfWaterMass) Surface water mass [kg]: 0.000000 
(EnvelopeMass) Envelope mass [kg]: 0.000000 
(OxygenMass) Oxygen mass in the atmosphere [kg]: 0.000000 
(RGLimit) Runaway greenhouse semi-major axis [m]: 1.038557e+10 
(XO) Atomic oxygen mixing ratio in upper atmosphere []: 0.000000 
(EtaO) Oxygen eta parameter (Luger and Barnes 2015) []: 0.000000 
(PlanetRadius) Planet radius [m]: 7.304003e+06 
(OxygenMantleMass) Mass of oxygen in mantle [kg]: 0.000000 
(RadXUV) XUV radius separating hydro. dyn. escape and equilibrium [m]: -1.000000 
(RadSolid) Radius to the solid surface [m]: -1.000000 
(PresXUV) Pressure at base of thermosphere [(null)]: 5.000000 
(ScaleHeight) Scale height in Lehmer & Catling (2016) model [m]: -1.000000 
(ThermTemp) Isothermal atmospheric temperature [K]: 400.000000 
(AtmGasConst) Atmospheric gas constant [(null)]: 4124.000000 
(PresSurf) Surface pressure due to atmosphere [Pa]: -1.000000 
(DEnvMassDt) Envelope Mass Loss Rate [kg/s]: 0.000000 
(FXUV) XUV flux [W/m^2]: 6.336356 
(AtmXAbsEffH2O) XUV atmospheric escape efficiency for H2O []: 0.300000 
(RocheRadius) Roche Lobe Radius [m]: 4.735533e+07 
(BondiRadius) Bondi Radius [m]: 5.850679e+08 
(HEscapeRegime) Integer flag for H envelope escape regime []: 8.000000 
(RRCriticalFlux) Critical XUV Flux that separates RR and energy-limited escape [W/m^2]: 53.876187 
(CrossoverMass) Crossover mass, defines oxygen is escaping if mc > mo [kg]: 0.000000 
(WaterEscapeRegime) What water escape regime the code is currently in []: 8.000000 
(FXUVCRITDRAG) Critical Drag XUV flux [W/m^2]: 0.450101 
(HREFFLUX) The Hydrogen Reference Flux (m^-2 s^-1) [m^-2 s^-1]: 4.272588e+18 
(XO2) Molecular oxygen mixing ratio in atmosphere []: 0.000000 
(XH2O) Water mixing ratio in upper atmosphere []: 0.000000 
(HDiffFlux) The Hydrogen Diffusion Flux (m^-2 s^-1) [m^-2 s^-1]: 2.304748e+17 
(HRefODragMod) Multiply by H ref flux to get flux with drag []: 1.000000 
(KTide) Mass loss enhancement due to stellar gravity []: 0.770477 
(CumulativeXUVFlux) Cumulative XUV flux [W/m^2]: 7.064062e+18 
(RunawayGreenhouseFlux) Incident flux that triggers runaway greenhouse [kg/sec^3]: 1292.972722 
(RGDuration) Runaway Greenhouse Duration [years]: 0.00000e+00

Output Order: Time[year] CumulativeXUVFlux[W/m^2]
Grid Output Order:
