-------- Log file gj1132.log -------

Executable: /home/vplanet/.local/bin/vplanet
Version: Unknown
System Name: gj1132
Primary Input File: vpl.in
Body File #1: star.in
Body File #2: b.in
Allow files to be overwitten: Yes
Mass Units: Grams
Length Units: Meters
Time Units: Seconds
Angle Units: Radians

------- FORMATTING -----
Verbosity Level: 5
Crossover Decade for Scientific Notation: 4
Number of Digits After Decimal: 6
Integration Method: Runge-Kutta4
Direction: Forward
Time Step: 3.155760e+07
Stop Time: 2.045733e+17
Output Interval: 3.155760e+13
Use Variable Timestep: Yes
dEta: 0.010000
Minimum Value of ecc and obl: 1.000000e-10


---- INITIAL SYSTEM PROPERTIES ----
(Age) System Age [sec]: 2.007366e+14 
(Time) Simulation Time [sec]: 0.000000 
(TotAngMom) Total Angular Momentum [kg*m^2/sec]: 1.360071e+42 
(TotEnergy) Total System Energy [kg*m^2/sec^2]: -1.284804e+40 
(PotEnergy) Body's non-orbital Potential Energy [kg*m^2/sec^2]: -1.289735e+40 
(KinEnergy) Body's non-orbital Kinetic Energy [kg*m^2/sec^2]: 4.936424e+37 
(DeltaTime) Average Timestep Over Last Output Interval [sec]: 0.000000 

----- BODY: star ----
Active Modules: FLARE STELLAR
Module Bit Sum: 577
Color: 000000
(Mass) Mass [kg]: 3.922400e+29 
(Radius) Radius [m]: 4.777041e+08 
(RadGyra) Radius of Gyration/Moment of Inertia Constant []: 0.456689 
(RotAngMom) Rotational Angular Momentum [kg*m^2/sec]: 1.357614e+42 
(RotVel) Rotational Velocity [m/sec]: 3.473962e+04 
(BodyType) Type of Body (0 == planet) []: 0.000000 
(RotRate) Rotational Frequency [/sec]: 7.272205e-05 
(RotPer) Rotational Period [sec]: 8.640000e+04 
(Density) Average Density [kg/m^3]: 858.986664 
(HZLimitDryRunaway) Semi-major axis of Dry Runaway HZ Limit [m]: 2.902796e+10 
(HZLimRecVenus) Recent Venus HZ Limit [m]: 2.600040e+10 
(HZLimRunaway) Runaway Greenhouse HZ Limit [m]: 3.429389e+10 
(HZLimMoistGreenhouse) Moist Greenhouse HZ Limit [m]: 3.440280e+10 
(HZLimMaxGreenhouse) Maximum Greenhouse HZ Limit [m]: 6.535774e+10 
(HZLimEarlyMars) Early Mars HZ Limit [m]: 7.127974e+10 
(Instellation) Orbit-averaged INcident STELLar radiATION [kg/sec^3]: -1.000000 
(CriticalSemiMajorAxis) Holman & Wiegert (1999) P-type Critical Semi-major Axis [m]: -1.000000 
(LXUVTot) Total XUV Luminosity [LSUN]: 0.000419 
(LostEnergy) Body's Total Lost Energy [kg*m^2/sec^2]: 5.562685e-309 
(LostAngMom) Lost Angular Momentum due to Magnetic Braking [kg*m^2/sec]: 5.562685e-309 
(EscapeVelocity) Escape Velocity [m/sec]: 3.310653e+05 
----- STELLAR PARAMETERS (star)------
(Luminosity) Luminosity [LSUN]: 0.045703 
(LXUVStellar) Base X-ray/XUV Luminosity [LSUN]: 0.000408 
(Temperature) Effective Temperature [K]: 3220.485074 
(LXUVFrac) Fraction of luminosity in XUV []: 0.008922 
(RossbyNumber) Rossby Number []: 0.016560 
(DRotPerDtStellar) Time Rate of Change of Rotation Period in STELLAR []: -4.772991e-11 
(WindTorque) Stellar Wind Torque []: 3.258582e+27 
----- FLARE PARAMETERS (star)------
(LXUVFlare) XUV Luminosity from flares [LSUN]: 1.076835e-05 
(FlareFreq1) First value of flare frequency range [/sec]: 1.776293e-06 
(FlareFreq2) Second value of flare frequency range [/sec]: 1.426555e-06 
(FlareFreq3) Third value of flare frequency range [/sec]: 1.145677e-06 
(FlareFreq4) Fourth value of flare frequency range [/sec]: 9.201025e-07 
(FlareFreqMin) Frequency of the flares with the lowest energy [/sec]: 1.776293e-06 
(FlareFreqMid) Frequency of the flares with the middle energy in the energy range [/sec]: 1.982683e-07 
(FlareFreqMax) Frequency of the flares with the highest energy [/sec]: 2.213053e-08 
(FlareEnergy1) First value of flare energy range [kg*m^2/sec^2]: 5.334000e+25 
(FlareEnergy2) Second value of flare energy range [kg*m^2/sec^2]: 7.534475e+25 
(FlareEnergy3) Third value of flare energy range [kg*m^2/sec^2]: 1.064273e+26 
(FlareEnergy4) Fourth value of flare energy range [kg*m^2/sec^2]: 1.503325e+26 
(FlareEnergyMin) Minimum flare energy [kg*m^2/sec^2]: 5.334000e+25 
(FlareEnergyMid) Middle flare energy in the range of energy values [kg*m^2/sec^2]: 1.686759e+27 
(FlareEnergyMax) Maximum flare energy [kg*m^2/sec^2]: 5.334000e+28 
(FlareYIntOUT) Instantaneous Davenport FFD y-intercept at current age and mass []: 19.962503 
(FlareSlopeOUT) Instantaneous Davenport FFD slope at current age and mass []: -0.634841 

Output Order: Time[year] Luminosity[LSUN] LXUVStellar[LSUN] LXUVFlare[LSUN] LXUVTot[LSUN]
Grid Output Order:

----- BODY: b ----
Active Modules: AtmEsc
Module Bit Sum: 9
Color: 000000
(Mass) Mass [kg]: 9.885547e+24 
(Radius) Radius [m]: 7.310360e+06 
(RadGyra) Radius of Gyration/Moment of Inertia Constant []: 0.500000 
(BodyType) Type of Body (0 == planet) []: 0.000000 
(Density) Average Density [kg/m^3]: 6040.819886 
(HZLimitDryRunaway) Semi-major axis of Dry Runaway HZ Limit [m]: 2.902835e+10 
(HZLimRecVenus) Recent Venus HZ Limit [m]: 2.600040e+10 
(HZLimRunaway) Runaway Greenhouse HZ Limit [m]: 3.429389e+10 
(HZLimMoistGreenhouse) Moist Greenhouse HZ Limit [m]: 3.440280e+10 
(HZLimMaxGreenhouse) Maximum Greenhouse HZ Limit [m]: 6.535774e+10 
(HZLimEarlyMars) Early Mars HZ Limit [m]: 7.127974e+10 
(Instellation) Orbit-averaged INcident STELLar radiATION [kg/sec^3]: 2.512508e+05 
(MeanMotion) Orbital Mean Motion [/sec]: 4.464307e-05 
(OrbPeriod) Orbital Period [sec]: 1.407427e+05 
(SemiMajorAxis) Semi-major Axis [m]: 2.359499e+09 
(LXUVTot) Total XUV Luminosity [kg/sec^3]: -1.000000 
(EscapeVelocity) Escape Velocity [m/sec]: 1.343533e+04 
----- ATMESC PARAMETERS (b)------
(SurfWaterMass) Surface water mass [kg]: 0.000000 
(EnvelopeMass) Envelope mass [kg]: 0.000000 
(OxygenMass) Oxygen mass in the atmosphere [kg]: 0.000000 
(RGLimit) Runaway greenhouse semi-major axis [m]: 3.287142e+10 
(XO) Atomic oxygen mixing ratio in upper atmosphere []: 0.000000 
(EtaO) Oxygen eta parameter (Luger and Barnes 2015) []: 0.000000 
(PlanetRadius) Planet radius [m]: 7.310360e+06 
(OxygenMantleMass) Mass of oxygen in mantle [kg]: 0.000000 
(RadXUV) XUV radius separating hydro. dyn. escape and equilibrium [m]: -1.000000 
(RadSolid) Radius to the solid surface [m]: -1.000000 
(PresXUV) Pressure at base of thermosphere [(null)]: 5.000000 
(ScaleHeight) Scale height in Lehmer & Catling (2016) model [m]: -1.000000 
(ThermTemp) Isothermal atmospheric temperature [K]: 400.000000 
(AtmGasConst) Atmospheric gas constant [(null)]: 4124.000000 
(PresSurf) Surface pressure due to atmosphere [Pa]: -1.000000 
(DEnvMassDt) Envelope Mass Loss Rate [kg/s]: 0.000000 
(FXUV) XUV flux [W/m^2]: 2300.774719 
(AtmXAbsEffH2O) XUV atmospheric escape efficiency for H2O []: 0.300000 
(RocheRadius) Roche Lobe Radius [m]: 4.796549e+07 
(BondiRadius) Bondi Radius [m]: 3.412798e+08 
(HEscapeRegime) Integer flag for H envelope escape regime []: 8.000000 
(RRCriticalFlux) Critical XUV Flux that separates RR and energy-limited escape [W/m^2]: 58.420575 
(CrossoverMass) Crossover mass, defines oxygen is escaping if mc > mo [kg]: 0.000000 
(WaterEscapeRegime) What water escape regime the code is currently in []: 8.000000 
(FXUVCRITDRAG) Critical Drag XUV flux [W/m^2]: 0.484688 
(HREFFLUX) The Hydrogen Reference Flux (m^-2 s^-1) [m^-2 s^-1]: 1.489197e+21 
(XO2) Molecular oxygen mixing ratio in atmosphere []: 0.000000 
(XH2O) Water mixing ratio in upper atmosphere []: 0.000000 
(HDiffFlux) The Hydrogen Diffusion Flux (m^-2 s^-1) [m^-2 s^-1]: 2.390623e+17 
(HRefODragMod) Multiply by H ref flux to get flux with drag []: 1.000000 
(KTide) Mass loss enhancement due to stellar gravity []: 0.773157 
(CumulativeXUVFlux) Cumulative XUV flux [W/m^2]: 0.000000 
(RunawayGreenhouseFlux) Incident flux that triggers runaway greenhouse [kg/sec^3]: 1294.488613 
(RGDuration) Runaway Greenhouse Duration [years]: 0.00000e+00

Output Order: Time[year] CumulativeXUVFlux[W/m^2]
Grid Output Order:



---- FINAL SYSTEM PROPERTIES ----
(Age) System Age [sec]: 2.047887e+17 
(Time) Simulation Time [sec]: 2.045879e+17 
(TotAngMom) Total Angular Momentum [kg*m^2/sec]: 1.350612e+42 
(TotEnergy) Total System Energy [kg*m^2/sec^2]: -1.290146e+40 
(PotEnergy) Body's non-orbital Potential Energy [kg*m^2/sec^2]: -4.149060e+40 
(KinEnergy) Body's non-orbital Kinetic Energy [kg*m^2/sec^2]: 6.777990e+32 
(DeltaTime) Average Timestep Over Last Output Interval [sec]: 1.577880e+13 

----- BODY: star ----
Active Modules: FLARE STELLAR
Module Bit Sum: 577
Color: 000000
(Mass) Mass [kg]: 3.922400e+29 
(Radius) Radius [m]: 1.484943e+08 
(RadGyra) Radius of Gyration/Moment of Inertia Constant []: 0.460338 
(RotAngMom) Rotational Angular Momentum [kg*m^2/sec]: 1.576260e+39 
(RotVel) Rotational Velocity [m/sec]: 127.706451 
(BodyType) Type of Body (0 == planet) []: 0.000000 
(RotRate) Rotational Frequency [/sec]: 8.600092e-07 
(RotPer) Rotational Period [sec]: 7.305952e+06 
(Density) Average Density [kg/m^3]: 2.859789e+04 
(HZLimitDryRunaway) Semi-major axis of Dry Runaway HZ Limit [m]: 9.227392e+09 
(HZLimRecVenus) Recent Venus HZ Limit [m]: 8.259661e+09 
(HZLimRunaway) Runaway Greenhouse HZ Limit [m]: 1.089753e+10 
(HZLimMoistGreenhouse) Moist Greenhouse HZ Limit [m]: 1.092889e+10 
(HZLimMaxGreenhouse) Maximum Greenhouse HZ Limit [m]: 2.073628e+10 
(HZLimEarlyMars) Early Mars HZ Limit [m]: 2.261522e+10 
(Instellation) Orbit-averaged INcident STELLar radiATION [kg/sec^3]: -1.000000 
(CriticalSemiMajorAxis) Holman & Wiegert (1999) P-type Critical Semi-major Axis [m]: -1.000000 
(LXUVTot) Total XUV Luminosity [LSUN]: 1.526679e-06 
(LostEnergy) Body's Total Lost Energy [kg*m^2/sec^2]: 2.858919e+40 
(LostAngMom) Lost Angular Momentum due to Magnetic Braking [kg*m^2/sec]: 1.346579e+42 
(EscapeVelocity) Escape Velocity [m/sec]: 5.937974e+05 
----- STELLAR PARAMETERS (star)------
(Luminosity) Luminosity [LSUN]: 0.004618 
(LXUVStellar) Base X-ray/XUV Luminosity [LSUN]: 1.152132e-06 
(Temperature) Effective Temperature [K]: 3253.559185 
(LXUVFrac) Fraction of luminosity in XUV []: 0.000249 
(RossbyNumber) Rossby Number []: 1.424228 
(DRotPerDtStellar) Time Rate of Change of Rotation Period in STELLAR []: 1.753427e-11 
(WindTorque) Stellar Wind Torque []: 3.777432e+21 
----- FLARE PARAMETERS (star)------
(LXUVFlare) XUV Luminosity from flares [LSUN]: 3.745222e-07 
(FlareFreq1) First value of flare frequency range [/sec]: 5.789828e-07 
(FlareFreq2) Second value of flare frequency range [/sec]: 3.983235e-07 
(FlareFreq3) Third value of flare frequency range [/sec]: 2.740352e-07 
(FlareFreq4) Fourth value of flare frequency range [/sec]: 1.885283e-07 
(FlareFreqMin) Frequency of the flares with the lowest energy [/sec]: 5.789828e-07 
(FlareFreqMid) Frequency of the flares with the middle energy in the energy range [/sec]: 1.375209e-08 
(FlareFreqMax) Frequency of the flares with the highest energy [/sec]: 3.266420e-10 
(FlareEnergy1) First value of flare energy range [kg*m^2/sec^2]: 5.334000e+25 
(FlareEnergy2) Second value of flare energy range [kg*m^2/sec^2]: 7.534475e+25 
(FlareEnergy3) Third value of flare energy range [kg*m^2/sec^2]: 1.064273e+26 
(FlareEnergy4) Fourth value of flare energy range [kg*m^2/sec^2]: 1.503325e+26 
(FlareEnergyMin) Minimum flare energy [kg*m^2/sec^2]: 5.334000e+25 
(FlareEnergyMid) Middle flare energy in the range of energy values [kg*m^2/sec^2]: 1.686759e+27 
(FlareEnergyMax) Maximum flare energy [kg*m^2/sec^2]: 5.334000e+28 
(FlareYIntOUT) Instantaneous Davenport FFD y-intercept at current age and mass []: 34.138145 
(FlareSlopeOUT) Instantaneous Davenport FFD slope at current age and mass []: -1.082865 

Output Order: Time[year] Luminosity[LSUN] LXUVStellar[LSUN] LXUVFlare[LSUN] LXUVTot[LSUN]
Grid Output Order:

----- BODY: b ----
Active Modules: AtmEsc
Module Bit Sum: 9
Color: 000000
(Mass) Mass [kg]: 9.885547e+24 
(Radius) Radius [m]: 7.310360e+06 
(RadGyra) Radius of Gyration/Moment of Inertia Constant []: 0.500000 
(BodyType) Type of Body (0 == planet) []: 0.000000 
(Density) Average Density [kg/m^3]: 6040.819886 
(HZLimitDryRunaway) Semi-major axis of Dry Runaway HZ Limit [m]: 9.227517e+09 
(HZLimRecVenus) Recent Venus HZ Limit [m]: 8.259661e+09 
(HZLimRunaway) Runaway Greenhouse HZ Limit [m]: 1.089753e+10 
(HZLimMoistGreenhouse) Moist Greenhouse HZ Limit [m]: 1.092889e+10 
(HZLimMaxGreenhouse) Maximum Greenhouse HZ Limit [m]: 2.073628e+10 
(HZLimEarlyMars) Early Mars HZ Limit [m]: 2.261522e+10 
(Instellation) Orbit-averaged INcident STELLar radiATION [kg/sec^3]: 2.538823e+04 
(MeanMotion) Orbital Mean Motion [/sec]: 4.464307e-05 
(OrbPeriod) Orbital Period [sec]: 1.407427e+05 
(SemiMajorAxis) Semi-major Axis [m]: 2.359499e+09 
(LXUVTot) Total XUV Luminosity [kg/sec^3]: -1.000000 
(EscapeVelocity) Escape Velocity [m/sec]: 1.343533e+04 
----- ATMESC PARAMETERS (b)------
(SurfWaterMass) Surface water mass [kg]: 0.000000 
(EnvelopeMass) Envelope mass [kg]: 0.000000 
(OxygenMass) Oxygen mass in the atmosphere [kg]: 0.000000 
(RGLimit) Runaway greenhouse semi-major axis [m]: 1.044567e+10 
(XO) Atomic oxygen mixing ratio in upper atmosphere []: 0.000000 
(EtaO) Oxygen eta parameter (Luger and Barnes 2015) []: 0.000000 
(PlanetRadius) Planet radius [m]: 7.310360e+06 
(OxygenMantleMass) Mass of oxygen in mantle [kg]: 0.000000 
(RadXUV) XUV radius separating hydro. dyn. escape and equilibrium [m]: -1.000000 
(RadSolid) Radius to the solid surface [m]: -1.000000 
(PresXUV) Pressure at base of thermosphere [(null)]: 5.000000 
(ScaleHeight) Scale height in Lehmer & Catling (2016) model [m]: -1.000000 
(ThermTemp) Isothermal atmospheric temperature [K]: 400.000000 
(AtmGasConst) Atmospheric gas constant [(null)]: 4124.000000 
(PresSurf) Surface pressure due to atmosphere [Pa]: -1.000000 
(DEnvMassDt) Envelope Mass Loss Rate [kg/s]: 0.000000 
(FXUV) XUV flux [W/m^2]: 8.392928 
(AtmXAbsEffH2O) XUV atmospheric escape efficiency for H2O []: 0.300000 
(RocheRadius) Roche Lobe Radius [m]: 4.796549e+07 
(BondiRadius) Bondi Radius [m]: 6.058955e+08 
(HEscapeRegime) Integer flag for H envelope escape regime []: 8.000000 
(RRCriticalFlux) Critical XUV Flux that separates RR and energy-limited escape [W/m^2]: 58.420575 
(CrossoverMass) Crossover mass, defines oxygen is escaping if mc > mo [kg]: 0.000000 
(WaterEscapeRegime) What water escape regime the code is currently in []: 8.000000 
(FXUVCRITDRAG) Critical Drag XUV flux [W/m^2]: 0.484688 
(HREFFLUX) The Hydrogen Reference Flux (m^-2 s^-1) [m^-2 s^-1]: 5.432399e+18 
(XO2) Molecular oxygen mixing ratio in atmosphere []: 0.000000 
(XH2O) Water mixing ratio in upper atmosphere []: 0.000000 
(HDiffFlux) The Hydrogen Diffusion Flux (m^-2 s^-1) [m^-2 s^-1]: 2.390623e+17 
(HRefODragMod) Multiply by H ref flux to get flux with drag []: 1.000000 
(KTide) Mass loss enhancement due to stellar gravity []: 0.773157 
(CumulativeXUVFlux) Cumulative XUV flux [W/m^2]: 7.440125e+18 
(RunawayGreenhouseFlux) Incident flux that triggers runaway greenhouse [kg/sec^3]: 1295.351976 
(RGDuration) Runaway Greenhouse Duration [years]: 0.00000e+00

Output Order: Time[year] CumulativeXUVFlux[W/m^2]
Grid Output Order:
