-------- Log file gj1132.log -------

Executable: /home/vplanet/.local/bin/vplanet
Version: Unknown
System Name: gj1132
Primary Input File: vpl.in
Body File #1: star.in
Body File #2: b.in
Allow files to be overwitten: Yes
Mass Units: Grams
Length Units: Meters
Time Units: Seconds
Angle Units: Radians

------- FORMATTING -----
Verbosity Level: 5
Crossover Decade for Scientific Notation: 4
Number of Digits After Decimal: 6
Integration Method: Runge-Kutta4
Direction: Forward
Time Step: 3.155760e+07
Stop Time: 2.316103e+17
Output Interval: 3.155760e+13
Use Variable Timestep: Yes
dEta: 0.010000
Minimum Value of ecc and obl: 1.000000e-10


---- INITIAL SYSTEM PROPERTIES ----
(Age) System Age [sec]: 7.955088e+13 
(Time) Simulation Time [sec]: 0.000000 
(TotAngMom) Total Angular Momentum [kg*m^2/sec]: 2.590135e+42 
(TotEnergy) Total System Energy [kg*m^2/sec^2]: -8.666809e+39 
(PotEnergy) Body's non-orbital Potential Energy [kg*m^2/sec^2]: -8.760845e+39 
(KinEnergy) Body's non-orbital Kinetic Energy [kg*m^2/sec^2]: 9.409121e+37 
(DeltaTime) Average Timestep Over Last Output Interval [sec]: 0.000000 

----- BODY: star ----
Active Modules: FLARE STELLAR
Module Bit Sum: 577
Color: 000000
(Mass) Mass [kg]: 3.840038e+29 
(Radius) Radius [m]: 6.740324e+08 
(RadGyra) Radius of Gyration/Moment of Inertia Constant []: 0.451622 
(RotAngMom) Rotational Angular Momentum [kg*m^2/sec]: 2.587694e+42 
(RotVel) Rotational Velocity [m/sec]: 4.901702e+04 
(BodyType) Type of Body (0 == planet) []: 0.000000 
(RotRate) Rotational Frequency [/sec]: 7.272205e-05 
(RotPer) Rotational Period [sec]: 8.640000e+04 
(Density) Average Density [kg/m^3]: 299.367504 
(HZLimitDryRunaway) Semi-major axis of Dry Runaway HZ Limit [m]: 3.967296e+10 
(HZLimRecVenus) Recent Venus HZ Limit [m]: 3.556946e+10 
(HZLimRunaway) Runaway Greenhouse HZ Limit [m]: 4.689418e+10 
(HZLimMoistGreenhouse) Moist Greenhouse HZ Limit [m]: 4.706425e+10 
(HZLimMaxGreenhouse) Maximum Greenhouse HZ Limit [m]: 8.958371e+10 
(HZLimEarlyMars) Early Mars HZ Limit [m]: 9.770052e+10 
(Instellation) Orbit-averaged INcident STELLar radiATION [kg/sec^3]: -1.000000 
(CriticalSemiMajorAxis) Holman & Wiegert (1999) P-type Critical Semi-major Axis [m]: -1.000000 
(LXUVTot) Total XUV Luminosity [LSUN]: 0.000162 
(LostEnergy) Body's Total Lost Energy [kg*m^2/sec^2]: 5.562685e-309 
(LostAngMom) Lost Angular Momentum due to Magnetic Braking [kg*m^2/sec]: 5.562685e-309 
(EscapeVelocity) Escape Velocity [m/sec]: 2.757685e+05 
----- STELLAR PARAMETERS (star)------
(Luminosity) Luminosity [LSUN]: 0.085369 
(LXUVStellar) Base X-ray/XUV Luminosity [LSUN]: 0.000161 
(Temperature) Effective Temperature [K]: 3169.940335 
(LXUVFrac) Fraction of luminosity in XUV []: 0.001882 
(RossbyNumber) Rossby Number []: 0.016137 
(DRotPerDtStellar) Time Rate of Change of Rotation Period in STELLAR []: -1.383757e-10 
(WindTorque) Stellar Wind Torque []: 2.073111e+28 
----- FLARE PARAMETERS (star)------
(LXUVFlare) XUV Luminosity from flares [LSUN]: 8.750068e-07 
(FlareFreq1) First value of flare frequency range [/sec]: 2.903653e-05 
(FlareFreq2) Second value of flare frequency range [/sec]: 2.542812e-05 
(FlareFreq3) Third value of flare frequency range [/sec]: 2.226813e-05 
(FlareFreq4) Fourth value of flare frequency range [/sec]: 1.950083e-05 
(FlareFreqMin) Frequency of the flares with the lowest energy [/sec]: 2.903653e-05 
(FlareFreqMid) Frequency of the flares with the middle energy in the energy range [/sec]: 7.702638e-06 
(FlareFreqMax) Frequency of the flares with the highest energy [/sec]: 2.043310e-06 
(FlareEnergy1) First value of flare energy range [kg*m^2/sec^2]: 5.334000e+23 
(FlareEnergy2) Second value of flare energy range [kg*m^2/sec^2]: 6.715108e+23 
(FlareEnergy3) Third value of flare energy range [kg*m^2/sec^2]: 8.453820e+23 
(FlareEnergy4) Fourth value of flare energy range [kg*m^2/sec^2]: 1.064273e+24 
(FlareEnergyMin) Minimum flare energy [kg*m^2/sec^2]: 5.334000e+23 
(FlareEnergyMid) Middle flare energy in the range of energy values [kg*m^2/sec^2]: 5.334000e+24 
(FlareEnergyMax) Maximum flare energy [kg*m^2/sec^2]: 5.334000e+25 
(FlareYIntOUT) Instantaneous Davenport FFD y-intercept at current age and mass []: 18.107621 
(FlareSlopeOUT) Instantaneous Davenport FFD slope at current age and mass []: -0.576305 

Output Order: Time[year] Luminosity[LSUN] LXUVStellar[LSUN] LXUVFlare[LSUN] LXUVTot[LSUN]
Grid Output Order:

----- BODY: b ----
Active Modules: AtmEsc
Module Bit Sum: 9
Color: 000000
(Mass) Mass [kg]: 9.963201e+24 
(Radius) Radius [m]: 7.176809e+06 
(RadGyra) Radius of Gyration/Moment of Inertia Constant []: 0.500000 
(BodyType) Type of Body (0 == planet) []: 0.000000 
(Density) Average Density [kg/m^3]: 6434.519056 
(HZLimitDryRunaway) Semi-major axis of Dry Runaway HZ Limit [m]: 3.967310e+10 
(HZLimRecVenus) Recent Venus HZ Limit [m]: 3.556946e+10 
(HZLimRunaway) Runaway Greenhouse HZ Limit [m]: 4.689418e+10 
(HZLimMoistGreenhouse) Moist Greenhouse HZ Limit [m]: 4.706425e+10 
(HZLimMaxGreenhouse) Maximum Greenhouse HZ Limit [m]: 8.958371e+10 
(HZLimEarlyMars) Early Mars HZ Limit [m]: 9.770052e+10 
(Instellation) Orbit-averaged INcident STELLar radiATION [kg/sec^3]: 4.760061e+05 
(MeanMotion) Orbital Mean Motion [/sec]: 4.464377e-05 
(OrbPeriod) Orbital Period [sec]: 1.407405e+05 
(SemiMajorAxis) Semi-major Axis [m]: 2.342843e+09 
(LXUVTot) Total XUV Luminosity [kg/sec^3]: -1.000000 
(EscapeVelocity) Escape Velocity [m/sec]: 1.361291e+04 
----- ATMESC PARAMETERS (b)------
(SurfWaterMass) Surface water mass [kg]: 0.000000 
(EnvelopeMass) Envelope mass [kg]: 0.000000 
(OxygenMass) Oxygen mass in the atmosphere [kg]: 0.000000 
(RGLimit) Runaway greenhouse semi-major axis [m]: 4.494054e+10 
(XO) Atomic oxygen mixing ratio in upper atmosphere []: 0.000000 
(EtaO) Oxygen eta parameter (Luger and Barnes 2015) []: 0.000000 
(PlanetRadius) Planet radius [m]: 7.176809e+06 
(OxygenMantleMass) Mass of oxygen in mantle [kg]: 0.000000 
(RadXUV) XUV radius separating hydro. dyn. escape and equilibrium [m]: -1.000000 
(RadSolid) Radius to the solid surface [m]: -1.000000 
(PresXUV) Pressure at base of thermosphere [(null)]: 5.000000 
(ScaleHeight) Scale height in Lehmer & Catling (2016) model [m]: -1.000000 
(ThermTemp) Isothermal atmospheric temperature [K]: 400.000000 
(AtmGasConst) Atmospheric gas constant [(null)]: 4124.000000 
(PresSurf) Surface pressure due to atmosphere [Pa]: -1.000000 
(DEnvMassDt) Envelope Mass Loss Rate [kg/s]: 0.000000 
(FXUV) XUV flux [W/m^2]: 900.853868 
(AtmXAbsEffH2O) XUV atmospheric escape efficiency for H2O []: 0.300000 
(RocheRadius) Roche Lobe Radius [m]: 4.809027e+07 
(BondiRadius) Bondi Radius [m]: 2.952271e+08 
(HEscapeRegime) Integer flag for H envelope escape regime []: 8.000000 
(RRCriticalFlux) Critical XUV Flux that separates RR and energy-limited escape [W/m^2]: 63.473595 
(CrossoverMass) Crossover mass, defines oxygen is escaping if mc > mo [kg]: 0.000000 
(WaterEscapeRegime) What water escape regime the code is currently in []: 8.000000 
(FXUVCRITDRAG) Critical Drag XUV flux [W/m^2]: 0.520333 
(HREFFLUX) The Hydrogen Reference Flux (m^-2 s^-1) [m^-2 s^-1]: 5.645761e+20 
(XO2) Molecular oxygen mixing ratio in atmosphere []: 0.000000 
(XH2O) Water mixing ratio in upper atmosphere []: 0.000000 
(HDiffFlux) The Hydrogen Diffusion Flux (m^-2 s^-1) [m^-2 s^-1]: 2.499908e+17 
(HRefODragMod) Multiply by H ref flux to get flux with drag []: 1.000000 
(KTide) Mass loss enhancement due to stellar gravity []: 0.777808 
(CumulativeXUVFlux) Cumulative XUV flux [W/m^2]: 0.000000 
(RunawayGreenhouseFlux) Incident flux that triggers runaway greenhouse [kg/sec^3]: 1293.657401 
(RGDuration) Runaway Greenhouse Duration [years]: 0.00000e+00

Output Order: Time[year] CumulativeXUVFlux[W/m^2]
Grid Output Order:



---- FINAL SYSTEM PROPERTIES ----
(Age) System Age [sec]: 2.316908e+17 
(Time) Simulation Time [sec]: 2.316113e+17 
(TotAngMom) Total Angular Momentum [kg*m^2/sec]: 2.599681e+42 
(TotEnergy) Total System Energy [kg*m^2/sec^2]: -8.660621e+39 
(PotEnergy) Body's non-orbital Potential Energy [kg*m^2/sec^2]: -4.061358e+40 
(KinEnergy) Body's non-orbital Kinetic Energy [kg*m^2/sec^2]: 5.955518e+32 
(DeltaTime) Average Timestep Over Last Output Interval [sec]: 1.577880e+13 

----- BODY: star ----
Active Modules: FLARE STELLAR
Module Bit Sum: 577
Color: 000000
(Mass) Mass [kg]: 3.840038e+29 
(Radius) Radius [m]: 1.453970e+08 
(RadGyra) Radius of Gyration/Moment of Inertia Constant []: 0.460415 
(RotAngMom) Rotational Angular Momentum [kg*m^2/sec]: 1.431685e+39 
(RotVel) Rotational Velocity [m/sec]: 120.964359 
(BodyType) Type of Body (0 == planet) []: 0.000000 
(RotRate) Rotational Frequency [/sec]: 8.319591e-07 
(RotPer) Rotational Period [sec]: 7.552277e+06 
(Density) Average Density [kg/m^3]: 2.982501e+04 
(HZLimitDryRunaway) Semi-major axis of Dry Runaway HZ Limit [m]: 8.961696e+09 
(HZLimRecVenus) Recent Venus HZ Limit [m]: 8.023756e+09 
(HZLimRunaway) Runaway Greenhouse HZ Limit [m]: 1.058512e+10 
(HZLimMoistGreenhouse) Moist Greenhouse HZ Limit [m]: 1.061675e+10 
(HZLimMaxGreenhouse) Maximum Greenhouse HZ Limit [m]: 2.015345e+10 
(HZLimEarlyMars) Early Mars HZ Limit [m]: 2.197957e+10 
(Instellation) Orbit-averaged INcident STELLar radiATION [kg/sec^3]: -1.000000 
(CriticalSemiMajorAxis) Holman & Wiegert (1999) P-type Critical Semi-major Axis [m]: -1.000000 
(LXUVTot) Total XUV Luminosity [LSUN]: 9.390879e-07 
(LostEnergy) Body's Total Lost Energy [kg*m^2/sec^2]: 3.195302e+40 
(LostAngMom) Lost Angular Momentum due to Magnetic Braking [kg*m^2/sec]: 2.595808e+42 
(EscapeVelocity) Escape Velocity [m/sec]: 5.937550e+05 
----- STELLAR PARAMETERS (star)------
(Luminosity) Luminosity [LSUN]: 0.004356 
(LXUVStellar) Base X-ray/XUV Luminosity [LSUN]: 5.528818e-07 
(Temperature) Effective Temperature [K]: 3241.322764 
(LXUVFrac) Fraction of luminosity in XUV []: 0.000127 
(RossbyNumber) Rossby Number []: 1.463048 
(DRotPerDtStellar) Time Rate of Change of Rotation Period in STELLAR []: 1.530181e-11 
(WindTorque) Stellar Wind Torque []: 2.900764e+21 
----- FLARE PARAMETERS (star)------
(LXUVFlare) XUV Luminosity from flares [LSUN]: 3.862054e-07 
(FlareFreq1) First value of flare frequency range [/sec]: 8.608529e-05 
(FlareFreq2) Second value of flare frequency range [/sec]: 6.693804e-05 
(FlareFreq3) Third value of flare frequency range [/sec]: 5.204956e-05 
(FlareFreq4) Fourth value of flare frequency range [/sec]: 4.047260e-05 
(FlareFreqMin) Frequency of the flares with the lowest energy [/sec]: 8.608529e-05 
(FlareFreqMid) Frequency of the flares with the middle energy in the energy range [/sec]: 6.956158e-06 
(FlareFreqMax) Frequency of the flares with the highest energy [/sec]: 5.620952e-07 
(FlareEnergy1) First value of flare energy range [kg*m^2/sec^2]: 5.334000e+23 
(FlareEnergy2) Second value of flare energy range [kg*m^2/sec^2]: 6.715108e+23 
(FlareEnergy3) Third value of flare energy range [kg*m^2/sec^2]: 8.453820e+23 
(FlareEnergy4) Fourth value of flare energy range [kg*m^2/sec^2]: 1.064273e+24 
(FlareEnergyMin) Minimum flare energy [kg*m^2/sec^2]: 5.334000e+23 
(FlareEnergyMid) Middle flare energy in the range of energy values [kg*m^2/sec^2]: 5.334000e+24 
(FlareEnergyMax) Maximum flare energy [kg*m^2/sec^2]: 5.334000e+25 
(FlareYIntOUT) Instantaneous Davenport FFD y-intercept at current age and mass []: 34.442578 
(FlareSlopeOUT) Instantaneous Davenport FFD slope at current age and mass []: -1.092560 

Output Order: Time[year] Luminosity[LSUN] LXUVStellar[LSUN] LXUVFlare[LSUN] LXUVTot[LSUN]
Grid Output Order:

----- BODY: b ----
Active Modules: AtmEsc
Module Bit Sum: 9
Color: 000000
(Mass) Mass [kg]: 9.963201e+24 
(Radius) Radius [m]: 7.176809e+06 
(RadGyra) Radius of Gyration/Moment of Inertia Constant []: 0.500000 
(BodyType) Type of Body (0 == planet) []: 0.000000 
(Density) Average Density [kg/m^3]: 6434.519056 
(HZLimitDryRunaway) Semi-major axis of Dry Runaway HZ Limit [m]: 8.961727e+09 
(HZLimRecVenus) Recent Venus HZ Limit [m]: 8.023756e+09 
(HZLimRunaway) Runaway Greenhouse HZ Limit [m]: 1.058512e+10 
(HZLimMoistGreenhouse) Moist Greenhouse HZ Limit [m]: 1.061675e+10 
(HZLimMaxGreenhouse) Maximum Greenhouse HZ Limit [m]: 2.015345e+10 
(HZLimEarlyMars) Early Mars HZ Limit [m]: 2.197957e+10 
(Instellation) Orbit-averaged INcident STELLar radiATION [kg/sec^3]: 2.428867e+04 
(MeanMotion) Orbital Mean Motion [/sec]: 4.464377e-05 
(OrbPeriod) Orbital Period [sec]: 1.407405e+05 
(SemiMajorAxis) Semi-major Axis [m]: 2.342843e+09 
(LXUVTot) Total XUV Luminosity [kg/sec^3]: -1.000000 
(EscapeVelocity) Escape Velocity [m/sec]: 1.361291e+04 
----- ATMESC PARAMETERS (b)------
(SurfWaterMass) Surface water mass [kg]: 0.000000 
(EnvelopeMass) Envelope mass [kg]: 0.000000 
(OxygenMass) Oxygen mass in the atmosphere [kg]: 0.000000 
(RGLimit) Runaway greenhouse semi-major axis [m]: 1.014437e+10 
(XO) Atomic oxygen mixing ratio in upper atmosphere []: 0.000000 
(EtaO) Oxygen eta parameter (Luger and Barnes 2015) []: 0.000000 
(PlanetRadius) Planet radius [m]: 7.176809e+06 
(OxygenMantleMass) Mass of oxygen in mantle [kg]: 0.000000 
(RadXUV) XUV radius separating hydro. dyn. escape and equilibrium [m]: -1.000000 
(RadSolid) Radius to the solid surface [m]: -1.000000 
(PresXUV) Pressure at base of thermosphere [(null)]: 5.000000 
(ScaleHeight) Scale height in Lehmer & Catling (2016) model [m]: -1.000000 
(ThermTemp) Isothermal atmospheric temperature [K]: 400.000000 
(AtmGasConst) Atmospheric gas constant [(null)]: 4124.000000 
(PresSurf) Surface pressure due to atmosphere [Pa]: -1.000000 
(DEnvMassDt) Envelope Mass Loss Rate [kg/s]: 0.000000 
(FXUV) XUV flux [W/m^2]: 5.236256 
(AtmXAbsEffH2O) XUV atmospheric escape efficiency for H2O []: 0.300000 
(RocheRadius) Roche Lobe Radius [m]: 4.809027e+07 
(BondiRadius) Bondi Radius [m]: 6.216526e+08 
(HEscapeRegime) Integer flag for H envelope escape regime []: 8.000000 
(RRCriticalFlux) Critical XUV Flux that separates RR and energy-limited escape [W/m^2]: 63.473595 
(CrossoverMass) Crossover mass, defines oxygen is escaping if mc > mo [kg]: 0.000000 
(WaterEscapeRegime) What water escape regime the code is currently in []: 8.000000 
(FXUVCRITDRAG) Critical Drag XUV flux [W/m^2]: 0.520333 
(HREFFLUX) The Hydrogen Reference Flux (m^-2 s^-1) [m^-2 s^-1]: 3.281625e+18 
(XO2) Molecular oxygen mixing ratio in atmosphere []: 0.000000 
(XH2O) Water mixing ratio in upper atmosphere []: 0.000000 
(HDiffFlux) The Hydrogen Diffusion Flux (m^-2 s^-1) [m^-2 s^-1]: 2.499908e+17 
(HRefODragMod) Multiply by H ref flux to get flux with drag []: 1.000000 
(KTide) Mass loss enhancement due to stellar gravity []: 0.777808 
(CumulativeXUVFlux) Cumulative XUV flux [W/m^2]: 5.463564e+18 
(RunawayGreenhouseFlux) Incident flux that triggers runaway greenhouse [kg/sec^3]: 1295.498378 
(RGDuration) Runaway Greenhouse Duration [years]: 0.00000e+00

Output Order: Time[year] CumulativeXUVFlux[W/m^2]
Grid Output Order:
