-------- Log file gj1132.log -------

Executable: /home/vplanet/.local/bin/vplanet
Version: Unknown
System Name: gj1132
Primary Input File: vpl.in
Body File #1: star.in
Body File #2: b.in
Allow files to be overwitten: Yes
Mass Units: Grams
Length Units: Meters
Time Units: Seconds
Angle Units: Radians

------- FORMATTING -----
Verbosity Level: 5
Crossover Decade for Scientific Notation: 4
Number of Digits After Decimal: 6
Integration Method: Runge-Kutta4
Direction: Forward
Time Step: 3.155760e+07
Stop Time: 2.186553e+17
Output Interval: 3.155760e+13
Use Variable Timestep: Yes
dEta: 0.010000
Minimum Value of ecc and obl: 1.000000e-10


---- INITIAL SYSTEM PROPERTIES ----
(Age) System Age [sec]: 1.742503e+14 
(Time) Simulation Time [sec]: 0.000000 
(TotAngMom) Total Angular Momentum [kg*m^2/sec]: 1.380073e+42 
(TotEnergy) Total System Energy [kg*m^2/sec^2]: -1.139564e+40 
(PotEnergy) Body's non-orbital Potential Energy [kg*m^2/sec^2]: -1.144569e+40 
(KinEnergy) Body's non-orbital Kinetic Energy [kg*m^2/sec^2]: 5.009573e+37 
(DeltaTime) Average Timestep Over Last Output Interval [sec]: 0.000000 

----- BODY: star ----
Active Modules: FLARE STELLAR
Module Bit Sum: 577
Color: 000000
(Mass) Mass [kg]: 3.751947e+29 
(Radius) Radius [m]: 4.925238e+08 
(RadGyra) Radius of Gyration/Moment of Inertia Constant []: 0.456240 
(RotAngMom) Rotational Angular Momentum [kg*m^2/sec]: 1.377731e+42 
(RotVel) Rotational Velocity [m/sec]: 3.581734e+04 
(BodyType) Type of Body (0 == planet) []: 0.000000 
(RotRate) Rotational Frequency [/sec]: 7.272205e-05 
(RotPer) Rotational Period [sec]: 8.640000e+04 
(Density) Average Density [kg/m^3]: 749.697941 
(HZLimitDryRunaway) Semi-major axis of Dry Runaway HZ Limit [m]: 2.958434e+10 
(HZLimRecVenus) Recent Venus HZ Limit [m]: 2.650875e+10 
(HZLimRunaway) Runaway Greenhouse HZ Limit [m]: 3.495827e+10 
(HZLimMoistGreenhouse) Moist Greenhouse HZ Limit [m]: 3.507544e+10 
(HZLimMaxGreenhouse) Maximum Greenhouse HZ Limit [m]: 6.668536e+10 
(HZLimEarlyMars) Early Mars HZ Limit [m]: 7.272756e+10 
(Instellation) Orbit-averaged INcident STELLar radiATION [kg/sec^3]: -1.000000 
(CriticalSemiMajorAxis) Holman & Wiegert (1999) P-type Critical Semi-major Axis [m]: -1.000000 
(LXUVTot) Total XUV Luminosity [LSUN]: 0.000124 
(LostEnergy) Body's Total Lost Energy [kg*m^2/sec^2]: 5.562685e-309 
(LostAngMom) Lost Angular Momentum due to Magnetic Braking [kg*m^2/sec]: 5.562685e-309 
(EscapeVelocity) Escape Velocity [m/sec]: 3.188834e+05 
----- STELLAR PARAMETERS (star)------
(Luminosity) Luminosity [LSUN]: 0.047471 
(LXUVStellar) Base X-ray/XUV Luminosity [LSUN]: 0.000113 
(Temperature) Effective Temperature [K]: 3200.883332 
(LXUVFrac) Fraction of luminosity in XUV []: 0.002381 
(RossbyNumber) Rossby Number []: 0.016395 
(DRotPerDtStellar) Time Rate of Change of Rotation Period in STELLAR []: -1.367677e-10 
(WindTorque) Stellar Wind Torque []: 3.950539e+27 
----- FLARE PARAMETERS (star)------
(LXUVFlare) XUV Luminosity from flares [LSUN]: 1.114646e-05 
(FlareFreq1) First value of flare frequency range [/sec]: 1.797146e-06 
(FlareFreq2) Second value of flare frequency range [/sec]: 1.445294e-06 
(FlareFreq3) Third value of flare frequency range [/sec]: 1.162328e-06 
(FlareFreq4) Fourth value of flare frequency range [/sec]: 9.347627e-07 
(FlareFreqMin) Frequency of the flares with the lowest energy [/sec]: 1.797146e-06 
(FlareFreqMid) Frequency of the flares with the middle energy in the energy range [/sec]: 2.033808e-07 
(FlareFreqMax) Frequency of the flares with the highest energy [/sec]: 2.301634e-08 
(FlareEnergy1) First value of flare energy range [kg*m^2/sec^2]: 5.334000e+25 
(FlareEnergy2) Second value of flare energy range [kg*m^2/sec^2]: 7.534475e+25 
(FlareEnergy3) Third value of flare energy range [kg*m^2/sec^2]: 1.064273e+26 
(FlareEnergy4) Fourth value of flare energy range [kg*m^2/sec^2]: 1.503325e+26 
(FlareEnergyMin) Minimum flare energy [kg*m^2/sec^2]: 5.334000e+25 
(FlareEnergyMid) Middle flare energy in the range of energy values [kg*m^2/sec^2]: 1.686759e+27 
(FlareEnergyMax) Maximum flare energy [kg*m^2/sec^2]: 5.334000e+28 
(FlareYIntOUT) Instantaneous Davenport FFD y-intercept at current age and mass []: 19.836927 
(FlareSlopeOUT) Instantaneous Davenport FFD slope at current age and mass []: -0.630849 

Output Order: Time[year] Luminosity[LSUN] LXUVStellar[LSUN] LXUVFlare[LSUN] LXUVTot[LSUN]
Grid Output Order:

----- BODY: b ----
Active Modules: AtmEsc
Module Bit Sum: 9
Color: 000000
(Mass) Mass [kg]: 9.703656e+24 
(Radius) Radius [m]: 7.265143e+06 
(RadGyra) Radius of Gyration/Moment of Inertia Constant []: 0.500000 
(BodyType) Type of Body (0 == planet) []: 0.000000 
(Density) Average Density [kg/m^3]: 6041.074965 
(HZLimitDryRunaway) Semi-major axis of Dry Runaway HZ Limit [m]: 2.958484e+10 
(HZLimRecVenus) Recent Venus HZ Limit [m]: 2.650875e+10 
(HZLimRunaway) Runaway Greenhouse HZ Limit [m]: 3.495827e+10 
(HZLimMoistGreenhouse) Moist Greenhouse HZ Limit [m]: 3.507544e+10 
(HZLimMaxGreenhouse) Maximum Greenhouse HZ Limit [m]: 6.668536e+10 
(HZLimEarlyMars) Early Mars HZ Limit [m]: 7.272756e+10 
(Instellation) Orbit-averaged INcident STELLar radiATION [kg/sec^3]: 2.688320e+05 
(MeanMotion) Orbital Mean Motion [/sec]: 4.464445e-05 
(OrbPeriod) Orbital Period [sec]: 1.407383e+05 
(SemiMajorAxis) Semi-major Axis [m]: 2.324765e+09 
(LXUVTot) Total XUV Luminosity [kg/sec^3]: -1.000000 
(EscapeVelocity) Escape Velocity [m/sec]: 1.335251e+04 
----- ATMESC PARAMETERS (b)------
(SurfWaterMass) Surface water mass [kg]: 0.000000 
(EnvelopeMass) Envelope mass [kg]: 0.000000 
(OxygenMass) Oxygen mass in the atmosphere [kg]: 0.000000 
(RGLimit) Runaway greenhouse semi-major axis [m]: 3.352234e+10 
(XO) Atomic oxygen mixing ratio in upper atmosphere []: 0.000000 
(EtaO) Oxygen eta parameter (Luger and Barnes 2015) []: 0.000000 
(PlanetRadius) Planet radius [m]: 7.265143e+06 
(OxygenMantleMass) Mass of oxygen in mantle [kg]: 0.000000 
(RadXUV) XUV radius separating hydro. dyn. escape and equilibrium [m]: -1.000000 
(RadSolid) Radius to the solid surface [m]: -1.000000 
(PresXUV) Pressure at base of thermosphere [(null)]: 5.000000 
(ScaleHeight) Scale height in Lehmer & Catling (2016) model [m]: -1.000000 
(ThermTemp) Isothermal atmospheric temperature [K]: 400.000000 
(AtmGasConst) Atmospheric gas constant [(null)]: 4124.000000 
(PresSurf) Surface pressure due to atmosphere [Pa]: -1.000000 
(DEnvMassDt) Envelope Mass Loss Rate [kg/s]: 0.000000 
(FXUV) XUV flux [W/m^2]: 703.171102 
(AtmXAbsEffH2O) XUV atmospheric escape efficiency for H2O []: 0.300000 
(RocheRadius) Roche Lobe Radius [m]: 4.766851e+07 
(BondiRadius) Bondi Radius [m]: 3.344127e+08 
(HEscapeRegime) Integer flag for H envelope escape regime []: 8.000000 
(RRCriticalFlux) Critical XUV Flux that separates RR and energy-limited escape [W/m^2]: 57.347868 
(CrossoverMass) Crossover mass, defines oxygen is escaping if mc > mo [kg]: 0.000000 
(WaterEscapeRegime) What water escape regime the code is currently in []: 8.000000 
(FXUVCRITDRAG) Critical Drag XUV flux [W/m^2]: 0.475790 
(HREFFLUX) The Hydrogen Reference Flux (m^-2 s^-1) [m^-2 s^-1]: 4.607981e+20 
(XO2) Molecular oxygen mixing ratio in atmosphere []: 0.000000 
(XH2O) Water mixing ratio in upper atmosphere []: 0.000000 
(HDiffFlux) The Hydrogen Diffusion Flux (m^-2 s^-1) [m^-2 s^-1]: 2.375937e+17 
(HRefODragMod) Multiply by H ref flux to get flux with drag []: 1.000000 
(KTide) Mass loss enhancement due to stellar gravity []: 0.773156 
(CumulativeXUVFlux) Cumulative XUV flux [W/m^2]: 0.000000 
(RunawayGreenhouseFlux) Incident flux that triggers runaway greenhouse [kg/sec^3]: 1292.873629 
(RGDuration) Runaway Greenhouse Duration [years]: 0.00000e+00

Output Order: Time[year] CumulativeXUVFlux[W/m^2]
Grid Output Order:



---- FINAL SYSTEM PROPERTIES ----
(Age) System Age [sec]: 2.188296e+17 
(Time) Simulation Time [sec]: 2.186553e+17 
(TotAngMom) Total Angular Momentum [kg*m^2/sec]: 1.383891e+42 
(TotEnergy) Total System Energy [kg*m^2/sec^2]: -1.138417e+40 
(PotEnergy) Body's non-orbital Potential Energy [kg*m^2/sec^2]: -3.971450e+40 
(KinEnergy) Body's non-orbital Kinetic Energy [kg*m^2/sec^2]: 6.044622e+32 
(DeltaTime) Average Timestep Over Last Output Interval [sec]: 1.434436e+12 

----- BODY: star ----
Active Modules: FLARE STELLAR
Module Bit Sum: 577
Color: 000000
(Mass) Mass [kg]: 3.751947e+29 
(Radius) Radius [m]: 1.419449e+08 
(RadGyra) Radius of Gyration/Moment of Inertia Constant []: 0.460574 
(RotAngMom) Rotational Angular Momentum [kg*m^2/sec]: 1.392345e+39 
(RotVel) Rotational Velocity [m/sec]: 123.245811 
(BodyType) Type of Body (0 == planet) []: 0.000000 
(RotRate) Rotational Frequency [/sec]: 8.682649e-07 
(RotPer) Rotational Period [sec]: 7.236484e+06 
(Density) Average Density [kg/m^3]: 3.131903e+04 
(HZLimitDryRunaway) Semi-major axis of Dry Runaway HZ Limit [m]: 8.711323e+09 
(HZLimRecVenus) Recent Venus HZ Limit [m]: 7.801251e+09 
(HZLimRunaway) Runaway Greenhouse HZ Limit [m]: 1.029057e+10 
(HZLimMoistGreenhouse) Moist Greenhouse HZ Limit [m]: 1.032234e+10 
(HZLimMaxGreenhouse) Maximum Greenhouse HZ Limit [m]: 1.960277e+10 
(HZLimEarlyMars) Early Mars HZ Limit [m]: 2.137897e+10 
(Instellation) Orbit-averaged INcident STELLar radiATION [kg/sec^3]: -1.000000 
(CriticalSemiMajorAxis) Holman & Wiegert (1999) P-type Critical Semi-major Axis [m]: -1.000000 
(LXUVTot) Total XUV Luminosity [LSUN]: 4.902472e-07 
(LostEnergy) Body's Total Lost Energy [kg*m^2/sec^2]: 2.833038e+40 
(LostAngMom) Lost Angular Momentum due to Magnetic Braking [kg*m^2/sec]: 1.380157e+42 
(EscapeVelocity) Escape Velocity [m/sec]: 5.939988e+05 
----- STELLAR PARAMETERS (star)------
(Luminosity) Luminosity [LSUN]: 0.004116 
(LXUVStellar) Base X-ray/XUV Luminosity [LSUN]: 1.379852e-07 
(Temperature) Effective Temperature [K]: 3230.378702 
(LXUVFrac) Fraction of luminosity in XUV []: 3.352398e-05 
(RossbyNumber) Rossby Number []: 1.394036 
(DRotPerDtStellar) Time Rate of Change of Rotation Period in STELLAR []: 2.601338e-11 
(WindTorque) Stellar Wind Torque []: 3.208683e+21 
----- FLARE PARAMETERS (star)------
(LXUVFlare) XUV Luminosity from flares [LSUN]: 3.522618e-07 
(FlareFreq1) First value of flare frequency range [/sec]: 5.595355e-07 
(FlareFreq2) Second value of flare frequency range [/sec]: 3.840871e-07 
(FlareFreq3) Third value of flare frequency range [/sec]: 2.636524e-07 
(FlareFreq4) Fourth value of flare frequency range [/sec]: 1.809813e-07 
(FlareFreqMin) Frequency of the flares with the lowest energy [/sec]: 5.595355e-07 
(FlareFreqMid) Frequency of the flares with the middle energy in the energy range [/sec]: 1.299714e-08 
(FlareFreqMax) Frequency of the flares with the highest energy [/sec]: 3.019035e-10 
(FlareEnergy1) First value of flare energy range [kg*m^2/sec^2]: 5.334000e+25 
(FlareEnergy2) Second value of flare energy range [kg*m^2/sec^2]: 7.534475e+25 
(FlareEnergy3) Third value of flare energy range [kg*m^2/sec^2]: 1.064273e+26 
(FlareEnergy4) Fourth value of flare energy range [kg*m^2/sec^2]: 1.503325e+26 
(FlareEnergyMin) Minimum flare energy [kg*m^2/sec^2]: 5.334000e+25 
(FlareEnergyMid) Middle flare energy in the range of energy values [kg*m^2/sec^2]: 1.686759e+27 
(FlareEnergyMax) Maximum flare energy [kg*m^2/sec^2]: 5.334000e+28 
(FlareYIntOUT) Instantaneous Davenport FFD y-intercept at current age and mass []: 34.334569 
(FlareSlopeOUT) Instantaneous Davenport FFD slope at current age and mass []: -1.089320 

Output Order: Time[year] Luminosity[LSUN] LXUVStellar[LSUN] LXUVFlare[LSUN] LXUVTot[LSUN]
Grid Output Order:

----- BODY: b ----
Active Modules: AtmEsc
Module Bit Sum: 9
Color: 000000
(Mass) Mass [kg]: 9.703656e+24 
(Radius) Radius [m]: 7.265143e+06 
(RadGyra) Radius of Gyration/Moment of Inertia Constant []: 0.500000 
(BodyType) Type of Body (0 == planet) []: 0.000000 
(Density) Average Density [kg/m^3]: 6041.074965 
(HZLimitDryRunaway) Semi-major axis of Dry Runaway HZ Limit [m]: 8.711468e+09 
(HZLimRecVenus) Recent Venus HZ Limit [m]: 7.801251e+09 
(HZLimRunaway) Runaway Greenhouse HZ Limit [m]: 1.029057e+10 
(HZLimMoistGreenhouse) Moist Greenhouse HZ Limit [m]: 1.032234e+10 
(HZLimMaxGreenhouse) Maximum Greenhouse HZ Limit [m]: 1.960277e+10 
(HZLimEarlyMars) Early Mars HZ Limit [m]: 2.137897e+10 
(Instellation) Orbit-averaged INcident STELLar radiATION [kg/sec^3]: 2.330909e+04 
(MeanMotion) Orbital Mean Motion [/sec]: 4.464445e-05 
(OrbPeriod) Orbital Period [sec]: 1.407383e+05 
(SemiMajorAxis) Semi-major Axis [m]: 2.324765e+09 
(LXUVTot) Total XUV Luminosity [kg/sec^3]: -1.000000 
(EscapeVelocity) Escape Velocity [m/sec]: 1.335251e+04 
----- ATMESC PARAMETERS (b)------
(SurfWaterMass) Surface water mass [kg]: 0.000000 
(EnvelopeMass) Envelope mass [kg]: 0.000000 
(OxygenMass) Oxygen mass in the atmosphere [kg]: 0.000000 
(RGLimit) Runaway greenhouse semi-major axis [m]: 9.867984e+09 
(XO) Atomic oxygen mixing ratio in upper atmosphere []: 0.000000 
(EtaO) Oxygen eta parameter (Luger and Barnes 2015) []: 0.000000 
(PlanetRadius) Planet radius [m]: 7.265143e+06 
(OxygenMantleMass) Mass of oxygen in mantle [kg]: 0.000000 
(RadXUV) XUV radius separating hydro. dyn. escape and equilibrium [m]: -1.000000 
(RadSolid) Radius to the solid surface [m]: -1.000000 
(PresXUV) Pressure at base of thermosphere [(null)]: 5.000000 
(ScaleHeight) Scale height in Lehmer & Catling (2016) model [m]: -1.000000 
(ThermTemp) Isothermal atmospheric temperature [K]: 400.000000 
(AtmGasConst) Atmospheric gas constant [(null)]: 4124.000000 
(PresSurf) Surface pressure due to atmosphere [Pa]: -1.000000 
(DEnvMassDt) Envelope Mass Loss Rate [kg/s]: 0.000000 
(FXUV) XUV flux [W/m^2]: 2.776282 
(AtmXAbsEffH2O) XUV atmospheric escape efficiency for H2O []: 0.300000 
(RocheRadius) Roche Lobe Radius [m]: 4.766851e+07 
(BondiRadius) Bondi Radius [m]: 6.172383e+08 
(HEscapeRegime) Integer flag for H envelope escape regime []: 8.000000 
(RRCriticalFlux) Critical XUV Flux that separates RR and energy-limited escape [W/m^2]: 57.347868 
(CrossoverMass) Crossover mass, defines oxygen is escaping if mc > mo [kg]: 0.000000 
(WaterEscapeRegime) What water escape regime the code is currently in []: 8.000000 
(FXUVCRITDRAG) Critical Drag XUV flux [W/m^2]: 0.475790 
(HREFFLUX) The Hydrogen Reference Flux (m^-2 s^-1) [m^-2 s^-1]: 1.819337e+18 
(XO2) Molecular oxygen mixing ratio in atmosphere []: 0.000000 
(XH2O) Water mixing ratio in upper atmosphere []: 0.000000 
(HDiffFlux) The Hydrogen Diffusion Flux (m^-2 s^-1) [m^-2 s^-1]: 2.375937e+17 
(HRefODragMod) Multiply by H ref flux to get flux with drag []: 1.000000 
(KTide) Mass loss enhancement due to stellar gravity []: 0.773156 
(CumulativeXUVFlux) Cumulative XUV flux [W/m^2]: 2.327784e+18 
(RunawayGreenhouseFlux) Incident flux that triggers runaway greenhouse [kg/sec^3]: 1293.636302 
(RGDuration) Runaway Greenhouse Duration [years]: 0.00000e+00

Output Order: Time[year] CumulativeXUVFlux[W/m^2]
Grid Output Order:
