-------- Log file gj1132.log -------

Executable: /home/vplanet/.local/bin/vplanet
Version: Unknown
System Name: gj1132
Primary Input File: vpl.in
Body File #1: star.in
Body File #2: b.in
Allow files to be overwitten: Yes
Mass Units: Grams
Length Units: Meters
Time Units: Seconds
Angle Units: Radians

------- FORMATTING -----
Verbosity Level: 5
Crossover Decade for Scientific Notation: 4
Number of Digits After Decimal: 6
Integration Method: Runge-Kutta4
Direction: Forward
Time Step: 3.155760e+07
Stop Time: 2.691082e+17
Output Interval: 3.155760e+13
Use Variable Timestep: Yes
dEta: 0.010000
Minimum Value of ecc and obl: 1.000000e-10


---- INITIAL SYSTEM PROPERTIES ----
(Age) System Age [sec]: 1.322240e+14 
(Time) Simulation Time [sec]: 0.000000 
(TotAngMom) Total Angular Momentum [kg*m^2/sec]: 1.795947e+42 
(TotEnergy) Total System Energy [kg*m^2/sec^2]: -1.075472e+40 
(PotEnergy) Body's non-orbital Potential Energy [kg*m^2/sec^2]: -1.081988e+40 
(KinEnergy) Body's non-orbital Kinetic Energy [kg*m^2/sec^2]: 6.521401e+37 
(DeltaTime) Average Timestep Over Last Output Interval [sec]: 0.000000 

----- BODY: star ----
Active Modules: FLARE STELLAR
Module Bit Sum: 577
Color: 000000
(Mass) Mass [kg]: 3.871971e+29 
(Radius) Radius [m]: 5.548779e+08 
(RadGyra) Radius of Gyration/Moment of Inertia Constant []: 0.454837 
(RotAngMom) Rotational Angular Momentum [kg*m^2/sec]: 1.793514e+42 
(RotVel) Rotational Velocity [m/sec]: 4.035186e+04 
(BodyType) Type of Body (0 == planet) []: 0.000000 
(RotRate) Rotational Frequency [/sec]: 7.272205e-05 
(RotPer) Rotational Period [sec]: 8.640000e+04 
(Density) Average Density [kg/m^3]: 541.067046 
(HZLimitDryRunaway) Semi-major axis of Dry Runaway HZ Limit [m]: 3.308287e+10 
(HZLimRecVenus) Recent Venus HZ Limit [m]: 2.964967e+10 
(HZLimRunaway) Runaway Greenhouse HZ Limit [m]: 3.909660e+10 
(HZLimMoistGreenhouse) Moist Greenhouse HZ Limit [m]: 3.923139e+10 
(HZLimMaxGreenhouse) Maximum Greenhouse HZ Limit [m]: 7.461722e+10 
(HZLimEarlyMars) Early Mars HZ Limit [m]: 8.137807e+10 
(Instellation) Orbit-averaged INcident STELLar radiATION [kg/sec^3]: -1.000000 
(CriticalSemiMajorAxis) Holman & Wiegert (1999) P-type Critical Semi-major Axis [m]: -1.000000 
(LXUVTot) Total XUV Luminosity [LSUN]: 0.000210 
(LostEnergy) Body's Total Lost Energy [kg*m^2/sec^2]: 5.562685e-309 
(LostAngMom) Lost Angular Momentum due to Magnetic Braking [kg*m^2/sec]: 5.562685e-309 
(EscapeVelocity) Escape Velocity [m/sec]: 3.052000e+05 
----- STELLAR PARAMETERS (star)------
(Luminosity) Luminosity [LSUN]: 0.059363 
(LXUVStellar) Base X-ray/XUV Luminosity [LSUN]: 0.000209 
(Temperature) Effective Temperature [K]: 3190.106928 
(LXUVFrac) Fraction of luminosity in XUV []: 0.003520 
(RossbyNumber) Rossby Number []: 0.016304 
(DRotPerDtStellar) Time Rate of Change of Rotation Period in STELLAR []: -1.355841e-10 
(WindTorque) Stellar Wind Torque []: 7.305454e+27 
----- FLARE PARAMETERS (star)------
(LXUVFlare) XUV Luminosity from flares [LSUN]: 8.199819e-07 
(FlareFreq1) First value of flare frequency range [/sec]: 3.091362e-05 
(FlareFreq2) Second value of flare frequency range [/sec]: 2.687643e-05 
(FlareFreq3) Third value of flare frequency range [/sec]: 2.336649e-05 
(FlareFreq4) Fourth value of flare frequency range [/sec]: 2.031492e-05 
(FlareFreqMin) Frequency of the flares with the lowest energy [/sec]: 3.091362e-05 
(FlareFreqMid) Frequency of the flares with the middle energy in the energy range [/sec]: 7.627237e-06 
(FlareFreqMax) Frequency of the flares with the highest energy [/sec]: 1.881848e-06 
(FlareEnergy1) First value of flare energy range [kg*m^2/sec^2]: 5.334000e+23 
(FlareEnergy2) Second value of flare energy range [kg*m^2/sec^2]: 6.715108e+23 
(FlareEnergy3) Third value of flare energy range [kg*m^2/sec^2]: 8.453820e+23 
(FlareEnergy4) Fourth value of flare energy range [kg*m^2/sec^2]: 1.064273e+24 
(FlareEnergyMin) Minimum flare energy [kg*m^2/sec^2]: 5.334000e+23 
(FlareEnergyMid) Middle flare energy in the range of energy values [kg*m^2/sec^2]: 5.334000e+24 
(FlareEnergyMax) Maximum flare energy [kg*m^2/sec^2]: 5.334000e+25 
(FlareYIntOUT) Instantaneous Davenport FFD y-intercept at current age and mass []: 19.102034 
(FlareSlopeOUT) Instantaneous Davenport FFD slope at current age and mass []: -0.607783 

Output Order: Time[year] Luminosity[LSUN] LXUVStellar[LSUN] LXUVFlare[LSUN] LXUVTot[LSUN]
Grid Output Order:

----- BODY: b ----
Active Modules: AtmEsc
Module Bit Sum: 9
Color: 000000
(Mass) Mass [kg]: 9.874323e+24 
(Radius) Radius [m]: 7.256303e+06 
(RadGyra) Radius of Gyration/Moment of Inertia Constant []: 0.500000 
(BodyType) Type of Body (0 == planet) []: 0.000000 
(Density) Average Density [kg/m^3]: 6169.819191 
(HZLimitDryRunaway) Semi-major axis of Dry Runaway HZ Limit [m]: 3.308325e+10 
(HZLimRecVenus) Recent Venus HZ Limit [m]: 2.964967e+10 
(HZLimRunaway) Runaway Greenhouse HZ Limit [m]: 3.909660e+10 
(HZLimMoistGreenhouse) Moist Greenhouse HZ Limit [m]: 3.923139e+10 
(HZLimMaxGreenhouse) Maximum Greenhouse HZ Limit [m]: 7.461722e+10 
(HZLimEarlyMars) Early Mars HZ Limit [m]: 8.137807e+10 
(Instellation) Orbit-averaged INcident STELLar radiATION [kg/sec^3]: 3.291682e+05 
(MeanMotion) Orbital Mean Motion [/sec]: 4.464240e-05 
(OrbPeriod) Orbital Period [sec]: 1.407448e+05 
(SemiMajorAxis) Semi-major Axis [m]: 2.349367e+09 
(LXUVTot) Total XUV Luminosity [kg/sec^3]: -1.000000 
(EscapeVelocity) Escape Velocity [m/sec]: 1.347762e+04 
----- ATMESC PARAMETERS (b)------
(SurfWaterMass) Surface water mass [kg]: 0.000000 
(EnvelopeMass) Envelope mass [kg]: 0.000000 
(OxygenMass) Oxygen mass in the atmosphere [kg]: 0.000000 
(RGLimit) Runaway greenhouse semi-major axis [m]: 3.747558e+10 
(XO) Atomic oxygen mixing ratio in upper atmosphere []: 0.000000 
(EtaO) Oxygen eta parameter (Luger and Barnes 2015) []: 0.000000 
(PlanetRadius) Planet radius [m]: 7.256303e+06 
(OxygenMantleMass) Mass of oxygen in mantle [kg]: 0.000000 
(RadXUV) XUV radius separating hydro. dyn. escape and equilibrium [m]: -1.000000 
(RadSolid) Radius to the solid surface [m]: -1.000000 
(PresXUV) Pressure at base of thermosphere [(null)]: 5.000000 
(ScaleHeight) Scale height in Lehmer & Catling (2016) model [m]: -1.000000 
(ThermTemp) Isothermal atmospheric temperature [K]: 400.000000 
(AtmGasConst) Atmospheric gas constant [(null)]: 4124.000000 
(PresSurf) Surface pressure due to atmosphere [Pa]: -1.000000 
(DEnvMassDt) Envelope Mass Loss Rate [kg/s]: 0.000000 
(FXUV) XUV flux [W/m^2]: 1163.359896 
(AtmXAbsEffH2O) XUV atmospheric escape efficiency for H2O []: 0.300000 
(RocheRadius) Roche Lobe Radius [m]: 4.794781e+07 
(BondiRadius) Bondi Radius [m]: 3.199989e+08 
(HEscapeRegime) Integer flag for H envelope escape regime []: 8.000000 
(RRCriticalFlux) Critical XUV Flux that separates RR and energy-limited escape [W/m^2]: 59.842639 
(CrossoverMass) Crossover mass, defines oxygen is escaping if mc > mo [kg]: 0.000000 
(WaterEscapeRegime) What water escape regime the code is currently in []: 8.000000 
(FXUVCRITDRAG) Critical Drag XUV flux [W/m^2]: 0.494477 
(HREFFLUX) The Hydrogen Reference Flux (m^-2 s^-1) [m^-2 s^-1]: 7.467606e+20 
(XO2) Molecular oxygen mixing ratio in atmosphere []: 0.000000 
(XH2O) Water mixing ratio in upper atmosphere []: 0.000000 
(HDiffFlux) The Hydrogen Diffusion Flux (m^-2 s^-1) [m^-2 s^-1]: 2.423619e+17 
(HRefODragMod) Multiply by H ref flux to get flux with drag []: 1.000000 
(KTide) Mass loss enhancement due to stellar gravity []: 0.774727 
(CumulativeXUVFlux) Cumulative XUV flux [W/m^2]: 0.000000 
(RunawayGreenhouseFlux) Incident flux that triggers runaway greenhouse [kg/sec^3]: 1293.638032 
(RGDuration) Runaway Greenhouse Duration [years]: 0.00000e+00

Output Order: Time[year] CumulativeXUVFlux[W/m^2]
Grid Output Order:



---- FINAL SYSTEM PROPERTIES ----
(Age) System Age [sec]: 2.692554e+17 
(Time) Simulation Time [sec]: 2.691232e+17 
(TotAngMom) Total Angular Momentum [kg*m^2/sec]: 1.800439e+42 
(TotEnergy) Total System Energy [kg*m^2/sec^2]: -1.073352e+40 
(PotEnergy) Body's non-orbital Potential Energy [kg*m^2/sec^2]: -4.092530e+40 
(KinEnergy) Body's non-orbital Kinetic Energy [kg*m^2/sec^2]: 5.246741e+32 
(DeltaTime) Average Timestep Over Last Output Interval [sec]: 1.577880e+13 

----- BODY: star ----
Active Modules: FLARE STELLAR
Module Bit Sum: 577
Color: 000000
(Mass) Mass [kg]: 3.871971e+29 
(Radius) Radius [m]: 1.466992e+08 
(RadGyra) Radius of Gyration/Moment of Inertia Constant []: 0.460350 
(RotAngMom) Rotational Angular Momentum [kg*m^2/sec]: 1.361262e+39 
(RotVel) Rotational Velocity [m/sec]: 113.085175 
(BodyType) Type of Body (0 == planet) []: 0.000000 
(RotRate) Rotational Frequency [/sec]: 7.708641e-07 
(RotPer) Rotational Period [sec]: 8.150834e+06 
(Density) Average Density [kg/m^3]: 2.927924e+04 
(HZLimitDryRunaway) Semi-major axis of Dry Runaway HZ Limit [m]: 9.082679e+09 
(HZLimRecVenus) Recent Venus HZ Limit [m]: 8.131193e+09 
(HZLimRunaway) Runaway Greenhouse HZ Limit [m]: 1.072739e+10 
(HZLimMoistGreenhouse) Moist Greenhouse HZ Limit [m]: 1.075890e+10 
(HZLimMaxGreenhouse) Maximum Greenhouse HZ Limit [m]: 2.041898e+10 
(HZLimEarlyMars) Early Mars HZ Limit [m]: 2.226916e+10 
(Instellation) Orbit-averaged INcident STELLar radiATION [kg/sec^3]: -1.000000 
(CriticalSemiMajorAxis) Holman & Wiegert (1999) P-type Critical Semi-major Axis [m]: -1.000000 
(LXUVTot) Total XUV Luminosity [LSUN]: 7.137061e-07 
(LostEnergy) Body's Total Lost Energy [kg*m^2/sec^2]: 3.019184e+40 
(LostAngMom) Lost Angular Momentum due to Magnetic Braking [kg*m^2/sec]: 1.796645e+42 
(EscapeVelocity) Escape Velocity [m/sec]: 5.935664e+05 
----- STELLAR PARAMETERS (star)------
(Luminosity) Luminosity [LSUN]: 0.004474 
(LXUVStellar) Base X-ray/XUV Luminosity [LSUN]: 3.333539e-07 
(Temperature) Effective Temperature [K]: 3246.870196 
(LXUVFrac) Fraction of luminosity in XUV []: 7.450218e-05 
(RossbyNumber) Rossby Number []: 1.583495 
(DRotPerDtStellar) Time Rate of Change of Rotation Period in STELLAR []: 1.242997e-11 
(WindTorque) Stellar Wind Torque []: 2.066078e+21 
----- FLARE PARAMETERS (star)------
(LXUVFlare) XUV Luminosity from flares [LSUN]: 3.803488e-07 
(FlareFreq1) First value of flare frequency range [/sec]: 8.700826e-05 
(FlareFreq2) Second value of flare frequency range [/sec]: 6.753249e-05 
(FlareFreq3) Third value of flare frequency range [/sec]: 5.241615e-05 
(FlareFreq4) Fourth value of flare frequency range [/sec]: 4.068342e-05 
(FlareFreqMin) Frequency of the flares with the lowest energy [/sec]: 8.700826e-05 
(FlareFreqMid) Frequency of the flares with the middle energy in the energy range [/sec]: 6.903728e-06 
(FlareFreqMax) Frequency of the flares with the highest energy [/sec]: 5.477809e-07 
(FlareEnergy1) First value of flare energy range [kg*m^2/sec^2]: 5.334000e+23 
(FlareEnergy2) Second value of flare energy range [kg*m^2/sec^2]: 6.715108e+23 
(FlareEnergy3) Third value of flare energy range [kg*m^2/sec^2]: 8.453820e+23 
(FlareEnergy4) Fourth value of flare energy range [kg*m^2/sec^2]: 1.064273e+24 
(FlareEnergyMin) Minimum flare energy [kg*m^2/sec^2]: 5.334000e+23 
(FlareEnergyMid) Middle flare energy in the range of energy values [kg*m^2/sec^2]: 5.334000e+24 
(FlareEnergyMax) Maximum flare energy [kg*m^2/sec^2]: 5.334000e+25 
(FlareYIntOUT) Instantaneous Davenport FFD y-intercept at current age and mass []: 34.690483 
(FlareSlopeOUT) Instantaneous Davenport FFD slope at current age and mass []: -1.100477 

Output Order: Time[year] Luminosity[LSUN] LXUVStellar[LSUN] LXUVFlare[LSUN] LXUVTot[LSUN]
Grid Output Order:

----- BODY: b ----
Active Modules: AtmEsc
Module Bit Sum: 9
Color: 000000
(Mass) Mass [kg]: 9.874323e+24 
(Radius) Radius [m]: 7.256303e+06 
(RadGyra) Radius of Gyration/Moment of Inertia Constant []: 0.500000 
(BodyType) Type of Body (0 == planet) []: 0.000000 
(Density) Average Density [kg/m^3]: 6169.819191 
(HZLimitDryRunaway) Semi-major axis of Dry Runaway HZ Limit [m]: 9.082783e+09 
(HZLimRecVenus) Recent Venus HZ Limit [m]: 8.131193e+09 
(HZLimRunaway) Runaway Greenhouse HZ Limit [m]: 1.072739e+10 
(HZLimMoistGreenhouse) Moist Greenhouse HZ Limit [m]: 1.075890e+10 
(HZLimMaxGreenhouse) Maximum Greenhouse HZ Limit [m]: 2.041898e+10 
(HZLimEarlyMars) Early Mars HZ Limit [m]: 2.226916e+10 
(Instellation) Orbit-averaged INcident STELLar radiATION [kg/sec^3]: 2.481072e+04 
(MeanMotion) Orbital Mean Motion [/sec]: 4.464240e-05 
(OrbPeriod) Orbital Period [sec]: 1.407448e+05 
(SemiMajorAxis) Semi-major Axis [m]: 2.349367e+09 
(LXUVTot) Total XUV Luminosity [kg/sec^3]: -1.000000 
(EscapeVelocity) Escape Velocity [m/sec]: 1.347762e+04 
----- ATMESC PARAMETERS (b)------
(SurfWaterMass) Surface water mass [kg]: 0.000000 
(EnvelopeMass) Envelope mass [kg]: 0.000000 
(OxygenMass) Oxygen mass in the atmosphere [kg]: 0.000000 
(RGLimit) Runaway greenhouse semi-major axis [m]: 1.028283e+10 
(XO) Atomic oxygen mixing ratio in upper atmosphere []: 0.000000 
(EtaO) Oxygen eta parameter (Luger and Barnes 2015) []: 0.000000 
(PlanetRadius) Planet radius [m]: 7.256303e+06 
(OxygenMantleMass) Mass of oxygen in mantle [kg]: 0.000000 
(RadXUV) XUV radius separating hydro. dyn. escape and equilibrium [m]: -1.000000 
(RadSolid) Radius to the solid surface [m]: -1.000000 
(PresXUV) Pressure at base of thermosphere [(null)]: 5.000000 
(ScaleHeight) Scale height in Lehmer & Catling (2016) model [m]: -1.000000 
(ThermTemp) Isothermal atmospheric temperature [K]: 400.000000 
(AtmGasConst) Atmospheric gas constant [(null)]: 4124.000000 
(PresSurf) Surface pressure due to atmosphere [Pa]: -1.000000 
(DEnvMassDt) Envelope Mass Loss Rate [kg/s]: 0.000000 
(FXUV) XUV flux [W/m^2]: 3.957512 
(AtmXAbsEffH2O) XUV atmospheric escape efficiency for H2O []: 0.300000 
(RocheRadius) Roche Lobe Radius [m]: 4.794781e+07 
(BondiRadius) Bondi Radius [m]: 6.114677e+08 
(HEscapeRegime) Integer flag for H envelope escape regime []: 8.000000 
(RRCriticalFlux) Critical XUV Flux that separates RR and energy-limited escape [W/m^2]: 59.842639 
(CrossoverMass) Crossover mass, defines oxygen is escaping if mc > mo [kg]: 0.000000 
(WaterEscapeRegime) What water escape regime the code is currently in []: 8.000000 
(FXUVCRITDRAG) Critical Drag XUV flux [W/m^2]: 0.494477 
(HREFFLUX) The Hydrogen Reference Flux (m^-2 s^-1) [m^-2 s^-1]: 2.540326e+18 
(XO2) Molecular oxygen mixing ratio in atmosphere []: 0.000000 
(XH2O) Water mixing ratio in upper atmosphere []: 0.000000 
(HDiffFlux) The Hydrogen Diffusion Flux (m^-2 s^-1) [m^-2 s^-1]: 2.423619e+17 
(HRefODragMod) Multiply by H ref flux to get flux with drag []: 1.000000 
(KTide) Mass loss enhancement due to stellar gravity []: 0.774727 
(CumulativeXUVFlux) Cumulative XUV flux [W/m^2]: 5.600068e+18 
(RunawayGreenhouseFlux) Incident flux that triggers runaway greenhouse [kg/sec^3]: 1295.108412 
(RGDuration) Runaway Greenhouse Duration [years]: 0.00000e+00

Output Order: Time[year] CumulativeXUVFlux[W/m^2]
Grid Output Order:
