-------- Log file gj1132.log -------

Executable: /home/vplanet/.local/bin/vplanet
Version: Unknown
System Name: gj1132
Primary Input File: vpl.in
Body File #1: star.in
Body File #2: b.in
Allow files to be overwitten: Yes
Mass Units: Grams
Length Units: Meters
Time Units: Seconds
Angle Units: Radians

------- FORMATTING -----
Verbosity Level: 5
Crossover Decade for Scientific Notation: 4
Number of Digits After Decimal: 6
Integration Method: Runge-Kutta4
Direction: Forward
Time Step: 3.155760e+07
Stop Time: 2.106362e+17
Output Interval: 3.155760e+13
Use Variable Timestep: Yes
dEta: 0.010000
Minimum Value of ecc and obl: 1.000000e-10


---- INITIAL SYSTEM PROPERTIES ----
(Age) System Age [sec]: 1.627995e+14 
(Time) Simulation Time [sec]: 0.000000 
(TotAngMom) Total Angular Momentum [kg*m^2/sec]: 1.526362e+42 
(TotEnergy) Total System Energy [kg*m^2/sec^2]: -1.158854e+40 
(PotEnergy) Body's non-orbital Potential Energy [kg*m^2/sec^2]: -1.164390e+40 
(KinEnergy) Body's non-orbital Kinetic Energy [kg*m^2/sec^2]: 5.541133e+37 
(DeltaTime) Average Timestep Over Last Output Interval [sec]: 0.000000 

----- BODY: star ----
Active Modules: FLARE STELLAR
Module Bit Sum: 577
Color: 000000
(Mass) Mass [kg]: 3.855897e+29 
(Radius) Radius [m]: 5.113379e+08 
(RadGyra) Radius of Gyration/Moment of Inertia Constant []: 0.455908 
(RotAngMom) Rotational Angular Momentum [kg*m^2/sec]: 1.523921e+42 
(RotVel) Rotational Velocity [m/sec]: 3.718554e+04 
(BodyType) Type of Body (0 == planet) []: 0.000000 
(RotRate) Rotational Frequency [/sec]: 7.272205e-05 
(RotPer) Rotational Period [sec]: 8.640000e+04 
(Density) Average Density [kg/m^3]: 688.514070 
(HZLimitDryRunaway) Semi-major axis of Dry Runaway HZ Limit [m]: 3.078723e+10 
(HZLimRecVenus) Recent Venus HZ Limit [m]: 2.758417e+10 
(HZLimRunaway) Runaway Greenhouse HZ Limit [m]: 3.637796e+10 
(HZLimMoistGreenhouse) Moist Greenhouse HZ Limit [m]: 3.649839e+10 
(HZLimMaxGreenhouse) Maximum Greenhouse HZ Limit [m]: 6.937859e+10 
(HZLimEarlyMars) Early Mars HZ Limit [m]: 7.566484e+10 
(Instellation) Orbit-averaged INcident STELLar radiATION [kg/sec^3]: -1.000000 
(CriticalSemiMajorAxis) Holman & Wiegert (1999) P-type Critical Semi-major Axis [m]: -1.000000 
(LXUVTot) Total XUV Luminosity [LSUN]: 1.556373e-05 
(LostEnergy) Body's Total Lost Energy [kg*m^2/sec^2]: 5.562685e-309 
(LostAngMom) Lost Angular Momentum due to Magnetic Braking [kg*m^2/sec]: 5.562685e-309 
(EscapeVelocity) Escape Velocity [m/sec]: 3.172677e+05 
----- STELLAR PARAMETERS (star)------
(Luminosity) Luminosity [LSUN]: 0.051410 
(LXUVStellar) Base X-ray/XUV Luminosity [LSUN]: 1.475713e-05 
(Temperature) Effective Temperature [K]: 3205.460243 
(LXUVFrac) Fraction of luminosity in XUV []: 0.000287 
(RossbyNumber) Rossby Number []: 0.016433 
(DRotPerDtStellar) Time Rate of Change of Rotation Period in STELLAR []: -1.607374e-10 
(WindTorque) Stellar Wind Torque []: 4.737776e+27 
----- FLARE PARAMETERS (star)------
(LXUVFlare) XUV Luminosity from flares [LSUN]: 8.066082e-07 
(FlareFreq1) First value of flare frequency range [/sec]: 3.249966e-05 
(FlareFreq2) Second value of flare frequency range [/sec]: 2.814796e-05 
(FlareFreq3) Third value of flare frequency range [/sec]: 2.437896e-05 
(FlareFreq4) Fourth value of flare frequency range [/sec]: 2.111462e-05 
(FlareFreqMin) Frequency of the flares with the lowest energy [/sec]: 3.249966e-05 
(FlareFreqMid) Frequency of the flares with the middle energy in the energy range [/sec]: 7.718982e-06 
(FlareFreqMax) Frequency of the flares with the highest energy [/sec]: 1.833332e-06 
(FlareEnergy1) First value of flare energy range [kg*m^2/sec^2]: 5.334000e+23 
(FlareEnergy2) Second value of flare energy range [kg*m^2/sec^2]: 6.715108e+23 
(FlareEnergy3) Third value of flare energy range [kg*m^2/sec^2]: 8.453820e+23 
(FlareEnergy4) Fourth value of flare energy range [kg*m^2/sec^2]: 1.064273e+24 
(FlareEnergyMin) Minimum flare energy [kg*m^2/sec^2]: 5.334000e+23 
(FlareEnergyMid) Middle flare energy in the range of energy values [kg*m^2/sec^2]: 5.334000e+24 
(FlareEnergyMax) Maximum flare energy [kg*m^2/sec^2]: 5.334000e+25 
(FlareYIntOUT) Instantaneous Davenport FFD y-intercept at current age and mass []: 19.631872 
(FlareSlopeOUT) Instantaneous Davenport FFD slope at current age and mass []: -0.624319 

Output Order: Time[year] Luminosity[LSUN] LXUVStellar[LSUN] LXUVFlare[LSUN] LXUVTot[LSUN]
Grid Output Order:

----- BODY: b ----
Active Modules: AtmEsc
Module Bit Sum: 9
Color: 000000
(Mass) Mass [kg]: 9.933276e+24 
(Radius) Radius [m]: 7.009142e+06 
(RadGyra) Radius of Gyration/Moment of Inertia Constant []: 0.500000 
(BodyType) Type of Body (0 == planet) []: 0.000000 
(Density) Average Density [kg/m^3]: 6886.671919 
(HZLimitDryRunaway) Semi-major axis of Dry Runaway HZ Limit [m]: 3.078762e+10 
(HZLimRecVenus) Recent Venus HZ Limit [m]: 2.758417e+10 
(HZLimRunaway) Runaway Greenhouse HZ Limit [m]: 3.637796e+10 
(HZLimMoistGreenhouse) Moist Greenhouse HZ Limit [m]: 3.649839e+10 
(HZLimMaxGreenhouse) Maximum Greenhouse HZ Limit [m]: 6.937859e+10 
(HZLimEarlyMars) Early Mars HZ Limit [m]: 7.566484e+10 
(Instellation) Orbit-averaged INcident STELLar radiATION [kg/sec^3]: 2.858753e+05 
(MeanMotion) Orbital Mean Motion [/sec]: 4.464387e-05 
(OrbPeriod) Orbital Period [sec]: 1.407402e+05 
(SemiMajorAxis) Semi-major Axis [m]: 2.346060e+09 
(LXUVTot) Total XUV Luminosity [kg/sec^3]: -1.000000 
(EscapeVelocity) Escape Velocity [m/sec]: 1.375406e+04 
----- ATMESC PARAMETERS (b)------
(SurfWaterMass) Surface water mass [kg]: 0.000000 
(EnvelopeMass) Envelope mass [kg]: 0.000000 
(OxygenMass) Oxygen mass in the atmosphere [kg]: 0.000000 
(RGLimit) Runaway greenhouse semi-major axis [m]: 3.486500e+10 
(XO) Atomic oxygen mixing ratio in upper atmosphere []: 0.000000 
(EtaO) Oxygen eta parameter (Luger and Barnes 2015) []: 0.000000 
(PlanetRadius) Planet radius [m]: 7.009142e+06 
(OxygenMantleMass) Mass of oxygen in mantle [kg]: 0.000000 
(RadXUV) XUV radius separating hydro. dyn. escape and equilibrium [m]: -1.000000 
(RadSolid) Radius to the solid surface [m]: -1.000000 
(PresXUV) Pressure at base of thermosphere [(null)]: 5.000000 
(ScaleHeight) Scale height in Lehmer & Catling (2016) model [m]: -1.000000 
(ThermTemp) Isothermal atmospheric temperature [K]: 400.000000 
(AtmGasConst) Atmospheric gas constant [(null)]: 4124.000000 
(PresSurf) Surface pressure due to atmosphere [Pa]: -1.000000 
(DEnvMassDt) Envelope Mass Loss Rate [kg/s]: 0.000000 
(FXUV) XUV flux [W/m^2]: 86.544704 
(AtmXAbsEffH2O) XUV atmospheric escape efficiency for H2O []: 0.300000 
(RocheRadius) Roche Lobe Radius [m]: 4.804200e+07 
(BondiRadius) Bondi Radius [m]: 3.339635e+08 
(HEscapeRegime) Integer flag for H envelope escape regime []: 8.000000 
(RRCriticalFlux) Critical XUV Flux that separates RR and energy-limited escape [W/m^2]: 68.586065 
(CrossoverMass) Crossover mass, defines oxygen is escaping if mc > mo [kg]: 0.000000 
(WaterEscapeRegime) What water escape regime the code is currently in []: 8.000000 
(FXUVCRITDRAG) Critical Drag XUV flux [W/m^2]: 0.555224 
(HREFFLUX) The Hydrogen Reference Flux (m^-2 s^-1) [m^-2 s^-1]: 5.279837e+19 
(XO2) Molecular oxygen mixing ratio in atmosphere []: 0.000000 
(XH2O) Water mixing ratio in upper atmosphere []: 0.000000 
(HDiffFlux) The Hydrogen Diffusion Flux (m^-2 s^-1) [m^-2 s^-1]: 2.613068e+17 
(HRefODragMod) Multiply by H ref flux to get flux with drag []: 1.000000 
(KTide) Mass loss enhancement due to stellar gravity []: 0.782709 
(CumulativeXUVFlux) Cumulative XUV flux [W/m^2]: 0.000000 
(RunawayGreenhouseFlux) Incident flux that triggers runaway greenhouse [kg/sec^3]: 1294.388051 
(RGDuration) Runaway Greenhouse Duration [years]: 0.00000e+00

Output Order: Time[year] CumulativeXUVFlux[W/m^2]
Grid Output Order:



---- FINAL SYSTEM PROPERTIES ----
(Age) System Age [sec]: 2.108012e+17 
(Time) Simulation Time [sec]: 2.106384e+17 
(TotAngMom) Total Angular Momentum [kg*m^2/sec]: 1.531953e+42 
(TotEnergy) Total System Energy [kg*m^2/sec^2]: -1.155619e+40 
(PotEnergy) Body's non-orbital Potential Energy [kg*m^2/sec^2]: -4.096592e+40 
(KinEnergy) Body's non-orbital Kinetic Energy [kg*m^2/sec^2]: 6.539701e+32 
(DeltaTime) Average Timestep Over Last Output Interval [sec]: 1.972350e+12 

----- BODY: star ----
Active Modules: FLARE STELLAR
Module Bit Sum: 577
Color: 000000
(Mass) Mass [kg]: 3.855897e+29 
(Radius) Radius [m]: 1.453395e+08 
(RadGyra) Radius of Gyration/Moment of Inertia Constant []: 0.460433 
(RotAngMom) Rotational Angular Momentum [kg*m^2/sec]: 1.502818e+39 
(RotVel) Rotational Velocity [m/sec]: 126.492620 
(BodyType) Type of Body (0 == planet) []: 0.000000 
(RotRate) Rotational Frequency [/sec]: 8.703249e-07 
(RotPer) Rotational Period [sec]: 7.219356e+06 
(Density) Average Density [kg/m^3]: 2.998371e+04 
(HZLimitDryRunaway) Semi-major axis of Dry Runaway HZ Limit [m]: 8.996460e+09 
(HZLimRecVenus) Recent Venus HZ Limit [m]: 8.054537e+09 
(HZLimRunaway) Runaway Greenhouse HZ Limit [m]: 1.062593e+10 
(HZLimMoistGreenhouse) Moist Greenhouse HZ Limit [m]: 1.065747e+10 
(HZLimMaxGreenhouse) Maximum Greenhouse HZ Limit [m]: 2.022908e+10 
(HZLimEarlyMars) Early Mars HZ Limit [m]: 2.206205e+10 
(Instellation) Orbit-averaged INcident STELLar radiATION [kg/sec^3]: -1.000000 
(CriticalSemiMajorAxis) Holman & Wiegert (1999) P-type Critical Semi-major Axis [m]: -1.000000 
(LXUVTot) Total XUV Luminosity [LSUN]: 7.906921e-07 
(LostEnergy) Body's Total Lost Energy [kg*m^2/sec^2]: 2.940978e+40 
(LostAngMom) Lost Angular Momentum due to Magnetic Braking [kg*m^2/sec]: 1.528010e+42 
(EscapeVelocity) Escape Velocity [m/sec]: 5.950974e+05 
----- STELLAR PARAMETERS (star)------
(Luminosity) Luminosity [LSUN]: 0.004390 
(LXUVStellar) Base X-ray/XUV Luminosity [LSUN]: 3.991172e-07 
(Temperature) Effective Temperature [K]: 3243.509447 
(LXUVFrac) Fraction of luminosity in XUV []: 9.091772e-05 
(RossbyNumber) Rossby Number []: 1.400121 
(DRotPerDtStellar) Time Rate of Change of Rotation Period in STELLAR []: 1.724258e-11 
(WindTorque) Stellar Wind Torque []: 3.616602e+21 
----- FLARE PARAMETERS (star)------
(LXUVFlare) XUV Luminosity from flares [LSUN]: 3.915745e-07 
(FlareFreq1) First value of flare frequency range [/sec]: 8.585508e-05 
(FlareFreq2) Second value of flare frequency range [/sec]: 6.683616e-05 
(FlareFreq3) Third value of flare frequency range [/sec]: 5.203038e-05 
(FlareFreq4) Fourth value of flare frequency range [/sec]: 4.050443e-05 
(FlareFreqMin) Frequency of the flares with the lowest energy [/sec]: 8.585508e-05 
(FlareFreqMid) Frequency of the flares with the middle energy in the energy range [/sec]: 7.018123e-06 
(FlareFreqMax) Frequency of the flares with the highest energy [/sec]: 5.736883e-07 
(FlareEnergy1) First value of flare energy range [kg*m^2/sec^2]: 5.334000e+23 
(FlareEnergy2) Second value of flare energy range [kg*m^2/sec^2]: 6.715108e+23 
(FlareEnergy3) Third value of flare energy range [kg*m^2/sec^2]: 8.453820e+23 
(FlareEnergy4) Fourth value of flare energy range [kg*m^2/sec^2]: 1.064273e+24 
(FlareEnergyMin) Minimum flare energy [kg*m^2/sec^2]: 5.334000e+23 
(FlareEnergyMid) Middle flare energy in the range of energy values [kg*m^2/sec^2]: 5.334000e+24 
(FlareEnergyMax) Maximum flare energy [kg*m^2/sec^2]: 5.334000e+25 
(FlareYIntOUT) Instantaneous Davenport FFD y-intercept at current age and mass []: 34.287333 
(FlareSlopeOUT) Instantaneous Davenport FFD slope at current age and mass []: -1.087545 

Output Order: Time[year] Luminosity[LSUN] LXUVStellar[LSUN] LXUVFlare[LSUN] LXUVTot[LSUN]
Grid Output Order:

----- BODY: b ----
Active Modules: AtmEsc
Module Bit Sum: 9
Color: 000000
(Mass) Mass [kg]: 9.933276e+24 
(Radius) Radius [m]: 7.009142e+06 
(RadGyra) Radius of Gyration/Moment of Inertia Constant []: 0.500000 
(BodyType) Type of Body (0 == planet) []: 0.000000 
(Density) Average Density [kg/m^3]: 6886.671919 
(HZLimitDryRunaway) Semi-major axis of Dry Runaway HZ Limit [m]: 8.996574e+09 
(HZLimRecVenus) Recent Venus HZ Limit [m]: 8.054537e+09 
(HZLimRunaway) Runaway Greenhouse HZ Limit [m]: 1.062593e+10 
(HZLimMoistGreenhouse) Moist Greenhouse HZ Limit [m]: 1.065747e+10 
(HZLimMaxGreenhouse) Maximum Greenhouse HZ Limit [m]: 2.022908e+10 
(HZLimEarlyMars) Early Mars HZ Limit [m]: 2.206205e+10 
(Instellation) Orbit-averaged INcident STELLar radiATION [kg/sec^3]: 2.441061e+04 
(MeanMotion) Orbital Mean Motion [/sec]: 4.464387e-05 
(OrbPeriod) Orbital Period [sec]: 1.407402e+05 
(SemiMajorAxis) Semi-major Axis [m]: 2.346060e+09 
(LXUVTot) Total XUV Luminosity [kg/sec^3]: -1.000000 
(EscapeVelocity) Escape Velocity [m/sec]: 1.375406e+04 
----- ATMESC PARAMETERS (b)------
(SurfWaterMass) Surface water mass [kg]: 0.000000 
(EnvelopeMass) Envelope mass [kg]: 0.000000 
(OxygenMass) Oxygen mass in the atmosphere [kg]: 0.000000 
(RGLimit) Runaway greenhouse semi-major axis [m]: 1.018416e+10 
(XO) Atomic oxygen mixing ratio in upper atmosphere []: 0.000000 
(EtaO) Oxygen eta parameter (Luger and Barnes 2015) []: 0.000000 
(PlanetRadius) Planet radius [m]: 7.009142e+06 
(OxygenMantleMass) Mass of oxygen in mantle [kg]: 0.000000 
(RadXUV) XUV radius separating hydro. dyn. escape and equilibrium [m]: -1.000000 
(RadSolid) Radius to the solid surface [m]: -1.000000 
(PresXUV) Pressure at base of thermosphere [(null)]: 5.000000 
(ScaleHeight) Scale height in Lehmer & Catling (2016) model [m]: -1.000000 
(ThermTemp) Isothermal atmospheric temperature [K]: 400.000000 
(AtmGasConst) Atmospheric gas constant [(null)]: 4124.000000 
(PresSurf) Surface pressure due to atmosphere [Pa]: -1.000000 
(DEnvMassDt) Envelope Mass Loss Rate [kg/s]: 0.000000 
(FXUV) XUV flux [W/m^2]: 4.396774 
(AtmXAbsEffH2O) XUV atmospheric escape efficiency for H2O []: 0.300000 
(RocheRadius) Roche Lobe Radius [m]: 4.804200e+07 
(BondiRadius) Bondi Radius [m]: 6.190651e+08 
(HEscapeRegime) Integer flag for H envelope escape regime []: 8.000000 
(RRCriticalFlux) Critical XUV Flux that separates RR and energy-limited escape [W/m^2]: 68.586065 
(CrossoverMass) Crossover mass, defines oxygen is escaping if mc > mo [kg]: 0.000000 
(WaterEscapeRegime) What water escape regime the code is currently in []: 8.000000 
(FXUVCRITDRAG) Critical Drag XUV flux [W/m^2]: 0.555224 
(HREFFLUX) The Hydrogen Reference Flux (m^-2 s^-1) [m^-2 s^-1]: 2.682342e+18 
(XO2) Molecular oxygen mixing ratio in atmosphere []: 0.000000 
(XH2O) Water mixing ratio in upper atmosphere []: 0.000000 
(HDiffFlux) The Hydrogen Diffusion Flux (m^-2 s^-1) [m^-2 s^-1]: 2.613068e+17 
(HRefODragMod) Multiply by H ref flux to get flux with drag []: 1.000000 
(KTide) Mass loss enhancement due to stellar gravity []: 0.782709 
(CumulativeXUVFlux) Cumulative XUV flux [W/m^2]: 1.564963e+18 
(RunawayGreenhouseFlux) Incident flux that triggers runaway greenhouse [kg/sec^3]: 1295.375922 
(RGDuration) Runaway Greenhouse Duration [years]: 0.00000e+00

Output Order: Time[year] CumulativeXUVFlux[W/m^2]
Grid Output Order:
