-------- Log file gj1132.log -------

Executable: /home/vplanet/.local/bin/vplanet
Version: Unknown
System Name: gj1132
Primary Input File: vpl.in
Body File #1: star.in
Body File #2: b.in
Allow files to be overwitten: Yes
Mass Units: Grams
Length Units: Meters
Time Units: Seconds
Angle Units: Radians

------- FORMATTING -----
Verbosity Level: 5
Crossover Decade for Scientific Notation: 4
Number of Digits After Decimal: 6
Integration Method: Runge-Kutta4
Direction: Forward
Time Step: 3.155760e+07
Stop Time: 2.521990e+17
Output Interval: 3.155760e+13
Use Variable Timestep: Yes
dEta: 0.010000
Minimum Value of ecc and obl: 1.000000e-10


---- INITIAL SYSTEM PROPERTIES ----
(Age) System Age [sec]: 1.608922e+14 
(Time) Simulation Time [sec]: 0.000000 
(TotAngMom) Total Angular Momentum [kg*m^2/sec]: 1.628326e+42 
(TotEnergy) Total System Energy [kg*m^2/sec^2]: -1.192965e+40 
(PotEnergy) Body's non-orbital Potential Energy [kg*m^2/sec^2]: -1.198871e+40 
(KinEnergy) Body's non-orbital Kinetic Energy [kg*m^2/sec^2]: 5.911768e+37 
(DeltaTime) Average Timestep Over Last Output Interval [sec]: 0.000000 

----- BODY: star ----
Active Modules: FLARE STELLAR
Module Bit Sum: 577
Color: 000000
(Mass) Mass [kg]: 3.952460e+29 
(Radius) Radius [m]: 5.218170e+08 
(RadGyra) Radius of Gyration/Moment of Inertia Constant []: 0.455780 
(RotAngMom) Rotational Angular Momentum [kg*m^2/sec]: 1.625853e+42 
(RotVel) Rotational Velocity [m/sec]: 3.794760e+04 
(BodyType) Type of Body (0 == planet) []: 0.000000 
(RotRate) Rotational Frequency [/sec]: 7.272205e-05 
(RotPer) Rotational Period [sec]: 8.640000e+04 
(Density) Average Density [kg/m^3]: 664.085881 
(HZLimitDryRunaway) Semi-major axis of Dry Runaway HZ Limit [m]: 3.161269e+10 
(HZLimRecVenus) Recent Venus HZ Limit [m]: 2.831723e+10 
(HZLimRunaway) Runaway Greenhouse HZ Limit [m]: 3.734870e+10 
(HZLimMoistGreenhouse) Moist Greenhouse HZ Limit [m]: 3.746834e+10 
(HZLimMaxGreenhouse) Maximum Greenhouse HZ Limit [m]: 7.118996e+10 
(HZLimEarlyMars) Early Mars HZ Limit [m]: 7.764039e+10 
(Instellation) Orbit-averaged INcident STELLar radiATION [kg/sec^3]: -1.000000 
(CriticalSemiMajorAxis) Holman & Wiegert (1999) P-type Critical Semi-major Axis [m]: -1.000000 
(LXUVTot) Total XUV Luminosity [LSUN]: 0.000162 
(LostEnergy) Body's Total Lost Energy [kg*m^2/sec^2]: 5.562685e-309 
(LostAngMom) Lost Angular Momentum due to Magnetic Braking [kg*m^2/sec]: 5.562685e-309 
(EscapeVelocity) Escape Velocity [m/sec]: 3.179742e+05 
----- STELLAR PARAMETERS (star)------
(Luminosity) Luminosity [LSUN]: 0.054204 
(LXUVStellar) Base X-ray/XUV Luminosity [LSUN]: 0.000150 
(Temperature) Effective Temperature [K]: 3217.407459 
(LXUVFrac) Fraction of luminosity in XUV []: 0.002765 
(RossbyNumber) Rossby Number []: 0.016534 
(DRotPerDtStellar) Time Rate of Change of Rotation Period in STELLAR []: -1.582410e-10 
(WindTorque) Stellar Wind Torque []: 5.192793e+27 
----- FLARE PARAMETERS (star)------
(LXUVFlare) XUV Luminosity from flares [LSUN]: 1.223002e-05 
(FlareFreq1) First value of flare frequency range [/sec]: 1.830983e-06 
(FlareFreq2) Second value of flare frequency range [/sec]: 1.479082e-06 
(FlareFreq3) Third value of flare frequency range [/sec]: 1.194814e-06 
(FlareFreq4) Fourth value of flare frequency range [/sec]: 9.651800e-07 
(FlareFreqMin) Frequency of the flares with the lowest energy [/sec]: 1.830983e-06 
(FlareFreqMid) Frequency of the flares with the middle energy in the energy range [/sec]: 2.166528e-07 
(FlareFreqMax) Frequency of the flares with the highest energy [/sec]: 2.563566e-08 
(FlareEnergy1) First value of flare energy range [kg*m^2/sec^2]: 5.334000e+25 
(FlareEnergy2) Second value of flare energy range [kg*m^2/sec^2]: 7.534475e+25 
(FlareEnergy3) Third value of flare energy range [kg*m^2/sec^2]: 1.064273e+26 
(FlareEnergy4) Fourth value of flare energy range [kg*m^2/sec^2]: 1.503325e+26 
(FlareEnergyMin) Minimum flare energy [kg*m^2/sec^2]: 5.334000e+25 
(FlareEnergyMid) Middle flare energy in the range of energy values [kg*m^2/sec^2]: 1.686759e+27 
(FlareEnergyMax) Maximum flare energy [kg*m^2/sec^2]: 5.334000e+28 
(FlareYIntOUT) Instantaneous Davenport FFD y-intercept at current age and mass []: 19.422770 
(FlareSlopeOUT) Instantaneous Davenport FFD slope at current age and mass []: -0.617947 

Output Order: Time[year] Luminosity[LSUN] LXUVStellar[LSUN] LXUVFlare[LSUN] LXUVTot[LSUN]
Grid Output Order:

----- BODY: b ----
Active Modules: AtmEsc
Module Bit Sum: 9
Color: 000000
(Mass) Mass [kg]: 9.901932e+24 
(Radius) Radius [m]: 7.351755e+06 
(RadGyra) Radius of Gyration/Moment of Inertia Constant []: 0.500000 
(BodyType) Type of Body (0 == planet) []: 0.000000 
(Density) Average Density [kg/m^3]: 5949.195294 
(HZLimitDryRunaway) Semi-major axis of Dry Runaway HZ Limit [m]: 3.161315e+10 
(HZLimRecVenus) Recent Venus HZ Limit [m]: 2.831723e+10 
(HZLimRunaway) Runaway Greenhouse HZ Limit [m]: 3.734870e+10 
(HZLimMoistGreenhouse) Moist Greenhouse HZ Limit [m]: 3.746834e+10 
(HZLimMaxGreenhouse) Maximum Greenhouse HZ Limit [m]: 7.118996e+10 
(HZLimEarlyMars) Early Mars HZ Limit [m]: 7.764039e+10 
(Instellation) Orbit-averaged INcident STELLar radiATION [kg/sec^3]: 2.964870e+05 
(MeanMotion) Orbital Mean Motion [/sec]: 4.464448e-05 
(OrbPeriod) Orbital Period [sec]: 1.407382e+05 
(SemiMajorAxis) Semi-major Axis [m]: 2.365461e+09 
(LXUVTot) Total XUV Luminosity [kg/sec^3]: -1.000000 
(EscapeVelocity) Escape Velocity [m/sec]: 1.340855e+04 
----- ATMESC PARAMETERS (b)------
(SurfWaterMass) Surface water mass [kg]: 0.000000 
(EnvelopeMass) Envelope mass [kg]: 0.000000 
(OxygenMass) Oxygen mass in the atmosphere [kg]: 0.000000 
(RGLimit) Runaway greenhouse semi-major axis [m]: 3.579810e+10 
(XO) Atomic oxygen mixing ratio in upper atmosphere []: 0.000000 
(EtaO) Oxygen eta parameter (Luger and Barnes 2015) []: 0.000000 
(PlanetRadius) Planet radius [m]: 7.351755e+06 
(OxygenMantleMass) Mass of oxygen in mantle [kg]: 0.000000 
(RadXUV) XUV radius separating hydro. dyn. escape and equilibrium [m]: -1.000000 
(RadSolid) Radius to the solid surface [m]: -1.000000 
(PresXUV) Pressure at base of thermosphere [(null)]: 5.000000 
(ScaleHeight) Scale height in Lehmer & Catling (2016) model [m]: -1.000000 
(ThermTemp) Isothermal atmospheric temperature [K]: 400.000000 
(AtmGasConst) Atmospheric gas constant [(null)]: 4124.000000 
(PresSurf) Surface pressure due to atmosphere [Pa]: -1.000000 
(DEnvMassDt) Envelope Mass Loss Rate [kg/s]: 0.000000 
(FXUV) XUV flux [W/m^2]: 886.676979 
(AtmXAbsEffH2O) XUV atmospheric escape efficiency for H2O []: 0.300000 
(RocheRadius) Roche Lobe Radius [m]: 4.799097e+07 
(BondiRadius) Bondi Radius [m]: 3.269771e+08 
(HEscapeRegime) Integer flag for H envelope escape regime []: 8.000000 
(RRCriticalFlux) Critical XUV Flux that separates RR and energy-limited escape [W/m^2]: 57.459253 
(CrossoverMass) Crossover mass, defines oxygen is escaping if mc > mo [kg]: 0.000000 
(WaterEscapeRegime) What water escape regime the code is currently in []: 8.000000 
(FXUVCRITDRAG) Critical Drag XUV flux [W/m^2]: 0.478128 
(HREFFLUX) The Hydrogen Reference Flux (m^-2 s^-1) [m^-2 s^-1]: 5.770591e+20 
(XO2) Molecular oxygen mixing ratio in atmosphere []: 0.000000 
(XH2O) Water mixing ratio in upper atmosphere []: 0.000000 
(HDiffFlux) The Hydrogen Diffusion Flux (m^-2 s^-1) [m^-2 s^-1]: 2.367695e+17 
(HRefODragMod) Multiply by H ref flux to get flux with drag []: 1.000000 
(KTide) Mass loss enhancement due to stellar gravity []: 0.772012 
(CumulativeXUVFlux) Cumulative XUV flux [W/m^2]: 0.000000 
(RunawayGreenhouseFlux) Incident flux that triggers runaway greenhouse [kg/sec^3]: 1294.507820 
(RGDuration) Runaway Greenhouse Duration [years]: 0.00000e+00

Output Order: Time[year] CumulativeXUVFlux[W/m^2]
Grid Output Order:



---- FINAL SYSTEM PROPERTIES ----
(Age) System Age [sec]: 2.523692e+17 
(Time) Simulation Time [sec]: 2.522083e+17 
(TotAngMom) Total Angular Momentum [kg*m^2/sec]: 1.631964e+42 
(TotEnergy) Total System Energy [kg*m^2/sec^2]: -1.191203e+40 
(PotEnergy) Body's non-orbital Potential Energy [kg*m^2/sec^2]: -4.146920e+40 
(KinEnergy) Body's non-orbital Kinetic Energy [kg*m^2/sec^2]: 5.650048e+32 
(DeltaTime) Average Timestep Over Last Output Interval [sec]: 3.155760e+13 

----- BODY: star ----
Active Modules: FLARE STELLAR
Module Bit Sum: 577
Color: 000000
(Mass) Mass [kg]: 3.952460e+29 
(Radius) Radius [m]: 1.508569e+08 
(RadGyra) Radius of Gyration/Moment of Inertia Constant []: 0.460164 
(RotAngMom) Rotational Angular Momentum [kg*m^2/sec]: 1.467074e+39 
(RotVel) Rotational Velocity [m/sec]: 116.197043 
(BodyType) Type of Body (0 == planet) []: 0.000000 
(RotRate) Rotational Frequency [/sec]: 7.702469e-07 
(RotPer) Rotational Period [sec]: 8.157365e+06 
(Density) Average Density [kg/m^3]: 2.748423e+04 
(HZLimitDryRunaway) Semi-major axis of Dry Runaway HZ Limit [m]: 9.381966e+09 
(HZLimRecVenus) Recent Venus HZ Limit [m]: 8.397021e+09 
(HZLimRunaway) Runaway Greenhouse HZ Limit [m]: 1.107937e+10 
(HZLimMoistGreenhouse) Moist Greenhouse HZ Limit [m]: 1.111064e+10 
(HZLimMaxGreenhouse) Maximum Greenhouse HZ Limit [m]: 2.107624e+10 
(HZLimEarlyMars) Early Mars HZ Limit [m]: 2.298600e+10 
(Instellation) Orbit-averaged INcident STELLar radiATION [kg/sec^3]: -1.000000 
(CriticalSemiMajorAxis) Holman & Wiegert (1999) P-type Critical Semi-major Axis [m]: -1.000000 
(LXUVTot) Total XUV Luminosity [LSUN]: 4.859535e-07 
(LostEnergy) Body's Total Lost Energy [kg*m^2/sec^2]: 2.955722e+40 
(LostAngMom) Lost Angular Momentum due to Magnetic Braking [kg*m^2/sec]: 1.628023e+42 
(EscapeVelocity) Escape Velocity [m/sec]: 5.913824e+05 
----- STELLAR PARAMETERS (star)------
(Luminosity) Luminosity [LSUN]: 0.004774 
(LXUVStellar) Base X-ray/XUV Luminosity [LSUN]: 1.408148e-07 
(Temperature) Effective Temperature [K]: 3259.620652 
(LXUVFrac) Fraction of luminosity in XUV []: 2.949523e-05 
(RossbyNumber) Rossby Number []: 1.595147 
(DRotPerDtStellar) Time Rate of Change of Rotation Period in STELLAR []: 1.302410e-11 
(WindTorque) Stellar Wind Torque []: 2.356039e+21 
----- FLARE PARAMETERS (star)------
(LXUVFlare) XUV Luminosity from flares [LSUN]: 3.451200e-07 
(FlareFreq1) First value of flare frequency range [/sec]: 5.499490e-07 
(FlareFreq2) Second value of flare frequency range [/sec]: 3.774069e-07 
(FlareFreq3) Third value of flare frequency range [/sec]: 2.589984e-07 
(FlareFreq4) Fourth value of flare frequency range [/sec]: 1.777397e-07 
(FlareFreqMin) Frequency of the flares with the lowest energy [/sec]: 5.499490e-07 
(FlareFreqMid) Frequency of the flares with the middle energy in the energy range [/sec]: 1.274078e-08 
(FlareFreqMax) Frequency of the flares with the highest energy [/sec]: 2.951681e-10 
(FlareEnergy1) First value of flare energy range [kg*m^2/sec^2]: 5.334000e+25 
(FlareEnergy2) Second value of flare energy range [kg*m^2/sec^2]: 7.534475e+25 
(FlareEnergy3) Third value of flare energy range [kg*m^2/sec^2]: 1.064273e+26 
(FlareEnergy4) Fourth value of flare energy range [kg*m^2/sec^2]: 1.503325e+26 
(FlareEnergyMin) Minimum flare energy [kg*m^2/sec^2]: 5.334000e+25 
(FlareEnergyMid) Middle flare energy in the range of energy values [kg*m^2/sec^2]: 1.686759e+27 
(FlareEnergyMax) Maximum flare energy [kg*m^2/sec^2]: 5.334000e+28 
(FlareYIntOUT) Instantaneous Davenport FFD y-intercept at current age and mass []: 34.352084 
(FlareSlopeOUT) Instantaneous Davenport FFD slope at current age and mass []: -1.090084 

Output Order: Time[year] Luminosity[LSUN] LXUVStellar[LSUN] LXUVFlare[LSUN] LXUVTot[LSUN]
Grid Output Order:

----- BODY: b ----
Active Modules: AtmEsc
Module Bit Sum: 9
Color: 000000
(Mass) Mass [kg]: 9.901932e+24 
(Radius) Radius [m]: 7.351755e+06 
(RadGyra) Radius of Gyration/Moment of Inertia Constant []: 0.500000 
(BodyType) Type of Body (0 == planet) []: 0.000000 
(Density) Average Density [kg/m^3]: 5949.195294 
(HZLimitDryRunaway) Semi-major axis of Dry Runaway HZ Limit [m]: 9.382102e+09 
(HZLimRecVenus) Recent Venus HZ Limit [m]: 8.397021e+09 
(HZLimRunaway) Runaway Greenhouse HZ Limit [m]: 1.107937e+10 
(HZLimMoistGreenhouse) Moist Greenhouse HZ Limit [m]: 1.111064e+10 
(HZLimMaxGreenhouse) Maximum Greenhouse HZ Limit [m]: 2.107624e+10 
(HZLimEarlyMars) Early Mars HZ Limit [m]: 2.298600e+10 
(Instellation) Orbit-averaged INcident STELLar radiATION [kg/sec^3]: 2.611383e+04 
(MeanMotion) Orbital Mean Motion [/sec]: 4.464448e-05 
(OrbPeriod) Orbital Period [sec]: 1.407382e+05 
(SemiMajorAxis) Semi-major Axis [m]: 2.365461e+09 
(LXUVTot) Total XUV Luminosity [kg/sec^3]: -1.000000 
(EscapeVelocity) Escape Velocity [m/sec]: 1.340855e+04 
----- ATMESC PARAMETERS (b)------
(SurfWaterMass) Surface water mass [kg]: 0.000000 
(EnvelopeMass) Envelope mass [kg]: 0.000000 
(OxygenMass) Oxygen mass in the atmosphere [kg]: 0.000000 
(RGLimit) Runaway greenhouse semi-major axis [m]: 1.061958e+10 
(XO) Atomic oxygen mixing ratio in upper atmosphere []: 0.000000 
(EtaO) Oxygen eta parameter (Luger and Barnes 2015) []: 0.000000 
(PlanetRadius) Planet radius [m]: 7.351755e+06 
(OxygenMantleMass) Mass of oxygen in mantle [kg]: 0.000000 
(RadXUV) XUV radius separating hydro. dyn. escape and equilibrium [m]: -1.000000 
(RadSolid) Radius to the solid surface [m]: -1.000000 
(PresXUV) Pressure at base of thermosphere [(null)]: 5.000000 
(ScaleHeight) Scale height in Lehmer & Catling (2016) model [m]: -1.000000 
(ThermTemp) Isothermal atmospheric temperature [K]: 400.000000 
(AtmGasConst) Atmospheric gas constant [(null)]: 4124.000000 
(PresSurf) Surface pressure due to atmosphere [Pa]: -1.000000 
(DEnvMassDt) Envelope Mass Loss Rate [kg/s]: 0.000000 
(FXUV) XUV flux [W/m^2]: 2.658085 
(AtmXAbsEffH2O) XUV atmospheric escape efficiency for H2O []: 0.300000 
(RocheRadius) Roche Lobe Radius [m]: 4.799097e+07 
(BondiRadius) Bondi Radius [m]: 6.002510e+08 
(HEscapeRegime) Integer flag for H envelope escape regime []: 8.000000 
(RRCriticalFlux) Critical XUV Flux that separates RR and energy-limited escape [W/m^2]: 57.459253 
(CrossoverMass) Crossover mass, defines oxygen is escaping if mc > mo [kg]: 0.000000 
(WaterEscapeRegime) What water escape regime the code is currently in []: 8.000000 
(FXUVCRITDRAG) Critical Drag XUV flux [W/m^2]: 0.478128 
(HREFFLUX) The Hydrogen Reference Flux (m^-2 s^-1) [m^-2 s^-1]: 1.729911e+18 
(XO2) Molecular oxygen mixing ratio in atmosphere []: 0.000000 
(XH2O) Water mixing ratio in upper atmosphere []: 0.000000 
(HDiffFlux) The Hydrogen Diffusion Flux (m^-2 s^-1) [m^-2 s^-1]: 2.367695e+17 
(HRefODragMod) Multiply by H ref flux to get flux with drag []: 1.000000 
(KTide) Mass loss enhancement due to stellar gravity []: 0.772012 
(CumulativeXUVFlux) Cumulative XUV flux [W/m^2]: 3.424169e+18 
(RunawayGreenhouseFlux) Incident flux that triggers runaway greenhouse [kg/sec^3]: 1295.610663 
(RGDuration) Runaway Greenhouse Duration [years]: 0.00000e+00

Output Order: Time[year] CumulativeXUVFlux[W/m^2]
Grid Output Order:
