-------- Log file gj1132.log -------

Executable: /home/vplanet/.local/bin/vplanet
Version: Unknown
System Name: gj1132
Primary Input File: vpl.in
Body File #1: star.in
Body File #2: b.in
Allow files to be overwitten: Yes
Mass Units: Grams
Length Units: Meters
Time Units: Seconds
Angle Units: Radians

------- FORMATTING -----
Verbosity Level: 5
Crossover Decade for Scientific Notation: 4
Number of Digits After Decimal: 6
Integration Method: Runge-Kutta4
Direction: Forward
Time Step: 3.155760e+07
Stop Time: 2.057642e+17
Output Interval: 3.155760e+13
Use Variable Timestep: Yes
dEta: 0.010000
Minimum Value of ecc and obl: 1.000000e-10


---- INITIAL SYSTEM PROPERTIES ----
(Age) System Age [sec]: 1.021887e+14 
(Time) Simulation Time [sec]: 0.000000 
(TotAngMom) Total Angular Momentum [kg*m^2/sec]: 2.177215e+42 
(TotEnergy) Total System Energy [kg*m^2/sec^2]: -9.739942e+39 
(PotEnergy) Body's non-orbital Potential Energy [kg*m^2/sec^2]: -9.818965e+39 
(KinEnergy) Body's non-orbital Kinetic Energy [kg*m^2/sec^2]: 7.907793e+37 
(DeltaTime) Average Timestep Over Last Output Interval [sec]: 0.000000 

----- BODY: star ----
Active Modules: FLARE STELLAR
Module Bit Sum: 577
Color: 000000
(Mass) Mass [kg]: 3.876156e+29 
(Radius) Radius [m]: 6.127628e+08 
(RadGyra) Radius of Gyration/Moment of Inertia Constant []: 0.453298 
(RotAngMom) Rotational Angular Momentum [kg*m^2/sec]: 2.174799e+42 
(RotVel) Rotational Velocity [m/sec]: 4.456137e+04 
(BodyType) Type of Body (0 == planet) []: 0.000000 
(RotRate) Rotational Frequency [/sec]: 7.272205e-05 
(RotPer) Rotational Period [sec]: 8.640000e+04 
(Density) Average Density [kg/m^3]: 402.193850 
(HZLimitDryRunaway) Semi-major axis of Dry Runaway HZ Limit [m]: 3.625082e+10 
(HZLimRecVenus) Recent Venus HZ Limit [m]: 3.249602e+10 
(HZLimRunaway) Runaway Greenhouse HZ Limit [m]: 4.284544e+10 
(HZLimMoistGreenhouse) Moist Greenhouse HZ Limit [m]: 4.299758e+10 
(HZLimMaxGreenhouse) Maximum Greenhouse HZ Limit [m]: 8.181646e+10 
(HZLimEarlyMars) Early Mars HZ Limit [m]: 8.922955e+10 
(Instellation) Orbit-averaged INcident STELLar radiATION [kg/sec^3]: -1.000000 
(CriticalSemiMajorAxis) Holman & Wiegert (1999) P-type Critical Semi-major Axis [m]: -1.000000 
(LXUVTot) Total XUV Luminosity [LSUN]: 0.000479 
(LostEnergy) Body's Total Lost Energy [kg*m^2/sec^2]: 5.562685e-309 
(LostAngMom) Lost Angular Momentum due to Magnetic Braking [kg*m^2/sec]: 5.562685e-309 
(EscapeVelocity) Escape Velocity [m/sec]: 2.905839e+05 
----- STELLAR PARAMETERS (star)------
(Luminosity) Luminosity [LSUN]: 0.071276 
(LXUVStellar) Base X-ray/XUV Luminosity [LSUN]: 0.000464 
(Temperature) Effective Temperature [K]: 3178.509581 
(LXUVFrac) Fraction of luminosity in XUV []: 0.006505 
(RossbyNumber) Rossby Number []: 0.016208 
(DRotPerDtStellar) Time Rate of Change of Rotation Period in STELLAR []: -1.534766e-10 
(WindTorque) Stellar Wind Torque []: 1.239293e+28 
----- FLARE PARAMETERS (star)------
(LXUVFlare) XUV Luminosity from flares [LSUN]: 1.527372e-05 
(FlareFreq1) First value of flare frequency range [/sec]: 1.975529e-06 
(FlareFreq2) Second value of flare frequency range [/sec]: 1.609817e-06 
(FlareFreq3) Third value of flare frequency range [/sec]: 1.311806e-06 
(FlareFreq4) Fourth value of flare frequency range [/sec]: 1.068963e-06 
(FlareFreqMin) Frequency of the flares with the lowest energy [/sec]: 1.975529e-06 
(FlareFreqMid) Frequency of the flares with the middle energy in the energy range [/sec]: 2.550439e-07 
(FlareFreqMax) Frequency of the flares with the highest energy [/sec]: 3.292658e-08 
(FlareEnergy1) First value of flare energy range [kg*m^2/sec^2]: 5.334000e+25 
(FlareEnergy2) Second value of flare energy range [kg*m^2/sec^2]: 7.534475e+25 
(FlareEnergy3) Third value of flare energy range [kg*m^2/sec^2]: 1.064273e+26 
(FlareEnergy4) Fourth value of flare energy range [kg*m^2/sec^2]: 1.503325e+26 
(FlareEnergyMin) Minimum flare energy [kg*m^2/sec^2]: 5.334000e+25 
(FlareEnergyMid) Middle flare energy in the range of energy values [kg*m^2/sec^2]: 1.686759e+27 
(FlareEnergyMax) Maximum flare energy [kg*m^2/sec^2]: 5.334000e+28 
(FlareYIntOUT) Instantaneous Davenport FFD y-intercept at current age and mass []: 18.629922 
(FlareSlopeOUT) Instantaneous Davenport FFD slope at current age and mass []: -0.592712 

Output Order: Time[year] Luminosity[LSUN] LXUVStellar[LSUN] LXUVFlare[LSUN] LXUVTot[LSUN]
Grid Output Order:

----- BODY: b ----
Active Modules: AtmEsc
Module Bit Sum: 9
Color: 000000
(Mass) Mass [kg]: 9.796247e+24 
(Radius) Radius [m]: 6.885032e+06 
(RadGyra) Radius of Gyration/Moment of Inertia Constant []: 0.500000 
(BodyType) Type of Body (0 == planet) []: 0.000000 
(Density) Average Density [kg/m^3]: 7165.610792 
(HZLimitDryRunaway) Semi-major axis of Dry Runaway HZ Limit [m]: 3.625173e+10 
(HZLimRecVenus) Recent Venus HZ Limit [m]: 3.249602e+10 
(HZLimRunaway) Runaway Greenhouse HZ Limit [m]: 4.284544e+10 
(HZLimMoistGreenhouse) Moist Greenhouse HZ Limit [m]: 4.299758e+10 
(HZLimMaxGreenhouse) Maximum Greenhouse HZ Limit [m]: 8.181646e+10 
(HZLimEarlyMars) Early Mars HZ Limit [m]: 8.922955e+10 
(Instellation) Orbit-averaged INcident STELLar radiATION [kg/sec^3]: 3.949616e+05 
(MeanMotion) Orbital Mean Motion [/sec]: 4.464352e-05 
(OrbPeriod) Orbital Period [sec]: 1.407412e+05 
(SemiMajorAxis) Semi-major Axis [m]: 2.350173e+09 
(LXUVTot) Total XUV Luminosity [kg/sec^3]: -1.000000 
(EscapeVelocity) Escape Velocity [m/sec]: 1.378142e+04 
----- ATMESC PARAMETERS (b)------
(SurfWaterMass) Surface water mass [kg]: 0.000000 
(EnvelopeMass) Envelope mass [kg]: 0.000000 
(OxygenMass) Oxygen mass in the atmosphere [kg]: 0.000000 
(RGLimit) Runaway greenhouse semi-major axis [m]: 4.107612e+10 
(XO) Atomic oxygen mixing ratio in upper atmosphere []: 0.000000 
(EtaO) Oxygen eta parameter (Luger and Barnes 2015) []: 0.000000 
(PlanetRadius) Planet radius [m]: 6.885032e+06 
(OxygenMantleMass) Mass of oxygen in mantle [kg]: 0.000000 
(RadXUV) XUV radius separating hydro. dyn. escape and equilibrium [m]: -1.000000 
(RadSolid) Radius to the solid surface [m]: -1.000000 
(PresXUV) Pressure at base of thermosphere [(null)]: 5.000000 
(ScaleHeight) Scale height in Lehmer & Catling (2016) model [m]: -1.000000 
(ThermTemp) Isothermal atmospheric temperature [K]: 400.000000 
(AtmGasConst) Atmospheric gas constant [(null)]: 4124.000000 
(PresSurf) Surface pressure due to atmosphere [Pa]: -1.000000 
(DEnvMassDt) Envelope Mass Loss Rate [kg/s]: 0.000000 
(FXUV) XUV flux [W/m^2]: 2653.855009 
(AtmXAbsEffH2O) XUV atmospheric escape efficiency for H2O []: 0.300000 
(RocheRadius) Roche Lobe Radius [m]: 4.782030e+07 
(BondiRadius) Bondi Radius [m]: 3.031520e+08 
(HEscapeRegime) Integer flag for H envelope escape regime []: 8.000000 
(RRCriticalFlux) Critical XUV Flux that separates RR and energy-limited escape [W/m^2]: 70.887305 
(CrossoverMass) Crossover mass, defines oxygen is escaping if mc > mo [kg]: 0.000000 
(WaterEscapeRegime) What water escape regime the code is currently in []: 8.000000 
(FXUVCRITDRAG) Critical Drag XUV flux [W/m^2]: 0.569743 
(HREFFLUX) The Hydrogen Reference Flux (m^-2 s^-1) [m^-2 s^-1]: 1.606832e+21 
(XO2) Molecular oxygen mixing ratio in atmosphere []: 0.000000 
(XH2O) Water mixing ratio in upper atmosphere []: 0.000000 
(HDiffFlux) The Hydrogen Diffusion Flux (m^-2 s^-1) [m^-2 s^-1]: 2.670765e+17 
(HRefODragMod) Multiply by H ref flux to get flux with drag []: 1.000000 
(KTide) Mass loss enhancement due to stellar gravity []: 0.785527 
(CumulativeXUVFlux) Cumulative XUV flux [W/m^2]: 0.000000 
(RunawayGreenhouseFlux) Incident flux that triggers runaway greenhouse [kg/sec^3]: 1292.867240 
(RGDuration) Runaway Greenhouse Duration [years]: 0.00000e+00

Output Order: Time[year] CumulativeXUVFlux[W/m^2]
Grid Output Order:



---- FINAL SYSTEM PROPERTIES ----
(Age) System Age [sec]: 2.058690e+17 
(Time) Simulation Time [sec]: 2.057668e+17 
(TotAngMom) Total Angular Momentum [kg*m^2/sec]: 2.184609e+42 
(TotEnergy) Total System Energy [kg*m^2/sec^2]: -9.725320e+39 
(PotEnergy) Body's non-orbital Potential Energy [kg*m^2/sec^2]: -4.114723e+40 
(KinEnergy) Body's non-orbital Kinetic Energy [kg*m^2/sec^2]: 6.797693e+32 
(DeltaTime) Average Timestep Over Last Output Interval [sec]: 7.889400e+12 

----- BODY: star ----
Active Modules: FLARE STELLAR
Module Bit Sum: 577
Color: 000000
(Mass) Mass [kg]: 3.876156e+29 
(Radius) Radius [m]: 1.462236e+08 
(RadGyra) Radius of Gyration/Moment of Inertia Constant []: 0.460437 
(RotAngMom) Rotational Angular Momentum [kg*m^2/sec]: 1.545552e+39 
(RotVel) Rotational Velocity [m/sec]: 128.624984 
(BodyType) Type of Body (0 == planet) []: 0.000000 
(RotRate) Rotational Frequency [/sec]: 8.796458e-07 
(RotPer) Rotational Period [sec]: 7.142858e+06 
(Density) Average Density [kg/m^3]: 2.959785e+04 
(HZLimitDryRunaway) Semi-major axis of Dry Runaway HZ Limit [m]: 9.059007e+09 
(HZLimRecVenus) Recent Venus HZ Limit [m]: 8.110073e+09 
(HZLimRunaway) Runaway Greenhouse HZ Limit [m]: 1.069948e+10 
(HZLimMoistGreenhouse) Moist Greenhouse HZ Limit [m]: 1.073096e+10 
(HZLimMaxGreenhouse) Maximum Greenhouse HZ Limit [m]: 2.036630e+10 
(HZLimEarlyMars) Early Mars HZ Limit [m]: 2.221170e+10 
(Instellation) Orbit-averaged INcident STELLar radiATION [kg/sec^3]: -1.000000 
(CriticalSemiMajorAxis) Holman & Wiegert (1999) P-type Critical Semi-major Axis [m]: -1.000000 
(LXUVTot) Total XUV Luminosity [LSUN]: 1.625664e-06 
(LostEnergy) Body's Total Lost Energy [kg*m^2/sec^2]: 3.142196e+40 
(LostAngMom) Lost Angular Momentum due to Magnetic Braking [kg*m^2/sec]: 2.180648e+42 
(EscapeVelocity) Escape Velocity [m/sec]: 5.948522e+05 
----- STELLAR PARAMETERS (star)------
(Luminosity) Luminosity [LSUN]: 0.004451 
(LXUVStellar) Base X-ray/XUV Luminosity [LSUN]: 1.256090e-06 
(Temperature) Effective Temperature [K]: 3246.414516 
(LXUVFrac) Fraction of luminosity in XUV []: 0.000282 
(RossbyNumber) Rossby Number []: 1.387348 
(DRotPerDtStellar) Time Rate of Change of Rotation Period in STELLAR []: 1.807361e-11 
(WindTorque) Stellar Wind Torque []: 3.926107e+21 
----- FLARE PARAMETERS (star)------
(LXUVFlare) XUV Luminosity from flares [LSUN]: 3.695715e-07 
(FlareFreq1) First value of flare frequency range [/sec]: 5.769615e-07 
(FlareFreq2) Second value of flare frequency range [/sec]: 3.966134e-07 
(FlareFreq3) Third value of flare frequency range [/sec]: 2.726390e-07 
(FlareFreq4) Fourth value of flare frequency range [/sec]: 1.874168e-07 
(FlareFreqMin) Frequency of the flares with the lowest energy [/sec]: 5.769615e-07 
(FlareFreqMid) Frequency of the flares with the middle energy in the energy range [/sec]: 1.359416e-08 
(FlareFreqMax) Frequency of the flares with the highest energy [/sec]: 3.203008e-10 
(FlareEnergy1) First value of flare energy range [kg*m^2/sec^2]: 5.334000e+25 
(FlareEnergy2) Second value of flare energy range [kg*m^2/sec^2]: 7.534475e+25 
(FlareEnergy3) Third value of flare energy range [kg*m^2/sec^2]: 1.064273e+26 
(FlareEnergy4) Fourth value of flare energy range [kg*m^2/sec^2]: 1.503325e+26 
(FlareEnergyMin) Minimum flare energy [kg*m^2/sec^2]: 5.334000e+25 
(FlareEnergyMid) Middle flare energy in the range of energy values [kg*m^2/sec^2]: 1.686759e+27 
(FlareEnergyMax) Maximum flare energy [kg*m^2/sec^2]: 5.334000e+28 
(FlareYIntOUT) Instantaneous Davenport FFD y-intercept at current age and mass []: 34.212937 
(FlareSlopeOUT) Instantaneous Davenport FFD slope at current age and mass []: -1.085196 

Output Order: Time[year] Luminosity[LSUN] LXUVStellar[LSUN] LXUVFlare[LSUN] LXUVTot[LSUN]
Grid Output Order:

----- BODY: b ----
Active Modules: AtmEsc
Module Bit Sum: 9
Color: 000000
(Mass) Mass [kg]: 9.796247e+24 
(Radius) Radius [m]: 6.885032e+06 
(RadGyra) Radius of Gyration/Moment of Inertia Constant []: 0.500000 
(BodyType) Type of Body (0 == planet) []: 0.000000 
(Density) Average Density [kg/m^3]: 7165.610792 
(HZLimitDryRunaway) Semi-major axis of Dry Runaway HZ Limit [m]: 9.059235e+09 
(HZLimRecVenus) Recent Venus HZ Limit [m]: 8.110073e+09 
(HZLimRunaway) Runaway Greenhouse HZ Limit [m]: 1.069948e+10 
(HZLimMoistGreenhouse) Moist Greenhouse HZ Limit [m]: 1.073096e+10 
(HZLimMaxGreenhouse) Maximum Greenhouse HZ Limit [m]: 2.036630e+10 
(HZLimEarlyMars) Early Mars HZ Limit [m]: 2.221170e+10 
(Instellation) Orbit-averaged INcident STELLar radiATION [kg/sec^3]: 2.466496e+04 
(MeanMotion) Orbital Mean Motion [/sec]: 4.464352e-05 
(OrbPeriod) Orbital Period [sec]: 1.407412e+05 
(SemiMajorAxis) Semi-major Axis [m]: 2.350173e+09 
(LXUVTot) Total XUV Luminosity [kg/sec^3]: -1.000000 
(EscapeVelocity) Escape Velocity [m/sec]: 1.378142e+04 
----- ATMESC PARAMETERS (b)------
(SurfWaterMass) Surface water mass [kg]: 0.000000 
(EnvelopeMass) Envelope mass [kg]: 0.000000 
(OxygenMass) Oxygen mass in the atmosphere [kg]: 0.000000 
(RGLimit) Runaway greenhouse semi-major axis [m]: 1.025788e+10 
(XO) Atomic oxygen mixing ratio in upper atmosphere []: 0.000000 
(EtaO) Oxygen eta parameter (Luger and Barnes 2015) []: 0.000000 
(PlanetRadius) Planet radius [m]: 6.885032e+06 
(OxygenMantleMass) Mass of oxygen in mantle [kg]: 0.000000 
(RadXUV) XUV radius separating hydro. dyn. escape and equilibrium [m]: -1.000000 
(RadSolid) Radius to the solid surface [m]: -1.000000 
(PresXUV) Pressure at base of thermosphere [(null)]: 5.000000 
(ScaleHeight) Scale height in Lehmer & Catling (2016) model [m]: -1.000000 
(ThermTemp) Isothermal atmospheric temperature [K]: 400.000000 
(AtmGasConst) Atmospheric gas constant [(null)]: 4124.000000 
(PresSurf) Surface pressure due to atmosphere [Pa]: -1.000000 
(DEnvMassDt) Envelope Mass Loss Rate [kg/s]: 0.000000 
(FXUV) XUV flux [W/m^2]: 9.008273 
(AtmXAbsEffH2O) XUV atmospheric escape efficiency for H2O []: 0.300000 
(RocheRadius) Roche Lobe Radius [m]: 4.782030e+07 
(BondiRadius) Bondi Radius [m]: 6.075996e+08 
(HEscapeRegime) Integer flag for H envelope escape regime []: 8.000000 
(RRCriticalFlux) Critical XUV Flux that separates RR and energy-limited escape [W/m^2]: 70.887305 
(CrossoverMass) Crossover mass, defines oxygen is escaping if mc > mo [kg]: 0.000000 
(WaterEscapeRegime) What water escape regime the code is currently in []: 8.000000 
(FXUVCRITDRAG) Critical Drag XUV flux [W/m^2]: 0.569743 
(HREFFLUX) The Hydrogen Reference Flux (m^-2 s^-1) [m^-2 s^-1]: 5.454246e+18 
(XO2) Molecular oxygen mixing ratio in atmosphere []: 0.000000 
(XH2O) Water mixing ratio in upper atmosphere []: 0.000000 
(HDiffFlux) The Hydrogen Diffusion Flux (m^-2 s^-1) [m^-2 s^-1]: 2.670765e+17 
(HRefODragMod) Multiply by H ref flux to get flux with drag []: 1.000000 
(KTide) Mass loss enhancement due to stellar gravity []: 0.785527 
(CumulativeXUVFlux) Cumulative XUV flux [W/m^2]: 8.392895e+18 
(RunawayGreenhouseFlux) Incident flux that triggers runaway greenhouse [kg/sec^3]: 1294.622260 
(RGDuration) Runaway Greenhouse Duration [years]: 0.00000e+00

Output Order: Time[year] CumulativeXUVFlux[W/m^2]
Grid Output Order:
