-------- Log file gj1132.log -------

Executable: /home/vplanet/.local/bin/vplanet
Version: Unknown
System Name: gj1132
Primary Input File: vpl.in
Body File #1: star.in
Body File #2: b.in
Allow files to be overwitten: Yes
Mass Units: Grams
Length Units: Meters
Time Units: Seconds
Angle Units: Radians

------- FORMATTING -----
Verbosity Level: 5
Crossover Decade for Scientific Notation: 4
Number of Digits After Decimal: 6
Integration Method: Runge-Kutta4
Direction: Forward
Time Step: 3.155760e+07
Stop Time: 1.883881e+17
Output Interval: 3.155760e+13
Use Variable Timestep: Yes
dEta: 0.010000
Minimum Value of ecc and obl: 1.000000e-10


---- INITIAL SYSTEM PROPERTIES ----
(Age) System Age [sec]: 1.637997e+14 
(Time) Simulation Time [sec]: 0.000000 
(TotAngMom) Total Angular Momentum [kg*m^2/sec]: 1.496677e+42 
(TotEnergy) Total System Energy [kg*m^2/sec^2]: -1.148386e+40 
(PotEnergy) Body's non-orbital Potential Energy [kg*m^2/sec^2]: -1.153814e+40 
(KinEnergy) Body's non-orbital Kinetic Energy [kg*m^2/sec^2]: 5.433359e+37 
(DeltaTime) Average Timestep Over Last Output Interval [sec]: 0.000000 

----- BODY: star ----
Active Modules: FLARE STELLAR
Module Bit Sum: 577
Color: 000000
(Mass) Mass [kg]: 3.826664e+29 
(Radius) Radius [m]: 5.082303e+08 
(RadGyra) Radius of Gyration/Moment of Inertia Constant []: 0.455945 
(RotAngMom) Rotational Angular Momentum [kg*m^2/sec]: 1.494281e+42 
(RotVel) Rotational Velocity [m/sec]: 3.695955e+04 
(BodyType) Type of Body (0 == planet) []: 0.000000 
(RotRate) Rotational Frequency [/sec]: 7.272205e-05 
(RotPer) Rotational Period [sec]: 8.640000e+04 
(Density) Average Density [kg/m^3]: 695.905304 
(HZLimitDryRunaway) Semi-major axis of Dry Runaway HZ Limit [m]: 3.055809e+10 
(HZLimRecVenus) Recent Venus HZ Limit [m]: 2.738026e+10 
(HZLimRunaway) Runaway Greenhouse HZ Limit [m]: 3.610819e+10 
(HZLimMoistGreenhouse) Moist Greenhouse HZ Limit [m]: 3.622858e+10 
(HZLimMaxGreenhouse) Maximum Greenhouse HZ Limit [m]: 6.887267e+10 
(HZLimEarlyMars) Early Mars HZ Limit [m]: 7.511307e+10 
(Instellation) Orbit-averaged INcident STELLar radiATION [kg/sec^3]: -1.000000 
(CriticalSemiMajorAxis) Holman & Wiegert (1999) P-type Critical Semi-major Axis [m]: -1.000000 
(LXUVTot) Total XUV Luminosity [LSUN]: 2.712958e-05 
(LostEnergy) Body's Total Lost Energy [kg*m^2/sec^2]: 5.562685e-309 
(LostAngMom) Lost Angular Momentum due to Magnetic Braking [kg*m^2/sec]: 5.562685e-309 
(EscapeVelocity) Escape Velocity [m/sec]: 3.170276e+05 
----- STELLAR PARAMETERS (star)------
(Luminosity) Luminosity [LSUN]: 0.050648 
(LXUVStellar) Base X-ray/XUV Luminosity [LSUN]: 2.632460e-05 
(Temperature) Effective Temperature [K]: 3202.811851 
(LXUVFrac) Fraction of luminosity in XUV []: 0.000520 
(RossbyNumber) Rossby Number []: 0.016411 
(DRotPerDtStellar) Time Rate of Change of Rotation Period in STELLAR []: -1.352532e-10 
(WindTorque) Stellar Wind Torque []: 4.609545e+27 
----- FLARE PARAMETERS (star)------
(LXUVFlare) XUV Luminosity from flares [LSUN]: 8.049708e-07 
(FlareFreq1) First value of flare frequency range [/sec]: 3.270332e-05 
(FlareFreq2) Second value of flare frequency range [/sec]: 2.831088e-05 
(FlareFreq3) Third value of flare frequency range [/sec]: 2.450839e-05 
(FlareFreq4) Fourth value of flare frequency range [/sec]: 2.121663e-05 
(FlareFreqMin) Frequency of the flares with the lowest energy [/sec]: 3.270332e-05 
(FlareFreqMid) Frequency of the flares with the middle energy in the energy range [/sec]: 7.730488e-06 
(FlareFreqMax) Frequency of the flares with the highest energy [/sec]: 1.827351e-06 
(FlareEnergy1) First value of flare energy range [kg*m^2/sec^2]: 5.334000e+23 
(FlareEnergy2) Second value of flare energy range [kg*m^2/sec^2]: 6.715108e+23 
(FlareEnergy3) Third value of flare energy range [kg*m^2/sec^2]: 8.453820e+23 
(FlareEnergy4) Fourth value of flare energy range [kg*m^2/sec^2]: 1.064273e+24 
(FlareEnergyMin) Minimum flare energy [kg*m^2/sec^2]: 5.334000e+23 
(FlareEnergyMid) Middle flare energy in the range of energy values [kg*m^2/sec^2]: 5.334000e+24 
(FlareEnergyMax) Maximum flare energy [kg*m^2/sec^2]: 5.334000e+25 
(FlareYIntOUT) Instantaneous Davenport FFD y-intercept at current age and mass []: 19.698069 
(FlareSlopeOUT) Instantaneous Davenport FFD slope at current age and mass []: -0.626385 

Output Order: Time[year] Luminosity[LSUN] LXUVStellar[LSUN] LXUVFlare[LSUN] LXUVTot[LSUN]
Grid Output Order:

----- BODY: b ----
Active Modules: AtmEsc
Module Bit Sum: 9
Color: 000000
(Mass) Mass [kg]: 9.803188e+24 
(Radius) Radius [m]: 7.350594e+06 
(RadGyra) Radius of Gyration/Moment of Inertia Constant []: 0.500000 
(BodyType) Type of Body (0 == planet) []: 0.000000 
(Density) Average Density [kg/m^3]: 5892.660569 
(HZLimitDryRunaway) Semi-major axis of Dry Runaway HZ Limit [m]: 3.055944e+10 
(HZLimRecVenus) Recent Venus HZ Limit [m]: 2.738026e+10 
(HZLimRunaway) Runaway Greenhouse HZ Limit [m]: 3.610819e+10 
(HZLimMoistGreenhouse) Moist Greenhouse HZ Limit [m]: 3.622858e+10 
(HZLimMaxGreenhouse) Maximum Greenhouse HZ Limit [m]: 6.887267e+10 
(HZLimEarlyMars) Early Mars HZ Limit [m]: 7.511307e+10 
(Instellation) Orbit-averaged INcident STELLar radiATION [kg/sec^3]: 2.830823e+05 
(MeanMotion) Orbital Mean Motion [/sec]: 4.464448e-05 
(OrbPeriod) Orbital Period [sec]: 1.407382e+05 
(SemiMajorAxis) Semi-major Axis [m]: 2.340095e+09 
(LXUVTot) Total XUV Luminosity [kg/sec^3]: -1.000000 
(EscapeVelocity) Escape Velocity [m/sec]: 1.334258e+04 
----- ATMESC PARAMETERS (b)------
(SurfWaterMass) Surface water mass [kg]: 0.000000 
(EnvelopeMass) Envelope mass [kg]: 0.000000 
(OxygenMass) Oxygen mass in the atmosphere [kg]: 0.000000 
(RGLimit) Runaway greenhouse semi-major axis [m]: 3.461641e+10 
(XO) Atomic oxygen mixing ratio in upper atmosphere []: 0.000000 
(EtaO) Oxygen eta parameter (Luger and Barnes 2015) []: 0.000000 
(PlanetRadius) Planet radius [m]: 7.350594e+06 
(OxygenMantleMass) Mass of oxygen in mantle [kg]: 0.000000 
(RadXUV) XUV radius separating hydro. dyn. escape and equilibrium [m]: -1.000000 
(RadSolid) Radius to the solid surface [m]: -1.000000 
(PresXUV) Pressure at base of thermosphere [(null)]: 5.000000 
(ScaleHeight) Scale height in Lehmer & Catling (2016) model [m]: -1.000000 
(ThermTemp) Isothermal atmospheric temperature [K]: 400.000000 
(AtmGasConst) Atmospheric gas constant [(null)]: 4124.000000 
(PresSurf) Surface pressure due to atmosphere [Pa]: -1.000000 
(DEnvMassDt) Envelope Mass Loss Rate [kg/s]: 0.000000 
(FXUV) XUV flux [W/m^2]: 151.633292 
(AtmXAbsEffH2O) XUV atmospheric escape efficiency for H2O []: 0.300000 
(RocheRadius) Roche Lobe Radius [m]: 4.783092e+07 
(BondiRadius) Bondi Radius [m]: 3.312908e+08 
(HEscapeRegime) Integer flag for H envelope escape regime []: 8.000000 
(RRCriticalFlux) Critical XUV Flux that separates RR and energy-limited escape [W/m^2]: 56.241318 
(CrossoverMass) Crossover mass, defines oxygen is escaping if mc > mo [kg]: 0.000000 
(WaterEscapeRegime) What water escape regime the code is currently in []: 8.000000 
(FXUVCRITDRAG) Critical Drag XUV flux [W/m^2]: 0.468862 
(HREFFLUX) The Hydrogen Reference Flux (m^-2 s^-1) [m^-2 s^-1]: 9.975530e+19 
(XO2) Molecular oxygen mixing ratio in atmosphere []: 0.000000 
(XH2O) Water mixing ratio in upper atmosphere []: 0.000000 
(HDiffFlux) The Hydrogen Diffusion Flux (m^-2 s^-1) [m^-2 s^-1]: 2.344824e+17 
(HRefODragMod) Multiply by H ref flux to get flux with drag []: 1.000000 
(KTide) Mass loss enhancement due to stellar gravity []: 0.771297 
(CumulativeXUVFlux) Cumulative XUV flux [W/m^2]: 0.000000 
(RunawayGreenhouseFlux) Incident flux that triggers runaway greenhouse [kg/sec^3]: 1293.532632 
(RGDuration) Runaway Greenhouse Duration [years]: 0.00000e+00

Output Order: Time[year] CumulativeXUVFlux[W/m^2]
Grid Output Order:



---- FINAL SYSTEM PROPERTIES ----
(Age) System Age [sec]: 1.885533e+17 
(Time) Simulation Time [sec]: 1.883895e+17 
(TotAngMom) Total Angular Momentum [kg*m^2/sec]: 1.500254e+42 
(TotEnergy) Total System Energy [kg*m^2/sec^2]: -1.146466e+40 
(PotEnergy) Body's non-orbital Potential Energy [kg*m^2/sec^2]: -4.066192e+40 
(KinEnergy) Body's non-orbital Kinetic Energy [kg*m^2/sec^2]: 7.323979e+32 
(DeltaTime) Average Timestep Over Last Output Interval [sec]: 3.506400e+12 

----- BODY: star ----
Active Modules: FLARE STELLAR
Module Bit Sum: 577
Color: 000000
(Mass) Mass [kg]: 3.826664e+29 
(Radius) Radius [m]: 1.442144e+08 
(RadGyra) Radius of Gyration/Moment of Inertia Constant []: 0.460528 
(RotAngMom) Rotational Angular Momentum [kg*m^2/sec]: 1.572400e+39 
(RotVel) Rotational Velocity [m/sec]: 134.345373 
(BodyType) Type of Body (0 == planet) []: 0.000000 
(RotRate) Rotational Frequency [/sec]: 9.315672e-07 
(RotPer) Rotational Period [sec]: 6.744747e+06 
(Density) Average Density [kg/m^3]: 3.045834e+04 
(HZLimitDryRunaway) Semi-major axis of Dry Runaway HZ Limit [m]: 8.895902e+09 
(HZLimRecVenus) Recent Venus HZ Limit [m]: 7.965139e+09 
(HZLimRunaway) Runaway Greenhouse HZ Limit [m]: 1.050761e+10 
(HZLimMoistGreenhouse) Moist Greenhouse HZ Limit [m]: 1.053919e+10 
(HZLimMaxGreenhouse) Maximum Greenhouse HZ Limit [m]: 2.000765e+10 
(HZLimEarlyMars) Early Mars HZ Limit [m]: 2.182055e+10 
(Instellation) Orbit-averaged INcident STELLar radiATION [kg/sec^3]: -1.000000 
(CriticalSemiMajorAxis) Holman & Wiegert (1999) P-type Critical Semi-major Axis [m]: -1.000000 
(LXUVTot) Total XUV Luminosity [LSUN]: 6.535938e-07 
(LostEnergy) Body's Total Lost Energy [kg*m^2/sec^2]: 2.919731e+40 
(LostAngMom) Lost Angular Momentum due to Magnetic Braking [kg*m^2/sec]: 1.496285e+42 
(EscapeVelocity) Escape Velocity [m/sec]: 5.951455e+05 
----- STELLAR PARAMETERS (star)------
(Luminosity) Luminosity [LSUN]: 0.004292 
(LXUVStellar) Base X-ray/XUV Luminosity [LSUN]: 2.637238e-07 
(Temperature) Effective Temperature [K]: 3239.452884 
(LXUVFrac) Fraction of luminosity in XUV []: 6.144134e-05 
(RossbyNumber) Rossby Number []: 1.305360 
(DRotPerDtStellar) Time Rate of Change of Rotation Period in STELLAR []: 2.080695e-11 
(WindTorque) Stellar Wind Torque []: 4.899668e+21 
----- FLARE PARAMETERS (star)------
(LXUVFlare) XUV Luminosity from flares [LSUN]: 3.898693e-07 
(FlareFreq1) First value of flare frequency range [/sec]: 8.304785e-05 
(FlareFreq2) Second value of flare frequency range [/sec]: 6.478128e-05 
(FlareFreq3) Third value of flare frequency range [/sec]: 5.053248e-05 
(FlareFreq4) Fourth value of flare frequency range [/sec]: 3.941774e-05 
(FlareFreqMin) Frequency of the flares with the lowest energy [/sec]: 8.304785e-05 
(FlareFreqMid) Frequency of the flares with the middle energy in the energy range [/sec]: 6.926907e-06 
(FlareFreqMax) Frequency of the flares with the highest energy [/sec]: 5.777638e-07 
(FlareEnergy1) First value of flare energy range [kg*m^2/sec^2]: 5.334000e+23 
(FlareEnergy2) Second value of flare energy range [kg*m^2/sec^2]: 6.715108e+23 
(FlareEnergy3) Third value of flare energy range [kg*m^2/sec^2]: 8.453820e+23 
(FlareEnergy4) Fourth value of flare energy range [kg*m^2/sec^2]: 1.064273e+24 
(FlareEnergyMin) Minimum flare energy [kg*m^2/sec^2]: 5.334000e+23 
(FlareEnergyMid) Middle flare energy in the range of energy values [kg*m^2/sec^2]: 5.334000e+24 
(FlareEnergyMax) Maximum flare energy [kg*m^2/sec^2]: 5.334000e+25 
(FlareYIntOUT) Instantaneous Davenport FFD y-intercept at current age and mass []: 34.003851 
(FlareSlopeOUT) Instantaneous Davenport FFD slope at current age and mass []: -1.078789 

Output Order: Time[year] Luminosity[LSUN] LXUVStellar[LSUN] LXUVFlare[LSUN] LXUVTot[LSUN]
Grid Output Order:

----- BODY: b ----
Active Modules: AtmEsc
Module Bit Sum: 9
Color: 000000
(Mass) Mass [kg]: 9.803188e+24 
(Radius) Radius [m]: 7.350594e+06 
(RadGyra) Radius of Gyration/Moment of Inertia Constant []: 0.500000 
(BodyType) Type of Body (0 == planet) []: 0.000000 
(Density) Average Density [kg/m^3]: 5892.660569 
(HZLimitDryRunaway) Semi-major axis of Dry Runaway HZ Limit [m]: 8.896293e+09 
(HZLimRecVenus) Recent Venus HZ Limit [m]: 7.965139e+09 
(HZLimRunaway) Runaway Greenhouse HZ Limit [m]: 1.050761e+10 
(HZLimMoistGreenhouse) Moist Greenhouse HZ Limit [m]: 1.053919e+10 
(HZLimMaxGreenhouse) Maximum Greenhouse HZ Limit [m]: 2.000765e+10 
(HZLimEarlyMars) Early Mars HZ Limit [m]: 2.182055e+10 
(Instellation) Orbit-averaged INcident STELLar radiATION [kg/sec^3]: 2.399055e+04 
(MeanMotion) Orbital Mean Motion [/sec]: 4.464448e-05 
(OrbPeriod) Orbital Period [sec]: 1.407382e+05 
(SemiMajorAxis) Semi-major Axis [m]: 2.340095e+09 
(LXUVTot) Total XUV Luminosity [kg/sec^3]: -1.000000 
(EscapeVelocity) Escape Velocity [m/sec]: 1.334258e+04 
----- ATMESC PARAMETERS (b)------
(SurfWaterMass) Surface water mass [kg]: 0.000000 
(EnvelopeMass) Envelope mass [kg]: 0.000000 
(OxygenMass) Oxygen mass in the atmosphere [kg]: 0.000000 
(RGLimit) Runaway greenhouse semi-major axis [m]: 1.007364e+10 
(XO) Atomic oxygen mixing ratio in upper atmosphere []: 0.000000 
(EtaO) Oxygen eta parameter (Luger and Barnes 2015) []: 0.000000 
(PlanetRadius) Planet radius [m]: 7.350594e+06 
(OxygenMantleMass) Mass of oxygen in mantle [kg]: 0.000000 
(RadXUV) XUV radius separating hydro. dyn. escape and equilibrium [m]: -1.000000 
(RadSolid) Radius to the solid surface [m]: -1.000000 
(PresXUV) Pressure at base of thermosphere [(null)]: 5.000000 
(ScaleHeight) Scale height in Lehmer & Catling (2016) model [m]: -1.000000 
(ThermTemp) Isothermal atmospheric temperature [K]: 400.000000 
(AtmGasConst) Atmospheric gas constant [(null)]: 4124.000000 
(PresSurf) Surface pressure due to atmosphere [Pa]: -1.000000 
(DEnvMassDt) Envelope Mass Loss Rate [kg/s]: 0.000000 
(FXUV) XUV flux [W/m^2]: 3.653082 
(AtmXAbsEffH2O) XUV atmospheric escape efficiency for H2O []: 0.300000 
(RocheRadius) Roche Lobe Radius [m]: 4.783092e+07 
(BondiRadius) Bondi Radius [m]: 6.148867e+08 
(HEscapeRegime) Integer flag for H envelope escape regime []: 8.000000 
(RRCriticalFlux) Critical XUV Flux that separates RR and energy-limited escape [W/m^2]: 56.241318 
(CrossoverMass) Crossover mass, defines oxygen is escaping if mc > mo [kg]: 0.000000 
(WaterEscapeRegime) What water escape regime the code is currently in []: 8.000000 
(FXUVCRITDRAG) Critical Drag XUV flux [W/m^2]: 0.468862 
(HREFFLUX) The Hydrogen Reference Flux (m^-2 s^-1) [m^-2 s^-1]: 2.403261e+18 
(XO2) Molecular oxygen mixing ratio in atmosphere []: 0.000000 
(XH2O) Water mixing ratio in upper atmosphere []: 0.000000 
(HDiffFlux) The Hydrogen Diffusion Flux (m^-2 s^-1) [m^-2 s^-1]: 2.344824e+17 
(HRefODragMod) Multiply by H ref flux to get flux with drag []: 1.000000 
(KTide) Mass loss enhancement due to stellar gravity []: 0.771297 
(CumulativeXUVFlux) Cumulative XUV flux [W/m^2]: 1.557855e+18 
(RunawayGreenhouseFlux) Incident flux that triggers runaway greenhouse [kg/sec^3]: 1294.482391 
(RGDuration) Runaway Greenhouse Duration [years]: 0.00000e+00

Output Order: Time[year] CumulativeXUVFlux[W/m^2]
Grid Output Order:
